[2026-03-29T00:56:12.530+0000] {taskinstance.py:1956} INFO - Dependencies all met for dep_context=non-requeueable deps ti=<TaskInstance: talend_dwh_pipeline.run_talend_pipeline scheduled__2026-03-28T00:00:00+00:00 [queued]>
[2026-03-29T00:56:12.540+0000] {taskinstance.py:1956} INFO - Dependencies all met for dep_context=requeueable deps ti=<TaskInstance: talend_dwh_pipeline.run_talend_pipeline scheduled__2026-03-28T00:00:00+00:00 [queued]>
[2026-03-29T00:56:12.540+0000] {taskinstance.py:2170} INFO - Starting attempt 1 of 1
[2026-03-29T00:56:12.554+0000] {taskinstance.py:2191} INFO - Executing <Task(PythonOperator): run_talend_pipeline> on 2026-03-28 00:00:00+00:00
[2026-03-29T00:56:12.565+0000] {standard_task_runner.py:60} INFO - Started process 154 to run task
[2026-03-29T00:56:12.570+0000] {standard_task_runner.py:87} INFO - Running: ['***', 'tasks', 'run', 'talend_dwh_pipeline', 'run_talend_pipeline', 'scheduled__2026-03-28T00:00:00+00:00', '--job-id', '15', '--raw', '--subdir', 'DAGS_FOLDER/talend_final.py', '--cfg-path', '/tmp/tmp6j_oo2x_']
[2026-03-29T00:56:12.573+0000] {standard_task_runner.py:88} INFO - Job 15: Subtask run_talend_pipeline
[2026-03-29T00:56:12.659+0000] {task_command.py:423} INFO - Running <TaskInstance: talend_dwh_pipeline.run_talend_pipeline scheduled__2026-03-28T00:00:00+00:00 [running]> on host ef9935688145
[2026-03-29T00:56:12.754+0000] {taskinstance.py:2480} INFO - Exporting env vars: AIRFLOW_CTX_DAG_OWNER='***' AIRFLOW_CTX_DAG_ID='talend_dwh_pipeline' AIRFLOW_CTX_TASK_ID='run_talend_pipeline' AIRFLOW_CTX_EXECUTION_DATE='2026-03-28T00:00:00+00:00' AIRFLOW_CTX_TRY_NUMBER='1' AIRFLOW_CTX_DAG_RUN_ID='scheduled__2026-03-28T00:00:00+00:00'
[2026-03-29T00:56:12.766+0000] {taskinstance.py:2698} ERROR - Task failed with exception
Traceback (most recent call last):
  File "/home/airflow/.local/lib/python3.8/site-packages/urllib3/connection.py", line 174, in _new_conn
    conn = connection.create_connection(
  File "/home/airflow/.local/lib/python3.8/site-packages/urllib3/util/connection.py", line 95, in create_connection
    raise err
  File "/home/airflow/.local/lib/python3.8/site-packages/urllib3/util/connection.py", line 85, in create_connection
    sock.connect(sa)
ConnectionRefusedError: [Errno 111] Connection refused

During handling of the above exception, another exception occurred:

Traceback (most recent call last):
  File "/home/airflow/.local/lib/python3.8/site-packages/urllib3/connectionpool.py", line 715, in urlopen
    httplib_response = self._make_request(
  File "/home/airflow/.local/lib/python3.8/site-packages/urllib3/connectionpool.py", line 416, in _make_request
    conn.request(method, url, **httplib_request_kw)
  File "/home/airflow/.local/lib/python3.8/site-packages/urllib3/connection.py", line 244, in request
    super(HTTPConnection, self).request(method, url, body=body, headers=headers)
  File "/usr/local/lib/python3.8/http/client.py", line 1256, in request
    self._send_request(method, url, body, headers, encode_chunked)
  File "/usr/local/lib/python3.8/http/client.py", line 1302, in _send_request
    self.endheaders(body, encode_chunked=encode_chunked)
  File "/usr/local/lib/python3.8/http/client.py", line 1251, in endheaders
    self._send_output(message_body, encode_chunked=encode_chunked)
  File "/usr/local/lib/python3.8/http/client.py", line 1011, in _send_output
    self.send(msg)
  File "/usr/local/lib/python3.8/http/client.py", line 951, in send
    self.connect()
  File "/home/airflow/.local/lib/python3.8/site-packages/urllib3/connection.py", line 205, in connect
    conn = self._new_conn()
  File "/home/airflow/.local/lib/python3.8/site-packages/urllib3/connection.py", line 186, in _new_conn
    raise NewConnectionError(
urllib3.exceptions.NewConnectionError: <urllib3.connection.HTTPConnection object at 0x7bf8bb784370>: Failed to establish a new connection: [Errno 111] Connection refused

During handling of the above exception, another exception occurred:

Traceback (most recent call last):
  File "/home/airflow/.local/lib/python3.8/site-packages/requests/adapters.py", line 486, in send
    resp = conn.urlopen(
  File "/home/airflow/.local/lib/python3.8/site-packages/urllib3/connectionpool.py", line 799, in urlopen
    retries = retries.increment(
  File "/home/airflow/.local/lib/python3.8/site-packages/urllib3/util/retry.py", line 592, in increment
    raise MaxRetryError(_pool, url, error or ResponseError(cause))
urllib3.exceptions.MaxRetryError: HTTPConnectionPool(host='host.docker.internal', port=5000): Max retries exceeded with url: /run-talend (Caused by NewConnectionError('<urllib3.connection.HTTPConnection object at 0x7bf8bb784370>: Failed to establish a new connection: [Errno 111] Connection refused'))

During handling of the above exception, another exception occurred:

Traceback (most recent call last):
  File "/home/airflow/.local/lib/python3.8/site-packages/airflow/models/taskinstance.py", line 433, in _execute_task
    result = execute_callable(context=context, **execute_callable_kwargs)
  File "/home/airflow/.local/lib/python3.8/site-packages/airflow/operators/python.py", line 199, in execute
    return_value = self.execute_callable()
  File "/home/airflow/.local/lib/python3.8/site-packages/airflow/operators/python.py", line 216, in execute_callable
    return self.python_callable(*self.op_args, **self.op_kwargs)
  File "/opt/airflow/dags/talend_final.py", line 7, in run_talend_pipeline
    response = requests.get("http://host.docker.internal:5000/run-talend")
  File "/home/airflow/.local/lib/python3.8/site-packages/requests/api.py", line 73, in get
    return request("get", url, params=params, **kwargs)
  File "/home/airflow/.local/lib/python3.8/site-packages/requests/api.py", line 59, in request
    return session.request(method=method, url=url, **kwargs)
  File "/home/airflow/.local/lib/python3.8/site-packages/requests/sessions.py", line 589, in request
    resp = self.send(prep, **send_kwargs)
  File "/home/airflow/.local/lib/python3.8/site-packages/requests/sessions.py", line 703, in send
    r = adapter.send(request, **kwargs)
  File "/home/airflow/.local/lib/python3.8/site-packages/requests/adapters.py", line 519, in send
    raise ConnectionError(e, request=request)
requests.exceptions.ConnectionError: HTTPConnectionPool(host='host.docker.internal', port=5000): Max retries exceeded with url: /run-talend (Caused by NewConnectionError('<urllib3.connection.HTTPConnection object at 0x7bf8bb784370>: Failed to establish a new connection: [Errno 111] Connection refused'))
[2026-03-29T00:56:12.779+0000] {taskinstance.py:1138} INFO - Marking task as FAILED. dag_id=talend_dwh_pipeline, task_id=run_talend_pipeline, execution_date=20260328T000000, start_date=20260329T005612, end_date=20260329T005612
[2026-03-29T00:56:12.796+0000] {standard_task_runner.py:107} ERROR - Failed to execute job 15 for task run_talend_pipeline (HTTPConnectionPool(host='host.docker.internal', port=5000): Max retries exceeded with url: /run-talend (Caused by NewConnectionError('<urllib3.connection.HTTPConnection object at 0x7bf8bb784370>: Failed to establish a new connection: [Errno 111] Connection refused')); 154)
[2026-03-29T00:56:12.822+0000] {local_task_job_runner.py:234} INFO - Task exited with return code 1
[2026-03-29T00:56:12.844+0000] {taskinstance.py:3280} INFO - 0 downstream tasks scheduled from follow-on schedule check
