[2026-04-21T19:33:38.652+0000] {taskinstance.py:1956} INFO - Dependencies all met for dep_context=non-requeueable deps ti=<TaskInstance: talend_dwh_pipeline.run_master_dwh scheduled__2026-04-18T00:00:00+00:00 [queued]>
[2026-04-21T19:33:38.663+0000] {taskinstance.py:1956} INFO - Dependencies all met for dep_context=requeueable deps ti=<TaskInstance: talend_dwh_pipeline.run_master_dwh scheduled__2026-04-18T00:00:00+00:00 [queued]>
[2026-04-21T19:33:38.664+0000] {taskinstance.py:2170} INFO - Starting attempt 1 of 2
[2026-04-21T19:33:38.677+0000] {taskinstance.py:2191} INFO - Executing <Task(BashOperator): run_master_dwh> on 2026-04-18 00:00:00+00:00
[2026-04-21T19:33:38.686+0000] {standard_task_runner.py:60} INFO - Started process 77 to run task
[2026-04-21T19:33:38.691+0000] {standard_task_runner.py:87} INFO - Running: ['***', 'tasks', 'run', 'talend_dwh_pipeline', 'run_master_dwh', 'scheduled__2026-04-18T00:00:00+00:00', '--job-id', '274', '--raw', '--subdir', 'DAGS_FOLDER/talend_dwh_pipeline.py', '--cfg-path', '/tmp/tmpw9cmr3rx']
[2026-04-21T19:33:38.696+0000] {standard_task_runner.py:88} INFO - Job 274: Subtask run_master_dwh
[2026-04-21T19:33:38.783+0000] {task_command.py:423} INFO - Running <TaskInstance: talend_dwh_pipeline.run_master_dwh scheduled__2026-04-18T00:00:00+00:00 [running]> on host aae99a7b755a
[2026-04-21T19:33:38.889+0000] {taskinstance.py:2480} INFO - Exporting env vars: AIRFLOW_CTX_DAG_EMAIL='chouchenemariem505@gmail.com' AIRFLOW_CTX_DAG_OWNER='***' AIRFLOW_CTX_DAG_ID='talend_dwh_pipeline' AIRFLOW_CTX_TASK_ID='run_master_dwh' AIRFLOW_CTX_EXECUTION_DATE='2026-04-18T00:00:00+00:00' AIRFLOW_CTX_TRY_NUMBER='1' AIRFLOW_CTX_DAG_RUN_ID='scheduled__2026-04-18T00:00:00+00:00'
[2026-04-21T19:33:38.892+0000] {subprocess.py:63} INFO - Tmp dir root location: /tmp
[2026-04-21T19:33:38.894+0000] {subprocess.py:75} INFO - Running command: ['/usr/bin/bash', '-c', 'bash /opt/***/talend_jobs/MASTER_DWH/MASTER_DWH_run.sh --context_param dbHost=host.docker.internal --context_param dbPort=1433 --context_param dbName=event_DWH --context_param dbUser=bi --context_param dbPassword=bi --context_param dbSchema=dbo ']
[2026-04-21T19:33:38.909+0000] {subprocess.py:86} INFO - Output:
[2026-04-21T19:36:04.185+0000] {subprocess.py:93} INFO - L'instruction INSERT est en conflit avec la contrainte FOREIGN KEY "FK__FACT_VENT__id_be__68487DD7". Le conflit s'est produit dans la base de données "event_DWH", table "dbo.Dim_Beneficiary", column 'id_beneficiary'.
[2026-04-21T19:36:06.063+0000] {subprocess.py:93} INFO - L'instruction INSERT est en conflit avec la contrainte FOREIGN KEY "FK__FACT_VENT__id_be__68487DD7". Le conflit s'est produit dans la base de données "event_DWH", table "dbo.Dim_Beneficiary", column 'id_beneficiary'.
[2026-04-21T19:36:07.099+0000] {subprocess.py:93} INFO - L'instruction INSERT est en conflit avec la contrainte FOREIGN KEY "FK__FACT_VENT__id_be__68487DD7". Le conflit s'est produit dans la base de données "event_DWH", table "dbo.Dim_Beneficiary", column 'id_beneficiary'.
[2026-04-21T19:36:07.199+0000] {subprocess.py:93} INFO - L'instruction INSERT est en conflit avec la contrainte FOREIGN KEY "FK__FACT_VENT__id_be__68487DD7". Le conflit s'est produit dans la base de données "event_DWH", table "dbo.Dim_Beneficiary", column 'id_beneficiary'.
[2026-04-21T19:36:07.206+0000] {subprocess.py:93} INFO - L'instruction INSERT est en conflit avec la contrainte FOREIGN KEY "FK__FACT_VENT__id_be__68487DD7". Le conflit s'est produit dans la base de données "event_DWH", table "dbo.Dim_Beneficiary", column 'id_beneficiary'.
[2026-04-21T19:36:08.876+0000] {subprocess.py:93} INFO - L'instruction INSERT est en conflit avec la contrainte FOREIGN KEY "FK__FACT_VENT__id_be__68487DD7". Le conflit s'est produit dans la base de données "event_DWH", table "dbo.Dim_Beneficiary", column 'id_beneficiary'.
[2026-04-21T19:36:09.290+0000] {subprocess.py:93} INFO - L'instruction INSERT est en conflit avec la contrainte FOREIGN KEY "FK__FACT_VENT__id_be__68487DD7". Le conflit s'est produit dans la base de données "event_DWH", table "dbo.Dim_Beneficiary", column 'id_beneficiary'.
[2026-04-21T19:36:09.390+0000] {subprocess.py:93} INFO - L'instruction INSERT est en conflit avec la contrainte FOREIGN KEY "FK__FACT_VENT__id_be__68487DD7". Le conflit s'est produit dans la base de données "event_DWH", table "dbo.Dim_Beneficiary", column 'id_beneficiary'.
[2026-04-21T19:36:09.776+0000] {subprocess.py:93} INFO - L'instruction INSERT est en conflit avec la contrainte FOREIGN KEY "FK__FACT_VENT__id_be__68487DD7". Le conflit s'est produit dans la base de données "event_DWH", table "dbo.Dim_Beneficiary", column 'id_beneficiary'.
[2026-04-21T19:36:09.835+0000] {subprocess.py:93} INFO - L'instruction INSERT est en conflit avec la contrainte FOREIGN KEY "FK__FACT_VENT__id_be__68487DD7". Le conflit s'est produit dans la base de données "event_DWH", table "dbo.Dim_Beneficiary", column 'id_beneficiary'.
[2026-04-21T19:36:09.997+0000] {subprocess.py:93} INFO - L'instruction INSERT est en conflit avec la contrainte FOREIGN KEY "FK__FACT_VENT__id_be__68487DD7". Le conflit s'est produit dans la base de données "event_DWH", table "dbo.Dim_Beneficiary", column 'id_beneficiary'.
[2026-04-21T19:36:10.878+0000] {subprocess.py:93} INFO - L'instruction INSERT est en conflit avec la contrainte FOREIGN KEY "FK__FACT_VENT__id_be__68487DD7". Le conflit s'est produit dans la base de données "event_DWH", table "dbo.Dim_Beneficiary", column 'id_beneficiary'.
[2026-04-21T19:36:11.426+0000] {subprocess.py:93} INFO - L'instruction INSERT est en conflit avec la contrainte FOREIGN KEY "FK__FACT_VENT__id_be__68487DD7". Le conflit s'est produit dans la base de données "event_DWH", table "dbo.Dim_Beneficiary", column 'id_beneficiary'.
[2026-04-21T19:36:13.796+0000] {subprocess.py:93} INFO - L'instruction INSERT est en conflit avec la contrainte FOREIGN KEY "FK__FACT_VENT__id_be__68487DD7". Le conflit s'est produit dans la base de données "event_DWH", table "dbo.Dim_Beneficiary", column 'id_beneficiary'.
[2026-04-21T19:36:14.339+0000] {subprocess.py:93} INFO - L'instruction INSERT est en conflit avec la contrainte FOREIGN KEY "FK__FACT_VENT__id_be__68487DD7". Le conflit s'est produit dans la base de données "event_DWH", table "dbo.Dim_Beneficiary", column 'id_beneficiary'.
[2026-04-21T19:36:14.417+0000] {subprocess.py:93} INFO - L'instruction INSERT est en conflit avec la contrainte FOREIGN KEY "FK__FACT_VENT__id_be__68487DD7". Le conflit s'est produit dans la base de données "event_DWH", table "dbo.Dim_Beneficiary", column 'id_beneficiary'.
[2026-04-21T19:36:15.305+0000] {subprocess.py:93} INFO - L'instruction INSERT est en conflit avec la contrainte FOREIGN KEY "FK__FACT_VENT__id_be__68487DD7". Le conflit s'est produit dans la base de données "event_DWH", table "dbo.Dim_Beneficiary", column 'id_beneficiary'.
[2026-04-21T19:36:15.611+0000] {subprocess.py:93} INFO - L'instruction INSERT est en conflit avec la contrainte FOREIGN KEY "FK__FACT_VENT__id_be__68487DD7". Le conflit s'est produit dans la base de données "event_DWH", table "dbo.Dim_Beneficiary", column 'id_beneficiary'.
[2026-04-21T19:36:16.044+0000] {subprocess.py:93} INFO - L'instruction INSERT est en conflit avec la contrainte FOREIGN KEY "FK__FACT_VENT__id_be__68487DD7". Le conflit s'est produit dans la base de données "event_DWH", table "dbo.Dim_Beneficiary", column 'id_beneficiary'.
[2026-04-21T19:36:16.707+0000] {subprocess.py:97} INFO - Command exited with return code 0
[2026-04-21T19:36:16.744+0000] {taskinstance.py:1138} INFO - Marking task as SUCCESS. dag_id=talend_dwh_pipeline, task_id=run_master_dwh, execution_date=20260418T000000, start_date=20260421T193338, end_date=20260421T193616
[2026-04-21T19:36:16.807+0000] {local_task_job_runner.py:234} INFO - Task exited with return code 0
[2026-04-21T19:36:16.844+0000] {taskinstance.py:3280} INFO - 1 downstream tasks scheduled from follow-on schedule check
