[2026-03-30T08:20:24.167+0000] {taskinstance.py:1956} INFO - Dependencies all met for dep_context=non-requeueable deps ti=<TaskInstance: talend_dwh_pipeline.run_master_dwh manual__2026-03-30T08:20:20.699059+00:00 [queued]>
[2026-03-30T08:20:24.190+0000] {taskinstance.py:1956} INFO - Dependencies all met for dep_context=requeueable deps ti=<TaskInstance: talend_dwh_pipeline.run_master_dwh manual__2026-03-30T08:20:20.699059+00:00 [queued]>
[2026-03-30T08:20:24.191+0000] {taskinstance.py:2170} INFO - Starting attempt 1 of 2
[2026-03-30T08:20:24.216+0000] {taskinstance.py:2191} INFO - Executing <Task(BashOperator): run_master_dwh> on 2026-03-30 08:20:20.699059+00:00
[2026-03-30T08:20:24.226+0000] {standard_task_runner.py:60} INFO - Started process 121 to run task
[2026-03-30T08:20:24.231+0000] {standard_task_runner.py:87} INFO - Running: ['***', 'tasks', 'run', 'talend_dwh_pipeline', 'run_master_dwh', 'manual__2026-03-30T08:20:20.699059+00:00', '--job-id', '159', '--raw', '--subdir', 'DAGS_FOLDER/talend_dwh_pipeline.py', '--cfg-path', '/tmp/tmptp1icid7']
[2026-03-30T08:20:24.234+0000] {standard_task_runner.py:88} INFO - Job 159: Subtask run_master_dwh
[2026-03-30T08:20:24.340+0000] {task_command.py:423} INFO - Running <TaskInstance: talend_dwh_pipeline.run_master_dwh manual__2026-03-30T08:20:20.699059+00:00 [running]> on host 142b9c7316ab
[2026-03-30T08:20:24.478+0000] {taskinstance.py:2480} INFO - Exporting env vars: AIRFLOW_CTX_DAG_EMAIL='chouchenemariem505@gmail.com' AIRFLOW_CTX_DAG_OWNER='***' AIRFLOW_CTX_DAG_ID='talend_dwh_pipeline' AIRFLOW_CTX_TASK_ID='run_master_dwh' AIRFLOW_CTX_EXECUTION_DATE='2026-03-30T08:20:20.699059+00:00' AIRFLOW_CTX_TRY_NUMBER='1' AIRFLOW_CTX_DAG_RUN_ID='manual__2026-03-30T08:20:20.699059+00:00'
[2026-03-30T08:20:24.485+0000] {subprocess.py:63} INFO - Tmp dir root location: /tmp
[2026-03-30T08:20:24.488+0000] {subprocess.py:75} INFO - Running command: ['/usr/bin/bash', '-c', 'bash /opt/***/talend_jobs/MASTER_DWH/MASTER_DWH_run.sh --context_param dbHost=host.docker.internal --context_param dbPort=1433 --context_param dbName=event_DWH --context_param dbUser=bi --context_param dbPassword=bi --context_param dbSchema=dbo ']
[2026-03-30T08:20:24.514+0000] {subprocess.py:86} INFO - Output:
[2026-03-30T08:20:33.226+0000] {subprocess.py:93} INFO - Exception in component tDBOutput_1 (date_dwh)
[2026-03-30T08:20:33.228+0000] {subprocess.py:93} INFO - com.microsoft.sqlserver.jdbc.SQLServerException: The TCP/IP connection to the host localhost, port 1433 has failed. Error: "Connection refused. Verify the connection properties. Make sure that an instance of SQL Server is running on the host and accepting TCP/IP connections at the port. Make sure that TCP connections to the port are not blocked by a firewall.".
[2026-03-30T08:20:33.229+0000] {subprocess.py:93} INFO - 	at com.microsoft.sqlserver.jdbc.SQLServerException.makeFromDriverError(SQLServerException.java:250)
[2026-03-30T08:20:33.230+0000] {subprocess.py:93} INFO - 	at com.microsoft.sqlserver.jdbc.SQLServerException.convertConnectExceptionToSQLServerException(SQLServerException.java:316)
[2026-03-30T08:20:33.231+0000] {subprocess.py:93} INFO - 	at com.microsoft.sqlserver.jdbc.SocketFinder.findSocket(IOBuffer.java:2611)
[2026-03-30T08:20:33.232+0000] {subprocess.py:93} INFO - 	at com.microsoft.sqlserver.jdbc.TDSChannel.open(IOBuffer.java:736)
[2026-03-30T08:20:33.233+0000] {subprocess.py:93} INFO - 	at com.microsoft.sqlserver.jdbc.SQLServerConnection.connectHelper(SQLServerConnection.java:4201)
[2026-03-30T08:20:33.234+0000] {subprocess.py:93} INFO - 	at com.microsoft.sqlserver.jdbc.SQLServerConnection.login(SQLServerConnection.java:3817)
[2026-03-30T08:20:33.235+0000] {subprocess.py:93} INFO - 	at com.microsoft.sqlserver.jdbc.SQLServerConnection.connectInternal(SQLServerConnection.java:3591)
[2026-03-30T08:20:33.236+0000] {subprocess.py:93} INFO - 	at com.microsoft.sqlserver.jdbc.SQLServerConnection.connect(SQLServerConnection.java:2286)
[2026-03-30T08:20:33.237+0000] {subprocess.py:93} INFO - 	at com.microsoft.sqlserver.jdbc.SQLServerDriver.connect(SQLServerDriver.java:1371)
[2026-03-30T08:20:33.238+0000] {subprocess.py:93} INFO - 	at java.sql/java.sql.DriverManager.getConnection(DriverManager.java:681)
[2026-03-30T08:20:33.240+0000] {subprocess.py:93} INFO - 	at java.sql/java.sql.DriverManager.getConnection(DriverManager.java:229)
[2026-03-30T08:20:33.241+0000] {subprocess.py:93} INFO - 	at test.date_dwh_0_1.date_dwh.tRowGenerator_1Process(date_dwh.java:1202)
[2026-03-30T08:20:33.242+0000] {subprocess.py:93} INFO - 	at test.date_dwh_0_1.date_dwh.runJobInTOS(date_dwh.java:2386)
[2026-03-30T08:20:33.243+0000] {subprocess.py:93} INFO - 	at test.date_dwh_0_1.date_dwh.runJob(date_dwh.java:2225)
[2026-03-30T08:20:33.243+0000] {subprocess.py:93} INFO - 	at test.master_dwh_0_1.MASTER_DWH.tRunJob_1Process(MASTER_DWH.java:651)
[2026-03-30T08:20:33.244+0000] {subprocess.py:93} INFO - 	at test.master_dwh_0_1.MASTER_DWH.runJobInTOS(MASTER_DWH.java:5280)
[2026-03-30T08:20:33.245+0000] {subprocess.py:93} INFO - 	at test.master_dwh_0_1.MASTER_DWH.main(MASTER_DWH.java:5111)
[2026-03-30T08:20:33.245+0000] {subprocess.py:93} INFO - Exception in component tRunJob_1 (MASTER_DWH)
[2026-03-30T08:20:33.246+0000] {subprocess.py:93} INFO - java.lang.RuntimeException: Child job running failed.
[2026-03-30T08:20:33.246+0000] {subprocess.py:93} INFO - com.microsoft.sqlserver.jdbc.SQLServerException: The TCP/IP connection to the host localhost, port 1433 has failed. Error: "Connection refused. Verify the connection properties. Make sure that an instance of SQL Server is running on the host and accepting TCP/IP connections at the port. Make sure that TCP connections to the port are not blocked by a firewall.".
[2026-03-30T08:20:33.247+0000] {subprocess.py:93} INFO - 	at test.master_dwh_0_1.MASTER_DWH.tRunJob_1Process(MASTER_DWH.java:664)
[2026-03-30T08:20:33.247+0000] {subprocess.py:93} INFO - 	at test.master_dwh_0_1.MASTER_DWH.runJobInTOS(MASTER_DWH.java:5280)
[2026-03-30T08:20:33.248+0000] {subprocess.py:93} INFO - 	at test.master_dwh_0_1.MASTER_DWH.main(MASTER_DWH.java:5111)
[2026-03-30T08:20:33.265+0000] {subprocess.py:97} INFO - Command exited with return code 1
[2026-03-30T08:20:33.280+0000] {taskinstance.py:2698} ERROR - Task failed with exception
Traceback (most recent call last):
  File "/home/airflow/.local/lib/python3.8/site-packages/airflow/models/taskinstance.py", line 433, in _execute_task
    result = execute_callable(context=context, **execute_callable_kwargs)
  File "/home/airflow/.local/lib/python3.8/site-packages/airflow/operators/bash.py", line 212, in execute
    raise AirflowException(
airflow.exceptions.AirflowException: Bash command failed. The command returned a non-zero exit code 1.
[2026-03-30T08:20:33.285+0000] {taskinstance.py:1138} INFO - Marking task as UP_FOR_RETRY. dag_id=talend_dwh_pipeline, task_id=run_master_dwh, execution_date=20260330T082020, start_date=20260330T082024, end_date=20260330T082033
[2026-03-30T08:20:33.303+0000] {standard_task_runner.py:107} ERROR - Failed to execute job 159 for task run_master_dwh (Bash command failed. The command returned a non-zero exit code 1.; 121)
[2026-03-30T08:20:33.327+0000] {local_task_job_runner.py:234} INFO - Task exited with return code 1
[2026-03-30T08:20:33.354+0000] {taskinstance.py:3280} INFO - 0 downstream tasks scheduled from follow-on schedule check
