[2026-03-30T08:25:36.115+0000] {taskinstance.py:1956} INFO - Dependencies all met for dep_context=non-requeueable deps ti=<TaskInstance: talend_dwh_pipeline.run_master_dwh manual__2026-03-30T08:20:20.699059+00:00 [queued]>
[2026-03-30T08:25:36.135+0000] {taskinstance.py:1956} INFO - Dependencies all met for dep_context=requeueable deps ti=<TaskInstance: talend_dwh_pipeline.run_master_dwh manual__2026-03-30T08:20:20.699059+00:00 [queued]>
[2026-03-30T08:25:36.136+0000] {taskinstance.py:2170} INFO - Starting attempt 2 of 2
[2026-03-30T08:25:36.170+0000] {taskinstance.py:2191} INFO - Executing <Task(BashOperator): run_master_dwh> on 2026-03-30 08:20:20.699059+00:00
[2026-03-30T08:25:36.184+0000] {standard_task_runner.py:60} INFO - Started process 256 to run task
[2026-03-30T08:25:36.196+0000] {standard_task_runner.py:87} INFO - Running: ['***', 'tasks', 'run', 'talend_dwh_pipeline', 'run_master_dwh', 'manual__2026-03-30T08:20:20.699059+00:00', '--job-id', '161', '--raw', '--subdir', 'DAGS_FOLDER/talend_dwh_pipeline.py', '--cfg-path', '/tmp/tmp6y4o5qmf']
[2026-03-30T08:25:36.204+0000] {standard_task_runner.py:88} INFO - Job 161: Subtask run_master_dwh
[2026-03-30T08:25:36.356+0000] {task_command.py:423} INFO - Running <TaskInstance: talend_dwh_pipeline.run_master_dwh manual__2026-03-30T08:20:20.699059+00:00 [running]> on host 142b9c7316ab
[2026-03-30T08:25:36.633+0000] {taskinstance.py:2480} INFO - Exporting env vars: AIRFLOW_CTX_DAG_EMAIL='chouchenemariem505@gmail.com' AIRFLOW_CTX_DAG_OWNER='***' AIRFLOW_CTX_DAG_ID='talend_dwh_pipeline' AIRFLOW_CTX_TASK_ID='run_master_dwh' AIRFLOW_CTX_EXECUTION_DATE='2026-03-30T08:20:20.699059+00:00' AIRFLOW_CTX_TRY_NUMBER='2' AIRFLOW_CTX_DAG_RUN_ID='manual__2026-03-30T08:20:20.699059+00:00'
[2026-03-30T08:25:36.642+0000] {subprocess.py:63} INFO - Tmp dir root location: /tmp
[2026-03-30T08:25:36.649+0000] {subprocess.py:75} INFO - Running command: ['/usr/bin/bash', '-c', 'bash /opt/***/talend_jobs/MASTER_DWH/MASTER_DWH_run.sh --context_param dbHost=host.docker.internal --context_param dbPort=1433 --context_param dbName=event_DWH --context_param dbUser=bi --context_param dbPassword=bi --context_param dbSchema=dbo ']
[2026-03-30T08:25:36.682+0000] {subprocess.py:86} INFO - Output:
[2026-03-30T08:25:45.564+0000] {subprocess.py:93} INFO - Exception in component tDBOutput_1 (date_dwh)
[2026-03-30T08:25:45.565+0000] {subprocess.py:93} INFO - com.microsoft.sqlserver.jdbc.SQLServerException: The TCP/IP connection to the host localhost, port 1433 has failed. Error: "Connection refused. Verify the connection properties. Make sure that an instance of SQL Server is running on the host and accepting TCP/IP connections at the port. Make sure that TCP connections to the port are not blocked by a firewall.".
[2026-03-30T08:25:45.565+0000] {subprocess.py:93} INFO - 	at com.microsoft.sqlserver.jdbc.SQLServerException.makeFromDriverError(SQLServerException.java:250)
[2026-03-30T08:25:45.566+0000] {subprocess.py:93} INFO - 	at com.microsoft.sqlserver.jdbc.SQLServerException.convertConnectExceptionToSQLServerException(SQLServerException.java:316)
[2026-03-30T08:25:45.566+0000] {subprocess.py:93} INFO - 	at com.microsoft.sqlserver.jdbc.SocketFinder.findSocket(IOBuffer.java:2611)
[2026-03-30T08:25:45.566+0000] {subprocess.py:93} INFO - 	at com.microsoft.sqlserver.jdbc.TDSChannel.open(IOBuffer.java:736)
[2026-03-30T08:25:45.567+0000] {subprocess.py:93} INFO - 	at com.microsoft.sqlserver.jdbc.SQLServerConnection.connectHelper(SQLServerConnection.java:4201)
[2026-03-30T08:25:45.567+0000] {subprocess.py:93} INFO - 	at com.microsoft.sqlserver.jdbc.SQLServerConnection.login(SQLServerConnection.java:3817)
[2026-03-30T08:25:45.568+0000] {subprocess.py:93} INFO - 	at com.microsoft.sqlserver.jdbc.SQLServerConnection.connectInternal(SQLServerConnection.java:3591)
[2026-03-30T08:25:45.569+0000] {subprocess.py:93} INFO - 	at com.microsoft.sqlserver.jdbc.SQLServerConnection.connect(SQLServerConnection.java:2286)
[2026-03-30T08:25:45.569+0000] {subprocess.py:93} INFO - 	at com.microsoft.sqlserver.jdbc.SQLServerDriver.connect(SQLServerDriver.java:1371)
[2026-03-30T08:25:45.569+0000] {subprocess.py:93} INFO - 	at java.sql/java.sql.DriverManager.getConnection(DriverManager.java:681)
[2026-03-30T08:25:45.570+0000] {subprocess.py:93} INFO - 	at java.sql/java.sql.DriverManager.getConnection(DriverManager.java:229)
[2026-03-30T08:25:45.570+0000] {subprocess.py:93} INFO - 	at test.date_dwh_0_1.date_dwh.tRowGenerator_1Process(date_dwh.java:1202)
[2026-03-30T08:25:45.570+0000] {subprocess.py:93} INFO - 	at test.date_dwh_0_1.date_dwh.runJobInTOS(date_dwh.java:2386)
[2026-03-30T08:25:45.571+0000] {subprocess.py:93} INFO - 	at test.date_dwh_0_1.date_dwh.runJob(date_dwh.java:2225)
[2026-03-30T08:25:45.571+0000] {subprocess.py:93} INFO - 	at test.master_dwh_0_1.MASTER_DWH.tRunJob_1Process(MASTER_DWH.java:651)
[2026-03-30T08:25:45.572+0000] {subprocess.py:93} INFO - 	at test.master_dwh_0_1.MASTER_DWH.runJobInTOS(MASTER_DWH.java:5280)
[2026-03-30T08:25:45.572+0000] {subprocess.py:93} INFO - 	at test.master_dwh_0_1.MASTER_DWH.main(MASTER_DWH.java:5111)
[2026-03-30T08:25:45.573+0000] {subprocess.py:93} INFO - Exception in component tRunJob_1 (MASTER_DWH)
[2026-03-30T08:25:45.573+0000] {subprocess.py:93} INFO - java.lang.RuntimeException: Child job running failed.
[2026-03-30T08:25:45.573+0000] {subprocess.py:93} INFO - com.microsoft.sqlserver.jdbc.SQLServerException: The TCP/IP connection to the host localhost, port 1433 has failed. Error: "Connection refused. Verify the connection properties. Make sure that an instance of SQL Server is running on the host and accepting TCP/IP connections at the port. Make sure that TCP connections to the port are not blocked by a firewall.".
[2026-03-30T08:25:45.574+0000] {subprocess.py:93} INFO - 	at test.master_dwh_0_1.MASTER_DWH.tRunJob_1Process(MASTER_DWH.java:664)
[2026-03-30T08:25:45.574+0000] {subprocess.py:93} INFO - 	at test.master_dwh_0_1.MASTER_DWH.runJobInTOS(MASTER_DWH.java:5280)
[2026-03-30T08:25:45.575+0000] {subprocess.py:93} INFO - 	at test.master_dwh_0_1.MASTER_DWH.main(MASTER_DWH.java:5111)
[2026-03-30T08:25:45.622+0000] {subprocess.py:97} INFO - Command exited with return code 1
[2026-03-30T08:25:45.637+0000] {taskinstance.py:2698} ERROR - Task failed with exception
Traceback (most recent call last):
  File "/home/airflow/.local/lib/python3.8/site-packages/airflow/models/taskinstance.py", line 433, in _execute_task
    result = execute_callable(context=context, **execute_callable_kwargs)
  File "/home/airflow/.local/lib/python3.8/site-packages/airflow/operators/bash.py", line 212, in execute
    raise AirflowException(
airflow.exceptions.AirflowException: Bash command failed. The command returned a non-zero exit code 1.
[2026-03-30T08:25:45.648+0000] {taskinstance.py:1138} INFO - Marking task as FAILED. dag_id=talend_dwh_pipeline, task_id=run_master_dwh, execution_date=20260330T082020, start_date=20260330T082536, end_date=20260330T082545
[2026-03-30T08:25:45.681+0000] {warnings.py:109} WARNING - /home/***/.local/lib/python3.8/site-packages/***/utils/email.py:154: RemovedInAirflow3Warning: Fetching SMTP credentials from configuration variables will be deprecated in a future release. Please set credentials using a connection instead.
  send_mime_email(e_from=mail_from, e_to=recipients, mime_msg=msg, conn_id=conn_id, dryrun=dryrun)

[2026-03-30T08:25:45.685+0000] {email.py:270} INFO - Email alerting: attempt 1
[2026-03-30T08:25:46.146+0000] {email.py:281} INFO - Sent an alert email to ['chouchenemariem505@gmail.com']
[2026-03-30T08:25:46.989+0000] {standard_task_runner.py:107} ERROR - Failed to execute job 161 for task run_master_dwh (Bash command failed. The command returned a non-zero exit code 1.; 256)
[2026-03-30T08:25:47.018+0000] {local_task_job_runner.py:234} INFO - Task exited with return code 1
[2026-03-30T08:25:47.072+0000] {taskinstance.py:3280} INFO - 0 downstream tasks scheduled from follow-on schedule check
