[2026-04-14T19:44:27.146+0000] {taskinstance.py:1956} INFO - Dependencies all met for dep_context=non-requeueable deps ti=<TaskInstance: talend_dwh_pipeline.run_master_dwh scheduled__2026-04-09T00:00:00+00:00 [queued]>
[2026-04-14T19:44:27.163+0000] {taskinstance.py:1956} INFO - Dependencies all met for dep_context=requeueable deps ti=<TaskInstance: talend_dwh_pipeline.run_master_dwh scheduled__2026-04-09T00:00:00+00:00 [queued]>
[2026-04-14T19:44:27.164+0000] {taskinstance.py:2170} INFO - Starting attempt 1 of 2
[2026-04-14T19:44:27.187+0000] {taskinstance.py:2191} INFO - Executing <Task(BashOperator): run_master_dwh> on 2026-04-09 00:00:00+00:00
[2026-04-14T19:44:27.196+0000] {standard_task_runner.py:60} INFO - Started process 76 to run task
[2026-04-14T19:44:27.200+0000] {standard_task_runner.py:87} INFO - Running: ['***', 'tasks', 'run', 'talend_dwh_pipeline', 'run_master_dwh', 'scheduled__2026-04-09T00:00:00+00:00', '--job-id', '234', '--raw', '--subdir', 'DAGS_FOLDER/talend_dwh_pipeline.py', '--cfg-path', '/tmp/tmpctc5vje5']
[2026-04-14T19:44:27.205+0000] {standard_task_runner.py:88} INFO - Job 234: Subtask run_master_dwh
[2026-04-14T19:44:27.314+0000] {task_command.py:423} INFO - Running <TaskInstance: talend_dwh_pipeline.run_master_dwh scheduled__2026-04-09T00:00:00+00:00 [running]> on host b5bb32d10d04
[2026-04-14T19:44:27.479+0000] {taskinstance.py:2480} INFO - Exporting env vars: AIRFLOW_CTX_DAG_EMAIL='chouchenemariem505@gmail.com' AIRFLOW_CTX_DAG_OWNER='***' AIRFLOW_CTX_DAG_ID='talend_dwh_pipeline' AIRFLOW_CTX_TASK_ID='run_master_dwh' AIRFLOW_CTX_EXECUTION_DATE='2026-04-09T00:00:00+00:00' AIRFLOW_CTX_TRY_NUMBER='1' AIRFLOW_CTX_DAG_RUN_ID='scheduled__2026-04-09T00:00:00+00:00'
[2026-04-14T19:44:27.483+0000] {subprocess.py:63} INFO - Tmp dir root location: /tmp
[2026-04-14T19:44:27.485+0000] {subprocess.py:75} INFO - Running command: ['/usr/bin/bash', '-c', 'bash /opt/***/talend_jobs/MASTER_DWH/MASTER_DWH_run.sh --context_param dbHost=host.docker.internal --context_param dbPort=1433 --context_param dbName=event_DWH --context_param dbUser=bi --context_param dbPassword=bi --context_param dbSchema=dbo ']
[2026-04-14T19:44:27.504+0000] {subprocess.py:86} INFO - Output:
[2026-04-14T19:46:23.021+0000] {subprocess.py:93} INFO - L'instruction INSERT est en conflit avec la contrainte FOREIGN KEY "FK__FACT_VENT__id_be__68487DD7". Le conflit s'est produit dans la base de données "event_DWH", table "dbo.Dim_Beneficiary", column 'id_beneficiary'.
[2026-04-14T19:46:24.208+0000] {subprocess.py:93} INFO - L'instruction INSERT est en conflit avec la contrainte FOREIGN KEY "FK__FACT_VENT__id_be__68487DD7". Le conflit s'est produit dans la base de données "event_DWH", table "dbo.Dim_Beneficiary", column 'id_beneficiary'.
[2026-04-14T19:46:25.042+0000] {subprocess.py:93} INFO - L'instruction INSERT est en conflit avec la contrainte FOREIGN KEY "FK__FACT_VENT__id_be__68487DD7". Le conflit s'est produit dans la base de données "event_DWH", table "dbo.Dim_Beneficiary", column 'id_beneficiary'.
[2026-04-14T19:46:25.166+0000] {subprocess.py:93} INFO - L'instruction INSERT est en conflit avec la contrainte FOREIGN KEY "FK__FACT_VENT__id_be__68487DD7". Le conflit s'est produit dans la base de données "event_DWH", table "dbo.Dim_Beneficiary", column 'id_beneficiary'.
[2026-04-14T19:46:25.173+0000] {subprocess.py:93} INFO - L'instruction INSERT est en conflit avec la contrainte FOREIGN KEY "FK__FACT_VENT__id_be__68487DD7". Le conflit s'est produit dans la base de données "event_DWH", table "dbo.Dim_Beneficiary", column 'id_beneficiary'.
[2026-04-14T19:46:26.857+0000] {subprocess.py:93} INFO - L'instruction INSERT est en conflit avec la contrainte FOREIGN KEY "FK__FACT_VENT__id_be__68487DD7". Le conflit s'est produit dans la base de données "event_DWH", table "dbo.Dim_Beneficiary", column 'id_beneficiary'.
[2026-04-14T19:46:27.278+0000] {subprocess.py:93} INFO - L'instruction INSERT est en conflit avec la contrainte FOREIGN KEY "FK__FACT_VENT__id_be__68487DD7". Le conflit s'est produit dans la base de données "event_DWH", table "dbo.Dim_Beneficiary", column 'id_beneficiary'.
[2026-04-14T19:46:27.393+0000] {subprocess.py:93} INFO - L'instruction INSERT est en conflit avec la contrainte FOREIGN KEY "FK__FACT_VENT__id_be__68487DD7". Le conflit s'est produit dans la base de données "event_DWH", table "dbo.Dim_Beneficiary", column 'id_beneficiary'.
[2026-04-14T19:46:27.804+0000] {subprocess.py:93} INFO - L'instruction INSERT est en conflit avec la contrainte FOREIGN KEY "FK__FACT_VENT__id_be__68487DD7". Le conflit s'est produit dans la base de données "event_DWH", table "dbo.Dim_Beneficiary", column 'id_beneficiary'.
[2026-04-14T19:46:27.855+0000] {subprocess.py:93} INFO - L'instruction INSERT est en conflit avec la contrainte FOREIGN KEY "FK__FACT_VENT__id_be__68487DD7". Le conflit s'est produit dans la base de données "event_DWH", table "dbo.Dim_Beneficiary", column 'id_beneficiary'.
[2026-04-14T19:46:27.985+0000] {subprocess.py:93} INFO - L'instruction INSERT est en conflit avec la contrainte FOREIGN KEY "FK__FACT_VENT__id_be__68487DD7". Le conflit s'est produit dans la base de données "event_DWH", table "dbo.Dim_Beneficiary", column 'id_beneficiary'.
[2026-04-14T19:46:28.698+0000] {subprocess.py:93} INFO - L'instruction INSERT est en conflit avec la contrainte FOREIGN KEY "FK__FACT_VENT__id_be__68487DD7". Le conflit s'est produit dans la base de données "event_DWH", table "dbo.Dim_Beneficiary", column 'id_beneficiary'.
[2026-04-14T19:46:29.056+0000] {subprocess.py:93} INFO - L'instruction INSERT est en conflit avec la contrainte FOREIGN KEY "FK__FACT_VENT__id_be__68487DD7". Le conflit s'est produit dans la base de données "event_DWH", table "dbo.Dim_Beneficiary", column 'id_beneficiary'.
[2026-04-14T19:46:30.218+0000] {subprocess.py:93} INFO - L'instruction INSERT est en conflit avec la contrainte FOREIGN KEY "FK__FACT_VENT__id_be__68487DD7". Le conflit s'est produit dans la base de données "event_DWH", table "dbo.Dim_Beneficiary", column 'id_beneficiary'.
[2026-04-14T19:46:30.463+0000] {subprocess.py:93} INFO - L'instruction INSERT est en conflit avec la contrainte FOREIGN KEY "FK__FACT_VENT__id_be__68487DD7". Le conflit s'est produit dans la base de données "event_DWH", table "dbo.Dim_Beneficiary", column 'id_beneficiary'.
[2026-04-14T19:46:30.532+0000] {subprocess.py:93} INFO - L'instruction INSERT est en conflit avec la contrainte FOREIGN KEY "FK__FACT_VENT__id_be__68487DD7". Le conflit s'est produit dans la base de données "event_DWH", table "dbo.Dim_Beneficiary", column 'id_beneficiary'.
[2026-04-14T19:46:31.179+0000] {subprocess.py:93} INFO - L'instruction INSERT est en conflit avec la contrainte FOREIGN KEY "FK__FACT_VENT__id_be__68487DD7". Le conflit s'est produit dans la base de données "event_DWH", table "dbo.Dim_Beneficiary", column 'id_beneficiary'.
[2026-04-14T19:46:31.371+0000] {subprocess.py:93} INFO - L'instruction INSERT est en conflit avec la contrainte FOREIGN KEY "FK__FACT_VENT__id_be__68487DD7". Le conflit s'est produit dans la base de données "event_DWH", table "dbo.Dim_Beneficiary", column 'id_beneficiary'.
[2026-04-14T19:46:31.769+0000] {subprocess.py:93} INFO - L'instruction INSERT est en conflit avec la contrainte FOREIGN KEY "FK__FACT_VENT__id_be__68487DD7". Le conflit s'est produit dans la base de données "event_DWH", table "dbo.Dim_Beneficiary", column 'id_beneficiary'.
[2026-04-14T19:46:32.237+0000] {subprocess.py:97} INFO - Command exited with return code 0
[2026-04-14T19:46:32.265+0000] {taskinstance.py:1138} INFO - Marking task as SUCCESS. dag_id=talend_dwh_pipeline, task_id=run_master_dwh, execution_date=20260409T000000, start_date=20260414T194427, end_date=20260414T194632
[2026-04-14T19:46:32.295+0000] {local_task_job_runner.py:234} INFO - Task exited with return code 0
[2026-04-14T19:46:32.319+0000] {taskinstance.py:3280} INFO - 1 downstream tasks scheduled from follow-on schedule check
