[2026-04-21T19:33:38.648+0000] {taskinstance.py:1956} INFO - Dependencies all met for dep_context=non-requeueable deps ti=<TaskInstance: talend_dwh_pipeline.run_master_dwh scheduled__2026-04-20T00:00:00+00:00 [queued]>
[2026-04-21T19:33:38.659+0000] {taskinstance.py:1956} INFO - Dependencies all met for dep_context=requeueable deps ti=<TaskInstance: talend_dwh_pipeline.run_master_dwh scheduled__2026-04-20T00:00:00+00:00 [queued]>
[2026-04-21T19:33:38.659+0000] {taskinstance.py:2170} INFO - Starting attempt 1 of 2
[2026-04-21T19:33:38.676+0000] {taskinstance.py:2191} INFO - Executing <Task(BashOperator): run_master_dwh> on 2026-04-20 00:00:00+00:00
[2026-04-21T19:33:38.683+0000] {standard_task_runner.py:60} INFO - Started process 76 to run task
[2026-04-21T19:33:38.688+0000] {standard_task_runner.py:87} INFO - Running: ['***', 'tasks', 'run', 'talend_dwh_pipeline', 'run_master_dwh', 'scheduled__2026-04-20T00:00:00+00:00', '--job-id', '273', '--raw', '--subdir', 'DAGS_FOLDER/talend_dwh_pipeline.py', '--cfg-path', '/tmp/tmpd3oldqn4']
[2026-04-21T19:33:38.692+0000] {standard_task_runner.py:88} INFO - Job 273: Subtask run_master_dwh
[2026-04-21T19:33:38.772+0000] {task_command.py:423} INFO - Running <TaskInstance: talend_dwh_pipeline.run_master_dwh scheduled__2026-04-20T00:00:00+00:00 [running]> on host aae99a7b755a
[2026-04-21T19:33:38.888+0000] {taskinstance.py:2480} INFO - Exporting env vars: AIRFLOW_CTX_DAG_EMAIL='chouchenemariem505@gmail.com' AIRFLOW_CTX_DAG_OWNER='***' AIRFLOW_CTX_DAG_ID='talend_dwh_pipeline' AIRFLOW_CTX_TASK_ID='run_master_dwh' AIRFLOW_CTX_EXECUTION_DATE='2026-04-20T00:00:00+00:00' AIRFLOW_CTX_TRY_NUMBER='1' AIRFLOW_CTX_DAG_RUN_ID='scheduled__2026-04-20T00:00:00+00:00'
[2026-04-21T19:33:38.892+0000] {subprocess.py:63} INFO - Tmp dir root location: /tmp
[2026-04-21T19:33:38.894+0000] {subprocess.py:75} INFO - Running command: ['/usr/bin/bash', '-c', 'bash /opt/***/talend_jobs/MASTER_DWH/MASTER_DWH_run.sh --context_param dbHost=host.docker.internal --context_param dbPort=1433 --context_param dbName=event_DWH --context_param dbUser=bi --context_param dbPassword=bi --context_param dbSchema=dbo ']
[2026-04-21T19:33:38.911+0000] {subprocess.py:86} INFO - Output:
[2026-04-21T19:36:18.943+0000] {subprocess.py:93} INFO - L'instruction INSERT est en conflit avec la contrainte FOREIGN KEY "FK__FACT_VENT__id_be__68487DD7". Le conflit s'est produit dans la base de données "event_DWH", table "dbo.Dim_Beneficiary", column 'id_beneficiary'.
[2026-04-21T19:36:21.225+0000] {subprocess.py:93} INFO - L'instruction INSERT est en conflit avec la contrainte FOREIGN KEY "FK__FACT_VENT__id_be__68487DD7". Le conflit s'est produit dans la base de données "event_DWH", table "dbo.Dim_Beneficiary", column 'id_beneficiary'.
[2026-04-21T19:36:22.563+0000] {subprocess.py:93} INFO - L'instruction INSERT est en conflit avec la contrainte FOREIGN KEY "FK__FACT_VENT__id_be__68487DD7". Le conflit s'est produit dans la base de données "event_DWH", table "dbo.Dim_Beneficiary", column 'id_beneficiary'.
[2026-04-21T19:36:22.676+0000] {subprocess.py:93} INFO - L'instruction INSERT est en conflit avec la contrainte FOREIGN KEY "FK__FACT_VENT__id_be__68487DD7". Le conflit s'est produit dans la base de données "event_DWH", table "dbo.Dim_Beneficiary", column 'id_beneficiary'.
[2026-04-21T19:36:22.683+0000] {subprocess.py:93} INFO - L'instruction INSERT est en conflit avec la contrainte FOREIGN KEY "FK__FACT_VENT__id_be__68487DD7". Le conflit s'est produit dans la base de données "event_DWH", table "dbo.Dim_Beneficiary", column 'id_beneficiary'.
[2026-04-21T19:36:24.602+0000] {subprocess.py:93} INFO - L'instruction INSERT est en conflit avec la contrainte FOREIGN KEY "FK__FACT_VENT__id_be__68487DD7". Le conflit s'est produit dans la base de données "event_DWH", table "dbo.Dim_Beneficiary", column 'id_beneficiary'.
[2026-04-21T19:36:25.047+0000] {subprocess.py:93} INFO - L'instruction INSERT est en conflit avec la contrainte FOREIGN KEY "FK__FACT_VENT__id_be__68487DD7". Le conflit s'est produit dans la base de données "event_DWH", table "dbo.Dim_Beneficiary", column 'id_beneficiary'.
[2026-04-21T19:36:25.153+0000] {subprocess.py:93} INFO - L'instruction INSERT est en conflit avec la contrainte FOREIGN KEY "FK__FACT_VENT__id_be__68487DD7". Le conflit s'est produit dans la base de données "event_DWH", table "dbo.Dim_Beneficiary", column 'id_beneficiary'.
[2026-04-21T19:36:25.577+0000] {subprocess.py:93} INFO - L'instruction INSERT est en conflit avec la contrainte FOREIGN KEY "FK__FACT_VENT__id_be__68487DD7". Le conflit s'est produit dans la base de données "event_DWH", table "dbo.Dim_Beneficiary", column 'id_beneficiary'.
[2026-04-21T19:36:25.634+0000] {subprocess.py:93} INFO - L'instruction INSERT est en conflit avec la contrainte FOREIGN KEY "FK__FACT_VENT__id_be__68487DD7". Le conflit s'est produit dans la base de données "event_DWH", table "dbo.Dim_Beneficiary", column 'id_beneficiary'.
[2026-04-21T19:36:25.779+0000] {subprocess.py:93} INFO - L'instruction INSERT est en conflit avec la contrainte FOREIGN KEY "FK__FACT_VENT__id_be__68487DD7". Le conflit s'est produit dans la base de données "event_DWH", table "dbo.Dim_Beneficiary", column 'id_beneficiary'.
[2026-04-21T19:36:26.725+0000] {subprocess.py:93} INFO - L'instruction INSERT est en conflit avec la contrainte FOREIGN KEY "FK__FACT_VENT__id_be__68487DD7". Le conflit s'est produit dans la base de données "event_DWH", table "dbo.Dim_Beneficiary", column 'id_beneficiary'.
[2026-04-21T19:36:27.375+0000] {subprocess.py:93} INFO - L'instruction INSERT est en conflit avec la contrainte FOREIGN KEY "FK__FACT_VENT__id_be__68487DD7". Le conflit s'est produit dans la base de données "event_DWH", table "dbo.Dim_Beneficiary", column 'id_beneficiary'.
[2026-04-21T19:36:29.274+0000] {subprocess.py:93} INFO - L'instruction INSERT est en conflit avec la contrainte FOREIGN KEY "FK__FACT_VENT__id_be__68487DD7". Le conflit s'est produit dans la base de données "event_DWH", table "dbo.Dim_Beneficiary", column 'id_beneficiary'.
[2026-04-21T19:36:29.654+0000] {subprocess.py:93} INFO - L'instruction INSERT est en conflit avec la contrainte FOREIGN KEY "FK__FACT_VENT__id_be__68487DD7". Le conflit s'est produit dans la base de données "event_DWH", table "dbo.Dim_Beneficiary", column 'id_beneficiary'.
[2026-04-21T19:36:29.746+0000] {subprocess.py:93} INFO - L'instruction INSERT est en conflit avec la contrainte FOREIGN KEY "FK__FACT_VENT__id_be__68487DD7". Le conflit s'est produit dans la base de données "event_DWH", table "dbo.Dim_Beneficiary", column 'id_beneficiary'.
[2026-04-21T19:36:30.730+0000] {subprocess.py:93} INFO - L'instruction INSERT est en conflit avec la contrainte FOREIGN KEY "FK__FACT_VENT__id_be__68487DD7". Le conflit s'est produit dans la base de données "event_DWH", table "dbo.Dim_Beneficiary", column 'id_beneficiary'.
[2026-04-21T19:36:31.022+0000] {subprocess.py:93} INFO - L'instruction INSERT est en conflit avec la contrainte FOREIGN KEY "FK__FACT_VENT__id_be__68487DD7". Le conflit s'est produit dans la base de données "event_DWH", table "dbo.Dim_Beneficiary", column 'id_beneficiary'.
[2026-04-21T19:36:31.487+0000] {subprocess.py:93} INFO - L'instruction INSERT est en conflit avec la contrainte FOREIGN KEY "FK__FACT_VENT__id_be__68487DD7". Le conflit s'est produit dans la base de données "event_DWH", table "dbo.Dim_Beneficiary", column 'id_beneficiary'.
[2026-04-21T19:36:32.156+0000] {subprocess.py:97} INFO - Command exited with return code 0
[2026-04-21T19:36:32.213+0000] {taskinstance.py:1138} INFO - Marking task as SUCCESS. dag_id=talend_dwh_pipeline, task_id=run_master_dwh, execution_date=20260420T000000, start_date=20260421T193338, end_date=20260421T193632
[2026-04-21T19:36:32.245+0000] {local_task_job_runner.py:234} INFO - Task exited with return code 0
[2026-04-21T19:36:32.287+0000] {taskinstance.py:3280} INFO - 1 downstream tasks scheduled from follow-on schedule check
