[2026-03-29T20:19:45.086+0000] {taskinstance.py:1956} INFO - Dependencies all met for dep_context=non-requeueable deps ti=<TaskInstance: talend_dwh_pipeline.run_master_dwh manual__2026-03-29T20:19:41.613816+00:00 [queued]>
[2026-03-29T20:19:45.107+0000] {taskinstance.py:1956} INFO - Dependencies all met for dep_context=requeueable deps ti=<TaskInstance: talend_dwh_pipeline.run_master_dwh manual__2026-03-29T20:19:41.613816+00:00 [queued]>
[2026-03-29T20:19:45.108+0000] {taskinstance.py:2170} INFO - Starting attempt 1 of 1
[2026-03-29T20:19:45.136+0000] {taskinstance.py:2191} INFO - Executing <Task(BashOperator): run_master_dwh> on 2026-03-29 20:19:41.613816+00:00
[2026-03-29T20:19:45.146+0000] {standard_task_runner.py:60} INFO - Started process 230 to run task
[2026-03-29T20:19:45.152+0000] {standard_task_runner.py:87} INFO - Running: ['***', 'tasks', 'run', 'talend_dwh_pipeline', 'run_master_dwh', 'manual__2026-03-29T20:19:41.613816+00:00', '--job-id', '98', '--raw', '--subdir', 'DAGS_FOLDER/talend_dwh_pipeline.py', '--cfg-path', '/tmp/tmpkf59li5k']
[2026-03-29T20:19:45.158+0000] {standard_task_runner.py:88} INFO - Job 98: Subtask run_master_dwh
[2026-03-29T20:19:45.284+0000] {task_command.py:423} INFO - Running <TaskInstance: talend_dwh_pipeline.run_master_dwh manual__2026-03-29T20:19:41.613816+00:00 [running]> on host 2d24ba4c9d65
[2026-03-29T20:19:45.435+0000] {taskinstance.py:2480} INFO - Exporting env vars: AIRFLOW_CTX_DAG_OWNER='***' AIRFLOW_CTX_DAG_ID='talend_dwh_pipeline' AIRFLOW_CTX_TASK_ID='run_master_dwh' AIRFLOW_CTX_EXECUTION_DATE='2026-03-29T20:19:41.613816+00:00' AIRFLOW_CTX_TRY_NUMBER='1' AIRFLOW_CTX_DAG_RUN_ID='manual__2026-03-29T20:19:41.613816+00:00'
[2026-03-29T20:19:45.441+0000] {subprocess.py:63} INFO - Tmp dir root location: /tmp
[2026-03-29T20:19:45.444+0000] {subprocess.py:75} INFO - Running command: ['/usr/bin/bash', '-c', 'chmod +x /opt/***/talend_jobs/MASTER_DWH/MASTER_DWH_run.sh && bash /opt/***/talend_jobs/MASTER_DWH/MASTER_DWH_run.sh ']
[2026-03-29T20:19:45.474+0000] {subprocess.py:86} INFO - Output:
[2026-03-29T20:19:45.486+0000] {subprocess.py:93} INFO - chmod: changing permissions of '/opt/***/talend_jobs/MASTER_DWH/MASTER_DWH_run.sh': Operation not permitted
[2026-03-29T20:19:45.491+0000] {subprocess.py:97} INFO - Command exited with return code 1
[2026-03-29T20:19:45.517+0000] {taskinstance.py:2698} ERROR - Task failed with exception
Traceback (most recent call last):
  File "/home/airflow/.local/lib/python3.8/site-packages/airflow/models/taskinstance.py", line 433, in _execute_task
    result = execute_callable(context=context, **execute_callable_kwargs)
  File "/home/airflow/.local/lib/python3.8/site-packages/airflow/operators/bash.py", line 212, in execute
    raise AirflowException(
airflow.exceptions.AirflowException: Bash command failed. The command returned a non-zero exit code 1.
[2026-03-29T20:19:45.526+0000] {taskinstance.py:1138} INFO - Marking task as FAILED. dag_id=talend_dwh_pipeline, task_id=run_master_dwh, execution_date=20260329T201941, start_date=20260329T201945, end_date=20260329T201945
[2026-03-29T20:19:45.556+0000] {standard_task_runner.py:107} ERROR - Failed to execute job 98 for task run_master_dwh (Bash command failed. The command returned a non-zero exit code 1.; 230)
[2026-03-29T20:19:45.605+0000] {local_task_job_runner.py:234} INFO - Task exited with return code 1
[2026-03-29T20:19:45.665+0000] {taskinstance.py:3280} INFO - 0 downstream tasks scheduled from follow-on schedule check
