[2026-03-31T23:16:23.877+0000] {taskinstance.py:1956} INFO - Dependencies all met for dep_context=non-requeueable deps ti=<TaskInstance: talend_dwh_pipeline.run_master_dwh scheduled__2026-03-30T00:00:00+00:00 [queued]>
[2026-03-31T23:16:23.894+0000] {taskinstance.py:1956} INFO - Dependencies all met for dep_context=requeueable deps ti=<TaskInstance: talend_dwh_pipeline.run_master_dwh scheduled__2026-03-30T00:00:00+00:00 [queued]>
[2026-03-31T23:16:23.896+0000] {taskinstance.py:2170} INFO - Starting attempt 1 of 2
[2026-03-31T23:16:23.912+0000] {taskinstance.py:2191} INFO - Executing <Task(BashOperator): run_master_dwh> on 2026-03-30 00:00:00+00:00
[2026-03-31T23:16:23.921+0000] {standard_task_runner.py:60} INFO - Started process 72 to run task
[2026-03-31T23:16:23.926+0000] {standard_task_runner.py:87} INFO - Running: ['***', 'tasks', 'run', 'talend_dwh_pipeline', 'run_master_dwh', 'scheduled__2026-03-30T00:00:00+00:00', '--job-id', '211', '--raw', '--subdir', 'DAGS_FOLDER/talend_dwh_pipeline.py', '--cfg-path', '/tmp/tmp7lxrfpjz']
[2026-03-31T23:16:23.932+0000] {standard_task_runner.py:88} INFO - Job 211: Subtask run_master_dwh
[2026-03-31T23:16:24.040+0000] {task_command.py:423} INFO - Running <TaskInstance: talend_dwh_pipeline.run_master_dwh scheduled__2026-03-30T00:00:00+00:00 [running]> on host b5bb32d10d04
[2026-03-31T23:16:24.253+0000] {taskinstance.py:2480} INFO - Exporting env vars: AIRFLOW_CTX_DAG_EMAIL='chouchenemariem505@gmail.com' AIRFLOW_CTX_DAG_OWNER='***' AIRFLOW_CTX_DAG_ID='talend_dwh_pipeline' AIRFLOW_CTX_TASK_ID='run_master_dwh' AIRFLOW_CTX_EXECUTION_DATE='2026-03-30T00:00:00+00:00' AIRFLOW_CTX_TRY_NUMBER='1' AIRFLOW_CTX_DAG_RUN_ID='scheduled__2026-03-30T00:00:00+00:00'
[2026-03-31T23:16:24.257+0000] {subprocess.py:63} INFO - Tmp dir root location: /tmp
[2026-03-31T23:16:24.259+0000] {subprocess.py:75} INFO - Running command: ['/usr/bin/bash', '-c', 'bash /opt/***/talend_jobs/MASTER_DWH/MASTER_DWH_run.sh --context_param dbHost=host.docker.internal --context_param dbPort=1433 --context_param dbName=event_DWH --context_param dbUser=bi --context_param dbPassword=bi --context_param dbSchema=dbo ']
[2026-03-31T23:16:24.279+0000] {subprocess.py:86} INFO - Output:
[2026-03-31T23:20:36.323+0000] {subprocess.py:93} INFO - L'instruction INSERT est en conflit avec la contrainte FOREIGN KEY "FK__FACT_VENT__id_be__68487DD7". Le conflit s'est produit dans la base de données "event_DWH", table "dbo.Dim_Beneficiary", column 'id_beneficiary'.
[2026-03-31T23:20:38.965+0000] {subprocess.py:93} INFO - L'instruction INSERT est en conflit avec la contrainte FOREIGN KEY "FK__FACT_VENT__id_be__68487DD7". Le conflit s'est produit dans la base de données "event_DWH", table "dbo.Dim_Beneficiary", column 'id_beneficiary'.
[2026-03-31T23:20:40.499+0000] {subprocess.py:93} INFO - L'instruction INSERT est en conflit avec la contrainte FOREIGN KEY "FK__FACT_VENT__id_be__68487DD7". Le conflit s'est produit dans la base de données "event_DWH", table "dbo.Dim_Beneficiary", column 'id_beneficiary'.
[2026-03-31T23:20:40.692+0000] {subprocess.py:93} INFO - L'instruction INSERT est en conflit avec la contrainte FOREIGN KEY "FK__FACT_VENT__id_be__68487DD7". Le conflit s'est produit dans la base de données "event_DWH", table "dbo.Dim_Beneficiary", column 'id_beneficiary'.
[2026-03-31T23:20:40.706+0000] {subprocess.py:93} INFO - L'instruction INSERT est en conflit avec la contrainte FOREIGN KEY "FK__FACT_VENT__id_be__68487DD7". Le conflit s'est produit dans la base de données "event_DWH", table "dbo.Dim_Beneficiary", column 'id_beneficiary'.
[2026-03-31T23:20:42.997+0000] {subprocess.py:93} INFO - L'instruction INSERT est en conflit avec la contrainte FOREIGN KEY "FK__FACT_VENT__id_be__68487DD7". Le conflit s'est produit dans la base de données "event_DWH", table "dbo.Dim_Beneficiary", column 'id_beneficiary'.
[2026-03-31T23:20:43.539+0000] {subprocess.py:93} INFO - L'instruction INSERT est en conflit avec la contrainte FOREIGN KEY "FK__FACT_VENT__id_be__68487DD7". Le conflit s'est produit dans la base de données "event_DWH", table "dbo.Dim_Beneficiary", column 'id_beneficiary'.
[2026-03-31T23:20:43.671+0000] {subprocess.py:93} INFO - L'instruction INSERT est en conflit avec la contrainte FOREIGN KEY "FK__FACT_VENT__id_be__68487DD7". Le conflit s'est produit dans la base de données "event_DWH", table "dbo.Dim_Beneficiary", column 'id_beneficiary'.
[2026-03-31T23:20:44.254+0000] {subprocess.py:93} INFO - L'instruction INSERT est en conflit avec la contrainte FOREIGN KEY "FK__FACT_VENT__id_be__68487DD7". Le conflit s'est produit dans la base de données "event_DWH", table "dbo.Dim_Beneficiary", column 'id_beneficiary'.
[2026-03-31T23:20:44.319+0000] {subprocess.py:93} INFO - L'instruction INSERT est en conflit avec la contrainte FOREIGN KEY "FK__FACT_VENT__id_be__68487DD7". Le conflit s'est produit dans la base de données "event_DWH", table "dbo.Dim_Beneficiary", column 'id_beneficiary'.
[2026-03-31T23:20:44.550+0000] {subprocess.py:93} INFO - L'instruction INSERT est en conflit avec la contrainte FOREIGN KEY "FK__FACT_VENT__id_be__68487DD7". Le conflit s'est produit dans la base de données "event_DWH", table "dbo.Dim_Beneficiary", column 'id_beneficiary'.
[2026-03-31T23:20:45.831+0000] {subprocess.py:93} INFO - L'instruction INSERT est en conflit avec la contrainte FOREIGN KEY "FK__FACT_VENT__id_be__68487DD7". Le conflit s'est produit dans la base de données "event_DWH", table "dbo.Dim_Beneficiary", column 'id_beneficiary'.
[2026-03-31T23:20:46.712+0000] {subprocess.py:93} INFO - L'instruction INSERT est en conflit avec la contrainte FOREIGN KEY "FK__FACT_VENT__id_be__68487DD7". Le conflit s'est produit dans la base de données "event_DWH", table "dbo.Dim_Beneficiary", column 'id_beneficiary'.
[2026-03-31T23:20:50.143+0000] {subprocess.py:93} INFO - L'instruction INSERT est en conflit avec la contrainte FOREIGN KEY "FK__FACT_VENT__id_be__68487DD7". Le conflit s'est produit dans la base de données "event_DWH", table "dbo.Dim_Beneficiary", column 'id_beneficiary'.
[2026-03-31T23:20:50.834+0000] {subprocess.py:93} INFO - L'instruction INSERT est en conflit avec la contrainte FOREIGN KEY "FK__FACT_VENT__id_be__68487DD7". Le conflit s'est produit dans la base de données "event_DWH", table "dbo.Dim_Beneficiary", column 'id_beneficiary'.
[2026-03-31T23:20:50.966+0000] {subprocess.py:93} INFO - L'instruction INSERT est en conflit avec la contrainte FOREIGN KEY "FK__FACT_VENT__id_be__68487DD7". Le conflit s'est produit dans la base de données "event_DWH", table "dbo.Dim_Beneficiary", column 'id_beneficiary'.
[2026-03-31T23:20:53.242+0000] {subprocess.py:93} INFO - L'instruction INSERT est en conflit avec la contrainte FOREIGN KEY "FK__FACT_VENT__id_be__68487DD7". Le conflit s'est produit dans la base de données "event_DWH", table "dbo.Dim_Beneficiary", column 'id_beneficiary'.
[2026-03-31T23:20:53.786+0000] {subprocess.py:93} INFO - L'instruction INSERT est en conflit avec la contrainte FOREIGN KEY "FK__FACT_VENT__id_be__68487DD7". Le conflit s'est produit dans la base de données "event_DWH", table "dbo.Dim_Beneficiary", column 'id_beneficiary'.
[2026-03-31T23:20:54.843+0000] {subprocess.py:93} INFO - L'instruction INSERT est en conflit avec la contrainte FOREIGN KEY "FK__FACT_VENT__id_be__68487DD7". Le conflit s'est produit dans la base de données "event_DWH", table "dbo.Dim_Beneficiary", column 'id_beneficiary'.
[2026-03-31T23:20:56.542+0000] {subprocess.py:97} INFO - Command exited with return code 0
[2026-03-31T23:20:57.162+0000] {taskinstance.py:1138} INFO - Marking task as SUCCESS. dag_id=talend_dwh_pipeline, task_id=run_master_dwh, execution_date=20260330T000000, start_date=20260331T231623, end_date=20260331T232057
[2026-03-31T23:20:58.003+0000] {local_task_job_runner.py:234} INFO - Task exited with return code 0
[2026-03-31T23:20:58.065+0000] {taskinstance.py:3280} INFO - 1 downstream tasks scheduled from follow-on schedule check
