[2026-03-29T20:34:19.806+0000] {taskinstance.py:1956} INFO - Dependencies all met for dep_context=non-requeueable deps ti=<TaskInstance: talend_dwh_pipeline.run_master_dwh manual__2026-03-29T20:34:16.719716+00:00 [queued]>
[2026-03-29T20:34:19.817+0000] {taskinstance.py:1956} INFO - Dependencies all met for dep_context=requeueable deps ti=<TaskInstance: talend_dwh_pipeline.run_master_dwh manual__2026-03-29T20:34:16.719716+00:00 [queued]>
[2026-03-29T20:34:19.818+0000] {taskinstance.py:2170} INFO - Starting attempt 1 of 1
[2026-03-29T20:34:19.847+0000] {taskinstance.py:2191} INFO - Executing <Task(BashOperator): run_master_dwh> on 2026-03-29 20:34:16.719716+00:00
[2026-03-29T20:34:19.856+0000] {standard_task_runner.py:60} INFO - Started process 606 to run task
[2026-03-29T20:34:19.861+0000] {standard_task_runner.py:87} INFO - Running: ['***', 'tasks', 'run', 'talend_dwh_pipeline', 'run_master_dwh', 'manual__2026-03-29T20:34:16.719716+00:00', '--job-id', '103', '--raw', '--subdir', 'DAGS_FOLDER/talend_dwh_pipeline.py', '--cfg-path', '/tmp/tmpmo922_zu']
[2026-03-29T20:34:19.867+0000] {standard_task_runner.py:88} INFO - Job 103: Subtask run_master_dwh
[2026-03-29T20:34:19.964+0000] {task_command.py:423} INFO - Running <TaskInstance: talend_dwh_pipeline.run_master_dwh manual__2026-03-29T20:34:16.719716+00:00 [running]> on host 2d24ba4c9d65
[2026-03-29T20:34:20.059+0000] {taskinstance.py:2480} INFO - Exporting env vars: AIRFLOW_CTX_DAG_OWNER='***' AIRFLOW_CTX_DAG_ID='talend_dwh_pipeline' AIRFLOW_CTX_TASK_ID='run_master_dwh' AIRFLOW_CTX_EXECUTION_DATE='2026-03-29T20:34:16.719716+00:00' AIRFLOW_CTX_TRY_NUMBER='1' AIRFLOW_CTX_DAG_RUN_ID='manual__2026-03-29T20:34:16.719716+00:00'
[2026-03-29T20:34:20.064+0000] {subprocess.py:63} INFO - Tmp dir root location: /tmp
[2026-03-29T20:34:20.066+0000] {subprocess.py:75} INFO - Running command: ['/usr/bin/bash', '-c', 'bash /opt/***/talend_jobs/MASTER_DWH/MASTER_DWH_run.sh --context_param dbHost=host.docker.internal --context_param dbPort=1433 --context_param dbName=event_DWH --context_param dbUser=bi --context_param dbPassword=bi --context_param dbSchema=dbo ']
[2026-03-29T20:34:20.078+0000] {subprocess.py:86} INFO - Output:
[2026-03-29T20:34:20.964+0000] {subprocess.py:93} INFO - Exception in component tDBOutput_1 (date_dwh)
[2026-03-29T20:34:20.965+0000] {subprocess.py:93} INFO - com.microsoft.sqlserver.jdbc.SQLServerException: The TCP/IP connection to the host localhost, port 1433 has failed. Error: "Connection refused. Verify the connection properties. Make sure that an instance of SQL Server is running on the host and accepting TCP/IP connections at the port. Make sure that TCP connections to the port are not blocked by a firewall.".
[2026-03-29T20:34:20.965+0000] {subprocess.py:93} INFO - 	at com.microsoft.sqlserver.jdbc.SQLServerException.makeFromDriverError(SQLServerException.java:250)
[2026-03-29T20:34:20.966+0000] {subprocess.py:93} INFO - 	at com.microsoft.sqlserver.jdbc.SQLServerException.convertConnectExceptionToSQLServerException(SQLServerException.java:316)
[2026-03-29T20:34:20.966+0000] {subprocess.py:93} INFO - 	at com.microsoft.sqlserver.jdbc.SocketFinder.findSocket(IOBuffer.java:2611)
[2026-03-29T20:34:20.967+0000] {subprocess.py:93} INFO - 	at com.microsoft.sqlserver.jdbc.TDSChannel.open(IOBuffer.java:736)
[2026-03-29T20:34:20.967+0000] {subprocess.py:93} INFO - 	at com.microsoft.sqlserver.jdbc.SQLServerConnection.connectHelper(SQLServerConnection.java:4201)
[2026-03-29T20:34:20.968+0000] {subprocess.py:93} INFO - 	at com.microsoft.sqlserver.jdbc.SQLServerConnection.login(SQLServerConnection.java:3817)
[2026-03-29T20:34:20.968+0000] {subprocess.py:93} INFO - 	at com.microsoft.sqlserver.jdbc.SQLServerConnection.connectInternal(SQLServerConnection.java:3591)
[2026-03-29T20:34:20.969+0000] {subprocess.py:93} INFO - 	at com.microsoft.sqlserver.jdbc.SQLServerConnection.connect(SQLServerConnection.java:2286)
[2026-03-29T20:34:20.969+0000] {subprocess.py:93} INFO - 	at com.microsoft.sqlserver.jdbc.SQLServerDriver.connect(SQLServerDriver.java:1371)
[2026-03-29T20:34:20.970+0000] {subprocess.py:93} INFO - 	at java.sql/java.sql.DriverManager.getConnection(DriverManager.java:681)
[2026-03-29T20:34:20.970+0000] {subprocess.py:93} INFO - 	at java.sql/java.sql.DriverManager.getConnection(DriverManager.java:229)
[2026-03-29T20:34:20.970+0000] {subprocess.py:93} INFO - 	at test.date_dwh_0_1.date_dwh.tRowGenerator_1Process(date_dwh.java:1202)
[2026-03-29T20:34:20.973+0000] {subprocess.py:93} INFO - 	at test.date_dwh_0_1.date_dwh.runJobInTOS(date_dwh.java:2386)
[2026-03-29T20:34:20.973+0000] {subprocess.py:93} INFO - 	at test.date_dwh_0_1.date_dwh.runJob(date_dwh.java:2225)
[2026-03-29T20:34:20.974+0000] {subprocess.py:93} INFO - 	at test.master_dwh_0_1.MASTER_DWH.tRunJob_1Process(MASTER_DWH.java:651)
[2026-03-29T20:34:20.974+0000] {subprocess.py:93} INFO - 	at test.master_dwh_0_1.MASTER_DWH.runJobInTOS(MASTER_DWH.java:5280)
[2026-03-29T20:34:20.974+0000] {subprocess.py:93} INFO - 	at test.master_dwh_0_1.MASTER_DWH.main(MASTER_DWH.java:5111)
[2026-03-29T20:34:20.975+0000] {subprocess.py:93} INFO - Exception in component tRunJob_1 (MASTER_DWH)
[2026-03-29T20:34:20.975+0000] {subprocess.py:93} INFO - java.lang.RuntimeException: Child job running failed.
[2026-03-29T20:34:20.975+0000] {subprocess.py:93} INFO - com.microsoft.sqlserver.jdbc.SQLServerException: The TCP/IP connection to the host localhost, port 1433 has failed. Error: "Connection refused. Verify the connection properties. Make sure that an instance of SQL Server is running on the host and accepting TCP/IP connections at the port. Make sure that TCP connections to the port are not blocked by a firewall.".
[2026-03-29T20:34:20.976+0000] {subprocess.py:93} INFO - 	at test.master_dwh_0_1.MASTER_DWH.tRunJob_1Process(MASTER_DWH.java:664)
[2026-03-29T20:34:20.976+0000] {subprocess.py:93} INFO - 	at test.master_dwh_0_1.MASTER_DWH.runJobInTOS(MASTER_DWH.java:5280)
[2026-03-29T20:34:20.976+0000] {subprocess.py:93} INFO - 	at test.master_dwh_0_1.MASTER_DWH.main(MASTER_DWH.java:5111)
[2026-03-29T20:34:20.985+0000] {subprocess.py:97} INFO - Command exited with return code 1
[2026-03-29T20:34:21.000+0000] {taskinstance.py:2698} ERROR - Task failed with exception
Traceback (most recent call last):
  File "/home/airflow/.local/lib/python3.8/site-packages/airflow/models/taskinstance.py", line 433, in _execute_task
    result = execute_callable(context=context, **execute_callable_kwargs)
  File "/home/airflow/.local/lib/python3.8/site-packages/airflow/operators/bash.py", line 212, in execute
    raise AirflowException(
airflow.exceptions.AirflowException: Bash command failed. The command returned a non-zero exit code 1.
[2026-03-29T20:34:21.004+0000] {taskinstance.py:1138} INFO - Marking task as FAILED. dag_id=talend_dwh_pipeline, task_id=run_master_dwh, execution_date=20260329T203416, start_date=20260329T203419, end_date=20260329T203421
[2026-03-29T20:34:21.025+0000] {standard_task_runner.py:107} ERROR - Failed to execute job 103 for task run_master_dwh (Bash command failed. The command returned a non-zero exit code 1.; 606)
[2026-03-29T20:34:21.081+0000] {local_task_job_runner.py:234} INFO - Task exited with return code 1
[2026-03-29T20:34:21.114+0000] {taskinstance.py:3280} INFO - 0 downstream tasks scheduled from follow-on schedule check
