[2026-04-21T19:34:12.183+0000] {taskinstance.py:1956} INFO - Dependencies all met for dep_context=non-requeueable deps ti=<TaskInstance: talend_dwh_pipeline.run_master_dwh manual__2026-04-21T19:34:06.747268+00:00 [queued]>
[2026-04-21T19:34:12.202+0000] {taskinstance.py:1956} INFO - Dependencies all met for dep_context=requeueable deps ti=<TaskInstance: talend_dwh_pipeline.run_master_dwh manual__2026-04-21T19:34:06.747268+00:00 [queued]>
[2026-04-21T19:34:12.205+0000] {taskinstance.py:2170} INFO - Starting attempt 1 of 2
[2026-04-21T19:34:12.239+0000] {taskinstance.py:2191} INFO - Executing <Task(BashOperator): run_master_dwh> on 2026-04-21 19:34:06.747268+00:00
[2026-04-21T19:34:12.252+0000] {standard_task_runner.py:60} INFO - Started process 174 to run task
[2026-04-21T19:34:12.260+0000] {standard_task_runner.py:87} INFO - Running: ['***', 'tasks', 'run', 'talend_dwh_pipeline', 'run_master_dwh', 'manual__2026-04-21T19:34:06.747268+00:00', '--job-id', '275', '--raw', '--subdir', 'DAGS_FOLDER/talend_dwh_pipeline.py', '--cfg-path', '/tmp/tmpn1zwjbov']
[2026-04-21T19:34:12.268+0000] {standard_task_runner.py:88} INFO - Job 275: Subtask run_master_dwh
[2026-04-21T19:34:12.426+0000] {task_command.py:423} INFO - Running <TaskInstance: talend_dwh_pipeline.run_master_dwh manual__2026-04-21T19:34:06.747268+00:00 [running]> on host aae99a7b755a
[2026-04-21T19:34:12.679+0000] {taskinstance.py:2480} INFO - Exporting env vars: AIRFLOW_CTX_DAG_EMAIL='chouchenemariem505@gmail.com' AIRFLOW_CTX_DAG_OWNER='***' AIRFLOW_CTX_DAG_ID='talend_dwh_pipeline' AIRFLOW_CTX_TASK_ID='run_master_dwh' AIRFLOW_CTX_EXECUTION_DATE='2026-04-21T19:34:06.747268+00:00' AIRFLOW_CTX_TRY_NUMBER='1' AIRFLOW_CTX_DAG_RUN_ID='manual__2026-04-21T19:34:06.747268+00:00'
[2026-04-21T19:34:12.685+0000] {subprocess.py:63} INFO - Tmp dir root location: /tmp
[2026-04-21T19:34:12.691+0000] {subprocess.py:75} INFO - Running command: ['/usr/bin/bash', '-c', 'bash /opt/***/talend_jobs/MASTER_DWH/MASTER_DWH_run.sh --context_param dbHost=host.docker.internal --context_param dbPort=1433 --context_param dbName=event_DWH --context_param dbUser=bi --context_param dbPassword=bi --context_param dbSchema=dbo ']
[2026-04-21T19:34:12.732+0000] {subprocess.py:86} INFO - Output:
[2026-04-21T19:36:32.378+0000] {subprocess.py:93} INFO - L'instruction INSERT est en conflit avec la contrainte FOREIGN KEY "FK__FACT_VENT__id_be__68487DD7". Le conflit s'est produit dans la base de données "event_DWH", table "dbo.Dim_Beneficiary", column 'id_beneficiary'.
[2026-04-21T19:36:34.380+0000] {subprocess.py:93} INFO - L'instruction INSERT est en conflit avec la contrainte FOREIGN KEY "FK__FACT_VENT__id_be__68487DD7". Le conflit s'est produit dans la base de données "event_DWH", table "dbo.Dim_Beneficiary", column 'id_beneficiary'.
[2026-04-21T19:36:35.536+0000] {subprocess.py:93} INFO - L'instruction INSERT est en conflit avec la contrainte FOREIGN KEY "FK__FACT_VENT__id_be__68487DD7". Le conflit s'est produit dans la base de données "event_DWH", table "dbo.Dim_Beneficiary", column 'id_beneficiary'.
[2026-04-21T19:36:35.638+0000] {subprocess.py:93} INFO - L'instruction INSERT est en conflit avec la contrainte FOREIGN KEY "FK__FACT_VENT__id_be__68487DD7". Le conflit s'est produit dans la base de données "event_DWH", table "dbo.Dim_Beneficiary", column 'id_beneficiary'.
[2026-04-21T19:36:35.644+0000] {subprocess.py:93} INFO - L'instruction INSERT est en conflit avec la contrainte FOREIGN KEY "FK__FACT_VENT__id_be__68487DD7". Le conflit s'est produit dans la base de données "event_DWH", table "dbo.Dim_Beneficiary", column 'id_beneficiary'.
[2026-04-21T19:36:37.440+0000] {subprocess.py:93} INFO - L'instruction INSERT est en conflit avec la contrainte FOREIGN KEY "FK__FACT_VENT__id_be__68487DD7". Le conflit s'est produit dans la base de données "event_DWH", table "dbo.Dim_Beneficiary", column 'id_beneficiary'.
[2026-04-21T19:36:37.847+0000] {subprocess.py:93} INFO - L'instruction INSERT est en conflit avec la contrainte FOREIGN KEY "FK__FACT_VENT__id_be__68487DD7". Le conflit s'est produit dans la base de données "event_DWH", table "dbo.Dim_Beneficiary", column 'id_beneficiary'.
[2026-04-21T19:36:37.974+0000] {subprocess.py:93} INFO - L'instruction INSERT est en conflit avec la contrainte FOREIGN KEY "FK__FACT_VENT__id_be__68487DD7". Le conflit s'est produit dans la base de données "event_DWH", table "dbo.Dim_Beneficiary", column 'id_beneficiary'.
[2026-04-21T19:36:38.427+0000] {subprocess.py:93} INFO - L'instruction INSERT est en conflit avec la contrainte FOREIGN KEY "FK__FACT_VENT__id_be__68487DD7". Le conflit s'est produit dans la base de données "event_DWH", table "dbo.Dim_Beneficiary", column 'id_beneficiary'.
[2026-04-21T19:36:38.485+0000] {subprocess.py:93} INFO - L'instruction INSERT est en conflit avec la contrainte FOREIGN KEY "FK__FACT_VENT__id_be__68487DD7". Le conflit s'est produit dans la base de données "event_DWH", table "dbo.Dim_Beneficiary", column 'id_beneficiary'.
[2026-04-21T19:36:38.648+0000] {subprocess.py:93} INFO - L'instruction INSERT est en conflit avec la contrainte FOREIGN KEY "FK__FACT_VENT__id_be__68487DD7". Le conflit s'est produit dans la base de données "event_DWH", table "dbo.Dim_Beneficiary", column 'id_beneficiary'.
[2026-04-21T19:36:39.402+0000] {subprocess.py:93} INFO - L'instruction INSERT est en conflit avec la contrainte FOREIGN KEY "FK__FACT_VENT__id_be__68487DD7". Le conflit s'est produit dans la base de données "event_DWH", table "dbo.Dim_Beneficiary", column 'id_beneficiary'.
[2026-04-21T19:36:40.021+0000] {subprocess.py:93} INFO - L'instruction INSERT est en conflit avec la contrainte FOREIGN KEY "FK__FACT_VENT__id_be__68487DD7". Le conflit s'est produit dans la base de données "event_DWH", table "dbo.Dim_Beneficiary", column 'id_beneficiary'.
[2026-04-21T19:36:42.406+0000] {subprocess.py:93} INFO - L'instruction INSERT est en conflit avec la contrainte FOREIGN KEY "FK__FACT_VENT__id_be__68487DD7". Le conflit s'est produit dans la base de données "event_DWH", table "dbo.Dim_Beneficiary", column 'id_beneficiary'.
[2026-04-21T19:36:42.795+0000] {subprocess.py:93} INFO - L'instruction INSERT est en conflit avec la contrainte FOREIGN KEY "FK__FACT_VENT__id_be__68487DD7". Le conflit s'est produit dans la base de données "event_DWH", table "dbo.Dim_Beneficiary", column 'id_beneficiary'.
[2026-04-21T19:36:42.912+0000] {subprocess.py:93} INFO - L'instruction INSERT est en conflit avec la contrainte FOREIGN KEY "FK__FACT_VENT__id_be__68487DD7". Le conflit s'est produit dans la base de données "event_DWH", table "dbo.Dim_Beneficiary", column 'id_beneficiary'.
[2026-04-21T19:36:43.841+0000] {subprocess.py:93} INFO - L'instruction INSERT est en conflit avec la contrainte FOREIGN KEY "FK__FACT_VENT__id_be__68487DD7". Le conflit s'est produit dans la base de données "event_DWH", table "dbo.Dim_Beneficiary", column 'id_beneficiary'.
[2026-04-21T19:36:44.214+0000] {subprocess.py:93} INFO - L'instruction INSERT est en conflit avec la contrainte FOREIGN KEY "FK__FACT_VENT__id_be__68487DD7". Le conflit s'est produit dans la base de données "event_DWH", table "dbo.Dim_Beneficiary", column 'id_beneficiary'.
[2026-04-21T19:36:44.744+0000] {subprocess.py:93} INFO - L'instruction INSERT est en conflit avec la contrainte FOREIGN KEY "FK__FACT_VENT__id_be__68487DD7". Le conflit s'est produit dans la base de données "event_DWH", table "dbo.Dim_Beneficiary", column 'id_beneficiary'.
[2026-04-21T19:36:45.304+0000] {subprocess.py:97} INFO - Command exited with return code 0
[2026-04-21T19:36:45.331+0000] {taskinstance.py:1138} INFO - Marking task as SUCCESS. dag_id=talend_dwh_pipeline, task_id=run_master_dwh, execution_date=20260421T193406, start_date=20260421T193412, end_date=20260421T193645
[2026-04-21T19:36:45.363+0000] {local_task_job_runner.py:234} INFO - Task exited with return code 0
[2026-04-21T19:36:45.390+0000] {taskinstance.py:3280} INFO - 1 downstream tasks scheduled from follow-on schedule check
