[2026-04-21T19:33:31.671+0000] {processor.py:161} INFO - Started process (PID=52) to work on /opt/airflow/dags/talend_dwh_pipeline.py
[2026-04-21T19:33:31.676+0000] {processor.py:830} INFO - Processing file /opt/airflow/dags/talend_dwh_pipeline.py for tasks to queue
[2026-04-21T19:33:31.681+0000] {logging_mixin.py:188} INFO - [2026-04-21T19:33:31.681+0000] {dagbag.py:538} INFO - Filling up the DagBag from /opt/airflow/dags/talend_dwh_pipeline.py
[2026-04-21T19:33:31.754+0000] {processor.py:840} INFO - DAG(s) 'talend_dwh_pipeline' retrieved from /opt/airflow/dags/talend_dwh_pipeline.py
[2026-04-21T19:33:31.856+0000] {logging_mixin.py:188} INFO - [2026-04-21T19:33:31.854+0000] {dag.py:3036} INFO - Sync 1 DAGs
[2026-04-21T19:33:31.924+0000] {logging_mixin.py:188} INFO - [2026-04-21T19:33:31.923+0000] {dag.py:3823} INFO - Setting next_dagrun for talend_dwh_pipeline to 2026-04-20 00:00:00+00:00, run_after=2026-04-21 00:00:00+00:00
[2026-04-21T19:33:31.990+0000] {processor.py:183} INFO - Processing /opt/airflow/dags/talend_dwh_pipeline.py took 0.331 seconds
[2026-04-21T19:34:02.679+0000] {processor.py:161} INFO - Started process (PID=115) to work on /opt/airflow/dags/talend_dwh_pipeline.py
[2026-04-21T19:34:02.682+0000] {processor.py:830} INFO - Processing file /opt/airflow/dags/talend_dwh_pipeline.py for tasks to queue
[2026-04-21T19:34:02.687+0000] {logging_mixin.py:188} INFO - [2026-04-21T19:34:02.686+0000] {dagbag.py:538} INFO - Filling up the DagBag from /opt/airflow/dags/talend_dwh_pipeline.py
[2026-04-21T19:34:02.742+0000] {processor.py:840} INFO - DAG(s) 'talend_dwh_pipeline' retrieved from /opt/airflow/dags/talend_dwh_pipeline.py
[2026-04-21T19:34:02.803+0000] {logging_mixin.py:188} INFO - [2026-04-21T19:34:02.802+0000] {dag.py:3036} INFO - Sync 1 DAGs
[2026-04-21T19:34:02.877+0000] {logging_mixin.py:188} INFO - [2026-04-21T19:34:02.876+0000] {dag.py:3823} INFO - Setting next_dagrun for talend_dwh_pipeline to 2026-04-21 00:00:00+00:00, run_after=2026-04-22 00:00:00+00:00
[2026-04-21T19:34:02.936+0000] {processor.py:183} INFO - Processing /opt/airflow/dags/talend_dwh_pipeline.py took 0.268 seconds
[2026-04-21T19:34:33.079+0000] {processor.py:161} INFO - Started process (PID=172) to work on /opt/airflow/dags/talend_dwh_pipeline.py
[2026-04-21T19:34:33.082+0000] {processor.py:830} INFO - Processing file /opt/airflow/dags/talend_dwh_pipeline.py for tasks to queue
[2026-04-21T19:34:33.091+0000] {logging_mixin.py:188} INFO - [2026-04-21T19:34:33.090+0000] {dagbag.py:538} INFO - Filling up the DagBag from /opt/airflow/dags/talend_dwh_pipeline.py
[2026-04-21T19:34:33.197+0000] {processor.py:840} INFO - DAG(s) 'talend_dwh_pipeline' retrieved from /opt/airflow/dags/talend_dwh_pipeline.py
[2026-04-21T19:34:33.268+0000] {logging_mixin.py:188} INFO - [2026-04-21T19:34:33.267+0000] {dag.py:3036} INFO - Sync 1 DAGs
[2026-04-21T19:34:33.352+0000] {logging_mixin.py:188} INFO - [2026-04-21T19:34:33.351+0000] {dag.py:3823} INFO - Setting next_dagrun for talend_dwh_pipeline to 2026-04-21 00:00:00+00:00, run_after=2026-04-22 00:00:00+00:00
[2026-04-21T19:34:33.422+0000] {processor.py:183} INFO - Processing /opt/airflow/dags/talend_dwh_pipeline.py took 0.354 seconds
[2026-04-21T19:35:03.741+0000] {processor.py:161} INFO - Started process (PID=230) to work on /opt/airflow/dags/talend_dwh_pipeline.py
[2026-04-21T19:35:03.743+0000] {processor.py:830} INFO - Processing file /opt/airflow/dags/talend_dwh_pipeline.py for tasks to queue
[2026-04-21T19:35:03.749+0000] {logging_mixin.py:188} INFO - [2026-04-21T19:35:03.748+0000] {dagbag.py:538} INFO - Filling up the DagBag from /opt/airflow/dags/talend_dwh_pipeline.py
[2026-04-21T19:35:03.787+0000] {processor.py:840} INFO - DAG(s) 'talend_dwh_pipeline' retrieved from /opt/airflow/dags/talend_dwh_pipeline.py
[2026-04-21T19:35:03.827+0000] {logging_mixin.py:188} INFO - [2026-04-21T19:35:03.827+0000] {dag.py:3036} INFO - Sync 1 DAGs
[2026-04-21T19:35:03.873+0000] {logging_mixin.py:188} INFO - [2026-04-21T19:35:03.873+0000] {dag.py:3823} INFO - Setting next_dagrun for talend_dwh_pipeline to 2026-04-21 00:00:00+00:00, run_after=2026-04-22 00:00:00+00:00
[2026-04-21T19:35:03.916+0000] {processor.py:183} INFO - Processing /opt/airflow/dags/talend_dwh_pipeline.py took 0.183 seconds
[2026-04-21T19:35:34.205+0000] {processor.py:161} INFO - Started process (PID=288) to work on /opt/airflow/dags/talend_dwh_pipeline.py
[2026-04-21T19:35:34.208+0000] {processor.py:830} INFO - Processing file /opt/airflow/dags/talend_dwh_pipeline.py for tasks to queue
[2026-04-21T19:35:34.213+0000] {logging_mixin.py:188} INFO - [2026-04-21T19:35:34.212+0000] {dagbag.py:538} INFO - Filling up the DagBag from /opt/airflow/dags/talend_dwh_pipeline.py
[2026-04-21T19:35:34.262+0000] {processor.py:840} INFO - DAG(s) 'talend_dwh_pipeline' retrieved from /opt/airflow/dags/talend_dwh_pipeline.py
[2026-04-21T19:35:34.318+0000] {logging_mixin.py:188} INFO - [2026-04-21T19:35:34.318+0000] {dag.py:3036} INFO - Sync 1 DAGs
[2026-04-21T19:35:34.421+0000] {logging_mixin.py:188} INFO - [2026-04-21T19:35:34.418+0000] {dag.py:3823} INFO - Setting next_dagrun for talend_dwh_pipeline to 2026-04-21 00:00:00+00:00, run_after=2026-04-22 00:00:00+00:00
[2026-04-21T19:35:34.479+0000] {processor.py:183} INFO - Processing /opt/airflow/dags/talend_dwh_pipeline.py took 0.285 seconds
[2026-04-21T19:36:04.913+0000] {processor.py:161} INFO - Started process (PID=345) to work on /opt/airflow/dags/talend_dwh_pipeline.py
[2026-04-21T19:36:04.915+0000] {processor.py:830} INFO - Processing file /opt/airflow/dags/talend_dwh_pipeline.py for tasks to queue
[2026-04-21T19:36:04.923+0000] {logging_mixin.py:188} INFO - [2026-04-21T19:36:04.922+0000] {dagbag.py:538} INFO - Filling up the DagBag from /opt/airflow/dags/talend_dwh_pipeline.py
[2026-04-21T19:36:04.966+0000] {processor.py:840} INFO - DAG(s) 'talend_dwh_pipeline' retrieved from /opt/airflow/dags/talend_dwh_pipeline.py
[2026-04-21T19:36:05.020+0000] {logging_mixin.py:188} INFO - [2026-04-21T19:36:05.018+0000] {dag.py:3036} INFO - Sync 1 DAGs
[2026-04-21T19:36:05.081+0000] {logging_mixin.py:188} INFO - [2026-04-21T19:36:05.080+0000] {dag.py:3823} INFO - Setting next_dagrun for talend_dwh_pipeline to 2026-04-21 00:00:00+00:00, run_after=2026-04-22 00:00:00+00:00
[2026-04-21T19:36:05.142+0000] {processor.py:183} INFO - Processing /opt/airflow/dags/talend_dwh_pipeline.py took 0.235 seconds
[2026-04-21T19:36:35.848+0000] {processor.py:161} INFO - Started process (PID=403) to work on /opt/airflow/dags/talend_dwh_pipeline.py
[2026-04-21T19:36:35.849+0000] {processor.py:830} INFO - Processing file /opt/airflow/dags/talend_dwh_pipeline.py for tasks to queue
[2026-04-21T19:36:35.853+0000] {logging_mixin.py:188} INFO - [2026-04-21T19:36:35.851+0000] {dagbag.py:538} INFO - Filling up the DagBag from /opt/airflow/dags/talend_dwh_pipeline.py
[2026-04-21T19:36:35.881+0000] {processor.py:840} INFO - DAG(s) 'talend_dwh_pipeline' retrieved from /opt/airflow/dags/talend_dwh_pipeline.py
[2026-04-21T19:36:35.912+0000] {logging_mixin.py:188} INFO - [2026-04-21T19:36:35.912+0000] {dag.py:3036} INFO - Sync 1 DAGs
[2026-04-21T19:36:35.947+0000] {logging_mixin.py:188} INFO - [2026-04-21T19:36:35.947+0000] {dag.py:3823} INFO - Setting next_dagrun for talend_dwh_pipeline to 2026-04-21 00:00:00+00:00, run_after=2026-04-22 00:00:00+00:00
[2026-04-21T19:36:35.983+0000] {processor.py:183} INFO - Processing /opt/airflow/dags/talend_dwh_pipeline.py took 0.140 seconds
[2026-04-21T19:37:06.586+0000] {processor.py:161} INFO - Started process (PID=460) to work on /opt/airflow/dags/talend_dwh_pipeline.py
[2026-04-21T19:37:06.591+0000] {processor.py:830} INFO - Processing file /opt/airflow/dags/talend_dwh_pipeline.py for tasks to queue
[2026-04-21T19:37:06.596+0000] {logging_mixin.py:188} INFO - [2026-04-21T19:37:06.595+0000] {dagbag.py:538} INFO - Filling up the DagBag from /opt/airflow/dags/talend_dwh_pipeline.py
[2026-04-21T19:37:06.667+0000] {processor.py:840} INFO - DAG(s) 'talend_dwh_pipeline' retrieved from /opt/airflow/dags/talend_dwh_pipeline.py
[2026-04-21T19:37:06.740+0000] {logging_mixin.py:188} INFO - [2026-04-21T19:37:06.739+0000] {dag.py:3036} INFO - Sync 1 DAGs
[2026-04-21T19:37:06.830+0000] {logging_mixin.py:188} INFO - [2026-04-21T19:37:06.829+0000] {dag.py:3823} INFO - Setting next_dagrun for talend_dwh_pipeline to 2026-04-21 00:00:00+00:00, run_after=2026-04-22 00:00:00+00:00
[2026-04-21T19:37:06.926+0000] {processor.py:183} INFO - Processing /opt/airflow/dags/talend_dwh_pipeline.py took 0.354 seconds
[2026-04-21T19:37:37.389+0000] {processor.py:161} INFO - Started process (PID=517) to work on /opt/airflow/dags/talend_dwh_pipeline.py
[2026-04-21T19:37:37.579+0000] {processor.py:830} INFO - Processing file /opt/airflow/dags/talend_dwh_pipeline.py for tasks to queue
[2026-04-21T19:37:37.584+0000] {logging_mixin.py:188} INFO - [2026-04-21T19:37:37.583+0000] {dagbag.py:538} INFO - Filling up the DagBag from /opt/airflow/dags/talend_dwh_pipeline.py
[2026-04-21T19:37:37.653+0000] {processor.py:840} INFO - DAG(s) 'talend_dwh_pipeline' retrieved from /opt/airflow/dags/talend_dwh_pipeline.py
[2026-04-21T19:37:37.675+0000] {logging_mixin.py:188} INFO - [2026-04-21T19:37:37.675+0000] {dag.py:3036} INFO - Sync 1 DAGs
[2026-04-21T19:37:37.695+0000] {logging_mixin.py:188} INFO - [2026-04-21T19:37:37.695+0000] {dag.py:3823} INFO - Setting next_dagrun for talend_dwh_pipeline to 2026-04-21 00:00:00+00:00, run_after=2026-04-22 00:00:00+00:00
[2026-04-21T19:37:37.973+0000] {processor.py:183} INFO - Processing /opt/airflow/dags/talend_dwh_pipeline.py took 0.589 seconds
[2026-04-21T19:38:08.116+0000] {processor.py:161} INFO - Started process (PID=574) to work on /opt/airflow/dags/talend_dwh_pipeline.py
[2026-04-21T19:38:08.118+0000] {processor.py:830} INFO - Processing file /opt/airflow/dags/talend_dwh_pipeline.py for tasks to queue
[2026-04-21T19:38:08.120+0000] {logging_mixin.py:188} INFO - [2026-04-21T19:38:08.120+0000] {dagbag.py:538} INFO - Filling up the DagBag from /opt/airflow/dags/talend_dwh_pipeline.py
[2026-04-21T19:38:08.147+0000] {processor.py:840} INFO - DAG(s) 'talend_dwh_pipeline' retrieved from /opt/airflow/dags/talend_dwh_pipeline.py
[2026-04-21T19:38:08.180+0000] {logging_mixin.py:188} INFO - [2026-04-21T19:38:08.180+0000] {dag.py:3036} INFO - Sync 1 DAGs
[2026-04-21T19:38:08.221+0000] {logging_mixin.py:188} INFO - [2026-04-21T19:38:08.220+0000] {dag.py:3823} INFO - Setting next_dagrun for talend_dwh_pipeline to 2026-04-21 00:00:00+00:00, run_after=2026-04-22 00:00:00+00:00
[2026-04-21T19:38:08.246+0000] {processor.py:183} INFO - Processing /opt/airflow/dags/talend_dwh_pipeline.py took 0.134 seconds
[2026-04-21T19:38:38.704+0000] {processor.py:161} INFO - Started process (PID=631) to work on /opt/airflow/dags/talend_dwh_pipeline.py
[2026-04-21T19:38:38.705+0000] {processor.py:830} INFO - Processing file /opt/airflow/dags/talend_dwh_pipeline.py for tasks to queue
[2026-04-21T19:38:38.707+0000] {logging_mixin.py:188} INFO - [2026-04-21T19:38:38.707+0000] {dagbag.py:538} INFO - Filling up the DagBag from /opt/airflow/dags/talend_dwh_pipeline.py
[2026-04-21T19:38:38.726+0000] {processor.py:840} INFO - DAG(s) 'talend_dwh_pipeline' retrieved from /opt/airflow/dags/talend_dwh_pipeline.py
[2026-04-21T19:38:38.747+0000] {logging_mixin.py:188} INFO - [2026-04-21T19:38:38.746+0000] {dag.py:3036} INFO - Sync 1 DAGs
[2026-04-21T19:38:38.769+0000] {logging_mixin.py:188} INFO - [2026-04-21T19:38:38.769+0000] {dag.py:3823} INFO - Setting next_dagrun for talend_dwh_pipeline to 2026-04-21 00:00:00+00:00, run_after=2026-04-22 00:00:00+00:00
[2026-04-21T19:38:38.793+0000] {processor.py:183} INFO - Processing /opt/airflow/dags/talend_dwh_pipeline.py took 0.092 seconds
[2026-04-21T19:39:08.954+0000] {processor.py:161} INFO - Started process (PID=688) to work on /opt/airflow/dags/talend_dwh_pipeline.py
[2026-04-21T19:39:08.955+0000] {processor.py:830} INFO - Processing file /opt/airflow/dags/talend_dwh_pipeline.py for tasks to queue
[2026-04-21T19:39:08.959+0000] {logging_mixin.py:188} INFO - [2026-04-21T19:39:08.958+0000] {dagbag.py:538} INFO - Filling up the DagBag from /opt/airflow/dags/talend_dwh_pipeline.py
[2026-04-21T19:39:08.991+0000] {processor.py:840} INFO - DAG(s) 'talend_dwh_pipeline' retrieved from /opt/airflow/dags/talend_dwh_pipeline.py
[2026-04-21T19:39:09.020+0000] {logging_mixin.py:188} INFO - [2026-04-21T19:39:09.020+0000] {dag.py:3036} INFO - Sync 1 DAGs
[2026-04-21T19:39:09.048+0000] {logging_mixin.py:188} INFO - [2026-04-21T19:39:09.048+0000] {dag.py:3823} INFO - Setting next_dagrun for talend_dwh_pipeline to 2026-04-21 00:00:00+00:00, run_after=2026-04-22 00:00:00+00:00
[2026-04-21T19:39:09.099+0000] {processor.py:183} INFO - Processing /opt/airflow/dags/talend_dwh_pipeline.py took 0.151 seconds
[2026-04-21T19:39:39.522+0000] {processor.py:161} INFO - Started process (PID=745) to work on /opt/airflow/dags/talend_dwh_pipeline.py
[2026-04-21T19:39:39.523+0000] {processor.py:830} INFO - Processing file /opt/airflow/dags/talend_dwh_pipeline.py for tasks to queue
[2026-04-21T19:39:39.526+0000] {logging_mixin.py:188} INFO - [2026-04-21T19:39:39.525+0000] {dagbag.py:538} INFO - Filling up the DagBag from /opt/airflow/dags/talend_dwh_pipeline.py
[2026-04-21T19:39:39.547+0000] {processor.py:840} INFO - DAG(s) 'talend_dwh_pipeline' retrieved from /opt/airflow/dags/talend_dwh_pipeline.py
[2026-04-21T19:39:39.571+0000] {logging_mixin.py:188} INFO - [2026-04-21T19:39:39.571+0000] {dag.py:3036} INFO - Sync 1 DAGs
[2026-04-21T19:39:39.595+0000] {logging_mixin.py:188} INFO - [2026-04-21T19:39:39.595+0000] {dag.py:3823} INFO - Setting next_dagrun for talend_dwh_pipeline to 2026-04-21 00:00:00+00:00, run_after=2026-04-22 00:00:00+00:00
[2026-04-21T19:39:39.623+0000] {processor.py:183} INFO - Processing /opt/airflow/dags/talend_dwh_pipeline.py took 0.105 seconds
