[2026-04-16T00:02:25.525+0000] {taskinstance.py:1956} INFO - Dependencies all met for dep_context=non-requeueable deps ti=<TaskInstance: talend_dwh_pipeline.success_email scheduled__2026-04-15T00:00:00+00:00 [queued]>
[2026-04-16T00:02:25.540+0000] {taskinstance.py:1956} INFO - Dependencies all met for dep_context=requeueable deps ti=<TaskInstance: talend_dwh_pipeline.success_email scheduled__2026-04-15T00:00:00+00:00 [queued]>
[2026-04-16T00:02:25.541+0000] {taskinstance.py:2170} INFO - Starting attempt 1 of 2
[2026-04-16T00:02:25.562+0000] {taskinstance.py:2191} INFO - Executing <Task(EmailOperator): success_email> on 2026-04-15 00:00:00+00:00
[2026-04-16T00:02:25.571+0000] {standard_task_runner.py:60} INFO - Started process 8300 to run task
[2026-04-16T00:02:25.577+0000] {standard_task_runner.py:87} INFO - Running: ['***', 'tasks', 'run', 'talend_dwh_pipeline', 'success_email', 'scheduled__2026-04-15T00:00:00+00:00', '--job-id', '258', '--raw', '--subdir', 'DAGS_FOLDER/talend_dwh_pipeline.py', '--cfg-path', '/tmp/tmpr7vju14a']
[2026-04-16T00:02:25.581+0000] {standard_task_runner.py:88} INFO - Job 258: Subtask success_email
[2026-04-16T00:02:25.668+0000] {task_command.py:423} INFO - Running <TaskInstance: talend_dwh_pipeline.success_email scheduled__2026-04-15T00:00:00+00:00 [running]> on host b5bb32d10d04
[2026-04-16T00:02:25.784+0000] {taskinstance.py:2480} INFO - Exporting env vars: AIRFLOW_CTX_DAG_EMAIL='chouchenemariem505@gmail.com' AIRFLOW_CTX_DAG_OWNER='***' AIRFLOW_CTX_DAG_ID='talend_dwh_pipeline' AIRFLOW_CTX_TASK_ID='success_email' AIRFLOW_CTX_EXECUTION_DATE='2026-04-15T00:00:00+00:00' AIRFLOW_CTX_TRY_NUMBER='1' AIRFLOW_CTX_DAG_RUN_ID='scheduled__2026-04-15T00:00:00+00:00'
[2026-04-16T00:02:25.811+0000] {base.py:83} INFO - Using connection ID 'smtp_default' for task execution.
[2026-04-16T00:02:25.812+0000] {email.py:270} INFO - Email alerting: attempt 1
[2026-04-16T00:02:29.835+0000] {taskinstance.py:2698} ERROR - Task failed with exception
Traceback (most recent call last):
  File "/home/airflow/.local/lib/python3.8/site-packages/airflow/models/taskinstance.py", line 433, in _execute_task
    result = execute_callable(context=context, **execute_callable_kwargs)
  File "/home/airflow/.local/lib/python3.8/site-packages/airflow/operators/email.py", line 79, in execute
    send_email(
  File "/home/airflow/.local/lib/python3.8/site-packages/airflow/utils/email.py", line 80, in send_email
    return backend(
  File "/home/airflow/.local/lib/python3.8/site-packages/airflow/utils/email.py", line 154, in send_email_smtp
    send_mime_email(e_from=mail_from, e_to=recipients, mime_msg=msg, conn_id=conn_id, dryrun=dryrun)
  File "/home/airflow/.local/lib/python3.8/site-packages/airflow/utils/email.py", line 272, in send_mime_email
    smtp_conn = _get_smtp_connection(smtp_host, smtp_port, smtp_timeout, smtp_ssl)
  File "/home/airflow/.local/lib/python3.8/site-packages/airflow/utils/email.py", line 316, in _get_smtp_connection
    return smtplib.SMTP(host=host, port=port, timeout=timeout)
  File "/usr/local/lib/python3.8/smtplib.py", line 255, in __init__
    (code, msg) = self.connect(host, port)
  File "/usr/local/lib/python3.8/smtplib.py", line 339, in connect
    self.sock = self._get_socket(host, port, self.timeout)
  File "/usr/local/lib/python3.8/smtplib.py", line 310, in _get_socket
    return socket.create_connection((host, port), timeout,
  File "/usr/local/lib/python3.8/socket.py", line 787, in create_connection
    for res in getaddrinfo(host, port, 0, SOCK_STREAM):
  File "/usr/local/lib/python3.8/socket.py", line 918, in getaddrinfo
    for res in _socket.getaddrinfo(host, port, family, type, proto, flags):
socket.gaierror: [Errno -5] No address associated with hostname
[2026-04-16T00:02:29.847+0000] {taskinstance.py:1138} INFO - Marking task as UP_FOR_RETRY. dag_id=talend_dwh_pipeline, task_id=success_email, execution_date=20260415T000000, start_date=20260416T000225, end_date=20260416T000229
[2026-04-16T00:02:29.868+0000] {standard_task_runner.py:107} ERROR - Failed to execute job 258 for task success_email ([Errno -5] No address associated with hostname; 8300)
[2026-04-16T00:02:29.895+0000] {local_task_job_runner.py:234} INFO - Task exited with return code 1
[2026-04-16T00:02:29.912+0000] {taskinstance.py:3280} INFO - 0 downstream tasks scheduled from follow-on schedule check
