[2026-04-21T19:33:32.036+0000] {processor.py:161} INFO - Started process (PID=60) to work on /home/airflow/.local/lib/python3.8/site-packages/airflow/example_dags/example_bash_operator.py
[2026-04-21T19:33:32.037+0000] {processor.py:830} INFO - Processing file /home/airflow/.local/lib/python3.8/site-packages/airflow/example_dags/example_bash_operator.py for tasks to queue
[2026-04-21T19:33:32.041+0000] {logging_mixin.py:188} INFO - [2026-04-21T19:33:32.040+0000] {dagbag.py:538} INFO - Filling up the DagBag from /home/airflow/.local/lib/python3.8/site-packages/airflow/example_dags/example_bash_operator.py
[2026-04-21T19:33:32.066+0000] {processor.py:840} INFO - DAG(s) 'example_bash_operator' retrieved from /home/airflow/.local/lib/python3.8/site-packages/airflow/example_dags/example_bash_operator.py
[2026-04-21T19:33:32.134+0000] {logging_mixin.py:188} INFO - [2026-04-21T19:33:32.134+0000] {dag.py:3036} INFO - Sync 1 DAGs
[2026-04-21T19:33:32.193+0000] {logging_mixin.py:188} INFO - [2026-04-21T19:33:32.192+0000] {dag.py:3823} INFO - Setting next_dagrun for example_bash_operator to 2026-04-20 00:00:00+00:00, run_after=2026-04-21 00:00:00+00:00
[2026-04-21T19:33:32.240+0000] {processor.py:183} INFO - Processing /home/airflow/.local/lib/python3.8/site-packages/airflow/example_dags/example_bash_operator.py took 0.210 seconds
[2026-04-21T19:34:02.963+0000] {processor.py:161} INFO - Started process (PID=117) to work on /home/airflow/.local/lib/python3.8/site-packages/airflow/example_dags/example_bash_operator.py
[2026-04-21T19:34:02.965+0000] {processor.py:830} INFO - Processing file /home/airflow/.local/lib/python3.8/site-packages/airflow/example_dags/example_bash_operator.py for tasks to queue
[2026-04-21T19:34:02.969+0000] {logging_mixin.py:188} INFO - [2026-04-21T19:34:02.968+0000] {dagbag.py:538} INFO - Filling up the DagBag from /home/airflow/.local/lib/python3.8/site-packages/airflow/example_dags/example_bash_operator.py
[2026-04-21T19:34:03.000+0000] {processor.py:840} INFO - DAG(s) 'example_bash_operator' retrieved from /home/airflow/.local/lib/python3.8/site-packages/airflow/example_dags/example_bash_operator.py
[2026-04-21T19:34:03.072+0000] {logging_mixin.py:188} INFO - [2026-04-21T19:34:03.070+0000] {dag.py:3036} INFO - Sync 1 DAGs
[2026-04-21T19:34:03.135+0000] {logging_mixin.py:188} INFO - [2026-04-21T19:34:03.135+0000] {dag.py:3823} INFO - Setting next_dagrun for example_bash_operator to 2026-04-20 00:00:00+00:00, run_after=2026-04-21 00:00:00+00:00
[2026-04-21T19:34:03.192+0000] {processor.py:183} INFO - Processing /home/airflow/.local/lib/python3.8/site-packages/airflow/example_dags/example_bash_operator.py took 0.237 seconds
[2026-04-21T19:34:33.520+0000] {processor.py:161} INFO - Started process (PID=174) to work on /home/airflow/.local/lib/python3.8/site-packages/airflow/example_dags/example_bash_operator.py
[2026-04-21T19:34:33.523+0000] {processor.py:830} INFO - Processing file /home/airflow/.local/lib/python3.8/site-packages/airflow/example_dags/example_bash_operator.py for tasks to queue
[2026-04-21T19:34:33.529+0000] {logging_mixin.py:188} INFO - [2026-04-21T19:34:33.528+0000] {dagbag.py:538} INFO - Filling up the DagBag from /home/airflow/.local/lib/python3.8/site-packages/airflow/example_dags/example_bash_operator.py
[2026-04-21T19:34:33.560+0000] {processor.py:840} INFO - DAG(s) 'example_bash_operator' retrieved from /home/airflow/.local/lib/python3.8/site-packages/airflow/example_dags/example_bash_operator.py
[2026-04-21T19:34:33.646+0000] {logging_mixin.py:188} INFO - [2026-04-21T19:34:33.644+0000] {dag.py:3036} INFO - Sync 1 DAGs
[2026-04-21T19:34:33.718+0000] {logging_mixin.py:188} INFO - [2026-04-21T19:34:33.717+0000] {dag.py:3823} INFO - Setting next_dagrun for example_bash_operator to 2026-04-20 00:00:00+00:00, run_after=2026-04-21 00:00:00+00:00
[2026-04-21T19:34:33.764+0000] {processor.py:183} INFO - Processing /home/airflow/.local/lib/python3.8/site-packages/airflow/example_dags/example_bash_operator.py took 0.258 seconds
[2026-04-21T19:35:03.958+0000] {processor.py:161} INFO - Started process (PID=232) to work on /home/airflow/.local/lib/python3.8/site-packages/airflow/example_dags/example_bash_operator.py
[2026-04-21T19:35:03.960+0000] {processor.py:830} INFO - Processing file /home/airflow/.local/lib/python3.8/site-packages/airflow/example_dags/example_bash_operator.py for tasks to queue
[2026-04-21T19:35:03.965+0000] {logging_mixin.py:188} INFO - [2026-04-21T19:35:03.964+0000] {dagbag.py:538} INFO - Filling up the DagBag from /home/airflow/.local/lib/python3.8/site-packages/airflow/example_dags/example_bash_operator.py
[2026-04-21T19:35:03.990+0000] {processor.py:840} INFO - DAG(s) 'example_bash_operator' retrieved from /home/airflow/.local/lib/python3.8/site-packages/airflow/example_dags/example_bash_operator.py
[2026-04-21T19:35:04.049+0000] {logging_mixin.py:188} INFO - [2026-04-21T19:35:04.048+0000] {dag.py:3036} INFO - Sync 1 DAGs
[2026-04-21T19:35:04.097+0000] {logging_mixin.py:188} INFO - [2026-04-21T19:35:04.096+0000] {dag.py:3823} INFO - Setting next_dagrun for example_bash_operator to 2026-04-20 00:00:00+00:00, run_after=2026-04-21 00:00:00+00:00
[2026-04-21T19:35:04.134+0000] {processor.py:183} INFO - Processing /home/airflow/.local/lib/python3.8/site-packages/airflow/example_dags/example_bash_operator.py took 0.183 seconds
[2026-04-21T19:35:34.477+0000] {processor.py:161} INFO - Started process (PID=290) to work on /home/airflow/.local/lib/python3.8/site-packages/airflow/example_dags/example_bash_operator.py
[2026-04-21T19:35:34.479+0000] {processor.py:830} INFO - Processing file /home/airflow/.local/lib/python3.8/site-packages/airflow/example_dags/example_bash_operator.py for tasks to queue
[2026-04-21T19:35:34.483+0000] {logging_mixin.py:188} INFO - [2026-04-21T19:35:34.483+0000] {dagbag.py:538} INFO - Filling up the DagBag from /home/airflow/.local/lib/python3.8/site-packages/airflow/example_dags/example_bash_operator.py
[2026-04-21T19:35:34.521+0000] {processor.py:840} INFO - DAG(s) 'example_bash_operator' retrieved from /home/airflow/.local/lib/python3.8/site-packages/airflow/example_dags/example_bash_operator.py
[2026-04-21T19:35:34.596+0000] {logging_mixin.py:188} INFO - [2026-04-21T19:35:34.595+0000] {dag.py:3036} INFO - Sync 1 DAGs
[2026-04-21T19:35:34.647+0000] {logging_mixin.py:188} INFO - [2026-04-21T19:35:34.647+0000] {dag.py:3823} INFO - Setting next_dagrun for example_bash_operator to 2026-04-20 00:00:00+00:00, run_after=2026-04-21 00:00:00+00:00
[2026-04-21T19:35:34.688+0000] {processor.py:183} INFO - Processing /home/airflow/.local/lib/python3.8/site-packages/airflow/example_dags/example_bash_operator.py took 0.221 seconds
[2026-04-21T19:36:05.179+0000] {processor.py:161} INFO - Started process (PID=347) to work on /home/airflow/.local/lib/python3.8/site-packages/airflow/example_dags/example_bash_operator.py
[2026-04-21T19:36:05.181+0000] {processor.py:830} INFO - Processing file /home/airflow/.local/lib/python3.8/site-packages/airflow/example_dags/example_bash_operator.py for tasks to queue
[2026-04-21T19:36:05.188+0000] {logging_mixin.py:188} INFO - [2026-04-21T19:36:05.188+0000] {dagbag.py:538} INFO - Filling up the DagBag from /home/airflow/.local/lib/python3.8/site-packages/airflow/example_dags/example_bash_operator.py
[2026-04-21T19:36:05.220+0000] {processor.py:840} INFO - DAG(s) 'example_bash_operator' retrieved from /home/airflow/.local/lib/python3.8/site-packages/airflow/example_dags/example_bash_operator.py
[2026-04-21T19:36:05.301+0000] {logging_mixin.py:188} INFO - [2026-04-21T19:36:05.301+0000] {dag.py:3036} INFO - Sync 1 DAGs
[2026-04-21T19:36:05.364+0000] {logging_mixin.py:188} INFO - [2026-04-21T19:36:05.363+0000] {dag.py:3823} INFO - Setting next_dagrun for example_bash_operator to 2026-04-20 00:00:00+00:00, run_after=2026-04-21 00:00:00+00:00
[2026-04-21T19:36:05.412+0000] {processor.py:183} INFO - Processing /home/airflow/.local/lib/python3.8/site-packages/airflow/example_dags/example_bash_operator.py took 0.240 seconds
[2026-04-21T19:36:36.015+0000] {processor.py:161} INFO - Started process (PID=405) to work on /home/airflow/.local/lib/python3.8/site-packages/airflow/example_dags/example_bash_operator.py
[2026-04-21T19:36:36.017+0000] {processor.py:830} INFO - Processing file /home/airflow/.local/lib/python3.8/site-packages/airflow/example_dags/example_bash_operator.py for tasks to queue
[2026-04-21T19:36:36.022+0000] {logging_mixin.py:188} INFO - [2026-04-21T19:36:36.022+0000] {dagbag.py:538} INFO - Filling up the DagBag from /home/airflow/.local/lib/python3.8/site-packages/airflow/example_dags/example_bash_operator.py
[2026-04-21T19:36:36.045+0000] {processor.py:840} INFO - DAG(s) 'example_bash_operator' retrieved from /home/airflow/.local/lib/python3.8/site-packages/airflow/example_dags/example_bash_operator.py
[2026-04-21T19:36:36.101+0000] {logging_mixin.py:188} INFO - [2026-04-21T19:36:36.100+0000] {dag.py:3036} INFO - Sync 1 DAGs
[2026-04-21T19:36:36.148+0000] {logging_mixin.py:188} INFO - [2026-04-21T19:36:36.147+0000] {dag.py:3823} INFO - Setting next_dagrun for example_bash_operator to 2026-04-20 00:00:00+00:00, run_after=2026-04-21 00:00:00+00:00
[2026-04-21T19:36:36.188+0000] {processor.py:183} INFO - Processing /home/airflow/.local/lib/python3.8/site-packages/airflow/example_dags/example_bash_operator.py took 0.177 seconds
[2026-04-21T19:37:07.230+0000] {processor.py:161} INFO - Started process (PID=462) to work on /home/airflow/.local/lib/python3.8/site-packages/airflow/example_dags/example_bash_operator.py
[2026-04-21T19:37:07.243+0000] {processor.py:830} INFO - Processing file /home/airflow/.local/lib/python3.8/site-packages/airflow/example_dags/example_bash_operator.py for tasks to queue
[2026-04-21T19:37:07.247+0000] {logging_mixin.py:188} INFO - [2026-04-21T19:37:07.246+0000] {dagbag.py:538} INFO - Filling up the DagBag from /home/airflow/.local/lib/python3.8/site-packages/airflow/example_dags/example_bash_operator.py
[2026-04-21T19:37:07.277+0000] {processor.py:840} INFO - DAG(s) 'example_bash_operator' retrieved from /home/airflow/.local/lib/python3.8/site-packages/airflow/example_dags/example_bash_operator.py
[2026-04-21T19:37:07.409+0000] {logging_mixin.py:188} INFO - [2026-04-21T19:37:07.408+0000] {dag.py:3036} INFO - Sync 1 DAGs
[2026-04-21T19:37:07.504+0000] {logging_mixin.py:188} INFO - [2026-04-21T19:37:07.499+0000] {dag.py:3823} INFO - Setting next_dagrun for example_bash_operator to 2026-04-20 00:00:00+00:00, run_after=2026-04-21 00:00:00+00:00
[2026-04-21T19:37:07.554+0000] {processor.py:183} INFO - Processing /home/airflow/.local/lib/python3.8/site-packages/airflow/example_dags/example_bash_operator.py took 0.330 seconds
[2026-04-21T19:37:38.003+0000] {processor.py:161} INFO - Started process (PID=519) to work on /home/airflow/.local/lib/python3.8/site-packages/airflow/example_dags/example_bash_operator.py
[2026-04-21T19:37:38.011+0000] {processor.py:830} INFO - Processing file /home/airflow/.local/lib/python3.8/site-packages/airflow/example_dags/example_bash_operator.py for tasks to queue
[2026-04-21T19:37:38.014+0000] {logging_mixin.py:188} INFO - [2026-04-21T19:37:38.013+0000] {dagbag.py:538} INFO - Filling up the DagBag from /home/airflow/.local/lib/python3.8/site-packages/airflow/example_dags/example_bash_operator.py
[2026-04-21T19:37:38.026+0000] {processor.py:840} INFO - DAG(s) 'example_bash_operator' retrieved from /home/airflow/.local/lib/python3.8/site-packages/airflow/example_dags/example_bash_operator.py
[2026-04-21T19:37:38.067+0000] {logging_mixin.py:188} INFO - [2026-04-21T19:37:38.066+0000] {dag.py:3036} INFO - Sync 1 DAGs
[2026-04-21T19:37:38.091+0000] {logging_mixin.py:188} INFO - [2026-04-21T19:37:38.091+0000] {dag.py:3823} INFO - Setting next_dagrun for example_bash_operator to 2026-04-20 00:00:00+00:00, run_after=2026-04-21 00:00:00+00:00
[2026-04-21T19:37:38.165+0000] {processor.py:183} INFO - Processing /home/airflow/.local/lib/python3.8/site-packages/airflow/example_dags/example_bash_operator.py took 0.167 seconds
[2026-04-21T19:38:08.272+0000] {processor.py:161} INFO - Started process (PID=576) to work on /home/airflow/.local/lib/python3.8/site-packages/airflow/example_dags/example_bash_operator.py
[2026-04-21T19:38:08.273+0000] {processor.py:830} INFO - Processing file /home/airflow/.local/lib/python3.8/site-packages/airflow/example_dags/example_bash_operator.py for tasks to queue
[2026-04-21T19:38:08.275+0000] {logging_mixin.py:188} INFO - [2026-04-21T19:38:08.274+0000] {dagbag.py:538} INFO - Filling up the DagBag from /home/airflow/.local/lib/python3.8/site-packages/airflow/example_dags/example_bash_operator.py
[2026-04-21T19:38:08.286+0000] {processor.py:840} INFO - DAG(s) 'example_bash_operator' retrieved from /home/airflow/.local/lib/python3.8/site-packages/airflow/example_dags/example_bash_operator.py
[2026-04-21T19:38:08.314+0000] {logging_mixin.py:188} INFO - [2026-04-21T19:38:08.314+0000] {dag.py:3036} INFO - Sync 1 DAGs
[2026-04-21T19:38:08.335+0000] {logging_mixin.py:188} INFO - [2026-04-21T19:38:08.334+0000] {dag.py:3823} INFO - Setting next_dagrun for example_bash_operator to 2026-04-20 00:00:00+00:00, run_after=2026-04-21 00:00:00+00:00
[2026-04-21T19:38:08.357+0000] {processor.py:183} INFO - Processing /home/airflow/.local/lib/python3.8/site-packages/airflow/example_dags/example_bash_operator.py took 0.089 seconds
[2026-04-21T19:38:38.815+0000] {processor.py:161} INFO - Started process (PID=633) to work on /home/airflow/.local/lib/python3.8/site-packages/airflow/example_dags/example_bash_operator.py
[2026-04-21T19:38:38.816+0000] {processor.py:830} INFO - Processing file /home/airflow/.local/lib/python3.8/site-packages/airflow/example_dags/example_bash_operator.py for tasks to queue
[2026-04-21T19:38:38.819+0000] {logging_mixin.py:188} INFO - [2026-04-21T19:38:38.819+0000] {dagbag.py:538} INFO - Filling up the DagBag from /home/airflow/.local/lib/python3.8/site-packages/airflow/example_dags/example_bash_operator.py
[2026-04-21T19:38:38.829+0000] {processor.py:840} INFO - DAG(s) 'example_bash_operator' retrieved from /home/airflow/.local/lib/python3.8/site-packages/airflow/example_dags/example_bash_operator.py
[2026-04-21T19:38:38.859+0000] {logging_mixin.py:188} INFO - [2026-04-21T19:38:38.859+0000] {dag.py:3036} INFO - Sync 1 DAGs
[2026-04-21T19:38:38.880+0000] {logging_mixin.py:188} INFO - [2026-04-21T19:38:38.879+0000] {dag.py:3823} INFO - Setting next_dagrun for example_bash_operator to 2026-04-20 00:00:00+00:00, run_after=2026-04-21 00:00:00+00:00
[2026-04-21T19:38:38.904+0000] {processor.py:183} INFO - Processing /home/airflow/.local/lib/python3.8/site-packages/airflow/example_dags/example_bash_operator.py took 0.092 seconds
[2026-04-21T19:39:09.146+0000] {processor.py:161} INFO - Started process (PID=690) to work on /home/airflow/.local/lib/python3.8/site-packages/airflow/example_dags/example_bash_operator.py
[2026-04-21T19:39:09.148+0000] {processor.py:830} INFO - Processing file /home/airflow/.local/lib/python3.8/site-packages/airflow/example_dags/example_bash_operator.py for tasks to queue
[2026-04-21T19:39:09.150+0000] {logging_mixin.py:188} INFO - [2026-04-21T19:39:09.150+0000] {dagbag.py:538} INFO - Filling up the DagBag from /home/airflow/.local/lib/python3.8/site-packages/airflow/example_dags/example_bash_operator.py
[2026-04-21T19:39:09.178+0000] {processor.py:840} INFO - DAG(s) 'example_bash_operator' retrieved from /home/airflow/.local/lib/python3.8/site-packages/airflow/example_dags/example_bash_operator.py
[2026-04-21T19:39:09.228+0000] {logging_mixin.py:188} INFO - [2026-04-21T19:39:09.228+0000] {dag.py:3036} INFO - Sync 1 DAGs
[2026-04-21T19:39:09.251+0000] {logging_mixin.py:188} INFO - [2026-04-21T19:39:09.251+0000] {dag.py:3823} INFO - Setting next_dagrun for example_bash_operator to 2026-04-20 00:00:00+00:00, run_after=2026-04-21 00:00:00+00:00
[2026-04-21T19:39:09.273+0000] {processor.py:183} INFO - Processing /home/airflow/.local/lib/python3.8/site-packages/airflow/example_dags/example_bash_operator.py took 0.135 seconds
[2026-04-21T19:39:39.653+0000] {processor.py:161} INFO - Started process (PID=747) to work on /home/airflow/.local/lib/python3.8/site-packages/airflow/example_dags/example_bash_operator.py
[2026-04-21T19:39:39.655+0000] {processor.py:830} INFO - Processing file /home/airflow/.local/lib/python3.8/site-packages/airflow/example_dags/example_bash_operator.py for tasks to queue
[2026-04-21T19:39:39.659+0000] {logging_mixin.py:188} INFO - [2026-04-21T19:39:39.658+0000] {dagbag.py:538} INFO - Filling up the DagBag from /home/airflow/.local/lib/python3.8/site-packages/airflow/example_dags/example_bash_operator.py
[2026-04-21T19:39:39.677+0000] {processor.py:840} INFO - DAG(s) 'example_bash_operator' retrieved from /home/airflow/.local/lib/python3.8/site-packages/airflow/example_dags/example_bash_operator.py
[2026-04-21T19:39:39.705+0000] {logging_mixin.py:188} INFO - [2026-04-21T19:39:39.705+0000] {dag.py:3036} INFO - Sync 1 DAGs
[2026-04-21T19:39:39.731+0000] {logging_mixin.py:188} INFO - [2026-04-21T19:39:39.730+0000] {dag.py:3823} INFO - Setting next_dagrun for example_bash_operator to 2026-04-20 00:00:00+00:00, run_after=2026-04-21 00:00:00+00:00
[2026-04-21T19:39:39.753+0000] {processor.py:183} INFO - Processing /home/airflow/.local/lib/python3.8/site-packages/airflow/example_dags/example_bash_operator.py took 0.104 seconds
