[2026-04-21T19:33:35.528+0000] {processor.py:161} INFO - Started process (PID=86) to work on /home/airflow/.local/lib/python3.8/site-packages/airflow/example_dags/example_branch_datetime_operator.py
[2026-04-21T19:33:35.529+0000] {processor.py:830} INFO - Processing file /home/airflow/.local/lib/python3.8/site-packages/airflow/example_dags/example_branch_datetime_operator.py for tasks to queue
[2026-04-21T19:33:35.532+0000] {logging_mixin.py:188} INFO - [2026-04-21T19:33:35.532+0000] {dagbag.py:538} INFO - Filling up the DagBag from /home/airflow/.local/lib/python3.8/site-packages/airflow/example_dags/example_branch_datetime_operator.py
[2026-04-21T19:33:35.551+0000] {processor.py:840} INFO - DAG(s) 'example_branch_datetime_operator_2', 'example_branch_datetime_operator', 'example_branch_datetime_operator_3' retrieved from /home/airflow/.local/lib/python3.8/site-packages/airflow/example_dags/example_branch_datetime_operator.py
[2026-04-21T19:33:35.592+0000] {logging_mixin.py:188} INFO - [2026-04-21T19:33:35.592+0000] {dag.py:3036} INFO - Sync 3 DAGs
[2026-04-21T19:33:35.631+0000] {logging_mixin.py:188} INFO - [2026-04-21T19:33:35.631+0000] {dag.py:3823} INFO - Setting next_dagrun for example_branch_datetime_operator to 2026-04-20 00:00:00+00:00, run_after=2026-04-21 00:00:00+00:00
[2026-04-21T19:33:35.641+0000] {logging_mixin.py:188} INFO - [2026-04-21T19:33:35.641+0000] {dag.py:3823} INFO - Setting next_dagrun for example_branch_datetime_operator_2 to 2026-04-20 00:00:00+00:00, run_after=2026-04-21 00:00:00+00:00
[2026-04-21T19:33:35.646+0000] {logging_mixin.py:188} INFO - [2026-04-21T19:33:35.645+0000] {dag.py:3823} INFO - Setting next_dagrun for example_branch_datetime_operator_3 to 2026-04-20 00:00:00+00:00, run_after=2026-04-21 00:00:00+00:00
[2026-04-21T19:33:35.683+0000] {processor.py:183} INFO - Processing /home/airflow/.local/lib/python3.8/site-packages/airflow/example_dags/example_branch_datetime_operator.py took 0.160 seconds
[2026-04-21T19:34:08.234+0000] {processor.py:161} INFO - Started process (PID=143) to work on /home/airflow/.local/lib/python3.8/site-packages/airflow/example_dags/example_branch_datetime_operator.py
[2026-04-21T19:34:08.266+0000] {processor.py:830} INFO - Processing file /home/airflow/.local/lib/python3.8/site-packages/airflow/example_dags/example_branch_datetime_operator.py for tasks to queue
[2026-04-21T19:34:08.272+0000] {logging_mixin.py:188} INFO - [2026-04-21T19:34:08.271+0000] {dagbag.py:538} INFO - Filling up the DagBag from /home/airflow/.local/lib/python3.8/site-packages/airflow/example_dags/example_branch_datetime_operator.py
[2026-04-21T19:34:08.314+0000] {processor.py:840} INFO - DAG(s) 'example_branch_datetime_operator_3', 'example_branch_datetime_operator', 'example_branch_datetime_operator_2' retrieved from /home/airflow/.local/lib/python3.8/site-packages/airflow/example_dags/example_branch_datetime_operator.py
[2026-04-21T19:34:08.384+0000] {logging_mixin.py:188} INFO - [2026-04-21T19:34:08.383+0000] {dag.py:3036} INFO - Sync 3 DAGs
[2026-04-21T19:34:08.453+0000] {logging_mixin.py:188} INFO - [2026-04-21T19:34:08.452+0000] {dag.py:3823} INFO - Setting next_dagrun for example_branch_datetime_operator to 2026-04-20 00:00:00+00:00, run_after=2026-04-21 00:00:00+00:00
[2026-04-21T19:34:08.466+0000] {logging_mixin.py:188} INFO - [2026-04-21T19:34:08.465+0000] {dag.py:3823} INFO - Setting next_dagrun for example_branch_datetime_operator_2 to 2026-04-20 00:00:00+00:00, run_after=2026-04-21 00:00:00+00:00
[2026-04-21T19:34:08.475+0000] {logging_mixin.py:188} INFO - [2026-04-21T19:34:08.475+0000] {dag.py:3823} INFO - Setting next_dagrun for example_branch_datetime_operator_3 to 2026-04-20 00:00:00+00:00, run_after=2026-04-21 00:00:00+00:00
[2026-04-21T19:34:08.525+0000] {processor.py:183} INFO - Processing /home/airflow/.local/lib/python3.8/site-packages/airflow/example_dags/example_branch_datetime_operator.py took 0.304 seconds
[2026-04-21T19:34:38.746+0000] {processor.py:161} INFO - Started process (PID=200) to work on /home/airflow/.local/lib/python3.8/site-packages/airflow/example_dags/example_branch_datetime_operator.py
[2026-04-21T19:34:38.749+0000] {processor.py:830} INFO - Processing file /home/airflow/.local/lib/python3.8/site-packages/airflow/example_dags/example_branch_datetime_operator.py for tasks to queue
[2026-04-21T19:34:38.755+0000] {logging_mixin.py:188} INFO - [2026-04-21T19:34:38.754+0000] {dagbag.py:538} INFO - Filling up the DagBag from /home/airflow/.local/lib/python3.8/site-packages/airflow/example_dags/example_branch_datetime_operator.py
[2026-04-21T19:34:38.783+0000] {processor.py:840} INFO - DAG(s) 'example_branch_datetime_operator_2', 'example_branch_datetime_operator_3', 'example_branch_datetime_operator' retrieved from /home/airflow/.local/lib/python3.8/site-packages/airflow/example_dags/example_branch_datetime_operator.py
[2026-04-21T19:34:38.860+0000] {logging_mixin.py:188} INFO - [2026-04-21T19:34:38.859+0000] {dag.py:3036} INFO - Sync 3 DAGs
[2026-04-21T19:34:38.923+0000] {logging_mixin.py:188} INFO - [2026-04-21T19:34:38.923+0000] {dag.py:3823} INFO - Setting next_dagrun for example_branch_datetime_operator to 2026-04-20 00:00:00+00:00, run_after=2026-04-21 00:00:00+00:00
[2026-04-21T19:34:38.937+0000] {logging_mixin.py:188} INFO - [2026-04-21T19:34:38.936+0000] {dag.py:3823} INFO - Setting next_dagrun for example_branch_datetime_operator_2 to 2026-04-20 00:00:00+00:00, run_after=2026-04-21 00:00:00+00:00
[2026-04-21T19:34:38.944+0000] {logging_mixin.py:188} INFO - [2026-04-21T19:34:38.944+0000] {dag.py:3823} INFO - Setting next_dagrun for example_branch_datetime_operator_3 to 2026-04-20 00:00:00+00:00, run_after=2026-04-21 00:00:00+00:00
[2026-04-21T19:34:39.000+0000] {processor.py:183} INFO - Processing /home/airflow/.local/lib/python3.8/site-packages/airflow/example_dags/example_branch_datetime_operator.py took 0.263 seconds
[2026-04-21T19:35:09.645+0000] {processor.py:161} INFO - Started process (PID=258) to work on /home/airflow/.local/lib/python3.8/site-packages/airflow/example_dags/example_branch_datetime_operator.py
[2026-04-21T19:35:09.648+0000] {processor.py:830} INFO - Processing file /home/airflow/.local/lib/python3.8/site-packages/airflow/example_dags/example_branch_datetime_operator.py for tasks to queue
[2026-04-21T19:35:09.654+0000] {logging_mixin.py:188} INFO - [2026-04-21T19:35:09.653+0000] {dagbag.py:538} INFO - Filling up the DagBag from /home/airflow/.local/lib/python3.8/site-packages/airflow/example_dags/example_branch_datetime_operator.py
[2026-04-21T19:35:09.676+0000] {processor.py:840} INFO - DAG(s) 'example_branch_datetime_operator_2', 'example_branch_datetime_operator', 'example_branch_datetime_operator_3' retrieved from /home/airflow/.local/lib/python3.8/site-packages/airflow/example_dags/example_branch_datetime_operator.py
[2026-04-21T19:35:09.741+0000] {logging_mixin.py:188} INFO - [2026-04-21T19:35:09.741+0000] {dag.py:3036} INFO - Sync 3 DAGs
[2026-04-21T19:35:09.803+0000] {logging_mixin.py:188} INFO - [2026-04-21T19:35:09.802+0000] {dag.py:3823} INFO - Setting next_dagrun for example_branch_datetime_operator to 2026-04-20 00:00:00+00:00, run_after=2026-04-21 00:00:00+00:00
[2026-04-21T19:35:09.815+0000] {logging_mixin.py:188} INFO - [2026-04-21T19:35:09.814+0000] {dag.py:3823} INFO - Setting next_dagrun for example_branch_datetime_operator_2 to 2026-04-20 00:00:00+00:00, run_after=2026-04-21 00:00:00+00:00
[2026-04-21T19:35:09.822+0000] {logging_mixin.py:188} INFO - [2026-04-21T19:35:09.822+0000] {dag.py:3823} INFO - Setting next_dagrun for example_branch_datetime_operator_3 to 2026-04-20 00:00:00+00:00, run_after=2026-04-21 00:00:00+00:00
[2026-04-21T19:35:09.861+0000] {processor.py:183} INFO - Processing /home/airflow/.local/lib/python3.8/site-packages/airflow/example_dags/example_branch_datetime_operator.py took 0.222 seconds
[2026-04-21T19:35:40.336+0000] {processor.py:161} INFO - Started process (PID=316) to work on /home/airflow/.local/lib/python3.8/site-packages/airflow/example_dags/example_branch_datetime_operator.py
[2026-04-21T19:35:40.338+0000] {processor.py:830} INFO - Processing file /home/airflow/.local/lib/python3.8/site-packages/airflow/example_dags/example_branch_datetime_operator.py for tasks to queue
[2026-04-21T19:35:40.342+0000] {logging_mixin.py:188} INFO - [2026-04-21T19:35:40.342+0000] {dagbag.py:538} INFO - Filling up the DagBag from /home/airflow/.local/lib/python3.8/site-packages/airflow/example_dags/example_branch_datetime_operator.py
[2026-04-21T19:35:40.366+0000] {processor.py:840} INFO - DAG(s) 'example_branch_datetime_operator_3', 'example_branch_datetime_operator', 'example_branch_datetime_operator_2' retrieved from /home/airflow/.local/lib/python3.8/site-packages/airflow/example_dags/example_branch_datetime_operator.py
[2026-04-21T19:35:40.433+0000] {logging_mixin.py:188} INFO - [2026-04-21T19:35:40.433+0000] {dag.py:3036} INFO - Sync 3 DAGs
[2026-04-21T19:35:40.495+0000] {logging_mixin.py:188} INFO - [2026-04-21T19:35:40.495+0000] {dag.py:3823} INFO - Setting next_dagrun for example_branch_datetime_operator to 2026-04-20 00:00:00+00:00, run_after=2026-04-21 00:00:00+00:00
[2026-04-21T19:35:40.508+0000] {logging_mixin.py:188} INFO - [2026-04-21T19:35:40.507+0000] {dag.py:3823} INFO - Setting next_dagrun for example_branch_datetime_operator_2 to 2026-04-20 00:00:00+00:00, run_after=2026-04-21 00:00:00+00:00
[2026-04-21T19:35:40.514+0000] {logging_mixin.py:188} INFO - [2026-04-21T19:35:40.513+0000] {dag.py:3823} INFO - Setting next_dagrun for example_branch_datetime_operator_3 to 2026-04-20 00:00:00+00:00, run_after=2026-04-21 00:00:00+00:00
[2026-04-21T19:35:40.554+0000] {processor.py:183} INFO - Processing /home/airflow/.local/lib/python3.8/site-packages/airflow/example_dags/example_branch_datetime_operator.py took 0.226 seconds
[2026-04-21T19:36:10.693+0000] {processor.py:161} INFO - Started process (PID=373) to work on /home/airflow/.local/lib/python3.8/site-packages/airflow/example_dags/example_branch_datetime_operator.py
[2026-04-21T19:36:10.695+0000] {processor.py:830} INFO - Processing file /home/airflow/.local/lib/python3.8/site-packages/airflow/example_dags/example_branch_datetime_operator.py for tasks to queue
[2026-04-21T19:36:10.699+0000] {logging_mixin.py:188} INFO - [2026-04-21T19:36:10.698+0000] {dagbag.py:538} INFO - Filling up the DagBag from /home/airflow/.local/lib/python3.8/site-packages/airflow/example_dags/example_branch_datetime_operator.py
[2026-04-21T19:36:10.719+0000] {processor.py:840} INFO - DAG(s) 'example_branch_datetime_operator_2', 'example_branch_datetime_operator', 'example_branch_datetime_operator_3' retrieved from /home/airflow/.local/lib/python3.8/site-packages/airflow/example_dags/example_branch_datetime_operator.py
[2026-04-21T19:36:10.769+0000] {logging_mixin.py:188} INFO - [2026-04-21T19:36:10.769+0000] {dag.py:3036} INFO - Sync 3 DAGs
[2026-04-21T19:36:10.808+0000] {logging_mixin.py:188} INFO - [2026-04-21T19:36:10.808+0000] {dag.py:3823} INFO - Setting next_dagrun for example_branch_datetime_operator to 2026-04-20 00:00:00+00:00, run_after=2026-04-21 00:00:00+00:00
[2026-04-21T19:36:10.816+0000] {logging_mixin.py:188} INFO - [2026-04-21T19:36:10.816+0000] {dag.py:3823} INFO - Setting next_dagrun for example_branch_datetime_operator_2 to 2026-04-20 00:00:00+00:00, run_after=2026-04-21 00:00:00+00:00
[2026-04-21T19:36:10.822+0000] {logging_mixin.py:188} INFO - [2026-04-21T19:36:10.822+0000] {dag.py:3823} INFO - Setting next_dagrun for example_branch_datetime_operator_3 to 2026-04-20 00:00:00+00:00, run_after=2026-04-21 00:00:00+00:00
[2026-04-21T19:36:10.854+0000] {processor.py:183} INFO - Processing /home/airflow/.local/lib/python3.8/site-packages/airflow/example_dags/example_branch_datetime_operator.py took 0.166 seconds
[2026-04-21T19:36:41.211+0000] {processor.py:161} INFO - Started process (PID=431) to work on /home/airflow/.local/lib/python3.8/site-packages/airflow/example_dags/example_branch_datetime_operator.py
[2026-04-21T19:36:41.213+0000] {processor.py:830} INFO - Processing file /home/airflow/.local/lib/python3.8/site-packages/airflow/example_dags/example_branch_datetime_operator.py for tasks to queue
[2026-04-21T19:36:41.220+0000] {logging_mixin.py:188} INFO - [2026-04-21T19:36:41.219+0000] {dagbag.py:538} INFO - Filling up the DagBag from /home/airflow/.local/lib/python3.8/site-packages/airflow/example_dags/example_branch_datetime_operator.py
[2026-04-21T19:36:41.251+0000] {processor.py:840} INFO - DAG(s) 'example_branch_datetime_operator_3', 'example_branch_datetime_operator', 'example_branch_datetime_operator_2' retrieved from /home/airflow/.local/lib/python3.8/site-packages/airflow/example_dags/example_branch_datetime_operator.py
[2026-04-21T19:36:41.331+0000] {logging_mixin.py:188} INFO - [2026-04-21T19:36:41.330+0000] {dag.py:3036} INFO - Sync 3 DAGs
[2026-04-21T19:36:41.388+0000] {logging_mixin.py:188} INFO - [2026-04-21T19:36:41.387+0000] {dag.py:3823} INFO - Setting next_dagrun for example_branch_datetime_operator to 2026-04-20 00:00:00+00:00, run_after=2026-04-21 00:00:00+00:00
[2026-04-21T19:36:41.400+0000] {logging_mixin.py:188} INFO - [2026-04-21T19:36:41.399+0000] {dag.py:3823} INFO - Setting next_dagrun for example_branch_datetime_operator_2 to 2026-04-20 00:00:00+00:00, run_after=2026-04-21 00:00:00+00:00
[2026-04-21T19:36:41.407+0000] {logging_mixin.py:188} INFO - [2026-04-21T19:36:41.407+0000] {dag.py:3823} INFO - Setting next_dagrun for example_branch_datetime_operator_3 to 2026-04-20 00:00:00+00:00, run_after=2026-04-21 00:00:00+00:00
[2026-04-21T19:36:41.446+0000] {processor.py:183} INFO - Processing /home/airflow/.local/lib/python3.8/site-packages/airflow/example_dags/example_branch_datetime_operator.py took 0.246 seconds
[2026-04-21T19:37:14.236+0000] {processor.py:161} INFO - Started process (PID=488) to work on /home/airflow/.local/lib/python3.8/site-packages/airflow/example_dags/example_branch_datetime_operator.py
[2026-04-21T19:37:14.239+0000] {processor.py:830} INFO - Processing file /home/airflow/.local/lib/python3.8/site-packages/airflow/example_dags/example_branch_datetime_operator.py for tasks to queue
[2026-04-21T19:37:14.243+0000] {logging_mixin.py:188} INFO - [2026-04-21T19:37:14.243+0000] {dagbag.py:538} INFO - Filling up the DagBag from /home/airflow/.local/lib/python3.8/site-packages/airflow/example_dags/example_branch_datetime_operator.py
[2026-04-21T19:37:14.275+0000] {processor.py:840} INFO - DAG(s) 'example_branch_datetime_operator_3', 'example_branch_datetime_operator_2', 'example_branch_datetime_operator' retrieved from /home/airflow/.local/lib/python3.8/site-packages/airflow/example_dags/example_branch_datetime_operator.py
[2026-04-21T19:37:14.347+0000] {logging_mixin.py:188} INFO - [2026-04-21T19:37:14.347+0000] {dag.py:3036} INFO - Sync 3 DAGs
[2026-04-21T19:37:14.404+0000] {logging_mixin.py:188} INFO - [2026-04-21T19:37:14.404+0000] {dag.py:3823} INFO - Setting next_dagrun for example_branch_datetime_operator to 2026-04-20 00:00:00+00:00, run_after=2026-04-21 00:00:00+00:00
[2026-04-21T19:37:14.420+0000] {logging_mixin.py:188} INFO - [2026-04-21T19:37:14.419+0000] {dag.py:3823} INFO - Setting next_dagrun for example_branch_datetime_operator_2 to 2026-04-20 00:00:00+00:00, run_after=2026-04-21 00:00:00+00:00
[2026-04-21T19:37:14.426+0000] {logging_mixin.py:188} INFO - [2026-04-21T19:37:14.425+0000] {dag.py:3823} INFO - Setting next_dagrun for example_branch_datetime_operator_3 to 2026-04-20 00:00:00+00:00, run_after=2026-04-21 00:00:00+00:00
[2026-04-21T19:37:14.467+0000] {processor.py:183} INFO - Processing /home/airflow/.local/lib/python3.8/site-packages/airflow/example_dags/example_branch_datetime_operator.py took 0.238 seconds
[2026-04-21T19:37:45.215+0000] {processor.py:161} INFO - Started process (PID=545) to work on /home/airflow/.local/lib/python3.8/site-packages/airflow/example_dags/example_branch_datetime_operator.py
[2026-04-21T19:37:45.217+0000] {processor.py:830} INFO - Processing file /home/airflow/.local/lib/python3.8/site-packages/airflow/example_dags/example_branch_datetime_operator.py for tasks to queue
[2026-04-21T19:37:45.220+0000] {logging_mixin.py:188} INFO - [2026-04-21T19:37:45.220+0000] {dagbag.py:538} INFO - Filling up the DagBag from /home/airflow/.local/lib/python3.8/site-packages/airflow/example_dags/example_branch_datetime_operator.py
[2026-04-21T19:37:45.236+0000] {processor.py:840} INFO - DAG(s) 'example_branch_datetime_operator_3', 'example_branch_datetime_operator_2', 'example_branch_datetime_operator' retrieved from /home/airflow/.local/lib/python3.8/site-packages/airflow/example_dags/example_branch_datetime_operator.py
[2026-04-21T19:37:45.279+0000] {logging_mixin.py:188} INFO - [2026-04-21T19:37:45.278+0000] {dag.py:3036} INFO - Sync 3 DAGs
[2026-04-21T19:37:45.305+0000] {logging_mixin.py:188} INFO - [2026-04-21T19:37:45.305+0000] {dag.py:3823} INFO - Setting next_dagrun for example_branch_datetime_operator to 2026-04-20 00:00:00+00:00, run_after=2026-04-21 00:00:00+00:00
[2026-04-21T19:37:45.311+0000] {logging_mixin.py:188} INFO - [2026-04-21T19:37:45.311+0000] {dag.py:3823} INFO - Setting next_dagrun for example_branch_datetime_operator_2 to 2026-04-20 00:00:00+00:00, run_after=2026-04-21 00:00:00+00:00
[2026-04-21T19:37:45.314+0000] {logging_mixin.py:188} INFO - [2026-04-21T19:37:45.314+0000] {dag.py:3823} INFO - Setting next_dagrun for example_branch_datetime_operator_3 to 2026-04-20 00:00:00+00:00, run_after=2026-04-21 00:00:00+00:00
[2026-04-21T19:37:45.388+0000] {processor.py:183} INFO - Processing /home/airflow/.local/lib/python3.8/site-packages/airflow/example_dags/example_branch_datetime_operator.py took 0.177 seconds
[2026-04-21T19:38:16.072+0000] {processor.py:161} INFO - Started process (PID=602) to work on /home/airflow/.local/lib/python3.8/site-packages/airflow/example_dags/example_branch_datetime_operator.py
[2026-04-21T19:38:16.073+0000] {processor.py:830} INFO - Processing file /home/airflow/.local/lib/python3.8/site-packages/airflow/example_dags/example_branch_datetime_operator.py for tasks to queue
[2026-04-21T19:38:16.075+0000] {logging_mixin.py:188} INFO - [2026-04-21T19:38:16.075+0000] {dagbag.py:538} INFO - Filling up the DagBag from /home/airflow/.local/lib/python3.8/site-packages/airflow/example_dags/example_branch_datetime_operator.py
[2026-04-21T19:38:16.086+0000] {processor.py:840} INFO - DAG(s) 'example_branch_datetime_operator', 'example_branch_datetime_operator_3', 'example_branch_datetime_operator_2' retrieved from /home/airflow/.local/lib/python3.8/site-packages/airflow/example_dags/example_branch_datetime_operator.py
[2026-04-21T19:38:16.118+0000] {logging_mixin.py:188} INFO - [2026-04-21T19:38:16.118+0000] {dag.py:3036} INFO - Sync 3 DAGs
[2026-04-21T19:38:16.144+0000] {logging_mixin.py:188} INFO - [2026-04-21T19:38:16.144+0000] {dag.py:3823} INFO - Setting next_dagrun for example_branch_datetime_operator to 2026-04-20 00:00:00+00:00, run_after=2026-04-21 00:00:00+00:00
[2026-04-21T19:38:16.149+0000] {logging_mixin.py:188} INFO - [2026-04-21T19:38:16.149+0000] {dag.py:3823} INFO - Setting next_dagrun for example_branch_datetime_operator_2 to 2026-04-20 00:00:00+00:00, run_after=2026-04-21 00:00:00+00:00
[2026-04-21T19:38:16.152+0000] {logging_mixin.py:188} INFO - [2026-04-21T19:38:16.152+0000] {dag.py:3823} INFO - Setting next_dagrun for example_branch_datetime_operator_3 to 2026-04-20 00:00:00+00:00, run_after=2026-04-21 00:00:00+00:00
[2026-04-21T19:38:16.172+0000] {processor.py:183} INFO - Processing /home/airflow/.local/lib/python3.8/site-packages/airflow/example_dags/example_branch_datetime_operator.py took 0.104 seconds
[2026-04-21T19:38:46.286+0000] {processor.py:161} INFO - Started process (PID=659) to work on /home/airflow/.local/lib/python3.8/site-packages/airflow/example_dags/example_branch_datetime_operator.py
[2026-04-21T19:38:46.287+0000] {processor.py:830} INFO - Processing file /home/airflow/.local/lib/python3.8/site-packages/airflow/example_dags/example_branch_datetime_operator.py for tasks to queue
[2026-04-21T19:38:46.289+0000] {logging_mixin.py:188} INFO - [2026-04-21T19:38:46.289+0000] {dagbag.py:538} INFO - Filling up the DagBag from /home/airflow/.local/lib/python3.8/site-packages/airflow/example_dags/example_branch_datetime_operator.py
[2026-04-21T19:38:46.298+0000] {processor.py:840} INFO - DAG(s) 'example_branch_datetime_operator', 'example_branch_datetime_operator_3', 'example_branch_datetime_operator_2' retrieved from /home/airflow/.local/lib/python3.8/site-packages/airflow/example_dags/example_branch_datetime_operator.py
[2026-04-21T19:38:46.327+0000] {logging_mixin.py:188} INFO - [2026-04-21T19:38:46.326+0000] {dag.py:3036} INFO - Sync 3 DAGs
[2026-04-21T19:38:46.350+0000] {logging_mixin.py:188} INFO - [2026-04-21T19:38:46.350+0000] {dag.py:3823} INFO - Setting next_dagrun for example_branch_datetime_operator to 2026-04-20 00:00:00+00:00, run_after=2026-04-21 00:00:00+00:00
[2026-04-21T19:38:46.355+0000] {logging_mixin.py:188} INFO - [2026-04-21T19:38:46.354+0000] {dag.py:3823} INFO - Setting next_dagrun for example_branch_datetime_operator_2 to 2026-04-20 00:00:00+00:00, run_after=2026-04-21 00:00:00+00:00
[2026-04-21T19:38:46.358+0000] {logging_mixin.py:188} INFO - [2026-04-21T19:38:46.358+0000] {dag.py:3823} INFO - Setting next_dagrun for example_branch_datetime_operator_3 to 2026-04-20 00:00:00+00:00, run_after=2026-04-21 00:00:00+00:00
[2026-04-21T19:38:46.377+0000] {processor.py:183} INFO - Processing /home/airflow/.local/lib/python3.8/site-packages/airflow/example_dags/example_branch_datetime_operator.py took 0.095 seconds
[2026-04-21T19:39:17.041+0000] {processor.py:161} INFO - Started process (PID=716) to work on /home/airflow/.local/lib/python3.8/site-packages/airflow/example_dags/example_branch_datetime_operator.py
[2026-04-21T19:39:17.042+0000] {processor.py:830} INFO - Processing file /home/airflow/.local/lib/python3.8/site-packages/airflow/example_dags/example_branch_datetime_operator.py for tasks to queue
[2026-04-21T19:39:17.044+0000] {logging_mixin.py:188} INFO - [2026-04-21T19:39:17.044+0000] {dagbag.py:538} INFO - Filling up the DagBag from /home/airflow/.local/lib/python3.8/site-packages/airflow/example_dags/example_branch_datetime_operator.py
[2026-04-21T19:39:17.055+0000] {processor.py:840} INFO - DAG(s) 'example_branch_datetime_operator', 'example_branch_datetime_operator_3', 'example_branch_datetime_operator_2' retrieved from /home/airflow/.local/lib/python3.8/site-packages/airflow/example_dags/example_branch_datetime_operator.py
[2026-04-21T19:39:17.088+0000] {logging_mixin.py:188} INFO - [2026-04-21T19:39:17.088+0000] {dag.py:3036} INFO - Sync 3 DAGs
[2026-04-21T19:39:17.116+0000] {logging_mixin.py:188} INFO - [2026-04-21T19:39:17.116+0000] {dag.py:3823} INFO - Setting next_dagrun for example_branch_datetime_operator to 2026-04-20 00:00:00+00:00, run_after=2026-04-21 00:00:00+00:00
[2026-04-21T19:39:17.124+0000] {logging_mixin.py:188} INFO - [2026-04-21T19:39:17.124+0000] {dag.py:3823} INFO - Setting next_dagrun for example_branch_datetime_operator_2 to 2026-04-20 00:00:00+00:00, run_after=2026-04-21 00:00:00+00:00
[2026-04-21T19:39:17.128+0000] {logging_mixin.py:188} INFO - [2026-04-21T19:39:17.127+0000] {dag.py:3823} INFO - Setting next_dagrun for example_branch_datetime_operator_3 to 2026-04-20 00:00:00+00:00, run_after=2026-04-21 00:00:00+00:00
[2026-04-21T19:39:17.155+0000] {processor.py:183} INFO - Processing /home/airflow/.local/lib/python3.8/site-packages/airflow/example_dags/example_branch_datetime_operator.py took 0.118 seconds
[2026-04-21T19:39:47.609+0000] {processor.py:161} INFO - Started process (PID=773) to work on /home/airflow/.local/lib/python3.8/site-packages/airflow/example_dags/example_branch_datetime_operator.py
[2026-04-21T19:39:47.610+0000] {processor.py:830} INFO - Processing file /home/airflow/.local/lib/python3.8/site-packages/airflow/example_dags/example_branch_datetime_operator.py for tasks to queue
[2026-04-21T19:39:47.612+0000] {logging_mixin.py:188} INFO - [2026-04-21T19:39:47.612+0000] {dagbag.py:538} INFO - Filling up the DagBag from /home/airflow/.local/lib/python3.8/site-packages/airflow/example_dags/example_branch_datetime_operator.py
[2026-04-21T19:39:47.621+0000] {processor.py:840} INFO - DAG(s) 'example_branch_datetime_operator', 'example_branch_datetime_operator_2', 'example_branch_datetime_operator_3' retrieved from /home/airflow/.local/lib/python3.8/site-packages/airflow/example_dags/example_branch_datetime_operator.py
[2026-04-21T19:39:47.651+0000] {logging_mixin.py:188} INFO - [2026-04-21T19:39:47.651+0000] {dag.py:3036} INFO - Sync 3 DAGs
[2026-04-21T19:39:47.674+0000] {logging_mixin.py:188} INFO - [2026-04-21T19:39:47.673+0000] {dag.py:3823} INFO - Setting next_dagrun for example_branch_datetime_operator to 2026-04-20 00:00:00+00:00, run_after=2026-04-21 00:00:00+00:00
[2026-04-21T19:39:47.681+0000] {logging_mixin.py:188} INFO - [2026-04-21T19:39:47.680+0000] {dag.py:3823} INFO - Setting next_dagrun for example_branch_datetime_operator_2 to 2026-04-20 00:00:00+00:00, run_after=2026-04-21 00:00:00+00:00
[2026-04-21T19:39:47.685+0000] {logging_mixin.py:188} INFO - [2026-04-21T19:39:47.685+0000] {dag.py:3823} INFO - Setting next_dagrun for example_branch_datetime_operator_3 to 2026-04-20 00:00:00+00:00, run_after=2026-04-21 00:00:00+00:00
[2026-04-21T19:39:47.708+0000] {processor.py:183} INFO - Processing /home/airflow/.local/lib/python3.8/site-packages/airflow/example_dags/example_branch_datetime_operator.py took 0.103 seconds
