[2026-04-21T19:33:35.182+0000] {processor.py:161} INFO - Started process (PID=83) to work on /home/airflow/.local/lib/python3.8/site-packages/airflow/example_dags/example_branch_day_of_week_operator.py
[2026-04-21T19:33:35.185+0000] {processor.py:830} INFO - Processing file /home/airflow/.local/lib/python3.8/site-packages/airflow/example_dags/example_branch_day_of_week_operator.py for tasks to queue
[2026-04-21T19:33:35.190+0000] {logging_mixin.py:188} INFO - [2026-04-21T19:33:35.189+0000] {dagbag.py:538} INFO - Filling up the DagBag from /home/airflow/.local/lib/python3.8/site-packages/airflow/example_dags/example_branch_day_of_week_operator.py
[2026-04-21T19:33:35.215+0000] {processor.py:840} INFO - DAG(s) 'example_weekday_branch_operator' retrieved from /home/airflow/.local/lib/python3.8/site-packages/airflow/example_dags/example_branch_day_of_week_operator.py
[2026-04-21T19:33:35.268+0000] {logging_mixin.py:188} INFO - [2026-04-21T19:33:35.268+0000] {dag.py:3036} INFO - Sync 1 DAGs
[2026-04-21T19:33:35.323+0000] {logging_mixin.py:188} INFO - [2026-04-21T19:33:35.323+0000] {dag.py:3823} INFO - Setting next_dagrun for example_weekday_branch_operator to 2026-04-20 00:00:00+00:00, run_after=2026-04-21 00:00:00+00:00
[2026-04-21T19:33:35.366+0000] {processor.py:183} INFO - Processing /home/airflow/.local/lib/python3.8/site-packages/airflow/example_dags/example_branch_day_of_week_operator.py took 0.192 seconds
[2026-04-21T19:34:07.658+0000] {processor.py:161} INFO - Started process (PID=140) to work on /home/airflow/.local/lib/python3.8/site-packages/airflow/example_dags/example_branch_day_of_week_operator.py
[2026-04-21T19:34:07.661+0000] {processor.py:830} INFO - Processing file /home/airflow/.local/lib/python3.8/site-packages/airflow/example_dags/example_branch_day_of_week_operator.py for tasks to queue
[2026-04-21T19:34:07.665+0000] {logging_mixin.py:188} INFO - [2026-04-21T19:34:07.664+0000] {dagbag.py:538} INFO - Filling up the DagBag from /home/airflow/.local/lib/python3.8/site-packages/airflow/example_dags/example_branch_day_of_week_operator.py
[2026-04-21T19:34:07.695+0000] {processor.py:840} INFO - DAG(s) 'example_weekday_branch_operator' retrieved from /home/airflow/.local/lib/python3.8/site-packages/airflow/example_dags/example_branch_day_of_week_operator.py
[2026-04-21T19:34:07.758+0000] {logging_mixin.py:188} INFO - [2026-04-21T19:34:07.757+0000] {dag.py:3036} INFO - Sync 1 DAGs
[2026-04-21T19:34:07.818+0000] {logging_mixin.py:188} INFO - [2026-04-21T19:34:07.817+0000] {dag.py:3823} INFO - Setting next_dagrun for example_weekday_branch_operator to 2026-04-20 00:00:00+00:00, run_after=2026-04-21 00:00:00+00:00
[2026-04-21T19:34:07.879+0000] {processor.py:183} INFO - Processing /home/airflow/.local/lib/python3.8/site-packages/airflow/example_dags/example_branch_day_of_week_operator.py took 0.234 seconds
[2026-04-21T19:34:38.472+0000] {processor.py:161} INFO - Started process (PID=197) to work on /home/airflow/.local/lib/python3.8/site-packages/airflow/example_dags/example_branch_day_of_week_operator.py
[2026-04-21T19:34:38.475+0000] {processor.py:830} INFO - Processing file /home/airflow/.local/lib/python3.8/site-packages/airflow/example_dags/example_branch_day_of_week_operator.py for tasks to queue
[2026-04-21T19:34:38.481+0000] {logging_mixin.py:188} INFO - [2026-04-21T19:34:38.480+0000] {dagbag.py:538} INFO - Filling up the DagBag from /home/airflow/.local/lib/python3.8/site-packages/airflow/example_dags/example_branch_day_of_week_operator.py
[2026-04-21T19:34:38.506+0000] {processor.py:840} INFO - DAG(s) 'example_weekday_branch_operator' retrieved from /home/airflow/.local/lib/python3.8/site-packages/airflow/example_dags/example_branch_day_of_week_operator.py
[2026-04-21T19:34:38.555+0000] {logging_mixin.py:188} INFO - [2026-04-21T19:34:38.555+0000] {dag.py:3036} INFO - Sync 1 DAGs
[2026-04-21T19:34:38.608+0000] {logging_mixin.py:188} INFO - [2026-04-21T19:34:38.608+0000] {dag.py:3823} INFO - Setting next_dagrun for example_weekday_branch_operator to 2026-04-20 00:00:00+00:00, run_after=2026-04-21 00:00:00+00:00
[2026-04-21T19:34:38.650+0000] {processor.py:183} INFO - Processing /home/airflow/.local/lib/python3.8/site-packages/airflow/example_dags/example_branch_day_of_week_operator.py took 0.186 seconds
[2026-04-21T19:35:09.405+0000] {processor.py:161} INFO - Started process (PID=255) to work on /home/airflow/.local/lib/python3.8/site-packages/airflow/example_dags/example_branch_day_of_week_operator.py
[2026-04-21T19:35:09.407+0000] {processor.py:830} INFO - Processing file /home/airflow/.local/lib/python3.8/site-packages/airflow/example_dags/example_branch_day_of_week_operator.py for tasks to queue
[2026-04-21T19:35:09.411+0000] {logging_mixin.py:188} INFO - [2026-04-21T19:35:09.410+0000] {dagbag.py:538} INFO - Filling up the DagBag from /home/airflow/.local/lib/python3.8/site-packages/airflow/example_dags/example_branch_day_of_week_operator.py
[2026-04-21T19:35:09.429+0000] {processor.py:840} INFO - DAG(s) 'example_weekday_branch_operator' retrieved from /home/airflow/.local/lib/python3.8/site-packages/airflow/example_dags/example_branch_day_of_week_operator.py
[2026-04-21T19:35:09.474+0000] {logging_mixin.py:188} INFO - [2026-04-21T19:35:09.474+0000] {dag.py:3036} INFO - Sync 1 DAGs
[2026-04-21T19:35:09.523+0000] {logging_mixin.py:188} INFO - [2026-04-21T19:35:09.523+0000] {dag.py:3823} INFO - Setting next_dagrun for example_weekday_branch_operator to 2026-04-20 00:00:00+00:00, run_after=2026-04-21 00:00:00+00:00
[2026-04-21T19:35:09.562+0000] {processor.py:183} INFO - Processing /home/airflow/.local/lib/python3.8/site-packages/airflow/example_dags/example_branch_day_of_week_operator.py took 0.165 seconds
[2026-04-21T19:35:39.997+0000] {processor.py:161} INFO - Started process (PID=313) to work on /home/airflow/.local/lib/python3.8/site-packages/airflow/example_dags/example_branch_day_of_week_operator.py
[2026-04-21T19:35:40.000+0000] {processor.py:830} INFO - Processing file /home/airflow/.local/lib/python3.8/site-packages/airflow/example_dags/example_branch_day_of_week_operator.py for tasks to queue
[2026-04-21T19:35:40.005+0000] {logging_mixin.py:188} INFO - [2026-04-21T19:35:40.005+0000] {dagbag.py:538} INFO - Filling up the DagBag from /home/airflow/.local/lib/python3.8/site-packages/airflow/example_dags/example_branch_day_of_week_operator.py
[2026-04-21T19:35:40.033+0000] {processor.py:840} INFO - DAG(s) 'example_weekday_branch_operator' retrieved from /home/airflow/.local/lib/python3.8/site-packages/airflow/example_dags/example_branch_day_of_week_operator.py
[2026-04-21T19:35:40.107+0000] {logging_mixin.py:188} INFO - [2026-04-21T19:35:40.107+0000] {dag.py:3036} INFO - Sync 1 DAGs
[2026-04-21T19:35:40.181+0000] {logging_mixin.py:188} INFO - [2026-04-21T19:35:40.180+0000] {dag.py:3823} INFO - Setting next_dagrun for example_weekday_branch_operator to 2026-04-20 00:00:00+00:00, run_after=2026-04-21 00:00:00+00:00
[2026-04-21T19:35:40.232+0000] {processor.py:183} INFO - Processing /home/airflow/.local/lib/python3.8/site-packages/airflow/example_dags/example_branch_day_of_week_operator.py took 0.245 seconds
[2026-04-21T19:36:10.340+0000] {processor.py:161} INFO - Started process (PID=370) to work on /home/airflow/.local/lib/python3.8/site-packages/airflow/example_dags/example_branch_day_of_week_operator.py
[2026-04-21T19:36:10.342+0000] {processor.py:830} INFO - Processing file /home/airflow/.local/lib/python3.8/site-packages/airflow/example_dags/example_branch_day_of_week_operator.py for tasks to queue
[2026-04-21T19:36:10.346+0000] {logging_mixin.py:188} INFO - [2026-04-21T19:36:10.345+0000] {dagbag.py:538} INFO - Filling up the DagBag from /home/airflow/.local/lib/python3.8/site-packages/airflow/example_dags/example_branch_day_of_week_operator.py
[2026-04-21T19:36:10.364+0000] {processor.py:840} INFO - DAG(s) 'example_weekday_branch_operator' retrieved from /home/airflow/.local/lib/python3.8/site-packages/airflow/example_dags/example_branch_day_of_week_operator.py
[2026-04-21T19:36:10.407+0000] {logging_mixin.py:188} INFO - [2026-04-21T19:36:10.406+0000] {dag.py:3036} INFO - Sync 1 DAGs
[2026-04-21T19:36:10.456+0000] {logging_mixin.py:188} INFO - [2026-04-21T19:36:10.456+0000] {dag.py:3823} INFO - Setting next_dagrun for example_weekday_branch_operator to 2026-04-20 00:00:00+00:00, run_after=2026-04-21 00:00:00+00:00
[2026-04-21T19:36:10.497+0000] {processor.py:183} INFO - Processing /home/airflow/.local/lib/python3.8/site-packages/airflow/example_dags/example_branch_day_of_week_operator.py took 0.165 seconds
[2026-04-21T19:36:40.855+0000] {processor.py:161} INFO - Started process (PID=428) to work on /home/airflow/.local/lib/python3.8/site-packages/airflow/example_dags/example_branch_day_of_week_operator.py
[2026-04-21T19:36:40.857+0000] {processor.py:830} INFO - Processing file /home/airflow/.local/lib/python3.8/site-packages/airflow/example_dags/example_branch_day_of_week_operator.py for tasks to queue
[2026-04-21T19:36:40.862+0000] {logging_mixin.py:188} INFO - [2026-04-21T19:36:40.861+0000] {dagbag.py:538} INFO - Filling up the DagBag from /home/airflow/.local/lib/python3.8/site-packages/airflow/example_dags/example_branch_day_of_week_operator.py
[2026-04-21T19:36:40.878+0000] {processor.py:840} INFO - DAG(s) 'example_weekday_branch_operator' retrieved from /home/airflow/.local/lib/python3.8/site-packages/airflow/example_dags/example_branch_day_of_week_operator.py
[2026-04-21T19:36:40.932+0000] {logging_mixin.py:188} INFO - [2026-04-21T19:36:40.931+0000] {dag.py:3036} INFO - Sync 1 DAGs
[2026-04-21T19:36:41.003+0000] {logging_mixin.py:188} INFO - [2026-04-21T19:36:41.002+0000] {dag.py:3823} INFO - Setting next_dagrun for example_weekday_branch_operator to 2026-04-20 00:00:00+00:00, run_after=2026-04-21 00:00:00+00:00
[2026-04-21T19:36:41.063+0000] {processor.py:183} INFO - Processing /home/airflow/.local/lib/python3.8/site-packages/airflow/example_dags/example_branch_day_of_week_operator.py took 0.218 seconds
[2026-04-21T19:37:13.775+0000] {processor.py:161} INFO - Started process (PID=485) to work on /home/airflow/.local/lib/python3.8/site-packages/airflow/example_dags/example_branch_day_of_week_operator.py
[2026-04-21T19:37:13.779+0000] {processor.py:830} INFO - Processing file /home/airflow/.local/lib/python3.8/site-packages/airflow/example_dags/example_branch_day_of_week_operator.py for tasks to queue
[2026-04-21T19:37:13.788+0000] {logging_mixin.py:188} INFO - [2026-04-21T19:37:13.787+0000] {dagbag.py:538} INFO - Filling up the DagBag from /home/airflow/.local/lib/python3.8/site-packages/airflow/example_dags/example_branch_day_of_week_operator.py
[2026-04-21T19:37:13.819+0000] {processor.py:840} INFO - DAG(s) 'example_weekday_branch_operator' retrieved from /home/airflow/.local/lib/python3.8/site-packages/airflow/example_dags/example_branch_day_of_week_operator.py
[2026-04-21T19:37:13.925+0000] {logging_mixin.py:188} INFO - [2026-04-21T19:37:13.925+0000] {dag.py:3036} INFO - Sync 1 DAGs
[2026-04-21T19:37:14.024+0000] {logging_mixin.py:188} INFO - [2026-04-21T19:37:14.024+0000] {dag.py:3823} INFO - Setting next_dagrun for example_weekday_branch_operator to 2026-04-20 00:00:00+00:00, run_after=2026-04-21 00:00:00+00:00
[2026-04-21T19:37:14.108+0000] {processor.py:183} INFO - Processing /home/airflow/.local/lib/python3.8/site-packages/airflow/example_dags/example_branch_day_of_week_operator.py took 0.343 seconds
[2026-04-21T19:37:45.007+0000] {processor.py:161} INFO - Started process (PID=542) to work on /home/airflow/.local/lib/python3.8/site-packages/airflow/example_dags/example_branch_day_of_week_operator.py
[2026-04-21T19:37:45.009+0000] {processor.py:830} INFO - Processing file /home/airflow/.local/lib/python3.8/site-packages/airflow/example_dags/example_branch_day_of_week_operator.py for tasks to queue
[2026-04-21T19:37:45.012+0000] {logging_mixin.py:188} INFO - [2026-04-21T19:37:45.011+0000] {dagbag.py:538} INFO - Filling up the DagBag from /home/airflow/.local/lib/python3.8/site-packages/airflow/example_dags/example_branch_day_of_week_operator.py
[2026-04-21T19:37:45.019+0000] {processor.py:840} INFO - DAG(s) 'example_weekday_branch_operator' retrieved from /home/airflow/.local/lib/python3.8/site-packages/airflow/example_dags/example_branch_day_of_week_operator.py
[2026-04-21T19:37:45.043+0000] {logging_mixin.py:188} INFO - [2026-04-21T19:37:45.043+0000] {dag.py:3036} INFO - Sync 1 DAGs
[2026-04-21T19:37:45.066+0000] {logging_mixin.py:188} INFO - [2026-04-21T19:37:45.066+0000] {dag.py:3823} INFO - Setting next_dagrun for example_weekday_branch_operator to 2026-04-20 00:00:00+00:00, run_after=2026-04-21 00:00:00+00:00
[2026-04-21T19:37:45.164+0000] {processor.py:183} INFO - Processing /home/airflow/.local/lib/python3.8/site-packages/airflow/example_dags/example_branch_day_of_week_operator.py took 0.162 seconds
[2026-04-21T19:38:15.953+0000] {processor.py:161} INFO - Started process (PID=599) to work on /home/airflow/.local/lib/python3.8/site-packages/airflow/example_dags/example_branch_day_of_week_operator.py
[2026-04-21T19:38:15.955+0000] {processor.py:830} INFO - Processing file /home/airflow/.local/lib/python3.8/site-packages/airflow/example_dags/example_branch_day_of_week_operator.py for tasks to queue
[2026-04-21T19:38:15.957+0000] {logging_mixin.py:188} INFO - [2026-04-21T19:38:15.957+0000] {dagbag.py:538} INFO - Filling up the DagBag from /home/airflow/.local/lib/python3.8/site-packages/airflow/example_dags/example_branch_day_of_week_operator.py
[2026-04-21T19:38:15.967+0000] {processor.py:840} INFO - DAG(s) 'example_weekday_branch_operator' retrieved from /home/airflow/.local/lib/python3.8/site-packages/airflow/example_dags/example_branch_day_of_week_operator.py
[2026-04-21T19:38:15.990+0000] {logging_mixin.py:188} INFO - [2026-04-21T19:38:15.990+0000] {dag.py:3036} INFO - Sync 1 DAGs
[2026-04-21T19:38:16.018+0000] {logging_mixin.py:188} INFO - [2026-04-21T19:38:16.018+0000] {dag.py:3823} INFO - Setting next_dagrun for example_weekday_branch_operator to 2026-04-20 00:00:00+00:00, run_after=2026-04-21 00:00:00+00:00
[2026-04-21T19:38:16.042+0000] {processor.py:183} INFO - Processing /home/airflow/.local/lib/python3.8/site-packages/airflow/example_dags/example_branch_day_of_week_operator.py took 0.093 seconds
[2026-04-21T19:38:46.086+0000] {processor.py:161} INFO - Started process (PID=656) to work on /home/airflow/.local/lib/python3.8/site-packages/airflow/example_dags/example_branch_day_of_week_operator.py
[2026-04-21T19:38:46.088+0000] {processor.py:830} INFO - Processing file /home/airflow/.local/lib/python3.8/site-packages/airflow/example_dags/example_branch_day_of_week_operator.py for tasks to queue
[2026-04-21T19:38:46.090+0000] {logging_mixin.py:188} INFO - [2026-04-21T19:38:46.090+0000] {dagbag.py:538} INFO - Filling up the DagBag from /home/airflow/.local/lib/python3.8/site-packages/airflow/example_dags/example_branch_day_of_week_operator.py
[2026-04-21T19:38:46.099+0000] {processor.py:840} INFO - DAG(s) 'example_weekday_branch_operator' retrieved from /home/airflow/.local/lib/python3.8/site-packages/airflow/example_dags/example_branch_day_of_week_operator.py
[2026-04-21T19:38:46.121+0000] {logging_mixin.py:188} INFO - [2026-04-21T19:38:46.120+0000] {dag.py:3036} INFO - Sync 1 DAGs
[2026-04-21T19:38:46.144+0000] {logging_mixin.py:188} INFO - [2026-04-21T19:38:46.144+0000] {dag.py:3823} INFO - Setting next_dagrun for example_weekday_branch_operator to 2026-04-20 00:00:00+00:00, run_after=2026-04-21 00:00:00+00:00
[2026-04-21T19:38:46.165+0000] {processor.py:183} INFO - Processing /home/airflow/.local/lib/python3.8/site-packages/airflow/example_dags/example_branch_day_of_week_operator.py took 0.083 seconds
[2026-04-21T19:39:16.839+0000] {processor.py:161} INFO - Started process (PID=713) to work on /home/airflow/.local/lib/python3.8/site-packages/airflow/example_dags/example_branch_day_of_week_operator.py
[2026-04-21T19:39:16.841+0000] {processor.py:830} INFO - Processing file /home/airflow/.local/lib/python3.8/site-packages/airflow/example_dags/example_branch_day_of_week_operator.py for tasks to queue
[2026-04-21T19:39:16.842+0000] {logging_mixin.py:188} INFO - [2026-04-21T19:39:16.842+0000] {dagbag.py:538} INFO - Filling up the DagBag from /home/airflow/.local/lib/python3.8/site-packages/airflow/example_dags/example_branch_day_of_week_operator.py
[2026-04-21T19:39:16.850+0000] {processor.py:840} INFO - DAG(s) 'example_weekday_branch_operator' retrieved from /home/airflow/.local/lib/python3.8/site-packages/airflow/example_dags/example_branch_day_of_week_operator.py
[2026-04-21T19:39:16.871+0000] {logging_mixin.py:188} INFO - [2026-04-21T19:39:16.871+0000] {dag.py:3036} INFO - Sync 1 DAGs
[2026-04-21T19:39:16.891+0000] {logging_mixin.py:188} INFO - [2026-04-21T19:39:16.891+0000] {dag.py:3823} INFO - Setting next_dagrun for example_weekday_branch_operator to 2026-04-20 00:00:00+00:00, run_after=2026-04-21 00:00:00+00:00
[2026-04-21T19:39:16.915+0000] {processor.py:183} INFO - Processing /home/airflow/.local/lib/python3.8/site-packages/airflow/example_dags/example_branch_day_of_week_operator.py took 0.079 seconds
[2026-04-21T19:39:47.502+0000] {processor.py:161} INFO - Started process (PID=770) to work on /home/airflow/.local/lib/python3.8/site-packages/airflow/example_dags/example_branch_day_of_week_operator.py
[2026-04-21T19:39:47.504+0000] {processor.py:830} INFO - Processing file /home/airflow/.local/lib/python3.8/site-packages/airflow/example_dags/example_branch_day_of_week_operator.py for tasks to queue
[2026-04-21T19:39:47.506+0000] {logging_mixin.py:188} INFO - [2026-04-21T19:39:47.505+0000] {dagbag.py:538} INFO - Filling up the DagBag from /home/airflow/.local/lib/python3.8/site-packages/airflow/example_dags/example_branch_day_of_week_operator.py
[2026-04-21T19:39:47.513+0000] {processor.py:840} INFO - DAG(s) 'example_weekday_branch_operator' retrieved from /home/airflow/.local/lib/python3.8/site-packages/airflow/example_dags/example_branch_day_of_week_operator.py
[2026-04-21T19:39:47.533+0000] {logging_mixin.py:188} INFO - [2026-04-21T19:39:47.533+0000] {dag.py:3036} INFO - Sync 1 DAGs
[2026-04-21T19:39:47.554+0000] {logging_mixin.py:188} INFO - [2026-04-21T19:39:47.554+0000] {dag.py:3823} INFO - Setting next_dagrun for example_weekday_branch_operator to 2026-04-20 00:00:00+00:00, run_after=2026-04-21 00:00:00+00:00
[2026-04-21T19:39:47.576+0000] {processor.py:183} INFO - Processing /home/airflow/.local/lib/python3.8/site-packages/airflow/example_dags/example_branch_day_of_week_operator.py took 0.077 seconds
