[2026-04-21T19:33:36.280+0000] {processor.py:161} INFO - Started process (PID=94) to work on /home/airflow/.local/lib/python3.8/site-packages/airflow/example_dags/example_python_decorator.py
[2026-04-21T19:33:36.282+0000] {processor.py:830} INFO - Processing file /home/airflow/.local/lib/python3.8/site-packages/airflow/example_dags/example_python_decorator.py for tasks to queue
[2026-04-21T19:33:36.285+0000] {logging_mixin.py:188} INFO - [2026-04-21T19:33:36.284+0000] {dagbag.py:538} INFO - Filling up the DagBag from /home/airflow/.local/lib/python3.8/site-packages/airflow/example_dags/example_python_decorator.py
[2026-04-21T19:33:36.304+0000] {processor.py:840} INFO - DAG(s) 'example_python_decorator' retrieved from /home/airflow/.local/lib/python3.8/site-packages/airflow/example_dags/example_python_decorator.py
[2026-04-21T19:33:36.463+0000] {logging_mixin.py:188} INFO - [2026-04-21T19:33:36.463+0000] {dag.py:3036} INFO - Sync 1 DAGs
[2026-04-21T19:33:36.482+0000] {logging_mixin.py:188} INFO - [2026-04-21T19:33:36.482+0000] {dag.py:3823} INFO - Setting next_dagrun for example_python_decorator to None, run_after=None
[2026-04-21T19:33:36.525+0000] {processor.py:183} INFO - Processing /home/airflow/.local/lib/python3.8/site-packages/airflow/example_dags/example_python_decorator.py took 0.250 seconds
[2026-04-21T19:34:09.496+0000] {processor.py:161} INFO - Started process (PID=152) to work on /home/airflow/.local/lib/python3.8/site-packages/airflow/example_dags/example_python_decorator.py
[2026-04-21T19:34:09.499+0000] {processor.py:830} INFO - Processing file /home/airflow/.local/lib/python3.8/site-packages/airflow/example_dags/example_python_decorator.py for tasks to queue
[2026-04-21T19:34:09.505+0000] {logging_mixin.py:188} INFO - [2026-04-21T19:34:09.503+0000] {dagbag.py:538} INFO - Filling up the DagBag from /home/airflow/.local/lib/python3.8/site-packages/airflow/example_dags/example_python_decorator.py
[2026-04-21T19:34:09.541+0000] {processor.py:840} INFO - DAG(s) 'example_python_decorator' retrieved from /home/airflow/.local/lib/python3.8/site-packages/airflow/example_dags/example_python_decorator.py
[2026-04-21T19:34:09.596+0000] {logging_mixin.py:188} INFO - [2026-04-21T19:34:09.595+0000] {dag.py:3036} INFO - Sync 1 DAGs
[2026-04-21T19:34:09.630+0000] {logging_mixin.py:188} INFO - [2026-04-21T19:34:09.629+0000] {dag.py:3823} INFO - Setting next_dagrun for example_python_decorator to None, run_after=None
[2026-04-21T19:34:09.675+0000] {processor.py:183} INFO - Processing /home/airflow/.local/lib/python3.8/site-packages/airflow/example_dags/example_python_decorator.py took 0.189 seconds
[2026-04-21T19:34:39.874+0000] {processor.py:161} INFO - Started process (PID=208) to work on /home/airflow/.local/lib/python3.8/site-packages/airflow/example_dags/example_python_decorator.py
[2026-04-21T19:34:39.877+0000] {processor.py:830} INFO - Processing file /home/airflow/.local/lib/python3.8/site-packages/airflow/example_dags/example_python_decorator.py for tasks to queue
[2026-04-21T19:34:39.881+0000] {logging_mixin.py:188} INFO - [2026-04-21T19:34:39.880+0000] {dagbag.py:538} INFO - Filling up the DagBag from /home/airflow/.local/lib/python3.8/site-packages/airflow/example_dags/example_python_decorator.py
[2026-04-21T19:34:39.912+0000] {processor.py:840} INFO - DAG(s) 'example_python_decorator' retrieved from /home/airflow/.local/lib/python3.8/site-packages/airflow/example_dags/example_python_decorator.py
[2026-04-21T19:34:39.965+0000] {logging_mixin.py:188} INFO - [2026-04-21T19:34:39.965+0000] {dag.py:3036} INFO - Sync 1 DAGs
[2026-04-21T19:34:39.995+0000] {logging_mixin.py:188} INFO - [2026-04-21T19:34:39.994+0000] {dag.py:3823} INFO - Setting next_dagrun for example_python_decorator to None, run_after=None
[2026-04-21T19:34:40.044+0000] {processor.py:183} INFO - Processing /home/airflow/.local/lib/python3.8/site-packages/airflow/example_dags/example_python_decorator.py took 0.179 seconds
[2026-04-21T19:35:10.579+0000] {processor.py:161} INFO - Started process (PID=266) to work on /home/airflow/.local/lib/python3.8/site-packages/airflow/example_dags/example_python_decorator.py
[2026-04-21T19:35:10.582+0000] {processor.py:830} INFO - Processing file /home/airflow/.local/lib/python3.8/site-packages/airflow/example_dags/example_python_decorator.py for tasks to queue
[2026-04-21T19:35:10.587+0000] {logging_mixin.py:188} INFO - [2026-04-21T19:35:10.587+0000] {dagbag.py:538} INFO - Filling up the DagBag from /home/airflow/.local/lib/python3.8/site-packages/airflow/example_dags/example_python_decorator.py
[2026-04-21T19:35:10.616+0000] {processor.py:840} INFO - DAG(s) 'example_python_decorator' retrieved from /home/airflow/.local/lib/python3.8/site-packages/airflow/example_dags/example_python_decorator.py
[2026-04-21T19:35:10.664+0000] {logging_mixin.py:188} INFO - [2026-04-21T19:35:10.663+0000] {dag.py:3036} INFO - Sync 1 DAGs
[2026-04-21T19:35:10.689+0000] {logging_mixin.py:188} INFO - [2026-04-21T19:35:10.688+0000] {dag.py:3823} INFO - Setting next_dagrun for example_python_decorator to None, run_after=None
[2026-04-21T19:35:10.729+0000] {processor.py:183} INFO - Processing /home/airflow/.local/lib/python3.8/site-packages/airflow/example_dags/example_python_decorator.py took 0.155 seconds
[2026-04-21T19:35:41.312+0000] {processor.py:161} INFO - Started process (PID=324) to work on /home/airflow/.local/lib/python3.8/site-packages/airflow/example_dags/example_python_decorator.py
[2026-04-21T19:35:41.314+0000] {processor.py:830} INFO - Processing file /home/airflow/.local/lib/python3.8/site-packages/airflow/example_dags/example_python_decorator.py for tasks to queue
[2026-04-21T19:35:41.321+0000] {logging_mixin.py:188} INFO - [2026-04-21T19:35:41.320+0000] {dagbag.py:538} INFO - Filling up the DagBag from /home/airflow/.local/lib/python3.8/site-packages/airflow/example_dags/example_python_decorator.py
[2026-04-21T19:35:41.353+0000] {processor.py:840} INFO - DAG(s) 'example_python_decorator' retrieved from /home/airflow/.local/lib/python3.8/site-packages/airflow/example_dags/example_python_decorator.py
[2026-04-21T19:35:41.407+0000] {logging_mixin.py:188} INFO - [2026-04-21T19:35:41.406+0000] {dag.py:3036} INFO - Sync 1 DAGs
[2026-04-21T19:35:41.437+0000] {logging_mixin.py:188} INFO - [2026-04-21T19:35:41.436+0000] {dag.py:3823} INFO - Setting next_dagrun for example_python_decorator to None, run_after=None
[2026-04-21T19:35:41.480+0000] {processor.py:183} INFO - Processing /home/airflow/.local/lib/python3.8/site-packages/airflow/example_dags/example_python_decorator.py took 0.175 seconds
[2026-04-21T19:36:11.981+0000] {processor.py:161} INFO - Started process (PID=381) to work on /home/airflow/.local/lib/python3.8/site-packages/airflow/example_dags/example_python_decorator.py
[2026-04-21T19:36:11.983+0000] {processor.py:830} INFO - Processing file /home/airflow/.local/lib/python3.8/site-packages/airflow/example_dags/example_python_decorator.py for tasks to queue
[2026-04-21T19:36:11.988+0000] {logging_mixin.py:188} INFO - [2026-04-21T19:36:11.987+0000] {dagbag.py:538} INFO - Filling up the DagBag from /home/airflow/.local/lib/python3.8/site-packages/airflow/example_dags/example_python_decorator.py
[2026-04-21T19:36:12.011+0000] {processor.py:840} INFO - DAG(s) 'example_python_decorator' retrieved from /home/airflow/.local/lib/python3.8/site-packages/airflow/example_dags/example_python_decorator.py
[2026-04-21T19:36:12.049+0000] {logging_mixin.py:188} INFO - [2026-04-21T19:36:12.048+0000] {dag.py:3036} INFO - Sync 1 DAGs
[2026-04-21T19:36:12.071+0000] {logging_mixin.py:188} INFO - [2026-04-21T19:36:12.071+0000] {dag.py:3823} INFO - Setting next_dagrun for example_python_decorator to None, run_after=None
[2026-04-21T19:36:12.104+0000] {processor.py:183} INFO - Processing /home/airflow/.local/lib/python3.8/site-packages/airflow/example_dags/example_python_decorator.py took 0.127 seconds
[2026-04-21T19:36:42.212+0000] {processor.py:161} INFO - Started process (PID=439) to work on /home/airflow/.local/lib/python3.8/site-packages/airflow/example_dags/example_python_decorator.py
[2026-04-21T19:36:42.213+0000] {processor.py:830} INFO - Processing file /home/airflow/.local/lib/python3.8/site-packages/airflow/example_dags/example_python_decorator.py for tasks to queue
[2026-04-21T19:36:42.216+0000] {logging_mixin.py:188} INFO - [2026-04-21T19:36:42.216+0000] {dagbag.py:538} INFO - Filling up the DagBag from /home/airflow/.local/lib/python3.8/site-packages/airflow/example_dags/example_python_decorator.py
[2026-04-21T19:36:42.237+0000] {processor.py:840} INFO - DAG(s) 'example_python_decorator' retrieved from /home/airflow/.local/lib/python3.8/site-packages/airflow/example_dags/example_python_decorator.py
[2026-04-21T19:36:42.271+0000] {logging_mixin.py:188} INFO - [2026-04-21T19:36:42.270+0000] {dag.py:3036} INFO - Sync 1 DAGs
[2026-04-21T19:36:42.290+0000] {logging_mixin.py:188} INFO - [2026-04-21T19:36:42.289+0000] {dag.py:3823} INFO - Setting next_dagrun for example_python_decorator to None, run_after=None
[2026-04-21T19:36:42.320+0000] {processor.py:183} INFO - Processing /home/airflow/.local/lib/python3.8/site-packages/airflow/example_dags/example_python_decorator.py took 0.113 seconds
[2026-04-21T19:37:15.331+0000] {processor.py:161} INFO - Started process (PID=496) to work on /home/airflow/.local/lib/python3.8/site-packages/airflow/example_dags/example_python_decorator.py
[2026-04-21T19:37:15.336+0000] {processor.py:830} INFO - Processing file /home/airflow/.local/lib/python3.8/site-packages/airflow/example_dags/example_python_decorator.py for tasks to queue
[2026-04-21T19:37:15.346+0000] {logging_mixin.py:188} INFO - [2026-04-21T19:37:15.346+0000] {dagbag.py:538} INFO - Filling up the DagBag from /home/airflow/.local/lib/python3.8/site-packages/airflow/example_dags/example_python_decorator.py
[2026-04-21T19:37:15.390+0000] {processor.py:840} INFO - DAG(s) 'example_python_decorator' retrieved from /home/airflow/.local/lib/python3.8/site-packages/airflow/example_dags/example_python_decorator.py
[2026-04-21T19:37:15.461+0000] {logging_mixin.py:188} INFO - [2026-04-21T19:37:15.461+0000] {dag.py:3036} INFO - Sync 1 DAGs
[2026-04-21T19:37:15.503+0000] {logging_mixin.py:188} INFO - [2026-04-21T19:37:15.502+0000] {dag.py:3823} INFO - Setting next_dagrun for example_python_decorator to None, run_after=None
[2026-04-21T19:37:15.593+0000] {processor.py:183} INFO - Processing /home/airflow/.local/lib/python3.8/site-packages/airflow/example_dags/example_python_decorator.py took 0.269 seconds
[2026-04-21T19:37:46.122+0000] {processor.py:161} INFO - Started process (PID=553) to work on /home/airflow/.local/lib/python3.8/site-packages/airflow/example_dags/example_python_decorator.py
[2026-04-21T19:37:46.123+0000] {processor.py:830} INFO - Processing file /home/airflow/.local/lib/python3.8/site-packages/airflow/example_dags/example_python_decorator.py for tasks to queue
[2026-04-21T19:37:46.126+0000] {logging_mixin.py:188} INFO - [2026-04-21T19:37:46.125+0000] {dagbag.py:538} INFO - Filling up the DagBag from /home/airflow/.local/lib/python3.8/site-packages/airflow/example_dags/example_python_decorator.py
[2026-04-21T19:37:46.139+0000] {processor.py:840} INFO - DAG(s) 'example_python_decorator' retrieved from /home/airflow/.local/lib/python3.8/site-packages/airflow/example_dags/example_python_decorator.py
[2026-04-21T19:37:46.164+0000] {logging_mixin.py:188} INFO - [2026-04-21T19:37:46.163+0000] {dag.py:3036} INFO - Sync 1 DAGs
[2026-04-21T19:37:46.178+0000] {logging_mixin.py:188} INFO - [2026-04-21T19:37:46.178+0000] {dag.py:3823} INFO - Setting next_dagrun for example_python_decorator to None, run_after=None
[2026-04-21T19:37:46.227+0000] {processor.py:183} INFO - Processing /home/airflow/.local/lib/python3.8/site-packages/airflow/example_dags/example_python_decorator.py took 0.109 seconds
[2026-04-21T19:38:16.584+0000] {processor.py:161} INFO - Started process (PID=610) to work on /home/airflow/.local/lib/python3.8/site-packages/airflow/example_dags/example_python_decorator.py
[2026-04-21T19:38:16.586+0000] {processor.py:830} INFO - Processing file /home/airflow/.local/lib/python3.8/site-packages/airflow/example_dags/example_python_decorator.py for tasks to queue
[2026-04-21T19:38:16.588+0000] {logging_mixin.py:188} INFO - [2026-04-21T19:38:16.588+0000] {dagbag.py:538} INFO - Filling up the DagBag from /home/airflow/.local/lib/python3.8/site-packages/airflow/example_dags/example_python_decorator.py
[2026-04-21T19:38:16.601+0000] {processor.py:840} INFO - DAG(s) 'example_python_decorator' retrieved from /home/airflow/.local/lib/python3.8/site-packages/airflow/example_dags/example_python_decorator.py
[2026-04-21T19:38:16.626+0000] {logging_mixin.py:188} INFO - [2026-04-21T19:38:16.625+0000] {dag.py:3036} INFO - Sync 1 DAGs
[2026-04-21T19:38:16.642+0000] {logging_mixin.py:188} INFO - [2026-04-21T19:38:16.642+0000] {dag.py:3823} INFO - Setting next_dagrun for example_python_decorator to None, run_after=None
[2026-04-21T19:38:16.669+0000] {processor.py:183} INFO - Processing /home/airflow/.local/lib/python3.8/site-packages/airflow/example_dags/example_python_decorator.py took 0.089 seconds
[2026-04-21T19:38:46.734+0000] {processor.py:161} INFO - Started process (PID=667) to work on /home/airflow/.local/lib/python3.8/site-packages/airflow/example_dags/example_python_decorator.py
[2026-04-21T19:38:46.736+0000] {processor.py:830} INFO - Processing file /home/airflow/.local/lib/python3.8/site-packages/airflow/example_dags/example_python_decorator.py for tasks to queue
[2026-04-21T19:38:46.738+0000] {logging_mixin.py:188} INFO - [2026-04-21T19:38:46.737+0000] {dagbag.py:538} INFO - Filling up the DagBag from /home/airflow/.local/lib/python3.8/site-packages/airflow/example_dags/example_python_decorator.py
[2026-04-21T19:38:46.753+0000] {processor.py:840} INFO - DAG(s) 'example_python_decorator' retrieved from /home/airflow/.local/lib/python3.8/site-packages/airflow/example_dags/example_python_decorator.py
[2026-04-21T19:38:46.776+0000] {logging_mixin.py:188} INFO - [2026-04-21T19:38:46.776+0000] {dag.py:3036} INFO - Sync 1 DAGs
[2026-04-21T19:38:46.787+0000] {logging_mixin.py:188} INFO - [2026-04-21T19:38:46.787+0000] {dag.py:3823} INFO - Setting next_dagrun for example_python_decorator to None, run_after=None
[2026-04-21T19:38:46.809+0000] {processor.py:183} INFO - Processing /home/airflow/.local/lib/python3.8/site-packages/airflow/example_dags/example_python_decorator.py took 0.078 seconds
[2026-04-21T19:39:17.500+0000] {processor.py:161} INFO - Started process (PID=724) to work on /home/airflow/.local/lib/python3.8/site-packages/airflow/example_dags/example_python_decorator.py
[2026-04-21T19:39:17.502+0000] {processor.py:830} INFO - Processing file /home/airflow/.local/lib/python3.8/site-packages/airflow/example_dags/example_python_decorator.py for tasks to queue
[2026-04-21T19:39:17.504+0000] {logging_mixin.py:188} INFO - [2026-04-21T19:39:17.503+0000] {dagbag.py:538} INFO - Filling up the DagBag from /home/airflow/.local/lib/python3.8/site-packages/airflow/example_dags/example_python_decorator.py
[2026-04-21T19:39:17.517+0000] {processor.py:840} INFO - DAG(s) 'example_python_decorator' retrieved from /home/airflow/.local/lib/python3.8/site-packages/airflow/example_dags/example_python_decorator.py
[2026-04-21T19:39:17.542+0000] {logging_mixin.py:188} INFO - [2026-04-21T19:39:17.542+0000] {dag.py:3036} INFO - Sync 1 DAGs
[2026-04-21T19:39:17.557+0000] {logging_mixin.py:188} INFO - [2026-04-21T19:39:17.557+0000] {dag.py:3823} INFO - Setting next_dagrun for example_python_decorator to None, run_after=None
[2026-04-21T19:39:17.582+0000] {processor.py:183} INFO - Processing /home/airflow/.local/lib/python3.8/site-packages/airflow/example_dags/example_python_decorator.py took 0.085 seconds
[2026-04-21T19:39:48.221+0000] {processor.py:161} INFO - Started process (PID=781) to work on /home/airflow/.local/lib/python3.8/site-packages/airflow/example_dags/example_python_decorator.py
[2026-04-21T19:39:48.222+0000] {processor.py:830} INFO - Processing file /home/airflow/.local/lib/python3.8/site-packages/airflow/example_dags/example_python_decorator.py for tasks to queue
[2026-04-21T19:39:48.224+0000] {logging_mixin.py:188} INFO - [2026-04-21T19:39:48.224+0000] {dagbag.py:538} INFO - Filling up the DagBag from /home/airflow/.local/lib/python3.8/site-packages/airflow/example_dags/example_python_decorator.py
[2026-04-21T19:39:48.238+0000] {processor.py:840} INFO - DAG(s) 'example_python_decorator' retrieved from /home/airflow/.local/lib/python3.8/site-packages/airflow/example_dags/example_python_decorator.py
[2026-04-21T19:39:48.261+0000] {logging_mixin.py:188} INFO - [2026-04-21T19:39:48.261+0000] {dag.py:3036} INFO - Sync 1 DAGs
[2026-04-21T19:39:48.273+0000] {logging_mixin.py:188} INFO - [2026-04-21T19:39:48.273+0000] {dag.py:3823} INFO - Setting next_dagrun for example_python_decorator to None, run_after=None
[2026-04-21T19:39:48.295+0000] {processor.py:183} INFO - Processing /home/airflow/.local/lib/python3.8/site-packages/airflow/example_dags/example_python_decorator.py took 0.078 seconds
