[2026-04-21T19:33:37.190+0000] {processor.py:161} INFO - Started process (PID=102) to work on /home/airflow/.local/lib/python3.8/site-packages/airflow/example_dags/example_short_circuit_decorator.py
[2026-04-21T19:33:37.192+0000] {processor.py:830} INFO - Processing file /home/airflow/.local/lib/python3.8/site-packages/airflow/example_dags/example_short_circuit_decorator.py for tasks to queue
[2026-04-21T19:33:37.196+0000] {logging_mixin.py:188} INFO - [2026-04-21T19:33:37.195+0000] {dagbag.py:538} INFO - Filling up the DagBag from /home/airflow/.local/lib/python3.8/site-packages/airflow/example_dags/example_short_circuit_decorator.py
[2026-04-21T19:33:37.213+0000] {processor.py:840} INFO - DAG(s) 'example_short_circuit_decorator' retrieved from /home/airflow/.local/lib/python3.8/site-packages/airflow/example_dags/example_short_circuit_decorator.py
[2026-04-21T19:33:37.267+0000] {logging_mixin.py:188} INFO - [2026-04-21T19:33:37.266+0000] {dag.py:3036} INFO - Sync 1 DAGs
[2026-04-21T19:33:37.314+0000] {logging_mixin.py:188} INFO - [2026-04-21T19:33:37.313+0000] {dag.py:3823} INFO - Setting next_dagrun for example_short_circuit_decorator to 2026-04-20 00:00:00+00:00, run_after=2026-04-21 00:00:00+00:00
[2026-04-21T19:33:37.349+0000] {processor.py:183} INFO - Processing /home/airflow/.local/lib/python3.8/site-packages/airflow/example_dags/example_short_circuit_decorator.py took 0.166 seconds
[2026-04-21T19:34:10.402+0000] {processor.py:161} INFO - Started process (PID=159) to work on /home/airflow/.local/lib/python3.8/site-packages/airflow/example_dags/example_short_circuit_decorator.py
[2026-04-21T19:34:10.406+0000] {processor.py:830} INFO - Processing file /home/airflow/.local/lib/python3.8/site-packages/airflow/example_dags/example_short_circuit_decorator.py for tasks to queue
[2026-04-21T19:34:10.411+0000] {logging_mixin.py:188} INFO - [2026-04-21T19:34:10.410+0000] {dagbag.py:538} INFO - Filling up the DagBag from /home/airflow/.local/lib/python3.8/site-packages/airflow/example_dags/example_short_circuit_decorator.py
[2026-04-21T19:34:10.433+0000] {processor.py:840} INFO - DAG(s) 'example_short_circuit_decorator' retrieved from /home/airflow/.local/lib/python3.8/site-packages/airflow/example_dags/example_short_circuit_decorator.py
[2026-04-21T19:34:10.489+0000] {logging_mixin.py:188} INFO - [2026-04-21T19:34:10.488+0000] {dag.py:3036} INFO - Sync 1 DAGs
[2026-04-21T19:34:10.547+0000] {logging_mixin.py:188} INFO - [2026-04-21T19:34:10.546+0000] {dag.py:3823} INFO - Setting next_dagrun for example_short_circuit_decorator to 2026-04-20 00:00:00+00:00, run_after=2026-04-21 00:00:00+00:00
[2026-04-21T19:34:10.599+0000] {processor.py:183} INFO - Processing /home/airflow/.local/lib/python3.8/site-packages/airflow/example_dags/example_short_circuit_decorator.py took 0.203 seconds
[2026-04-21T19:34:40.989+0000] {processor.py:161} INFO - Started process (PID=216) to work on /home/airflow/.local/lib/python3.8/site-packages/airflow/example_dags/example_short_circuit_decorator.py
[2026-04-21T19:34:40.991+0000] {processor.py:830} INFO - Processing file /home/airflow/.local/lib/python3.8/site-packages/airflow/example_dags/example_short_circuit_decorator.py for tasks to queue
[2026-04-21T19:34:40.995+0000] {logging_mixin.py:188} INFO - [2026-04-21T19:34:40.995+0000] {dagbag.py:538} INFO - Filling up the DagBag from /home/airflow/.local/lib/python3.8/site-packages/airflow/example_dags/example_short_circuit_decorator.py
[2026-04-21T19:34:41.021+0000] {processor.py:840} INFO - DAG(s) 'example_short_circuit_decorator' retrieved from /home/airflow/.local/lib/python3.8/site-packages/airflow/example_dags/example_short_circuit_decorator.py
[2026-04-21T19:34:41.074+0000] {logging_mixin.py:188} INFO - [2026-04-21T19:34:41.073+0000] {dag.py:3036} INFO - Sync 1 DAGs
[2026-04-21T19:34:41.129+0000] {logging_mixin.py:188} INFO - [2026-04-21T19:34:41.128+0000] {dag.py:3823} INFO - Setting next_dagrun for example_short_circuit_decorator to 2026-04-20 00:00:00+00:00, run_after=2026-04-21 00:00:00+00:00
[2026-04-21T19:34:41.173+0000] {processor.py:183} INFO - Processing /home/airflow/.local/lib/python3.8/site-packages/airflow/example_dags/example_short_circuit_decorator.py took 0.193 seconds
[2026-04-21T19:35:11.481+0000] {processor.py:161} INFO - Started process (PID=274) to work on /home/airflow/.local/lib/python3.8/site-packages/airflow/example_dags/example_short_circuit_decorator.py
[2026-04-21T19:35:11.483+0000] {processor.py:830} INFO - Processing file /home/airflow/.local/lib/python3.8/site-packages/airflow/example_dags/example_short_circuit_decorator.py for tasks to queue
[2026-04-21T19:35:11.488+0000] {logging_mixin.py:188} INFO - [2026-04-21T19:35:11.487+0000] {dagbag.py:538} INFO - Filling up the DagBag from /home/airflow/.local/lib/python3.8/site-packages/airflow/example_dags/example_short_circuit_decorator.py
[2026-04-21T19:35:11.508+0000] {processor.py:840} INFO - DAG(s) 'example_short_circuit_decorator' retrieved from /home/airflow/.local/lib/python3.8/site-packages/airflow/example_dags/example_short_circuit_decorator.py
[2026-04-21T19:35:11.556+0000] {logging_mixin.py:188} INFO - [2026-04-21T19:35:11.556+0000] {dag.py:3036} INFO - Sync 1 DAGs
[2026-04-21T19:35:11.608+0000] {logging_mixin.py:188} INFO - [2026-04-21T19:35:11.608+0000] {dag.py:3823} INFO - Setting next_dagrun for example_short_circuit_decorator to 2026-04-20 00:00:00+00:00, run_after=2026-04-21 00:00:00+00:00
[2026-04-21T19:35:11.648+0000] {processor.py:183} INFO - Processing /home/airflow/.local/lib/python3.8/site-packages/airflow/example_dags/example_short_circuit_decorator.py took 0.174 seconds
[2026-04-21T19:35:42.290+0000] {processor.py:161} INFO - Started process (PID=332) to work on /home/airflow/.local/lib/python3.8/site-packages/airflow/example_dags/example_short_circuit_decorator.py
[2026-04-21T19:35:42.293+0000] {processor.py:830} INFO - Processing file /home/airflow/.local/lib/python3.8/site-packages/airflow/example_dags/example_short_circuit_decorator.py for tasks to queue
[2026-04-21T19:35:42.298+0000] {logging_mixin.py:188} INFO - [2026-04-21T19:35:42.297+0000] {dagbag.py:538} INFO - Filling up the DagBag from /home/airflow/.local/lib/python3.8/site-packages/airflow/example_dags/example_short_circuit_decorator.py
[2026-04-21T19:35:42.320+0000] {processor.py:840} INFO - DAG(s) 'example_short_circuit_decorator' retrieved from /home/airflow/.local/lib/python3.8/site-packages/airflow/example_dags/example_short_circuit_decorator.py
[2026-04-21T19:35:42.366+0000] {logging_mixin.py:188} INFO - [2026-04-21T19:35:42.366+0000] {dag.py:3036} INFO - Sync 1 DAGs
[2026-04-21T19:35:42.420+0000] {logging_mixin.py:188} INFO - [2026-04-21T19:35:42.419+0000] {dag.py:3823} INFO - Setting next_dagrun for example_short_circuit_decorator to 2026-04-20 00:00:00+00:00, run_after=2026-04-21 00:00:00+00:00
[2026-04-21T19:35:42.458+0000] {processor.py:183} INFO - Processing /home/airflow/.local/lib/python3.8/site-packages/airflow/example_dags/example_short_circuit_decorator.py took 0.175 seconds
[2026-04-21T19:36:13.147+0000] {processor.py:161} INFO - Started process (PID=389) to work on /home/airflow/.local/lib/python3.8/site-packages/airflow/example_dags/example_short_circuit_decorator.py
[2026-04-21T19:36:13.148+0000] {processor.py:830} INFO - Processing file /home/airflow/.local/lib/python3.8/site-packages/airflow/example_dags/example_short_circuit_decorator.py for tasks to queue
[2026-04-21T19:36:13.154+0000] {logging_mixin.py:188} INFO - [2026-04-21T19:36:13.154+0000] {dagbag.py:538} INFO - Filling up the DagBag from /home/airflow/.local/lib/python3.8/site-packages/airflow/example_dags/example_short_circuit_decorator.py
[2026-04-21T19:36:13.171+0000] {processor.py:840} INFO - DAG(s) 'example_short_circuit_decorator' retrieved from /home/airflow/.local/lib/python3.8/site-packages/airflow/example_dags/example_short_circuit_decorator.py
[2026-04-21T19:36:13.227+0000] {logging_mixin.py:188} INFO - [2026-04-21T19:36:13.226+0000] {dag.py:3036} INFO - Sync 1 DAGs
[2026-04-21T19:36:13.281+0000] {logging_mixin.py:188} INFO - [2026-04-21T19:36:13.281+0000] {dag.py:3823} INFO - Setting next_dagrun for example_short_circuit_decorator to 2026-04-20 00:00:00+00:00, run_after=2026-04-21 00:00:00+00:00
[2026-04-21T19:36:13.336+0000] {processor.py:183} INFO - Processing /home/airflow/.local/lib/python3.8/site-packages/airflow/example_dags/example_short_circuit_decorator.py took 0.194 seconds
[2026-04-21T19:36:44.180+0000] {processor.py:161} INFO - Started process (PID=447) to work on /home/airflow/.local/lib/python3.8/site-packages/airflow/example_dags/example_short_circuit_decorator.py
[2026-04-21T19:36:44.181+0000] {processor.py:830} INFO - Processing file /home/airflow/.local/lib/python3.8/site-packages/airflow/example_dags/example_short_circuit_decorator.py for tasks to queue
[2026-04-21T19:36:44.185+0000] {logging_mixin.py:188} INFO - [2026-04-21T19:36:44.183+0000] {dagbag.py:538} INFO - Filling up the DagBag from /home/airflow/.local/lib/python3.8/site-packages/airflow/example_dags/example_short_circuit_decorator.py
[2026-04-21T19:36:44.198+0000] {processor.py:840} INFO - DAG(s) 'example_short_circuit_decorator' retrieved from /home/airflow/.local/lib/python3.8/site-packages/airflow/example_dags/example_short_circuit_decorator.py
[2026-04-21T19:36:44.237+0000] {logging_mixin.py:188} INFO - [2026-04-21T19:36:44.237+0000] {dag.py:3036} INFO - Sync 1 DAGs
[2026-04-21T19:36:44.270+0000] {logging_mixin.py:188} INFO - [2026-04-21T19:36:44.270+0000] {dag.py:3823} INFO - Setting next_dagrun for example_short_circuit_decorator to 2026-04-20 00:00:00+00:00, run_after=2026-04-21 00:00:00+00:00
[2026-04-21T19:36:44.302+0000] {processor.py:183} INFO - Processing /home/airflow/.local/lib/python3.8/site-packages/airflow/example_dags/example_short_circuit_decorator.py took 0.127 seconds
[2026-04-21T19:37:16.511+0000] {processor.py:161} INFO - Started process (PID=504) to work on /home/airflow/.local/lib/python3.8/site-packages/airflow/example_dags/example_short_circuit_decorator.py
[2026-04-21T19:37:16.513+0000] {processor.py:830} INFO - Processing file /home/airflow/.local/lib/python3.8/site-packages/airflow/example_dags/example_short_circuit_decorator.py for tasks to queue
[2026-04-21T19:37:16.517+0000] {logging_mixin.py:188} INFO - [2026-04-21T19:37:16.516+0000] {dagbag.py:538} INFO - Filling up the DagBag from /home/airflow/.local/lib/python3.8/site-packages/airflow/example_dags/example_short_circuit_decorator.py
[2026-04-21T19:37:16.542+0000] {processor.py:840} INFO - DAG(s) 'example_short_circuit_decorator' retrieved from /home/airflow/.local/lib/python3.8/site-packages/airflow/example_dags/example_short_circuit_decorator.py
[2026-04-21T19:37:16.600+0000] {logging_mixin.py:188} INFO - [2026-04-21T19:37:16.599+0000] {dag.py:3036} INFO - Sync 1 DAGs
[2026-04-21T19:37:16.662+0000] {logging_mixin.py:188} INFO - [2026-04-21T19:37:16.662+0000] {dag.py:3823} INFO - Setting next_dagrun for example_short_circuit_decorator to 2026-04-20 00:00:00+00:00, run_after=2026-04-21 00:00:00+00:00
[2026-04-21T19:37:16.716+0000] {processor.py:183} INFO - Processing /home/airflow/.local/lib/python3.8/site-packages/airflow/example_dags/example_short_circuit_decorator.py took 0.213 seconds
[2026-04-21T19:37:47.038+0000] {processor.py:161} INFO - Started process (PID=561) to work on /home/airflow/.local/lib/python3.8/site-packages/airflow/example_dags/example_short_circuit_decorator.py
[2026-04-21T19:37:47.040+0000] {processor.py:830} INFO - Processing file /home/airflow/.local/lib/python3.8/site-packages/airflow/example_dags/example_short_circuit_decorator.py for tasks to queue
[2026-04-21T19:37:47.042+0000] {logging_mixin.py:188} INFO - [2026-04-21T19:37:47.042+0000] {dagbag.py:538} INFO - Filling up the DagBag from /home/airflow/.local/lib/python3.8/site-packages/airflow/example_dags/example_short_circuit_decorator.py
[2026-04-21T19:37:47.052+0000] {processor.py:840} INFO - DAG(s) 'example_short_circuit_decorator' retrieved from /home/airflow/.local/lib/python3.8/site-packages/airflow/example_dags/example_short_circuit_decorator.py
[2026-04-21T19:37:47.077+0000] {logging_mixin.py:188} INFO - [2026-04-21T19:37:47.077+0000] {dag.py:3036} INFO - Sync 1 DAGs
[2026-04-21T19:37:47.102+0000] {logging_mixin.py:188} INFO - [2026-04-21T19:37:47.102+0000] {dag.py:3823} INFO - Setting next_dagrun for example_short_circuit_decorator to 2026-04-20 00:00:00+00:00, run_after=2026-04-21 00:00:00+00:00
[2026-04-21T19:37:47.276+0000] {processor.py:183} INFO - Processing /home/airflow/.local/lib/python3.8/site-packages/airflow/example_dags/example_short_circuit_decorator.py took 0.242 seconds
[2026-04-21T19:38:18.210+0000] {processor.py:161} INFO - Started process (PID=618) to work on /home/airflow/.local/lib/python3.8/site-packages/airflow/example_dags/example_short_circuit_decorator.py
[2026-04-21T19:38:18.211+0000] {processor.py:830} INFO - Processing file /home/airflow/.local/lib/python3.8/site-packages/airflow/example_dags/example_short_circuit_decorator.py for tasks to queue
[2026-04-21T19:38:18.213+0000] {logging_mixin.py:188} INFO - [2026-04-21T19:38:18.213+0000] {dagbag.py:538} INFO - Filling up the DagBag from /home/airflow/.local/lib/python3.8/site-packages/airflow/example_dags/example_short_circuit_decorator.py
[2026-04-21T19:38:18.225+0000] {processor.py:840} INFO - DAG(s) 'example_short_circuit_decorator' retrieved from /home/airflow/.local/lib/python3.8/site-packages/airflow/example_dags/example_short_circuit_decorator.py
[2026-04-21T19:38:18.248+0000] {logging_mixin.py:188} INFO - [2026-04-21T19:38:18.248+0000] {dag.py:3036} INFO - Sync 1 DAGs
[2026-04-21T19:38:18.267+0000] {logging_mixin.py:188} INFO - [2026-04-21T19:38:18.267+0000] {dag.py:3823} INFO - Setting next_dagrun for example_short_circuit_decorator to 2026-04-20 00:00:00+00:00, run_after=2026-04-21 00:00:00+00:00
[2026-04-21T19:38:18.293+0000] {processor.py:183} INFO - Processing /home/airflow/.local/lib/python3.8/site-packages/airflow/example_dags/example_short_circuit_decorator.py took 0.086 seconds
[2026-04-21T19:38:48.463+0000] {processor.py:161} INFO - Started process (PID=675) to work on /home/airflow/.local/lib/python3.8/site-packages/airflow/example_dags/example_short_circuit_decorator.py
[2026-04-21T19:38:48.465+0000] {processor.py:830} INFO - Processing file /home/airflow/.local/lib/python3.8/site-packages/airflow/example_dags/example_short_circuit_decorator.py for tasks to queue
[2026-04-21T19:38:48.469+0000] {logging_mixin.py:188} INFO - [2026-04-21T19:38:48.468+0000] {dagbag.py:538} INFO - Filling up the DagBag from /home/airflow/.local/lib/python3.8/site-packages/airflow/example_dags/example_short_circuit_decorator.py
[2026-04-21T19:38:48.483+0000] {processor.py:840} INFO - DAG(s) 'example_short_circuit_decorator' retrieved from /home/airflow/.local/lib/python3.8/site-packages/airflow/example_dags/example_short_circuit_decorator.py
[2026-04-21T19:38:48.519+0000] {logging_mixin.py:188} INFO - [2026-04-21T19:38:48.519+0000] {dag.py:3036} INFO - Sync 1 DAGs
[2026-04-21T19:38:48.552+0000] {logging_mixin.py:188} INFO - [2026-04-21T19:38:48.552+0000] {dag.py:3823} INFO - Setting next_dagrun for example_short_circuit_decorator to 2026-04-20 00:00:00+00:00, run_after=2026-04-21 00:00:00+00:00
[2026-04-21T19:38:48.585+0000] {processor.py:183} INFO - Processing /home/airflow/.local/lib/python3.8/site-packages/airflow/example_dags/example_short_circuit_decorator.py took 0.126 seconds
[2026-04-21T19:39:19.002+0000] {processor.py:161} INFO - Started process (PID=732) to work on /home/airflow/.local/lib/python3.8/site-packages/airflow/example_dags/example_short_circuit_decorator.py
[2026-04-21T19:39:19.004+0000] {processor.py:830} INFO - Processing file /home/airflow/.local/lib/python3.8/site-packages/airflow/example_dags/example_short_circuit_decorator.py for tasks to queue
[2026-04-21T19:39:19.007+0000] {logging_mixin.py:188} INFO - [2026-04-21T19:39:19.006+0000] {dagbag.py:538} INFO - Filling up the DagBag from /home/airflow/.local/lib/python3.8/site-packages/airflow/example_dags/example_short_circuit_decorator.py
[2026-04-21T19:39:19.018+0000] {processor.py:840} INFO - DAG(s) 'example_short_circuit_decorator' retrieved from /home/airflow/.local/lib/python3.8/site-packages/airflow/example_dags/example_short_circuit_decorator.py
[2026-04-21T19:39:19.041+0000] {logging_mixin.py:188} INFO - [2026-04-21T19:39:19.041+0000] {dag.py:3036} INFO - Sync 1 DAGs
[2026-04-21T19:39:19.065+0000] {logging_mixin.py:188} INFO - [2026-04-21T19:39:19.065+0000] {dag.py:3823} INFO - Setting next_dagrun for example_short_circuit_decorator to 2026-04-20 00:00:00+00:00, run_after=2026-04-21 00:00:00+00:00
[2026-04-21T19:39:19.088+0000] {processor.py:183} INFO - Processing /home/airflow/.local/lib/python3.8/site-packages/airflow/example_dags/example_short_circuit_decorator.py took 0.089 seconds
