[2026-04-21T19:33:34.767+0000] {processor.py:161} INFO - Started process (PID=79) to work on /home/airflow/.local/lib/python3.8/site-packages/airflow/example_dags/example_external_task_marker_dag.py
[2026-04-21T19:33:34.769+0000] {processor.py:830} INFO - Processing file /home/airflow/.local/lib/python3.8/site-packages/airflow/example_dags/example_external_task_marker_dag.py for tasks to queue
[2026-04-21T19:33:34.774+0000] {logging_mixin.py:188} INFO - [2026-04-21T19:33:34.773+0000] {dagbag.py:538} INFO - Filling up the DagBag from /home/airflow/.local/lib/python3.8/site-packages/airflow/example_dags/example_external_task_marker_dag.py
[2026-04-21T19:33:34.789+0000] {processor.py:840} INFO - DAG(s) 'example_external_task_marker_child', 'example_external_task_marker_parent' retrieved from /home/airflow/.local/lib/python3.8/site-packages/airflow/example_dags/example_external_task_marker_dag.py
[2026-04-21T19:33:34.834+0000] {logging_mixin.py:188} INFO - [2026-04-21T19:33:34.833+0000] {dag.py:3036} INFO - Sync 2 DAGs
[2026-04-21T19:33:34.864+0000] {logging_mixin.py:188} INFO - [2026-04-21T19:33:34.863+0000] {dag.py:3823} INFO - Setting next_dagrun for example_external_task_marker_child to None, run_after=None
[2026-04-21T19:33:34.870+0000] {logging_mixin.py:188} INFO - [2026-04-21T19:33:34.870+0000] {dag.py:3823} INFO - Setting next_dagrun for example_external_task_marker_parent to None, run_after=None
[2026-04-21T19:33:34.901+0000] {processor.py:183} INFO - Processing /home/airflow/.local/lib/python3.8/site-packages/airflow/example_dags/example_external_task_marker_dag.py took 0.142 seconds
[2026-04-21T19:34:06.897+0000] {processor.py:161} INFO - Started process (PID=136) to work on /home/airflow/.local/lib/python3.8/site-packages/airflow/example_dags/example_external_task_marker_dag.py
[2026-04-21T19:34:06.900+0000] {processor.py:830} INFO - Processing file /home/airflow/.local/lib/python3.8/site-packages/airflow/example_dags/example_external_task_marker_dag.py for tasks to queue
[2026-04-21T19:34:06.906+0000] {logging_mixin.py:188} INFO - [2026-04-21T19:34:06.906+0000] {dagbag.py:538} INFO - Filling up the DagBag from /home/airflow/.local/lib/python3.8/site-packages/airflow/example_dags/example_external_task_marker_dag.py
[2026-04-21T19:34:06.927+0000] {processor.py:840} INFO - DAG(s) 'example_external_task_marker_parent', 'example_external_task_marker_child' retrieved from /home/airflow/.local/lib/python3.8/site-packages/airflow/example_dags/example_external_task_marker_dag.py
[2026-04-21T19:34:07.015+0000] {logging_mixin.py:188} INFO - [2026-04-21T19:34:07.015+0000] {dag.py:3036} INFO - Sync 2 DAGs
[2026-04-21T19:34:07.078+0000] {logging_mixin.py:188} INFO - [2026-04-21T19:34:07.078+0000] {dag.py:3823} INFO - Setting next_dagrun for example_external_task_marker_child to None, run_after=None
[2026-04-21T19:34:07.100+0000] {logging_mixin.py:188} INFO - [2026-04-21T19:34:07.099+0000] {dag.py:3823} INFO - Setting next_dagrun for example_external_task_marker_parent to None, run_after=None
[2026-04-21T19:34:07.198+0000] {processor.py:183} INFO - Processing /home/airflow/.local/lib/python3.8/site-packages/airflow/example_dags/example_external_task_marker_dag.py took 0.309 seconds
[2026-04-21T19:34:37.930+0000] {processor.py:161} INFO - Started process (PID=193) to work on /home/airflow/.local/lib/python3.8/site-packages/airflow/example_dags/example_external_task_marker_dag.py
[2026-04-21T19:34:37.932+0000] {processor.py:830} INFO - Processing file /home/airflow/.local/lib/python3.8/site-packages/airflow/example_dags/example_external_task_marker_dag.py for tasks to queue
[2026-04-21T19:34:37.938+0000] {logging_mixin.py:188} INFO - [2026-04-21T19:34:37.937+0000] {dagbag.py:538} INFO - Filling up the DagBag from /home/airflow/.local/lib/python3.8/site-packages/airflow/example_dags/example_external_task_marker_dag.py
[2026-04-21T19:34:37.960+0000] {processor.py:840} INFO - DAG(s) 'example_external_task_marker_child', 'example_external_task_marker_parent' retrieved from /home/airflow/.local/lib/python3.8/site-packages/airflow/example_dags/example_external_task_marker_dag.py
[2026-04-21T19:34:38.034+0000] {logging_mixin.py:188} INFO - [2026-04-21T19:34:38.033+0000] {dag.py:3036} INFO - Sync 2 DAGs
[2026-04-21T19:34:38.075+0000] {logging_mixin.py:188} INFO - [2026-04-21T19:34:38.074+0000] {dag.py:3823} INFO - Setting next_dagrun for example_external_task_marker_child to None, run_after=None
[2026-04-21T19:34:38.087+0000] {logging_mixin.py:188} INFO - [2026-04-21T19:34:38.085+0000] {dag.py:3823} INFO - Setting next_dagrun for example_external_task_marker_parent to None, run_after=None
[2026-04-21T19:34:38.135+0000] {processor.py:183} INFO - Processing /home/airflow/.local/lib/python3.8/site-packages/airflow/example_dags/example_external_task_marker_dag.py took 0.218 seconds
[2026-04-21T19:35:08.981+0000] {processor.py:161} INFO - Started process (PID=251) to work on /home/airflow/.local/lib/python3.8/site-packages/airflow/example_dags/example_external_task_marker_dag.py
[2026-04-21T19:35:08.983+0000] {processor.py:830} INFO - Processing file /home/airflow/.local/lib/python3.8/site-packages/airflow/example_dags/example_external_task_marker_dag.py for tasks to queue
[2026-04-21T19:35:08.988+0000] {logging_mixin.py:188} INFO - [2026-04-21T19:35:08.987+0000] {dagbag.py:538} INFO - Filling up the DagBag from /home/airflow/.local/lib/python3.8/site-packages/airflow/example_dags/example_external_task_marker_dag.py
[2026-04-21T19:35:09.007+0000] {processor.py:840} INFO - DAG(s) 'example_external_task_marker_parent', 'example_external_task_marker_child' retrieved from /home/airflow/.local/lib/python3.8/site-packages/airflow/example_dags/example_external_task_marker_dag.py
[2026-04-21T19:35:09.054+0000] {logging_mixin.py:188} INFO - [2026-04-21T19:35:09.054+0000] {dag.py:3036} INFO - Sync 2 DAGs
[2026-04-21T19:35:09.082+0000] {logging_mixin.py:188} INFO - [2026-04-21T19:35:09.082+0000] {dag.py:3823} INFO - Setting next_dagrun for example_external_task_marker_child to None, run_after=None
[2026-04-21T19:35:09.093+0000] {logging_mixin.py:188} INFO - [2026-04-21T19:35:09.093+0000] {dag.py:3823} INFO - Setting next_dagrun for example_external_task_marker_parent to None, run_after=None
[2026-04-21T19:35:09.129+0000] {processor.py:183} INFO - Processing /home/airflow/.local/lib/python3.8/site-packages/airflow/example_dags/example_external_task_marker_dag.py took 0.155 seconds
[2026-04-21T19:35:39.538+0000] {processor.py:161} INFO - Started process (PID=309) to work on /home/airflow/.local/lib/python3.8/site-packages/airflow/example_dags/example_external_task_marker_dag.py
[2026-04-21T19:35:39.541+0000] {processor.py:830} INFO - Processing file /home/airflow/.local/lib/python3.8/site-packages/airflow/example_dags/example_external_task_marker_dag.py for tasks to queue
[2026-04-21T19:35:39.545+0000] {logging_mixin.py:188} INFO - [2026-04-21T19:35:39.544+0000] {dagbag.py:538} INFO - Filling up the DagBag from /home/airflow/.local/lib/python3.8/site-packages/airflow/example_dags/example_external_task_marker_dag.py
[2026-04-21T19:35:39.559+0000] {processor.py:840} INFO - DAG(s) 'example_external_task_marker_parent', 'example_external_task_marker_child' retrieved from /home/airflow/.local/lib/python3.8/site-packages/airflow/example_dags/example_external_task_marker_dag.py
[2026-04-21T19:35:39.617+0000] {logging_mixin.py:188} INFO - [2026-04-21T19:35:39.616+0000] {dag.py:3036} INFO - Sync 2 DAGs
[2026-04-21T19:35:39.648+0000] {logging_mixin.py:188} INFO - [2026-04-21T19:35:39.648+0000] {dag.py:3823} INFO - Setting next_dagrun for example_external_task_marker_child to None, run_after=None
[2026-04-21T19:35:39.659+0000] {logging_mixin.py:188} INFO - [2026-04-21T19:35:39.658+0000] {dag.py:3823} INFO - Setting next_dagrun for example_external_task_marker_parent to None, run_after=None
[2026-04-21T19:35:39.700+0000] {processor.py:183} INFO - Processing /home/airflow/.local/lib/python3.8/site-packages/airflow/example_dags/example_external_task_marker_dag.py took 0.170 seconds
[2026-04-21T19:36:09.875+0000] {processor.py:161} INFO - Started process (PID=366) to work on /home/airflow/.local/lib/python3.8/site-packages/airflow/example_dags/example_external_task_marker_dag.py
[2026-04-21T19:36:09.877+0000] {processor.py:830} INFO - Processing file /home/airflow/.local/lib/python3.8/site-packages/airflow/example_dags/example_external_task_marker_dag.py for tasks to queue
[2026-04-21T19:36:09.880+0000] {logging_mixin.py:188} INFO - [2026-04-21T19:36:09.880+0000] {dagbag.py:538} INFO - Filling up the DagBag from /home/airflow/.local/lib/python3.8/site-packages/airflow/example_dags/example_external_task_marker_dag.py
[2026-04-21T19:36:09.894+0000] {processor.py:840} INFO - DAG(s) 'example_external_task_marker_child', 'example_external_task_marker_parent' retrieved from /home/airflow/.local/lib/python3.8/site-packages/airflow/example_dags/example_external_task_marker_dag.py
[2026-04-21T19:36:09.941+0000] {logging_mixin.py:188} INFO - [2026-04-21T19:36:09.941+0000] {dag.py:3036} INFO - Sync 2 DAGs
[2026-04-21T19:36:09.969+0000] {logging_mixin.py:188} INFO - [2026-04-21T19:36:09.968+0000] {dag.py:3823} INFO - Setting next_dagrun for example_external_task_marker_child to None, run_after=None
[2026-04-21T19:36:09.976+0000] {logging_mixin.py:188} INFO - [2026-04-21T19:36:09.976+0000] {dag.py:3823} INFO - Setting next_dagrun for example_external_task_marker_parent to None, run_after=None
[2026-04-21T19:36:10.013+0000] {processor.py:183} INFO - Processing /home/airflow/.local/lib/python3.8/site-packages/airflow/example_dags/example_external_task_marker_dag.py took 0.144 seconds
[2026-04-21T19:36:40.477+0000] {processor.py:161} INFO - Started process (PID=424) to work on /home/airflow/.local/lib/python3.8/site-packages/airflow/example_dags/example_external_task_marker_dag.py
[2026-04-21T19:36:40.479+0000] {processor.py:830} INFO - Processing file /home/airflow/.local/lib/python3.8/site-packages/airflow/example_dags/example_external_task_marker_dag.py for tasks to queue
[2026-04-21T19:36:40.482+0000] {logging_mixin.py:188} INFO - [2026-04-21T19:36:40.482+0000] {dagbag.py:538} INFO - Filling up the DagBag from /home/airflow/.local/lib/python3.8/site-packages/airflow/example_dags/example_external_task_marker_dag.py
[2026-04-21T19:36:40.495+0000] {processor.py:840} INFO - DAG(s) 'example_external_task_marker_parent', 'example_external_task_marker_child' retrieved from /home/airflow/.local/lib/python3.8/site-packages/airflow/example_dags/example_external_task_marker_dag.py
[2026-04-21T19:36:40.540+0000] {logging_mixin.py:188} INFO - [2026-04-21T19:36:40.540+0000] {dag.py:3036} INFO - Sync 2 DAGs
[2026-04-21T19:36:40.564+0000] {logging_mixin.py:188} INFO - [2026-04-21T19:36:40.563+0000] {dag.py:3823} INFO - Setting next_dagrun for example_external_task_marker_child to None, run_after=None
[2026-04-21T19:36:40.572+0000] {logging_mixin.py:188} INFO - [2026-04-21T19:36:40.572+0000] {dag.py:3823} INFO - Setting next_dagrun for example_external_task_marker_parent to None, run_after=None
[2026-04-21T19:36:40.605+0000] {processor.py:183} INFO - Processing /home/airflow/.local/lib/python3.8/site-packages/airflow/example_dags/example_external_task_marker_dag.py took 0.134 seconds
[2026-04-21T19:37:12.972+0000] {processor.py:161} INFO - Started process (PID=481) to work on /home/airflow/.local/lib/python3.8/site-packages/airflow/example_dags/example_external_task_marker_dag.py
[2026-04-21T19:37:12.984+0000] {processor.py:830} INFO - Processing file /home/airflow/.local/lib/python3.8/site-packages/airflow/example_dags/example_external_task_marker_dag.py for tasks to queue
[2026-04-21T19:37:12.990+0000] {logging_mixin.py:188} INFO - [2026-04-21T19:37:12.989+0000] {dagbag.py:538} INFO - Filling up the DagBag from /home/airflow/.local/lib/python3.8/site-packages/airflow/example_dags/example_external_task_marker_dag.py
[2026-04-21T19:37:13.012+0000] {processor.py:840} INFO - DAG(s) 'example_external_task_marker_parent', 'example_external_task_marker_child' retrieved from /home/airflow/.local/lib/python3.8/site-packages/airflow/example_dags/example_external_task_marker_dag.py
[2026-04-21T19:37:13.103+0000] {logging_mixin.py:188} INFO - [2026-04-21T19:37:13.102+0000] {dag.py:3036} INFO - Sync 2 DAGs
[2026-04-21T19:37:13.149+0000] {logging_mixin.py:188} INFO - [2026-04-21T19:37:13.148+0000] {dag.py:3823} INFO - Setting next_dagrun for example_external_task_marker_child to None, run_after=None
[2026-04-21T19:37:13.171+0000] {logging_mixin.py:188} INFO - [2026-04-21T19:37:13.171+0000] {dag.py:3823} INFO - Setting next_dagrun for example_external_task_marker_parent to None, run_after=None
[2026-04-21T19:37:13.220+0000] {processor.py:183} INFO - Processing /home/airflow/.local/lib/python3.8/site-packages/airflow/example_dags/example_external_task_marker_dag.py took 0.257 seconds
[2026-04-21T19:37:43.383+0000] {processor.py:161} INFO - Started process (PID=538) to work on /home/airflow/.local/lib/python3.8/site-packages/airflow/example_dags/example_external_task_marker_dag.py
[2026-04-21T19:37:43.385+0000] {processor.py:830} INFO - Processing file /home/airflow/.local/lib/python3.8/site-packages/airflow/example_dags/example_external_task_marker_dag.py for tasks to queue
[2026-04-21T19:37:43.388+0000] {logging_mixin.py:188} INFO - [2026-04-21T19:37:43.387+0000] {dagbag.py:538} INFO - Filling up the DagBag from /home/airflow/.local/lib/python3.8/site-packages/airflow/example_dags/example_external_task_marker_dag.py
[2026-04-21T19:37:43.397+0000] {processor.py:840} INFO - DAG(s) 'example_external_task_marker_child', 'example_external_task_marker_parent' retrieved from /home/airflow/.local/lib/python3.8/site-packages/airflow/example_dags/example_external_task_marker_dag.py
[2026-04-21T19:37:43.434+0000] {logging_mixin.py:188} INFO - [2026-04-21T19:37:43.434+0000] {dag.py:3036} INFO - Sync 2 DAGs
[2026-04-21T19:37:43.452+0000] {logging_mixin.py:188} INFO - [2026-04-21T19:37:43.451+0000] {dag.py:3823} INFO - Setting next_dagrun for example_external_task_marker_child to None, run_after=None
[2026-04-21T19:37:43.456+0000] {logging_mixin.py:188} INFO - [2026-04-21T19:37:43.456+0000] {dag.py:3823} INFO - Setting next_dagrun for example_external_task_marker_parent to None, run_after=None
[2026-04-21T19:37:43.562+0000] {processor.py:183} INFO - Processing /home/airflow/.local/lib/python3.8/site-packages/airflow/example_dags/example_external_task_marker_dag.py took 0.184 seconds
[2026-04-21T19:38:13.716+0000] {processor.py:161} INFO - Started process (PID=595) to work on /home/airflow/.local/lib/python3.8/site-packages/airflow/example_dags/example_external_task_marker_dag.py
[2026-04-21T19:38:13.718+0000] {processor.py:830} INFO - Processing file /home/airflow/.local/lib/python3.8/site-packages/airflow/example_dags/example_external_task_marker_dag.py for tasks to queue
[2026-04-21T19:38:13.719+0000] {logging_mixin.py:188} INFO - [2026-04-21T19:38:13.719+0000] {dagbag.py:538} INFO - Filling up the DagBag from /home/airflow/.local/lib/python3.8/site-packages/airflow/example_dags/example_external_task_marker_dag.py
[2026-04-21T19:38:13.725+0000] {processor.py:840} INFO - DAG(s) 'example_external_task_marker_child', 'example_external_task_marker_parent' retrieved from /home/airflow/.local/lib/python3.8/site-packages/airflow/example_dags/example_external_task_marker_dag.py
[2026-04-21T19:38:13.751+0000] {logging_mixin.py:188} INFO - [2026-04-21T19:38:13.751+0000] {dag.py:3036} INFO - Sync 2 DAGs
[2026-04-21T19:38:13.762+0000] {logging_mixin.py:188} INFO - [2026-04-21T19:38:13.761+0000] {dag.py:3823} INFO - Setting next_dagrun for example_external_task_marker_child to None, run_after=None
[2026-04-21T19:38:13.766+0000] {logging_mixin.py:188} INFO - [2026-04-21T19:38:13.766+0000] {dag.py:3823} INFO - Setting next_dagrun for example_external_task_marker_parent to None, run_after=None
[2026-04-21T19:38:13.785+0000] {processor.py:183} INFO - Processing /home/airflow/.local/lib/python3.8/site-packages/airflow/example_dags/example_external_task_marker_dag.py took 0.073 seconds
[2026-04-21T19:38:43.854+0000] {processor.py:161} INFO - Started process (PID=652) to work on /home/airflow/.local/lib/python3.8/site-packages/airflow/example_dags/example_external_task_marker_dag.py
[2026-04-21T19:38:43.856+0000] {processor.py:830} INFO - Processing file /home/airflow/.local/lib/python3.8/site-packages/airflow/example_dags/example_external_task_marker_dag.py for tasks to queue
[2026-04-21T19:38:43.858+0000] {logging_mixin.py:188} INFO - [2026-04-21T19:38:43.858+0000] {dagbag.py:538} INFO - Filling up the DagBag from /home/airflow/.local/lib/python3.8/site-packages/airflow/example_dags/example_external_task_marker_dag.py
[2026-04-21T19:38:43.865+0000] {processor.py:840} INFO - DAG(s) 'example_external_task_marker_child', 'example_external_task_marker_parent' retrieved from /home/airflow/.local/lib/python3.8/site-packages/airflow/example_dags/example_external_task_marker_dag.py
[2026-04-21T19:38:43.890+0000] {logging_mixin.py:188} INFO - [2026-04-21T19:38:43.890+0000] {dag.py:3036} INFO - Sync 2 DAGs
[2026-04-21T19:38:43.903+0000] {logging_mixin.py:188} INFO - [2026-04-21T19:38:43.903+0000] {dag.py:3823} INFO - Setting next_dagrun for example_external_task_marker_child to None, run_after=None
[2026-04-21T19:38:43.908+0000] {logging_mixin.py:188} INFO - [2026-04-21T19:38:43.907+0000] {dag.py:3823} INFO - Setting next_dagrun for example_external_task_marker_parent to None, run_after=None
[2026-04-21T19:38:43.930+0000] {processor.py:183} INFO - Processing /home/airflow/.local/lib/python3.8/site-packages/airflow/example_dags/example_external_task_marker_dag.py took 0.080 seconds
[2026-04-21T19:39:14.581+0000] {processor.py:161} INFO - Started process (PID=709) to work on /home/airflow/.local/lib/python3.8/site-packages/airflow/example_dags/example_external_task_marker_dag.py
[2026-04-21T19:39:14.582+0000] {processor.py:830} INFO - Processing file /home/airflow/.local/lib/python3.8/site-packages/airflow/example_dags/example_external_task_marker_dag.py for tasks to queue
[2026-04-21T19:39:14.584+0000] {logging_mixin.py:188} INFO - [2026-04-21T19:39:14.584+0000] {dagbag.py:538} INFO - Filling up the DagBag from /home/airflow/.local/lib/python3.8/site-packages/airflow/example_dags/example_external_task_marker_dag.py
[2026-04-21T19:39:14.590+0000] {processor.py:840} INFO - DAG(s) 'example_external_task_marker_parent', 'example_external_task_marker_child' retrieved from /home/airflow/.local/lib/python3.8/site-packages/airflow/example_dags/example_external_task_marker_dag.py
[2026-04-21T19:39:14.617+0000] {logging_mixin.py:188} INFO - [2026-04-21T19:39:14.617+0000] {dag.py:3036} INFO - Sync 2 DAGs
[2026-04-21T19:39:14.629+0000] {logging_mixin.py:188} INFO - [2026-04-21T19:39:14.629+0000] {dag.py:3823} INFO - Setting next_dagrun for example_external_task_marker_child to None, run_after=None
[2026-04-21T19:39:14.634+0000] {logging_mixin.py:188} INFO - [2026-04-21T19:39:14.634+0000] {dag.py:3823} INFO - Setting next_dagrun for example_external_task_marker_parent to None, run_after=None
[2026-04-21T19:39:14.656+0000] {processor.py:183} INFO - Processing /home/airflow/.local/lib/python3.8/site-packages/airflow/example_dags/example_external_task_marker_dag.py took 0.079 seconds
[2026-04-21T19:39:45.222+0000] {processor.py:161} INFO - Started process (PID=766) to work on /home/airflow/.local/lib/python3.8/site-packages/airflow/example_dags/example_external_task_marker_dag.py
[2026-04-21T19:39:45.224+0000] {processor.py:830} INFO - Processing file /home/airflow/.local/lib/python3.8/site-packages/airflow/example_dags/example_external_task_marker_dag.py for tasks to queue
[2026-04-21T19:39:45.226+0000] {logging_mixin.py:188} INFO - [2026-04-21T19:39:45.226+0000] {dagbag.py:538} INFO - Filling up the DagBag from /home/airflow/.local/lib/python3.8/site-packages/airflow/example_dags/example_external_task_marker_dag.py
[2026-04-21T19:39:45.236+0000] {processor.py:840} INFO - DAG(s) 'example_external_task_marker_parent', 'example_external_task_marker_child' retrieved from /home/airflow/.local/lib/python3.8/site-packages/airflow/example_dags/example_external_task_marker_dag.py
[2026-04-21T19:39:45.269+0000] {logging_mixin.py:188} INFO - [2026-04-21T19:39:45.269+0000] {dag.py:3036} INFO - Sync 2 DAGs
[2026-04-21T19:39:45.286+0000] {logging_mixin.py:188} INFO - [2026-04-21T19:39:45.286+0000] {dag.py:3823} INFO - Setting next_dagrun for example_external_task_marker_child to None, run_after=None
[2026-04-21T19:39:45.291+0000] {logging_mixin.py:188} INFO - [2026-04-21T19:39:45.290+0000] {dag.py:3823} INFO - Setting next_dagrun for example_external_task_marker_parent to None, run_after=None
[2026-04-21T19:39:45.321+0000] {processor.py:183} INFO - Processing /home/airflow/.local/lib/python3.8/site-packages/airflow/example_dags/example_external_task_marker_dag.py took 0.103 seconds
