[2026-04-21T19:33:32.829+0000] {processor.py:161} INFO - Started process (PID=66) to work on /home/airflow/.local/lib/python3.8/site-packages/airflow/example_dags/example_latest_only.py
[2026-04-21T19:33:32.832+0000] {processor.py:830} INFO - Processing file /home/airflow/.local/lib/python3.8/site-packages/airflow/example_dags/example_latest_only.py for tasks to queue
[2026-04-21T19:33:32.840+0000] {logging_mixin.py:188} INFO - [2026-04-21T19:33:32.839+0000] {dagbag.py:538} INFO - Filling up the DagBag from /home/airflow/.local/lib/python3.8/site-packages/airflow/example_dags/example_latest_only.py
[2026-04-21T19:33:32.858+0000] {processor.py:840} INFO - DAG(s) 'latest_only' retrieved from /home/airflow/.local/lib/python3.8/site-packages/airflow/example_dags/example_latest_only.py
[2026-04-21T19:33:32.914+0000] {logging_mixin.py:188} INFO - [2026-04-21T19:33:32.914+0000] {dag.py:3036} INFO - Sync 1 DAGs
[2026-04-21T19:33:32.966+0000] {logging_mixin.py:188} INFO - [2026-04-21T19:33:32.966+0000] {dag.py:3823} INFO - Setting next_dagrun for latest_only to 2026-04-21 12:00:00+00:00, run_after=2026-04-21 16:00:00+00:00
[2026-04-21T19:33:33.013+0000] {processor.py:183} INFO - Processing /home/airflow/.local/lib/python3.8/site-packages/airflow/example_dags/example_latest_only.py took 0.193 seconds
[2026-04-21T19:34:04.108+0000] {processor.py:161} INFO - Started process (PID=123) to work on /home/airflow/.local/lib/python3.8/site-packages/airflow/example_dags/example_latest_only.py
[2026-04-21T19:34:04.111+0000] {processor.py:830} INFO - Processing file /home/airflow/.local/lib/python3.8/site-packages/airflow/example_dags/example_latest_only.py for tasks to queue
[2026-04-21T19:34:04.115+0000] {logging_mixin.py:188} INFO - [2026-04-21T19:34:04.114+0000] {dagbag.py:538} INFO - Filling up the DagBag from /home/airflow/.local/lib/python3.8/site-packages/airflow/example_dags/example_latest_only.py
[2026-04-21T19:34:04.126+0000] {processor.py:840} INFO - DAG(s) 'latest_only' retrieved from /home/airflow/.local/lib/python3.8/site-packages/airflow/example_dags/example_latest_only.py
[2026-04-21T19:34:04.164+0000] {logging_mixin.py:188} INFO - [2026-04-21T19:34:04.164+0000] {dag.py:3036} INFO - Sync 1 DAGs
[2026-04-21T19:34:04.218+0000] {logging_mixin.py:188} INFO - [2026-04-21T19:34:04.218+0000] {dag.py:3823} INFO - Setting next_dagrun for latest_only to 2026-04-21 12:00:00+00:00, run_after=2026-04-21 16:00:00+00:00
[2026-04-21T19:34:04.264+0000] {processor.py:183} INFO - Processing /home/airflow/.local/lib/python3.8/site-packages/airflow/example_dags/example_latest_only.py took 0.163 seconds
[2026-04-21T19:34:34.554+0000] {processor.py:161} INFO - Started process (PID=180) to work on /home/airflow/.local/lib/python3.8/site-packages/airflow/example_dags/example_latest_only.py
[2026-04-21T19:34:34.557+0000] {processor.py:830} INFO - Processing file /home/airflow/.local/lib/python3.8/site-packages/airflow/example_dags/example_latest_only.py for tasks to queue
[2026-04-21T19:34:34.561+0000] {logging_mixin.py:188} INFO - [2026-04-21T19:34:34.561+0000] {dagbag.py:538} INFO - Filling up the DagBag from /home/airflow/.local/lib/python3.8/site-packages/airflow/example_dags/example_latest_only.py
[2026-04-21T19:34:34.572+0000] {processor.py:840} INFO - DAG(s) 'latest_only' retrieved from /home/airflow/.local/lib/python3.8/site-packages/airflow/example_dags/example_latest_only.py
[2026-04-21T19:34:34.619+0000] {logging_mixin.py:188} INFO - [2026-04-21T19:34:34.618+0000] {dag.py:3036} INFO - Sync 1 DAGs
[2026-04-21T19:34:34.671+0000] {logging_mixin.py:188} INFO - [2026-04-21T19:34:34.671+0000] {dag.py:3823} INFO - Setting next_dagrun for latest_only to 2026-04-21 12:00:00+00:00, run_after=2026-04-21 16:00:00+00:00
[2026-04-21T19:34:34.712+0000] {processor.py:183} INFO - Processing /home/airflow/.local/lib/python3.8/site-packages/airflow/example_dags/example_latest_only.py took 0.165 seconds
[2026-04-21T19:35:04.848+0000] {processor.py:161} INFO - Started process (PID=238) to work on /home/airflow/.local/lib/python3.8/site-packages/airflow/example_dags/example_latest_only.py
[2026-04-21T19:35:04.849+0000] {processor.py:830} INFO - Processing file /home/airflow/.local/lib/python3.8/site-packages/airflow/example_dags/example_latest_only.py for tasks to queue
[2026-04-21T19:35:04.855+0000] {logging_mixin.py:188} INFO - [2026-04-21T19:35:04.853+0000] {dagbag.py:538} INFO - Filling up the DagBag from /home/airflow/.local/lib/python3.8/site-packages/airflow/example_dags/example_latest_only.py
[2026-04-21T19:35:04.864+0000] {processor.py:840} INFO - DAG(s) 'latest_only' retrieved from /home/airflow/.local/lib/python3.8/site-packages/airflow/example_dags/example_latest_only.py
[2026-04-21T19:35:04.906+0000] {logging_mixin.py:188} INFO - [2026-04-21T19:35:04.906+0000] {dag.py:3036} INFO - Sync 1 DAGs
[2026-04-21T19:35:04.950+0000] {logging_mixin.py:188} INFO - [2026-04-21T19:35:04.950+0000] {dag.py:3823} INFO - Setting next_dagrun for latest_only to 2026-04-21 12:00:00+00:00, run_after=2026-04-21 16:00:00+00:00
[2026-04-21T19:35:04.993+0000] {processor.py:183} INFO - Processing /home/airflow/.local/lib/python3.8/site-packages/airflow/example_dags/example_latest_only.py took 0.150 seconds
[2026-04-21T19:35:35.222+0000] {processor.py:161} INFO - Started process (PID=296) to work on /home/airflow/.local/lib/python3.8/site-packages/airflow/example_dags/example_latest_only.py
[2026-04-21T19:35:35.225+0000] {processor.py:830} INFO - Processing file /home/airflow/.local/lib/python3.8/site-packages/airflow/example_dags/example_latest_only.py for tasks to queue
[2026-04-21T19:35:35.229+0000] {logging_mixin.py:188} INFO - [2026-04-21T19:35:35.228+0000] {dagbag.py:538} INFO - Filling up the DagBag from /home/airflow/.local/lib/python3.8/site-packages/airflow/example_dags/example_latest_only.py
[2026-04-21T19:35:35.242+0000] {processor.py:840} INFO - DAG(s) 'latest_only' retrieved from /home/airflow/.local/lib/python3.8/site-packages/airflow/example_dags/example_latest_only.py
[2026-04-21T19:35:35.287+0000] {logging_mixin.py:188} INFO - [2026-04-21T19:35:35.285+0000] {dag.py:3036} INFO - Sync 1 DAGs
[2026-04-21T19:35:35.333+0000] {logging_mixin.py:188} INFO - [2026-04-21T19:35:35.333+0000] {dag.py:3823} INFO - Setting next_dagrun for latest_only to 2026-04-21 12:00:00+00:00, run_after=2026-04-21 16:00:00+00:00
[2026-04-21T19:35:35.376+0000] {processor.py:183} INFO - Processing /home/airflow/.local/lib/python3.8/site-packages/airflow/example_dags/example_latest_only.py took 0.161 seconds
[2026-04-21T19:36:05.998+0000] {processor.py:161} INFO - Started process (PID=353) to work on /home/airflow/.local/lib/python3.8/site-packages/airflow/example_dags/example_latest_only.py
[2026-04-21T19:36:06.000+0000] {processor.py:830} INFO - Processing file /home/airflow/.local/lib/python3.8/site-packages/airflow/example_dags/example_latest_only.py for tasks to queue
[2026-04-21T19:36:06.009+0000] {logging_mixin.py:188} INFO - [2026-04-21T19:36:06.008+0000] {dagbag.py:538} INFO - Filling up the DagBag from /home/airflow/.local/lib/python3.8/site-packages/airflow/example_dags/example_latest_only.py
[2026-04-21T19:36:06.025+0000] {processor.py:840} INFO - DAG(s) 'latest_only' retrieved from /home/airflow/.local/lib/python3.8/site-packages/airflow/example_dags/example_latest_only.py
[2026-04-21T19:36:06.072+0000] {logging_mixin.py:188} INFO - [2026-04-21T19:36:06.072+0000] {dag.py:3036} INFO - Sync 1 DAGs
[2026-04-21T19:36:06.126+0000] {logging_mixin.py:188} INFO - [2026-04-21T19:36:06.125+0000] {dag.py:3823} INFO - Setting next_dagrun for latest_only to 2026-04-21 12:00:00+00:00, run_after=2026-04-21 16:00:00+00:00
[2026-04-21T19:36:06.177+0000] {processor.py:183} INFO - Processing /home/airflow/.local/lib/python3.8/site-packages/airflow/example_dags/example_latest_only.py took 0.186 seconds
[2026-04-21T19:36:36.839+0000] {processor.py:161} INFO - Started process (PID=411) to work on /home/airflow/.local/lib/python3.8/site-packages/airflow/example_dags/example_latest_only.py
[2026-04-21T19:36:36.841+0000] {processor.py:830} INFO - Processing file /home/airflow/.local/lib/python3.8/site-packages/airflow/example_dags/example_latest_only.py for tasks to queue
[2026-04-21T19:36:36.844+0000] {logging_mixin.py:188} INFO - [2026-04-21T19:36:36.843+0000] {dagbag.py:538} INFO - Filling up the DagBag from /home/airflow/.local/lib/python3.8/site-packages/airflow/example_dags/example_latest_only.py
[2026-04-21T19:36:36.853+0000] {processor.py:840} INFO - DAG(s) 'latest_only' retrieved from /home/airflow/.local/lib/python3.8/site-packages/airflow/example_dags/example_latest_only.py
[2026-04-21T19:36:36.894+0000] {logging_mixin.py:188} INFO - [2026-04-21T19:36:36.894+0000] {dag.py:3036} INFO - Sync 1 DAGs
[2026-04-21T19:36:36.942+0000] {logging_mixin.py:188} INFO - [2026-04-21T19:36:36.942+0000] {dag.py:3823} INFO - Setting next_dagrun for latest_only to 2026-04-21 12:00:00+00:00, run_after=2026-04-21 16:00:00+00:00
[2026-04-21T19:36:36.981+0000] {processor.py:183} INFO - Processing /home/airflow/.local/lib/python3.8/site-packages/airflow/example_dags/example_latest_only.py took 0.149 seconds
[2026-04-21T19:37:09.080+0000] {processor.py:161} INFO - Started process (PID=468) to work on /home/airflow/.local/lib/python3.8/site-packages/airflow/example_dags/example_latest_only.py
[2026-04-21T19:37:09.093+0000] {processor.py:830} INFO - Processing file /home/airflow/.local/lib/python3.8/site-packages/airflow/example_dags/example_latest_only.py for tasks to queue
[2026-04-21T19:37:09.108+0000] {logging_mixin.py:188} INFO - [2026-04-21T19:37:09.097+0000] {dagbag.py:538} INFO - Filling up the DagBag from /home/airflow/.local/lib/python3.8/site-packages/airflow/example_dags/example_latest_only.py
[2026-04-21T19:37:09.140+0000] {processor.py:840} INFO - DAG(s) 'latest_only' retrieved from /home/airflow/.local/lib/python3.8/site-packages/airflow/example_dags/example_latest_only.py
[2026-04-21T19:37:09.230+0000] {logging_mixin.py:188} INFO - [2026-04-21T19:37:09.228+0000] {dag.py:3036} INFO - Sync 1 DAGs
[2026-04-21T19:37:09.327+0000] {logging_mixin.py:188} INFO - [2026-04-21T19:37:09.327+0000] {dag.py:3823} INFO - Setting next_dagrun for latest_only to 2026-04-21 12:00:00+00:00, run_after=2026-04-21 16:00:00+00:00
[2026-04-21T19:37:09.433+0000] {processor.py:183} INFO - Processing /home/airflow/.local/lib/python3.8/site-packages/airflow/example_dags/example_latest_only.py took 0.362 seconds
[2026-04-21T19:37:39.700+0000] {processor.py:161} INFO - Started process (PID=525) to work on /home/airflow/.local/lib/python3.8/site-packages/airflow/example_dags/example_latest_only.py
[2026-04-21T19:37:39.760+0000] {processor.py:830} INFO - Processing file /home/airflow/.local/lib/python3.8/site-packages/airflow/example_dags/example_latest_only.py for tasks to queue
[2026-04-21T19:37:39.765+0000] {logging_mixin.py:188} INFO - [2026-04-21T19:37:39.764+0000] {dagbag.py:538} INFO - Filling up the DagBag from /home/airflow/.local/lib/python3.8/site-packages/airflow/example_dags/example_latest_only.py
[2026-04-21T19:37:39.771+0000] {processor.py:840} INFO - DAG(s) 'latest_only' retrieved from /home/airflow/.local/lib/python3.8/site-packages/airflow/example_dags/example_latest_only.py
[2026-04-21T19:37:39.797+0000] {logging_mixin.py:188} INFO - [2026-04-21T19:37:39.797+0000] {dag.py:3036} INFO - Sync 1 DAGs
[2026-04-21T19:37:39.822+0000] {logging_mixin.py:188} INFO - [2026-04-21T19:37:39.821+0000] {dag.py:3823} INFO - Setting next_dagrun for latest_only to 2026-04-21 12:00:00+00:00, run_after=2026-04-21 16:00:00+00:00
[2026-04-21T19:37:39.845+0000] {processor.py:183} INFO - Processing /home/airflow/.local/lib/python3.8/site-packages/airflow/example_dags/example_latest_only.py took 0.149 seconds
[2026-04-21T19:38:10.653+0000] {processor.py:161} INFO - Started process (PID=582) to work on /home/airflow/.local/lib/python3.8/site-packages/airflow/example_dags/example_latest_only.py
[2026-04-21T19:38:10.655+0000] {processor.py:830} INFO - Processing file /home/airflow/.local/lib/python3.8/site-packages/airflow/example_dags/example_latest_only.py for tasks to queue
[2026-04-21T19:38:10.656+0000] {logging_mixin.py:188} INFO - [2026-04-21T19:38:10.656+0000] {dagbag.py:538} INFO - Filling up the DagBag from /home/airflow/.local/lib/python3.8/site-packages/airflow/example_dags/example_latest_only.py
[2026-04-21T19:38:10.663+0000] {processor.py:840} INFO - DAG(s) 'latest_only' retrieved from /home/airflow/.local/lib/python3.8/site-packages/airflow/example_dags/example_latest_only.py
[2026-04-21T19:38:10.687+0000] {logging_mixin.py:188} INFO - [2026-04-21T19:38:10.687+0000] {dag.py:3036} INFO - Sync 1 DAGs
[2026-04-21T19:38:10.708+0000] {logging_mixin.py:188} INFO - [2026-04-21T19:38:10.708+0000] {dag.py:3823} INFO - Setting next_dagrun for latest_only to 2026-04-21 12:00:00+00:00, run_after=2026-04-21 16:00:00+00:00
[2026-04-21T19:38:10.729+0000] {processor.py:183} INFO - Processing /home/airflow/.local/lib/python3.8/site-packages/airflow/example_dags/example_latest_only.py took 0.080 seconds
[2026-04-21T19:38:41.086+0000] {processor.py:161} INFO - Started process (PID=639) to work on /home/airflow/.local/lib/python3.8/site-packages/airflow/example_dags/example_latest_only.py
[2026-04-21T19:38:41.088+0000] {processor.py:830} INFO - Processing file /home/airflow/.local/lib/python3.8/site-packages/airflow/example_dags/example_latest_only.py for tasks to queue
[2026-04-21T19:38:41.090+0000] {logging_mixin.py:188} INFO - [2026-04-21T19:38:41.089+0000] {dagbag.py:538} INFO - Filling up the DagBag from /home/airflow/.local/lib/python3.8/site-packages/airflow/example_dags/example_latest_only.py
[2026-04-21T19:38:41.095+0000] {processor.py:840} INFO - DAG(s) 'latest_only' retrieved from /home/airflow/.local/lib/python3.8/site-packages/airflow/example_dags/example_latest_only.py
[2026-04-21T19:38:41.115+0000] {logging_mixin.py:188} INFO - [2026-04-21T19:38:41.115+0000] {dag.py:3036} INFO - Sync 1 DAGs
[2026-04-21T19:38:41.134+0000] {logging_mixin.py:188} INFO - [2026-04-21T19:38:41.134+0000] {dag.py:3823} INFO - Setting next_dagrun for latest_only to 2026-04-21 12:00:00+00:00, run_after=2026-04-21 16:00:00+00:00
[2026-04-21T19:38:41.156+0000] {processor.py:183} INFO - Processing /home/airflow/.local/lib/python3.8/site-packages/airflow/example_dags/example_latest_only.py took 0.073 seconds
[2026-04-21T19:39:11.690+0000] {processor.py:161} INFO - Started process (PID=696) to work on /home/airflow/.local/lib/python3.8/site-packages/airflow/example_dags/example_latest_only.py
[2026-04-21T19:39:11.691+0000] {processor.py:830} INFO - Processing file /home/airflow/.local/lib/python3.8/site-packages/airflow/example_dags/example_latest_only.py for tasks to queue
[2026-04-21T19:39:11.694+0000] {logging_mixin.py:188} INFO - [2026-04-21T19:39:11.694+0000] {dagbag.py:538} INFO - Filling up the DagBag from /home/airflow/.local/lib/python3.8/site-packages/airflow/example_dags/example_latest_only.py
[2026-04-21T19:39:11.702+0000] {processor.py:840} INFO - DAG(s) 'latest_only' retrieved from /home/airflow/.local/lib/python3.8/site-packages/airflow/example_dags/example_latest_only.py
[2026-04-21T19:39:11.731+0000] {logging_mixin.py:188} INFO - [2026-04-21T19:39:11.730+0000] {dag.py:3036} INFO - Sync 1 DAGs
[2026-04-21T19:39:11.764+0000] {logging_mixin.py:188} INFO - [2026-04-21T19:39:11.763+0000] {dag.py:3823} INFO - Setting next_dagrun for latest_only to 2026-04-21 12:00:00+00:00, run_after=2026-04-21 16:00:00+00:00
[2026-04-21T19:39:11.787+0000] {processor.py:183} INFO - Processing /home/airflow/.local/lib/python3.8/site-packages/airflow/example_dags/example_latest_only.py took 0.103 seconds
[2026-04-21T19:39:42.243+0000] {processor.py:161} INFO - Started process (PID=753) to work on /home/airflow/.local/lib/python3.8/site-packages/airflow/example_dags/example_latest_only.py
[2026-04-21T19:39:42.244+0000] {processor.py:830} INFO - Processing file /home/airflow/.local/lib/python3.8/site-packages/airflow/example_dags/example_latest_only.py for tasks to queue
[2026-04-21T19:39:42.246+0000] {logging_mixin.py:188} INFO - [2026-04-21T19:39:42.246+0000] {dagbag.py:538} INFO - Filling up the DagBag from /home/airflow/.local/lib/python3.8/site-packages/airflow/example_dags/example_latest_only.py
[2026-04-21T19:39:42.251+0000] {processor.py:840} INFO - DAG(s) 'latest_only' retrieved from /home/airflow/.local/lib/python3.8/site-packages/airflow/example_dags/example_latest_only.py
[2026-04-21T19:39:42.274+0000] {logging_mixin.py:188} INFO - [2026-04-21T19:39:42.274+0000] {dag.py:3036} INFO - Sync 1 DAGs
[2026-04-21T19:39:42.295+0000] {logging_mixin.py:188} INFO - [2026-04-21T19:39:42.295+0000] {dag.py:3823} INFO - Setting next_dagrun for latest_only to 2026-04-21 12:00:00+00:00, run_after=2026-04-21 16:00:00+00:00
[2026-04-21T19:39:42.317+0000] {processor.py:183} INFO - Processing /home/airflow/.local/lib/python3.8/site-packages/airflow/example_dags/example_latest_only.py took 0.078 seconds
