[2026-04-21T19:33:34.954+0000] {processor.py:161} INFO - Started process (PID=81) to work on /home/airflow/.local/lib/python3.8/site-packages/airflow/example_dags/example_skip_dag.py
[2026-04-21T19:33:34.956+0000] {processor.py:830} INFO - Processing file /home/airflow/.local/lib/python3.8/site-packages/airflow/example_dags/example_skip_dag.py for tasks to queue
[2026-04-21T19:33:34.960+0000] {logging_mixin.py:188} INFO - [2026-04-21T19:33:34.960+0000] {dagbag.py:538} INFO - Filling up the DagBag from /home/airflow/.local/lib/python3.8/site-packages/airflow/example_dags/example_skip_dag.py
[2026-04-21T19:33:34.983+0000] {processor.py:840} INFO - DAG(s) 'example_skip_dag' retrieved from /home/airflow/.local/lib/python3.8/site-packages/airflow/example_dags/example_skip_dag.py
[2026-04-21T19:33:35.040+0000] {logging_mixin.py:188} INFO - [2026-04-21T19:33:35.039+0000] {dag.py:3036} INFO - Sync 1 DAGs
[2026-04-21T19:33:35.079+0000] {logging_mixin.py:188} INFO - [2026-04-21T19:33:35.078+0000] {dag.py:3823} INFO - Setting next_dagrun for example_skip_dag to 2026-04-20 00:00:00+00:00, run_after=2026-04-21 00:00:00+00:00
[2026-04-21T19:33:35.114+0000] {processor.py:183} INFO - Processing /home/airflow/.local/lib/python3.8/site-packages/airflow/example_dags/example_skip_dag.py took 0.171 seconds
[2026-04-21T19:34:07.326+0000] {processor.py:161} INFO - Started process (PID=138) to work on /home/airflow/.local/lib/python3.8/site-packages/airflow/example_dags/example_skip_dag.py
[2026-04-21T19:34:07.332+0000] {processor.py:830} INFO - Processing file /home/airflow/.local/lib/python3.8/site-packages/airflow/example_dags/example_skip_dag.py for tasks to queue
[2026-04-21T19:34:07.337+0000] {logging_mixin.py:188} INFO - [2026-04-21T19:34:07.336+0000] {dagbag.py:538} INFO - Filling up the DagBag from /home/airflow/.local/lib/python3.8/site-packages/airflow/example_dags/example_skip_dag.py
[2026-04-21T19:34:07.356+0000] {processor.py:840} INFO - DAG(s) 'example_skip_dag' retrieved from /home/airflow/.local/lib/python3.8/site-packages/airflow/example_dags/example_skip_dag.py
[2026-04-21T19:34:07.431+0000] {logging_mixin.py:188} INFO - [2026-04-21T19:34:07.430+0000] {dag.py:3036} INFO - Sync 1 DAGs
[2026-04-21T19:34:07.530+0000] {logging_mixin.py:188} INFO - [2026-04-21T19:34:07.529+0000] {dag.py:3823} INFO - Setting next_dagrun for example_skip_dag to 2026-04-20 00:00:00+00:00, run_after=2026-04-21 00:00:00+00:00
[2026-04-21T19:34:07.590+0000] {processor.py:183} INFO - Processing /home/airflow/.local/lib/python3.8/site-packages/airflow/example_dags/example_skip_dag.py took 0.274 seconds
[2026-04-21T19:34:38.207+0000] {processor.py:161} INFO - Started process (PID=195) to work on /home/airflow/.local/lib/python3.8/site-packages/airflow/example_dags/example_skip_dag.py
[2026-04-21T19:34:38.210+0000] {processor.py:830} INFO - Processing file /home/airflow/.local/lib/python3.8/site-packages/airflow/example_dags/example_skip_dag.py for tasks to queue
[2026-04-21T19:34:38.215+0000] {logging_mixin.py:188} INFO - [2026-04-21T19:34:38.214+0000] {dagbag.py:538} INFO - Filling up the DagBag from /home/airflow/.local/lib/python3.8/site-packages/airflow/example_dags/example_skip_dag.py
[2026-04-21T19:34:38.235+0000] {processor.py:840} INFO - DAG(s) 'example_skip_dag' retrieved from /home/airflow/.local/lib/python3.8/site-packages/airflow/example_dags/example_skip_dag.py
[2026-04-21T19:34:38.288+0000] {logging_mixin.py:188} INFO - [2026-04-21T19:34:38.287+0000] {dag.py:3036} INFO - Sync 1 DAGs
[2026-04-21T19:34:38.358+0000] {logging_mixin.py:188} INFO - [2026-04-21T19:34:38.357+0000] {dag.py:3823} INFO - Setting next_dagrun for example_skip_dag to 2026-04-20 00:00:00+00:00, run_after=2026-04-21 00:00:00+00:00
[2026-04-21T19:34:38.408+0000] {processor.py:183} INFO - Processing /home/airflow/.local/lib/python3.8/site-packages/airflow/example_dags/example_skip_dag.py took 0.211 seconds
[2026-04-21T19:35:09.181+0000] {processor.py:161} INFO - Started process (PID=253) to work on /home/airflow/.local/lib/python3.8/site-packages/airflow/example_dags/example_skip_dag.py
[2026-04-21T19:35:09.187+0000] {processor.py:830} INFO - Processing file /home/airflow/.local/lib/python3.8/site-packages/airflow/example_dags/example_skip_dag.py for tasks to queue
[2026-04-21T19:35:09.191+0000] {logging_mixin.py:188} INFO - [2026-04-21T19:35:09.190+0000] {dagbag.py:538} INFO - Filling up the DagBag from /home/airflow/.local/lib/python3.8/site-packages/airflow/example_dags/example_skip_dag.py
[2026-04-21T19:35:09.210+0000] {processor.py:840} INFO - DAG(s) 'example_skip_dag' retrieved from /home/airflow/.local/lib/python3.8/site-packages/airflow/example_dags/example_skip_dag.py
[2026-04-21T19:35:09.256+0000] {logging_mixin.py:188} INFO - [2026-04-21T19:35:09.256+0000] {dag.py:3036} INFO - Sync 1 DAGs
[2026-04-21T19:35:09.307+0000] {logging_mixin.py:188} INFO - [2026-04-21T19:35:09.306+0000] {dag.py:3823} INFO - Setting next_dagrun for example_skip_dag to 2026-04-20 00:00:00+00:00, run_after=2026-04-21 00:00:00+00:00
[2026-04-21T19:35:09.349+0000] {processor.py:183} INFO - Processing /home/airflow/.local/lib/python3.8/site-packages/airflow/example_dags/example_skip_dag.py took 0.175 seconds
[2026-04-21T19:35:39.759+0000] {processor.py:161} INFO - Started process (PID=311) to work on /home/airflow/.local/lib/python3.8/site-packages/airflow/example_dags/example_skip_dag.py
[2026-04-21T19:35:39.761+0000] {processor.py:830} INFO - Processing file /home/airflow/.local/lib/python3.8/site-packages/airflow/example_dags/example_skip_dag.py for tasks to queue
[2026-04-21T19:35:39.765+0000] {logging_mixin.py:188} INFO - [2026-04-21T19:35:39.765+0000] {dagbag.py:538} INFO - Filling up the DagBag from /home/airflow/.local/lib/python3.8/site-packages/airflow/example_dags/example_skip_dag.py
[2026-04-21T19:35:39.781+0000] {processor.py:840} INFO - DAG(s) 'example_skip_dag' retrieved from /home/airflow/.local/lib/python3.8/site-packages/airflow/example_dags/example_skip_dag.py
[2026-04-21T19:35:39.828+0000] {logging_mixin.py:188} INFO - [2026-04-21T19:35:39.828+0000] {dag.py:3036} INFO - Sync 1 DAGs
[2026-04-21T19:35:39.874+0000] {logging_mixin.py:188} INFO - [2026-04-21T19:35:39.874+0000] {dag.py:3823} INFO - Setting next_dagrun for example_skip_dag to 2026-04-20 00:00:00+00:00, run_after=2026-04-21 00:00:00+00:00
[2026-04-21T19:35:39.924+0000] {processor.py:183} INFO - Processing /home/airflow/.local/lib/python3.8/site-packages/airflow/example_dags/example_skip_dag.py took 0.171 seconds
[2026-04-21T19:36:10.063+0000] {processor.py:161} INFO - Started process (PID=368) to work on /home/airflow/.local/lib/python3.8/site-packages/airflow/example_dags/example_skip_dag.py
[2026-04-21T19:36:10.065+0000] {processor.py:830} INFO - Processing file /home/airflow/.local/lib/python3.8/site-packages/airflow/example_dags/example_skip_dag.py for tasks to queue
[2026-04-21T19:36:10.071+0000] {logging_mixin.py:188} INFO - [2026-04-21T19:36:10.070+0000] {dagbag.py:538} INFO - Filling up the DagBag from /home/airflow/.local/lib/python3.8/site-packages/airflow/example_dags/example_skip_dag.py
[2026-04-21T19:36:10.086+0000] {processor.py:840} INFO - DAG(s) 'example_skip_dag' retrieved from /home/airflow/.local/lib/python3.8/site-packages/airflow/example_dags/example_skip_dag.py
[2026-04-21T19:36:10.128+0000] {logging_mixin.py:188} INFO - [2026-04-21T19:36:10.128+0000] {dag.py:3036} INFO - Sync 1 DAGs
[2026-04-21T19:36:10.174+0000] {logging_mixin.py:188} INFO - [2026-04-21T19:36:10.174+0000] {dag.py:3823} INFO - Setting next_dagrun for example_skip_dag to 2026-04-20 00:00:00+00:00, run_after=2026-04-21 00:00:00+00:00
[2026-04-21T19:36:10.213+0000] {processor.py:183} INFO - Processing /home/airflow/.local/lib/python3.8/site-packages/airflow/example_dags/example_skip_dag.py took 0.155 seconds
[2026-04-21T19:36:40.651+0000] {processor.py:161} INFO - Started process (PID=426) to work on /home/airflow/.local/lib/python3.8/site-packages/airflow/example_dags/example_skip_dag.py
[2026-04-21T19:36:40.653+0000] {processor.py:830} INFO - Processing file /home/airflow/.local/lib/python3.8/site-packages/airflow/example_dags/example_skip_dag.py for tasks to queue
[2026-04-21T19:36:40.656+0000] {logging_mixin.py:188} INFO - [2026-04-21T19:36:40.656+0000] {dagbag.py:538} INFO - Filling up the DagBag from /home/airflow/.local/lib/python3.8/site-packages/airflow/example_dags/example_skip_dag.py
[2026-04-21T19:36:40.668+0000] {processor.py:840} INFO - DAG(s) 'example_skip_dag' retrieved from /home/airflow/.local/lib/python3.8/site-packages/airflow/example_dags/example_skip_dag.py
[2026-04-21T19:36:40.702+0000] {logging_mixin.py:188} INFO - [2026-04-21T19:36:40.701+0000] {dag.py:3036} INFO - Sync 1 DAGs
[2026-04-21T19:36:40.760+0000] {logging_mixin.py:188} INFO - [2026-04-21T19:36:40.759+0000] {dag.py:3823} INFO - Setting next_dagrun for example_skip_dag to 2026-04-20 00:00:00+00:00, run_after=2026-04-21 00:00:00+00:00
[2026-04-21T19:36:40.796+0000] {processor.py:183} INFO - Processing /home/airflow/.local/lib/python3.8/site-packages/airflow/example_dags/example_skip_dag.py took 0.152 seconds
[2026-04-21T19:37:13.349+0000] {processor.py:161} INFO - Started process (PID=483) to work on /home/airflow/.local/lib/python3.8/site-packages/airflow/example_dags/example_skip_dag.py
[2026-04-21T19:37:13.357+0000] {processor.py:830} INFO - Processing file /home/airflow/.local/lib/python3.8/site-packages/airflow/example_dags/example_skip_dag.py for tasks to queue
[2026-04-21T19:37:13.365+0000] {logging_mixin.py:188} INFO - [2026-04-21T19:37:13.364+0000] {dagbag.py:538} INFO - Filling up the DagBag from /home/airflow/.local/lib/python3.8/site-packages/airflow/example_dags/example_skip_dag.py
[2026-04-21T19:37:13.392+0000] {processor.py:840} INFO - DAG(s) 'example_skip_dag' retrieved from /home/airflow/.local/lib/python3.8/site-packages/airflow/example_dags/example_skip_dag.py
[2026-04-21T19:37:13.460+0000] {logging_mixin.py:188} INFO - [2026-04-21T19:37:13.460+0000] {dag.py:3036} INFO - Sync 1 DAGs
[2026-04-21T19:37:13.545+0000] {logging_mixin.py:188} INFO - [2026-04-21T19:37:13.544+0000] {dag.py:3823} INFO - Setting next_dagrun for example_skip_dag to 2026-04-20 00:00:00+00:00, run_after=2026-04-21 00:00:00+00:00
[2026-04-21T19:37:13.661+0000] {processor.py:183} INFO - Processing /home/airflow/.local/lib/python3.8/site-packages/airflow/example_dags/example_skip_dag.py took 0.327 seconds
[2026-04-21T19:37:43.808+0000] {processor.py:161} INFO - Started process (PID=540) to work on /home/airflow/.local/lib/python3.8/site-packages/airflow/example_dags/example_skip_dag.py
[2026-04-21T19:37:43.810+0000] {processor.py:830} INFO - Processing file /home/airflow/.local/lib/python3.8/site-packages/airflow/example_dags/example_skip_dag.py for tasks to queue
[2026-04-21T19:37:43.811+0000] {logging_mixin.py:188} INFO - [2026-04-21T19:37:43.811+0000] {dagbag.py:538} INFO - Filling up the DagBag from /home/airflow/.local/lib/python3.8/site-packages/airflow/example_dags/example_skip_dag.py
[2026-04-21T19:37:43.818+0000] {processor.py:840} INFO - DAG(s) 'example_skip_dag' retrieved from /home/airflow/.local/lib/python3.8/site-packages/airflow/example_dags/example_skip_dag.py
[2026-04-21T19:37:43.841+0000] {logging_mixin.py:188} INFO - [2026-04-21T19:37:43.841+0000] {dag.py:3036} INFO - Sync 1 DAGs
[2026-04-21T19:37:43.863+0000] {logging_mixin.py:188} INFO - [2026-04-21T19:37:43.863+0000] {dag.py:3823} INFO - Setting next_dagrun for example_skip_dag to 2026-04-20 00:00:00+00:00, run_after=2026-04-21 00:00:00+00:00
[2026-04-21T19:37:43.958+0000] {processor.py:183} INFO - Processing /home/airflow/.local/lib/python3.8/site-packages/airflow/example_dags/example_skip_dag.py took 0.153 seconds
[2026-04-21T19:38:14.837+0000] {processor.py:161} INFO - Started process (PID=597) to work on /home/airflow/.local/lib/python3.8/site-packages/airflow/example_dags/example_skip_dag.py
[2026-04-21T19:38:14.839+0000] {processor.py:830} INFO - Processing file /home/airflow/.local/lib/python3.8/site-packages/airflow/example_dags/example_skip_dag.py for tasks to queue
[2026-04-21T19:38:14.841+0000] {logging_mixin.py:188} INFO - [2026-04-21T19:38:14.840+0000] {dagbag.py:538} INFO - Filling up the DagBag from /home/airflow/.local/lib/python3.8/site-packages/airflow/example_dags/example_skip_dag.py
[2026-04-21T19:38:14.847+0000] {processor.py:840} INFO - DAG(s) 'example_skip_dag' retrieved from /home/airflow/.local/lib/python3.8/site-packages/airflow/example_dags/example_skip_dag.py
[2026-04-21T19:38:14.873+0000] {logging_mixin.py:188} INFO - [2026-04-21T19:38:14.873+0000] {dag.py:3036} INFO - Sync 1 DAGs
[2026-04-21T19:38:14.907+0000] {logging_mixin.py:188} INFO - [2026-04-21T19:38:14.906+0000] {dag.py:3823} INFO - Setting next_dagrun for example_skip_dag to 2026-04-20 00:00:00+00:00, run_after=2026-04-21 00:00:00+00:00
[2026-04-21T19:38:14.931+0000] {processor.py:183} INFO - Processing /home/airflow/.local/lib/python3.8/site-packages/airflow/example_dags/example_skip_dag.py took 0.097 seconds
[2026-04-21T19:38:45.056+0000] {processor.py:161} INFO - Started process (PID=654) to work on /home/airflow/.local/lib/python3.8/site-packages/airflow/example_dags/example_skip_dag.py
[2026-04-21T19:38:45.057+0000] {processor.py:830} INFO - Processing file /home/airflow/.local/lib/python3.8/site-packages/airflow/example_dags/example_skip_dag.py for tasks to queue
[2026-04-21T19:38:45.059+0000] {logging_mixin.py:188} INFO - [2026-04-21T19:38:45.059+0000] {dagbag.py:538} INFO - Filling up the DagBag from /home/airflow/.local/lib/python3.8/site-packages/airflow/example_dags/example_skip_dag.py
[2026-04-21T19:38:45.067+0000] {processor.py:840} INFO - DAG(s) 'example_skip_dag' retrieved from /home/airflow/.local/lib/python3.8/site-packages/airflow/example_dags/example_skip_dag.py
[2026-04-21T19:38:45.090+0000] {logging_mixin.py:188} INFO - [2026-04-21T19:38:45.090+0000] {dag.py:3036} INFO - Sync 1 DAGs
[2026-04-21T19:38:45.112+0000] {logging_mixin.py:188} INFO - [2026-04-21T19:38:45.112+0000] {dag.py:3823} INFO - Setting next_dagrun for example_skip_dag to 2026-04-20 00:00:00+00:00, run_after=2026-04-21 00:00:00+00:00
[2026-04-21T19:38:45.135+0000] {processor.py:183} INFO - Processing /home/airflow/.local/lib/python3.8/site-packages/airflow/example_dags/example_skip_dag.py took 0.083 seconds
[2026-04-21T19:39:15.704+0000] {processor.py:161} INFO - Started process (PID=711) to work on /home/airflow/.local/lib/python3.8/site-packages/airflow/example_dags/example_skip_dag.py
[2026-04-21T19:39:15.705+0000] {processor.py:830} INFO - Processing file /home/airflow/.local/lib/python3.8/site-packages/airflow/example_dags/example_skip_dag.py for tasks to queue
[2026-04-21T19:39:15.707+0000] {logging_mixin.py:188} INFO - [2026-04-21T19:39:15.707+0000] {dagbag.py:538} INFO - Filling up the DagBag from /home/airflow/.local/lib/python3.8/site-packages/airflow/example_dags/example_skip_dag.py
[2026-04-21T19:39:15.714+0000] {processor.py:840} INFO - DAG(s) 'example_skip_dag' retrieved from /home/airflow/.local/lib/python3.8/site-packages/airflow/example_dags/example_skip_dag.py
[2026-04-21T19:39:15.740+0000] {logging_mixin.py:188} INFO - [2026-04-21T19:39:15.740+0000] {dag.py:3036} INFO - Sync 1 DAGs
[2026-04-21T19:39:15.763+0000] {logging_mixin.py:188} INFO - [2026-04-21T19:39:15.763+0000] {dag.py:3823} INFO - Setting next_dagrun for example_skip_dag to 2026-04-20 00:00:00+00:00, run_after=2026-04-21 00:00:00+00:00
[2026-04-21T19:39:15.791+0000] {processor.py:183} INFO - Processing /home/airflow/.local/lib/python3.8/site-packages/airflow/example_dags/example_skip_dag.py took 0.090 seconds
[2026-04-21T19:39:46.376+0000] {processor.py:161} INFO - Started process (PID=768) to work on /home/airflow/.local/lib/python3.8/site-packages/airflow/example_dags/example_skip_dag.py
[2026-04-21T19:39:46.377+0000] {processor.py:830} INFO - Processing file /home/airflow/.local/lib/python3.8/site-packages/airflow/example_dags/example_skip_dag.py for tasks to queue
[2026-04-21T19:39:46.379+0000] {logging_mixin.py:188} INFO - [2026-04-21T19:39:46.379+0000] {dagbag.py:538} INFO - Filling up the DagBag from /home/airflow/.local/lib/python3.8/site-packages/airflow/example_dags/example_skip_dag.py
[2026-04-21T19:39:46.385+0000] {processor.py:840} INFO - DAG(s) 'example_skip_dag' retrieved from /home/airflow/.local/lib/python3.8/site-packages/airflow/example_dags/example_skip_dag.py
[2026-04-21T19:39:46.409+0000] {logging_mixin.py:188} INFO - [2026-04-21T19:39:46.409+0000] {dag.py:3036} INFO - Sync 1 DAGs
[2026-04-21T19:39:46.431+0000] {logging_mixin.py:188} INFO - [2026-04-21T19:39:46.431+0000] {dag.py:3823} INFO - Setting next_dagrun for example_skip_dag to 2026-04-20 00:00:00+00:00, run_after=2026-04-21 00:00:00+00:00
[2026-04-21T19:39:46.454+0000] {processor.py:183} INFO - Processing /home/airflow/.local/lib/python3.8/site-packages/airflow/example_dags/example_skip_dag.py took 0.082 seconds
