[2026-04-21T19:33:36.559+0000] {processor.py:161} INFO - Started process (PID=96) to work on /home/airflow/.local/lib/python3.8/site-packages/airflow/example_dags/example_params_trigger_ui.py
[2026-04-21T19:33:36.561+0000] {processor.py:830} INFO - Processing file /home/airflow/.local/lib/python3.8/site-packages/airflow/example_dags/example_params_trigger_ui.py for tasks to queue
[2026-04-21T19:33:36.566+0000] {logging_mixin.py:188} INFO - [2026-04-21T19:33:36.565+0000] {dagbag.py:538} INFO - Filling up the DagBag from /home/airflow/.local/lib/python3.8/site-packages/airflow/example_dags/example_params_trigger_ui.py
[2026-04-21T19:33:36.595+0000] {processor.py:840} INFO - DAG(s) 'example_params_trigger_ui' retrieved from /home/airflow/.local/lib/python3.8/site-packages/airflow/example_dags/example_params_trigger_ui.py
[2026-04-21T19:33:36.708+0000] {logging_mixin.py:188} INFO - [2026-04-21T19:33:36.707+0000] {dag.py:3036} INFO - Sync 1 DAGs
[2026-04-21T19:33:36.727+0000] {logging_mixin.py:188} INFO - [2026-04-21T19:33:36.727+0000] {dag.py:3823} INFO - Setting next_dagrun for example_params_trigger_ui to None, run_after=None
[2026-04-21T19:33:36.761+0000] {processor.py:183} INFO - Processing /home/airflow/.local/lib/python3.8/site-packages/airflow/example_dags/example_params_trigger_ui.py took 0.209 seconds
[2026-04-21T19:34:09.627+0000] {processor.py:161} INFO - Started process (PID=153) to work on /home/airflow/.local/lib/python3.8/site-packages/airflow/example_dags/example_params_trigger_ui.py
[2026-04-21T19:34:09.630+0000] {processor.py:830} INFO - Processing file /home/airflow/.local/lib/python3.8/site-packages/airflow/example_dags/example_params_trigger_ui.py for tasks to queue
[2026-04-21T19:34:09.634+0000] {logging_mixin.py:188} INFO - [2026-04-21T19:34:09.633+0000] {dagbag.py:538} INFO - Filling up the DagBag from /home/airflow/.local/lib/python3.8/site-packages/airflow/example_dags/example_params_trigger_ui.py
[2026-04-21T19:34:09.667+0000] {processor.py:840} INFO - DAG(s) 'example_params_trigger_ui' retrieved from /home/airflow/.local/lib/python3.8/site-packages/airflow/example_dags/example_params_trigger_ui.py
[2026-04-21T19:34:09.805+0000] {logging_mixin.py:188} INFO - [2026-04-21T19:34:09.804+0000] {dag.py:3036} INFO - Sync 1 DAGs
[2026-04-21T19:34:09.834+0000] {logging_mixin.py:188} INFO - [2026-04-21T19:34:09.833+0000] {dag.py:3823} INFO - Setting next_dagrun for example_params_trigger_ui to None, run_after=None
[2026-04-21T19:34:09.885+0000] {processor.py:183} INFO - Processing /home/airflow/.local/lib/python3.8/site-packages/airflow/example_dags/example_params_trigger_ui.py took 0.268 seconds
[2026-04-21T19:34:40.132+0000] {processor.py:161} INFO - Started process (PID=210) to work on /home/airflow/.local/lib/python3.8/site-packages/airflow/example_dags/example_params_trigger_ui.py
[2026-04-21T19:34:40.135+0000] {processor.py:830} INFO - Processing file /home/airflow/.local/lib/python3.8/site-packages/airflow/example_dags/example_params_trigger_ui.py for tasks to queue
[2026-04-21T19:34:40.141+0000] {logging_mixin.py:188} INFO - [2026-04-21T19:34:40.141+0000] {dagbag.py:538} INFO - Filling up the DagBag from /home/airflow/.local/lib/python3.8/site-packages/airflow/example_dags/example_params_trigger_ui.py
[2026-04-21T19:34:40.177+0000] {processor.py:840} INFO - DAG(s) 'example_params_trigger_ui' retrieved from /home/airflow/.local/lib/python3.8/site-packages/airflow/example_dags/example_params_trigger_ui.py
[2026-04-21T19:34:40.329+0000] {logging_mixin.py:188} INFO - [2026-04-21T19:34:40.329+0000] {dag.py:3036} INFO - Sync 1 DAGs
[2026-04-21T19:34:40.364+0000] {logging_mixin.py:188} INFO - [2026-04-21T19:34:40.364+0000] {dag.py:3823} INFO - Setting next_dagrun for example_params_trigger_ui to None, run_after=None
[2026-04-21T19:34:40.416+0000] {processor.py:183} INFO - Processing /home/airflow/.local/lib/python3.8/site-packages/airflow/example_dags/example_params_trigger_ui.py took 0.292 seconds
[2026-04-21T19:35:10.788+0000] {processor.py:161} INFO - Started process (PID=268) to work on /home/airflow/.local/lib/python3.8/site-packages/airflow/example_dags/example_params_trigger_ui.py
[2026-04-21T19:35:10.790+0000] {processor.py:830} INFO - Processing file /home/airflow/.local/lib/python3.8/site-packages/airflow/example_dags/example_params_trigger_ui.py for tasks to queue
[2026-04-21T19:35:10.794+0000] {logging_mixin.py:188} INFO - [2026-04-21T19:35:10.793+0000] {dagbag.py:538} INFO - Filling up the DagBag from /home/airflow/.local/lib/python3.8/site-packages/airflow/example_dags/example_params_trigger_ui.py
[2026-04-21T19:35:10.822+0000] {processor.py:840} INFO - DAG(s) 'example_params_trigger_ui' retrieved from /home/airflow/.local/lib/python3.8/site-packages/airflow/example_dags/example_params_trigger_ui.py
[2026-04-21T19:35:10.938+0000] {logging_mixin.py:188} INFO - [2026-04-21T19:35:10.937+0000] {dag.py:3036} INFO - Sync 1 DAGs
[2026-04-21T19:35:10.973+0000] {logging_mixin.py:188} INFO - [2026-04-21T19:35:10.972+0000] {dag.py:3823} INFO - Setting next_dagrun for example_params_trigger_ui to None, run_after=None
[2026-04-21T19:35:11.023+0000] {processor.py:183} INFO - Processing /home/airflow/.local/lib/python3.8/site-packages/airflow/example_dags/example_params_trigger_ui.py took 0.243 seconds
[2026-04-21T19:35:41.544+0000] {processor.py:161} INFO - Started process (PID=326) to work on /home/airflow/.local/lib/python3.8/site-packages/airflow/example_dags/example_params_trigger_ui.py
[2026-04-21T19:35:41.545+0000] {processor.py:830} INFO - Processing file /home/airflow/.local/lib/python3.8/site-packages/airflow/example_dags/example_params_trigger_ui.py for tasks to queue
[2026-04-21T19:35:41.553+0000] {logging_mixin.py:188} INFO - [2026-04-21T19:35:41.552+0000] {dagbag.py:538} INFO - Filling up the DagBag from /home/airflow/.local/lib/python3.8/site-packages/airflow/example_dags/example_params_trigger_ui.py
[2026-04-21T19:35:41.581+0000] {processor.py:840} INFO - DAG(s) 'example_params_trigger_ui' retrieved from /home/airflow/.local/lib/python3.8/site-packages/airflow/example_dags/example_params_trigger_ui.py
[2026-04-21T19:35:41.726+0000] {logging_mixin.py:188} INFO - [2026-04-21T19:35:41.725+0000] {dag.py:3036} INFO - Sync 1 DAGs
[2026-04-21T19:35:41.762+0000] {logging_mixin.py:188} INFO - [2026-04-21T19:35:41.762+0000] {dag.py:3823} INFO - Setting next_dagrun for example_params_trigger_ui to None, run_after=None
[2026-04-21T19:35:41.811+0000] {processor.py:183} INFO - Processing /home/airflow/.local/lib/python3.8/site-packages/airflow/example_dags/example_params_trigger_ui.py took 0.274 seconds
[2026-04-21T19:36:12.163+0000] {processor.py:161} INFO - Started process (PID=383) to work on /home/airflow/.local/lib/python3.8/site-packages/airflow/example_dags/example_params_trigger_ui.py
[2026-04-21T19:36:12.165+0000] {processor.py:830} INFO - Processing file /home/airflow/.local/lib/python3.8/site-packages/airflow/example_dags/example_params_trigger_ui.py for tasks to queue
[2026-04-21T19:36:12.170+0000] {logging_mixin.py:188} INFO - [2026-04-21T19:36:12.169+0000] {dagbag.py:538} INFO - Filling up the DagBag from /home/airflow/.local/lib/python3.8/site-packages/airflow/example_dags/example_params_trigger_ui.py
[2026-04-21T19:36:12.197+0000] {processor.py:840} INFO - DAG(s) 'example_params_trigger_ui' retrieved from /home/airflow/.local/lib/python3.8/site-packages/airflow/example_dags/example_params_trigger_ui.py
[2026-04-21T19:36:12.299+0000] {logging_mixin.py:188} INFO - [2026-04-21T19:36:12.299+0000] {dag.py:3036} INFO - Sync 1 DAGs
[2026-04-21T19:36:12.327+0000] {logging_mixin.py:188} INFO - [2026-04-21T19:36:12.327+0000] {dag.py:3823} INFO - Setting next_dagrun for example_params_trigger_ui to None, run_after=None
[2026-04-21T19:36:12.372+0000] {processor.py:183} INFO - Processing /home/airflow/.local/lib/python3.8/site-packages/airflow/example_dags/example_params_trigger_ui.py took 0.216 seconds
[2026-04-21T19:36:42.534+0000] {processor.py:161} INFO - Started process (PID=441) to work on /home/airflow/.local/lib/python3.8/site-packages/airflow/example_dags/example_params_trigger_ui.py
[2026-04-21T19:36:42.536+0000] {processor.py:830} INFO - Processing file /home/airflow/.local/lib/python3.8/site-packages/airflow/example_dags/example_params_trigger_ui.py for tasks to queue
[2026-04-21T19:36:42.540+0000] {logging_mixin.py:188} INFO - [2026-04-21T19:36:42.539+0000] {dagbag.py:538} INFO - Filling up the DagBag from /home/airflow/.local/lib/python3.8/site-packages/airflow/example_dags/example_params_trigger_ui.py
[2026-04-21T19:36:42.561+0000] {processor.py:840} INFO - DAG(s) 'example_params_trigger_ui' retrieved from /home/airflow/.local/lib/python3.8/site-packages/airflow/example_dags/example_params_trigger_ui.py
[2026-04-21T19:36:42.633+0000] {logging_mixin.py:188} INFO - [2026-04-21T19:36:42.633+0000] {dag.py:3036} INFO - Sync 1 DAGs
[2026-04-21T19:36:42.654+0000] {logging_mixin.py:188} INFO - [2026-04-21T19:36:42.654+0000] {dag.py:3823} INFO - Setting next_dagrun for example_params_trigger_ui to None, run_after=None
[2026-04-21T19:36:42.681+0000] {processor.py:183} INFO - Processing /home/airflow/.local/lib/python3.8/site-packages/airflow/example_dags/example_params_trigger_ui.py took 0.153 seconds
[2026-04-21T19:37:15.669+0000] {processor.py:161} INFO - Started process (PID=498) to work on /home/airflow/.local/lib/python3.8/site-packages/airflow/example_dags/example_params_trigger_ui.py
[2026-04-21T19:37:15.672+0000] {processor.py:830} INFO - Processing file /home/airflow/.local/lib/python3.8/site-packages/airflow/example_dags/example_params_trigger_ui.py for tasks to queue
[2026-04-21T19:37:15.679+0000] {logging_mixin.py:188} INFO - [2026-04-21T19:37:15.678+0000] {dagbag.py:538} INFO - Filling up the DagBag from /home/airflow/.local/lib/python3.8/site-packages/airflow/example_dags/example_params_trigger_ui.py
[2026-04-21T19:37:15.722+0000] {processor.py:840} INFO - DAG(s) 'example_params_trigger_ui' retrieved from /home/airflow/.local/lib/python3.8/site-packages/airflow/example_dags/example_params_trigger_ui.py
[2026-04-21T19:37:15.830+0000] {logging_mixin.py:188} INFO - [2026-04-21T19:37:15.829+0000] {dag.py:3036} INFO - Sync 1 DAGs
[2026-04-21T19:37:15.880+0000] {logging_mixin.py:188} INFO - [2026-04-21T19:37:15.880+0000] {dag.py:3823} INFO - Setting next_dagrun for example_params_trigger_ui to None, run_after=None
[2026-04-21T19:37:15.948+0000] {processor.py:183} INFO - Processing /home/airflow/.local/lib/python3.8/site-packages/airflow/example_dags/example_params_trigger_ui.py took 0.287 seconds
[2026-04-21T19:37:46.454+0000] {processor.py:161} INFO - Started process (PID=555) to work on /home/airflow/.local/lib/python3.8/site-packages/airflow/example_dags/example_params_trigger_ui.py
[2026-04-21T19:37:46.458+0000] {processor.py:830} INFO - Processing file /home/airflow/.local/lib/python3.8/site-packages/airflow/example_dags/example_params_trigger_ui.py for tasks to queue
[2026-04-21T19:37:46.461+0000] {logging_mixin.py:188} INFO - [2026-04-21T19:37:46.460+0000] {dagbag.py:538} INFO - Filling up the DagBag from /home/airflow/.local/lib/python3.8/site-packages/airflow/example_dags/example_params_trigger_ui.py
[2026-04-21T19:37:46.476+0000] {processor.py:840} INFO - DAG(s) 'example_params_trigger_ui' retrieved from /home/airflow/.local/lib/python3.8/site-packages/airflow/example_dags/example_params_trigger_ui.py
[2026-04-21T19:37:46.529+0000] {logging_mixin.py:188} INFO - [2026-04-21T19:37:46.528+0000] {dag.py:3036} INFO - Sync 1 DAGs
[2026-04-21T19:37:46.542+0000] {logging_mixin.py:188} INFO - [2026-04-21T19:37:46.542+0000] {dag.py:3823} INFO - Setting next_dagrun for example_params_trigger_ui to None, run_after=None
[2026-04-21T19:37:46.627+0000] {processor.py:183} INFO - Processing /home/airflow/.local/lib/python3.8/site-packages/airflow/example_dags/example_params_trigger_ui.py took 0.177 seconds
[2026-04-21T19:38:16.707+0000] {processor.py:161} INFO - Started process (PID=612) to work on /home/airflow/.local/lib/python3.8/site-packages/airflow/example_dags/example_params_trigger_ui.py
[2026-04-21T19:38:16.708+0000] {processor.py:830} INFO - Processing file /home/airflow/.local/lib/python3.8/site-packages/airflow/example_dags/example_params_trigger_ui.py for tasks to queue
[2026-04-21T19:38:16.711+0000] {logging_mixin.py:188} INFO - [2026-04-21T19:38:16.710+0000] {dagbag.py:538} INFO - Filling up the DagBag from /home/airflow/.local/lib/python3.8/site-packages/airflow/example_dags/example_params_trigger_ui.py
[2026-04-21T19:38:16.725+0000] {processor.py:840} INFO - DAG(s) 'example_params_trigger_ui' retrieved from /home/airflow/.local/lib/python3.8/site-packages/airflow/example_dags/example_params_trigger_ui.py
[2026-04-21T19:38:16.794+0000] {logging_mixin.py:188} INFO - [2026-04-21T19:38:16.794+0000] {dag.py:3036} INFO - Sync 1 DAGs
[2026-04-21T19:38:16.810+0000] {logging_mixin.py:188} INFO - [2026-04-21T19:38:16.809+0000] {dag.py:3823} INFO - Setting next_dagrun for example_params_trigger_ui to None, run_after=None
[2026-04-21T19:38:16.830+0000] {processor.py:183} INFO - Processing /home/airflow/.local/lib/python3.8/site-packages/airflow/example_dags/example_params_trigger_ui.py took 0.127 seconds
[2026-04-21T19:38:46.952+0000] {processor.py:161} INFO - Started process (PID=669) to work on /home/airflow/.local/lib/python3.8/site-packages/airflow/example_dags/example_params_trigger_ui.py
[2026-04-21T19:38:46.954+0000] {processor.py:830} INFO - Processing file /home/airflow/.local/lib/python3.8/site-packages/airflow/example_dags/example_params_trigger_ui.py for tasks to queue
[2026-04-21T19:38:46.959+0000] {logging_mixin.py:188} INFO - [2026-04-21T19:38:46.959+0000] {dagbag.py:538} INFO - Filling up the DagBag from /home/airflow/.local/lib/python3.8/site-packages/airflow/example_dags/example_params_trigger_ui.py
[2026-04-21T19:38:46.972+0000] {processor.py:840} INFO - DAG(s) 'example_params_trigger_ui' retrieved from /home/airflow/.local/lib/python3.8/site-packages/airflow/example_dags/example_params_trigger_ui.py
[2026-04-21T19:38:47.031+0000] {logging_mixin.py:188} INFO - [2026-04-21T19:38:47.030+0000] {dag.py:3036} INFO - Sync 1 DAGs
[2026-04-21T19:38:47.052+0000] {logging_mixin.py:188} INFO - [2026-04-21T19:38:47.052+0000] {dag.py:3823} INFO - Setting next_dagrun for example_params_trigger_ui to None, run_after=None
[2026-04-21T19:38:47.081+0000] {processor.py:183} INFO - Processing /home/airflow/.local/lib/python3.8/site-packages/airflow/example_dags/example_params_trigger_ui.py took 0.132 seconds
[2026-04-21T19:39:17.615+0000] {processor.py:161} INFO - Started process (PID=726) to work on /home/airflow/.local/lib/python3.8/site-packages/airflow/example_dags/example_params_trigger_ui.py
[2026-04-21T19:39:17.616+0000] {processor.py:830} INFO - Processing file /home/airflow/.local/lib/python3.8/site-packages/airflow/example_dags/example_params_trigger_ui.py for tasks to queue
[2026-04-21T19:39:17.618+0000] {logging_mixin.py:188} INFO - [2026-04-21T19:39:17.618+0000] {dagbag.py:538} INFO - Filling up the DagBag from /home/airflow/.local/lib/python3.8/site-packages/airflow/example_dags/example_params_trigger_ui.py
[2026-04-21T19:39:17.631+0000] {processor.py:840} INFO - DAG(s) 'example_params_trigger_ui' retrieved from /home/airflow/.local/lib/python3.8/site-packages/airflow/example_dags/example_params_trigger_ui.py
[2026-04-21T19:39:17.690+0000] {logging_mixin.py:188} INFO - [2026-04-21T19:39:17.690+0000] {dag.py:3036} INFO - Sync 1 DAGs
[2026-04-21T19:39:17.702+0000] {logging_mixin.py:188} INFO - [2026-04-21T19:39:17.702+0000] {dag.py:3823} INFO - Setting next_dagrun for example_params_trigger_ui to None, run_after=None
[2026-04-21T19:39:17.723+0000] {processor.py:183} INFO - Processing /home/airflow/.local/lib/python3.8/site-packages/airflow/example_dags/example_params_trigger_ui.py took 0.112 seconds
[2026-04-21T19:39:48.332+0000] {processor.py:161} INFO - Started process (PID=783) to work on /home/airflow/.local/lib/python3.8/site-packages/airflow/example_dags/example_params_trigger_ui.py
[2026-04-21T19:39:48.333+0000] {processor.py:830} INFO - Processing file /home/airflow/.local/lib/python3.8/site-packages/airflow/example_dags/example_params_trigger_ui.py for tasks to queue
[2026-04-21T19:39:48.335+0000] {logging_mixin.py:188} INFO - [2026-04-21T19:39:48.335+0000] {dagbag.py:538} INFO - Filling up the DagBag from /home/airflow/.local/lib/python3.8/site-packages/airflow/example_dags/example_params_trigger_ui.py
[2026-04-21T19:39:48.347+0000] {processor.py:840} INFO - DAG(s) 'example_params_trigger_ui' retrieved from /home/airflow/.local/lib/python3.8/site-packages/airflow/example_dags/example_params_trigger_ui.py
[2026-04-21T19:39:48.391+0000] {logging_mixin.py:188} INFO - [2026-04-21T19:39:48.391+0000] {dag.py:3036} INFO - Sync 1 DAGs
[2026-04-21T19:39:48.403+0000] {logging_mixin.py:188} INFO - [2026-04-21T19:39:48.403+0000] {dag.py:3823} INFO - Setting next_dagrun for example_params_trigger_ui to None, run_after=None
[2026-04-21T19:39:48.423+0000] {processor.py:183} INFO - Processing /home/airflow/.local/lib/python3.8/site-packages/airflow/example_dags/example_params_trigger_ui.py took 0.094 seconds
