[2026-04-21T19:33:35.156+0000] {processor.py:161} INFO - Started process (PID=82) to work on /home/airflow/.local/lib/python3.8/site-packages/airflow/example_dags/example_local_kubernetes_executor.py
[2026-04-21T19:33:35.159+0000] {processor.py:830} INFO - Processing file /home/airflow/.local/lib/python3.8/site-packages/airflow/example_dags/example_local_kubernetes_executor.py for tasks to queue
[2026-04-21T19:33:35.168+0000] {logging_mixin.py:188} INFO - [2026-04-21T19:33:35.167+0000] {dagbag.py:538} INFO - Filling up the DagBag from /home/airflow/.local/lib/python3.8/site-packages/airflow/example_dags/example_local_kubernetes_executor.py
[2026-04-21T19:33:35.188+0000] {processor.py:840} INFO - DAG(s) 'example_local_kubernetes_executor' retrieved from /home/airflow/.local/lib/python3.8/site-packages/airflow/example_dags/example_local_kubernetes_executor.py
[2026-04-21T19:33:35.261+0000] {logging_mixin.py:188} INFO - [2026-04-21T19:33:35.261+0000] {dag.py:3036} INFO - Sync 1 DAGs
[2026-04-21T19:33:35.286+0000] {logging_mixin.py:188} INFO - [2026-04-21T19:33:35.286+0000] {dag.py:3823} INFO - Setting next_dagrun for example_local_kubernetes_executor to None, run_after=None
[2026-04-21T19:33:35.327+0000] {processor.py:183} INFO - Processing /home/airflow/.local/lib/python3.8/site-packages/airflow/example_dags/example_local_kubernetes_executor.py took 0.176 seconds
[2026-04-21T19:34:07.371+0000] {processor.py:161} INFO - Started process (PID=139) to work on /home/airflow/.local/lib/python3.8/site-packages/airflow/example_dags/example_local_kubernetes_executor.py
[2026-04-21T19:34:07.378+0000] {processor.py:830} INFO - Processing file /home/airflow/.local/lib/python3.8/site-packages/airflow/example_dags/example_local_kubernetes_executor.py for tasks to queue
[2026-04-21T19:34:07.383+0000] {logging_mixin.py:188} INFO - [2026-04-21T19:34:07.382+0000] {dagbag.py:538} INFO - Filling up the DagBag from /home/airflow/.local/lib/python3.8/site-packages/airflow/example_dags/example_local_kubernetes_executor.py
[2026-04-21T19:34:07.416+0000] {processor.py:840} INFO - DAG(s) 'example_local_kubernetes_executor' retrieved from /home/airflow/.local/lib/python3.8/site-packages/airflow/example_dags/example_local_kubernetes_executor.py
[2026-04-21T19:34:07.527+0000] {logging_mixin.py:188} INFO - [2026-04-21T19:34:07.527+0000] {dag.py:3036} INFO - Sync 1 DAGs
[2026-04-21T19:34:07.567+0000] {logging_mixin.py:188} INFO - [2026-04-21T19:34:07.567+0000] {dag.py:3823} INFO - Setting next_dagrun for example_local_kubernetes_executor to None, run_after=None
[2026-04-21T19:34:07.624+0000] {processor.py:183} INFO - Processing /home/airflow/.local/lib/python3.8/site-packages/airflow/example_dags/example_local_kubernetes_executor.py took 0.264 seconds
[2026-04-21T19:34:38.268+0000] {processor.py:161} INFO - Started process (PID=196) to work on /home/airflow/.local/lib/python3.8/site-packages/airflow/example_dags/example_local_kubernetes_executor.py
[2026-04-21T19:34:38.272+0000] {processor.py:830} INFO - Processing file /home/airflow/.local/lib/python3.8/site-packages/airflow/example_dags/example_local_kubernetes_executor.py for tasks to queue
[2026-04-21T19:34:38.277+0000] {logging_mixin.py:188} INFO - [2026-04-21T19:34:38.276+0000] {dagbag.py:538} INFO - Filling up the DagBag from /home/airflow/.local/lib/python3.8/site-packages/airflow/example_dags/example_local_kubernetes_executor.py
[2026-04-21T19:34:38.295+0000] {processor.py:840} INFO - DAG(s) 'example_local_kubernetes_executor' retrieved from /home/airflow/.local/lib/python3.8/site-packages/airflow/example_dags/example_local_kubernetes_executor.py
[2026-04-21T19:34:38.387+0000] {logging_mixin.py:188} INFO - [2026-04-21T19:34:38.385+0000] {dag.py:3036} INFO - Sync 1 DAGs
[2026-04-21T19:34:38.422+0000] {logging_mixin.py:188} INFO - [2026-04-21T19:34:38.421+0000] {dag.py:3823} INFO - Setting next_dagrun for example_local_kubernetes_executor to None, run_after=None
[2026-04-21T19:34:38.474+0000] {processor.py:183} INFO - Processing /home/airflow/.local/lib/python3.8/site-packages/airflow/example_dags/example_local_kubernetes_executor.py took 0.213 seconds
[2026-04-21T19:35:09.238+0000] {processor.py:161} INFO - Started process (PID=254) to work on /home/airflow/.local/lib/python3.8/site-packages/airflow/example_dags/example_local_kubernetes_executor.py
[2026-04-21T19:35:09.240+0000] {processor.py:830} INFO - Processing file /home/airflow/.local/lib/python3.8/site-packages/airflow/example_dags/example_local_kubernetes_executor.py for tasks to queue
[2026-04-21T19:35:09.244+0000] {logging_mixin.py:188} INFO - [2026-04-21T19:35:09.243+0000] {dagbag.py:538} INFO - Filling up the DagBag from /home/airflow/.local/lib/python3.8/site-packages/airflow/example_dags/example_local_kubernetes_executor.py
[2026-04-21T19:35:09.261+0000] {processor.py:840} INFO - DAG(s) 'example_local_kubernetes_executor' retrieved from /home/airflow/.local/lib/python3.8/site-packages/airflow/example_dags/example_local_kubernetes_executor.py
[2026-04-21T19:35:09.333+0000] {logging_mixin.py:188} INFO - [2026-04-21T19:35:09.332+0000] {dag.py:3036} INFO - Sync 1 DAGs
[2026-04-21T19:35:09.363+0000] {logging_mixin.py:188} INFO - [2026-04-21T19:35:09.363+0000] {dag.py:3823} INFO - Setting next_dagrun for example_local_kubernetes_executor to None, run_after=None
[2026-04-21T19:35:09.410+0000] {processor.py:183} INFO - Processing /home/airflow/.local/lib/python3.8/site-packages/airflow/example_dags/example_local_kubernetes_executor.py took 0.181 seconds
[2026-04-21T19:35:39.813+0000] {processor.py:161} INFO - Started process (PID=312) to work on /home/airflow/.local/lib/python3.8/site-packages/airflow/example_dags/example_local_kubernetes_executor.py
[2026-04-21T19:35:39.815+0000] {processor.py:830} INFO - Processing file /home/airflow/.local/lib/python3.8/site-packages/airflow/example_dags/example_local_kubernetes_executor.py for tasks to queue
[2026-04-21T19:35:39.821+0000] {logging_mixin.py:188} INFO - [2026-04-21T19:35:39.820+0000] {dagbag.py:538} INFO - Filling up the DagBag from /home/airflow/.local/lib/python3.8/site-packages/airflow/example_dags/example_local_kubernetes_executor.py
[2026-04-21T19:35:39.838+0000] {processor.py:840} INFO - DAG(s) 'example_local_kubernetes_executor' retrieved from /home/airflow/.local/lib/python3.8/site-packages/airflow/example_dags/example_local_kubernetes_executor.py
[2026-04-21T19:35:39.920+0000] {logging_mixin.py:188} INFO - [2026-04-21T19:35:39.920+0000] {dag.py:3036} INFO - Sync 1 DAGs
[2026-04-21T19:35:39.961+0000] {logging_mixin.py:188} INFO - [2026-04-21T19:35:39.960+0000] {dag.py:3823} INFO - Setting next_dagrun for example_local_kubernetes_executor to None, run_after=None
[2026-04-21T19:35:40.012+0000] {processor.py:183} INFO - Processing /home/airflow/.local/lib/python3.8/site-packages/airflow/example_dags/example_local_kubernetes_executor.py took 0.206 seconds
[2026-04-21T19:36:10.123+0000] {processor.py:161} INFO - Started process (PID=369) to work on /home/airflow/.local/lib/python3.8/site-packages/airflow/example_dags/example_local_kubernetes_executor.py
[2026-04-21T19:36:10.125+0000] {processor.py:830} INFO - Processing file /home/airflow/.local/lib/python3.8/site-packages/airflow/example_dags/example_local_kubernetes_executor.py for tasks to queue
[2026-04-21T19:36:10.129+0000] {logging_mixin.py:188} INFO - [2026-04-21T19:36:10.129+0000] {dagbag.py:538} INFO - Filling up the DagBag from /home/airflow/.local/lib/python3.8/site-packages/airflow/example_dags/example_local_kubernetes_executor.py
[2026-04-21T19:36:10.147+0000] {processor.py:840} INFO - DAG(s) 'example_local_kubernetes_executor' retrieved from /home/airflow/.local/lib/python3.8/site-packages/airflow/example_dags/example_local_kubernetes_executor.py
[2026-04-21T19:36:10.212+0000] {logging_mixin.py:188} INFO - [2026-04-21T19:36:10.211+0000] {dag.py:3036} INFO - Sync 1 DAGs
[2026-04-21T19:36:10.240+0000] {logging_mixin.py:188} INFO - [2026-04-21T19:36:10.239+0000] {dag.py:3823} INFO - Setting next_dagrun for example_local_kubernetes_executor to None, run_after=None
[2026-04-21T19:36:10.275+0000] {processor.py:183} INFO - Processing /home/airflow/.local/lib/python3.8/site-packages/airflow/example_dags/example_local_kubernetes_executor.py took 0.162 seconds
[2026-04-21T19:36:40.693+0000] {processor.py:161} INFO - Started process (PID=427) to work on /home/airflow/.local/lib/python3.8/site-packages/airflow/example_dags/example_local_kubernetes_executor.py
[2026-04-21T19:36:40.695+0000] {processor.py:830} INFO - Processing file /home/airflow/.local/lib/python3.8/site-packages/airflow/example_dags/example_local_kubernetes_executor.py for tasks to queue
[2026-04-21T19:36:40.699+0000] {logging_mixin.py:188} INFO - [2026-04-21T19:36:40.698+0000] {dagbag.py:538} INFO - Filling up the DagBag from /home/airflow/.local/lib/python3.8/site-packages/airflow/example_dags/example_local_kubernetes_executor.py
[2026-04-21T19:36:40.716+0000] {processor.py:840} INFO - DAG(s) 'example_local_kubernetes_executor' retrieved from /home/airflow/.local/lib/python3.8/site-packages/airflow/example_dags/example_local_kubernetes_executor.py
[2026-04-21T19:36:40.795+0000] {logging_mixin.py:188} INFO - [2026-04-21T19:36:40.794+0000] {dag.py:3036} INFO - Sync 1 DAGs
[2026-04-21T19:36:40.836+0000] {logging_mixin.py:188} INFO - [2026-04-21T19:36:40.836+0000] {dag.py:3823} INFO - Setting next_dagrun for example_local_kubernetes_executor to None, run_after=None
[2026-04-21T19:36:40.882+0000] {processor.py:183} INFO - Processing /home/airflow/.local/lib/python3.8/site-packages/airflow/example_dags/example_local_kubernetes_executor.py took 0.194 seconds
[2026-04-21T19:37:13.454+0000] {processor.py:161} INFO - Started process (PID=484) to work on /home/airflow/.local/lib/python3.8/site-packages/airflow/example_dags/example_local_kubernetes_executor.py
[2026-04-21T19:37:13.457+0000] {processor.py:830} INFO - Processing file /home/airflow/.local/lib/python3.8/site-packages/airflow/example_dags/example_local_kubernetes_executor.py for tasks to queue
[2026-04-21T19:37:13.461+0000] {logging_mixin.py:188} INFO - [2026-04-21T19:37:13.461+0000] {dagbag.py:538} INFO - Filling up the DagBag from /home/airflow/.local/lib/python3.8/site-packages/airflow/example_dags/example_local_kubernetes_executor.py
[2026-04-21T19:37:13.494+0000] {processor.py:840} INFO - DAG(s) 'example_local_kubernetes_executor' retrieved from /home/airflow/.local/lib/python3.8/site-packages/airflow/example_dags/example_local_kubernetes_executor.py
[2026-04-21T19:37:13.708+0000] {logging_mixin.py:188} INFO - [2026-04-21T19:37:13.707+0000] {dag.py:3036} INFO - Sync 1 DAGs
[2026-04-21T19:37:13.763+0000] {logging_mixin.py:188} INFO - [2026-04-21T19:37:13.763+0000] {dag.py:3823} INFO - Setting next_dagrun for example_local_kubernetes_executor to None, run_after=None
[2026-04-21T19:37:13.854+0000] {processor.py:183} INFO - Processing /home/airflow/.local/lib/python3.8/site-packages/airflow/example_dags/example_local_kubernetes_executor.py took 0.408 seconds
[2026-04-21T19:37:43.991+0000] {processor.py:161} INFO - Started process (PID=541) to work on /home/airflow/.local/lib/python3.8/site-packages/airflow/example_dags/example_local_kubernetes_executor.py
[2026-04-21T19:37:43.992+0000] {processor.py:830} INFO - Processing file /home/airflow/.local/lib/python3.8/site-packages/airflow/example_dags/example_local_kubernetes_executor.py for tasks to queue
[2026-04-21T19:37:43.994+0000] {logging_mixin.py:188} INFO - [2026-04-21T19:37:43.994+0000] {dagbag.py:538} INFO - Filling up the DagBag from /home/airflow/.local/lib/python3.8/site-packages/airflow/example_dags/example_local_kubernetes_executor.py
[2026-04-21T19:37:44.002+0000] {processor.py:840} INFO - DAG(s) 'example_local_kubernetes_executor' retrieved from /home/airflow/.local/lib/python3.8/site-packages/airflow/example_dags/example_local_kubernetes_executor.py
[2026-04-21T19:37:44.038+0000] {logging_mixin.py:188} INFO - [2026-04-21T19:37:44.038+0000] {dag.py:3036} INFO - Sync 1 DAGs
[2026-04-21T19:37:44.050+0000] {logging_mixin.py:188} INFO - [2026-04-21T19:37:44.049+0000] {dag.py:3823} INFO - Setting next_dagrun for example_local_kubernetes_executor to None, run_after=None
[2026-04-21T19:37:44.112+0000] {processor.py:183} INFO - Processing /home/airflow/.local/lib/python3.8/site-packages/airflow/example_dags/example_local_kubernetes_executor.py took 0.124 seconds
[2026-04-21T19:38:14.837+0000] {processor.py:161} INFO - Started process (PID=598) to work on /home/airflow/.local/lib/python3.8/site-packages/airflow/example_dags/example_local_kubernetes_executor.py
[2026-04-21T19:38:14.839+0000] {processor.py:830} INFO - Processing file /home/airflow/.local/lib/python3.8/site-packages/airflow/example_dags/example_local_kubernetes_executor.py for tasks to queue
[2026-04-21T19:38:14.841+0000] {logging_mixin.py:188} INFO - [2026-04-21T19:38:14.840+0000] {dagbag.py:538} INFO - Filling up the DagBag from /home/airflow/.local/lib/python3.8/site-packages/airflow/example_dags/example_local_kubernetes_executor.py
[2026-04-21T19:38:14.849+0000] {processor.py:840} INFO - DAG(s) 'example_local_kubernetes_executor' retrieved from /home/airflow/.local/lib/python3.8/site-packages/airflow/example_dags/example_local_kubernetes_executor.py
[2026-04-21T19:38:14.887+0000] {logging_mixin.py:188} INFO - [2026-04-21T19:38:14.886+0000] {dag.py:3036} INFO - Sync 1 DAGs
[2026-04-21T19:38:14.900+0000] {logging_mixin.py:188} INFO - [2026-04-21T19:38:14.900+0000] {dag.py:3823} INFO - Setting next_dagrun for example_local_kubernetes_executor to None, run_after=None
[2026-04-21T19:38:14.927+0000] {processor.py:183} INFO - Processing /home/airflow/.local/lib/python3.8/site-packages/airflow/example_dags/example_local_kubernetes_executor.py took 0.093 seconds
[2026-04-21T19:38:45.056+0000] {processor.py:161} INFO - Started process (PID=655) to work on /home/airflow/.local/lib/python3.8/site-packages/airflow/example_dags/example_local_kubernetes_executor.py
[2026-04-21T19:38:45.057+0000] {processor.py:830} INFO - Processing file /home/airflow/.local/lib/python3.8/site-packages/airflow/example_dags/example_local_kubernetes_executor.py for tasks to queue
[2026-04-21T19:38:45.059+0000] {logging_mixin.py:188} INFO - [2026-04-21T19:38:45.059+0000] {dagbag.py:538} INFO - Filling up the DagBag from /home/airflow/.local/lib/python3.8/site-packages/airflow/example_dags/example_local_kubernetes_executor.py
[2026-04-21T19:38:45.070+0000] {processor.py:840} INFO - DAG(s) 'example_local_kubernetes_executor' retrieved from /home/airflow/.local/lib/python3.8/site-packages/airflow/example_dags/example_local_kubernetes_executor.py
[2026-04-21T19:38:45.102+0000] {logging_mixin.py:188} INFO - [2026-04-21T19:38:45.102+0000] {dag.py:3036} INFO - Sync 1 DAGs
[2026-04-21T19:38:45.115+0000] {logging_mixin.py:188} INFO - [2026-04-21T19:38:45.115+0000] {dag.py:3823} INFO - Setting next_dagrun for example_local_kubernetes_executor to None, run_after=None
[2026-04-21T19:38:45.137+0000] {processor.py:183} INFO - Processing /home/airflow/.local/lib/python3.8/site-packages/airflow/example_dags/example_local_kubernetes_executor.py took 0.085 seconds
[2026-04-21T19:39:15.704+0000] {processor.py:161} INFO - Started process (PID=712) to work on /home/airflow/.local/lib/python3.8/site-packages/airflow/example_dags/example_local_kubernetes_executor.py
[2026-04-21T19:39:15.705+0000] {processor.py:830} INFO - Processing file /home/airflow/.local/lib/python3.8/site-packages/airflow/example_dags/example_local_kubernetes_executor.py for tasks to queue
[2026-04-21T19:39:15.707+0000] {logging_mixin.py:188} INFO - [2026-04-21T19:39:15.707+0000] {dagbag.py:538} INFO - Filling up the DagBag from /home/airflow/.local/lib/python3.8/site-packages/airflow/example_dags/example_local_kubernetes_executor.py
[2026-04-21T19:39:15.716+0000] {processor.py:840} INFO - DAG(s) 'example_local_kubernetes_executor' retrieved from /home/airflow/.local/lib/python3.8/site-packages/airflow/example_dags/example_local_kubernetes_executor.py
[2026-04-21T19:39:15.758+0000] {logging_mixin.py:188} INFO - [2026-04-21T19:39:15.758+0000] {dag.py:3036} INFO - Sync 1 DAGs
[2026-04-21T19:39:15.771+0000] {logging_mixin.py:188} INFO - [2026-04-21T19:39:15.771+0000] {dag.py:3823} INFO - Setting next_dagrun for example_local_kubernetes_executor to None, run_after=None
[2026-04-21T19:39:15.796+0000] {processor.py:183} INFO - Processing /home/airflow/.local/lib/python3.8/site-packages/airflow/example_dags/example_local_kubernetes_executor.py took 0.096 seconds
[2026-04-21T19:39:46.381+0000] {processor.py:161} INFO - Started process (PID=769) to work on /home/airflow/.local/lib/python3.8/site-packages/airflow/example_dags/example_local_kubernetes_executor.py
[2026-04-21T19:39:46.383+0000] {processor.py:830} INFO - Processing file /home/airflow/.local/lib/python3.8/site-packages/airflow/example_dags/example_local_kubernetes_executor.py for tasks to queue
[2026-04-21T19:39:46.384+0000] {logging_mixin.py:188} INFO - [2026-04-21T19:39:46.384+0000] {dagbag.py:538} INFO - Filling up the DagBag from /home/airflow/.local/lib/python3.8/site-packages/airflow/example_dags/example_local_kubernetes_executor.py
[2026-04-21T19:39:46.392+0000] {processor.py:840} INFO - DAG(s) 'example_local_kubernetes_executor' retrieved from /home/airflow/.local/lib/python3.8/site-packages/airflow/example_dags/example_local_kubernetes_executor.py
[2026-04-21T19:39:46.429+0000] {logging_mixin.py:188} INFO - [2026-04-21T19:39:46.429+0000] {dag.py:3036} INFO - Sync 1 DAGs
[2026-04-21T19:39:46.441+0000] {logging_mixin.py:188} INFO - [2026-04-21T19:39:46.441+0000] {dag.py:3823} INFO - Setting next_dagrun for example_local_kubernetes_executor to None, run_after=None
[2026-04-21T19:39:46.466+0000] {processor.py:183} INFO - Processing /home/airflow/.local/lib/python3.8/site-packages/airflow/example_dags/example_local_kubernetes_executor.py took 0.088 seconds
