[2026-04-21T19:33:33.740+0000] {processor.py:161} INFO - Started process (PID=71) to work on /home/airflow/.local/lib/python3.8/site-packages/airflow/example_dags/example_datasets.py
[2026-04-21T19:33:33.742+0000] {processor.py:830} INFO - Processing file /home/airflow/.local/lib/python3.8/site-packages/airflow/example_dags/example_datasets.py for tasks to queue
[2026-04-21T19:33:33.745+0000] {logging_mixin.py:188} INFO - [2026-04-21T19:33:33.745+0000] {dagbag.py:538} INFO - Filling up the DagBag from /home/airflow/.local/lib/python3.8/site-packages/airflow/example_dags/example_datasets.py
[2026-04-21T19:33:33.764+0000] {processor.py:840} INFO - DAG(s) 'dataset_consumes_unknown_never_scheduled', 'dataset_consumes_1_and_2', 'dataset_produces_1', 'dataset_consumes_1', 'dataset_produces_2', 'dataset_consumes_1_never_scheduled' retrieved from /home/airflow/.local/lib/python3.8/site-packages/airflow/example_dags/example_datasets.py
[2026-04-21T19:33:33.833+0000] {logging_mixin.py:188} INFO - [2026-04-21T19:33:33.833+0000] {dag.py:3036} INFO - Sync 6 DAGs
[2026-04-21T19:33:33.873+0000] {logging_mixin.py:188} INFO - [2026-04-21T19:33:33.873+0000] {dag.py:3823} INFO - Setting next_dagrun for dataset_consumes_1 to None, run_after=None
[2026-04-21T19:33:33.880+0000] {logging_mixin.py:188} INFO - [2026-04-21T19:33:33.880+0000] {dag.py:3823} INFO - Setting next_dagrun for dataset_consumes_1_and_2 to None, run_after=None
[2026-04-21T19:33:33.883+0000] {logging_mixin.py:188} INFO - [2026-04-21T19:33:33.883+0000] {dag.py:3823} INFO - Setting next_dagrun for dataset_consumes_1_never_scheduled to None, run_after=None
[2026-04-21T19:33:33.886+0000] {logging_mixin.py:188} INFO - [2026-04-21T19:33:33.885+0000] {dag.py:3823} INFO - Setting next_dagrun for dataset_consumes_unknown_never_scheduled to None, run_after=None
[2026-04-21T19:33:33.891+0000] {logging_mixin.py:188} INFO - [2026-04-21T19:33:33.890+0000] {dag.py:3823} INFO - Setting next_dagrun for dataset_produces_1 to 2026-04-20 00:00:00+00:00, run_after=2026-04-21 00:00:00+00:00
[2026-04-21T19:33:33.893+0000] {logging_mixin.py:188} INFO - [2026-04-21T19:33:33.893+0000] {dag.py:3823} INFO - Setting next_dagrun for dataset_produces_2 to None, run_after=None
[2026-04-21T19:33:33.951+0000] {processor.py:183} INFO - Processing /home/airflow/.local/lib/python3.8/site-packages/airflow/example_dags/example_datasets.py took 0.215 seconds
[2026-04-21T19:34:05.401+0000] {processor.py:161} INFO - Started process (PID=128) to work on /home/airflow/.local/lib/python3.8/site-packages/airflow/example_dags/example_datasets.py
[2026-04-21T19:34:05.404+0000] {processor.py:830} INFO - Processing file /home/airflow/.local/lib/python3.8/site-packages/airflow/example_dags/example_datasets.py for tasks to queue
[2026-04-21T19:34:05.414+0000] {logging_mixin.py:188} INFO - [2026-04-21T19:34:05.412+0000] {dagbag.py:538} INFO - Filling up the DagBag from /home/airflow/.local/lib/python3.8/site-packages/airflow/example_dags/example_datasets.py
[2026-04-21T19:34:05.461+0000] {processor.py:840} INFO - DAG(s) 'dataset_consumes_1_and_2', 'dataset_produces_2', 'dataset_produces_1', 'dataset_consumes_1_never_scheduled', 'dataset_consumes_1', 'dataset_consumes_unknown_never_scheduled' retrieved from /home/airflow/.local/lib/python3.8/site-packages/airflow/example_dags/example_datasets.py
[2026-04-21T19:34:05.596+0000] {logging_mixin.py:188} INFO - [2026-04-21T19:34:05.595+0000] {dag.py:3036} INFO - Sync 6 DAGs
[2026-04-21T19:34:05.661+0000] {logging_mixin.py:188} INFO - [2026-04-21T19:34:05.660+0000] {dag.py:3823} INFO - Setting next_dagrun for dataset_consumes_1 to None, run_after=None
[2026-04-21T19:34:05.670+0000] {logging_mixin.py:188} INFO - [2026-04-21T19:34:05.669+0000] {dag.py:3823} INFO - Setting next_dagrun for dataset_consumes_1_and_2 to None, run_after=None
[2026-04-21T19:34:05.677+0000] {logging_mixin.py:188} INFO - [2026-04-21T19:34:05.676+0000] {dag.py:3823} INFO - Setting next_dagrun for dataset_consumes_1_never_scheduled to None, run_after=None
[2026-04-21T19:34:05.681+0000] {logging_mixin.py:188} INFO - [2026-04-21T19:34:05.680+0000] {dag.py:3823} INFO - Setting next_dagrun for dataset_consumes_unknown_never_scheduled to None, run_after=None
[2026-04-21T19:34:05.692+0000] {logging_mixin.py:188} INFO - [2026-04-21T19:34:05.691+0000] {dag.py:3823} INFO - Setting next_dagrun for dataset_produces_1 to 2026-04-20 00:00:00+00:00, run_after=2026-04-21 00:00:00+00:00
[2026-04-21T19:34:05.696+0000] {logging_mixin.py:188} INFO - [2026-04-21T19:34:05.695+0000] {dag.py:3823} INFO - Setting next_dagrun for dataset_produces_2 to None, run_after=None
[2026-04-21T19:34:05.784+0000] {processor.py:183} INFO - Processing /home/airflow/.local/lib/python3.8/site-packages/airflow/example_dags/example_datasets.py took 0.394 seconds
[2026-04-21T19:34:36.051+0000] {processor.py:161} INFO - Started process (PID=185) to work on /home/airflow/.local/lib/python3.8/site-packages/airflow/example_dags/example_datasets.py
[2026-04-21T19:34:36.055+0000] {processor.py:830} INFO - Processing file /home/airflow/.local/lib/python3.8/site-packages/airflow/example_dags/example_datasets.py for tasks to queue
[2026-04-21T19:34:36.060+0000] {logging_mixin.py:188} INFO - [2026-04-21T19:34:36.059+0000] {dagbag.py:538} INFO - Filling up the DagBag from /home/airflow/.local/lib/python3.8/site-packages/airflow/example_dags/example_datasets.py
[2026-04-21T19:34:36.085+0000] {processor.py:840} INFO - DAG(s) 'dataset_consumes_1', 'dataset_consumes_1_never_scheduled', 'dataset_consumes_1_and_2', 'dataset_consumes_unknown_never_scheduled', 'dataset_produces_2', 'dataset_produces_1' retrieved from /home/airflow/.local/lib/python3.8/site-packages/airflow/example_dags/example_datasets.py
[2026-04-21T19:34:36.176+0000] {logging_mixin.py:188} INFO - [2026-04-21T19:34:36.175+0000] {dag.py:3036} INFO - Sync 6 DAGs
[2026-04-21T19:34:36.228+0000] {logging_mixin.py:188} INFO - [2026-04-21T19:34:36.228+0000] {dag.py:3823} INFO - Setting next_dagrun for dataset_consumes_1 to None, run_after=None
[2026-04-21T19:34:36.237+0000] {logging_mixin.py:188} INFO - [2026-04-21T19:34:36.237+0000] {dag.py:3823} INFO - Setting next_dagrun for dataset_consumes_1_and_2 to None, run_after=None
[2026-04-21T19:34:36.241+0000] {logging_mixin.py:188} INFO - [2026-04-21T19:34:36.240+0000] {dag.py:3823} INFO - Setting next_dagrun for dataset_consumes_1_never_scheduled to None, run_after=None
[2026-04-21T19:34:36.245+0000] {logging_mixin.py:188} INFO - [2026-04-21T19:34:36.245+0000] {dag.py:3823} INFO - Setting next_dagrun for dataset_consumes_unknown_never_scheduled to None, run_after=None
[2026-04-21T19:34:36.252+0000] {logging_mixin.py:188} INFO - [2026-04-21T19:34:36.251+0000] {dag.py:3823} INFO - Setting next_dagrun for dataset_produces_1 to 2026-04-20 00:00:00+00:00, run_after=2026-04-21 00:00:00+00:00
[2026-04-21T19:34:36.255+0000] {logging_mixin.py:188} INFO - [2026-04-21T19:34:36.255+0000] {dag.py:3823} INFO - Setting next_dagrun for dataset_produces_2 to None, run_after=None
[2026-04-21T19:34:36.340+0000] {processor.py:183} INFO - Processing /home/airflow/.local/lib/python3.8/site-packages/airflow/example_dags/example_datasets.py took 0.297 seconds
[2026-04-21T19:35:06.557+0000] {processor.py:161} INFO - Started process (PID=242) to work on /home/airflow/.local/lib/python3.8/site-packages/airflow/example_dags/example_datasets.py
[2026-04-21T19:35:06.559+0000] {processor.py:830} INFO - Processing file /home/airflow/.local/lib/python3.8/site-packages/airflow/example_dags/example_datasets.py for tasks to queue
[2026-04-21T19:35:06.562+0000] {logging_mixin.py:188} INFO - [2026-04-21T19:35:06.562+0000] {dagbag.py:538} INFO - Filling up the DagBag from /home/airflow/.local/lib/python3.8/site-packages/airflow/example_dags/example_datasets.py
[2026-04-21T19:35:06.581+0000] {processor.py:840} INFO - DAG(s) 'dataset_produces_1', 'dataset_produces_2', 'dataset_consumes_1_never_scheduled', 'dataset_consumes_1_and_2', 'dataset_consumes_1', 'dataset_consumes_unknown_never_scheduled' retrieved from /home/airflow/.local/lib/python3.8/site-packages/airflow/example_dags/example_datasets.py
[2026-04-21T19:35:06.659+0000] {logging_mixin.py:188} INFO - [2026-04-21T19:35:06.659+0000] {dag.py:3036} INFO - Sync 6 DAGs
[2026-04-21T19:35:06.711+0000] {logging_mixin.py:188} INFO - [2026-04-21T19:35:06.710+0000] {dag.py:3823} INFO - Setting next_dagrun for dataset_consumes_1 to None, run_after=None
[2026-04-21T19:35:06.719+0000] {logging_mixin.py:188} INFO - [2026-04-21T19:35:06.718+0000] {dag.py:3823} INFO - Setting next_dagrun for dataset_consumes_1_and_2 to None, run_after=None
[2026-04-21T19:35:06.725+0000] {logging_mixin.py:188} INFO - [2026-04-21T19:35:06.724+0000] {dag.py:3823} INFO - Setting next_dagrun for dataset_consumes_1_never_scheduled to None, run_after=None
[2026-04-21T19:35:06.729+0000] {logging_mixin.py:188} INFO - [2026-04-21T19:35:06.728+0000] {dag.py:3823} INFO - Setting next_dagrun for dataset_consumes_unknown_never_scheduled to None, run_after=None
[2026-04-21T19:35:06.735+0000] {logging_mixin.py:188} INFO - [2026-04-21T19:35:06.735+0000] {dag.py:3823} INFO - Setting next_dagrun for dataset_produces_1 to 2026-04-20 00:00:00+00:00, run_after=2026-04-21 00:00:00+00:00
[2026-04-21T19:35:06.740+0000] {logging_mixin.py:188} INFO - [2026-04-21T19:35:06.740+0000] {dag.py:3823} INFO - Setting next_dagrun for dataset_produces_2 to None, run_after=None
[2026-04-21T19:35:06.816+0000] {processor.py:183} INFO - Processing /home/airflow/.local/lib/python3.8/site-packages/airflow/example_dags/example_datasets.py took 0.267 seconds
[2026-04-21T19:35:36.985+0000] {processor.py:161} INFO - Started process (PID=300) to work on /home/airflow/.local/lib/python3.8/site-packages/airflow/example_dags/example_datasets.py
[2026-04-21T19:35:36.988+0000] {processor.py:830} INFO - Processing file /home/airflow/.local/lib/python3.8/site-packages/airflow/example_dags/example_datasets.py for tasks to queue
[2026-04-21T19:35:36.991+0000] {logging_mixin.py:188} INFO - [2026-04-21T19:35:36.991+0000] {dagbag.py:538} INFO - Filling up the DagBag from /home/airflow/.local/lib/python3.8/site-packages/airflow/example_dags/example_datasets.py
[2026-04-21T19:35:37.011+0000] {processor.py:840} INFO - DAG(s) 'dataset_consumes_1_and_2', 'dataset_produces_1', 'dataset_consumes_1_never_scheduled', 'dataset_produces_2', 'dataset_consumes_1', 'dataset_consumes_unknown_never_scheduled' retrieved from /home/airflow/.local/lib/python3.8/site-packages/airflow/example_dags/example_datasets.py
[2026-04-21T19:35:37.082+0000] {logging_mixin.py:188} INFO - [2026-04-21T19:35:37.082+0000] {dag.py:3036} INFO - Sync 6 DAGs
[2026-04-21T19:35:37.123+0000] {logging_mixin.py:188} INFO - [2026-04-21T19:35:37.122+0000] {dag.py:3823} INFO - Setting next_dagrun for dataset_consumes_1 to None, run_after=None
[2026-04-21T19:35:37.131+0000] {logging_mixin.py:188} INFO - [2026-04-21T19:35:37.130+0000] {dag.py:3823} INFO - Setting next_dagrun for dataset_consumes_1_and_2 to None, run_after=None
[2026-04-21T19:35:37.136+0000] {logging_mixin.py:188} INFO - [2026-04-21T19:35:37.134+0000] {dag.py:3823} INFO - Setting next_dagrun for dataset_consumes_1_never_scheduled to None, run_after=None
[2026-04-21T19:35:37.140+0000] {logging_mixin.py:188} INFO - [2026-04-21T19:35:37.139+0000] {dag.py:3823} INFO - Setting next_dagrun for dataset_consumes_unknown_never_scheduled to None, run_after=None
[2026-04-21T19:35:37.148+0000] {logging_mixin.py:188} INFO - [2026-04-21T19:35:37.148+0000] {dag.py:3823} INFO - Setting next_dagrun for dataset_produces_1 to 2026-04-20 00:00:00+00:00, run_after=2026-04-21 00:00:00+00:00
[2026-04-21T19:35:37.153+0000] {logging_mixin.py:188} INFO - [2026-04-21T19:35:37.153+0000] {dag.py:3823} INFO - Setting next_dagrun for dataset_produces_2 to None, run_after=None
[2026-04-21T19:35:37.228+0000] {processor.py:183} INFO - Processing /home/airflow/.local/lib/python3.8/site-packages/airflow/example_dags/example_datasets.py took 0.249 seconds
[2026-04-21T19:36:07.675+0000] {processor.py:161} INFO - Started process (PID=357) to work on /home/airflow/.local/lib/python3.8/site-packages/airflow/example_dags/example_datasets.py
[2026-04-21T19:36:07.677+0000] {processor.py:830} INFO - Processing file /home/airflow/.local/lib/python3.8/site-packages/airflow/example_dags/example_datasets.py for tasks to queue
[2026-04-21T19:36:07.679+0000] {logging_mixin.py:188} INFO - [2026-04-21T19:36:07.679+0000] {dagbag.py:538} INFO - Filling up the DagBag from /home/airflow/.local/lib/python3.8/site-packages/airflow/example_dags/example_datasets.py
[2026-04-21T19:36:07.697+0000] {processor.py:840} INFO - DAG(s) 'dataset_consumes_unknown_never_scheduled', 'dataset_produces_2', 'dataset_consumes_1_and_2', 'dataset_consumes_1', 'dataset_produces_1', 'dataset_consumes_1_never_scheduled' retrieved from /home/airflow/.local/lib/python3.8/site-packages/airflow/example_dags/example_datasets.py
[2026-04-21T19:36:07.764+0000] {logging_mixin.py:188} INFO - [2026-04-21T19:36:07.763+0000] {dag.py:3036} INFO - Sync 6 DAGs
[2026-04-21T19:36:07.808+0000] {logging_mixin.py:188} INFO - [2026-04-21T19:36:07.808+0000] {dag.py:3823} INFO - Setting next_dagrun for dataset_consumes_1 to None, run_after=None
[2026-04-21T19:36:07.822+0000] {logging_mixin.py:188} INFO - [2026-04-21T19:36:07.821+0000] {dag.py:3823} INFO - Setting next_dagrun for dataset_consumes_1_and_2 to None, run_after=None
[2026-04-21T19:36:07.825+0000] {logging_mixin.py:188} INFO - [2026-04-21T19:36:07.824+0000] {dag.py:3823} INFO - Setting next_dagrun for dataset_consumes_1_never_scheduled to None, run_after=None
[2026-04-21T19:36:07.829+0000] {logging_mixin.py:188} INFO - [2026-04-21T19:36:07.829+0000] {dag.py:3823} INFO - Setting next_dagrun for dataset_consumes_unknown_never_scheduled to None, run_after=None
[2026-04-21T19:36:07.837+0000] {logging_mixin.py:188} INFO - [2026-04-21T19:36:07.837+0000] {dag.py:3823} INFO - Setting next_dagrun for dataset_produces_1 to 2026-04-20 00:00:00+00:00, run_after=2026-04-21 00:00:00+00:00
[2026-04-21T19:36:07.841+0000] {logging_mixin.py:188} INFO - [2026-04-21T19:36:07.840+0000] {dag.py:3823} INFO - Setting next_dagrun for dataset_produces_2 to None, run_after=None
[2026-04-21T19:36:07.924+0000] {processor.py:183} INFO - Processing /home/airflow/.local/lib/python3.8/site-packages/airflow/example_dags/example_datasets.py took 0.255 seconds
[2026-04-21T19:36:38.276+0000] {processor.py:161} INFO - Started process (PID=415) to work on /home/airflow/.local/lib/python3.8/site-packages/airflow/example_dags/example_datasets.py
[2026-04-21T19:36:38.277+0000] {processor.py:830} INFO - Processing file /home/airflow/.local/lib/python3.8/site-packages/airflow/example_dags/example_datasets.py for tasks to queue
[2026-04-21T19:36:38.280+0000] {logging_mixin.py:188} INFO - [2026-04-21T19:36:38.279+0000] {dagbag.py:538} INFO - Filling up the DagBag from /home/airflow/.local/lib/python3.8/site-packages/airflow/example_dags/example_datasets.py
[2026-04-21T19:36:38.295+0000] {processor.py:840} INFO - DAG(s) 'dataset_consumes_1_and_2', 'dataset_produces_1', 'dataset_consumes_1', 'dataset_consumes_1_never_scheduled', 'dataset_produces_2', 'dataset_consumes_unknown_never_scheduled' retrieved from /home/airflow/.local/lib/python3.8/site-packages/airflow/example_dags/example_datasets.py
[2026-04-21T19:36:38.361+0000] {logging_mixin.py:188} INFO - [2026-04-21T19:36:38.360+0000] {dag.py:3036} INFO - Sync 6 DAGs
[2026-04-21T19:36:38.407+0000] {logging_mixin.py:188} INFO - [2026-04-21T19:36:38.406+0000] {dag.py:3823} INFO - Setting next_dagrun for dataset_consumes_1 to None, run_after=None
[2026-04-21T19:36:38.413+0000] {logging_mixin.py:188} INFO - [2026-04-21T19:36:38.413+0000] {dag.py:3823} INFO - Setting next_dagrun for dataset_consumes_1_and_2 to None, run_after=None
[2026-04-21T19:36:38.418+0000] {logging_mixin.py:188} INFO - [2026-04-21T19:36:38.418+0000] {dag.py:3823} INFO - Setting next_dagrun for dataset_consumes_1_never_scheduled to None, run_after=None
[2026-04-21T19:36:38.423+0000] {logging_mixin.py:188} INFO - [2026-04-21T19:36:38.422+0000] {dag.py:3823} INFO - Setting next_dagrun for dataset_consumes_unknown_never_scheduled to None, run_after=None
[2026-04-21T19:36:38.428+0000] {logging_mixin.py:188} INFO - [2026-04-21T19:36:38.427+0000] {dag.py:3823} INFO - Setting next_dagrun for dataset_produces_1 to 2026-04-20 00:00:00+00:00, run_after=2026-04-21 00:00:00+00:00
[2026-04-21T19:36:38.431+0000] {logging_mixin.py:188} INFO - [2026-04-21T19:36:38.430+0000] {dag.py:3823} INFO - Setting next_dagrun for dataset_produces_2 to None, run_after=None
[2026-04-21T19:36:38.485+0000] {processor.py:183} INFO - Processing /home/airflow/.local/lib/python3.8/site-packages/airflow/example_dags/example_datasets.py took 0.214 seconds
[2026-04-21T19:37:10.272+0000] {processor.py:161} INFO - Started process (PID=472) to work on /home/airflow/.local/lib/python3.8/site-packages/airflow/example_dags/example_datasets.py
[2026-04-21T19:37:10.297+0000] {processor.py:830} INFO - Processing file /home/airflow/.local/lib/python3.8/site-packages/airflow/example_dags/example_datasets.py for tasks to queue
[2026-04-21T19:37:10.332+0000] {logging_mixin.py:188} INFO - [2026-04-21T19:37:10.331+0000] {dagbag.py:538} INFO - Filling up the DagBag from /home/airflow/.local/lib/python3.8/site-packages/airflow/example_dags/example_datasets.py
[2026-04-21T19:37:10.445+0000] {processor.py:840} INFO - DAG(s) 'dataset_consumes_1', 'dataset_consumes_1_never_scheduled', 'dataset_produces_1', 'dataset_consumes_1_and_2', 'dataset_produces_2', 'dataset_consumes_unknown_never_scheduled' retrieved from /home/airflow/.local/lib/python3.8/site-packages/airflow/example_dags/example_datasets.py
[2026-04-21T19:37:10.693+0000] {logging_mixin.py:188} INFO - [2026-04-21T19:37:10.693+0000] {dag.py:3036} INFO - Sync 6 DAGs
[2026-04-21T19:37:10.832+0000] {logging_mixin.py:188} INFO - [2026-04-21T19:37:10.822+0000] {dag.py:3823} INFO - Setting next_dagrun for dataset_consumes_1 to None, run_after=None
[2026-04-21T19:37:10.863+0000] {logging_mixin.py:188} INFO - [2026-04-21T19:37:10.853+0000] {dag.py:3823} INFO - Setting next_dagrun for dataset_consumes_1_and_2 to None, run_after=None
[2026-04-21T19:37:10.870+0000] {logging_mixin.py:188} INFO - [2026-04-21T19:37:10.869+0000] {dag.py:3823} INFO - Setting next_dagrun for dataset_consumes_1_never_scheduled to None, run_after=None
[2026-04-21T19:37:10.884+0000] {logging_mixin.py:188} INFO - [2026-04-21T19:37:10.883+0000] {dag.py:3823} INFO - Setting next_dagrun for dataset_consumes_unknown_never_scheduled to None, run_after=None
[2026-04-21T19:37:10.909+0000] {logging_mixin.py:188} INFO - [2026-04-21T19:37:10.908+0000] {dag.py:3823} INFO - Setting next_dagrun for dataset_produces_1 to 2026-04-20 00:00:00+00:00, run_after=2026-04-21 00:00:00+00:00
[2026-04-21T19:37:10.914+0000] {logging_mixin.py:188} INFO - [2026-04-21T19:37:10.913+0000] {dag.py:3823} INFO - Setting next_dagrun for dataset_produces_2 to None, run_after=None
[2026-04-21T19:37:11.081+0000] {processor.py:183} INFO - Processing /home/airflow/.local/lib/python3.8/site-packages/airflow/example_dags/example_datasets.py took 0.817 seconds
[2026-04-21T19:37:41.378+0000] {processor.py:161} INFO - Started process (PID=530) to work on /home/airflow/.local/lib/python3.8/site-packages/airflow/example_dags/example_datasets.py
[2026-04-21T19:37:41.379+0000] {processor.py:830} INFO - Processing file /home/airflow/.local/lib/python3.8/site-packages/airflow/example_dags/example_datasets.py for tasks to queue
[2026-04-21T19:37:41.381+0000] {logging_mixin.py:188} INFO - [2026-04-21T19:37:41.381+0000] {dagbag.py:538} INFO - Filling up the DagBag from /home/airflow/.local/lib/python3.8/site-packages/airflow/example_dags/example_datasets.py
[2026-04-21T19:37:41.394+0000] {processor.py:840} INFO - DAG(s) 'dataset_consumes_1', 'dataset_produces_1', 'dataset_consumes_unknown_never_scheduled', 'dataset_consumes_1_and_2', 'dataset_produces_2', 'dataset_consumes_1_never_scheduled' retrieved from /home/airflow/.local/lib/python3.8/site-packages/airflow/example_dags/example_datasets.py
[2026-04-21T19:37:41.437+0000] {logging_mixin.py:188} INFO - [2026-04-21T19:37:41.436+0000] {dag.py:3036} INFO - Sync 6 DAGs
[2026-04-21T19:37:41.459+0000] {logging_mixin.py:188} INFO - [2026-04-21T19:37:41.459+0000] {dag.py:3823} INFO - Setting next_dagrun for dataset_consumes_1 to None, run_after=None
[2026-04-21T19:37:41.464+0000] {logging_mixin.py:188} INFO - [2026-04-21T19:37:41.463+0000] {dag.py:3823} INFO - Setting next_dagrun for dataset_consumes_1_and_2 to None, run_after=None
[2026-04-21T19:37:41.466+0000] {logging_mixin.py:188} INFO - [2026-04-21T19:37:41.466+0000] {dag.py:3823} INFO - Setting next_dagrun for dataset_consumes_1_never_scheduled to None, run_after=None
[2026-04-21T19:37:41.469+0000] {logging_mixin.py:188} INFO - [2026-04-21T19:37:41.468+0000] {dag.py:3823} INFO - Setting next_dagrun for dataset_consumes_unknown_never_scheduled to None, run_after=None
[2026-04-21T19:37:41.472+0000] {logging_mixin.py:188} INFO - [2026-04-21T19:37:41.472+0000] {dag.py:3823} INFO - Setting next_dagrun for dataset_produces_1 to 2026-04-20 00:00:00+00:00, run_after=2026-04-21 00:00:00+00:00
[2026-04-21T19:37:41.475+0000] {logging_mixin.py:188} INFO - [2026-04-21T19:37:41.475+0000] {dag.py:3823} INFO - Setting next_dagrun for dataset_produces_2 to None, run_after=None
[2026-04-21T19:37:41.511+0000] {processor.py:183} INFO - Processing /home/airflow/.local/lib/python3.8/site-packages/airflow/example_dags/example_datasets.py took 0.137 seconds
[2026-04-21T19:38:11.883+0000] {processor.py:161} INFO - Started process (PID=586) to work on /home/airflow/.local/lib/python3.8/site-packages/airflow/example_dags/example_datasets.py
[2026-04-21T19:38:11.885+0000] {processor.py:830} INFO - Processing file /home/airflow/.local/lib/python3.8/site-packages/airflow/example_dags/example_datasets.py for tasks to queue
[2026-04-21T19:38:11.886+0000] {logging_mixin.py:188} INFO - [2026-04-21T19:38:11.886+0000] {dagbag.py:538} INFO - Filling up the DagBag from /home/airflow/.local/lib/python3.8/site-packages/airflow/example_dags/example_datasets.py
[2026-04-21T19:38:11.896+0000] {processor.py:840} INFO - DAG(s) 'dataset_consumes_unknown_never_scheduled', 'dataset_produces_2', 'dataset_consumes_1_never_scheduled', 'dataset_consumes_1', 'dataset_consumes_1_and_2', 'dataset_produces_1' retrieved from /home/airflow/.local/lib/python3.8/site-packages/airflow/example_dags/example_datasets.py
[2026-04-21T19:38:11.933+0000] {logging_mixin.py:188} INFO - [2026-04-21T19:38:11.933+0000] {dag.py:3036} INFO - Sync 6 DAGs
[2026-04-21T19:38:11.952+0000] {logging_mixin.py:188} INFO - [2026-04-21T19:38:11.952+0000] {dag.py:3823} INFO - Setting next_dagrun for dataset_consumes_1 to None, run_after=None
[2026-04-21T19:38:11.956+0000] {logging_mixin.py:188} INFO - [2026-04-21T19:38:11.956+0000] {dag.py:3823} INFO - Setting next_dagrun for dataset_consumes_1_and_2 to None, run_after=None
[2026-04-21T19:38:11.958+0000] {logging_mixin.py:188} INFO - [2026-04-21T19:38:11.958+0000] {dag.py:3823} INFO - Setting next_dagrun for dataset_consumes_1_never_scheduled to None, run_after=None
[2026-04-21T19:38:11.961+0000] {logging_mixin.py:188} INFO - [2026-04-21T19:38:11.960+0000] {dag.py:3823} INFO - Setting next_dagrun for dataset_consumes_unknown_never_scheduled to None, run_after=None
[2026-04-21T19:38:11.964+0000] {logging_mixin.py:188} INFO - [2026-04-21T19:38:11.963+0000] {dag.py:3823} INFO - Setting next_dagrun for dataset_produces_1 to 2026-04-20 00:00:00+00:00, run_after=2026-04-21 00:00:00+00:00
[2026-04-21T19:38:11.966+0000] {logging_mixin.py:188} INFO - [2026-04-21T19:38:11.966+0000] {dag.py:3823} INFO - Setting next_dagrun for dataset_produces_2 to None, run_after=None
[2026-04-21T19:38:12.000+0000] {processor.py:183} INFO - Processing /home/airflow/.local/lib/python3.8/site-packages/airflow/example_dags/example_datasets.py took 0.121 seconds
[2026-04-21T19:38:42.330+0000] {processor.py:161} INFO - Started process (PID=643) to work on /home/airflow/.local/lib/python3.8/site-packages/airflow/example_dags/example_datasets.py
[2026-04-21T19:38:42.331+0000] {processor.py:830} INFO - Processing file /home/airflow/.local/lib/python3.8/site-packages/airflow/example_dags/example_datasets.py for tasks to queue
[2026-04-21T19:38:42.335+0000] {logging_mixin.py:188} INFO - [2026-04-21T19:38:42.334+0000] {dagbag.py:538} INFO - Filling up the DagBag from /home/airflow/.local/lib/python3.8/site-packages/airflow/example_dags/example_datasets.py
[2026-04-21T19:38:42.344+0000] {processor.py:840} INFO - DAG(s) 'dataset_consumes_1_and_2', 'dataset_consumes_1', 'dataset_produces_2', 'dataset_consumes_unknown_never_scheduled', 'dataset_consumes_1_never_scheduled', 'dataset_produces_1' retrieved from /home/airflow/.local/lib/python3.8/site-packages/airflow/example_dags/example_datasets.py
[2026-04-21T19:38:42.383+0000] {logging_mixin.py:188} INFO - [2026-04-21T19:38:42.383+0000] {dag.py:3036} INFO - Sync 6 DAGs
[2026-04-21T19:38:42.405+0000] {logging_mixin.py:188} INFO - [2026-04-21T19:38:42.405+0000] {dag.py:3823} INFO - Setting next_dagrun for dataset_consumes_1 to None, run_after=None
[2026-04-21T19:38:42.410+0000] {logging_mixin.py:188} INFO - [2026-04-21T19:38:42.410+0000] {dag.py:3823} INFO - Setting next_dagrun for dataset_consumes_1_and_2 to None, run_after=None
[2026-04-21T19:38:42.412+0000] {logging_mixin.py:188} INFO - [2026-04-21T19:38:42.412+0000] {dag.py:3823} INFO - Setting next_dagrun for dataset_consumes_1_never_scheduled to None, run_after=None
[2026-04-21T19:38:42.414+0000] {logging_mixin.py:188} INFO - [2026-04-21T19:38:42.414+0000] {dag.py:3823} INFO - Setting next_dagrun for dataset_consumes_unknown_never_scheduled to None, run_after=None
[2026-04-21T19:38:42.418+0000] {logging_mixin.py:188} INFO - [2026-04-21T19:38:42.417+0000] {dag.py:3823} INFO - Setting next_dagrun for dataset_produces_1 to 2026-04-20 00:00:00+00:00, run_after=2026-04-21 00:00:00+00:00
[2026-04-21T19:38:42.420+0000] {logging_mixin.py:188} INFO - [2026-04-21T19:38:42.420+0000] {dag.py:3823} INFO - Setting next_dagrun for dataset_produces_2 to None, run_after=None
[2026-04-21T19:38:42.456+0000] {processor.py:183} INFO - Processing /home/airflow/.local/lib/python3.8/site-packages/airflow/example_dags/example_datasets.py took 0.130 seconds
[2026-04-21T19:39:12.976+0000] {processor.py:161} INFO - Started process (PID=700) to work on /home/airflow/.local/lib/python3.8/site-packages/airflow/example_dags/example_datasets.py
[2026-04-21T19:39:12.977+0000] {processor.py:830} INFO - Processing file /home/airflow/.local/lib/python3.8/site-packages/airflow/example_dags/example_datasets.py for tasks to queue
[2026-04-21T19:39:12.979+0000] {logging_mixin.py:188} INFO - [2026-04-21T19:39:12.979+0000] {dagbag.py:538} INFO - Filling up the DagBag from /home/airflow/.local/lib/python3.8/site-packages/airflow/example_dags/example_datasets.py
[2026-04-21T19:39:12.991+0000] {processor.py:840} INFO - DAG(s) 'dataset_consumes_1', 'dataset_consumes_1_never_scheduled', 'dataset_consumes_1_and_2', 'dataset_produces_1', 'dataset_produces_2', 'dataset_consumes_unknown_never_scheduled' retrieved from /home/airflow/.local/lib/python3.8/site-packages/airflow/example_dags/example_datasets.py
[2026-04-21T19:39:13.030+0000] {logging_mixin.py:188} INFO - [2026-04-21T19:39:13.030+0000] {dag.py:3036} INFO - Sync 6 DAGs
[2026-04-21T19:39:13.051+0000] {logging_mixin.py:188} INFO - [2026-04-21T19:39:13.051+0000] {dag.py:3823} INFO - Setting next_dagrun for dataset_consumes_1 to None, run_after=None
[2026-04-21T19:39:13.055+0000] {logging_mixin.py:188} INFO - [2026-04-21T19:39:13.055+0000] {dag.py:3823} INFO - Setting next_dagrun for dataset_consumes_1_and_2 to None, run_after=None
[2026-04-21T19:39:13.057+0000] {logging_mixin.py:188} INFO - [2026-04-21T19:39:13.057+0000] {dag.py:3823} INFO - Setting next_dagrun for dataset_consumes_1_never_scheduled to None, run_after=None
[2026-04-21T19:39:13.059+0000] {logging_mixin.py:188} INFO - [2026-04-21T19:39:13.059+0000] {dag.py:3823} INFO - Setting next_dagrun for dataset_consumes_unknown_never_scheduled to None, run_after=None
[2026-04-21T19:39:13.062+0000] {logging_mixin.py:188} INFO - [2026-04-21T19:39:13.062+0000] {dag.py:3823} INFO - Setting next_dagrun for dataset_produces_1 to 2026-04-20 00:00:00+00:00, run_after=2026-04-21 00:00:00+00:00
[2026-04-21T19:39:13.064+0000] {logging_mixin.py:188} INFO - [2026-04-21T19:39:13.064+0000] {dag.py:3823} INFO - Setting next_dagrun for dataset_produces_2 to None, run_after=None
[2026-04-21T19:39:13.103+0000] {processor.py:183} INFO - Processing /home/airflow/.local/lib/python3.8/site-packages/airflow/example_dags/example_datasets.py took 0.130 seconds
[2026-04-21T19:39:43.562+0000] {processor.py:161} INFO - Started process (PID=757) to work on /home/airflow/.local/lib/python3.8/site-packages/airflow/example_dags/example_datasets.py
[2026-04-21T19:39:43.569+0000] {processor.py:830} INFO - Processing file /home/airflow/.local/lib/python3.8/site-packages/airflow/example_dags/example_datasets.py for tasks to queue
[2026-04-21T19:39:43.573+0000] {logging_mixin.py:188} INFO - [2026-04-21T19:39:43.572+0000] {dagbag.py:538} INFO - Filling up the DagBag from /home/airflow/.local/lib/python3.8/site-packages/airflow/example_dags/example_datasets.py
[2026-04-21T19:39:43.589+0000] {processor.py:840} INFO - DAG(s) 'dataset_produces_2', 'dataset_produces_1', 'dataset_consumes_1', 'dataset_consumes_1_and_2', 'dataset_consumes_unknown_never_scheduled', 'dataset_consumes_1_never_scheduled' retrieved from /home/airflow/.local/lib/python3.8/site-packages/airflow/example_dags/example_datasets.py
[2026-04-21T19:39:43.644+0000] {logging_mixin.py:188} INFO - [2026-04-21T19:39:43.644+0000] {dag.py:3036} INFO - Sync 6 DAGs
[2026-04-21T19:39:43.671+0000] {logging_mixin.py:188} INFO - [2026-04-21T19:39:43.671+0000] {dag.py:3823} INFO - Setting next_dagrun for dataset_consumes_1 to None, run_after=None
[2026-04-21T19:39:43.677+0000] {logging_mixin.py:188} INFO - [2026-04-21T19:39:43.677+0000] {dag.py:3823} INFO - Setting next_dagrun for dataset_consumes_1_and_2 to None, run_after=None
[2026-04-21T19:39:43.679+0000] {logging_mixin.py:188} INFO - [2026-04-21T19:39:43.679+0000] {dag.py:3823} INFO - Setting next_dagrun for dataset_consumes_1_never_scheduled to None, run_after=None
[2026-04-21T19:39:43.682+0000] {logging_mixin.py:188} INFO - [2026-04-21T19:39:43.681+0000] {dag.py:3823} INFO - Setting next_dagrun for dataset_consumes_unknown_never_scheduled to None, run_after=None
[2026-04-21T19:39:43.687+0000] {logging_mixin.py:188} INFO - [2026-04-21T19:39:43.686+0000] {dag.py:3823} INFO - Setting next_dagrun for dataset_produces_1 to 2026-04-20 00:00:00+00:00, run_after=2026-04-21 00:00:00+00:00
[2026-04-21T19:39:43.689+0000] {logging_mixin.py:188} INFO - [2026-04-21T19:39:43.689+0000] {dag.py:3823} INFO - Setting next_dagrun for dataset_produces_2 to None, run_after=None
[2026-04-21T19:39:43.743+0000] {processor.py:183} INFO - Processing /home/airflow/.local/lib/python3.8/site-packages/airflow/example_dags/example_datasets.py took 0.186 seconds
