[2026-04-21T19:33:34.369+0000] {processor.py:161} INFO - Started process (PID=76) to work on /home/airflow/.local/lib/python3.8/site-packages/airflow/example_dags/example_xcomargs.py
[2026-04-21T19:33:34.370+0000] {processor.py:830} INFO - Processing file /home/airflow/.local/lib/python3.8/site-packages/airflow/example_dags/example_xcomargs.py for tasks to queue
[2026-04-21T19:33:34.374+0000] {logging_mixin.py:188} INFO - [2026-04-21T19:33:34.373+0000] {dagbag.py:538} INFO - Filling up the DagBag from /home/airflow/.local/lib/python3.8/site-packages/airflow/example_dags/example_xcomargs.py
[2026-04-21T19:33:34.396+0000] {processor.py:840} INFO - DAG(s) 'example_xcom_args_with_operators', 'example_xcom_args' retrieved from /home/airflow/.local/lib/python3.8/site-packages/airflow/example_dags/example_xcomargs.py
[2026-04-21T19:33:34.446+0000] {logging_mixin.py:188} INFO - [2026-04-21T19:33:34.446+0000] {dag.py:3036} INFO - Sync 2 DAGs
[2026-04-21T19:33:34.471+0000] {logging_mixin.py:188} INFO - [2026-04-21T19:33:34.471+0000] {dag.py:3823} INFO - Setting next_dagrun for example_xcom_args to None, run_after=None
[2026-04-21T19:33:34.477+0000] {logging_mixin.py:188} INFO - [2026-04-21T19:33:34.476+0000] {dag.py:3823} INFO - Setting next_dagrun for example_xcom_args_with_operators to None, run_after=None
[2026-04-21T19:33:34.514+0000] {processor.py:183} INFO - Processing /home/airflow/.local/lib/python3.8/site-packages/airflow/example_dags/example_xcomargs.py took 0.151 seconds
[2026-04-21T19:34:06.352+0000] {processor.py:161} INFO - Started process (PID=133) to work on /home/airflow/.local/lib/python3.8/site-packages/airflow/example_dags/example_xcomargs.py
[2026-04-21T19:34:06.356+0000] {processor.py:830} INFO - Processing file /home/airflow/.local/lib/python3.8/site-packages/airflow/example_dags/example_xcomargs.py for tasks to queue
[2026-04-21T19:34:06.360+0000] {logging_mixin.py:188} INFO - [2026-04-21T19:34:06.359+0000] {dagbag.py:538} INFO - Filling up the DagBag from /home/airflow/.local/lib/python3.8/site-packages/airflow/example_dags/example_xcomargs.py
[2026-04-21T19:34:06.378+0000] {processor.py:840} INFO - DAG(s) 'example_xcom_args', 'example_xcom_args_with_operators' retrieved from /home/airflow/.local/lib/python3.8/site-packages/airflow/example_dags/example_xcomargs.py
[2026-04-21T19:34:06.432+0000] {logging_mixin.py:188} INFO - [2026-04-21T19:34:06.431+0000] {dag.py:3036} INFO - Sync 2 DAGs
[2026-04-21T19:34:06.464+0000] {logging_mixin.py:188} INFO - [2026-04-21T19:34:06.463+0000] {dag.py:3823} INFO - Setting next_dagrun for example_xcom_args to None, run_after=None
[2026-04-21T19:34:06.475+0000] {logging_mixin.py:188} INFO - [2026-04-21T19:34:06.474+0000] {dag.py:3823} INFO - Setting next_dagrun for example_xcom_args_with_operators to None, run_after=None
[2026-04-21T19:34:06.514+0000] {processor.py:183} INFO - Processing /home/airflow/.local/lib/python3.8/site-packages/airflow/example_dags/example_xcomargs.py took 0.168 seconds
[2026-04-21T19:34:37.326+0000] {processor.py:161} INFO - Started process (PID=190) to work on /home/airflow/.local/lib/python3.8/site-packages/airflow/example_dags/example_xcomargs.py
[2026-04-21T19:34:37.328+0000] {processor.py:830} INFO - Processing file /home/airflow/.local/lib/python3.8/site-packages/airflow/example_dags/example_xcomargs.py for tasks to queue
[2026-04-21T19:34:37.332+0000] {logging_mixin.py:188} INFO - [2026-04-21T19:34:37.332+0000] {dagbag.py:538} INFO - Filling up the DagBag from /home/airflow/.local/lib/python3.8/site-packages/airflow/example_dags/example_xcomargs.py
[2026-04-21T19:34:37.359+0000] {processor.py:840} INFO - DAG(s) 'example_xcom_args_with_operators', 'example_xcom_args' retrieved from /home/airflow/.local/lib/python3.8/site-packages/airflow/example_dags/example_xcomargs.py
[2026-04-21T19:34:37.415+0000] {logging_mixin.py:188} INFO - [2026-04-21T19:34:37.415+0000] {dag.py:3036} INFO - Sync 2 DAGs
[2026-04-21T19:34:37.446+0000] {logging_mixin.py:188} INFO - [2026-04-21T19:34:37.446+0000] {dag.py:3823} INFO - Setting next_dagrun for example_xcom_args to None, run_after=None
[2026-04-21T19:34:37.458+0000] {logging_mixin.py:188} INFO - [2026-04-21T19:34:37.458+0000] {dag.py:3823} INFO - Setting next_dagrun for example_xcom_args_with_operators to None, run_after=None
[2026-04-21T19:34:37.508+0000] {processor.py:183} INFO - Processing /home/airflow/.local/lib/python3.8/site-packages/airflow/example_dags/example_xcomargs.py took 0.195 seconds
[2026-04-21T19:35:07.650+0000] {processor.py:161} INFO - Started process (PID=248) to work on /home/airflow/.local/lib/python3.8/site-packages/airflow/example_dags/example_xcomargs.py
[2026-04-21T19:35:07.653+0000] {processor.py:830} INFO - Processing file /home/airflow/.local/lib/python3.8/site-packages/airflow/example_dags/example_xcomargs.py for tasks to queue
[2026-04-21T19:35:07.657+0000] {logging_mixin.py:188} INFO - [2026-04-21T19:35:07.656+0000] {dagbag.py:538} INFO - Filling up the DagBag from /home/airflow/.local/lib/python3.8/site-packages/airflow/example_dags/example_xcomargs.py
[2026-04-21T19:35:07.676+0000] {processor.py:840} INFO - DAG(s) 'example_xcom_args', 'example_xcom_args_with_operators' retrieved from /home/airflow/.local/lib/python3.8/site-packages/airflow/example_dags/example_xcomargs.py
[2026-04-21T19:35:07.739+0000] {logging_mixin.py:188} INFO - [2026-04-21T19:35:07.739+0000] {dag.py:3036} INFO - Sync 2 DAGs
[2026-04-21T19:35:07.768+0000] {logging_mixin.py:188} INFO - [2026-04-21T19:35:07.767+0000] {dag.py:3823} INFO - Setting next_dagrun for example_xcom_args to None, run_after=None
[2026-04-21T19:35:07.778+0000] {logging_mixin.py:188} INFO - [2026-04-21T19:35:07.776+0000] {dag.py:3823} INFO - Setting next_dagrun for example_xcom_args_with_operators to None, run_after=None
[2026-04-21T19:35:07.813+0000] {processor.py:183} INFO - Processing /home/airflow/.local/lib/python3.8/site-packages/airflow/example_dags/example_xcomargs.py took 0.170 seconds
[2026-04-21T19:35:38.145+0000] {processor.py:161} INFO - Started process (PID=306) to work on /home/airflow/.local/lib/python3.8/site-packages/airflow/example_dags/example_xcomargs.py
[2026-04-21T19:35:38.147+0000] {processor.py:830} INFO - Processing file /home/airflow/.local/lib/python3.8/site-packages/airflow/example_dags/example_xcomargs.py for tasks to queue
[2026-04-21T19:35:38.152+0000] {logging_mixin.py:188} INFO - [2026-04-21T19:35:38.150+0000] {dagbag.py:538} INFO - Filling up the DagBag from /home/airflow/.local/lib/python3.8/site-packages/airflow/example_dags/example_xcomargs.py
[2026-04-21T19:35:38.176+0000] {processor.py:840} INFO - DAG(s) 'example_xcom_args_with_operators', 'example_xcom_args' retrieved from /home/airflow/.local/lib/python3.8/site-packages/airflow/example_dags/example_xcomargs.py
[2026-04-21T19:35:38.228+0000] {logging_mixin.py:188} INFO - [2026-04-21T19:35:38.228+0000] {dag.py:3036} INFO - Sync 2 DAGs
[2026-04-21T19:35:38.260+0000] {logging_mixin.py:188} INFO - [2026-04-21T19:35:38.260+0000] {dag.py:3823} INFO - Setting next_dagrun for example_xcom_args to None, run_after=None
[2026-04-21T19:35:38.271+0000] {logging_mixin.py:188} INFO - [2026-04-21T19:35:38.270+0000] {dag.py:3823} INFO - Setting next_dagrun for example_xcom_args_with_operators to None, run_after=None
[2026-04-21T19:35:38.310+0000] {processor.py:183} INFO - Processing /home/airflow/.local/lib/python3.8/site-packages/airflow/example_dags/example_xcomargs.py took 0.173 seconds
[2026-04-21T19:36:08.453+0000] {processor.py:161} INFO - Started process (PID=363) to work on /home/airflow/.local/lib/python3.8/site-packages/airflow/example_dags/example_xcomargs.py
[2026-04-21T19:36:08.455+0000] {processor.py:830} INFO - Processing file /home/airflow/.local/lib/python3.8/site-packages/airflow/example_dags/example_xcomargs.py for tasks to queue
[2026-04-21T19:36:08.458+0000] {logging_mixin.py:188} INFO - [2026-04-21T19:36:08.458+0000] {dagbag.py:538} INFO - Filling up the DagBag from /home/airflow/.local/lib/python3.8/site-packages/airflow/example_dags/example_xcomargs.py
[2026-04-21T19:36:08.476+0000] {processor.py:840} INFO - DAG(s) 'example_xcom_args', 'example_xcom_args_with_operators' retrieved from /home/airflow/.local/lib/python3.8/site-packages/airflow/example_dags/example_xcomargs.py
[2026-04-21T19:36:08.522+0000] {logging_mixin.py:188} INFO - [2026-04-21T19:36:08.522+0000] {dag.py:3036} INFO - Sync 2 DAGs
[2026-04-21T19:36:08.555+0000] {logging_mixin.py:188} INFO - [2026-04-21T19:36:08.554+0000] {dag.py:3823} INFO - Setting next_dagrun for example_xcom_args to None, run_after=None
[2026-04-21T19:36:08.565+0000] {logging_mixin.py:188} INFO - [2026-04-21T19:36:08.564+0000] {dag.py:3823} INFO - Setting next_dagrun for example_xcom_args_with_operators to None, run_after=None
[2026-04-21T19:36:08.607+0000] {processor.py:183} INFO - Processing /home/airflow/.local/lib/python3.8/site-packages/airflow/example_dags/example_xcomargs.py took 0.161 seconds
[2026-04-21T19:36:38.687+0000] {processor.py:161} INFO - Started process (PID=420) to work on /home/airflow/.local/lib/python3.8/site-packages/airflow/example_dags/example_xcomargs.py
[2026-04-21T19:36:38.688+0000] {processor.py:830} INFO - Processing file /home/airflow/.local/lib/python3.8/site-packages/airflow/example_dags/example_xcomargs.py for tasks to queue
[2026-04-21T19:36:38.691+0000] {logging_mixin.py:188} INFO - [2026-04-21T19:36:38.691+0000] {dagbag.py:538} INFO - Filling up the DagBag from /home/airflow/.local/lib/python3.8/site-packages/airflow/example_dags/example_xcomargs.py
[2026-04-21T19:36:38.705+0000] {processor.py:840} INFO - DAG(s) 'example_xcom_args', 'example_xcom_args_with_operators' retrieved from /home/airflow/.local/lib/python3.8/site-packages/airflow/example_dags/example_xcomargs.py
[2026-04-21T19:36:38.748+0000] {logging_mixin.py:188} INFO - [2026-04-21T19:36:38.747+0000] {dag.py:3036} INFO - Sync 2 DAGs
[2026-04-21T19:36:38.772+0000] {logging_mixin.py:188} INFO - [2026-04-21T19:36:38.771+0000] {dag.py:3823} INFO - Setting next_dagrun for example_xcom_args to None, run_after=None
[2026-04-21T19:36:38.777+0000] {logging_mixin.py:188} INFO - [2026-04-21T19:36:38.776+0000] {dag.py:3823} INFO - Setting next_dagrun for example_xcom_args_with_operators to None, run_after=None
[2026-04-21T19:36:38.803+0000] {processor.py:183} INFO - Processing /home/airflow/.local/lib/python3.8/site-packages/airflow/example_dags/example_xcomargs.py took 0.122 seconds
[2026-04-21T19:37:11.813+0000] {processor.py:161} INFO - Started process (PID=477) to work on /home/airflow/.local/lib/python3.8/site-packages/airflow/example_dags/example_xcomargs.py
[2026-04-21T19:37:11.824+0000] {processor.py:830} INFO - Processing file /home/airflow/.local/lib/python3.8/site-packages/airflow/example_dags/example_xcomargs.py for tasks to queue
[2026-04-21T19:37:11.828+0000] {logging_mixin.py:188} INFO - [2026-04-21T19:37:11.828+0000] {dagbag.py:538} INFO - Filling up the DagBag from /home/airflow/.local/lib/python3.8/site-packages/airflow/example_dags/example_xcomargs.py
[2026-04-21T19:37:11.863+0000] {processor.py:840} INFO - DAG(s) 'example_xcom_args', 'example_xcom_args_with_operators' retrieved from /home/airflow/.local/lib/python3.8/site-packages/airflow/example_dags/example_xcomargs.py
[2026-04-21T19:37:11.954+0000] {logging_mixin.py:188} INFO - [2026-04-21T19:37:11.953+0000] {dag.py:3036} INFO - Sync 2 DAGs
[2026-04-21T19:37:11.996+0000] {logging_mixin.py:188} INFO - [2026-04-21T19:37:11.996+0000] {dag.py:3823} INFO - Setting next_dagrun for example_xcom_args to None, run_after=None
[2026-04-21T19:37:12.011+0000] {logging_mixin.py:188} INFO - [2026-04-21T19:37:12.010+0000] {dag.py:3823} INFO - Setting next_dagrun for example_xcom_args_with_operators to None, run_after=None
[2026-04-21T19:37:12.077+0000] {processor.py:183} INFO - Processing /home/airflow/.local/lib/python3.8/site-packages/airflow/example_dags/example_xcomargs.py took 0.274 seconds
[2026-04-21T19:37:42.853+0000] {processor.py:161} INFO - Started process (PID=534) to work on /home/airflow/.local/lib/python3.8/site-packages/airflow/example_dags/example_xcomargs.py
[2026-04-21T19:37:42.854+0000] {processor.py:830} INFO - Processing file /home/airflow/.local/lib/python3.8/site-packages/airflow/example_dags/example_xcomargs.py for tasks to queue
[2026-04-21T19:37:42.856+0000] {logging_mixin.py:188} INFO - [2026-04-21T19:37:42.856+0000] {dagbag.py:538} INFO - Filling up the DagBag from /home/airflow/.local/lib/python3.8/site-packages/airflow/example_dags/example_xcomargs.py
[2026-04-21T19:37:42.867+0000] {processor.py:840} INFO - DAG(s) 'example_xcom_args_with_operators', 'example_xcom_args' retrieved from /home/airflow/.local/lib/python3.8/site-packages/airflow/example_dags/example_xcomargs.py
[2026-04-21T19:37:42.904+0000] {logging_mixin.py:188} INFO - [2026-04-21T19:37:42.904+0000] {dag.py:3036} INFO - Sync 2 DAGs
[2026-04-21T19:37:42.920+0000] {logging_mixin.py:188} INFO - [2026-04-21T19:37:42.920+0000] {dag.py:3823} INFO - Setting next_dagrun for example_xcom_args to None, run_after=None
[2026-04-21T19:37:42.925+0000] {logging_mixin.py:188} INFO - [2026-04-21T19:37:42.924+0000] {dag.py:3823} INFO - Setting next_dagrun for example_xcom_args_with_operators to None, run_after=None
[2026-04-21T19:37:42.961+0000] {processor.py:183} INFO - Processing /home/airflow/.local/lib/python3.8/site-packages/airflow/example_dags/example_xcomargs.py took 0.113 seconds
[2026-04-21T19:38:13.284+0000] {processor.py:161} INFO - Started process (PID=591) to work on /home/airflow/.local/lib/python3.8/site-packages/airflow/example_dags/example_xcomargs.py
[2026-04-21T19:38:13.285+0000] {processor.py:830} INFO - Processing file /home/airflow/.local/lib/python3.8/site-packages/airflow/example_dags/example_xcomargs.py for tasks to queue
[2026-04-21T19:38:13.287+0000] {logging_mixin.py:188} INFO - [2026-04-21T19:38:13.287+0000] {dagbag.py:538} INFO - Filling up the DagBag from /home/airflow/.local/lib/python3.8/site-packages/airflow/example_dags/example_xcomargs.py
[2026-04-21T19:38:13.298+0000] {processor.py:840} INFO - DAG(s) 'example_xcom_args', 'example_xcom_args_with_operators' retrieved from /home/airflow/.local/lib/python3.8/site-packages/airflow/example_dags/example_xcomargs.py
[2026-04-21T19:38:13.330+0000] {logging_mixin.py:188} INFO - [2026-04-21T19:38:13.330+0000] {dag.py:3036} INFO - Sync 2 DAGs
[2026-04-21T19:38:13.355+0000] {logging_mixin.py:188} INFO - [2026-04-21T19:38:13.355+0000] {dag.py:3823} INFO - Setting next_dagrun for example_xcom_args to None, run_after=None
[2026-04-21T19:38:13.362+0000] {logging_mixin.py:188} INFO - [2026-04-21T19:38:13.362+0000] {dag.py:3823} INFO - Setting next_dagrun for example_xcom_args_with_operators to None, run_after=None
[2026-04-21T19:38:13.390+0000] {processor.py:183} INFO - Processing /home/airflow/.local/lib/python3.8/site-packages/airflow/example_dags/example_xcomargs.py took 0.110 seconds
[2026-04-21T19:38:43.626+0000] {processor.py:161} INFO - Started process (PID=648) to work on /home/airflow/.local/lib/python3.8/site-packages/airflow/example_dags/example_xcomargs.py
[2026-04-21T19:38:43.627+0000] {processor.py:830} INFO - Processing file /home/airflow/.local/lib/python3.8/site-packages/airflow/example_dags/example_xcomargs.py for tasks to queue
[2026-04-21T19:38:43.629+0000] {logging_mixin.py:188} INFO - [2026-04-21T19:38:43.629+0000] {dagbag.py:538} INFO - Filling up the DagBag from /home/airflow/.local/lib/python3.8/site-packages/airflow/example_dags/example_xcomargs.py
[2026-04-21T19:38:43.640+0000] {processor.py:840} INFO - DAG(s) 'example_xcom_args_with_operators', 'example_xcom_args' retrieved from /home/airflow/.local/lib/python3.8/site-packages/airflow/example_dags/example_xcomargs.py
[2026-04-21T19:38:43.670+0000] {logging_mixin.py:188} INFO - [2026-04-21T19:38:43.669+0000] {dag.py:3036} INFO - Sync 2 DAGs
[2026-04-21T19:38:43.681+0000] {logging_mixin.py:188} INFO - [2026-04-21T19:38:43.681+0000] {dag.py:3823} INFO - Setting next_dagrun for example_xcom_args to None, run_after=None
[2026-04-21T19:38:43.686+0000] {logging_mixin.py:188} INFO - [2026-04-21T19:38:43.686+0000] {dag.py:3823} INFO - Setting next_dagrun for example_xcom_args_with_operators to None, run_after=None
[2026-04-21T19:38:43.709+0000] {processor.py:183} INFO - Processing /home/airflow/.local/lib/python3.8/site-packages/airflow/example_dags/example_xcomargs.py took 0.086 seconds
[2026-04-21T19:39:14.274+0000] {processor.py:161} INFO - Started process (PID=706) to work on /home/airflow/.local/lib/python3.8/site-packages/airflow/example_dags/example_xcomargs.py
[2026-04-21T19:39:14.275+0000] {processor.py:830} INFO - Processing file /home/airflow/.local/lib/python3.8/site-packages/airflow/example_dags/example_xcomargs.py for tasks to queue
[2026-04-21T19:39:14.277+0000] {logging_mixin.py:188} INFO - [2026-04-21T19:39:14.277+0000] {dagbag.py:538} INFO - Filling up the DagBag from /home/airflow/.local/lib/python3.8/site-packages/airflow/example_dags/example_xcomargs.py
[2026-04-21T19:39:14.287+0000] {processor.py:840} INFO - DAG(s) 'example_xcom_args', 'example_xcom_args_with_operators' retrieved from /home/airflow/.local/lib/python3.8/site-packages/airflow/example_dags/example_xcomargs.py
[2026-04-21T19:39:14.314+0000] {logging_mixin.py:188} INFO - [2026-04-21T19:39:14.313+0000] {dag.py:3036} INFO - Sync 2 DAGs
[2026-04-21T19:39:14.336+0000] {logging_mixin.py:188} INFO - [2026-04-21T19:39:14.336+0000] {dag.py:3823} INFO - Setting next_dagrun for example_xcom_args to None, run_after=None
[2026-04-21T19:39:14.341+0000] {logging_mixin.py:188} INFO - [2026-04-21T19:39:14.341+0000] {dag.py:3823} INFO - Setting next_dagrun for example_xcom_args_with_operators to None, run_after=None
[2026-04-21T19:39:14.368+0000] {processor.py:183} INFO - Processing /home/airflow/.local/lib/python3.8/site-packages/airflow/example_dags/example_xcomargs.py took 0.097 seconds
[2026-04-21T19:39:44.941+0000] {processor.py:161} INFO - Started process (PID=763) to work on /home/airflow/.local/lib/python3.8/site-packages/airflow/example_dags/example_xcomargs.py
[2026-04-21T19:39:44.942+0000] {processor.py:830} INFO - Processing file /home/airflow/.local/lib/python3.8/site-packages/airflow/example_dags/example_xcomargs.py for tasks to queue
[2026-04-21T19:39:44.944+0000] {logging_mixin.py:188} INFO - [2026-04-21T19:39:44.944+0000] {dagbag.py:538} INFO - Filling up the DagBag from /home/airflow/.local/lib/python3.8/site-packages/airflow/example_dags/example_xcomargs.py
[2026-04-21T19:39:44.955+0000] {processor.py:840} INFO - DAG(s) 'example_xcom_args_with_operators', 'example_xcom_args' retrieved from /home/airflow/.local/lib/python3.8/site-packages/airflow/example_dags/example_xcomargs.py
[2026-04-21T19:39:44.980+0000] {logging_mixin.py:188} INFO - [2026-04-21T19:39:44.980+0000] {dag.py:3036} INFO - Sync 2 DAGs
[2026-04-21T19:39:44.993+0000] {logging_mixin.py:188} INFO - [2026-04-21T19:39:44.993+0000] {dag.py:3823} INFO - Setting next_dagrun for example_xcom_args to None, run_after=None
[2026-04-21T19:39:44.999+0000] {logging_mixin.py:188} INFO - [2026-04-21T19:39:44.998+0000] {dag.py:3823} INFO - Setting next_dagrun for example_xcom_args_with_operators to None, run_after=None
[2026-04-21T19:39:45.021+0000] {processor.py:183} INFO - Processing /home/airflow/.local/lib/python3.8/site-packages/airflow/example_dags/example_xcomargs.py took 0.083 seconds
