[2026-04-21T19:33:33.129+0000] {processor.py:161} INFO - Started process (PID=68) to work on /home/airflow/.local/lib/python3.8/site-packages/airflow/example_dags/example_branch_operator.py
[2026-04-21T19:33:33.132+0000] {processor.py:830} INFO - Processing file /home/airflow/.local/lib/python3.8/site-packages/airflow/example_dags/example_branch_operator.py for tasks to queue
[2026-04-21T19:33:33.138+0000] {logging_mixin.py:188} INFO - [2026-04-21T19:33:33.137+0000] {dagbag.py:538} INFO - Filling up the DagBag from /home/airflow/.local/lib/python3.8/site-packages/airflow/example_dags/example_branch_operator.py
[2026-04-21T19:33:33.218+0000] {processor.py:840} INFO - DAG(s) 'example_branch_operator' retrieved from /home/airflow/.local/lib/python3.8/site-packages/airflow/example_dags/example_branch_operator.py
[2026-04-21T19:33:33.613+0000] {logging_mixin.py:188} INFO - [2026-04-21T19:33:33.613+0000] {dag.py:3036} INFO - Sync 1 DAGs
[2026-04-21T19:33:33.658+0000] {logging_mixin.py:188} INFO - [2026-04-21T19:33:33.658+0000] {dag.py:3823} INFO - Setting next_dagrun for example_branch_operator to 2026-04-20 00:00:00+00:00, run_after=2026-04-21 00:00:00+00:00
[2026-04-21T19:33:33.694+0000] {processor.py:183} INFO - Processing /home/airflow/.local/lib/python3.8/site-packages/airflow/example_dags/example_branch_operator.py took 0.593 seconds
[2026-04-21T19:34:04.347+0000] {processor.py:161} INFO - Started process (PID=125) to work on /home/airflow/.local/lib/python3.8/site-packages/airflow/example_dags/example_branch_operator.py
[2026-04-21T19:34:04.350+0000] {processor.py:830} INFO - Processing file /home/airflow/.local/lib/python3.8/site-packages/airflow/example_dags/example_branch_operator.py for tasks to queue
[2026-04-21T19:34:04.354+0000] {logging_mixin.py:188} INFO - [2026-04-21T19:34:04.353+0000] {dagbag.py:538} INFO - Filling up the DagBag from /home/airflow/.local/lib/python3.8/site-packages/airflow/example_dags/example_branch_operator.py
[2026-04-21T19:34:04.400+0000] {processor.py:840} INFO - DAG(s) 'example_branch_operator' retrieved from /home/airflow/.local/lib/python3.8/site-packages/airflow/example_dags/example_branch_operator.py
[2026-04-21T19:34:04.472+0000] {logging_mixin.py:188} INFO - [2026-04-21T19:34:04.471+0000] {dag.py:3036} INFO - Sync 1 DAGs
[2026-04-21T19:34:04.538+0000] {logging_mixin.py:188} INFO - [2026-04-21T19:34:04.537+0000] {dag.py:3823} INFO - Setting next_dagrun for example_branch_operator to 2026-04-20 00:00:00+00:00, run_after=2026-04-21 00:00:00+00:00
[2026-04-21T19:34:04.587+0000] {processor.py:183} INFO - Processing /home/airflow/.local/lib/python3.8/site-packages/airflow/example_dags/example_branch_operator.py took 0.247 seconds
[2026-04-21T19:34:34.777+0000] {processor.py:161} INFO - Started process (PID=182) to work on /home/airflow/.local/lib/python3.8/site-packages/airflow/example_dags/example_branch_operator.py
[2026-04-21T19:34:34.779+0000] {processor.py:830} INFO - Processing file /home/airflow/.local/lib/python3.8/site-packages/airflow/example_dags/example_branch_operator.py for tasks to queue
[2026-04-21T19:34:34.782+0000] {logging_mixin.py:188} INFO - [2026-04-21T19:34:34.782+0000] {dagbag.py:538} INFO - Filling up the DagBag from /home/airflow/.local/lib/python3.8/site-packages/airflow/example_dags/example_branch_operator.py
[2026-04-21T19:34:34.818+0000] {processor.py:840} INFO - DAG(s) 'example_branch_operator' retrieved from /home/airflow/.local/lib/python3.8/site-packages/airflow/example_dags/example_branch_operator.py
[2026-04-21T19:34:34.872+0000] {logging_mixin.py:188} INFO - [2026-04-21T19:34:34.872+0000] {dag.py:3036} INFO - Sync 1 DAGs
[2026-04-21T19:34:34.920+0000] {logging_mixin.py:188} INFO - [2026-04-21T19:34:34.920+0000] {dag.py:3823} INFO - Setting next_dagrun for example_branch_operator to 2026-04-20 00:00:00+00:00, run_after=2026-04-21 00:00:00+00:00
[2026-04-21T19:34:34.958+0000] {processor.py:183} INFO - Processing /home/airflow/.local/lib/python3.8/site-packages/airflow/example_dags/example_branch_operator.py took 0.188 seconds
[2026-04-21T19:35:05.054+0000] {processor.py:161} INFO - Started process (PID=240) to work on /home/airflow/.local/lib/python3.8/site-packages/airflow/example_dags/example_branch_operator.py
[2026-04-21T19:35:05.056+0000] {processor.py:830} INFO - Processing file /home/airflow/.local/lib/python3.8/site-packages/airflow/example_dags/example_branch_operator.py for tasks to queue
[2026-04-21T19:35:05.060+0000] {logging_mixin.py:188} INFO - [2026-04-21T19:35:05.059+0000] {dagbag.py:538} INFO - Filling up the DagBag from /home/airflow/.local/lib/python3.8/site-packages/airflow/example_dags/example_branch_operator.py
[2026-04-21T19:35:05.094+0000] {processor.py:840} INFO - DAG(s) 'example_branch_operator' retrieved from /home/airflow/.local/lib/python3.8/site-packages/airflow/example_dags/example_branch_operator.py
[2026-04-21T19:35:05.146+0000] {logging_mixin.py:188} INFO - [2026-04-21T19:35:05.146+0000] {dag.py:3036} INFO - Sync 1 DAGs
[2026-04-21T19:35:05.190+0000] {logging_mixin.py:188} INFO - [2026-04-21T19:35:05.190+0000] {dag.py:3823} INFO - Setting next_dagrun for example_branch_operator to 2026-04-20 00:00:00+00:00, run_after=2026-04-21 00:00:00+00:00
[2026-04-21T19:35:05.228+0000] {processor.py:183} INFO - Processing /home/airflow/.local/lib/python3.8/site-packages/airflow/example_dags/example_branch_operator.py took 0.180 seconds
[2026-04-21T19:35:35.449+0000] {processor.py:161} INFO - Started process (PID=298) to work on /home/airflow/.local/lib/python3.8/site-packages/airflow/example_dags/example_branch_operator.py
[2026-04-21T19:35:35.451+0000] {processor.py:830} INFO - Processing file /home/airflow/.local/lib/python3.8/site-packages/airflow/example_dags/example_branch_operator.py for tasks to queue
[2026-04-21T19:35:35.461+0000] {logging_mixin.py:188} INFO - [2026-04-21T19:35:35.460+0000] {dagbag.py:538} INFO - Filling up the DagBag from /home/airflow/.local/lib/python3.8/site-packages/airflow/example_dags/example_branch_operator.py
[2026-04-21T19:35:35.507+0000] {processor.py:840} INFO - DAG(s) 'example_branch_operator' retrieved from /home/airflow/.local/lib/python3.8/site-packages/airflow/example_dags/example_branch_operator.py
[2026-04-21T19:35:35.579+0000] {logging_mixin.py:188} INFO - [2026-04-21T19:35:35.577+0000] {dag.py:3036} INFO - Sync 1 DAGs
[2026-04-21T19:35:35.644+0000] {logging_mixin.py:188} INFO - [2026-04-21T19:35:35.643+0000] {dag.py:3823} INFO - Setting next_dagrun for example_branch_operator to 2026-04-20 00:00:00+00:00, run_after=2026-04-21 00:00:00+00:00
[2026-04-21T19:35:35.696+0000] {processor.py:183} INFO - Processing /home/airflow/.local/lib/python3.8/site-packages/airflow/example_dags/example_branch_operator.py took 0.262 seconds
[2026-04-21T19:36:06.443+0000] {processor.py:161} INFO - Started process (PID=355) to work on /home/airflow/.local/lib/python3.8/site-packages/airflow/example_dags/example_branch_operator.py
[2026-04-21T19:36:06.445+0000] {processor.py:830} INFO - Processing file /home/airflow/.local/lib/python3.8/site-packages/airflow/example_dags/example_branch_operator.py for tasks to queue
[2026-04-21T19:36:06.449+0000] {logging_mixin.py:188} INFO - [2026-04-21T19:36:06.448+0000] {dagbag.py:538} INFO - Filling up the DagBag from /home/airflow/.local/lib/python3.8/site-packages/airflow/example_dags/example_branch_operator.py
[2026-04-21T19:36:06.485+0000] {processor.py:840} INFO - DAG(s) 'example_branch_operator' retrieved from /home/airflow/.local/lib/python3.8/site-packages/airflow/example_dags/example_branch_operator.py
[2026-04-21T19:36:06.539+0000] {logging_mixin.py:188} INFO - [2026-04-21T19:36:06.538+0000] {dag.py:3036} INFO - Sync 1 DAGs
[2026-04-21T19:36:06.583+0000] {logging_mixin.py:188} INFO - [2026-04-21T19:36:06.583+0000] {dag.py:3823} INFO - Setting next_dagrun for example_branch_operator to 2026-04-20 00:00:00+00:00, run_after=2026-04-21 00:00:00+00:00
[2026-04-21T19:36:06.626+0000] {processor.py:183} INFO - Processing /home/airflow/.local/lib/python3.8/site-packages/airflow/example_dags/example_branch_operator.py took 0.189 seconds
[2026-04-21T19:36:37.033+0000] {processor.py:161} INFO - Started process (PID=413) to work on /home/airflow/.local/lib/python3.8/site-packages/airflow/example_dags/example_branch_operator.py
[2026-04-21T19:36:37.037+0000] {processor.py:830} INFO - Processing file /home/airflow/.local/lib/python3.8/site-packages/airflow/example_dags/example_branch_operator.py for tasks to queue
[2026-04-21T19:36:37.041+0000] {logging_mixin.py:188} INFO - [2026-04-21T19:36:37.040+0000] {dagbag.py:538} INFO - Filling up the DagBag from /home/airflow/.local/lib/python3.8/site-packages/airflow/example_dags/example_branch_operator.py
[2026-04-21T19:36:37.076+0000] {processor.py:840} INFO - DAG(s) 'example_branch_operator' retrieved from /home/airflow/.local/lib/python3.8/site-packages/airflow/example_dags/example_branch_operator.py
[2026-04-21T19:36:37.130+0000] {logging_mixin.py:188} INFO - [2026-04-21T19:36:37.130+0000] {dag.py:3036} INFO - Sync 1 DAGs
[2026-04-21T19:36:37.177+0000] {logging_mixin.py:188} INFO - [2026-04-21T19:36:37.177+0000] {dag.py:3823} INFO - Setting next_dagrun for example_branch_operator to 2026-04-20 00:00:00+00:00, run_after=2026-04-21 00:00:00+00:00
[2026-04-21T19:36:37.212+0000] {processor.py:183} INFO - Processing /home/airflow/.local/lib/python3.8/site-packages/airflow/example_dags/example_branch_operator.py took 0.185 seconds
[2026-04-21T19:37:09.654+0000] {processor.py:161} INFO - Started process (PID=470) to work on /home/airflow/.local/lib/python3.8/site-packages/airflow/example_dags/example_branch_operator.py
[2026-04-21T19:37:09.660+0000] {processor.py:830} INFO - Processing file /home/airflow/.local/lib/python3.8/site-packages/airflow/example_dags/example_branch_operator.py for tasks to queue
[2026-04-21T19:37:09.667+0000] {logging_mixin.py:188} INFO - [2026-04-21T19:37:09.665+0000] {dagbag.py:538} INFO - Filling up the DagBag from /home/airflow/.local/lib/python3.8/site-packages/airflow/example_dags/example_branch_operator.py
[2026-04-21T19:37:09.760+0000] {processor.py:840} INFO - DAG(s) 'example_branch_operator' retrieved from /home/airflow/.local/lib/python3.8/site-packages/airflow/example_dags/example_branch_operator.py
[2026-04-21T19:37:09.890+0000] {logging_mixin.py:188} INFO - [2026-04-21T19:37:09.889+0000] {dag.py:3036} INFO - Sync 1 DAGs
[2026-04-21T19:37:10.004+0000] {logging_mixin.py:188} INFO - [2026-04-21T19:37:10.003+0000] {dag.py:3823} INFO - Setting next_dagrun for example_branch_operator to 2026-04-20 00:00:00+00:00, run_after=2026-04-21 00:00:00+00:00
[2026-04-21T19:37:10.138+0000] {processor.py:183} INFO - Processing /home/airflow/.local/lib/python3.8/site-packages/airflow/example_dags/example_branch_operator.py took 0.506 seconds
[2026-04-21T19:37:40.909+0000] {processor.py:161} INFO - Started process (PID=527) to work on /home/airflow/.local/lib/python3.8/site-packages/airflow/example_dags/example_branch_operator.py
[2026-04-21T19:37:40.910+0000] {processor.py:830} INFO - Processing file /home/airflow/.local/lib/python3.8/site-packages/airflow/example_dags/example_branch_operator.py for tasks to queue
[2026-04-21T19:37:40.913+0000] {logging_mixin.py:188} INFO - [2026-04-21T19:37:40.913+0000] {dagbag.py:538} INFO - Filling up the DagBag from /home/airflow/.local/lib/python3.8/site-packages/airflow/example_dags/example_branch_operator.py
[2026-04-21T19:37:40.937+0000] {processor.py:840} INFO - DAG(s) 'example_branch_operator' retrieved from /home/airflow/.local/lib/python3.8/site-packages/airflow/example_dags/example_branch_operator.py
[2026-04-21T19:37:40.977+0000] {logging_mixin.py:188} INFO - [2026-04-21T19:37:40.977+0000] {dag.py:3036} INFO - Sync 1 DAGs
[2026-04-21T19:37:41.019+0000] {logging_mixin.py:188} INFO - [2026-04-21T19:37:41.019+0000] {dag.py:3823} INFO - Setting next_dagrun for example_branch_operator to 2026-04-20 00:00:00+00:00, run_after=2026-04-21 00:00:00+00:00
[2026-04-21T19:37:41.092+0000] {processor.py:183} INFO - Processing /home/airflow/.local/lib/python3.8/site-packages/airflow/example_dags/example_branch_operator.py took 0.188 seconds
[2026-04-21T19:38:11.764+0000] {processor.py:161} INFO - Started process (PID=584) to work on /home/airflow/.local/lib/python3.8/site-packages/airflow/example_dags/example_branch_operator.py
[2026-04-21T19:38:11.765+0000] {processor.py:830} INFO - Processing file /home/airflow/.local/lib/python3.8/site-packages/airflow/example_dags/example_branch_operator.py for tasks to queue
[2026-04-21T19:38:11.767+0000] {logging_mixin.py:188} INFO - [2026-04-21T19:38:11.767+0000] {dagbag.py:538} INFO - Filling up the DagBag from /home/airflow/.local/lib/python3.8/site-packages/airflow/example_dags/example_branch_operator.py
[2026-04-21T19:38:11.782+0000] {processor.py:840} INFO - DAG(s) 'example_branch_operator' retrieved from /home/airflow/.local/lib/python3.8/site-packages/airflow/example_dags/example_branch_operator.py
[2026-04-21T19:38:11.810+0000] {logging_mixin.py:188} INFO - [2026-04-21T19:38:11.810+0000] {dag.py:3036} INFO - Sync 1 DAGs
[2026-04-21T19:38:11.831+0000] {logging_mixin.py:188} INFO - [2026-04-21T19:38:11.831+0000] {dag.py:3823} INFO - Setting next_dagrun for example_branch_operator to 2026-04-20 00:00:00+00:00, run_after=2026-04-21 00:00:00+00:00
[2026-04-21T19:38:11.855+0000] {processor.py:183} INFO - Processing /home/airflow/.local/lib/python3.8/site-packages/airflow/example_dags/example_branch_operator.py took 0.094 seconds
[2026-04-21T19:38:42.206+0000] {processor.py:161} INFO - Started process (PID=641) to work on /home/airflow/.local/lib/python3.8/site-packages/airflow/example_dags/example_branch_operator.py
[2026-04-21T19:38:42.207+0000] {processor.py:830} INFO - Processing file /home/airflow/.local/lib/python3.8/site-packages/airflow/example_dags/example_branch_operator.py for tasks to queue
[2026-04-21T19:38:42.209+0000] {logging_mixin.py:188} INFO - [2026-04-21T19:38:42.209+0000] {dagbag.py:538} INFO - Filling up the DagBag from /home/airflow/.local/lib/python3.8/site-packages/airflow/example_dags/example_branch_operator.py
[2026-04-21T19:38:42.224+0000] {processor.py:840} INFO - DAG(s) 'example_branch_operator' retrieved from /home/airflow/.local/lib/python3.8/site-packages/airflow/example_dags/example_branch_operator.py
[2026-04-21T19:38:42.251+0000] {logging_mixin.py:188} INFO - [2026-04-21T19:38:42.251+0000] {dag.py:3036} INFO - Sync 1 DAGs
[2026-04-21T19:38:42.279+0000] {logging_mixin.py:188} INFO - [2026-04-21T19:38:42.278+0000] {dag.py:3823} INFO - Setting next_dagrun for example_branch_operator to 2026-04-20 00:00:00+00:00, run_after=2026-04-21 00:00:00+00:00
[2026-04-21T19:38:42.304+0000] {processor.py:183} INFO - Processing /home/airflow/.local/lib/python3.8/site-packages/airflow/example_dags/example_branch_operator.py took 0.102 seconds
[2026-04-21T19:39:12.835+0000] {processor.py:161} INFO - Started process (PID=698) to work on /home/airflow/.local/lib/python3.8/site-packages/airflow/example_dags/example_branch_operator.py
[2026-04-21T19:39:12.836+0000] {processor.py:830} INFO - Processing file /home/airflow/.local/lib/python3.8/site-packages/airflow/example_dags/example_branch_operator.py for tasks to queue
[2026-04-21T19:39:12.839+0000] {logging_mixin.py:188} INFO - [2026-04-21T19:39:12.839+0000] {dagbag.py:538} INFO - Filling up the DagBag from /home/airflow/.local/lib/python3.8/site-packages/airflow/example_dags/example_branch_operator.py
[2026-04-21T19:39:12.862+0000] {processor.py:840} INFO - DAG(s) 'example_branch_operator' retrieved from /home/airflow/.local/lib/python3.8/site-packages/airflow/example_dags/example_branch_operator.py
[2026-04-21T19:39:12.906+0000] {logging_mixin.py:188} INFO - [2026-04-21T19:39:12.905+0000] {dag.py:3036} INFO - Sync 1 DAGs
[2026-04-21T19:39:12.938+0000] {logging_mixin.py:188} INFO - [2026-04-21T19:39:12.938+0000] {dag.py:3823} INFO - Setting next_dagrun for example_branch_operator to 2026-04-20 00:00:00+00:00, run_after=2026-04-21 00:00:00+00:00
[2026-04-21T19:39:12.960+0000] {processor.py:183} INFO - Processing /home/airflow/.local/lib/python3.8/site-packages/airflow/example_dags/example_branch_operator.py took 0.129 seconds
[2026-04-21T19:39:43.374+0000] {processor.py:161} INFO - Started process (PID=755) to work on /home/airflow/.local/lib/python3.8/site-packages/airflow/example_dags/example_branch_operator.py
[2026-04-21T19:39:43.376+0000] {processor.py:830} INFO - Processing file /home/airflow/.local/lib/python3.8/site-packages/airflow/example_dags/example_branch_operator.py for tasks to queue
[2026-04-21T19:39:43.379+0000] {logging_mixin.py:188} INFO - [2026-04-21T19:39:43.379+0000] {dagbag.py:538} INFO - Filling up the DagBag from /home/airflow/.local/lib/python3.8/site-packages/airflow/example_dags/example_branch_operator.py
[2026-04-21T19:39:43.409+0000] {processor.py:840} INFO - DAG(s) 'example_branch_operator' retrieved from /home/airflow/.local/lib/python3.8/site-packages/airflow/example_dags/example_branch_operator.py
[2026-04-21T19:39:43.452+0000] {logging_mixin.py:188} INFO - [2026-04-21T19:39:43.451+0000] {dag.py:3036} INFO - Sync 1 DAGs
[2026-04-21T19:39:43.496+0000] {logging_mixin.py:188} INFO - [2026-04-21T19:39:43.496+0000] {dag.py:3823} INFO - Setting next_dagrun for example_branch_operator to 2026-04-20 00:00:00+00:00, run_after=2026-04-21 00:00:00+00:00
[2026-04-21T19:39:43.531+0000] {processor.py:183} INFO - Processing /home/airflow/.local/lib/python3.8/site-packages/airflow/example_dags/example_branch_operator.py took 0.163 seconds
