[2026-04-21T19:33:32.303+0000] {processor.py:161} INFO - Started process (PID=62) to work on /home/airflow/.local/lib/python3.8/site-packages/airflow/example_dags/example_branch_python_dop_operator_3.py
[2026-04-21T19:33:32.305+0000] {processor.py:830} INFO - Processing file /home/airflow/.local/lib/python3.8/site-packages/airflow/example_dags/example_branch_python_dop_operator_3.py for tasks to queue
[2026-04-21T19:33:32.309+0000] {logging_mixin.py:188} INFO - [2026-04-21T19:33:32.308+0000] {dagbag.py:538} INFO - Filling up the DagBag from /home/airflow/.local/lib/python3.8/site-packages/airflow/example_dags/example_branch_python_dop_operator_3.py
[2026-04-21T19:33:32.328+0000] {processor.py:840} INFO - DAG(s) 'example_branch_dop_operator_v3' retrieved from /home/airflow/.local/lib/python3.8/site-packages/airflow/example_dags/example_branch_python_dop_operator_3.py
[2026-04-21T19:33:32.381+0000] {logging_mixin.py:188} INFO - [2026-04-21T19:33:32.381+0000] {dag.py:3036} INFO - Sync 1 DAGs
[2026-04-21T19:33:32.448+0000] {logging_mixin.py:188} INFO - [2026-04-21T19:33:32.447+0000] {dag.py:3823} INFO - Setting next_dagrun for example_branch_dop_operator_v3 to 2026-04-21 19:32:00+00:00, run_after=2026-04-21 19:33:00+00:00
[2026-04-21T19:33:32.511+0000] {processor.py:183} INFO - Processing /home/airflow/.local/lib/python3.8/site-packages/airflow/example_dags/example_branch_python_dop_operator_3.py took 0.217 seconds
[2026-04-21T19:34:03.286+0000] {processor.py:161} INFO - Started process (PID=119) to work on /home/airflow/.local/lib/python3.8/site-packages/airflow/example_dags/example_branch_python_dop_operator_3.py
[2026-04-21T19:34:03.292+0000] {processor.py:830} INFO - Processing file /home/airflow/.local/lib/python3.8/site-packages/airflow/example_dags/example_branch_python_dop_operator_3.py for tasks to queue
[2026-04-21T19:34:03.297+0000] {logging_mixin.py:188} INFO - [2026-04-21T19:34:03.296+0000] {dagbag.py:538} INFO - Filling up the DagBag from /home/airflow/.local/lib/python3.8/site-packages/airflow/example_dags/example_branch_python_dop_operator_3.py
[2026-04-21T19:34:03.320+0000] {processor.py:840} INFO - DAG(s) 'example_branch_dop_operator_v3' retrieved from /home/airflow/.local/lib/python3.8/site-packages/airflow/example_dags/example_branch_python_dop_operator_3.py
[2026-04-21T19:34:03.378+0000] {logging_mixin.py:188} INFO - [2026-04-21T19:34:03.377+0000] {dag.py:3036} INFO - Sync 1 DAGs
[2026-04-21T19:34:03.464+0000] {logging_mixin.py:188} INFO - [2026-04-21T19:34:03.464+0000] {dag.py:3823} INFO - Setting next_dagrun for example_branch_dop_operator_v3 to 2026-04-21 19:33:00+00:00, run_after=2026-04-21 19:34:00+00:00
[2026-04-21T19:34:03.515+0000] {processor.py:183} INFO - Processing /home/airflow/.local/lib/python3.8/site-packages/airflow/example_dags/example_branch_python_dop_operator_3.py took 0.236 seconds
[2026-04-21T19:34:33.842+0000] {processor.py:161} INFO - Started process (PID=176) to work on /home/airflow/.local/lib/python3.8/site-packages/airflow/example_dags/example_branch_python_dop_operator_3.py
[2026-04-21T19:34:33.844+0000] {processor.py:830} INFO - Processing file /home/airflow/.local/lib/python3.8/site-packages/airflow/example_dags/example_branch_python_dop_operator_3.py for tasks to queue
[2026-04-21T19:34:33.850+0000] {logging_mixin.py:188} INFO - [2026-04-21T19:34:33.849+0000] {dagbag.py:538} INFO - Filling up the DagBag from /home/airflow/.local/lib/python3.8/site-packages/airflow/example_dags/example_branch_python_dop_operator_3.py
[2026-04-21T19:34:33.874+0000] {processor.py:840} INFO - DAG(s) 'example_branch_dop_operator_v3' retrieved from /home/airflow/.local/lib/python3.8/site-packages/airflow/example_dags/example_branch_python_dop_operator_3.py
[2026-04-21T19:34:33.922+0000] {logging_mixin.py:188} INFO - [2026-04-21T19:34:33.921+0000] {dag.py:3036} INFO - Sync 1 DAGs
[2026-04-21T19:34:33.991+0000] {logging_mixin.py:188} INFO - [2026-04-21T19:34:33.991+0000] {dag.py:3823} INFO - Setting next_dagrun for example_branch_dop_operator_v3 to 2026-04-21 19:33:00+00:00, run_after=2026-04-21 19:34:00+00:00
[2026-04-21T19:34:34.043+0000] {processor.py:183} INFO - Processing /home/airflow/.local/lib/python3.8/site-packages/airflow/example_dags/example_branch_python_dop_operator_3.py took 0.211 seconds
[2026-04-21T19:35:04.197+0000] {processor.py:161} INFO - Started process (PID=234) to work on /home/airflow/.local/lib/python3.8/site-packages/airflow/example_dags/example_branch_python_dop_operator_3.py
[2026-04-21T19:35:04.199+0000] {processor.py:830} INFO - Processing file /home/airflow/.local/lib/python3.8/site-packages/airflow/example_dags/example_branch_python_dop_operator_3.py for tasks to queue
[2026-04-21T19:35:04.205+0000] {logging_mixin.py:188} INFO - [2026-04-21T19:35:04.204+0000] {dagbag.py:538} INFO - Filling up the DagBag from /home/airflow/.local/lib/python3.8/site-packages/airflow/example_dags/example_branch_python_dop_operator_3.py
[2026-04-21T19:35:04.225+0000] {processor.py:840} INFO - DAG(s) 'example_branch_dop_operator_v3' retrieved from /home/airflow/.local/lib/python3.8/site-packages/airflow/example_dags/example_branch_python_dop_operator_3.py
[2026-04-21T19:35:04.263+0000] {logging_mixin.py:188} INFO - [2026-04-21T19:35:04.263+0000] {dag.py:3036} INFO - Sync 1 DAGs
[2026-04-21T19:35:04.312+0000] {logging_mixin.py:188} INFO - [2026-04-21T19:35:04.311+0000] {dag.py:3823} INFO - Setting next_dagrun for example_branch_dop_operator_v3 to 2026-04-21 19:34:00+00:00, run_after=2026-04-21 19:35:00+00:00
[2026-04-21T19:35:04.347+0000] {processor.py:183} INFO - Processing /home/airflow/.local/lib/python3.8/site-packages/airflow/example_dags/example_branch_python_dop_operator_3.py took 0.156 seconds
[2026-04-21T19:35:34.749+0000] {processor.py:161} INFO - Started process (PID=292) to work on /home/airflow/.local/lib/python3.8/site-packages/airflow/example_dags/example_branch_python_dop_operator_3.py
[2026-04-21T19:35:34.750+0000] {processor.py:830} INFO - Processing file /home/airflow/.local/lib/python3.8/site-packages/airflow/example_dags/example_branch_python_dop_operator_3.py for tasks to queue
[2026-04-21T19:35:34.756+0000] {logging_mixin.py:188} INFO - [2026-04-21T19:35:34.756+0000] {dagbag.py:538} INFO - Filling up the DagBag from /home/airflow/.local/lib/python3.8/site-packages/airflow/example_dags/example_branch_python_dop_operator_3.py
[2026-04-21T19:35:34.776+0000] {processor.py:840} INFO - DAG(s) 'example_branch_dop_operator_v3' retrieved from /home/airflow/.local/lib/python3.8/site-packages/airflow/example_dags/example_branch_python_dop_operator_3.py
[2026-04-21T19:35:34.815+0000] {logging_mixin.py:188} INFO - [2026-04-21T19:35:34.815+0000] {dag.py:3036} INFO - Sync 1 DAGs
[2026-04-21T19:35:34.893+0000] {logging_mixin.py:188} INFO - [2026-04-21T19:35:34.892+0000] {dag.py:3823} INFO - Setting next_dagrun for example_branch_dop_operator_v3 to 2026-04-21 19:34:00+00:00, run_after=2026-04-21 19:35:00+00:00
[2026-04-21T19:35:34.935+0000] {processor.py:183} INFO - Processing /home/airflow/.local/lib/python3.8/site-packages/airflow/example_dags/example_branch_python_dop_operator_3.py took 0.196 seconds
[2026-04-21T19:36:05.494+0000] {processor.py:161} INFO - Started process (PID=349) to work on /home/airflow/.local/lib/python3.8/site-packages/airflow/example_dags/example_branch_python_dop_operator_3.py
[2026-04-21T19:36:05.496+0000] {processor.py:830} INFO - Processing file /home/airflow/.local/lib/python3.8/site-packages/airflow/example_dags/example_branch_python_dop_operator_3.py for tasks to queue
[2026-04-21T19:36:05.499+0000] {logging_mixin.py:188} INFO - [2026-04-21T19:36:05.498+0000] {dagbag.py:538} INFO - Filling up the DagBag from /home/airflow/.local/lib/python3.8/site-packages/airflow/example_dags/example_branch_python_dop_operator_3.py
[2026-04-21T19:36:05.519+0000] {processor.py:840} INFO - DAG(s) 'example_branch_dop_operator_v3' retrieved from /home/airflow/.local/lib/python3.8/site-packages/airflow/example_dags/example_branch_python_dop_operator_3.py
[2026-04-21T19:36:05.574+0000] {logging_mixin.py:188} INFO - [2026-04-21T19:36:05.574+0000] {dag.py:3036} INFO - Sync 1 DAGs
[2026-04-21T19:36:05.633+0000] {logging_mixin.py:188} INFO - [2026-04-21T19:36:05.633+0000] {dag.py:3823} INFO - Setting next_dagrun for example_branch_dop_operator_v3 to 2026-04-21 19:35:00+00:00, run_after=2026-04-21 19:36:00+00:00
[2026-04-21T19:36:05.673+0000] {processor.py:183} INFO - Processing /home/airflow/.local/lib/python3.8/site-packages/airflow/example_dags/example_branch_python_dop_operator_3.py took 0.186 seconds
[2026-04-21T19:36:36.247+0000] {processor.py:161} INFO - Started process (PID=407) to work on /home/airflow/.local/lib/python3.8/site-packages/airflow/example_dags/example_branch_python_dop_operator_3.py
[2026-04-21T19:36:36.249+0000] {processor.py:830} INFO - Processing file /home/airflow/.local/lib/python3.8/site-packages/airflow/example_dags/example_branch_python_dop_operator_3.py for tasks to queue
[2026-04-21T19:36:36.254+0000] {logging_mixin.py:188} INFO - [2026-04-21T19:36:36.253+0000] {dagbag.py:538} INFO - Filling up the DagBag from /home/airflow/.local/lib/python3.8/site-packages/airflow/example_dags/example_branch_python_dop_operator_3.py
[2026-04-21T19:36:36.271+0000] {processor.py:840} INFO - DAG(s) 'example_branch_dop_operator_v3' retrieved from /home/airflow/.local/lib/python3.8/site-packages/airflow/example_dags/example_branch_python_dop_operator_3.py
[2026-04-21T19:36:36.306+0000] {logging_mixin.py:188} INFO - [2026-04-21T19:36:36.306+0000] {dag.py:3036} INFO - Sync 1 DAGs
[2026-04-21T19:36:36.345+0000] {logging_mixin.py:188} INFO - [2026-04-21T19:36:36.345+0000] {dag.py:3823} INFO - Setting next_dagrun for example_branch_dop_operator_v3 to 2026-04-21 19:35:00+00:00, run_after=2026-04-21 19:36:00+00:00
[2026-04-21T19:36:36.379+0000] {processor.py:183} INFO - Processing /home/airflow/.local/lib/python3.8/site-packages/airflow/example_dags/example_branch_python_dop_operator_3.py took 0.138 seconds
[2026-04-21T19:37:07.706+0000] {processor.py:161} INFO - Started process (PID=464) to work on /home/airflow/.local/lib/python3.8/site-packages/airflow/example_dags/example_branch_python_dop_operator_3.py
[2026-04-21T19:37:07.709+0000] {processor.py:830} INFO - Processing file /home/airflow/.local/lib/python3.8/site-packages/airflow/example_dags/example_branch_python_dop_operator_3.py for tasks to queue
[2026-04-21T19:37:07.713+0000] {logging_mixin.py:188} INFO - [2026-04-21T19:37:07.712+0000] {dagbag.py:538} INFO - Filling up the DagBag from /home/airflow/.local/lib/python3.8/site-packages/airflow/example_dags/example_branch_python_dop_operator_3.py
[2026-04-21T19:37:07.742+0000] {processor.py:840} INFO - DAG(s) 'example_branch_dop_operator_v3' retrieved from /home/airflow/.local/lib/python3.8/site-packages/airflow/example_dags/example_branch_python_dop_operator_3.py
[2026-04-21T19:37:07.783+0000] {logging_mixin.py:188} INFO - [2026-04-21T19:37:07.782+0000] {dag.py:3036} INFO - Sync 1 DAGs
[2026-04-21T19:37:07.863+0000] {logging_mixin.py:188} INFO - [2026-04-21T19:37:07.863+0000] {dag.py:3823} INFO - Setting next_dagrun for example_branch_dop_operator_v3 to 2026-04-21 19:36:00+00:00, run_after=2026-04-21 19:37:00+00:00
[2026-04-21T19:37:07.932+0000] {processor.py:183} INFO - Processing /home/airflow/.local/lib/python3.8/site-packages/airflow/example_dags/example_branch_python_dop_operator_3.py took 0.239 seconds
[2026-04-21T19:37:38.208+0000] {processor.py:161} INFO - Started process (PID=521) to work on /home/airflow/.local/lib/python3.8/site-packages/airflow/example_dags/example_branch_python_dop_operator_3.py
[2026-04-21T19:37:38.212+0000] {processor.py:830} INFO - Processing file /home/airflow/.local/lib/python3.8/site-packages/airflow/example_dags/example_branch_python_dop_operator_3.py for tasks to queue
[2026-04-21T19:37:38.214+0000] {logging_mixin.py:188} INFO - [2026-04-21T19:37:38.214+0000] {dagbag.py:538} INFO - Filling up the DagBag from /home/airflow/.local/lib/python3.8/site-packages/airflow/example_dags/example_branch_python_dop_operator_3.py
[2026-04-21T19:37:38.227+0000] {processor.py:840} INFO - DAG(s) 'example_branch_dop_operator_v3' retrieved from /home/airflow/.local/lib/python3.8/site-packages/airflow/example_dags/example_branch_python_dop_operator_3.py
[2026-04-21T19:37:38.259+0000] {logging_mixin.py:188} INFO - [2026-04-21T19:37:38.258+0000] {dag.py:3036} INFO - Sync 1 DAGs
[2026-04-21T19:37:38.290+0000] {logging_mixin.py:188} INFO - [2026-04-21T19:37:38.290+0000] {dag.py:3823} INFO - Setting next_dagrun for example_branch_dop_operator_v3 to 2026-04-21 19:36:00+00:00, run_after=2026-04-21 19:37:00+00:00
[2026-04-21T19:37:38.315+0000] {processor.py:183} INFO - Processing /home/airflow/.local/lib/python3.8/site-packages/airflow/example_dags/example_branch_python_dop_operator_3.py took 0.112 seconds
[2026-04-21T19:38:08.390+0000] {processor.py:161} INFO - Started process (PID=578) to work on /home/airflow/.local/lib/python3.8/site-packages/airflow/example_dags/example_branch_python_dop_operator_3.py
[2026-04-21T19:38:08.392+0000] {processor.py:830} INFO - Processing file /home/airflow/.local/lib/python3.8/site-packages/airflow/example_dags/example_branch_python_dop_operator_3.py for tasks to queue
[2026-04-21T19:38:08.394+0000] {logging_mixin.py:188} INFO - [2026-04-21T19:38:08.393+0000] {dagbag.py:538} INFO - Filling up the DagBag from /home/airflow/.local/lib/python3.8/site-packages/airflow/example_dags/example_branch_python_dop_operator_3.py
[2026-04-21T19:38:08.404+0000] {processor.py:840} INFO - DAG(s) 'example_branch_dop_operator_v3' retrieved from /home/airflow/.local/lib/python3.8/site-packages/airflow/example_dags/example_branch_python_dop_operator_3.py
[2026-04-21T19:38:08.426+0000] {logging_mixin.py:188} INFO - [2026-04-21T19:38:08.426+0000] {dag.py:3036} INFO - Sync 1 DAGs
[2026-04-21T19:38:08.449+0000] {logging_mixin.py:188} INFO - [2026-04-21T19:38:08.449+0000] {dag.py:3823} INFO - Setting next_dagrun for example_branch_dop_operator_v3 to 2026-04-21 19:37:00+00:00, run_after=2026-04-21 19:38:00+00:00
[2026-04-21T19:38:08.472+0000] {processor.py:183} INFO - Processing /home/airflow/.local/lib/python3.8/site-packages/airflow/example_dags/example_branch_python_dop_operator_3.py took 0.086 seconds
[2026-04-21T19:38:38.940+0000] {processor.py:161} INFO - Started process (PID=635) to work on /home/airflow/.local/lib/python3.8/site-packages/airflow/example_dags/example_branch_python_dop_operator_3.py
[2026-04-21T19:38:38.941+0000] {processor.py:830} INFO - Processing file /home/airflow/.local/lib/python3.8/site-packages/airflow/example_dags/example_branch_python_dop_operator_3.py for tasks to queue
[2026-04-21T19:38:38.944+0000] {logging_mixin.py:188} INFO - [2026-04-21T19:38:38.944+0000] {dagbag.py:538} INFO - Filling up the DagBag from /home/airflow/.local/lib/python3.8/site-packages/airflow/example_dags/example_branch_python_dop_operator_3.py
[2026-04-21T19:38:38.953+0000] {processor.py:840} INFO - DAG(s) 'example_branch_dop_operator_v3' retrieved from /home/airflow/.local/lib/python3.8/site-packages/airflow/example_dags/example_branch_python_dop_operator_3.py
[2026-04-21T19:38:38.974+0000] {logging_mixin.py:188} INFO - [2026-04-21T19:38:38.973+0000] {dag.py:3036} INFO - Sync 1 DAGs
[2026-04-21T19:38:38.996+0000] {logging_mixin.py:188} INFO - [2026-04-21T19:38:38.996+0000] {dag.py:3823} INFO - Setting next_dagrun for example_branch_dop_operator_v3 to 2026-04-21 19:37:00+00:00, run_after=2026-04-21 19:38:00+00:00
[2026-04-21T19:38:39.018+0000] {processor.py:183} INFO - Processing /home/airflow/.local/lib/python3.8/site-packages/airflow/example_dags/example_branch_python_dop_operator_3.py took 0.081 seconds
[2026-04-21T19:39:09.471+0000] {processor.py:161} INFO - Started process (PID=692) to work on /home/airflow/.local/lib/python3.8/site-packages/airflow/example_dags/example_branch_python_dop_operator_3.py
[2026-04-21T19:39:09.473+0000] {processor.py:830} INFO - Processing file /home/airflow/.local/lib/python3.8/site-packages/airflow/example_dags/example_branch_python_dop_operator_3.py for tasks to queue
[2026-04-21T19:39:09.476+0000] {logging_mixin.py:188} INFO - [2026-04-21T19:39:09.476+0000] {dagbag.py:538} INFO - Filling up the DagBag from /home/airflow/.local/lib/python3.8/site-packages/airflow/example_dags/example_branch_python_dop_operator_3.py
[2026-04-21T19:39:09.487+0000] {processor.py:840} INFO - DAG(s) 'example_branch_dop_operator_v3' retrieved from /home/airflow/.local/lib/python3.8/site-packages/airflow/example_dags/example_branch_python_dop_operator_3.py
[2026-04-21T19:39:09.509+0000] {logging_mixin.py:188} INFO - [2026-04-21T19:39:09.509+0000] {dag.py:3036} INFO - Sync 1 DAGs
[2026-04-21T19:39:09.538+0000] {logging_mixin.py:188} INFO - [2026-04-21T19:39:09.537+0000] {dag.py:3823} INFO - Setting next_dagrun for example_branch_dop_operator_v3 to 2026-04-21 19:38:00+00:00, run_after=2026-04-21 19:39:00+00:00
[2026-04-21T19:39:09.558+0000] {processor.py:183} INFO - Processing /home/airflow/.local/lib/python3.8/site-packages/airflow/example_dags/example_branch_python_dop_operator_3.py took 0.092 seconds
[2026-04-21T19:39:39.783+0000] {processor.py:161} INFO - Started process (PID=749) to work on /home/airflow/.local/lib/python3.8/site-packages/airflow/example_dags/example_branch_python_dop_operator_3.py
[2026-04-21T19:39:39.784+0000] {processor.py:830} INFO - Processing file /home/airflow/.local/lib/python3.8/site-packages/airflow/example_dags/example_branch_python_dop_operator_3.py for tasks to queue
[2026-04-21T19:39:39.786+0000] {logging_mixin.py:188} INFO - [2026-04-21T19:39:39.786+0000] {dagbag.py:538} INFO - Filling up the DagBag from /home/airflow/.local/lib/python3.8/site-packages/airflow/example_dags/example_branch_python_dop_operator_3.py
[2026-04-21T19:39:39.795+0000] {processor.py:840} INFO - DAG(s) 'example_branch_dop_operator_v3' retrieved from /home/airflow/.local/lib/python3.8/site-packages/airflow/example_dags/example_branch_python_dop_operator_3.py
[2026-04-21T19:39:39.816+0000] {logging_mixin.py:188} INFO - [2026-04-21T19:39:39.816+0000] {dag.py:3036} INFO - Sync 1 DAGs
[2026-04-21T19:39:39.839+0000] {logging_mixin.py:188} INFO - [2026-04-21T19:39:39.839+0000] {dag.py:3823} INFO - Setting next_dagrun for example_branch_dop_operator_v3 to 2026-04-21 19:38:00+00:00, run_after=2026-04-21 19:39:00+00:00
[2026-04-21T19:39:39.860+0000] {processor.py:183} INFO - Processing /home/airflow/.local/lib/python3.8/site-packages/airflow/example_dags/example_branch_python_dop_operator_3.py took 0.082 seconds
