[2026-04-21T19:33:36.011+0000] {processor.py:161} INFO - Started process (PID=91) to work on /home/airflow/.local/lib/python3.8/site-packages/airflow/example_dags/example_branch_labels.py
[2026-04-21T19:33:36.025+0000] {processor.py:830} INFO - Processing file /home/airflow/.local/lib/python3.8/site-packages/airflow/example_dags/example_branch_labels.py for tasks to queue
[2026-04-21T19:33:36.028+0000] {logging_mixin.py:188} INFO - [2026-04-21T19:33:36.027+0000] {dagbag.py:538} INFO - Filling up the DagBag from /home/airflow/.local/lib/python3.8/site-packages/airflow/example_dags/example_branch_labels.py
[2026-04-21T19:33:36.051+0000] {processor.py:840} INFO - DAG(s) 'example_branch_labels' retrieved from /home/airflow/.local/lib/python3.8/site-packages/airflow/example_dags/example_branch_labels.py
[2026-04-21T19:33:36.099+0000] {logging_mixin.py:188} INFO - [2026-04-21T19:33:36.098+0000] {dag.py:3036} INFO - Sync 1 DAGs
[2026-04-21T19:33:36.138+0000] {logging_mixin.py:188} INFO - [2026-04-21T19:33:36.137+0000] {dag.py:3823} INFO - Setting next_dagrun for example_branch_labels to 2026-04-20 00:00:00+00:00, run_after=2026-04-21 00:00:00+00:00
[2026-04-21T19:33:36.171+0000] {processor.py:183} INFO - Processing /home/airflow/.local/lib/python3.8/site-packages/airflow/example_dags/example_branch_labels.py took 0.171 seconds
[2026-04-21T19:34:08.916+0000] {processor.py:161} INFO - Started process (PID=148) to work on /home/airflow/.local/lib/python3.8/site-packages/airflow/example_dags/example_branch_labels.py
[2026-04-21T19:34:08.918+0000] {processor.py:830} INFO - Processing file /home/airflow/.local/lib/python3.8/site-packages/airflow/example_dags/example_branch_labels.py for tasks to queue
[2026-04-21T19:34:08.924+0000] {logging_mixin.py:188} INFO - [2026-04-21T19:34:08.923+0000] {dagbag.py:538} INFO - Filling up the DagBag from /home/airflow/.local/lib/python3.8/site-packages/airflow/example_dags/example_branch_labels.py
[2026-04-21T19:34:08.942+0000] {processor.py:840} INFO - DAG(s) 'example_branch_labels' retrieved from /home/airflow/.local/lib/python3.8/site-packages/airflow/example_dags/example_branch_labels.py
[2026-04-21T19:34:08.990+0000] {logging_mixin.py:188} INFO - [2026-04-21T19:34:08.989+0000] {dag.py:3036} INFO - Sync 1 DAGs
[2026-04-21T19:34:09.052+0000] {logging_mixin.py:188} INFO - [2026-04-21T19:34:09.052+0000] {dag.py:3823} INFO - Setting next_dagrun for example_branch_labels to 2026-04-20 00:00:00+00:00, run_after=2026-04-21 00:00:00+00:00
[2026-04-21T19:34:09.125+0000] {processor.py:183} INFO - Processing /home/airflow/.local/lib/python3.8/site-packages/airflow/example_dags/example_branch_labels.py took 0.215 seconds
[2026-04-21T19:34:39.598+0000] {processor.py:161} INFO - Started process (PID=205) to work on /home/airflow/.local/lib/python3.8/site-packages/airflow/example_dags/example_branch_labels.py
[2026-04-21T19:34:39.601+0000] {processor.py:830} INFO - Processing file /home/airflow/.local/lib/python3.8/site-packages/airflow/example_dags/example_branch_labels.py for tasks to queue
[2026-04-21T19:34:39.607+0000] {logging_mixin.py:188} INFO - [2026-04-21T19:34:39.607+0000] {dagbag.py:538} INFO - Filling up the DagBag from /home/airflow/.local/lib/python3.8/site-packages/airflow/example_dags/example_branch_labels.py
[2026-04-21T19:34:39.628+0000] {processor.py:840} INFO - DAG(s) 'example_branch_labels' retrieved from /home/airflow/.local/lib/python3.8/site-packages/airflow/example_dags/example_branch_labels.py
[2026-04-21T19:34:39.679+0000] {logging_mixin.py:188} INFO - [2026-04-21T19:34:39.679+0000] {dag.py:3036} INFO - Sync 1 DAGs
[2026-04-21T19:34:39.734+0000] {logging_mixin.py:188} INFO - [2026-04-21T19:34:39.734+0000] {dag.py:3823} INFO - Setting next_dagrun for example_branch_labels to 2026-04-20 00:00:00+00:00, run_after=2026-04-21 00:00:00+00:00
[2026-04-21T19:34:39.779+0000] {processor.py:183} INFO - Processing /home/airflow/.local/lib/python3.8/site-packages/airflow/example_dags/example_branch_labels.py took 0.187 seconds
[2026-04-21T19:35:10.320+0000] {processor.py:161} INFO - Started process (PID=263) to work on /home/airflow/.local/lib/python3.8/site-packages/airflow/example_dags/example_branch_labels.py
[2026-04-21T19:35:10.323+0000] {processor.py:830} INFO - Processing file /home/airflow/.local/lib/python3.8/site-packages/airflow/example_dags/example_branch_labels.py for tasks to queue
[2026-04-21T19:35:10.327+0000] {logging_mixin.py:188} INFO - [2026-04-21T19:35:10.327+0000] {dagbag.py:538} INFO - Filling up the DagBag from /home/airflow/.local/lib/python3.8/site-packages/airflow/example_dags/example_branch_labels.py
[2026-04-21T19:35:10.346+0000] {processor.py:840} INFO - DAG(s) 'example_branch_labels' retrieved from /home/airflow/.local/lib/python3.8/site-packages/airflow/example_dags/example_branch_labels.py
[2026-04-21T19:35:10.391+0000] {logging_mixin.py:188} INFO - [2026-04-21T19:35:10.390+0000] {dag.py:3036} INFO - Sync 1 DAGs
[2026-04-21T19:35:10.440+0000] {logging_mixin.py:188} INFO - [2026-04-21T19:35:10.440+0000] {dag.py:3823} INFO - Setting next_dagrun for example_branch_labels to 2026-04-20 00:00:00+00:00, run_after=2026-04-21 00:00:00+00:00
[2026-04-21T19:35:10.479+0000] {processor.py:183} INFO - Processing /home/airflow/.local/lib/python3.8/site-packages/airflow/example_dags/example_branch_labels.py took 0.167 seconds
[2026-04-21T19:35:41.046+0000] {processor.py:161} INFO - Started process (PID=321) to work on /home/airflow/.local/lib/python3.8/site-packages/airflow/example_dags/example_branch_labels.py
[2026-04-21T19:35:41.048+0000] {processor.py:830} INFO - Processing file /home/airflow/.local/lib/python3.8/site-packages/airflow/example_dags/example_branch_labels.py for tasks to queue
[2026-04-21T19:35:41.054+0000] {logging_mixin.py:188} INFO - [2026-04-21T19:35:41.053+0000] {dagbag.py:538} INFO - Filling up the DagBag from /home/airflow/.local/lib/python3.8/site-packages/airflow/example_dags/example_branch_labels.py
[2026-04-21T19:35:41.074+0000] {processor.py:840} INFO - DAG(s) 'example_branch_labels' retrieved from /home/airflow/.local/lib/python3.8/site-packages/airflow/example_dags/example_branch_labels.py
[2026-04-21T19:35:41.116+0000] {logging_mixin.py:188} INFO - [2026-04-21T19:35:41.116+0000] {dag.py:3036} INFO - Sync 1 DAGs
[2026-04-21T19:35:41.166+0000] {logging_mixin.py:188} INFO - [2026-04-21T19:35:41.165+0000] {dag.py:3823} INFO - Setting next_dagrun for example_branch_labels to 2026-04-20 00:00:00+00:00, run_after=2026-04-21 00:00:00+00:00
[2026-04-21T19:35:41.206+0000] {processor.py:183} INFO - Processing /home/airflow/.local/lib/python3.8/site-packages/airflow/example_dags/example_branch_labels.py took 0.167 seconds
[2026-04-21T19:36:11.587+0000] {processor.py:161} INFO - Started process (PID=378) to work on /home/airflow/.local/lib/python3.8/site-packages/airflow/example_dags/example_branch_labels.py
[2026-04-21T19:36:11.589+0000] {processor.py:830} INFO - Processing file /home/airflow/.local/lib/python3.8/site-packages/airflow/example_dags/example_branch_labels.py for tasks to queue
[2026-04-21T19:36:11.593+0000] {logging_mixin.py:188} INFO - [2026-04-21T19:36:11.592+0000] {dagbag.py:538} INFO - Filling up the DagBag from /home/airflow/.local/lib/python3.8/site-packages/airflow/example_dags/example_branch_labels.py
[2026-04-21T19:36:11.609+0000] {processor.py:840} INFO - DAG(s) 'example_branch_labels' retrieved from /home/airflow/.local/lib/python3.8/site-packages/airflow/example_dags/example_branch_labels.py
[2026-04-21T19:36:11.652+0000] {logging_mixin.py:188} INFO - [2026-04-21T19:36:11.650+0000] {dag.py:3036} INFO - Sync 1 DAGs
[2026-04-21T19:36:11.694+0000] {logging_mixin.py:188} INFO - [2026-04-21T19:36:11.694+0000] {dag.py:3823} INFO - Setting next_dagrun for example_branch_labels to 2026-04-20 00:00:00+00:00, run_after=2026-04-21 00:00:00+00:00
[2026-04-21T19:36:11.731+0000] {processor.py:183} INFO - Processing /home/airflow/.local/lib/python3.8/site-packages/airflow/example_dags/example_branch_labels.py took 0.151 seconds
[2026-04-21T19:36:41.798+0000] {processor.py:161} INFO - Started process (PID=436) to work on /home/airflow/.local/lib/python3.8/site-packages/airflow/example_dags/example_branch_labels.py
[2026-04-21T19:36:41.800+0000] {processor.py:830} INFO - Processing file /home/airflow/.local/lib/python3.8/site-packages/airflow/example_dags/example_branch_labels.py for tasks to queue
[2026-04-21T19:36:41.803+0000] {logging_mixin.py:188} INFO - [2026-04-21T19:36:41.802+0000] {dagbag.py:538} INFO - Filling up the DagBag from /home/airflow/.local/lib/python3.8/site-packages/airflow/example_dags/example_branch_labels.py
[2026-04-21T19:36:41.816+0000] {processor.py:840} INFO - DAG(s) 'example_branch_labels' retrieved from /home/airflow/.local/lib/python3.8/site-packages/airflow/example_dags/example_branch_labels.py
[2026-04-21T19:36:41.854+0000] {logging_mixin.py:188} INFO - [2026-04-21T19:36:41.853+0000] {dag.py:3036} INFO - Sync 1 DAGs
[2026-04-21T19:36:41.896+0000] {logging_mixin.py:188} INFO - [2026-04-21T19:36:41.895+0000] {dag.py:3823} INFO - Setting next_dagrun for example_branch_labels to 2026-04-20 00:00:00+00:00, run_after=2026-04-21 00:00:00+00:00
[2026-04-21T19:36:41.937+0000] {processor.py:183} INFO - Processing /home/airflow/.local/lib/python3.8/site-packages/airflow/example_dags/example_branch_labels.py took 0.145 seconds
[2026-04-21T19:37:14.945+0000] {processor.py:161} INFO - Started process (PID=493) to work on /home/airflow/.local/lib/python3.8/site-packages/airflow/example_dags/example_branch_labels.py
[2026-04-21T19:37:14.947+0000] {processor.py:830} INFO - Processing file /home/airflow/.local/lib/python3.8/site-packages/airflow/example_dags/example_branch_labels.py for tasks to queue
[2026-04-21T19:37:14.951+0000] {logging_mixin.py:188} INFO - [2026-04-21T19:37:14.951+0000] {dagbag.py:538} INFO - Filling up the DagBag from /home/airflow/.local/lib/python3.8/site-packages/airflow/example_dags/example_branch_labels.py
[2026-04-21T19:37:14.974+0000] {processor.py:840} INFO - DAG(s) 'example_branch_labels' retrieved from /home/airflow/.local/lib/python3.8/site-packages/airflow/example_dags/example_branch_labels.py
[2026-04-21T19:37:15.025+0000] {logging_mixin.py:188} INFO - [2026-04-21T19:37:15.024+0000] {dag.py:3036} INFO - Sync 1 DAGs
[2026-04-21T19:37:15.084+0000] {logging_mixin.py:188} INFO - [2026-04-21T19:37:15.083+0000] {dag.py:3823} INFO - Setting next_dagrun for example_branch_labels to 2026-04-20 00:00:00+00:00, run_after=2026-04-21 00:00:00+00:00
[2026-04-21T19:37:15.131+0000] {processor.py:183} INFO - Processing /home/airflow/.local/lib/python3.8/site-packages/airflow/example_dags/example_branch_labels.py took 0.191 seconds
[2026-04-21T19:37:45.806+0000] {processor.py:161} INFO - Started process (PID=550) to work on /home/airflow/.local/lib/python3.8/site-packages/airflow/example_dags/example_branch_labels.py
[2026-04-21T19:37:45.807+0000] {processor.py:830} INFO - Processing file /home/airflow/.local/lib/python3.8/site-packages/airflow/example_dags/example_branch_labels.py for tasks to queue
[2026-04-21T19:37:45.809+0000] {logging_mixin.py:188} INFO - [2026-04-21T19:37:45.809+0000] {dagbag.py:538} INFO - Filling up the DagBag from /home/airflow/.local/lib/python3.8/site-packages/airflow/example_dags/example_branch_labels.py
[2026-04-21T19:37:45.820+0000] {processor.py:840} INFO - DAG(s) 'example_branch_labels' retrieved from /home/airflow/.local/lib/python3.8/site-packages/airflow/example_dags/example_branch_labels.py
[2026-04-21T19:37:45.843+0000] {logging_mixin.py:188} INFO - [2026-04-21T19:37:45.843+0000] {dag.py:3036} INFO - Sync 1 DAGs
[2026-04-21T19:37:45.867+0000] {logging_mixin.py:188} INFO - [2026-04-21T19:37:45.867+0000] {dag.py:3823} INFO - Setting next_dagrun for example_branch_labels to 2026-04-20 00:00:00+00:00, run_after=2026-04-21 00:00:00+00:00
[2026-04-21T19:37:45.894+0000] {processor.py:183} INFO - Processing /home/airflow/.local/lib/python3.8/site-packages/airflow/example_dags/example_branch_labels.py took 0.091 seconds
[2026-04-21T19:38:16.405+0000] {processor.py:161} INFO - Started process (PID=607) to work on /home/airflow/.local/lib/python3.8/site-packages/airflow/example_dags/example_branch_labels.py
[2026-04-21T19:38:16.407+0000] {processor.py:830} INFO - Processing file /home/airflow/.local/lib/python3.8/site-packages/airflow/example_dags/example_branch_labels.py for tasks to queue
[2026-04-21T19:38:16.410+0000] {logging_mixin.py:188} INFO - [2026-04-21T19:38:16.409+0000] {dagbag.py:538} INFO - Filling up the DagBag from /home/airflow/.local/lib/python3.8/site-packages/airflow/example_dags/example_branch_labels.py
[2026-04-21T19:38:16.419+0000] {processor.py:840} INFO - DAG(s) 'example_branch_labels' retrieved from /home/airflow/.local/lib/python3.8/site-packages/airflow/example_dags/example_branch_labels.py
[2026-04-21T19:38:16.444+0000] {logging_mixin.py:188} INFO - [2026-04-21T19:38:16.443+0000] {dag.py:3036} INFO - Sync 1 DAGs
[2026-04-21T19:38:16.468+0000] {logging_mixin.py:188} INFO - [2026-04-21T19:38:16.468+0000] {dag.py:3823} INFO - Setting next_dagrun for example_branch_labels to 2026-04-20 00:00:00+00:00, run_after=2026-04-21 00:00:00+00:00
[2026-04-21T19:38:16.492+0000] {processor.py:183} INFO - Processing /home/airflow/.local/lib/python3.8/site-packages/airflow/example_dags/example_branch_labels.py took 0.091 seconds
[2026-04-21T19:38:46.551+0000] {processor.py:161} INFO - Started process (PID=664) to work on /home/airflow/.local/lib/python3.8/site-packages/airflow/example_dags/example_branch_labels.py
[2026-04-21T19:38:46.552+0000] {processor.py:830} INFO - Processing file /home/airflow/.local/lib/python3.8/site-packages/airflow/example_dags/example_branch_labels.py for tasks to queue
[2026-04-21T19:38:46.555+0000] {logging_mixin.py:188} INFO - [2026-04-21T19:38:46.554+0000] {dagbag.py:538} INFO - Filling up the DagBag from /home/airflow/.local/lib/python3.8/site-packages/airflow/example_dags/example_branch_labels.py
[2026-04-21T19:38:46.563+0000] {processor.py:840} INFO - DAG(s) 'example_branch_labels' retrieved from /home/airflow/.local/lib/python3.8/site-packages/airflow/example_dags/example_branch_labels.py
[2026-04-21T19:38:46.587+0000] {logging_mixin.py:188} INFO - [2026-04-21T19:38:46.586+0000] {dag.py:3036} INFO - Sync 1 DAGs
[2026-04-21T19:38:46.610+0000] {logging_mixin.py:188} INFO - [2026-04-21T19:38:46.610+0000] {dag.py:3823} INFO - Setting next_dagrun for example_branch_labels to 2026-04-20 00:00:00+00:00, run_after=2026-04-21 00:00:00+00:00
[2026-04-21T19:38:46.630+0000] {processor.py:183} INFO - Processing /home/airflow/.local/lib/python3.8/site-packages/airflow/example_dags/example_branch_labels.py took 0.083 seconds
[2026-04-21T19:39:17.322+0000] {processor.py:161} INFO - Started process (PID=721) to work on /home/airflow/.local/lib/python3.8/site-packages/airflow/example_dags/example_branch_labels.py
[2026-04-21T19:39:17.324+0000] {processor.py:830} INFO - Processing file /home/airflow/.local/lib/python3.8/site-packages/airflow/example_dags/example_branch_labels.py for tasks to queue
[2026-04-21T19:39:17.326+0000] {logging_mixin.py:188} INFO - [2026-04-21T19:39:17.326+0000] {dagbag.py:538} INFO - Filling up the DagBag from /home/airflow/.local/lib/python3.8/site-packages/airflow/example_dags/example_branch_labels.py
[2026-04-21T19:39:17.334+0000] {processor.py:840} INFO - DAG(s) 'example_branch_labels' retrieved from /home/airflow/.local/lib/python3.8/site-packages/airflow/example_dags/example_branch_labels.py
[2026-04-21T19:39:17.358+0000] {logging_mixin.py:188} INFO - [2026-04-21T19:39:17.358+0000] {dag.py:3036} INFO - Sync 1 DAGs
[2026-04-21T19:39:17.382+0000] {logging_mixin.py:188} INFO - [2026-04-21T19:39:17.381+0000] {dag.py:3823} INFO - Setting next_dagrun for example_branch_labels to 2026-04-20 00:00:00+00:00, run_after=2026-04-21 00:00:00+00:00
[2026-04-21T19:39:17.403+0000] {processor.py:183} INFO - Processing /home/airflow/.local/lib/python3.8/site-packages/airflow/example_dags/example_branch_labels.py took 0.084 seconds
[2026-04-21T19:39:47.983+0000] {processor.py:161} INFO - Started process (PID=778) to work on /home/airflow/.local/lib/python3.8/site-packages/airflow/example_dags/example_branch_labels.py
[2026-04-21T19:39:47.984+0000] {processor.py:830} INFO - Processing file /home/airflow/.local/lib/python3.8/site-packages/airflow/example_dags/example_branch_labels.py for tasks to queue
[2026-04-21T19:39:47.986+0000] {logging_mixin.py:188} INFO - [2026-04-21T19:39:47.986+0000] {dagbag.py:538} INFO - Filling up the DagBag from /home/airflow/.local/lib/python3.8/site-packages/airflow/example_dags/example_branch_labels.py
[2026-04-21T19:39:47.993+0000] {processor.py:840} INFO - DAG(s) 'example_branch_labels' retrieved from /home/airflow/.local/lib/python3.8/site-packages/airflow/example_dags/example_branch_labels.py
[2026-04-21T19:39:48.018+0000] {logging_mixin.py:188} INFO - [2026-04-21T19:39:48.017+0000] {dag.py:3036} INFO - Sync 1 DAGs
[2026-04-21T19:39:48.039+0000] {logging_mixin.py:188} INFO - [2026-04-21T19:39:48.039+0000] {dag.py:3823} INFO - Setting next_dagrun for example_branch_labels to 2026-04-20 00:00:00+00:00, run_after=2026-04-21 00:00:00+00:00
[2026-04-21T19:39:48.058+0000] {processor.py:183} INFO - Processing /home/airflow/.local/lib/python3.8/site-packages/airflow/example_dags/example_branch_labels.py took 0.080 seconds
