[2026-04-21T19:33:34.038+0000] {processor.py:161} INFO - Started process (PID=73) to work on /home/airflow/.local/lib/python3.8/site-packages/airflow/example_dags/example_kubernetes_executor.py
[2026-04-21T19:33:34.039+0000] {processor.py:830} INFO - Processing file /home/airflow/.local/lib/python3.8/site-packages/airflow/example_dags/example_kubernetes_executor.py for tasks to queue
[2026-04-21T19:33:34.043+0000] {logging_mixin.py:188} INFO - [2026-04-21T19:33:34.042+0000] {dagbag.py:538} INFO - Filling up the DagBag from /home/airflow/.local/lib/python3.8/site-packages/airflow/example_dags/example_kubernetes_executor.py
[2026-04-21T19:33:34.074+0000] {processor.py:840} INFO - DAG(s) 'example_kubernetes_executor' retrieved from /home/airflow/.local/lib/python3.8/site-packages/airflow/example_dags/example_kubernetes_executor.py
[2026-04-21T19:33:34.160+0000] {logging_mixin.py:188} INFO - [2026-04-21T19:33:34.159+0000] {dag.py:3036} INFO - Sync 1 DAGs
[2026-04-21T19:33:34.181+0000] {logging_mixin.py:188} INFO - [2026-04-21T19:33:34.181+0000] {dag.py:3823} INFO - Setting next_dagrun for example_kubernetes_executor to None, run_after=None
[2026-04-21T19:33:34.214+0000] {processor.py:183} INFO - Processing /home/airflow/.local/lib/python3.8/site-packages/airflow/example_dags/example_kubernetes_executor.py took 0.180 seconds
[2026-04-21T19:34:05.814+0000] {processor.py:161} INFO - Started process (PID=130) to work on /home/airflow/.local/lib/python3.8/site-packages/airflow/example_dags/example_kubernetes_executor.py
[2026-04-21T19:34:05.816+0000] {processor.py:830} INFO - Processing file /home/airflow/.local/lib/python3.8/site-packages/airflow/example_dags/example_kubernetes_executor.py for tasks to queue
[2026-04-21T19:34:05.822+0000] {logging_mixin.py:188} INFO - [2026-04-21T19:34:05.820+0000] {dagbag.py:538} INFO - Filling up the DagBag from /home/airflow/.local/lib/python3.8/site-packages/airflow/example_dags/example_kubernetes_executor.py
[2026-04-21T19:34:05.859+0000] {processor.py:840} INFO - DAG(s) 'example_kubernetes_executor' retrieved from /home/airflow/.local/lib/python3.8/site-packages/airflow/example_dags/example_kubernetes_executor.py
[2026-04-21T19:34:05.983+0000] {logging_mixin.py:188} INFO - [2026-04-21T19:34:05.983+0000] {dag.py:3036} INFO - Sync 1 DAGs
[2026-04-21T19:34:06.018+0000] {logging_mixin.py:188} INFO - [2026-04-21T19:34:06.017+0000] {dag.py:3823} INFO - Setting next_dagrun for example_kubernetes_executor to None, run_after=None
[2026-04-21T19:34:06.073+0000] {processor.py:183} INFO - Processing /home/airflow/.local/lib/python3.8/site-packages/airflow/example_dags/example_kubernetes_executor.py took 0.265 seconds
[2026-04-21T19:34:36.665+0000] {processor.py:161} INFO - Started process (PID=187) to work on /home/airflow/.local/lib/python3.8/site-packages/airflow/example_dags/example_kubernetes_executor.py
[2026-04-21T19:34:36.670+0000] {processor.py:830} INFO - Processing file /home/airflow/.local/lib/python3.8/site-packages/airflow/example_dags/example_kubernetes_executor.py for tasks to queue
[2026-04-21T19:34:36.675+0000] {logging_mixin.py:188} INFO - [2026-04-21T19:34:36.674+0000] {dagbag.py:538} INFO - Filling up the DagBag from /home/airflow/.local/lib/python3.8/site-packages/airflow/example_dags/example_kubernetes_executor.py
[2026-04-21T19:34:36.714+0000] {processor.py:840} INFO - DAG(s) 'example_kubernetes_executor' retrieved from /home/airflow/.local/lib/python3.8/site-packages/airflow/example_dags/example_kubernetes_executor.py
[2026-04-21T19:34:36.801+0000] {logging_mixin.py:188} INFO - [2026-04-21T19:34:36.800+0000] {dag.py:3036} INFO - Sync 1 DAGs
[2026-04-21T19:34:36.827+0000] {logging_mixin.py:188} INFO - [2026-04-21T19:34:36.826+0000] {dag.py:3823} INFO - Setting next_dagrun for example_kubernetes_executor to None, run_after=None
[2026-04-21T19:34:36.880+0000] {processor.py:183} INFO - Processing /home/airflow/.local/lib/python3.8/site-packages/airflow/example_dags/example_kubernetes_executor.py took 0.225 seconds
[2026-04-21T19:35:07.173+0000] {processor.py:161} INFO - Started process (PID=245) to work on /home/airflow/.local/lib/python3.8/site-packages/airflow/example_dags/example_kubernetes_executor.py
[2026-04-21T19:35:07.175+0000] {processor.py:830} INFO - Processing file /home/airflow/.local/lib/python3.8/site-packages/airflow/example_dags/example_kubernetes_executor.py for tasks to queue
[2026-04-21T19:35:07.179+0000] {logging_mixin.py:188} INFO - [2026-04-21T19:35:07.178+0000] {dagbag.py:538} INFO - Filling up the DagBag from /home/airflow/.local/lib/python3.8/site-packages/airflow/example_dags/example_kubernetes_executor.py
[2026-04-21T19:35:07.216+0000] {processor.py:840} INFO - DAG(s) 'example_kubernetes_executor' retrieved from /home/airflow/.local/lib/python3.8/site-packages/airflow/example_dags/example_kubernetes_executor.py
[2026-04-21T19:35:07.303+0000] {logging_mixin.py:188} INFO - [2026-04-21T19:35:07.302+0000] {dag.py:3036} INFO - Sync 1 DAGs
[2026-04-21T19:35:07.330+0000] {logging_mixin.py:188} INFO - [2026-04-21T19:35:07.329+0000] {dag.py:3823} INFO - Setting next_dagrun for example_kubernetes_executor to None, run_after=None
[2026-04-21T19:35:07.374+0000] {processor.py:183} INFO - Processing /home/airflow/.local/lib/python3.8/site-packages/airflow/example_dags/example_kubernetes_executor.py took 0.210 seconds
[2026-04-21T19:35:37.498+0000] {processor.py:161} INFO - Started process (PID=302) to work on /home/airflow/.local/lib/python3.8/site-packages/airflow/example_dags/example_kubernetes_executor.py
[2026-04-21T19:35:37.500+0000] {processor.py:830} INFO - Processing file /home/airflow/.local/lib/python3.8/site-packages/airflow/example_dags/example_kubernetes_executor.py for tasks to queue
[2026-04-21T19:35:37.505+0000] {logging_mixin.py:188} INFO - [2026-04-21T19:35:37.504+0000] {dagbag.py:538} INFO - Filling up the DagBag from /home/airflow/.local/lib/python3.8/site-packages/airflow/example_dags/example_kubernetes_executor.py
[2026-04-21T19:35:37.531+0000] {processor.py:840} INFO - DAG(s) 'example_kubernetes_executor' retrieved from /home/airflow/.local/lib/python3.8/site-packages/airflow/example_dags/example_kubernetes_executor.py
[2026-04-21T19:35:37.603+0000] {logging_mixin.py:188} INFO - [2026-04-21T19:35:37.602+0000] {dag.py:3036} INFO - Sync 1 DAGs
[2026-04-21T19:35:37.624+0000] {logging_mixin.py:188} INFO - [2026-04-21T19:35:37.624+0000] {dag.py:3823} INFO - Setting next_dagrun for example_kubernetes_executor to None, run_after=None
[2026-04-21T19:35:37.663+0000] {processor.py:183} INFO - Processing /home/airflow/.local/lib/python3.8/site-packages/airflow/example_dags/example_kubernetes_executor.py took 0.170 seconds
[2026-04-21T19:36:07.860+0000] {processor.py:161} INFO - Started process (PID=359) to work on /home/airflow/.local/lib/python3.8/site-packages/airflow/example_dags/example_kubernetes_executor.py
[2026-04-21T19:36:07.862+0000] {processor.py:830} INFO - Processing file /home/airflow/.local/lib/python3.8/site-packages/airflow/example_dags/example_kubernetes_executor.py for tasks to queue
[2026-04-21T19:36:07.869+0000] {logging_mixin.py:188} INFO - [2026-04-21T19:36:07.866+0000] {dagbag.py:538} INFO - Filling up the DagBag from /home/airflow/.local/lib/python3.8/site-packages/airflow/example_dags/example_kubernetes_executor.py
[2026-04-21T19:36:07.907+0000] {processor.py:840} INFO - DAG(s) 'example_kubernetes_executor' retrieved from /home/airflow/.local/lib/python3.8/site-packages/airflow/example_dags/example_kubernetes_executor.py
[2026-04-21T19:36:08.001+0000] {logging_mixin.py:188} INFO - [2026-04-21T19:36:08.000+0000] {dag.py:3036} INFO - Sync 1 DAGs
[2026-04-21T19:36:08.032+0000] {logging_mixin.py:188} INFO - [2026-04-21T19:36:08.032+0000] {dag.py:3823} INFO - Setting next_dagrun for example_kubernetes_executor to None, run_after=None
[2026-04-21T19:36:08.079+0000] {processor.py:183} INFO - Processing /home/airflow/.local/lib/python3.8/site-packages/airflow/example_dags/example_kubernetes_executor.py took 0.224 seconds
[2026-04-21T19:36:38.447+0000] {processor.py:161} INFO - Started process (PID=417) to work on /home/airflow/.local/lib/python3.8/site-packages/airflow/example_dags/example_kubernetes_executor.py
[2026-04-21T19:36:38.449+0000] {processor.py:830} INFO - Processing file /home/airflow/.local/lib/python3.8/site-packages/airflow/example_dags/example_kubernetes_executor.py for tasks to queue
[2026-04-21T19:36:38.453+0000] {logging_mixin.py:188} INFO - [2026-04-21T19:36:38.453+0000] {dagbag.py:538} INFO - Filling up the DagBag from /home/airflow/.local/lib/python3.8/site-packages/airflow/example_dags/example_kubernetes_executor.py
[2026-04-21T19:36:38.478+0000] {processor.py:840} INFO - DAG(s) 'example_kubernetes_executor' retrieved from /home/airflow/.local/lib/python3.8/site-packages/airflow/example_dags/example_kubernetes_executor.py
[2026-04-21T19:36:38.541+0000] {logging_mixin.py:188} INFO - [2026-04-21T19:36:38.541+0000] {dag.py:3036} INFO - Sync 1 DAGs
[2026-04-21T19:36:38.559+0000] {logging_mixin.py:188} INFO - [2026-04-21T19:36:38.559+0000] {dag.py:3823} INFO - Setting next_dagrun for example_kubernetes_executor to None, run_after=None
[2026-04-21T19:36:38.590+0000] {processor.py:183} INFO - Processing /home/airflow/.local/lib/python3.8/site-packages/airflow/example_dags/example_kubernetes_executor.py took 0.148 seconds
[2026-04-21T19:37:11.112+0000] {processor.py:161} INFO - Started process (PID=474) to work on /home/airflow/.local/lib/python3.8/site-packages/airflow/example_dags/example_kubernetes_executor.py
[2026-04-21T19:37:11.126+0000] {processor.py:830} INFO - Processing file /home/airflow/.local/lib/python3.8/site-packages/airflow/example_dags/example_kubernetes_executor.py for tasks to queue
[2026-04-21T19:37:11.134+0000] {logging_mixin.py:188} INFO - [2026-04-21T19:37:11.133+0000] {dagbag.py:538} INFO - Filling up the DagBag from /home/airflow/.local/lib/python3.8/site-packages/airflow/example_dags/example_kubernetes_executor.py
[2026-04-21T19:37:11.192+0000] {processor.py:840} INFO - DAG(s) 'example_kubernetes_executor' retrieved from /home/airflow/.local/lib/python3.8/site-packages/airflow/example_dags/example_kubernetes_executor.py
[2026-04-21T19:37:11.324+0000] {logging_mixin.py:188} INFO - [2026-04-21T19:37:11.323+0000] {dag.py:3036} INFO - Sync 1 DAGs
[2026-04-21T19:37:11.384+0000] {logging_mixin.py:188} INFO - [2026-04-21T19:37:11.383+0000] {dag.py:3823} INFO - Setting next_dagrun for example_kubernetes_executor to None, run_after=None
[2026-04-21T19:37:11.452+0000] {processor.py:183} INFO - Processing /home/airflow/.local/lib/python3.8/site-packages/airflow/example_dags/example_kubernetes_executor.py took 0.346 seconds
[2026-04-21T19:37:41.549+0000] {processor.py:161} INFO - Started process (PID=531) to work on /home/airflow/.local/lib/python3.8/site-packages/airflow/example_dags/example_kubernetes_executor.py
[2026-04-21T19:37:41.551+0000] {processor.py:830} INFO - Processing file /home/airflow/.local/lib/python3.8/site-packages/airflow/example_dags/example_kubernetes_executor.py for tasks to queue
[2026-04-21T19:37:41.554+0000] {logging_mixin.py:188} INFO - [2026-04-21T19:37:41.553+0000] {dagbag.py:538} INFO - Filling up the DagBag from /home/airflow/.local/lib/python3.8/site-packages/airflow/example_dags/example_kubernetes_executor.py
[2026-04-21T19:37:41.567+0000] {processor.py:840} INFO - DAG(s) 'example_kubernetes_executor' retrieved from /home/airflow/.local/lib/python3.8/site-packages/airflow/example_dags/example_kubernetes_executor.py
[2026-04-21T19:37:41.604+0000] {logging_mixin.py:188} INFO - [2026-04-21T19:37:41.604+0000] {dag.py:3036} INFO - Sync 1 DAGs
[2026-04-21T19:37:41.619+0000] {logging_mixin.py:188} INFO - [2026-04-21T19:37:41.618+0000] {dag.py:3823} INFO - Setting next_dagrun for example_kubernetes_executor to None, run_after=None
[2026-04-21T19:37:41.797+0000] {processor.py:183} INFO - Processing /home/airflow/.local/lib/python3.8/site-packages/airflow/example_dags/example_kubernetes_executor.py took 0.252 seconds
[2026-04-21T19:38:12.143+0000] {processor.py:161} INFO - Started process (PID=589) to work on /home/airflow/.local/lib/python3.8/site-packages/airflow/example_dags/example_kubernetes_executor.py
[2026-04-21T19:38:12.144+0000] {processor.py:830} INFO - Processing file /home/airflow/.local/lib/python3.8/site-packages/airflow/example_dags/example_kubernetes_executor.py for tasks to queue
[2026-04-21T19:38:12.146+0000] {logging_mixin.py:188} INFO - [2026-04-21T19:38:12.146+0000] {dagbag.py:538} INFO - Filling up the DagBag from /home/airflow/.local/lib/python3.8/site-packages/airflow/example_dags/example_kubernetes_executor.py
[2026-04-21T19:38:12.159+0000] {processor.py:840} INFO - DAG(s) 'example_kubernetes_executor' retrieved from /home/airflow/.local/lib/python3.8/site-packages/airflow/example_dags/example_kubernetes_executor.py
[2026-04-21T19:38:12.195+0000] {logging_mixin.py:188} INFO - [2026-04-21T19:38:12.194+0000] {dag.py:3036} INFO - Sync 1 DAGs
[2026-04-21T19:38:12.207+0000] {logging_mixin.py:188} INFO - [2026-04-21T19:38:12.207+0000] {dag.py:3823} INFO - Setting next_dagrun for example_kubernetes_executor to None, run_after=None
[2026-04-21T19:38:12.227+0000] {processor.py:183} INFO - Processing /home/airflow/.local/lib/python3.8/site-packages/airflow/example_dags/example_kubernetes_executor.py took 0.087 seconds
[2026-04-21T19:38:42.491+0000] {processor.py:161} INFO - Started process (PID=646) to work on /home/airflow/.local/lib/python3.8/site-packages/airflow/example_dags/example_kubernetes_executor.py
[2026-04-21T19:38:42.492+0000] {processor.py:830} INFO - Processing file /home/airflow/.local/lib/python3.8/site-packages/airflow/example_dags/example_kubernetes_executor.py for tasks to queue
[2026-04-21T19:38:42.494+0000] {logging_mixin.py:188} INFO - [2026-04-21T19:38:42.494+0000] {dagbag.py:538} INFO - Filling up the DagBag from /home/airflow/.local/lib/python3.8/site-packages/airflow/example_dags/example_kubernetes_executor.py
[2026-04-21T19:38:42.509+0000] {processor.py:840} INFO - DAG(s) 'example_kubernetes_executor' retrieved from /home/airflow/.local/lib/python3.8/site-packages/airflow/example_dags/example_kubernetes_executor.py
[2026-04-21T19:38:42.551+0000] {logging_mixin.py:188} INFO - [2026-04-21T19:38:42.551+0000] {dag.py:3036} INFO - Sync 1 DAGs
[2026-04-21T19:38:42.565+0000] {logging_mixin.py:188} INFO - [2026-04-21T19:38:42.564+0000] {dag.py:3823} INFO - Setting next_dagrun for example_kubernetes_executor to None, run_after=None
[2026-04-21T19:38:42.587+0000] {processor.py:183} INFO - Processing /home/airflow/.local/lib/python3.8/site-packages/airflow/example_dags/example_kubernetes_executor.py took 0.100 seconds
[2026-04-21T19:39:13.104+0000] {processor.py:161} INFO - Started process (PID=702) to work on /home/airflow/.local/lib/python3.8/site-packages/airflow/example_dags/example_kubernetes_executor.py
[2026-04-21T19:39:13.106+0000] {processor.py:830} INFO - Processing file /home/airflow/.local/lib/python3.8/site-packages/airflow/example_dags/example_kubernetes_executor.py for tasks to queue
[2026-04-21T19:39:13.108+0000] {logging_mixin.py:188} INFO - [2026-04-21T19:39:13.108+0000] {dagbag.py:538} INFO - Filling up the DagBag from /home/airflow/.local/lib/python3.8/site-packages/airflow/example_dags/example_kubernetes_executor.py
[2026-04-21T19:39:13.124+0000] {processor.py:840} INFO - DAG(s) 'example_kubernetes_executor' retrieved from /home/airflow/.local/lib/python3.8/site-packages/airflow/example_dags/example_kubernetes_executor.py
[2026-04-21T19:39:13.159+0000] {logging_mixin.py:188} INFO - [2026-04-21T19:39:13.159+0000] {dag.py:3036} INFO - Sync 1 DAGs
[2026-04-21T19:39:13.174+0000] {logging_mixin.py:188} INFO - [2026-04-21T19:39:13.173+0000] {dag.py:3823} INFO - Setting next_dagrun for example_kubernetes_executor to None, run_after=None
[2026-04-21T19:39:13.202+0000] {processor.py:183} INFO - Processing /home/airflow/.local/lib/python3.8/site-packages/airflow/example_dags/example_kubernetes_executor.py took 0.102 seconds
[2026-04-21T19:39:43.731+0000] {processor.py:161} INFO - Started process (PID=759) to work on /home/airflow/.local/lib/python3.8/site-packages/airflow/example_dags/example_kubernetes_executor.py
[2026-04-21T19:39:43.733+0000] {processor.py:830} INFO - Processing file /home/airflow/.local/lib/python3.8/site-packages/airflow/example_dags/example_kubernetes_executor.py for tasks to queue
[2026-04-21T19:39:43.736+0000] {logging_mixin.py:188} INFO - [2026-04-21T19:39:43.735+0000] {dagbag.py:538} INFO - Filling up the DagBag from /home/airflow/.local/lib/python3.8/site-packages/airflow/example_dags/example_kubernetes_executor.py
[2026-04-21T19:39:43.753+0000] {processor.py:840} INFO - DAG(s) 'example_kubernetes_executor' retrieved from /home/airflow/.local/lib/python3.8/site-packages/airflow/example_dags/example_kubernetes_executor.py
[2026-04-21T19:39:43.801+0000] {logging_mixin.py:188} INFO - [2026-04-21T19:39:43.801+0000] {dag.py:3036} INFO - Sync 1 DAGs
[2026-04-21T19:39:43.818+0000] {logging_mixin.py:188} INFO - [2026-04-21T19:39:43.817+0000] {dag.py:3823} INFO - Setting next_dagrun for example_kubernetes_executor to None, run_after=None
[2026-04-21T19:39:43.858+0000] {processor.py:183} INFO - Processing /home/airflow/.local/lib/python3.8/site-packages/airflow/example_dags/example_kubernetes_executor.py took 0.131 seconds
