[2026-04-21T19:33:32.918+0000] {processor.py:161} INFO - Started process (PID=67) to work on /home/airflow/.local/lib/python3.8/site-packages/airflow/example_dags/tutorial_taskflow_api.py
[2026-04-21T19:33:32.921+0000] {processor.py:830} INFO - Processing file /home/airflow/.local/lib/python3.8/site-packages/airflow/example_dags/tutorial_taskflow_api.py for tasks to queue
[2026-04-21T19:33:32.924+0000] {logging_mixin.py:188} INFO - [2026-04-21T19:33:32.924+0000] {dagbag.py:538} INFO - Filling up the DagBag from /home/airflow/.local/lib/python3.8/site-packages/airflow/example_dags/tutorial_taskflow_api.py
[2026-04-21T19:33:32.956+0000] {processor.py:840} INFO - DAG(s) 'tutorial_taskflow_api' retrieved from /home/airflow/.local/lib/python3.8/site-packages/airflow/example_dags/tutorial_taskflow_api.py
[2026-04-21T19:33:33.031+0000] {logging_mixin.py:188} INFO - [2026-04-21T19:33:33.030+0000] {dag.py:3036} INFO - Sync 1 DAGs
[2026-04-21T19:33:33.075+0000] {logging_mixin.py:188} INFO - [2026-04-21T19:33:33.075+0000] {dag.py:3823} INFO - Setting next_dagrun for tutorial_taskflow_api to None, run_after=None
[2026-04-21T19:33:33.150+0000] {processor.py:183} INFO - Processing /home/airflow/.local/lib/python3.8/site-packages/airflow/example_dags/tutorial_taskflow_api.py took 0.239 seconds
[2026-04-21T19:34:04.138+0000] {processor.py:161} INFO - Started process (PID=124) to work on /home/airflow/.local/lib/python3.8/site-packages/airflow/example_dags/tutorial_taskflow_api.py
[2026-04-21T19:34:04.140+0000] {processor.py:830} INFO - Processing file /home/airflow/.local/lib/python3.8/site-packages/airflow/example_dags/tutorial_taskflow_api.py for tasks to queue
[2026-04-21T19:34:04.144+0000] {logging_mixin.py:188} INFO - [2026-04-21T19:34:04.143+0000] {dagbag.py:538} INFO - Filling up the DagBag from /home/airflow/.local/lib/python3.8/site-packages/airflow/example_dags/tutorial_taskflow_api.py
[2026-04-21T19:34:04.157+0000] {processor.py:840} INFO - DAG(s) 'tutorial_taskflow_api' retrieved from /home/airflow/.local/lib/python3.8/site-packages/airflow/example_dags/tutorial_taskflow_api.py
[2026-04-21T19:34:04.204+0000] {logging_mixin.py:188} INFO - [2026-04-21T19:34:04.204+0000] {dag.py:3036} INFO - Sync 1 DAGs
[2026-04-21T19:34:04.232+0000] {logging_mixin.py:188} INFO - [2026-04-21T19:34:04.231+0000] {dag.py:3823} INFO - Setting next_dagrun for tutorial_taskflow_api to None, run_after=None
[2026-04-21T19:34:04.283+0000] {processor.py:183} INFO - Processing /home/airflow/.local/lib/python3.8/site-packages/airflow/example_dags/tutorial_taskflow_api.py took 0.151 seconds
[2026-04-21T19:34:34.586+0000] {processor.py:161} INFO - Started process (PID=181) to work on /home/airflow/.local/lib/python3.8/site-packages/airflow/example_dags/tutorial_taskflow_api.py
[2026-04-21T19:34:34.588+0000] {processor.py:830} INFO - Processing file /home/airflow/.local/lib/python3.8/site-packages/airflow/example_dags/tutorial_taskflow_api.py for tasks to queue
[2026-04-21T19:34:34.592+0000] {logging_mixin.py:188} INFO - [2026-04-21T19:34:34.591+0000] {dagbag.py:538} INFO - Filling up the DagBag from /home/airflow/.local/lib/python3.8/site-packages/airflow/example_dags/tutorial_taskflow_api.py
[2026-04-21T19:34:34.607+0000] {processor.py:840} INFO - DAG(s) 'tutorial_taskflow_api' retrieved from /home/airflow/.local/lib/python3.8/site-packages/airflow/example_dags/tutorial_taskflow_api.py
[2026-04-21T19:34:34.648+0000] {logging_mixin.py:188} INFO - [2026-04-21T19:34:34.648+0000] {dag.py:3036} INFO - Sync 1 DAGs
[2026-04-21T19:34:34.674+0000] {logging_mixin.py:188} INFO - [2026-04-21T19:34:34.674+0000] {dag.py:3823} INFO - Setting next_dagrun for tutorial_taskflow_api to None, run_after=None
[2026-04-21T19:34:34.716+0000] {processor.py:183} INFO - Processing /home/airflow/.local/lib/python3.8/site-packages/airflow/example_dags/tutorial_taskflow_api.py took 0.137 seconds
[2026-04-21T19:35:04.860+0000] {processor.py:161} INFO - Started process (PID=239) to work on /home/airflow/.local/lib/python3.8/site-packages/airflow/example_dags/tutorial_taskflow_api.py
[2026-04-21T19:35:04.862+0000] {processor.py:830} INFO - Processing file /home/airflow/.local/lib/python3.8/site-packages/airflow/example_dags/tutorial_taskflow_api.py for tasks to queue
[2026-04-21T19:35:04.866+0000] {logging_mixin.py:188} INFO - [2026-04-21T19:35:04.866+0000] {dagbag.py:538} INFO - Filling up the DagBag from /home/airflow/.local/lib/python3.8/site-packages/airflow/example_dags/tutorial_taskflow_api.py
[2026-04-21T19:35:04.881+0000] {processor.py:840} INFO - DAG(s) 'tutorial_taskflow_api' retrieved from /home/airflow/.local/lib/python3.8/site-packages/airflow/example_dags/tutorial_taskflow_api.py
[2026-04-21T19:35:04.924+0000] {logging_mixin.py:188} INFO - [2026-04-21T19:35:04.924+0000] {dag.py:3036} INFO - Sync 1 DAGs
[2026-04-21T19:35:04.949+0000] {logging_mixin.py:188} INFO - [2026-04-21T19:35:04.948+0000] {dag.py:3823} INFO - Setting next_dagrun for tutorial_taskflow_api to None, run_after=None
[2026-04-21T19:35:04.989+0000] {processor.py:183} INFO - Processing /home/airflow/.local/lib/python3.8/site-packages/airflow/example_dags/tutorial_taskflow_api.py took 0.138 seconds
[2026-04-21T19:35:35.281+0000] {processor.py:161} INFO - Started process (PID=297) to work on /home/airflow/.local/lib/python3.8/site-packages/airflow/example_dags/tutorial_taskflow_api.py
[2026-04-21T19:35:35.283+0000] {processor.py:830} INFO - Processing file /home/airflow/.local/lib/python3.8/site-packages/airflow/example_dags/tutorial_taskflow_api.py for tasks to queue
[2026-04-21T19:35:35.289+0000] {logging_mixin.py:188} INFO - [2026-04-21T19:35:35.288+0000] {dagbag.py:538} INFO - Filling up the DagBag from /home/airflow/.local/lib/python3.8/site-packages/airflow/example_dags/tutorial_taskflow_api.py
[2026-04-21T19:35:35.302+0000] {processor.py:840} INFO - DAG(s) 'tutorial_taskflow_api' retrieved from /home/airflow/.local/lib/python3.8/site-packages/airflow/example_dags/tutorial_taskflow_api.py
[2026-04-21T19:35:35.344+0000] {logging_mixin.py:188} INFO - [2026-04-21T19:35:35.343+0000] {dag.py:3036} INFO - Sync 1 DAGs
[2026-04-21T19:35:35.371+0000] {logging_mixin.py:188} INFO - [2026-04-21T19:35:35.370+0000] {dag.py:3823} INFO - Setting next_dagrun for tutorial_taskflow_api to None, run_after=None
[2026-04-21T19:35:35.418+0000] {processor.py:183} INFO - Processing /home/airflow/.local/lib/python3.8/site-packages/airflow/example_dags/tutorial_taskflow_api.py took 0.143 seconds
[2026-04-21T19:36:06.231+0000] {processor.py:161} INFO - Started process (PID=354) to work on /home/airflow/.local/lib/python3.8/site-packages/airflow/example_dags/tutorial_taskflow_api.py
[2026-04-21T19:36:06.233+0000] {processor.py:830} INFO - Processing file /home/airflow/.local/lib/python3.8/site-packages/airflow/example_dags/tutorial_taskflow_api.py for tasks to queue
[2026-04-21T19:36:06.238+0000] {logging_mixin.py:188} INFO - [2026-04-21T19:36:06.237+0000] {dagbag.py:538} INFO - Filling up the DagBag from /home/airflow/.local/lib/python3.8/site-packages/airflow/example_dags/tutorial_taskflow_api.py
[2026-04-21T19:36:06.255+0000] {processor.py:840} INFO - DAG(s) 'tutorial_taskflow_api' retrieved from /home/airflow/.local/lib/python3.8/site-packages/airflow/example_dags/tutorial_taskflow_api.py
[2026-04-21T19:36:06.296+0000] {logging_mixin.py:188} INFO - [2026-04-21T19:36:06.295+0000] {dag.py:3036} INFO - Sync 1 DAGs
[2026-04-21T19:36:06.326+0000] {logging_mixin.py:188} INFO - [2026-04-21T19:36:06.325+0000] {dag.py:3823} INFO - Setting next_dagrun for tutorial_taskflow_api to None, run_after=None
[2026-04-21T19:36:06.372+0000] {processor.py:183} INFO - Processing /home/airflow/.local/lib/python3.8/site-packages/airflow/example_dags/tutorial_taskflow_api.py took 0.147 seconds
[2026-04-21T19:36:36.837+0000] {processor.py:161} INFO - Started process (PID=412) to work on /home/airflow/.local/lib/python3.8/site-packages/airflow/example_dags/tutorial_taskflow_api.py
[2026-04-21T19:36:36.839+0000] {processor.py:830} INFO - Processing file /home/airflow/.local/lib/python3.8/site-packages/airflow/example_dags/tutorial_taskflow_api.py for tasks to queue
[2026-04-21T19:36:36.844+0000] {logging_mixin.py:188} INFO - [2026-04-21T19:36:36.843+0000] {dagbag.py:538} INFO - Filling up the DagBag from /home/airflow/.local/lib/python3.8/site-packages/airflow/example_dags/tutorial_taskflow_api.py
[2026-04-21T19:36:36.857+0000] {processor.py:840} INFO - DAG(s) 'tutorial_taskflow_api' retrieved from /home/airflow/.local/lib/python3.8/site-packages/airflow/example_dags/tutorial_taskflow_api.py
[2026-04-21T19:36:36.901+0000] {logging_mixin.py:188} INFO - [2026-04-21T19:36:36.899+0000] {dag.py:3036} INFO - Sync 1 DAGs
[2026-04-21T19:36:36.929+0000] {logging_mixin.py:188} INFO - [2026-04-21T19:36:36.928+0000] {dag.py:3823} INFO - Setting next_dagrun for tutorial_taskflow_api to None, run_after=None
[2026-04-21T19:36:36.970+0000] {processor.py:183} INFO - Processing /home/airflow/.local/lib/python3.8/site-packages/airflow/example_dags/tutorial_taskflow_api.py took 0.142 seconds
[2026-04-21T19:37:09.272+0000] {processor.py:161} INFO - Started process (PID=469) to work on /home/airflow/.local/lib/python3.8/site-packages/airflow/example_dags/tutorial_taskflow_api.py
[2026-04-21T19:37:09.287+0000] {processor.py:830} INFO - Processing file /home/airflow/.local/lib/python3.8/site-packages/airflow/example_dags/tutorial_taskflow_api.py for tasks to queue
[2026-04-21T19:37:09.304+0000] {logging_mixin.py:188} INFO - [2026-04-21T19:37:09.303+0000] {dagbag.py:538} INFO - Filling up the DagBag from /home/airflow/.local/lib/python3.8/site-packages/airflow/example_dags/tutorial_taskflow_api.py
[2026-04-21T19:37:09.331+0000] {processor.py:840} INFO - DAG(s) 'tutorial_taskflow_api' retrieved from /home/airflow/.local/lib/python3.8/site-packages/airflow/example_dags/tutorial_taskflow_api.py
[2026-04-21T19:37:09.445+0000] {logging_mixin.py:188} INFO - [2026-04-21T19:37:09.444+0000] {dag.py:3036} INFO - Sync 1 DAGs
[2026-04-21T19:37:09.541+0000] {logging_mixin.py:188} INFO - [2026-04-21T19:37:09.534+0000] {dag.py:3823} INFO - Setting next_dagrun for tutorial_taskflow_api to None, run_after=None
[2026-04-21T19:37:09.655+0000] {processor.py:183} INFO - Processing /home/airflow/.local/lib/python3.8/site-packages/airflow/example_dags/tutorial_taskflow_api.py took 0.406 seconds
[2026-04-21T19:37:39.880+0000] {processor.py:161} INFO - Started process (PID=526) to work on /home/airflow/.local/lib/python3.8/site-packages/airflow/example_dags/tutorial_taskflow_api.py
[2026-04-21T19:37:39.948+0000] {processor.py:830} INFO - Processing file /home/airflow/.local/lib/python3.8/site-packages/airflow/example_dags/tutorial_taskflow_api.py for tasks to queue
[2026-04-21T19:37:39.953+0000] {logging_mixin.py:188} INFO - [2026-04-21T19:37:39.952+0000] {dagbag.py:538} INFO - Filling up the DagBag from /home/airflow/.local/lib/python3.8/site-packages/airflow/example_dags/tutorial_taskflow_api.py
[2026-04-21T19:37:39.962+0000] {processor.py:840} INFO - DAG(s) 'tutorial_taskflow_api' retrieved from /home/airflow/.local/lib/python3.8/site-packages/airflow/example_dags/tutorial_taskflow_api.py
[2026-04-21T19:37:39.985+0000] {logging_mixin.py:188} INFO - [2026-04-21T19:37:39.985+0000] {dag.py:3036} INFO - Sync 1 DAGs
[2026-04-21T19:37:39.997+0000] {logging_mixin.py:188} INFO - [2026-04-21T19:37:39.997+0000] {dag.py:3823} INFO - Setting next_dagrun for tutorial_taskflow_api to None, run_after=None
[2026-04-21T19:37:40.108+0000] {processor.py:183} INFO - Processing /home/airflow/.local/lib/python3.8/site-packages/airflow/example_dags/tutorial_taskflow_api.py took 0.232 seconds
[2026-04-21T19:38:10.653+0000] {processor.py:161} INFO - Started process (PID=583) to work on /home/airflow/.local/lib/python3.8/site-packages/airflow/example_dags/tutorial_taskflow_api.py
[2026-04-21T19:38:10.655+0000] {processor.py:830} INFO - Processing file /home/airflow/.local/lib/python3.8/site-packages/airflow/example_dags/tutorial_taskflow_api.py for tasks to queue
[2026-04-21T19:38:10.656+0000] {logging_mixin.py:188} INFO - [2026-04-21T19:38:10.656+0000] {dagbag.py:538} INFO - Filling up the DagBag from /home/airflow/.local/lib/python3.8/site-packages/airflow/example_dags/tutorial_taskflow_api.py
[2026-04-21T19:38:10.665+0000] {processor.py:840} INFO - DAG(s) 'tutorial_taskflow_api' retrieved from /home/airflow/.local/lib/python3.8/site-packages/airflow/example_dags/tutorial_taskflow_api.py
[2026-04-21T19:38:10.687+0000] {logging_mixin.py:188} INFO - [2026-04-21T19:38:10.687+0000] {dag.py:3036} INFO - Sync 1 DAGs
[2026-04-21T19:38:10.698+0000] {logging_mixin.py:188} INFO - [2026-04-21T19:38:10.698+0000] {dag.py:3823} INFO - Setting next_dagrun for tutorial_taskflow_api to None, run_after=None
[2026-04-21T19:38:10.720+0000] {processor.py:183} INFO - Processing /home/airflow/.local/lib/python3.8/site-packages/airflow/example_dags/tutorial_taskflow_api.py took 0.071 seconds
[2026-04-21T19:38:41.191+0000] {processor.py:161} INFO - Started process (PID=640) to work on /home/airflow/.local/lib/python3.8/site-packages/airflow/example_dags/tutorial_taskflow_api.py
[2026-04-21T19:38:41.193+0000] {processor.py:830} INFO - Processing file /home/airflow/.local/lib/python3.8/site-packages/airflow/example_dags/tutorial_taskflow_api.py for tasks to queue
[2026-04-21T19:38:41.194+0000] {logging_mixin.py:188} INFO - [2026-04-21T19:38:41.194+0000] {dagbag.py:538} INFO - Filling up the DagBag from /home/airflow/.local/lib/python3.8/site-packages/airflow/example_dags/tutorial_taskflow_api.py
[2026-04-21T19:38:41.203+0000] {processor.py:840} INFO - DAG(s) 'tutorial_taskflow_api' retrieved from /home/airflow/.local/lib/python3.8/site-packages/airflow/example_dags/tutorial_taskflow_api.py
[2026-04-21T19:38:41.226+0000] {logging_mixin.py:188} INFO - [2026-04-21T19:38:41.225+0000] {dag.py:3036} INFO - Sync 1 DAGs
[2026-04-21T19:38:41.241+0000] {logging_mixin.py:188} INFO - [2026-04-21T19:38:41.241+0000] {dag.py:3823} INFO - Setting next_dagrun for tutorial_taskflow_api to None, run_after=None
[2026-04-21T19:38:41.262+0000] {processor.py:183} INFO - Processing /home/airflow/.local/lib/python3.8/site-packages/airflow/example_dags/tutorial_taskflow_api.py took 0.074 seconds
[2026-04-21T19:39:11.815+0000] {processor.py:161} INFO - Started process (PID=697) to work on /home/airflow/.local/lib/python3.8/site-packages/airflow/example_dags/tutorial_taskflow_api.py
[2026-04-21T19:39:11.816+0000] {processor.py:830} INFO - Processing file /home/airflow/.local/lib/python3.8/site-packages/airflow/example_dags/tutorial_taskflow_api.py for tasks to queue
[2026-04-21T19:39:11.819+0000] {logging_mixin.py:188} INFO - [2026-04-21T19:39:11.818+0000] {dagbag.py:538} INFO - Filling up the DagBag from /home/airflow/.local/lib/python3.8/site-packages/airflow/example_dags/tutorial_taskflow_api.py
[2026-04-21T19:39:11.826+0000] {processor.py:840} INFO - DAG(s) 'tutorial_taskflow_api' retrieved from /home/airflow/.local/lib/python3.8/site-packages/airflow/example_dags/tutorial_taskflow_api.py
[2026-04-21T19:39:11.853+0000] {logging_mixin.py:188} INFO - [2026-04-21T19:39:11.852+0000] {dag.py:3036} INFO - Sync 1 DAGs
[2026-04-21T19:39:11.868+0000] {logging_mixin.py:188} INFO - [2026-04-21T19:39:11.867+0000] {dag.py:3823} INFO - Setting next_dagrun for tutorial_taskflow_api to None, run_after=None
[2026-04-21T19:39:11.895+0000] {processor.py:183} INFO - Processing /home/airflow/.local/lib/python3.8/site-packages/airflow/example_dags/tutorial_taskflow_api.py took 0.084 seconds
[2026-04-21T19:39:42.357+0000] {processor.py:161} INFO - Started process (PID=754) to work on /home/airflow/.local/lib/python3.8/site-packages/airflow/example_dags/tutorial_taskflow_api.py
[2026-04-21T19:39:42.358+0000] {processor.py:830} INFO - Processing file /home/airflow/.local/lib/python3.8/site-packages/airflow/example_dags/tutorial_taskflow_api.py for tasks to queue
[2026-04-21T19:39:42.360+0000] {logging_mixin.py:188} INFO - [2026-04-21T19:39:42.360+0000] {dagbag.py:538} INFO - Filling up the DagBag from /home/airflow/.local/lib/python3.8/site-packages/airflow/example_dags/tutorial_taskflow_api.py
[2026-04-21T19:39:42.367+0000] {processor.py:840} INFO - DAG(s) 'tutorial_taskflow_api' retrieved from /home/airflow/.local/lib/python3.8/site-packages/airflow/example_dags/tutorial_taskflow_api.py
[2026-04-21T19:39:42.390+0000] {logging_mixin.py:188} INFO - [2026-04-21T19:39:42.390+0000] {dag.py:3036} INFO - Sync 1 DAGs
[2026-04-21T19:39:42.402+0000] {logging_mixin.py:188} INFO - [2026-04-21T19:39:42.402+0000] {dag.py:3823} INFO - Setting next_dagrun for tutorial_taskflow_api to None, run_after=None
[2026-04-21T19:39:42.425+0000] {processor.py:183} INFO - Processing /home/airflow/.local/lib/python3.8/site-packages/airflow/example_dags/tutorial_taskflow_api.py took 0.072 seconds
