[2026-03-28T22:09:37.858+0000] {processor.py:161} INFO - Started process (PID=54) to work on /home/airflow/.local/lib/python3.8/site-packages/airflow/example_dags/example_bash_operator.py
[2026-03-28T22:09:37.859+0000] {processor.py:830} INFO - Processing file /home/airflow/.local/lib/python3.8/site-packages/airflow/example_dags/example_bash_operator.py for tasks to queue
[2026-03-28T22:09:37.862+0000] {logging_mixin.py:188} INFO - [2026-03-28T22:09:37.862+0000] {dagbag.py:538} INFO - Filling up the DagBag from /home/airflow/.local/lib/python3.8/site-packages/airflow/example_dags/example_bash_operator.py
[2026-03-28T22:09:37.892+0000] {processor.py:840} INFO - DAG(s) 'example_bash_operator' retrieved from /home/airflow/.local/lib/python3.8/site-packages/airflow/example_dags/example_bash_operator.py
[2026-03-28T22:09:38.155+0000] {logging_mixin.py:188} INFO - [2026-03-28T22:09:38.154+0000] {override.py:1769} INFO - Created Permission View: can edit on DAG:example_bash_operator
[2026-03-28T22:09:38.169+0000] {logging_mixin.py:188} INFO - [2026-03-28T22:09:38.169+0000] {override.py:1769} INFO - Created Permission View: can delete on DAG:example_bash_operator
[2026-03-28T22:09:38.179+0000] {logging_mixin.py:188} INFO - [2026-03-28T22:09:38.179+0000] {override.py:1769} INFO - Created Permission View: can read on DAG:example_bash_operator
[2026-03-28T22:09:38.180+0000] {logging_mixin.py:188} INFO - [2026-03-28T22:09:38.180+0000] {dag.py:3036} INFO - Sync 1 DAGs
[2026-03-28T22:09:38.193+0000] {logging_mixin.py:188} INFO - [2026-03-28T22:09:38.192+0000] {dag.py:3058} INFO - Creating ORM DAG for example_bash_operator
[2026-03-28T22:09:38.205+0000] {logging_mixin.py:188} INFO - [2026-03-28T22:09:38.204+0000] {dag.py:3823} INFO - Setting next_dagrun for example_bash_operator to 2026-03-27 00:00:00+00:00, run_after=2026-03-28 00:00:00+00:00
[2026-03-28T22:09:38.229+0000] {processor.py:183} INFO - Processing /home/airflow/.local/lib/python3.8/site-packages/airflow/example_dags/example_bash_operator.py took 0.376 seconds
[2026-03-28T22:10:08.848+0000] {processor.py:161} INFO - Started process (PID=110) to work on /home/airflow/.local/lib/python3.8/site-packages/airflow/example_dags/example_bash_operator.py
[2026-03-28T22:10:08.849+0000] {processor.py:830} INFO - Processing file /home/airflow/.local/lib/python3.8/site-packages/airflow/example_dags/example_bash_operator.py for tasks to queue
[2026-03-28T22:10:08.851+0000] {logging_mixin.py:188} INFO - [2026-03-28T22:10:08.850+0000] {dagbag.py:538} INFO - Filling up the DagBag from /home/airflow/.local/lib/python3.8/site-packages/airflow/example_dags/example_bash_operator.py
[2026-03-28T22:10:08.864+0000] {processor.py:840} INFO - DAG(s) 'example_bash_operator' retrieved from /home/airflow/.local/lib/python3.8/site-packages/airflow/example_dags/example_bash_operator.py
[2026-03-28T22:10:08.897+0000] {logging_mixin.py:188} INFO - [2026-03-28T22:10:08.897+0000] {dag.py:3036} INFO - Sync 1 DAGs
[2026-03-28T22:10:08.923+0000] {logging_mixin.py:188} INFO - [2026-03-28T22:10:08.922+0000] {dag.py:3823} INFO - Setting next_dagrun for example_bash_operator to 2026-03-27 00:00:00+00:00, run_after=2026-03-28 00:00:00+00:00
[2026-03-28T22:10:08.949+0000] {processor.py:183} INFO - Processing /home/airflow/.local/lib/python3.8/site-packages/airflow/example_dags/example_bash_operator.py took 0.105 seconds
[2026-03-28T22:10:39.187+0000] {processor.py:161} INFO - Started process (PID=166) to work on /home/airflow/.local/lib/python3.8/site-packages/airflow/example_dags/example_bash_operator.py
[2026-03-28T22:10:39.188+0000] {processor.py:830} INFO - Processing file /home/airflow/.local/lib/python3.8/site-packages/airflow/example_dags/example_bash_operator.py for tasks to queue
[2026-03-28T22:10:39.190+0000] {logging_mixin.py:188} INFO - [2026-03-28T22:10:39.190+0000] {dagbag.py:538} INFO - Filling up the DagBag from /home/airflow/.local/lib/python3.8/site-packages/airflow/example_dags/example_bash_operator.py
[2026-03-28T22:10:39.202+0000] {processor.py:840} INFO - DAG(s) 'example_bash_operator' retrieved from /home/airflow/.local/lib/python3.8/site-packages/airflow/example_dags/example_bash_operator.py
[2026-03-28T22:10:39.236+0000] {logging_mixin.py:188} INFO - [2026-03-28T22:10:39.235+0000] {dag.py:3036} INFO - Sync 1 DAGs
[2026-03-28T22:10:39.266+0000] {logging_mixin.py:188} INFO - [2026-03-28T22:10:39.266+0000] {dag.py:3823} INFO - Setting next_dagrun for example_bash_operator to 2026-03-27 00:00:00+00:00, run_after=2026-03-28 00:00:00+00:00
[2026-03-28T22:10:39.293+0000] {processor.py:183} INFO - Processing /home/airflow/.local/lib/python3.8/site-packages/airflow/example_dags/example_bash_operator.py took 0.111 seconds
[2026-03-28T22:11:09.695+0000] {processor.py:161} INFO - Started process (PID=222) to work on /home/airflow/.local/lib/python3.8/site-packages/airflow/example_dags/example_bash_operator.py
[2026-03-28T22:11:09.697+0000] {processor.py:830} INFO - Processing file /home/airflow/.local/lib/python3.8/site-packages/airflow/example_dags/example_bash_operator.py for tasks to queue
[2026-03-28T22:11:09.699+0000] {logging_mixin.py:188} INFO - [2026-03-28T22:11:09.699+0000] {dagbag.py:538} INFO - Filling up the DagBag from /home/airflow/.local/lib/python3.8/site-packages/airflow/example_dags/example_bash_operator.py
[2026-03-28T22:11:09.714+0000] {processor.py:840} INFO - DAG(s) 'example_bash_operator' retrieved from /home/airflow/.local/lib/python3.8/site-packages/airflow/example_dags/example_bash_operator.py
[2026-03-28T22:11:09.750+0000] {logging_mixin.py:188} INFO - [2026-03-28T22:11:09.750+0000] {dag.py:3036} INFO - Sync 1 DAGs
[2026-03-28T22:11:09.774+0000] {logging_mixin.py:188} INFO - [2026-03-28T22:11:09.773+0000] {dag.py:3823} INFO - Setting next_dagrun for example_bash_operator to 2026-03-27 00:00:00+00:00, run_after=2026-03-28 00:00:00+00:00
[2026-03-28T22:11:09.806+0000] {processor.py:183} INFO - Processing /home/airflow/.local/lib/python3.8/site-packages/airflow/example_dags/example_bash_operator.py took 0.115 seconds
[2026-03-28T22:11:39.967+0000] {processor.py:161} INFO - Started process (PID=278) to work on /home/airflow/.local/lib/python3.8/site-packages/airflow/example_dags/example_bash_operator.py
[2026-03-28T22:11:39.968+0000] {processor.py:830} INFO - Processing file /home/airflow/.local/lib/python3.8/site-packages/airflow/example_dags/example_bash_operator.py for tasks to queue
[2026-03-28T22:11:39.971+0000] {logging_mixin.py:188} INFO - [2026-03-28T22:11:39.971+0000] {dagbag.py:538} INFO - Filling up the DagBag from /home/airflow/.local/lib/python3.8/site-packages/airflow/example_dags/example_bash_operator.py
[2026-03-28T22:11:39.983+0000] {processor.py:840} INFO - DAG(s) 'example_bash_operator' retrieved from /home/airflow/.local/lib/python3.8/site-packages/airflow/example_dags/example_bash_operator.py
[2026-03-28T22:11:40.014+0000] {logging_mixin.py:188} INFO - [2026-03-28T22:11:40.014+0000] {dag.py:3036} INFO - Sync 1 DAGs
[2026-03-28T22:11:40.035+0000] {logging_mixin.py:188} INFO - [2026-03-28T22:11:40.035+0000] {dag.py:3823} INFO - Setting next_dagrun for example_bash_operator to 2026-03-27 00:00:00+00:00, run_after=2026-03-28 00:00:00+00:00
[2026-03-28T22:11:40.063+0000] {processor.py:183} INFO - Processing /home/airflow/.local/lib/python3.8/site-packages/airflow/example_dags/example_bash_operator.py took 0.101 seconds
[2026-03-28T22:12:10.186+0000] {processor.py:161} INFO - Started process (PID=334) to work on /home/airflow/.local/lib/python3.8/site-packages/airflow/example_dags/example_bash_operator.py
[2026-03-28T22:12:10.187+0000] {processor.py:830} INFO - Processing file /home/airflow/.local/lib/python3.8/site-packages/airflow/example_dags/example_bash_operator.py for tasks to queue
[2026-03-28T22:12:10.189+0000] {logging_mixin.py:188} INFO - [2026-03-28T22:12:10.189+0000] {dagbag.py:538} INFO - Filling up the DagBag from /home/airflow/.local/lib/python3.8/site-packages/airflow/example_dags/example_bash_operator.py
[2026-03-28T22:12:10.203+0000] {processor.py:840} INFO - DAG(s) 'example_bash_operator' retrieved from /home/airflow/.local/lib/python3.8/site-packages/airflow/example_dags/example_bash_operator.py
[2026-03-28T22:12:10.234+0000] {logging_mixin.py:188} INFO - [2026-03-28T22:12:10.233+0000] {dag.py:3036} INFO - Sync 1 DAGs
[2026-03-28T22:12:10.263+0000] {logging_mixin.py:188} INFO - [2026-03-28T22:12:10.262+0000] {dag.py:3823} INFO - Setting next_dagrun for example_bash_operator to 2026-03-27 00:00:00+00:00, run_after=2026-03-28 00:00:00+00:00
[2026-03-28T22:12:10.290+0000] {processor.py:183} INFO - Processing /home/airflow/.local/lib/python3.8/site-packages/airflow/example_dags/example_bash_operator.py took 0.107 seconds
[2026-03-28T22:12:40.357+0000] {processor.py:161} INFO - Started process (PID=390) to work on /home/airflow/.local/lib/python3.8/site-packages/airflow/example_dags/example_bash_operator.py
[2026-03-28T22:12:40.358+0000] {processor.py:830} INFO - Processing file /home/airflow/.local/lib/python3.8/site-packages/airflow/example_dags/example_bash_operator.py for tasks to queue
[2026-03-28T22:12:40.360+0000] {logging_mixin.py:188} INFO - [2026-03-28T22:12:40.360+0000] {dagbag.py:538} INFO - Filling up the DagBag from /home/airflow/.local/lib/python3.8/site-packages/airflow/example_dags/example_bash_operator.py
[2026-03-28T22:12:40.372+0000] {processor.py:840} INFO - DAG(s) 'example_bash_operator' retrieved from /home/airflow/.local/lib/python3.8/site-packages/airflow/example_dags/example_bash_operator.py
[2026-03-28T22:12:40.399+0000] {logging_mixin.py:188} INFO - [2026-03-28T22:12:40.399+0000] {dag.py:3036} INFO - Sync 1 DAGs
[2026-03-28T22:12:40.422+0000] {logging_mixin.py:188} INFO - [2026-03-28T22:12:40.422+0000] {dag.py:3823} INFO - Setting next_dagrun for example_bash_operator to 2026-03-27 00:00:00+00:00, run_after=2026-03-28 00:00:00+00:00
[2026-03-28T22:12:40.445+0000] {processor.py:183} INFO - Processing /home/airflow/.local/lib/python3.8/site-packages/airflow/example_dags/example_bash_operator.py took 0.091 seconds
[2026-03-28T22:13:10.739+0000] {processor.py:161} INFO - Started process (PID=446) to work on /home/airflow/.local/lib/python3.8/site-packages/airflow/example_dags/example_bash_operator.py
[2026-03-28T22:13:10.740+0000] {processor.py:830} INFO - Processing file /home/airflow/.local/lib/python3.8/site-packages/airflow/example_dags/example_bash_operator.py for tasks to queue
[2026-03-28T22:13:10.743+0000] {logging_mixin.py:188} INFO - [2026-03-28T22:13:10.742+0000] {dagbag.py:538} INFO - Filling up the DagBag from /home/airflow/.local/lib/python3.8/site-packages/airflow/example_dags/example_bash_operator.py
[2026-03-28T22:13:10.758+0000] {processor.py:840} INFO - DAG(s) 'example_bash_operator' retrieved from /home/airflow/.local/lib/python3.8/site-packages/airflow/example_dags/example_bash_operator.py
[2026-03-28T22:13:10.790+0000] {logging_mixin.py:188} INFO - [2026-03-28T22:13:10.789+0000] {dag.py:3036} INFO - Sync 1 DAGs
[2026-03-28T22:13:10.813+0000] {logging_mixin.py:188} INFO - [2026-03-28T22:13:10.812+0000] {dag.py:3823} INFO - Setting next_dagrun for example_bash_operator to 2026-03-27 00:00:00+00:00, run_after=2026-03-28 00:00:00+00:00
[2026-03-28T22:13:10.835+0000] {processor.py:183} INFO - Processing /home/airflow/.local/lib/python3.8/site-packages/airflow/example_dags/example_bash_operator.py took 0.099 seconds
[2026-03-28T22:14:04.217+0000] {processor.py:161} INFO - Started process (PID=53) to work on /home/airflow/.local/lib/python3.8/site-packages/airflow/example_dags/example_bash_operator.py
[2026-03-28T22:14:04.220+0000] {processor.py:830} INFO - Processing file /home/airflow/.local/lib/python3.8/site-packages/airflow/example_dags/example_bash_operator.py for tasks to queue
[2026-03-28T22:14:04.224+0000] {logging_mixin.py:188} INFO - [2026-03-28T22:14:04.224+0000] {dagbag.py:538} INFO - Filling up the DagBag from /home/airflow/.local/lib/python3.8/site-packages/airflow/example_dags/example_bash_operator.py
[2026-03-28T22:14:04.259+0000] {processor.py:840} INFO - DAG(s) 'example_bash_operator' retrieved from /home/airflow/.local/lib/python3.8/site-packages/airflow/example_dags/example_bash_operator.py
[2026-03-28T22:14:04.305+0000] {logging_mixin.py:188} INFO - [2026-03-28T22:14:04.304+0000] {dag.py:3036} INFO - Sync 1 DAGs
[2026-03-28T22:14:04.361+0000] {logging_mixin.py:188} INFO - [2026-03-28T22:14:04.361+0000] {dag.py:3823} INFO - Setting next_dagrun for example_bash_operator to 2026-03-27 00:00:00+00:00, run_after=2026-03-28 00:00:00+00:00
[2026-03-28T22:14:04.400+0000] {processor.py:183} INFO - Processing /home/airflow/.local/lib/python3.8/site-packages/airflow/example_dags/example_bash_operator.py took 0.189 seconds
[2026-03-28T22:14:35.223+0000] {processor.py:161} INFO - Started process (PID=108) to work on /home/airflow/.local/lib/python3.8/site-packages/airflow/example_dags/example_bash_operator.py
[2026-03-28T22:14:35.224+0000] {processor.py:830} INFO - Processing file /home/airflow/.local/lib/python3.8/site-packages/airflow/example_dags/example_bash_operator.py for tasks to queue
[2026-03-28T22:14:35.226+0000] {logging_mixin.py:188} INFO - [2026-03-28T22:14:35.226+0000] {dagbag.py:538} INFO - Filling up the DagBag from /home/airflow/.local/lib/python3.8/site-packages/airflow/example_dags/example_bash_operator.py
[2026-03-28T22:14:35.240+0000] {processor.py:840} INFO - DAG(s) 'example_bash_operator' retrieved from /home/airflow/.local/lib/python3.8/site-packages/airflow/example_dags/example_bash_operator.py
[2026-03-28T22:14:35.350+0000] {logging_mixin.py:188} INFO - [2026-03-28T22:14:35.350+0000] {dag.py:3036} INFO - Sync 1 DAGs
[2026-03-28T22:14:35.369+0000] {logging_mixin.py:188} INFO - [2026-03-28T22:14:35.369+0000] {dag.py:3823} INFO - Setting next_dagrun for example_bash_operator to 2026-03-27 00:00:00+00:00, run_after=2026-03-28 00:00:00+00:00
[2026-03-28T22:14:35.393+0000] {processor.py:183} INFO - Processing /home/airflow/.local/lib/python3.8/site-packages/airflow/example_dags/example_bash_operator.py took 0.175 seconds
[2026-03-28T22:15:05.749+0000] {processor.py:161} INFO - Started process (PID=164) to work on /home/airflow/.local/lib/python3.8/site-packages/airflow/example_dags/example_bash_operator.py
[2026-03-28T22:15:05.751+0000] {processor.py:830} INFO - Processing file /home/airflow/.local/lib/python3.8/site-packages/airflow/example_dags/example_bash_operator.py for tasks to queue
[2026-03-28T22:15:05.753+0000] {logging_mixin.py:188} INFO - [2026-03-28T22:15:05.753+0000] {dagbag.py:538} INFO - Filling up the DagBag from /home/airflow/.local/lib/python3.8/site-packages/airflow/example_dags/example_bash_operator.py
[2026-03-28T22:15:05.768+0000] {processor.py:840} INFO - DAG(s) 'example_bash_operator' retrieved from /home/airflow/.local/lib/python3.8/site-packages/airflow/example_dags/example_bash_operator.py
[2026-03-28T22:15:05.800+0000] {logging_mixin.py:188} INFO - [2026-03-28T22:15:05.800+0000] {dag.py:3036} INFO - Sync 1 DAGs
[2026-03-28T22:15:05.828+0000] {logging_mixin.py:188} INFO - [2026-03-28T22:15:05.828+0000] {dag.py:3823} INFO - Setting next_dagrun for example_bash_operator to 2026-03-27 00:00:00+00:00, run_after=2026-03-28 00:00:00+00:00
[2026-03-28T22:15:05.851+0000] {processor.py:183} INFO - Processing /home/airflow/.local/lib/python3.8/site-packages/airflow/example_dags/example_bash_operator.py took 0.107 seconds
[2026-03-28T22:15:36.112+0000] {processor.py:161} INFO - Started process (PID=226) to work on /home/airflow/.local/lib/python3.8/site-packages/airflow/example_dags/example_bash_operator.py
[2026-03-28T22:15:36.113+0000] {processor.py:830} INFO - Processing file /home/airflow/.local/lib/python3.8/site-packages/airflow/example_dags/example_bash_operator.py for tasks to queue
[2026-03-28T22:15:36.117+0000] {logging_mixin.py:188} INFO - [2026-03-28T22:15:36.117+0000] {dagbag.py:538} INFO - Filling up the DagBag from /home/airflow/.local/lib/python3.8/site-packages/airflow/example_dags/example_bash_operator.py
[2026-03-28T22:15:36.133+0000] {processor.py:840} INFO - DAG(s) 'example_bash_operator' retrieved from /home/airflow/.local/lib/python3.8/site-packages/airflow/example_dags/example_bash_operator.py
[2026-03-28T22:15:36.168+0000] {logging_mixin.py:188} INFO - [2026-03-28T22:15:36.168+0000] {dag.py:3036} INFO - Sync 1 DAGs
[2026-03-28T22:15:36.192+0000] {logging_mixin.py:188} INFO - [2026-03-28T22:15:36.192+0000] {dag.py:3823} INFO - Setting next_dagrun for example_bash_operator to 2026-03-27 00:00:00+00:00, run_after=2026-03-28 00:00:00+00:00
[2026-03-28T22:15:36.214+0000] {processor.py:183} INFO - Processing /home/airflow/.local/lib/python3.8/site-packages/airflow/example_dags/example_bash_operator.py took 0.106 seconds
[2026-03-28T22:16:06.430+0000] {processor.py:161} INFO - Started process (PID=282) to work on /home/airflow/.local/lib/python3.8/site-packages/airflow/example_dags/example_bash_operator.py
[2026-03-28T22:16:06.431+0000] {processor.py:830} INFO - Processing file /home/airflow/.local/lib/python3.8/site-packages/airflow/example_dags/example_bash_operator.py for tasks to queue
[2026-03-28T22:16:06.434+0000] {logging_mixin.py:188} INFO - [2026-03-28T22:16:06.433+0000] {dagbag.py:538} INFO - Filling up the DagBag from /home/airflow/.local/lib/python3.8/site-packages/airflow/example_dags/example_bash_operator.py
[2026-03-28T22:16:06.444+0000] {processor.py:840} INFO - DAG(s) 'example_bash_operator' retrieved from /home/airflow/.local/lib/python3.8/site-packages/airflow/example_dags/example_bash_operator.py
[2026-03-28T22:16:06.470+0000] {logging_mixin.py:188} INFO - [2026-03-28T22:16:06.470+0000] {dag.py:3036} INFO - Sync 1 DAGs
[2026-03-28T22:16:06.493+0000] {logging_mixin.py:188} INFO - [2026-03-28T22:16:06.493+0000] {dag.py:3823} INFO - Setting next_dagrun for example_bash_operator to 2026-03-27 00:00:00+00:00, run_after=2026-03-28 00:00:00+00:00
[2026-03-28T22:16:06.515+0000] {processor.py:183} INFO - Processing /home/airflow/.local/lib/python3.8/site-packages/airflow/example_dags/example_bash_operator.py took 0.088 seconds
[2026-03-28T22:16:36.584+0000] {processor.py:161} INFO - Started process (PID=338) to work on /home/airflow/.local/lib/python3.8/site-packages/airflow/example_dags/example_bash_operator.py
[2026-03-28T22:16:36.585+0000] {processor.py:830} INFO - Processing file /home/airflow/.local/lib/python3.8/site-packages/airflow/example_dags/example_bash_operator.py for tasks to queue
[2026-03-28T22:16:36.587+0000] {logging_mixin.py:188} INFO - [2026-03-28T22:16:36.587+0000] {dagbag.py:538} INFO - Filling up the DagBag from /home/airflow/.local/lib/python3.8/site-packages/airflow/example_dags/example_bash_operator.py
[2026-03-28T22:16:36.599+0000] {processor.py:840} INFO - DAG(s) 'example_bash_operator' retrieved from /home/airflow/.local/lib/python3.8/site-packages/airflow/example_dags/example_bash_operator.py
[2026-03-28T22:16:36.628+0000] {logging_mixin.py:188} INFO - [2026-03-28T22:16:36.628+0000] {dag.py:3036} INFO - Sync 1 DAGs
[2026-03-28T22:16:36.650+0000] {logging_mixin.py:188} INFO - [2026-03-28T22:16:36.650+0000] {dag.py:3823} INFO - Setting next_dagrun for example_bash_operator to 2026-03-27 00:00:00+00:00, run_after=2026-03-28 00:00:00+00:00
[2026-03-28T22:16:36.684+0000] {processor.py:183} INFO - Processing /home/airflow/.local/lib/python3.8/site-packages/airflow/example_dags/example_bash_operator.py took 0.104 seconds
[2026-03-28T22:17:06.916+0000] {processor.py:161} INFO - Started process (PID=394) to work on /home/airflow/.local/lib/python3.8/site-packages/airflow/example_dags/example_bash_operator.py
[2026-03-28T22:17:06.917+0000] {processor.py:830} INFO - Processing file /home/airflow/.local/lib/python3.8/site-packages/airflow/example_dags/example_bash_operator.py for tasks to queue
[2026-03-28T22:17:06.919+0000] {logging_mixin.py:188} INFO - [2026-03-28T22:17:06.918+0000] {dagbag.py:538} INFO - Filling up the DagBag from /home/airflow/.local/lib/python3.8/site-packages/airflow/example_dags/example_bash_operator.py
[2026-03-28T22:17:06.930+0000] {processor.py:840} INFO - DAG(s) 'example_bash_operator' retrieved from /home/airflow/.local/lib/python3.8/site-packages/airflow/example_dags/example_bash_operator.py
[2026-03-28T22:17:06.956+0000] {logging_mixin.py:188} INFO - [2026-03-28T22:17:06.956+0000] {dag.py:3036} INFO - Sync 1 DAGs
[2026-03-28T22:17:06.979+0000] {logging_mixin.py:188} INFO - [2026-03-28T22:17:06.978+0000] {dag.py:3823} INFO - Setting next_dagrun for example_bash_operator to 2026-03-27 00:00:00+00:00, run_after=2026-03-28 00:00:00+00:00
[2026-03-28T22:17:07.047+0000] {processor.py:183} INFO - Processing /home/airflow/.local/lib/python3.8/site-packages/airflow/example_dags/example_bash_operator.py took 0.135 seconds
[2026-03-28T22:17:37.190+0000] {processor.py:161} INFO - Started process (PID=450) to work on /home/airflow/.local/lib/python3.8/site-packages/airflow/example_dags/example_bash_operator.py
[2026-03-28T22:17:37.191+0000] {processor.py:830} INFO - Processing file /home/airflow/.local/lib/python3.8/site-packages/airflow/example_dags/example_bash_operator.py for tasks to queue
[2026-03-28T22:17:37.193+0000] {logging_mixin.py:188} INFO - [2026-03-28T22:17:37.193+0000] {dagbag.py:538} INFO - Filling up the DagBag from /home/airflow/.local/lib/python3.8/site-packages/airflow/example_dags/example_bash_operator.py
[2026-03-28T22:17:37.204+0000] {processor.py:840} INFO - DAG(s) 'example_bash_operator' retrieved from /home/airflow/.local/lib/python3.8/site-packages/airflow/example_dags/example_bash_operator.py
[2026-03-28T22:17:37.230+0000] {logging_mixin.py:188} INFO - [2026-03-28T22:17:37.230+0000] {dag.py:3036} INFO - Sync 1 DAGs
[2026-03-28T22:17:37.251+0000] {logging_mixin.py:188} INFO - [2026-03-28T22:17:37.250+0000] {dag.py:3823} INFO - Setting next_dagrun for example_bash_operator to 2026-03-27 00:00:00+00:00, run_after=2026-03-28 00:00:00+00:00
[2026-03-28T22:17:37.274+0000] {processor.py:183} INFO - Processing /home/airflow/.local/lib/python3.8/site-packages/airflow/example_dags/example_bash_operator.py took 0.087 seconds
[2026-03-28T22:18:07.828+0000] {processor.py:161} INFO - Started process (PID=506) to work on /home/airflow/.local/lib/python3.8/site-packages/airflow/example_dags/example_bash_operator.py
[2026-03-28T22:18:07.829+0000] {processor.py:830} INFO - Processing file /home/airflow/.local/lib/python3.8/site-packages/airflow/example_dags/example_bash_operator.py for tasks to queue
[2026-03-28T22:18:07.832+0000] {logging_mixin.py:188} INFO - [2026-03-28T22:18:07.831+0000] {dagbag.py:538} INFO - Filling up the DagBag from /home/airflow/.local/lib/python3.8/site-packages/airflow/example_dags/example_bash_operator.py
[2026-03-28T22:18:07.843+0000] {processor.py:840} INFO - DAG(s) 'example_bash_operator' retrieved from /home/airflow/.local/lib/python3.8/site-packages/airflow/example_dags/example_bash_operator.py
[2026-03-28T22:18:07.871+0000] {logging_mixin.py:188} INFO - [2026-03-28T22:18:07.871+0000] {dag.py:3036} INFO - Sync 1 DAGs
[2026-03-28T22:18:07.894+0000] {logging_mixin.py:188} INFO - [2026-03-28T22:18:07.893+0000] {dag.py:3823} INFO - Setting next_dagrun for example_bash_operator to 2026-03-27 00:00:00+00:00, run_after=2026-03-28 00:00:00+00:00
[2026-03-28T22:18:07.918+0000] {processor.py:183} INFO - Processing /home/airflow/.local/lib/python3.8/site-packages/airflow/example_dags/example_bash_operator.py took 0.094 seconds
[2026-03-28T22:18:38.023+0000] {processor.py:161} INFO - Started process (PID=562) to work on /home/airflow/.local/lib/python3.8/site-packages/airflow/example_dags/example_bash_operator.py
[2026-03-28T22:18:38.024+0000] {processor.py:830} INFO - Processing file /home/airflow/.local/lib/python3.8/site-packages/airflow/example_dags/example_bash_operator.py for tasks to queue
[2026-03-28T22:18:38.026+0000] {logging_mixin.py:188} INFO - [2026-03-28T22:18:38.026+0000] {dagbag.py:538} INFO - Filling up the DagBag from /home/airflow/.local/lib/python3.8/site-packages/airflow/example_dags/example_bash_operator.py
[2026-03-28T22:18:38.037+0000] {processor.py:840} INFO - DAG(s) 'example_bash_operator' retrieved from /home/airflow/.local/lib/python3.8/site-packages/airflow/example_dags/example_bash_operator.py
[2026-03-28T22:18:38.065+0000] {logging_mixin.py:188} INFO - [2026-03-28T22:18:38.064+0000] {dag.py:3036} INFO - Sync 1 DAGs
[2026-03-28T22:18:38.087+0000] {logging_mixin.py:188} INFO - [2026-03-28T22:18:38.087+0000] {dag.py:3823} INFO - Setting next_dagrun for example_bash_operator to 2026-03-27 00:00:00+00:00, run_after=2026-03-28 00:00:00+00:00
[2026-03-28T22:18:38.110+0000] {processor.py:183} INFO - Processing /home/airflow/.local/lib/python3.8/site-packages/airflow/example_dags/example_bash_operator.py took 0.090 seconds
[2026-03-28T22:19:08.337+0000] {processor.py:161} INFO - Started process (PID=618) to work on /home/airflow/.local/lib/python3.8/site-packages/airflow/example_dags/example_bash_operator.py
[2026-03-28T22:19:08.338+0000] {processor.py:830} INFO - Processing file /home/airflow/.local/lib/python3.8/site-packages/airflow/example_dags/example_bash_operator.py for tasks to queue
[2026-03-28T22:19:08.341+0000] {logging_mixin.py:188} INFO - [2026-03-28T22:19:08.341+0000] {dagbag.py:538} INFO - Filling up the DagBag from /home/airflow/.local/lib/python3.8/site-packages/airflow/example_dags/example_bash_operator.py
[2026-03-28T22:19:08.353+0000] {processor.py:840} INFO - DAG(s) 'example_bash_operator' retrieved from /home/airflow/.local/lib/python3.8/site-packages/airflow/example_dags/example_bash_operator.py
[2026-03-28T22:19:08.379+0000] {logging_mixin.py:188} INFO - [2026-03-28T22:19:08.378+0000] {dag.py:3036} INFO - Sync 1 DAGs
[2026-03-28T22:19:08.400+0000] {logging_mixin.py:188} INFO - [2026-03-28T22:19:08.400+0000] {dag.py:3823} INFO - Setting next_dagrun for example_bash_operator to 2026-03-27 00:00:00+00:00, run_after=2026-03-28 00:00:00+00:00
[2026-03-28T22:19:08.424+0000] {processor.py:183} INFO - Processing /home/airflow/.local/lib/python3.8/site-packages/airflow/example_dags/example_bash_operator.py took 0.091 seconds
[2026-03-28T22:19:39.061+0000] {processor.py:161} INFO - Started process (PID=674) to work on /home/airflow/.local/lib/python3.8/site-packages/airflow/example_dags/example_bash_operator.py
[2026-03-28T22:19:39.062+0000] {processor.py:830} INFO - Processing file /home/airflow/.local/lib/python3.8/site-packages/airflow/example_dags/example_bash_operator.py for tasks to queue
[2026-03-28T22:19:39.064+0000] {logging_mixin.py:188} INFO - [2026-03-28T22:19:39.064+0000] {dagbag.py:538} INFO - Filling up the DagBag from /home/airflow/.local/lib/python3.8/site-packages/airflow/example_dags/example_bash_operator.py
[2026-03-28T22:19:39.081+0000] {processor.py:840} INFO - DAG(s) 'example_bash_operator' retrieved from /home/airflow/.local/lib/python3.8/site-packages/airflow/example_dags/example_bash_operator.py
[2026-03-28T22:19:39.117+0000] {logging_mixin.py:188} INFO - [2026-03-28T22:19:39.117+0000] {dag.py:3036} INFO - Sync 1 DAGs
[2026-03-28T22:19:39.141+0000] {logging_mixin.py:188} INFO - [2026-03-28T22:19:39.140+0000] {dag.py:3823} INFO - Setting next_dagrun for example_bash_operator to 2026-03-27 00:00:00+00:00, run_after=2026-03-28 00:00:00+00:00
[2026-03-28T22:19:39.241+0000] {processor.py:183} INFO - Processing /home/airflow/.local/lib/python3.8/site-packages/airflow/example_dags/example_bash_operator.py took 0.185 seconds
[2026-03-28T22:20:09.754+0000] {processor.py:161} INFO - Started process (PID=730) to work on /home/airflow/.local/lib/python3.8/site-packages/airflow/example_dags/example_bash_operator.py
[2026-03-28T22:20:09.756+0000] {processor.py:830} INFO - Processing file /home/airflow/.local/lib/python3.8/site-packages/airflow/example_dags/example_bash_operator.py for tasks to queue
[2026-03-28T22:20:09.759+0000] {logging_mixin.py:188} INFO - [2026-03-28T22:20:09.758+0000] {dagbag.py:538} INFO - Filling up the DagBag from /home/airflow/.local/lib/python3.8/site-packages/airflow/example_dags/example_bash_operator.py
[2026-03-28T22:20:09.773+0000] {processor.py:840} INFO - DAG(s) 'example_bash_operator' retrieved from /home/airflow/.local/lib/python3.8/site-packages/airflow/example_dags/example_bash_operator.py
[2026-03-28T22:20:09.813+0000] {logging_mixin.py:188} INFO - [2026-03-28T22:20:09.813+0000] {dag.py:3036} INFO - Sync 1 DAGs
[2026-03-28T22:20:09.845+0000] {logging_mixin.py:188} INFO - [2026-03-28T22:20:09.845+0000] {dag.py:3823} INFO - Setting next_dagrun for example_bash_operator to 2026-03-27 00:00:00+00:00, run_after=2026-03-28 00:00:00+00:00
[2026-03-28T22:20:09.877+0000] {processor.py:183} INFO - Processing /home/airflow/.local/lib/python3.8/site-packages/airflow/example_dags/example_bash_operator.py took 0.128 seconds
[2026-03-28T22:20:40.061+0000] {processor.py:161} INFO - Started process (PID=786) to work on /home/airflow/.local/lib/python3.8/site-packages/airflow/example_dags/example_bash_operator.py
[2026-03-28T22:20:40.062+0000] {processor.py:830} INFO - Processing file /home/airflow/.local/lib/python3.8/site-packages/airflow/example_dags/example_bash_operator.py for tasks to queue
[2026-03-28T22:20:40.064+0000] {logging_mixin.py:188} INFO - [2026-03-28T22:20:40.064+0000] {dagbag.py:538} INFO - Filling up the DagBag from /home/airflow/.local/lib/python3.8/site-packages/airflow/example_dags/example_bash_operator.py
[2026-03-28T22:20:40.075+0000] {processor.py:840} INFO - DAG(s) 'example_bash_operator' retrieved from /home/airflow/.local/lib/python3.8/site-packages/airflow/example_dags/example_bash_operator.py
[2026-03-28T22:20:40.108+0000] {logging_mixin.py:188} INFO - [2026-03-28T22:20:40.108+0000] {dag.py:3036} INFO - Sync 1 DAGs
[2026-03-28T22:20:40.133+0000] {logging_mixin.py:188} INFO - [2026-03-28T22:20:40.133+0000] {dag.py:3823} INFO - Setting next_dagrun for example_bash_operator to 2026-03-27 00:00:00+00:00, run_after=2026-03-28 00:00:00+00:00
[2026-03-28T22:20:40.155+0000] {processor.py:183} INFO - Processing /home/airflow/.local/lib/python3.8/site-packages/airflow/example_dags/example_bash_operator.py took 0.098 seconds
[2026-03-28T22:21:10.603+0000] {processor.py:161} INFO - Started process (PID=842) to work on /home/airflow/.local/lib/python3.8/site-packages/airflow/example_dags/example_bash_operator.py
[2026-03-28T22:21:10.604+0000] {processor.py:830} INFO - Processing file /home/airflow/.local/lib/python3.8/site-packages/airflow/example_dags/example_bash_operator.py for tasks to queue
[2026-03-28T22:21:10.607+0000] {logging_mixin.py:188} INFO - [2026-03-28T22:21:10.606+0000] {dagbag.py:538} INFO - Filling up the DagBag from /home/airflow/.local/lib/python3.8/site-packages/airflow/example_dags/example_bash_operator.py
[2026-03-28T22:21:10.618+0000] {processor.py:840} INFO - DAG(s) 'example_bash_operator' retrieved from /home/airflow/.local/lib/python3.8/site-packages/airflow/example_dags/example_bash_operator.py
[2026-03-28T22:21:10.645+0000] {logging_mixin.py:188} INFO - [2026-03-28T22:21:10.645+0000] {dag.py:3036} INFO - Sync 1 DAGs
[2026-03-28T22:21:10.667+0000] {logging_mixin.py:188} INFO - [2026-03-28T22:21:10.667+0000] {dag.py:3823} INFO - Setting next_dagrun for example_bash_operator to 2026-03-27 00:00:00+00:00, run_after=2026-03-28 00:00:00+00:00
[2026-03-28T22:21:10.884+0000] {processor.py:183} INFO - Processing /home/airflow/.local/lib/python3.8/site-packages/airflow/example_dags/example_bash_operator.py took 0.285 seconds
[2026-03-28T22:21:41.219+0000] {processor.py:161} INFO - Started process (PID=898) to work on /home/airflow/.local/lib/python3.8/site-packages/airflow/example_dags/example_bash_operator.py
[2026-03-28T22:21:41.221+0000] {processor.py:830} INFO - Processing file /home/airflow/.local/lib/python3.8/site-packages/airflow/example_dags/example_bash_operator.py for tasks to queue
[2026-03-28T22:21:41.224+0000] {logging_mixin.py:188} INFO - [2026-03-28T22:21:41.224+0000] {dagbag.py:538} INFO - Filling up the DagBag from /home/airflow/.local/lib/python3.8/site-packages/airflow/example_dags/example_bash_operator.py
[2026-03-28T22:21:41.240+0000] {processor.py:840} INFO - DAG(s) 'example_bash_operator' retrieved from /home/airflow/.local/lib/python3.8/site-packages/airflow/example_dags/example_bash_operator.py
[2026-03-28T22:21:41.280+0000] {logging_mixin.py:188} INFO - [2026-03-28T22:21:41.280+0000] {dag.py:3036} INFO - Sync 1 DAGs
[2026-03-28T22:21:41.308+0000] {logging_mixin.py:188} INFO - [2026-03-28T22:21:41.308+0000] {dag.py:3823} INFO - Setting next_dagrun for example_bash_operator to 2026-03-27 00:00:00+00:00, run_after=2026-03-28 00:00:00+00:00
[2026-03-28T22:21:41.336+0000] {processor.py:183} INFO - Processing /home/airflow/.local/lib/python3.8/site-packages/airflow/example_dags/example_bash_operator.py took 0.121 seconds
[2026-03-28T22:22:11.531+0000] {processor.py:161} INFO - Started process (PID=954) to work on /home/airflow/.local/lib/python3.8/site-packages/airflow/example_dags/example_bash_operator.py
[2026-03-28T22:22:11.532+0000] {processor.py:830} INFO - Processing file /home/airflow/.local/lib/python3.8/site-packages/airflow/example_dags/example_bash_operator.py for tasks to queue
[2026-03-28T22:22:11.534+0000] {logging_mixin.py:188} INFO - [2026-03-28T22:22:11.534+0000] {dagbag.py:538} INFO - Filling up the DagBag from /home/airflow/.local/lib/python3.8/site-packages/airflow/example_dags/example_bash_operator.py
[2026-03-28T22:22:11.546+0000] {processor.py:840} INFO - DAG(s) 'example_bash_operator' retrieved from /home/airflow/.local/lib/python3.8/site-packages/airflow/example_dags/example_bash_operator.py
[2026-03-28T22:22:11.576+0000] {logging_mixin.py:188} INFO - [2026-03-28T22:22:11.576+0000] {dag.py:3036} INFO - Sync 1 DAGs
[2026-03-28T22:22:11.600+0000] {logging_mixin.py:188} INFO - [2026-03-28T22:22:11.600+0000] {dag.py:3823} INFO - Setting next_dagrun for example_bash_operator to 2026-03-27 00:00:00+00:00, run_after=2026-03-28 00:00:00+00:00
[2026-03-28T22:22:11.622+0000] {processor.py:183} INFO - Processing /home/airflow/.local/lib/python3.8/site-packages/airflow/example_dags/example_bash_operator.py took 0.095 seconds
[2026-03-28T22:22:41.800+0000] {processor.py:161} INFO - Started process (PID=1010) to work on /home/airflow/.local/lib/python3.8/site-packages/airflow/example_dags/example_bash_operator.py
[2026-03-28T22:22:41.801+0000] {processor.py:830} INFO - Processing file /home/airflow/.local/lib/python3.8/site-packages/airflow/example_dags/example_bash_operator.py for tasks to queue
[2026-03-28T22:22:41.803+0000] {logging_mixin.py:188} INFO - [2026-03-28T22:22:41.803+0000] {dagbag.py:538} INFO - Filling up the DagBag from /home/airflow/.local/lib/python3.8/site-packages/airflow/example_dags/example_bash_operator.py
[2026-03-28T22:22:41.820+0000] {processor.py:840} INFO - DAG(s) 'example_bash_operator' retrieved from /home/airflow/.local/lib/python3.8/site-packages/airflow/example_dags/example_bash_operator.py
[2026-03-28T22:22:41.861+0000] {logging_mixin.py:188} INFO - [2026-03-28T22:22:41.861+0000] {dag.py:3036} INFO - Sync 1 DAGs
[2026-03-28T22:22:41.893+0000] {logging_mixin.py:188} INFO - [2026-03-28T22:22:41.893+0000] {dag.py:3823} INFO - Setting next_dagrun for example_bash_operator to 2026-03-27 00:00:00+00:00, run_after=2026-03-28 00:00:00+00:00
[2026-03-28T22:22:41.917+0000] {processor.py:183} INFO - Processing /home/airflow/.local/lib/python3.8/site-packages/airflow/example_dags/example_bash_operator.py took 0.121 seconds
[2026-03-28T22:23:12.127+0000] {processor.py:161} INFO - Started process (PID=1066) to work on /home/airflow/.local/lib/python3.8/site-packages/airflow/example_dags/example_bash_operator.py
[2026-03-28T22:23:12.128+0000] {processor.py:830} INFO - Processing file /home/airflow/.local/lib/python3.8/site-packages/airflow/example_dags/example_bash_operator.py for tasks to queue
[2026-03-28T22:23:12.131+0000] {logging_mixin.py:188} INFO - [2026-03-28T22:23:12.130+0000] {dagbag.py:538} INFO - Filling up the DagBag from /home/airflow/.local/lib/python3.8/site-packages/airflow/example_dags/example_bash_operator.py
[2026-03-28T22:23:12.142+0000] {processor.py:840} INFO - DAG(s) 'example_bash_operator' retrieved from /home/airflow/.local/lib/python3.8/site-packages/airflow/example_dags/example_bash_operator.py
[2026-03-28T22:23:12.171+0000] {logging_mixin.py:188} INFO - [2026-03-28T22:23:12.171+0000] {dag.py:3036} INFO - Sync 1 DAGs
[2026-03-28T22:23:12.193+0000] {logging_mixin.py:188} INFO - [2026-03-28T22:23:12.193+0000] {dag.py:3823} INFO - Setting next_dagrun for example_bash_operator to 2026-03-27 00:00:00+00:00, run_after=2026-03-28 00:00:00+00:00
[2026-03-28T22:23:12.216+0000] {processor.py:183} INFO - Processing /home/airflow/.local/lib/python3.8/site-packages/airflow/example_dags/example_bash_operator.py took 0.093 seconds
[2026-03-28T22:23:42.384+0000] {processor.py:161} INFO - Started process (PID=1122) to work on /home/airflow/.local/lib/python3.8/site-packages/airflow/example_dags/example_bash_operator.py
[2026-03-28T22:23:42.386+0000] {processor.py:830} INFO - Processing file /home/airflow/.local/lib/python3.8/site-packages/airflow/example_dags/example_bash_operator.py for tasks to queue
[2026-03-28T22:23:42.390+0000] {logging_mixin.py:188} INFO - [2026-03-28T22:23:42.389+0000] {dagbag.py:538} INFO - Filling up the DagBag from /home/airflow/.local/lib/python3.8/site-packages/airflow/example_dags/example_bash_operator.py
[2026-03-28T22:23:42.405+0000] {processor.py:840} INFO - DAG(s) 'example_bash_operator' retrieved from /home/airflow/.local/lib/python3.8/site-packages/airflow/example_dags/example_bash_operator.py
[2026-03-28T22:23:42.438+0000] {logging_mixin.py:188} INFO - [2026-03-28T22:23:42.437+0000] {dag.py:3036} INFO - Sync 1 DAGs
[2026-03-28T22:23:42.462+0000] {logging_mixin.py:188} INFO - [2026-03-28T22:23:42.462+0000] {dag.py:3823} INFO - Setting next_dagrun for example_bash_operator to 2026-03-27 00:00:00+00:00, run_after=2026-03-28 00:00:00+00:00
[2026-03-28T22:23:42.486+0000] {processor.py:183} INFO - Processing /home/airflow/.local/lib/python3.8/site-packages/airflow/example_dags/example_bash_operator.py took 0.108 seconds
[2026-03-28T22:24:12.734+0000] {processor.py:161} INFO - Started process (PID=1178) to work on /home/airflow/.local/lib/python3.8/site-packages/airflow/example_dags/example_bash_operator.py
[2026-03-28T22:24:12.735+0000] {processor.py:830} INFO - Processing file /home/airflow/.local/lib/python3.8/site-packages/airflow/example_dags/example_bash_operator.py for tasks to queue
[2026-03-28T22:24:12.738+0000] {logging_mixin.py:188} INFO - [2026-03-28T22:24:12.738+0000] {dagbag.py:538} INFO - Filling up the DagBag from /home/airflow/.local/lib/python3.8/site-packages/airflow/example_dags/example_bash_operator.py
[2026-03-28T22:24:12.752+0000] {processor.py:840} INFO - DAG(s) 'example_bash_operator' retrieved from /home/airflow/.local/lib/python3.8/site-packages/airflow/example_dags/example_bash_operator.py
[2026-03-28T22:24:12.784+0000] {logging_mixin.py:188} INFO - [2026-03-28T22:24:12.784+0000] {dag.py:3036} INFO - Sync 1 DAGs
[2026-03-28T22:24:12.807+0000] {logging_mixin.py:188} INFO - [2026-03-28T22:24:12.806+0000] {dag.py:3823} INFO - Setting next_dagrun for example_bash_operator to 2026-03-27 00:00:00+00:00, run_after=2026-03-28 00:00:00+00:00
[2026-03-28T22:24:12.828+0000] {processor.py:183} INFO - Processing /home/airflow/.local/lib/python3.8/site-packages/airflow/example_dags/example_bash_operator.py took 0.097 seconds
[2026-03-28T22:24:43.149+0000] {processor.py:161} INFO - Started process (PID=1234) to work on /home/airflow/.local/lib/python3.8/site-packages/airflow/example_dags/example_bash_operator.py
[2026-03-28T22:24:43.150+0000] {processor.py:830} INFO - Processing file /home/airflow/.local/lib/python3.8/site-packages/airflow/example_dags/example_bash_operator.py for tasks to queue
[2026-03-28T22:24:43.152+0000] {logging_mixin.py:188} INFO - [2026-03-28T22:24:43.152+0000] {dagbag.py:538} INFO - Filling up the DagBag from /home/airflow/.local/lib/python3.8/site-packages/airflow/example_dags/example_bash_operator.py
[2026-03-28T22:24:43.164+0000] {processor.py:840} INFO - DAG(s) 'example_bash_operator' retrieved from /home/airflow/.local/lib/python3.8/site-packages/airflow/example_dags/example_bash_operator.py
[2026-03-28T22:24:43.190+0000] {logging_mixin.py:188} INFO - [2026-03-28T22:24:43.189+0000] {dag.py:3036} INFO - Sync 1 DAGs
[2026-03-28T22:24:43.213+0000] {logging_mixin.py:188} INFO - [2026-03-28T22:24:43.213+0000] {dag.py:3823} INFO - Setting next_dagrun for example_bash_operator to 2026-03-27 00:00:00+00:00, run_after=2026-03-28 00:00:00+00:00
[2026-03-28T22:24:43.307+0000] {processor.py:183} INFO - Processing /home/airflow/.local/lib/python3.8/site-packages/airflow/example_dags/example_bash_operator.py took 0.161 seconds
[2026-03-28T22:25:13.436+0000] {processor.py:161} INFO - Started process (PID=1290) to work on /home/airflow/.local/lib/python3.8/site-packages/airflow/example_dags/example_bash_operator.py
[2026-03-28T22:25:13.437+0000] {processor.py:830} INFO - Processing file /home/airflow/.local/lib/python3.8/site-packages/airflow/example_dags/example_bash_operator.py for tasks to queue
[2026-03-28T22:25:13.440+0000] {logging_mixin.py:188} INFO - [2026-03-28T22:25:13.439+0000] {dagbag.py:538} INFO - Filling up the DagBag from /home/airflow/.local/lib/python3.8/site-packages/airflow/example_dags/example_bash_operator.py
[2026-03-28T22:25:13.451+0000] {processor.py:840} INFO - DAG(s) 'example_bash_operator' retrieved from /home/airflow/.local/lib/python3.8/site-packages/airflow/example_dags/example_bash_operator.py
[2026-03-28T22:25:13.480+0000] {logging_mixin.py:188} INFO - [2026-03-28T22:25:13.479+0000] {dag.py:3036} INFO - Sync 1 DAGs
[2026-03-28T22:25:13.500+0000] {logging_mixin.py:188} INFO - [2026-03-28T22:25:13.500+0000] {dag.py:3823} INFO - Setting next_dagrun for example_bash_operator to 2026-03-27 00:00:00+00:00, run_after=2026-03-28 00:00:00+00:00
[2026-03-28T22:25:13.529+0000] {processor.py:183} INFO - Processing /home/airflow/.local/lib/python3.8/site-packages/airflow/example_dags/example_bash_operator.py took 0.096 seconds
[2026-03-28T22:25:43.651+0000] {processor.py:161} INFO - Started process (PID=1346) to work on /home/airflow/.local/lib/python3.8/site-packages/airflow/example_dags/example_bash_operator.py
[2026-03-28T22:25:43.652+0000] {processor.py:830} INFO - Processing file /home/airflow/.local/lib/python3.8/site-packages/airflow/example_dags/example_bash_operator.py for tasks to queue
[2026-03-28T22:25:43.654+0000] {logging_mixin.py:188} INFO - [2026-03-28T22:25:43.654+0000] {dagbag.py:538} INFO - Filling up the DagBag from /home/airflow/.local/lib/python3.8/site-packages/airflow/example_dags/example_bash_operator.py
[2026-03-28T22:25:43.665+0000] {processor.py:840} INFO - DAG(s) 'example_bash_operator' retrieved from /home/airflow/.local/lib/python3.8/site-packages/airflow/example_dags/example_bash_operator.py
[2026-03-28T22:25:43.690+0000] {logging_mixin.py:188} INFO - [2026-03-28T22:25:43.690+0000] {dag.py:3036} INFO - Sync 1 DAGs
[2026-03-28T22:25:43.711+0000] {logging_mixin.py:188} INFO - [2026-03-28T22:25:43.711+0000] {dag.py:3823} INFO - Setting next_dagrun for example_bash_operator to 2026-03-27 00:00:00+00:00, run_after=2026-03-28 00:00:00+00:00
[2026-03-28T22:25:43.733+0000] {processor.py:183} INFO - Processing /home/airflow/.local/lib/python3.8/site-packages/airflow/example_dags/example_bash_operator.py took 0.087 seconds
[2026-03-28T22:26:14.014+0000] {processor.py:161} INFO - Started process (PID=1403) to work on /home/airflow/.local/lib/python3.8/site-packages/airflow/example_dags/example_bash_operator.py
[2026-03-28T22:26:14.015+0000] {processor.py:830} INFO - Processing file /home/airflow/.local/lib/python3.8/site-packages/airflow/example_dags/example_bash_operator.py for tasks to queue
[2026-03-28T22:26:14.017+0000] {logging_mixin.py:188} INFO - [2026-03-28T22:26:14.016+0000] {dagbag.py:538} INFO - Filling up the DagBag from /home/airflow/.local/lib/python3.8/site-packages/airflow/example_dags/example_bash_operator.py
[2026-03-28T22:26:14.027+0000] {processor.py:840} INFO - DAG(s) 'example_bash_operator' retrieved from /home/airflow/.local/lib/python3.8/site-packages/airflow/example_dags/example_bash_operator.py
[2026-03-28T22:26:14.054+0000] {logging_mixin.py:188} INFO - [2026-03-28T22:26:14.054+0000] {dag.py:3036} INFO - Sync 1 DAGs
[2026-03-28T22:26:14.076+0000] {logging_mixin.py:188} INFO - [2026-03-28T22:26:14.076+0000] {dag.py:3823} INFO - Setting next_dagrun for example_bash_operator to 2026-03-27 00:00:00+00:00, run_after=2026-03-28 00:00:00+00:00
[2026-03-28T22:26:14.098+0000] {processor.py:183} INFO - Processing /home/airflow/.local/lib/python3.8/site-packages/airflow/example_dags/example_bash_operator.py took 0.088 seconds
[2026-03-28T22:26:44.163+0000] {processor.py:161} INFO - Started process (PID=1459) to work on /home/airflow/.local/lib/python3.8/site-packages/airflow/example_dags/example_bash_operator.py
[2026-03-28T22:26:44.164+0000] {processor.py:830} INFO - Processing file /home/airflow/.local/lib/python3.8/site-packages/airflow/example_dags/example_bash_operator.py for tasks to queue
[2026-03-28T22:26:44.167+0000] {logging_mixin.py:188} INFO - [2026-03-28T22:26:44.166+0000] {dagbag.py:538} INFO - Filling up the DagBag from /home/airflow/.local/lib/python3.8/site-packages/airflow/example_dags/example_bash_operator.py
[2026-03-28T22:26:44.181+0000] {processor.py:840} INFO - DAG(s) 'example_bash_operator' retrieved from /home/airflow/.local/lib/python3.8/site-packages/airflow/example_dags/example_bash_operator.py
[2026-03-28T22:26:44.216+0000] {logging_mixin.py:188} INFO - [2026-03-28T22:26:44.215+0000] {dag.py:3036} INFO - Sync 1 DAGs
[2026-03-28T22:26:44.241+0000] {logging_mixin.py:188} INFO - [2026-03-28T22:26:44.241+0000] {dag.py:3823} INFO - Setting next_dagrun for example_bash_operator to 2026-03-27 00:00:00+00:00, run_after=2026-03-28 00:00:00+00:00
[2026-03-28T22:26:44.282+0000] {processor.py:183} INFO - Processing /home/airflow/.local/lib/python3.8/site-packages/airflow/example_dags/example_bash_operator.py took 0.122 seconds
[2026-03-28T22:27:14.641+0000] {processor.py:161} INFO - Started process (PID=1515) to work on /home/airflow/.local/lib/python3.8/site-packages/airflow/example_dags/example_bash_operator.py
[2026-03-28T22:27:14.643+0000] {processor.py:830} INFO - Processing file /home/airflow/.local/lib/python3.8/site-packages/airflow/example_dags/example_bash_operator.py for tasks to queue
[2026-03-28T22:27:14.645+0000] {logging_mixin.py:188} INFO - [2026-03-28T22:27:14.645+0000] {dagbag.py:538} INFO - Filling up the DagBag from /home/airflow/.local/lib/python3.8/site-packages/airflow/example_dags/example_bash_operator.py
[2026-03-28T22:27:14.664+0000] {processor.py:840} INFO - DAG(s) 'example_bash_operator' retrieved from /home/airflow/.local/lib/python3.8/site-packages/airflow/example_dags/example_bash_operator.py
[2026-03-28T22:27:14.701+0000] {logging_mixin.py:188} INFO - [2026-03-28T22:27:14.700+0000] {dag.py:3036} INFO - Sync 1 DAGs
[2026-03-28T22:27:14.730+0000] {logging_mixin.py:188} INFO - [2026-03-28T22:27:14.729+0000] {dag.py:3823} INFO - Setting next_dagrun for example_bash_operator to 2026-03-27 00:00:00+00:00, run_after=2026-03-28 00:00:00+00:00
[2026-03-28T22:27:14.757+0000] {processor.py:183} INFO - Processing /home/airflow/.local/lib/python3.8/site-packages/airflow/example_dags/example_bash_operator.py took 0.123 seconds
[2026-03-28T22:27:45.267+0000] {processor.py:161} INFO - Started process (PID=1571) to work on /home/airflow/.local/lib/python3.8/site-packages/airflow/example_dags/example_bash_operator.py
[2026-03-28T22:27:45.275+0000] {processor.py:830} INFO - Processing file /home/airflow/.local/lib/python3.8/site-packages/airflow/example_dags/example_bash_operator.py for tasks to queue
[2026-03-28T22:27:45.277+0000] {logging_mixin.py:188} INFO - [2026-03-28T22:27:45.277+0000] {dagbag.py:538} INFO - Filling up the DagBag from /home/airflow/.local/lib/python3.8/site-packages/airflow/example_dags/example_bash_operator.py
[2026-03-28T22:27:45.307+0000] {processor.py:840} INFO - DAG(s) 'example_bash_operator' retrieved from /home/airflow/.local/lib/python3.8/site-packages/airflow/example_dags/example_bash_operator.py
[2026-03-28T22:27:45.367+0000] {logging_mixin.py:188} INFO - [2026-03-28T22:27:45.367+0000] {dag.py:3036} INFO - Sync 1 DAGs
[2026-03-28T22:27:45.432+0000] {logging_mixin.py:188} INFO - [2026-03-28T22:27:45.431+0000] {dag.py:3823} INFO - Setting next_dagrun for example_bash_operator to 2026-03-27 00:00:00+00:00, run_after=2026-03-28 00:00:00+00:00
[2026-03-28T22:27:45.509+0000] {processor.py:183} INFO - Processing /home/airflow/.local/lib/python3.8/site-packages/airflow/example_dags/example_bash_operator.py took 0.247 seconds
[2026-03-28T22:28:15.828+0000] {processor.py:161} INFO - Started process (PID=1627) to work on /home/airflow/.local/lib/python3.8/site-packages/airflow/example_dags/example_bash_operator.py
[2026-03-28T22:28:15.829+0000] {processor.py:830} INFO - Processing file /home/airflow/.local/lib/python3.8/site-packages/airflow/example_dags/example_bash_operator.py for tasks to queue
[2026-03-28T22:28:15.831+0000] {logging_mixin.py:188} INFO - [2026-03-28T22:28:15.831+0000] {dagbag.py:538} INFO - Filling up the DagBag from /home/airflow/.local/lib/python3.8/site-packages/airflow/example_dags/example_bash_operator.py
[2026-03-28T22:28:15.845+0000] {processor.py:840} INFO - DAG(s) 'example_bash_operator' retrieved from /home/airflow/.local/lib/python3.8/site-packages/airflow/example_dags/example_bash_operator.py
[2026-03-28T22:28:15.884+0000] {logging_mixin.py:188} INFO - [2026-03-28T22:28:15.884+0000] {dag.py:3036} INFO - Sync 1 DAGs
[2026-03-28T22:28:15.915+0000] {logging_mixin.py:188} INFO - [2026-03-28T22:28:15.915+0000] {dag.py:3823} INFO - Setting next_dagrun for example_bash_operator to 2026-03-27 00:00:00+00:00, run_after=2026-03-28 00:00:00+00:00
[2026-03-28T22:28:15.940+0000] {processor.py:183} INFO - Processing /home/airflow/.local/lib/python3.8/site-packages/airflow/example_dags/example_bash_operator.py took 0.116 seconds
[2026-03-28T22:28:46.164+0000] {processor.py:161} INFO - Started process (PID=1683) to work on /home/airflow/.local/lib/python3.8/site-packages/airflow/example_dags/example_bash_operator.py
[2026-03-28T22:28:46.165+0000] {processor.py:830} INFO - Processing file /home/airflow/.local/lib/python3.8/site-packages/airflow/example_dags/example_bash_operator.py for tasks to queue
[2026-03-28T22:28:46.170+0000] {logging_mixin.py:188} INFO - [2026-03-28T22:28:46.169+0000] {dagbag.py:538} INFO - Filling up the DagBag from /home/airflow/.local/lib/python3.8/site-packages/airflow/example_dags/example_bash_operator.py
[2026-03-28T22:28:46.181+0000] {processor.py:840} INFO - DAG(s) 'example_bash_operator' retrieved from /home/airflow/.local/lib/python3.8/site-packages/airflow/example_dags/example_bash_operator.py
[2026-03-28T22:28:46.211+0000] {logging_mixin.py:188} INFO - [2026-03-28T22:28:46.211+0000] {dag.py:3036} INFO - Sync 1 DAGs
[2026-03-28T22:28:46.247+0000] {logging_mixin.py:188} INFO - [2026-03-28T22:28:46.247+0000] {dag.py:3823} INFO - Setting next_dagrun for example_bash_operator to 2026-03-27 00:00:00+00:00, run_after=2026-03-28 00:00:00+00:00
[2026-03-28T22:28:46.281+0000] {processor.py:183} INFO - Processing /home/airflow/.local/lib/python3.8/site-packages/airflow/example_dags/example_bash_operator.py took 0.120 seconds
[2026-03-28T22:29:16.569+0000] {processor.py:161} INFO - Started process (PID=1739) to work on /home/airflow/.local/lib/python3.8/site-packages/airflow/example_dags/example_bash_operator.py
[2026-03-28T22:29:16.570+0000] {processor.py:830} INFO - Processing file /home/airflow/.local/lib/python3.8/site-packages/airflow/example_dags/example_bash_operator.py for tasks to queue
[2026-03-28T22:29:16.572+0000] {logging_mixin.py:188} INFO - [2026-03-28T22:29:16.572+0000] {dagbag.py:538} INFO - Filling up the DagBag from /home/airflow/.local/lib/python3.8/site-packages/airflow/example_dags/example_bash_operator.py
[2026-03-28T22:29:16.583+0000] {processor.py:840} INFO - DAG(s) 'example_bash_operator' retrieved from /home/airflow/.local/lib/python3.8/site-packages/airflow/example_dags/example_bash_operator.py
[2026-03-28T22:29:16.613+0000] {logging_mixin.py:188} INFO - [2026-03-28T22:29:16.613+0000] {dag.py:3036} INFO - Sync 1 DAGs
[2026-03-28T22:29:16.642+0000] {logging_mixin.py:188} INFO - [2026-03-28T22:29:16.642+0000] {dag.py:3823} INFO - Setting next_dagrun for example_bash_operator to 2026-03-27 00:00:00+00:00, run_after=2026-03-28 00:00:00+00:00
[2026-03-28T22:29:16.667+0000] {processor.py:183} INFO - Processing /home/airflow/.local/lib/python3.8/site-packages/airflow/example_dags/example_bash_operator.py took 0.102 seconds
[2026-03-28T22:29:47.016+0000] {processor.py:161} INFO - Started process (PID=1795) to work on /home/airflow/.local/lib/python3.8/site-packages/airflow/example_dags/example_bash_operator.py
[2026-03-28T22:29:47.017+0000] {processor.py:830} INFO - Processing file /home/airflow/.local/lib/python3.8/site-packages/airflow/example_dags/example_bash_operator.py for tasks to queue
[2026-03-28T22:29:47.019+0000] {logging_mixin.py:188} INFO - [2026-03-28T22:29:47.019+0000] {dagbag.py:538} INFO - Filling up the DagBag from /home/airflow/.local/lib/python3.8/site-packages/airflow/example_dags/example_bash_operator.py
[2026-03-28T22:29:47.032+0000] {processor.py:840} INFO - DAG(s) 'example_bash_operator' retrieved from /home/airflow/.local/lib/python3.8/site-packages/airflow/example_dags/example_bash_operator.py
[2026-03-28T22:29:47.065+0000] {logging_mixin.py:188} INFO - [2026-03-28T22:29:47.065+0000] {dag.py:3036} INFO - Sync 1 DAGs
[2026-03-28T22:29:47.089+0000] {logging_mixin.py:188} INFO - [2026-03-28T22:29:47.089+0000] {dag.py:3823} INFO - Setting next_dagrun for example_bash_operator to 2026-03-27 00:00:00+00:00, run_after=2026-03-28 00:00:00+00:00
[2026-03-28T22:29:47.113+0000] {processor.py:183} INFO - Processing /home/airflow/.local/lib/python3.8/site-packages/airflow/example_dags/example_bash_operator.py took 0.100 seconds
[2026-03-28T22:30:17.298+0000] {processor.py:161} INFO - Started process (PID=1851) to work on /home/airflow/.local/lib/python3.8/site-packages/airflow/example_dags/example_bash_operator.py
[2026-03-28T22:30:17.299+0000] {processor.py:830} INFO - Processing file /home/airflow/.local/lib/python3.8/site-packages/airflow/example_dags/example_bash_operator.py for tasks to queue
[2026-03-28T22:30:17.301+0000] {logging_mixin.py:188} INFO - [2026-03-28T22:30:17.301+0000] {dagbag.py:538} INFO - Filling up the DagBag from /home/airflow/.local/lib/python3.8/site-packages/airflow/example_dags/example_bash_operator.py
[2026-03-28T22:30:17.314+0000] {processor.py:840} INFO - DAG(s) 'example_bash_operator' retrieved from /home/airflow/.local/lib/python3.8/site-packages/airflow/example_dags/example_bash_operator.py
[2026-03-28T22:30:17.349+0000] {logging_mixin.py:188} INFO - [2026-03-28T22:30:17.349+0000] {dag.py:3036} INFO - Sync 1 DAGs
[2026-03-28T22:30:17.372+0000] {logging_mixin.py:188} INFO - [2026-03-28T22:30:17.371+0000] {dag.py:3823} INFO - Setting next_dagrun for example_bash_operator to 2026-03-27 00:00:00+00:00, run_after=2026-03-28 00:00:00+00:00
[2026-03-28T22:30:17.403+0000] {processor.py:183} INFO - Processing /home/airflow/.local/lib/python3.8/site-packages/airflow/example_dags/example_bash_operator.py took 0.109 seconds
[2026-03-28T22:30:47.873+0000] {processor.py:161} INFO - Started process (PID=1908) to work on /home/airflow/.local/lib/python3.8/site-packages/airflow/example_dags/example_bash_operator.py
[2026-03-28T22:30:47.874+0000] {processor.py:830} INFO - Processing file /home/airflow/.local/lib/python3.8/site-packages/airflow/example_dags/example_bash_operator.py for tasks to queue
[2026-03-28T22:30:47.876+0000] {logging_mixin.py:188} INFO - [2026-03-28T22:30:47.876+0000] {dagbag.py:538} INFO - Filling up the DagBag from /home/airflow/.local/lib/python3.8/site-packages/airflow/example_dags/example_bash_operator.py
[2026-03-28T22:30:47.893+0000] {processor.py:840} INFO - DAG(s) 'example_bash_operator' retrieved from /home/airflow/.local/lib/python3.8/site-packages/airflow/example_dags/example_bash_operator.py
[2026-03-28T22:30:47.924+0000] {logging_mixin.py:188} INFO - [2026-03-28T22:30:47.924+0000] {dag.py:3036} INFO - Sync 1 DAGs
[2026-03-28T22:30:47.948+0000] {logging_mixin.py:188} INFO - [2026-03-28T22:30:47.948+0000] {dag.py:3823} INFO - Setting next_dagrun for example_bash_operator to 2026-03-27 00:00:00+00:00, run_after=2026-03-28 00:00:00+00:00
[2026-03-28T22:30:47.972+0000] {processor.py:183} INFO - Processing /home/airflow/.local/lib/python3.8/site-packages/airflow/example_dags/example_bash_operator.py took 0.103 seconds
[2026-03-28T22:31:35.346+0000] {processor.py:161} INFO - Started process (PID=53) to work on /home/airflow/.local/lib/python3.8/site-packages/airflow/example_dags/example_bash_operator.py
[2026-03-28T22:31:35.348+0000] {processor.py:830} INFO - Processing file /home/airflow/.local/lib/python3.8/site-packages/airflow/example_dags/example_bash_operator.py for tasks to queue
[2026-03-28T22:31:35.355+0000] {logging_mixin.py:188} INFO - [2026-03-28T22:31:35.353+0000] {dagbag.py:538} INFO - Filling up the DagBag from /home/airflow/.local/lib/python3.8/site-packages/airflow/example_dags/example_bash_operator.py
[2026-03-28T22:31:35.381+0000] {processor.py:840} INFO - DAG(s) 'example_bash_operator' retrieved from /home/airflow/.local/lib/python3.8/site-packages/airflow/example_dags/example_bash_operator.py
[2026-03-28T22:31:35.419+0000] {logging_mixin.py:188} INFO - [2026-03-28T22:31:35.419+0000] {dag.py:3036} INFO - Sync 1 DAGs
[2026-03-28T22:31:35.460+0000] {logging_mixin.py:188} INFO - [2026-03-28T22:31:35.459+0000] {dag.py:3823} INFO - Setting next_dagrun for example_bash_operator to 2026-03-27 00:00:00+00:00, run_after=2026-03-28 00:00:00+00:00
[2026-03-28T22:31:35.500+0000] {processor.py:183} INFO - Processing /home/airflow/.local/lib/python3.8/site-packages/airflow/example_dags/example_bash_operator.py took 0.158 seconds
[2026-03-28T22:32:11.612+0000] {processor.py:161} INFO - Started process (PID=54) to work on /home/airflow/.local/lib/python3.8/site-packages/airflow/example_dags/example_bash_operator.py
[2026-03-28T22:32:11.614+0000] {processor.py:830} INFO - Processing file /home/airflow/.local/lib/python3.8/site-packages/airflow/example_dags/example_bash_operator.py for tasks to queue
[2026-03-28T22:32:11.618+0000] {logging_mixin.py:188} INFO - [2026-03-28T22:32:11.618+0000] {dagbag.py:538} INFO - Filling up the DagBag from /home/airflow/.local/lib/python3.8/site-packages/airflow/example_dags/example_bash_operator.py
[2026-03-28T22:32:11.643+0000] {processor.py:840} INFO - DAG(s) 'example_bash_operator' retrieved from /home/airflow/.local/lib/python3.8/site-packages/airflow/example_dags/example_bash_operator.py
[2026-03-28T22:32:11.682+0000] {logging_mixin.py:188} INFO - [2026-03-28T22:32:11.682+0000] {dag.py:3036} INFO - Sync 1 DAGs
[2026-03-28T22:32:11.729+0000] {logging_mixin.py:188} INFO - [2026-03-28T22:32:11.729+0000] {dag.py:3823} INFO - Setting next_dagrun for example_bash_operator to 2026-03-27 00:00:00+00:00, run_after=2026-03-28 00:00:00+00:00
[2026-03-28T22:32:11.758+0000] {processor.py:183} INFO - Processing /home/airflow/.local/lib/python3.8/site-packages/airflow/example_dags/example_bash_operator.py took 0.151 seconds
[2026-03-28T22:32:41.801+0000] {processor.py:161} INFO - Started process (PID=109) to work on /home/airflow/.local/lib/python3.8/site-packages/airflow/example_dags/example_bash_operator.py
[2026-03-28T22:32:41.802+0000] {processor.py:830} INFO - Processing file /home/airflow/.local/lib/python3.8/site-packages/airflow/example_dags/example_bash_operator.py for tasks to queue
[2026-03-28T22:32:41.804+0000] {logging_mixin.py:188} INFO - [2026-03-28T22:32:41.804+0000] {dagbag.py:538} INFO - Filling up the DagBag from /home/airflow/.local/lib/python3.8/site-packages/airflow/example_dags/example_bash_operator.py
[2026-03-28T22:32:41.815+0000] {processor.py:840} INFO - DAG(s) 'example_bash_operator' retrieved from /home/airflow/.local/lib/python3.8/site-packages/airflow/example_dags/example_bash_operator.py
[2026-03-28T22:32:41.916+0000] {logging_mixin.py:188} INFO - [2026-03-28T22:32:41.916+0000] {dag.py:3036} INFO - Sync 1 DAGs
[2026-03-28T22:32:41.939+0000] {logging_mixin.py:188} INFO - [2026-03-28T22:32:41.938+0000] {dag.py:3823} INFO - Setting next_dagrun for example_bash_operator to 2026-03-27 00:00:00+00:00, run_after=2026-03-28 00:00:00+00:00
[2026-03-28T22:32:41.982+0000] {processor.py:183} INFO - Processing /home/airflow/.local/lib/python3.8/site-packages/airflow/example_dags/example_bash_operator.py took 0.184 seconds
[2026-03-28T22:33:56.142+0000] {processor.py:161} INFO - Started process (PID=65) to work on /home/airflow/.local/lib/python3.8/site-packages/airflow/example_dags/example_bash_operator.py
[2026-03-28T22:33:56.145+0000] {processor.py:830} INFO - Processing file /home/airflow/.local/lib/python3.8/site-packages/airflow/example_dags/example_bash_operator.py for tasks to queue
[2026-03-28T22:33:56.148+0000] {logging_mixin.py:188} INFO - [2026-03-28T22:33:56.148+0000] {dagbag.py:538} INFO - Filling up the DagBag from /home/airflow/.local/lib/python3.8/site-packages/airflow/example_dags/example_bash_operator.py
[2026-03-28T22:33:56.184+0000] {processor.py:840} INFO - DAG(s) 'example_bash_operator' retrieved from /home/airflow/.local/lib/python3.8/site-packages/airflow/example_dags/example_bash_operator.py
[2026-03-28T22:33:56.493+0000] {logging_mixin.py:188} INFO - [2026-03-28T22:33:56.492+0000] {dag.py:3036} INFO - Sync 1 DAGs
[2026-03-28T22:33:56.521+0000] {logging_mixin.py:188} INFO - [2026-03-28T22:33:56.521+0000] {dag.py:3823} INFO - Setting next_dagrun for example_bash_operator to 2026-03-27 00:00:00+00:00, run_after=2026-03-28 00:00:00+00:00
[2026-03-28T22:33:56.552+0000] {processor.py:183} INFO - Processing /home/airflow/.local/lib/python3.8/site-packages/airflow/example_dags/example_bash_operator.py took 0.415 seconds
[2026-03-28T22:34:27.389+0000] {processor.py:161} INFO - Started process (PID=121) to work on /home/airflow/.local/lib/python3.8/site-packages/airflow/example_dags/example_bash_operator.py
[2026-03-28T22:34:27.400+0000] {processor.py:830} INFO - Processing file /home/airflow/.local/lib/python3.8/site-packages/airflow/example_dags/example_bash_operator.py for tasks to queue
[2026-03-28T22:34:27.407+0000] {logging_mixin.py:188} INFO - [2026-03-28T22:34:27.406+0000] {dagbag.py:538} INFO - Filling up the DagBag from /home/airflow/.local/lib/python3.8/site-packages/airflow/example_dags/example_bash_operator.py
[2026-03-28T22:34:27.445+0000] {processor.py:840} INFO - DAG(s) 'example_bash_operator' retrieved from /home/airflow/.local/lib/python3.8/site-packages/airflow/example_dags/example_bash_operator.py
[2026-03-28T22:34:27.520+0000] {logging_mixin.py:188} INFO - [2026-03-28T22:34:27.519+0000] {dag.py:3036} INFO - Sync 1 DAGs
[2026-03-28T22:34:27.582+0000] {logging_mixin.py:188} INFO - [2026-03-28T22:34:27.581+0000] {dag.py:3823} INFO - Setting next_dagrun for example_bash_operator to 2026-03-27 00:00:00+00:00, run_after=2026-03-28 00:00:00+00:00
[2026-03-28T22:34:27.653+0000] {processor.py:183} INFO - Processing /home/airflow/.local/lib/python3.8/site-packages/airflow/example_dags/example_bash_operator.py took 0.275 seconds
[2026-03-28T22:34:57.949+0000] {processor.py:161} INFO - Started process (PID=177) to work on /home/airflow/.local/lib/python3.8/site-packages/airflow/example_dags/example_bash_operator.py
[2026-03-28T22:34:57.950+0000] {processor.py:830} INFO - Processing file /home/airflow/.local/lib/python3.8/site-packages/airflow/example_dags/example_bash_operator.py for tasks to queue
[2026-03-28T22:34:57.952+0000] {logging_mixin.py:188} INFO - [2026-03-28T22:34:57.952+0000] {dagbag.py:538} INFO - Filling up the DagBag from /home/airflow/.local/lib/python3.8/site-packages/airflow/example_dags/example_bash_operator.py
[2026-03-28T22:34:57.963+0000] {processor.py:840} INFO - DAG(s) 'example_bash_operator' retrieved from /home/airflow/.local/lib/python3.8/site-packages/airflow/example_dags/example_bash_operator.py
[2026-03-28T22:34:57.990+0000] {logging_mixin.py:188} INFO - [2026-03-28T22:34:57.990+0000] {dag.py:3036} INFO - Sync 1 DAGs
[2026-03-28T22:34:58.012+0000] {logging_mixin.py:188} INFO - [2026-03-28T22:34:58.012+0000] {dag.py:3823} INFO - Setting next_dagrun for example_bash_operator to 2026-03-27 00:00:00+00:00, run_after=2026-03-28 00:00:00+00:00
[2026-03-28T22:34:58.034+0000] {processor.py:183} INFO - Processing /home/airflow/.local/lib/python3.8/site-packages/airflow/example_dags/example_bash_operator.py took 0.089 seconds
[2026-03-28T22:35:28.154+0000] {processor.py:161} INFO - Started process (PID=233) to work on /home/airflow/.local/lib/python3.8/site-packages/airflow/example_dags/example_bash_operator.py
[2026-03-28T22:35:28.155+0000] {processor.py:830} INFO - Processing file /home/airflow/.local/lib/python3.8/site-packages/airflow/example_dags/example_bash_operator.py for tasks to queue
[2026-03-28T22:35:28.157+0000] {logging_mixin.py:188} INFO - [2026-03-28T22:35:28.156+0000] {dagbag.py:538} INFO - Filling up the DagBag from /home/airflow/.local/lib/python3.8/site-packages/airflow/example_dags/example_bash_operator.py
[2026-03-28T22:35:28.168+0000] {processor.py:840} INFO - DAG(s) 'example_bash_operator' retrieved from /home/airflow/.local/lib/python3.8/site-packages/airflow/example_dags/example_bash_operator.py
[2026-03-28T22:35:28.214+0000] {logging_mixin.py:188} INFO - [2026-03-28T22:35:28.214+0000] {dag.py:3036} INFO - Sync 1 DAGs
[2026-03-28T22:35:28.237+0000] {logging_mixin.py:188} INFO - [2026-03-28T22:35:28.236+0000] {dag.py:3823} INFO - Setting next_dagrun for example_bash_operator to 2026-03-27 00:00:00+00:00, run_after=2026-03-28 00:00:00+00:00
[2026-03-28T22:35:28.263+0000] {processor.py:183} INFO - Processing /home/airflow/.local/lib/python3.8/site-packages/airflow/example_dags/example_bash_operator.py took 0.113 seconds
[2026-03-28T22:35:58.444+0000] {processor.py:161} INFO - Started process (PID=289) to work on /home/airflow/.local/lib/python3.8/site-packages/airflow/example_dags/example_bash_operator.py
[2026-03-28T22:35:58.445+0000] {processor.py:830} INFO - Processing file /home/airflow/.local/lib/python3.8/site-packages/airflow/example_dags/example_bash_operator.py for tasks to queue
[2026-03-28T22:35:58.448+0000] {logging_mixin.py:188} INFO - [2026-03-28T22:35:58.447+0000] {dagbag.py:538} INFO - Filling up the DagBag from /home/airflow/.local/lib/python3.8/site-packages/airflow/example_dags/example_bash_operator.py
[2026-03-28T22:35:58.462+0000] {processor.py:840} INFO - DAG(s) 'example_bash_operator' retrieved from /home/airflow/.local/lib/python3.8/site-packages/airflow/example_dags/example_bash_operator.py
[2026-03-28T22:35:58.497+0000] {logging_mixin.py:188} INFO - [2026-03-28T22:35:58.497+0000] {dag.py:3036} INFO - Sync 1 DAGs
[2026-03-28T22:35:58.524+0000] {logging_mixin.py:188} INFO - [2026-03-28T22:35:58.524+0000] {dag.py:3823} INFO - Setting next_dagrun for example_bash_operator to 2026-03-27 00:00:00+00:00, run_after=2026-03-28 00:00:00+00:00
[2026-03-28T22:35:58.548+0000] {processor.py:183} INFO - Processing /home/airflow/.local/lib/python3.8/site-packages/airflow/example_dags/example_bash_operator.py took 0.110 seconds
[2026-03-28T22:36:28.686+0000] {processor.py:161} INFO - Started process (PID=345) to work on /home/airflow/.local/lib/python3.8/site-packages/airflow/example_dags/example_bash_operator.py
[2026-03-28T22:36:28.687+0000] {processor.py:830} INFO - Processing file /home/airflow/.local/lib/python3.8/site-packages/airflow/example_dags/example_bash_operator.py for tasks to queue
[2026-03-28T22:36:28.689+0000] {logging_mixin.py:188} INFO - [2026-03-28T22:36:28.688+0000] {dagbag.py:538} INFO - Filling up the DagBag from /home/airflow/.local/lib/python3.8/site-packages/airflow/example_dags/example_bash_operator.py
[2026-03-28T22:36:28.701+0000] {processor.py:840} INFO - DAG(s) 'example_bash_operator' retrieved from /home/airflow/.local/lib/python3.8/site-packages/airflow/example_dags/example_bash_operator.py
[2026-03-28T22:36:28.729+0000] {logging_mixin.py:188} INFO - [2026-03-28T22:36:28.729+0000] {dag.py:3036} INFO - Sync 1 DAGs
[2026-03-28T22:36:28.763+0000] {logging_mixin.py:188} INFO - [2026-03-28T22:36:28.763+0000] {dag.py:3823} INFO - Setting next_dagrun for example_bash_operator to 2026-03-27 00:00:00+00:00, run_after=2026-03-28 00:00:00+00:00
[2026-03-28T22:36:28.789+0000] {processor.py:183} INFO - Processing /home/airflow/.local/lib/python3.8/site-packages/airflow/example_dags/example_bash_operator.py took 0.106 seconds
[2026-03-28T22:36:59.126+0000] {processor.py:161} INFO - Started process (PID=401) to work on /home/airflow/.local/lib/python3.8/site-packages/airflow/example_dags/example_bash_operator.py
[2026-03-28T22:36:59.128+0000] {processor.py:830} INFO - Processing file /home/airflow/.local/lib/python3.8/site-packages/airflow/example_dags/example_bash_operator.py for tasks to queue
[2026-03-28T22:36:59.130+0000] {logging_mixin.py:188} INFO - [2026-03-28T22:36:59.130+0000] {dagbag.py:538} INFO - Filling up the DagBag from /home/airflow/.local/lib/python3.8/site-packages/airflow/example_dags/example_bash_operator.py
[2026-03-28T22:36:59.143+0000] {processor.py:840} INFO - DAG(s) 'example_bash_operator' retrieved from /home/airflow/.local/lib/python3.8/site-packages/airflow/example_dags/example_bash_operator.py
[2026-03-28T22:36:59.171+0000] {logging_mixin.py:188} INFO - [2026-03-28T22:36:59.171+0000] {dag.py:3036} INFO - Sync 1 DAGs
[2026-03-28T22:36:59.193+0000] {logging_mixin.py:188} INFO - [2026-03-28T22:36:59.193+0000] {dag.py:3823} INFO - Setting next_dagrun for example_bash_operator to 2026-03-27 00:00:00+00:00, run_after=2026-03-28 00:00:00+00:00
[2026-03-28T22:36:59.216+0000] {processor.py:183} INFO - Processing /home/airflow/.local/lib/python3.8/site-packages/airflow/example_dags/example_bash_operator.py took 0.094 seconds
[2026-03-28T22:37:40.079+0000] {processor.py:161} INFO - Started process (PID=47) to work on /home/airflow/.local/lib/python3.8/site-packages/airflow/example_dags/example_bash_operator.py
[2026-03-28T22:37:40.081+0000] {processor.py:830} INFO - Processing file /home/airflow/.local/lib/python3.8/site-packages/airflow/example_dags/example_bash_operator.py for tasks to queue
[2026-03-28T22:37:40.083+0000] {logging_mixin.py:188} INFO - [2026-03-28T22:37:40.083+0000] {dagbag.py:538} INFO - Filling up the DagBag from /home/airflow/.local/lib/python3.8/site-packages/airflow/example_dags/example_bash_operator.py
[2026-03-28T22:37:40.106+0000] {processor.py:840} INFO - DAG(s) 'example_bash_operator' retrieved from /home/airflow/.local/lib/python3.8/site-packages/airflow/example_dags/example_bash_operator.py
[2026-03-28T22:37:40.161+0000] {logging_mixin.py:188} INFO - [2026-03-28T22:37:40.158+0000] {dag.py:3036} INFO - Sync 1 DAGs
[2026-03-28T22:37:40.210+0000] {logging_mixin.py:188} INFO - [2026-03-28T22:37:40.209+0000] {dag.py:3823} INFO - Setting next_dagrun for example_bash_operator to 2026-03-27 00:00:00+00:00, run_after=2026-03-28 00:00:00+00:00
[2026-03-28T22:37:40.249+0000] {processor.py:183} INFO - Processing /home/airflow/.local/lib/python3.8/site-packages/airflow/example_dags/example_bash_operator.py took 0.175 seconds
[2026-03-28T22:38:10.507+0000] {processor.py:161} INFO - Started process (PID=109) to work on /home/airflow/.local/lib/python3.8/site-packages/airflow/example_dags/example_bash_operator.py
[2026-03-28T22:38:10.508+0000] {processor.py:830} INFO - Processing file /home/airflow/.local/lib/python3.8/site-packages/airflow/example_dags/example_bash_operator.py for tasks to queue
[2026-03-28T22:38:10.510+0000] {logging_mixin.py:188} INFO - [2026-03-28T22:38:10.510+0000] {dagbag.py:538} INFO - Filling up the DagBag from /home/airflow/.local/lib/python3.8/site-packages/airflow/example_dags/example_bash_operator.py
[2026-03-28T22:38:10.522+0000] {processor.py:840} INFO - DAG(s) 'example_bash_operator' retrieved from /home/airflow/.local/lib/python3.8/site-packages/airflow/example_dags/example_bash_operator.py
[2026-03-28T22:38:10.637+0000] {logging_mixin.py:188} INFO - [2026-03-28T22:38:10.637+0000] {dag.py:3036} INFO - Sync 1 DAGs
[2026-03-28T22:38:10.659+0000] {logging_mixin.py:188} INFO - [2026-03-28T22:38:10.659+0000] {dag.py:3823} INFO - Setting next_dagrun for example_bash_operator to 2026-03-27 00:00:00+00:00, run_after=2026-03-28 00:00:00+00:00
[2026-03-28T22:38:10.682+0000] {processor.py:183} INFO - Processing /home/airflow/.local/lib/python3.8/site-packages/airflow/example_dags/example_bash_operator.py took 0.179 seconds
[2026-03-28T22:38:41.476+0000] {processor.py:161} INFO - Started process (PID=165) to work on /home/airflow/.local/lib/python3.8/site-packages/airflow/example_dags/example_bash_operator.py
[2026-03-28T22:38:41.477+0000] {processor.py:830} INFO - Processing file /home/airflow/.local/lib/python3.8/site-packages/airflow/example_dags/example_bash_operator.py for tasks to queue
[2026-03-28T22:38:41.480+0000] {logging_mixin.py:188} INFO - [2026-03-28T22:38:41.480+0000] {dagbag.py:538} INFO - Filling up the DagBag from /home/airflow/.local/lib/python3.8/site-packages/airflow/example_dags/example_bash_operator.py
[2026-03-28T22:38:41.500+0000] {processor.py:840} INFO - DAG(s) 'example_bash_operator' retrieved from /home/airflow/.local/lib/python3.8/site-packages/airflow/example_dags/example_bash_operator.py
[2026-03-28T22:38:41.580+0000] {logging_mixin.py:188} INFO - [2026-03-28T22:38:41.580+0000] {dag.py:3036} INFO - Sync 1 DAGs
[2026-03-28T22:38:41.631+0000] {logging_mixin.py:188} INFO - [2026-03-28T22:38:41.631+0000] {dag.py:3823} INFO - Setting next_dagrun for example_bash_operator to 2026-03-27 00:00:00+00:00, run_after=2026-03-28 00:00:00+00:00
[2026-03-28T22:38:41.672+0000] {processor.py:183} INFO - Processing /home/airflow/.local/lib/python3.8/site-packages/airflow/example_dags/example_bash_operator.py took 0.201 seconds
[2026-03-28T22:39:12.070+0000] {processor.py:161} INFO - Started process (PID=221) to work on /home/airflow/.local/lib/python3.8/site-packages/airflow/example_dags/example_bash_operator.py
[2026-03-28T22:39:12.072+0000] {processor.py:830} INFO - Processing file /home/airflow/.local/lib/python3.8/site-packages/airflow/example_dags/example_bash_operator.py for tasks to queue
[2026-03-28T22:39:12.076+0000] {logging_mixin.py:188} INFO - [2026-03-28T22:39:12.075+0000] {dagbag.py:538} INFO - Filling up the DagBag from /home/airflow/.local/lib/python3.8/site-packages/airflow/example_dags/example_bash_operator.py
[2026-03-28T22:39:12.092+0000] {processor.py:840} INFO - DAG(s) 'example_bash_operator' retrieved from /home/airflow/.local/lib/python3.8/site-packages/airflow/example_dags/example_bash_operator.py
[2026-03-28T22:39:12.130+0000] {logging_mixin.py:188} INFO - [2026-03-28T22:39:12.129+0000] {dag.py:3036} INFO - Sync 1 DAGs
[2026-03-28T22:39:12.161+0000] {logging_mixin.py:188} INFO - [2026-03-28T22:39:12.161+0000] {dag.py:3823} INFO - Setting next_dagrun for example_bash_operator to 2026-03-27 00:00:00+00:00, run_after=2026-03-28 00:00:00+00:00
[2026-03-28T22:39:12.189+0000] {processor.py:183} INFO - Processing /home/airflow/.local/lib/python3.8/site-packages/airflow/example_dags/example_bash_operator.py took 0.122 seconds
[2026-03-28T22:39:42.275+0000] {processor.py:161} INFO - Started process (PID=277) to work on /home/airflow/.local/lib/python3.8/site-packages/airflow/example_dags/example_bash_operator.py
[2026-03-28T22:39:42.277+0000] {processor.py:830} INFO - Processing file /home/airflow/.local/lib/python3.8/site-packages/airflow/example_dags/example_bash_operator.py for tasks to queue
[2026-03-28T22:39:42.281+0000] {logging_mixin.py:188} INFO - [2026-03-28T22:39:42.281+0000] {dagbag.py:538} INFO - Filling up the DagBag from /home/airflow/.local/lib/python3.8/site-packages/airflow/example_dags/example_bash_operator.py
[2026-03-28T22:39:42.297+0000] {processor.py:840} INFO - DAG(s) 'example_bash_operator' retrieved from /home/airflow/.local/lib/python3.8/site-packages/airflow/example_dags/example_bash_operator.py
[2026-03-28T22:39:42.353+0000] {logging_mixin.py:188} INFO - [2026-03-28T22:39:42.352+0000] {dag.py:3036} INFO - Sync 1 DAGs
[2026-03-28T22:39:42.393+0000] {logging_mixin.py:188} INFO - [2026-03-28T22:39:42.393+0000] {dag.py:3823} INFO - Setting next_dagrun for example_bash_operator to 2026-03-27 00:00:00+00:00, run_after=2026-03-28 00:00:00+00:00
[2026-03-28T22:39:42.452+0000] {processor.py:183} INFO - Processing /home/airflow/.local/lib/python3.8/site-packages/airflow/example_dags/example_bash_operator.py took 0.184 seconds
[2026-03-28T22:40:12.615+0000] {processor.py:161} INFO - Started process (PID=333) to work on /home/airflow/.local/lib/python3.8/site-packages/airflow/example_dags/example_bash_operator.py
[2026-03-28T22:40:12.616+0000] {processor.py:830} INFO - Processing file /home/airflow/.local/lib/python3.8/site-packages/airflow/example_dags/example_bash_operator.py for tasks to queue
[2026-03-28T22:40:12.619+0000] {logging_mixin.py:188} INFO - [2026-03-28T22:40:12.618+0000] {dagbag.py:538} INFO - Filling up the DagBag from /home/airflow/.local/lib/python3.8/site-packages/airflow/example_dags/example_bash_operator.py
[2026-03-28T22:40:12.630+0000] {processor.py:840} INFO - DAG(s) 'example_bash_operator' retrieved from /home/airflow/.local/lib/python3.8/site-packages/airflow/example_dags/example_bash_operator.py
[2026-03-28T22:40:12.659+0000] {logging_mixin.py:188} INFO - [2026-03-28T22:40:12.658+0000] {dag.py:3036} INFO - Sync 1 DAGs
[2026-03-28T22:40:12.680+0000] {logging_mixin.py:188} INFO - [2026-03-28T22:40:12.680+0000] {dag.py:3823} INFO - Setting next_dagrun for example_bash_operator to 2026-03-27 00:00:00+00:00, run_after=2026-03-28 00:00:00+00:00
[2026-03-28T22:40:12.708+0000] {processor.py:183} INFO - Processing /home/airflow/.local/lib/python3.8/site-packages/airflow/example_dags/example_bash_operator.py took 0.096 seconds
[2026-03-28T22:40:42.968+0000] {processor.py:161} INFO - Started process (PID=389) to work on /home/airflow/.local/lib/python3.8/site-packages/airflow/example_dags/example_bash_operator.py
[2026-03-28T22:40:42.970+0000] {processor.py:830} INFO - Processing file /home/airflow/.local/lib/python3.8/site-packages/airflow/example_dags/example_bash_operator.py for tasks to queue
[2026-03-28T22:40:42.973+0000] {logging_mixin.py:188} INFO - [2026-03-28T22:40:42.973+0000] {dagbag.py:538} INFO - Filling up the DagBag from /home/airflow/.local/lib/python3.8/site-packages/airflow/example_dags/example_bash_operator.py
[2026-03-28T22:40:42.987+0000] {processor.py:840} INFO - DAG(s) 'example_bash_operator' retrieved from /home/airflow/.local/lib/python3.8/site-packages/airflow/example_dags/example_bash_operator.py
[2026-03-28T22:40:43.032+0000] {logging_mixin.py:188} INFO - [2026-03-28T22:40:43.032+0000] {dag.py:3036} INFO - Sync 1 DAGs
[2026-03-28T22:40:43.067+0000] {logging_mixin.py:188} INFO - [2026-03-28T22:40:43.066+0000] {dag.py:3823} INFO - Setting next_dagrun for example_bash_operator to 2026-03-27 00:00:00+00:00, run_after=2026-03-28 00:00:00+00:00
[2026-03-28T22:40:43.103+0000] {processor.py:183} INFO - Processing /home/airflow/.local/lib/python3.8/site-packages/airflow/example_dags/example_bash_operator.py took 0.141 seconds
[2026-03-28T22:41:13.444+0000] {processor.py:161} INFO - Started process (PID=445) to work on /home/airflow/.local/lib/python3.8/site-packages/airflow/example_dags/example_bash_operator.py
[2026-03-28T22:41:13.445+0000] {processor.py:830} INFO - Processing file /home/airflow/.local/lib/python3.8/site-packages/airflow/example_dags/example_bash_operator.py for tasks to queue
[2026-03-28T22:41:13.449+0000] {logging_mixin.py:188} INFO - [2026-03-28T22:41:13.449+0000] {dagbag.py:538} INFO - Filling up the DagBag from /home/airflow/.local/lib/python3.8/site-packages/airflow/example_dags/example_bash_operator.py
[2026-03-28T22:41:13.464+0000] {processor.py:840} INFO - DAG(s) 'example_bash_operator' retrieved from /home/airflow/.local/lib/python3.8/site-packages/airflow/example_dags/example_bash_operator.py
[2026-03-28T22:41:13.479+0000] {logging_mixin.py:188} INFO - [2026-03-28T22:41:13.479+0000] {dag.py:3036} INFO - Sync 1 DAGs
[2026-03-28T22:41:13.505+0000] {logging_mixin.py:188} INFO - [2026-03-28T22:41:13.505+0000] {dag.py:3823} INFO - Setting next_dagrun for example_bash_operator to 2026-03-27 00:00:00+00:00, run_after=2026-03-28 00:00:00+00:00
[2026-03-28T22:41:13.532+0000] {processor.py:183} INFO - Processing /home/airflow/.local/lib/python3.8/site-packages/airflow/example_dags/example_bash_operator.py took 0.093 seconds
[2026-03-28T22:41:43.989+0000] {processor.py:161} INFO - Started process (PID=501) to work on /home/airflow/.local/lib/python3.8/site-packages/airflow/example_dags/example_bash_operator.py
[2026-03-28T22:41:43.990+0000] {processor.py:830} INFO - Processing file /home/airflow/.local/lib/python3.8/site-packages/airflow/example_dags/example_bash_operator.py for tasks to queue
[2026-03-28T22:41:43.992+0000] {logging_mixin.py:188} INFO - [2026-03-28T22:41:43.992+0000] {dagbag.py:538} INFO - Filling up the DagBag from /home/airflow/.local/lib/python3.8/site-packages/airflow/example_dags/example_bash_operator.py
[2026-03-28T22:41:44.005+0000] {processor.py:840} INFO - DAG(s) 'example_bash_operator' retrieved from /home/airflow/.local/lib/python3.8/site-packages/airflow/example_dags/example_bash_operator.py
[2026-03-28T22:41:44.134+0000] {logging_mixin.py:188} INFO - [2026-03-28T22:41:44.134+0000] {dag.py:3036} INFO - Sync 1 DAGs
[2026-03-28T22:41:44.156+0000] {logging_mixin.py:188} INFO - [2026-03-28T22:41:44.155+0000] {dag.py:3823} INFO - Setting next_dagrun for example_bash_operator to 2026-03-27 00:00:00+00:00, run_after=2026-03-28 00:00:00+00:00
[2026-03-28T22:41:44.180+0000] {processor.py:183} INFO - Processing /home/airflow/.local/lib/python3.8/site-packages/airflow/example_dags/example_bash_operator.py took 0.195 seconds
[2026-03-28T22:42:14.245+0000] {processor.py:161} INFO - Started process (PID=557) to work on /home/airflow/.local/lib/python3.8/site-packages/airflow/example_dags/example_bash_operator.py
[2026-03-28T22:42:14.246+0000] {processor.py:830} INFO - Processing file /home/airflow/.local/lib/python3.8/site-packages/airflow/example_dags/example_bash_operator.py for tasks to queue
[2026-03-28T22:42:14.249+0000] {logging_mixin.py:188} INFO - [2026-03-28T22:42:14.249+0000] {dagbag.py:538} INFO - Filling up the DagBag from /home/airflow/.local/lib/python3.8/site-packages/airflow/example_dags/example_bash_operator.py
[2026-03-28T22:42:14.266+0000] {processor.py:840} INFO - DAG(s) 'example_bash_operator' retrieved from /home/airflow/.local/lib/python3.8/site-packages/airflow/example_dags/example_bash_operator.py
[2026-03-28T22:42:14.315+0000] {logging_mixin.py:188} INFO - [2026-03-28T22:42:14.314+0000] {dag.py:3036} INFO - Sync 1 DAGs
[2026-03-28T22:42:14.349+0000] {logging_mixin.py:188} INFO - [2026-03-28T22:42:14.349+0000] {dag.py:3823} INFO - Setting next_dagrun for example_bash_operator to 2026-03-27 00:00:00+00:00, run_after=2026-03-28 00:00:00+00:00
[2026-03-28T22:42:14.377+0000] {processor.py:183} INFO - Processing /home/airflow/.local/lib/python3.8/site-packages/airflow/example_dags/example_bash_operator.py took 0.138 seconds
[2026-03-28T22:42:44.943+0000] {processor.py:161} INFO - Started process (PID=613) to work on /home/airflow/.local/lib/python3.8/site-packages/airflow/example_dags/example_bash_operator.py
[2026-03-28T22:42:44.944+0000] {processor.py:830} INFO - Processing file /home/airflow/.local/lib/python3.8/site-packages/airflow/example_dags/example_bash_operator.py for tasks to queue
[2026-03-28T22:42:44.946+0000] {logging_mixin.py:188} INFO - [2026-03-28T22:42:44.946+0000] {dagbag.py:538} INFO - Filling up the DagBag from /home/airflow/.local/lib/python3.8/site-packages/airflow/example_dags/example_bash_operator.py
[2026-03-28T22:42:44.959+0000] {processor.py:840} INFO - DAG(s) 'example_bash_operator' retrieved from /home/airflow/.local/lib/python3.8/site-packages/airflow/example_dags/example_bash_operator.py
[2026-03-28T22:42:44.988+0000] {logging_mixin.py:188} INFO - [2026-03-28T22:42:44.988+0000] {dag.py:3036} INFO - Sync 1 DAGs
[2026-03-28T22:42:45.012+0000] {logging_mixin.py:188} INFO - [2026-03-28T22:42:45.012+0000] {dag.py:3823} INFO - Setting next_dagrun for example_bash_operator to 2026-03-27 00:00:00+00:00, run_after=2026-03-28 00:00:00+00:00
[2026-03-28T22:42:45.037+0000] {processor.py:183} INFO - Processing /home/airflow/.local/lib/python3.8/site-packages/airflow/example_dags/example_bash_operator.py took 0.099 seconds
[2026-03-28T22:43:15.514+0000] {processor.py:161} INFO - Started process (PID=669) to work on /home/airflow/.local/lib/python3.8/site-packages/airflow/example_dags/example_bash_operator.py
[2026-03-28T22:43:15.515+0000] {processor.py:830} INFO - Processing file /home/airflow/.local/lib/python3.8/site-packages/airflow/example_dags/example_bash_operator.py for tasks to queue
[2026-03-28T22:43:15.519+0000] {logging_mixin.py:188} INFO - [2026-03-28T22:43:15.519+0000] {dagbag.py:538} INFO - Filling up the DagBag from /home/airflow/.local/lib/python3.8/site-packages/airflow/example_dags/example_bash_operator.py
[2026-03-28T22:43:15.540+0000] {processor.py:840} INFO - DAG(s) 'example_bash_operator' retrieved from /home/airflow/.local/lib/python3.8/site-packages/airflow/example_dags/example_bash_operator.py
[2026-03-28T22:43:15.618+0000] {logging_mixin.py:188} INFO - [2026-03-28T22:43:15.618+0000] {dag.py:3036} INFO - Sync 1 DAGs
[2026-03-28T22:43:15.672+0000] {logging_mixin.py:188} INFO - [2026-03-28T22:43:15.671+0000] {dag.py:3823} INFO - Setting next_dagrun for example_bash_operator to 2026-03-27 00:00:00+00:00, run_after=2026-03-28 00:00:00+00:00
[2026-03-28T22:43:15.698+0000] {processor.py:183} INFO - Processing /home/airflow/.local/lib/python3.8/site-packages/airflow/example_dags/example_bash_operator.py took 0.187 seconds
[2026-03-28T22:43:46.145+0000] {processor.py:161} INFO - Started process (PID=725) to work on /home/airflow/.local/lib/python3.8/site-packages/airflow/example_dags/example_bash_operator.py
[2026-03-28T22:43:46.146+0000] {processor.py:830} INFO - Processing file /home/airflow/.local/lib/python3.8/site-packages/airflow/example_dags/example_bash_operator.py for tasks to queue
[2026-03-28T22:43:46.149+0000] {logging_mixin.py:188} INFO - [2026-03-28T22:43:46.148+0000] {dagbag.py:538} INFO - Filling up the DagBag from /home/airflow/.local/lib/python3.8/site-packages/airflow/example_dags/example_bash_operator.py
[2026-03-28T22:43:46.159+0000] {processor.py:840} INFO - DAG(s) 'example_bash_operator' retrieved from /home/airflow/.local/lib/python3.8/site-packages/airflow/example_dags/example_bash_operator.py
[2026-03-28T22:43:46.189+0000] {logging_mixin.py:188} INFO - [2026-03-28T22:43:46.188+0000] {dag.py:3036} INFO - Sync 1 DAGs
[2026-03-28T22:43:46.211+0000] {logging_mixin.py:188} INFO - [2026-03-28T22:43:46.211+0000] {dag.py:3823} INFO - Setting next_dagrun for example_bash_operator to 2026-03-27 00:00:00+00:00, run_after=2026-03-28 00:00:00+00:00
[2026-03-28T22:43:46.234+0000] {processor.py:183} INFO - Processing /home/airflow/.local/lib/python3.8/site-packages/airflow/example_dags/example_bash_operator.py took 0.092 seconds
[2026-03-28T22:44:16.492+0000] {processor.py:161} INFO - Started process (PID=781) to work on /home/airflow/.local/lib/python3.8/site-packages/airflow/example_dags/example_bash_operator.py
[2026-03-28T22:44:16.493+0000] {processor.py:830} INFO - Processing file /home/airflow/.local/lib/python3.8/site-packages/airflow/example_dags/example_bash_operator.py for tasks to queue
[2026-03-28T22:44:16.495+0000] {logging_mixin.py:188} INFO - [2026-03-28T22:44:16.495+0000] {dagbag.py:538} INFO - Filling up the DagBag from /home/airflow/.local/lib/python3.8/site-packages/airflow/example_dags/example_bash_operator.py
[2026-03-28T22:44:16.508+0000] {processor.py:840} INFO - DAG(s) 'example_bash_operator' retrieved from /home/airflow/.local/lib/python3.8/site-packages/airflow/example_dags/example_bash_operator.py
[2026-03-28T22:44:16.550+0000] {logging_mixin.py:188} INFO - [2026-03-28T22:44:16.550+0000] {dag.py:3036} INFO - Sync 1 DAGs
[2026-03-28T22:44:16.580+0000] {logging_mixin.py:188} INFO - [2026-03-28T22:44:16.579+0000] {dag.py:3823} INFO - Setting next_dagrun for example_bash_operator to 2026-03-27 00:00:00+00:00, run_after=2026-03-28 00:00:00+00:00
[2026-03-28T22:44:16.607+0000] {processor.py:183} INFO - Processing /home/airflow/.local/lib/python3.8/site-packages/airflow/example_dags/example_bash_operator.py took 0.119 seconds
[2026-03-28T22:44:46.994+0000] {processor.py:161} INFO - Started process (PID=837) to work on /home/airflow/.local/lib/python3.8/site-packages/airflow/example_dags/example_bash_operator.py
[2026-03-28T22:44:46.995+0000] {processor.py:830} INFO - Processing file /home/airflow/.local/lib/python3.8/site-packages/airflow/example_dags/example_bash_operator.py for tasks to queue
[2026-03-28T22:44:46.998+0000] {logging_mixin.py:188} INFO - [2026-03-28T22:44:46.998+0000] {dagbag.py:538} INFO - Filling up the DagBag from /home/airflow/.local/lib/python3.8/site-packages/airflow/example_dags/example_bash_operator.py
[2026-03-28T22:44:47.012+0000] {processor.py:840} INFO - DAG(s) 'example_bash_operator' retrieved from /home/airflow/.local/lib/python3.8/site-packages/airflow/example_dags/example_bash_operator.py
[2026-03-28T22:44:47.057+0000] {logging_mixin.py:188} INFO - [2026-03-28T22:44:47.057+0000] {dag.py:3036} INFO - Sync 1 DAGs
[2026-03-28T22:44:47.087+0000] {logging_mixin.py:188} INFO - [2026-03-28T22:44:47.087+0000] {dag.py:3823} INFO - Setting next_dagrun for example_bash_operator to 2026-03-27 00:00:00+00:00, run_after=2026-03-28 00:00:00+00:00
[2026-03-28T22:44:47.117+0000] {processor.py:183} INFO - Processing /home/airflow/.local/lib/python3.8/site-packages/airflow/example_dags/example_bash_operator.py took 0.128 seconds
[2026-03-28T22:45:17.633+0000] {processor.py:161} INFO - Started process (PID=893) to work on /home/airflow/.local/lib/python3.8/site-packages/airflow/example_dags/example_bash_operator.py
[2026-03-28T22:45:17.634+0000] {processor.py:830} INFO - Processing file /home/airflow/.local/lib/python3.8/site-packages/airflow/example_dags/example_bash_operator.py for tasks to queue
[2026-03-28T22:45:17.636+0000] {logging_mixin.py:188} INFO - [2026-03-28T22:45:17.636+0000] {dagbag.py:538} INFO - Filling up the DagBag from /home/airflow/.local/lib/python3.8/site-packages/airflow/example_dags/example_bash_operator.py
[2026-03-28T22:45:17.648+0000] {processor.py:840} INFO - DAG(s) 'example_bash_operator' retrieved from /home/airflow/.local/lib/python3.8/site-packages/airflow/example_dags/example_bash_operator.py
[2026-03-28T22:45:17.675+0000] {logging_mixin.py:188} INFO - [2026-03-28T22:45:17.675+0000] {dag.py:3036} INFO - Sync 1 DAGs
[2026-03-28T22:45:17.699+0000] {logging_mixin.py:188} INFO - [2026-03-28T22:45:17.699+0000] {dag.py:3823} INFO - Setting next_dagrun for example_bash_operator to 2026-03-27 00:00:00+00:00, run_after=2026-03-28 00:00:00+00:00
[2026-03-28T22:45:17.719+0000] {processor.py:183} INFO - Processing /home/airflow/.local/lib/python3.8/site-packages/airflow/example_dags/example_bash_operator.py took 0.090 seconds
[2026-03-28T22:45:47.904+0000] {processor.py:161} INFO - Started process (PID=949) to work on /home/airflow/.local/lib/python3.8/site-packages/airflow/example_dags/example_bash_operator.py
[2026-03-28T22:45:47.905+0000] {processor.py:830} INFO - Processing file /home/airflow/.local/lib/python3.8/site-packages/airflow/example_dags/example_bash_operator.py for tasks to queue
[2026-03-28T22:45:47.907+0000] {logging_mixin.py:188} INFO - [2026-03-28T22:45:47.907+0000] {dagbag.py:538} INFO - Filling up the DagBag from /home/airflow/.local/lib/python3.8/site-packages/airflow/example_dags/example_bash_operator.py
[2026-03-28T22:45:47.920+0000] {processor.py:840} INFO - DAG(s) 'example_bash_operator' retrieved from /home/airflow/.local/lib/python3.8/site-packages/airflow/example_dags/example_bash_operator.py
[2026-03-28T22:45:47.947+0000] {logging_mixin.py:188} INFO - [2026-03-28T22:45:47.946+0000] {dag.py:3036} INFO - Sync 1 DAGs
[2026-03-28T22:45:47.972+0000] {logging_mixin.py:188} INFO - [2026-03-28T22:45:47.972+0000] {dag.py:3823} INFO - Setting next_dagrun for example_bash_operator to 2026-03-27 00:00:00+00:00, run_after=2026-03-28 00:00:00+00:00
[2026-03-28T22:45:47.999+0000] {processor.py:183} INFO - Processing /home/airflow/.local/lib/python3.8/site-packages/airflow/example_dags/example_bash_operator.py took 0.098 seconds
[2026-03-28T22:46:35.237+0000] {processor.py:161} INFO - Started process (PID=999) to work on /home/airflow/.local/lib/python3.8/site-packages/airflow/example_dags/example_bash_operator.py
[2026-03-28T22:46:35.239+0000] {processor.py:830} INFO - Processing file /home/airflow/.local/lib/python3.8/site-packages/airflow/example_dags/example_bash_operator.py for tasks to queue
[2026-03-28T22:46:35.245+0000] {logging_mixin.py:188} INFO - [2026-03-28T22:46:35.244+0000] {dagbag.py:538} INFO - Filling up the DagBag from /home/airflow/.local/lib/python3.8/site-packages/airflow/example_dags/example_bash_operator.py
[2026-03-28T22:46:35.270+0000] {processor.py:840} INFO - DAG(s) 'example_bash_operator' retrieved from /home/airflow/.local/lib/python3.8/site-packages/airflow/example_dags/example_bash_operator.py
[2026-03-28T22:46:35.324+0000] {logging_mixin.py:188} INFO - [2026-03-28T22:46:35.323+0000] {dag.py:3036} INFO - Sync 1 DAGs
[2026-03-28T22:46:35.370+0000] {logging_mixin.py:188} INFO - [2026-03-28T22:46:35.370+0000] {dag.py:3823} INFO - Setting next_dagrun for example_bash_operator to 2026-03-27 00:00:00+00:00, run_after=2026-03-28 00:00:00+00:00
[2026-03-28T22:46:35.407+0000] {processor.py:183} INFO - Processing /home/airflow/.local/lib/python3.8/site-packages/airflow/example_dags/example_bash_operator.py took 0.181 seconds
