[2026-03-28T22:09:40.493+0000] {processor.py:161} INFO - Started process (PID=68) to work on /home/airflow/.local/lib/python3.8/site-packages/airflow/example_dags/example_sensors.py
[2026-03-28T22:09:40.495+0000] {processor.py:830} INFO - Processing file /home/airflow/.local/lib/python3.8/site-packages/airflow/example_dags/example_sensors.py for tasks to queue
[2026-03-28T22:09:40.497+0000] {logging_mixin.py:188} INFO - [2026-03-28T22:09:40.497+0000] {dagbag.py:538} INFO - Filling up the DagBag from /home/airflow/.local/lib/python3.8/site-packages/airflow/example_dags/example_sensors.py
[2026-03-28T22:09:40.511+0000] {processor.py:840} INFO - DAG(s) 'example_sensors' retrieved from /home/airflow/.local/lib/python3.8/site-packages/airflow/example_dags/example_sensors.py
[2026-03-28T22:09:40.644+0000] {logging_mixin.py:188} INFO - [2026-03-28T22:09:40.642+0000] {override.py:1769} INFO - Created Permission View: can edit on DAG:example_sensors
[2026-03-28T22:09:40.660+0000] {logging_mixin.py:188} INFO - [2026-03-28T22:09:40.659+0000] {override.py:1769} INFO - Created Permission View: can delete on DAG:example_sensors
[2026-03-28T22:09:40.672+0000] {logging_mixin.py:188} INFO - [2026-03-28T22:09:40.672+0000] {override.py:1769} INFO - Created Permission View: can read on DAG:example_sensors
[2026-03-28T22:09:40.673+0000] {logging_mixin.py:188} INFO - [2026-03-28T22:09:40.673+0000] {dag.py:3036} INFO - Sync 1 DAGs
[2026-03-28T22:09:40.689+0000] {logging_mixin.py:188} INFO - [2026-03-28T22:09:40.689+0000] {dag.py:3058} INFO - Creating ORM DAG for example_sensors
[2026-03-28T22:09:40.690+0000] {logging_mixin.py:188} INFO - [2026-03-28T22:09:40.690+0000] {dag.py:3823} INFO - Setting next_dagrun for example_sensors to None, run_after=None
[2026-03-28T22:09:40.714+0000] {processor.py:183} INFO - Processing /home/airflow/.local/lib/python3.8/site-packages/airflow/example_dags/example_sensors.py took 0.225 seconds
[2026-03-28T22:10:10.797+0000] {processor.py:161} INFO - Started process (PID=130) to work on /home/airflow/.local/lib/python3.8/site-packages/airflow/example_dags/example_sensors.py
[2026-03-28T22:10:10.798+0000] {processor.py:830} INFO - Processing file /home/airflow/.local/lib/python3.8/site-packages/airflow/example_dags/example_sensors.py for tasks to queue
[2026-03-28T22:10:10.800+0000] {logging_mixin.py:188} INFO - [2026-03-28T22:10:10.800+0000] {dagbag.py:538} INFO - Filling up the DagBag from /home/airflow/.local/lib/python3.8/site-packages/airflow/example_dags/example_sensors.py
[2026-03-28T22:10:10.810+0000] {processor.py:840} INFO - DAG(s) 'example_sensors' retrieved from /home/airflow/.local/lib/python3.8/site-packages/airflow/example_dags/example_sensors.py
[2026-03-28T22:10:10.837+0000] {logging_mixin.py:188} INFO - [2026-03-28T22:10:10.836+0000] {dag.py:3036} INFO - Sync 1 DAGs
[2026-03-28T22:10:10.849+0000] {logging_mixin.py:188} INFO - [2026-03-28T22:10:10.848+0000] {dag.py:3823} INFO - Setting next_dagrun for example_sensors to None, run_after=None
[2026-03-28T22:10:10.872+0000] {processor.py:183} INFO - Processing /home/airflow/.local/lib/python3.8/site-packages/airflow/example_dags/example_sensors.py took 0.079 seconds
[2026-03-28T22:10:41.349+0000] {processor.py:161} INFO - Started process (PID=186) to work on /home/airflow/.local/lib/python3.8/site-packages/airflow/example_dags/example_sensors.py
[2026-03-28T22:10:41.351+0000] {processor.py:830} INFO - Processing file /home/airflow/.local/lib/python3.8/site-packages/airflow/example_dags/example_sensors.py for tasks to queue
[2026-03-28T22:10:41.353+0000] {logging_mixin.py:188} INFO - [2026-03-28T22:10:41.353+0000] {dagbag.py:538} INFO - Filling up the DagBag from /home/airflow/.local/lib/python3.8/site-packages/airflow/example_dags/example_sensors.py
[2026-03-28T22:10:41.362+0000] {processor.py:840} INFO - DAG(s) 'example_sensors' retrieved from /home/airflow/.local/lib/python3.8/site-packages/airflow/example_dags/example_sensors.py
[2026-03-28T22:10:41.391+0000] {logging_mixin.py:188} INFO - [2026-03-28T22:10:41.391+0000] {dag.py:3036} INFO - Sync 1 DAGs
[2026-03-28T22:10:41.403+0000] {logging_mixin.py:188} INFO - [2026-03-28T22:10:41.402+0000] {dag.py:3823} INFO - Setting next_dagrun for example_sensors to None, run_after=None
[2026-03-28T22:10:41.424+0000] {processor.py:183} INFO - Processing /home/airflow/.local/lib/python3.8/site-packages/airflow/example_dags/example_sensors.py took 0.078 seconds
[2026-03-28T22:11:11.819+0000] {processor.py:161} INFO - Started process (PID=242) to work on /home/airflow/.local/lib/python3.8/site-packages/airflow/example_dags/example_sensors.py
[2026-03-28T22:11:11.821+0000] {processor.py:830} INFO - Processing file /home/airflow/.local/lib/python3.8/site-packages/airflow/example_dags/example_sensors.py for tasks to queue
[2026-03-28T22:11:11.823+0000] {logging_mixin.py:188} INFO - [2026-03-28T22:11:11.822+0000] {dagbag.py:538} INFO - Filling up the DagBag from /home/airflow/.local/lib/python3.8/site-packages/airflow/example_dags/example_sensors.py
[2026-03-28T22:11:11.832+0000] {processor.py:840} INFO - DAG(s) 'example_sensors' retrieved from /home/airflow/.local/lib/python3.8/site-packages/airflow/example_dags/example_sensors.py
[2026-03-28T22:11:11.867+0000] {logging_mixin.py:188} INFO - [2026-03-28T22:11:11.866+0000] {dag.py:3036} INFO - Sync 1 DAGs
[2026-03-28T22:11:11.879+0000] {logging_mixin.py:188} INFO - [2026-03-28T22:11:11.878+0000] {dag.py:3823} INFO - Setting next_dagrun for example_sensors to None, run_after=None
[2026-03-28T22:11:11.917+0000] {processor.py:183} INFO - Processing /home/airflow/.local/lib/python3.8/site-packages/airflow/example_dags/example_sensors.py took 0.101 seconds
[2026-03-28T22:11:41.977+0000] {processor.py:161} INFO - Started process (PID=298) to work on /home/airflow/.local/lib/python3.8/site-packages/airflow/example_dags/example_sensors.py
[2026-03-28T22:11:41.979+0000] {processor.py:830} INFO - Processing file /home/airflow/.local/lib/python3.8/site-packages/airflow/example_dags/example_sensors.py for tasks to queue
[2026-03-28T22:11:41.981+0000] {logging_mixin.py:188} INFO - [2026-03-28T22:11:41.980+0000] {dagbag.py:538} INFO - Filling up the DagBag from /home/airflow/.local/lib/python3.8/site-packages/airflow/example_dags/example_sensors.py
[2026-03-28T22:11:41.990+0000] {processor.py:840} INFO - DAG(s) 'example_sensors' retrieved from /home/airflow/.local/lib/python3.8/site-packages/airflow/example_dags/example_sensors.py
[2026-03-28T22:11:42.016+0000] {logging_mixin.py:188} INFO - [2026-03-28T22:11:42.015+0000] {dag.py:3036} INFO - Sync 1 DAGs
[2026-03-28T22:11:42.028+0000] {logging_mixin.py:188} INFO - [2026-03-28T22:11:42.028+0000] {dag.py:3823} INFO - Setting next_dagrun for example_sensors to None, run_after=None
[2026-03-28T22:11:42.051+0000] {processor.py:183} INFO - Processing /home/airflow/.local/lib/python3.8/site-packages/airflow/example_dags/example_sensors.py took 0.077 seconds
[2026-03-28T22:12:12.286+0000] {processor.py:161} INFO - Started process (PID=354) to work on /home/airflow/.local/lib/python3.8/site-packages/airflow/example_dags/example_sensors.py
[2026-03-28T22:12:12.288+0000] {processor.py:830} INFO - Processing file /home/airflow/.local/lib/python3.8/site-packages/airflow/example_dags/example_sensors.py for tasks to queue
[2026-03-28T22:12:12.290+0000] {logging_mixin.py:188} INFO - [2026-03-28T22:12:12.290+0000] {dagbag.py:538} INFO - Filling up the DagBag from /home/airflow/.local/lib/python3.8/site-packages/airflow/example_dags/example_sensors.py
[2026-03-28T22:12:12.301+0000] {processor.py:840} INFO - DAG(s) 'example_sensors' retrieved from /home/airflow/.local/lib/python3.8/site-packages/airflow/example_dags/example_sensors.py
[2026-03-28T22:12:12.328+0000] {logging_mixin.py:188} INFO - [2026-03-28T22:12:12.327+0000] {dag.py:3036} INFO - Sync 1 DAGs
[2026-03-28T22:12:12.340+0000] {logging_mixin.py:188} INFO - [2026-03-28T22:12:12.340+0000] {dag.py:3823} INFO - Setting next_dagrun for example_sensors to None, run_after=None
[2026-03-28T22:12:12.361+0000] {processor.py:183} INFO - Processing /home/airflow/.local/lib/python3.8/site-packages/airflow/example_dags/example_sensors.py took 0.078 seconds
[2026-03-28T22:12:42.542+0000] {processor.py:161} INFO - Started process (PID=410) to work on /home/airflow/.local/lib/python3.8/site-packages/airflow/example_dags/example_sensors.py
[2026-03-28T22:12:42.543+0000] {processor.py:830} INFO - Processing file /home/airflow/.local/lib/python3.8/site-packages/airflow/example_dags/example_sensors.py for tasks to queue
[2026-03-28T22:12:42.546+0000] {logging_mixin.py:188} INFO - [2026-03-28T22:12:42.545+0000] {dagbag.py:538} INFO - Filling up the DagBag from /home/airflow/.local/lib/python3.8/site-packages/airflow/example_dags/example_sensors.py
[2026-03-28T22:12:42.555+0000] {processor.py:840} INFO - DAG(s) 'example_sensors' retrieved from /home/airflow/.local/lib/python3.8/site-packages/airflow/example_dags/example_sensors.py
[2026-03-28T22:12:42.584+0000] {logging_mixin.py:188} INFO - [2026-03-28T22:12:42.584+0000] {dag.py:3036} INFO - Sync 1 DAGs
[2026-03-28T22:12:42.598+0000] {logging_mixin.py:188} INFO - [2026-03-28T22:12:42.598+0000] {dag.py:3823} INFO - Setting next_dagrun for example_sensors to None, run_after=None
[2026-03-28T22:12:42.640+0000] {processor.py:183} INFO - Processing /home/airflow/.local/lib/python3.8/site-packages/airflow/example_dags/example_sensors.py took 0.104 seconds
[2026-03-28T22:13:12.910+0000] {processor.py:161} INFO - Started process (PID=466) to work on /home/airflow/.local/lib/python3.8/site-packages/airflow/example_dags/example_sensors.py
[2026-03-28T22:13:12.911+0000] {processor.py:830} INFO - Processing file /home/airflow/.local/lib/python3.8/site-packages/airflow/example_dags/example_sensors.py for tasks to queue
[2026-03-28T22:13:12.913+0000] {logging_mixin.py:188} INFO - [2026-03-28T22:13:12.913+0000] {dagbag.py:538} INFO - Filling up the DagBag from /home/airflow/.local/lib/python3.8/site-packages/airflow/example_dags/example_sensors.py
[2026-03-28T22:13:12.922+0000] {processor.py:840} INFO - DAG(s) 'example_sensors' retrieved from /home/airflow/.local/lib/python3.8/site-packages/airflow/example_dags/example_sensors.py
[2026-03-28T22:13:12.948+0000] {logging_mixin.py:188} INFO - [2026-03-28T22:13:12.947+0000] {dag.py:3036} INFO - Sync 1 DAGs
[2026-03-28T22:13:12.961+0000] {logging_mixin.py:188} INFO - [2026-03-28T22:13:12.960+0000] {dag.py:3823} INFO - Setting next_dagrun for example_sensors to None, run_after=None
[2026-03-28T22:13:12.984+0000] {processor.py:183} INFO - Processing /home/airflow/.local/lib/python3.8/site-packages/airflow/example_dags/example_sensors.py took 0.077 seconds
[2026-03-28T22:14:06.192+0000] {processor.py:161} INFO - Started process (PID=72) to work on /home/airflow/.local/lib/python3.8/site-packages/airflow/example_dags/example_sensors.py
[2026-03-28T22:14:06.194+0000] {processor.py:830} INFO - Processing file /home/airflow/.local/lib/python3.8/site-packages/airflow/example_dags/example_sensors.py for tasks to queue
[2026-03-28T22:14:06.197+0000] {logging_mixin.py:188} INFO - [2026-03-28T22:14:06.196+0000] {dagbag.py:538} INFO - Filling up the DagBag from /home/airflow/.local/lib/python3.8/site-packages/airflow/example_dags/example_sensors.py
[2026-03-28T22:14:06.221+0000] {processor.py:840} INFO - DAG(s) 'example_sensors' retrieved from /home/airflow/.local/lib/python3.8/site-packages/airflow/example_dags/example_sensors.py
[2026-03-28T22:14:06.248+0000] {logging_mixin.py:188} INFO - [2026-03-28T22:14:06.247+0000] {dag.py:3036} INFO - Sync 1 DAGs
[2026-03-28T22:14:06.267+0000] {logging_mixin.py:188} INFO - [2026-03-28T22:14:06.267+0000] {dag.py:3823} INFO - Setting next_dagrun for example_sensors to None, run_after=None
[2026-03-28T22:14:06.307+0000] {processor.py:183} INFO - Processing /home/airflow/.local/lib/python3.8/site-packages/airflow/example_dags/example_sensors.py took 0.122 seconds
[2026-03-28T22:14:36.632+0000] {processor.py:161} INFO - Started process (PID=128) to work on /home/airflow/.local/lib/python3.8/site-packages/airflow/example_dags/example_sensors.py
[2026-03-28T22:14:36.634+0000] {processor.py:830} INFO - Processing file /home/airflow/.local/lib/python3.8/site-packages/airflow/example_dags/example_sensors.py for tasks to queue
[2026-03-28T22:14:36.637+0000] {logging_mixin.py:188} INFO - [2026-03-28T22:14:36.636+0000] {dagbag.py:538} INFO - Filling up the DagBag from /home/airflow/.local/lib/python3.8/site-packages/airflow/example_dags/example_sensors.py
[2026-03-28T22:14:36.649+0000] {processor.py:840} INFO - DAG(s) 'example_sensors' retrieved from /home/airflow/.local/lib/python3.8/site-packages/airflow/example_dags/example_sensors.py
[2026-03-28T22:14:36.750+0000] {logging_mixin.py:188} INFO - [2026-03-28T22:14:36.749+0000] {dag.py:3036} INFO - Sync 1 DAGs
[2026-03-28T22:14:36.759+0000] {logging_mixin.py:188} INFO - [2026-03-28T22:14:36.759+0000] {dag.py:3823} INFO - Setting next_dagrun for example_sensors to None, run_after=None
[2026-03-28T22:14:36.779+0000] {processor.py:183} INFO - Processing /home/airflow/.local/lib/python3.8/site-packages/airflow/example_dags/example_sensors.py took 0.152 seconds
[2026-03-28T22:15:06.852+0000] {processor.py:161} INFO - Started process (PID=184) to work on /home/airflow/.local/lib/python3.8/site-packages/airflow/example_dags/example_sensors.py
[2026-03-28T22:15:06.853+0000] {processor.py:830} INFO - Processing file /home/airflow/.local/lib/python3.8/site-packages/airflow/example_dags/example_sensors.py for tasks to queue
[2026-03-28T22:15:06.855+0000] {logging_mixin.py:188} INFO - [2026-03-28T22:15:06.855+0000] {dagbag.py:538} INFO - Filling up the DagBag from /home/airflow/.local/lib/python3.8/site-packages/airflow/example_dags/example_sensors.py
[2026-03-28T22:15:06.864+0000] {processor.py:840} INFO - DAG(s) 'example_sensors' retrieved from /home/airflow/.local/lib/python3.8/site-packages/airflow/example_dags/example_sensors.py
[2026-03-28T22:15:06.892+0000] {logging_mixin.py:188} INFO - [2026-03-28T22:15:06.892+0000] {dag.py:3036} INFO - Sync 1 DAGs
[2026-03-28T22:15:06.905+0000] {logging_mixin.py:188} INFO - [2026-03-28T22:15:06.905+0000] {dag.py:3823} INFO - Setting next_dagrun for example_sensors to None, run_after=None
[2026-03-28T22:15:06.968+0000] {processor.py:183} INFO - Processing /home/airflow/.local/lib/python3.8/site-packages/airflow/example_dags/example_sensors.py took 0.120 seconds
[2026-03-28T22:15:37.122+0000] {processor.py:161} INFO - Started process (PID=240) to work on /home/airflow/.local/lib/python3.8/site-packages/airflow/example_dags/example_sensors.py
[2026-03-28T22:15:37.123+0000] {processor.py:830} INFO - Processing file /home/airflow/.local/lib/python3.8/site-packages/airflow/example_dags/example_sensors.py for tasks to queue
[2026-03-28T22:15:37.125+0000] {logging_mixin.py:188} INFO - [2026-03-28T22:15:37.125+0000] {dagbag.py:538} INFO - Filling up the DagBag from /home/airflow/.local/lib/python3.8/site-packages/airflow/example_dags/example_sensors.py
[2026-03-28T22:15:37.134+0000] {processor.py:840} INFO - DAG(s) 'example_sensors' retrieved from /home/airflow/.local/lib/python3.8/site-packages/airflow/example_dags/example_sensors.py
[2026-03-28T22:15:37.163+0000] {logging_mixin.py:188} INFO - [2026-03-28T22:15:37.163+0000] {dag.py:3036} INFO - Sync 1 DAGs
[2026-03-28T22:15:37.174+0000] {logging_mixin.py:188} INFO - [2026-03-28T22:15:37.174+0000] {dag.py:3823} INFO - Setting next_dagrun for example_sensors to None, run_after=None
[2026-03-28T22:15:37.193+0000] {processor.py:183} INFO - Processing /home/airflow/.local/lib/python3.8/site-packages/airflow/example_dags/example_sensors.py took 0.075 seconds
[2026-03-28T22:16:07.440+0000] {processor.py:161} INFO - Started process (PID=296) to work on /home/airflow/.local/lib/python3.8/site-packages/airflow/example_dags/example_sensors.py
[2026-03-28T22:16:07.441+0000] {processor.py:830} INFO - Processing file /home/airflow/.local/lib/python3.8/site-packages/airflow/example_dags/example_sensors.py for tasks to queue
[2026-03-28T22:16:07.444+0000] {logging_mixin.py:188} INFO - [2026-03-28T22:16:07.443+0000] {dagbag.py:538} INFO - Filling up the DagBag from /home/airflow/.local/lib/python3.8/site-packages/airflow/example_dags/example_sensors.py
[2026-03-28T22:16:07.454+0000] {processor.py:840} INFO - DAG(s) 'example_sensors' retrieved from /home/airflow/.local/lib/python3.8/site-packages/airflow/example_dags/example_sensors.py
[2026-03-28T22:16:07.485+0000] {logging_mixin.py:188} INFO - [2026-03-28T22:16:07.485+0000] {dag.py:3036} INFO - Sync 1 DAGs
[2026-03-28T22:16:07.497+0000] {logging_mixin.py:188} INFO - [2026-03-28T22:16:07.496+0000] {dag.py:3823} INFO - Setting next_dagrun for example_sensors to None, run_after=None
[2026-03-28T22:16:07.521+0000] {processor.py:183} INFO - Processing /home/airflow/.local/lib/python3.8/site-packages/airflow/example_dags/example_sensors.py took 0.086 seconds
[2026-03-28T22:16:37.908+0000] {processor.py:161} INFO - Started process (PID=352) to work on /home/airflow/.local/lib/python3.8/site-packages/airflow/example_dags/example_sensors.py
[2026-03-28T22:16:37.909+0000] {processor.py:830} INFO - Processing file /home/airflow/.local/lib/python3.8/site-packages/airflow/example_dags/example_sensors.py for tasks to queue
[2026-03-28T22:16:37.911+0000] {logging_mixin.py:188} INFO - [2026-03-28T22:16:37.911+0000] {dagbag.py:538} INFO - Filling up the DagBag from /home/airflow/.local/lib/python3.8/site-packages/airflow/example_dags/example_sensors.py
[2026-03-28T22:16:37.919+0000] {processor.py:840} INFO - DAG(s) 'example_sensors' retrieved from /home/airflow/.local/lib/python3.8/site-packages/airflow/example_dags/example_sensors.py
[2026-03-28T22:16:37.944+0000] {logging_mixin.py:188} INFO - [2026-03-28T22:16:37.944+0000] {dag.py:3036} INFO - Sync 1 DAGs
[2026-03-28T22:16:37.956+0000] {logging_mixin.py:188} INFO - [2026-03-28T22:16:37.955+0000] {dag.py:3823} INFO - Setting next_dagrun for example_sensors to None, run_after=None
[2026-03-28T22:16:37.978+0000] {processor.py:183} INFO - Processing /home/airflow/.local/lib/python3.8/site-packages/airflow/example_dags/example_sensors.py took 0.074 seconds
[2026-03-28T22:17:08.099+0000] {processor.py:161} INFO - Started process (PID=408) to work on /home/airflow/.local/lib/python3.8/site-packages/airflow/example_dags/example_sensors.py
[2026-03-28T22:17:08.101+0000] {processor.py:830} INFO - Processing file /home/airflow/.local/lib/python3.8/site-packages/airflow/example_dags/example_sensors.py for tasks to queue
[2026-03-28T22:17:08.102+0000] {logging_mixin.py:188} INFO - [2026-03-28T22:17:08.102+0000] {dagbag.py:538} INFO - Filling up the DagBag from /home/airflow/.local/lib/python3.8/site-packages/airflow/example_dags/example_sensors.py
[2026-03-28T22:17:08.110+0000] {processor.py:840} INFO - DAG(s) 'example_sensors' retrieved from /home/airflow/.local/lib/python3.8/site-packages/airflow/example_dags/example_sensors.py
[2026-03-28T22:17:08.135+0000] {logging_mixin.py:188} INFO - [2026-03-28T22:17:08.135+0000] {dag.py:3036} INFO - Sync 1 DAGs
[2026-03-28T22:17:08.145+0000] {logging_mixin.py:188} INFO - [2026-03-28T22:17:08.145+0000] {dag.py:3823} INFO - Setting next_dagrun for example_sensors to None, run_after=None
[2026-03-28T22:17:08.177+0000] {processor.py:183} INFO - Processing /home/airflow/.local/lib/python3.8/site-packages/airflow/example_dags/example_sensors.py took 0.081 seconds
[2026-03-28T22:17:38.334+0000] {processor.py:161} INFO - Started process (PID=464) to work on /home/airflow/.local/lib/python3.8/site-packages/airflow/example_dags/example_sensors.py
[2026-03-28T22:17:38.336+0000] {processor.py:830} INFO - Processing file /home/airflow/.local/lib/python3.8/site-packages/airflow/example_dags/example_sensors.py for tasks to queue
[2026-03-28T22:17:38.338+0000] {logging_mixin.py:188} INFO - [2026-03-28T22:17:38.338+0000] {dagbag.py:538} INFO - Filling up the DagBag from /home/airflow/.local/lib/python3.8/site-packages/airflow/example_dags/example_sensors.py
[2026-03-28T22:17:38.348+0000] {processor.py:840} INFO - DAG(s) 'example_sensors' retrieved from /home/airflow/.local/lib/python3.8/site-packages/airflow/example_dags/example_sensors.py
[2026-03-28T22:17:38.377+0000] {logging_mixin.py:188} INFO - [2026-03-28T22:17:38.377+0000] {dag.py:3036} INFO - Sync 1 DAGs
[2026-03-28T22:17:38.390+0000] {logging_mixin.py:188} INFO - [2026-03-28T22:17:38.390+0000] {dag.py:3823} INFO - Setting next_dagrun for example_sensors to None, run_after=None
[2026-03-28T22:17:38.456+0000] {processor.py:183} INFO - Processing /home/airflow/.local/lib/python3.8/site-packages/airflow/example_dags/example_sensors.py took 0.126 seconds
[2026-03-28T22:18:08.689+0000] {processor.py:161} INFO - Started process (PID=520) to work on /home/airflow/.local/lib/python3.8/site-packages/airflow/example_dags/example_sensors.py
[2026-03-28T22:18:08.691+0000] {processor.py:830} INFO - Processing file /home/airflow/.local/lib/python3.8/site-packages/airflow/example_dags/example_sensors.py for tasks to queue
[2026-03-28T22:18:08.693+0000] {logging_mixin.py:188} INFO - [2026-03-28T22:18:08.693+0000] {dagbag.py:538} INFO - Filling up the DagBag from /home/airflow/.local/lib/python3.8/site-packages/airflow/example_dags/example_sensors.py
[2026-03-28T22:18:08.702+0000] {processor.py:840} INFO - DAG(s) 'example_sensors' retrieved from /home/airflow/.local/lib/python3.8/site-packages/airflow/example_dags/example_sensors.py
[2026-03-28T22:18:08.729+0000] {logging_mixin.py:188} INFO - [2026-03-28T22:18:08.729+0000] {dag.py:3036} INFO - Sync 1 DAGs
[2026-03-28T22:18:08.741+0000] {logging_mixin.py:188} INFO - [2026-03-28T22:18:08.741+0000] {dag.py:3823} INFO - Setting next_dagrun for example_sensors to None, run_after=None
[2026-03-28T22:18:08.765+0000] {processor.py:183} INFO - Processing /home/airflow/.local/lib/python3.8/site-packages/airflow/example_dags/example_sensors.py took 0.079 seconds
[2026-03-28T22:18:39.128+0000] {processor.py:161} INFO - Started process (PID=576) to work on /home/airflow/.local/lib/python3.8/site-packages/airflow/example_dags/example_sensors.py
[2026-03-28T22:18:39.129+0000] {processor.py:830} INFO - Processing file /home/airflow/.local/lib/python3.8/site-packages/airflow/example_dags/example_sensors.py for tasks to queue
[2026-03-28T22:18:39.132+0000] {logging_mixin.py:188} INFO - [2026-03-28T22:18:39.131+0000] {dagbag.py:538} INFO - Filling up the DagBag from /home/airflow/.local/lib/python3.8/site-packages/airflow/example_dags/example_sensors.py
[2026-03-28T22:18:39.140+0000] {processor.py:840} INFO - DAG(s) 'example_sensors' retrieved from /home/airflow/.local/lib/python3.8/site-packages/airflow/example_dags/example_sensors.py
[2026-03-28T22:18:39.166+0000] {logging_mixin.py:188} INFO - [2026-03-28T22:18:39.166+0000] {dag.py:3036} INFO - Sync 1 DAGs
[2026-03-28T22:18:39.177+0000] {logging_mixin.py:188} INFO - [2026-03-28T22:18:39.177+0000] {dag.py:3823} INFO - Setting next_dagrun for example_sensors to None, run_after=None
[2026-03-28T22:18:39.205+0000] {processor.py:183} INFO - Processing /home/airflow/.local/lib/python3.8/site-packages/airflow/example_dags/example_sensors.py took 0.080 seconds
[2026-03-28T22:19:09.297+0000] {processor.py:161} INFO - Started process (PID=632) to work on /home/airflow/.local/lib/python3.8/site-packages/airflow/example_dags/example_sensors.py
[2026-03-28T22:19:09.298+0000] {processor.py:830} INFO - Processing file /home/airflow/.local/lib/python3.8/site-packages/airflow/example_dags/example_sensors.py for tasks to queue
[2026-03-28T22:19:09.301+0000] {logging_mixin.py:188} INFO - [2026-03-28T22:19:09.300+0000] {dagbag.py:538} INFO - Filling up the DagBag from /home/airflow/.local/lib/python3.8/site-packages/airflow/example_dags/example_sensors.py
[2026-03-28T22:19:09.310+0000] {processor.py:840} INFO - DAG(s) 'example_sensors' retrieved from /home/airflow/.local/lib/python3.8/site-packages/airflow/example_dags/example_sensors.py
[2026-03-28T22:19:09.337+0000] {logging_mixin.py:188} INFO - [2026-03-28T22:19:09.337+0000] {dag.py:3036} INFO - Sync 1 DAGs
[2026-03-28T22:19:09.349+0000] {logging_mixin.py:188} INFO - [2026-03-28T22:19:09.349+0000] {dag.py:3823} INFO - Setting next_dagrun for example_sensors to None, run_after=None
[2026-03-28T22:19:09.371+0000] {processor.py:183} INFO - Processing /home/airflow/.local/lib/python3.8/site-packages/airflow/example_dags/example_sensors.py took 0.078 seconds
[2026-03-28T22:19:40.618+0000] {processor.py:161} INFO - Started process (PID=688) to work on /home/airflow/.local/lib/python3.8/site-packages/airflow/example_dags/example_sensors.py
[2026-03-28T22:19:40.619+0000] {processor.py:830} INFO - Processing file /home/airflow/.local/lib/python3.8/site-packages/airflow/example_dags/example_sensors.py for tasks to queue
[2026-03-28T22:19:40.621+0000] {logging_mixin.py:188} INFO - [2026-03-28T22:19:40.621+0000] {dagbag.py:538} INFO - Filling up the DagBag from /home/airflow/.local/lib/python3.8/site-packages/airflow/example_dags/example_sensors.py
[2026-03-28T22:19:40.630+0000] {processor.py:840} INFO - DAG(s) 'example_sensors' retrieved from /home/airflow/.local/lib/python3.8/site-packages/airflow/example_dags/example_sensors.py
[2026-03-28T22:19:40.656+0000] {logging_mixin.py:188} INFO - [2026-03-28T22:19:40.655+0000] {dag.py:3036} INFO - Sync 1 DAGs
[2026-03-28T22:19:40.669+0000] {logging_mixin.py:188} INFO - [2026-03-28T22:19:40.669+0000] {dag.py:3823} INFO - Setting next_dagrun for example_sensors to None, run_after=None
[2026-03-28T22:19:40.702+0000] {processor.py:183} INFO - Processing /home/airflow/.local/lib/python3.8/site-packages/airflow/example_dags/example_sensors.py took 0.088 seconds
[2026-03-28T22:20:11.083+0000] {processor.py:161} INFO - Started process (PID=744) to work on /home/airflow/.local/lib/python3.8/site-packages/airflow/example_dags/example_sensors.py
[2026-03-28T22:20:11.085+0000] {processor.py:830} INFO - Processing file /home/airflow/.local/lib/python3.8/site-packages/airflow/example_dags/example_sensors.py for tasks to queue
[2026-03-28T22:20:11.087+0000] {logging_mixin.py:188} INFO - [2026-03-28T22:20:11.087+0000] {dagbag.py:538} INFO - Filling up the DagBag from /home/airflow/.local/lib/python3.8/site-packages/airflow/example_dags/example_sensors.py
[2026-03-28T22:20:11.101+0000] {processor.py:840} INFO - DAG(s) 'example_sensors' retrieved from /home/airflow/.local/lib/python3.8/site-packages/airflow/example_dags/example_sensors.py
[2026-03-28T22:20:11.136+0000] {logging_mixin.py:188} INFO - [2026-03-28T22:20:11.136+0000] {dag.py:3036} INFO - Sync 1 DAGs
[2026-03-28T22:20:11.155+0000] {logging_mixin.py:188} INFO - [2026-03-28T22:20:11.154+0000] {dag.py:3823} INFO - Setting next_dagrun for example_sensors to None, run_after=None
[2026-03-28T22:20:11.192+0000] {processor.py:183} INFO - Processing /home/airflow/.local/lib/python3.8/site-packages/airflow/example_dags/example_sensors.py took 0.112 seconds
[2026-03-28T22:20:41.438+0000] {processor.py:161} INFO - Started process (PID=800) to work on /home/airflow/.local/lib/python3.8/site-packages/airflow/example_dags/example_sensors.py
[2026-03-28T22:20:41.439+0000] {processor.py:830} INFO - Processing file /home/airflow/.local/lib/python3.8/site-packages/airflow/example_dags/example_sensors.py for tasks to queue
[2026-03-28T22:20:41.442+0000] {logging_mixin.py:188} INFO - [2026-03-28T22:20:41.441+0000] {dagbag.py:538} INFO - Filling up the DagBag from /home/airflow/.local/lib/python3.8/site-packages/airflow/example_dags/example_sensors.py
[2026-03-28T22:20:41.454+0000] {processor.py:840} INFO - DAG(s) 'example_sensors' retrieved from /home/airflow/.local/lib/python3.8/site-packages/airflow/example_dags/example_sensors.py
[2026-03-28T22:20:41.483+0000] {logging_mixin.py:188} INFO - [2026-03-28T22:20:41.482+0000] {dag.py:3036} INFO - Sync 1 DAGs
[2026-03-28T22:20:41.496+0000] {logging_mixin.py:188} INFO - [2026-03-28T22:20:41.496+0000] {dag.py:3823} INFO - Setting next_dagrun for example_sensors to None, run_after=None
[2026-03-28T22:20:41.537+0000] {processor.py:183} INFO - Processing /home/airflow/.local/lib/python3.8/site-packages/airflow/example_dags/example_sensors.py took 0.103 seconds
[2026-03-28T22:21:12.168+0000] {processor.py:161} INFO - Started process (PID=856) to work on /home/airflow/.local/lib/python3.8/site-packages/airflow/example_dags/example_sensors.py
[2026-03-28T22:21:12.169+0000] {processor.py:830} INFO - Processing file /home/airflow/.local/lib/python3.8/site-packages/airflow/example_dags/example_sensors.py for tasks to queue
[2026-03-28T22:21:12.171+0000] {logging_mixin.py:188} INFO - [2026-03-28T22:21:12.171+0000] {dagbag.py:538} INFO - Filling up the DagBag from /home/airflow/.local/lib/python3.8/site-packages/airflow/example_dags/example_sensors.py
[2026-03-28T22:21:12.182+0000] {processor.py:840} INFO - DAG(s) 'example_sensors' retrieved from /home/airflow/.local/lib/python3.8/site-packages/airflow/example_dags/example_sensors.py
[2026-03-28T22:21:12.211+0000] {logging_mixin.py:188} INFO - [2026-03-28T22:21:12.211+0000] {dag.py:3036} INFO - Sync 1 DAGs
[2026-03-28T22:21:12.226+0000] {logging_mixin.py:188} INFO - [2026-03-28T22:21:12.225+0000] {dag.py:3823} INFO - Setting next_dagrun for example_sensors to None, run_after=None
[2026-03-28T22:21:12.252+0000] {processor.py:183} INFO - Processing /home/airflow/.local/lib/python3.8/site-packages/airflow/example_dags/example_sensors.py took 0.088 seconds
[2026-03-28T22:21:42.488+0000] {processor.py:161} INFO - Started process (PID=912) to work on /home/airflow/.local/lib/python3.8/site-packages/airflow/example_dags/example_sensors.py
[2026-03-28T22:21:42.490+0000] {processor.py:830} INFO - Processing file /home/airflow/.local/lib/python3.8/site-packages/airflow/example_dags/example_sensors.py for tasks to queue
[2026-03-28T22:21:42.493+0000] {logging_mixin.py:188} INFO - [2026-03-28T22:21:42.492+0000] {dagbag.py:538} INFO - Filling up the DagBag from /home/airflow/.local/lib/python3.8/site-packages/airflow/example_dags/example_sensors.py
[2026-03-28T22:21:42.508+0000] {processor.py:840} INFO - DAG(s) 'example_sensors' retrieved from /home/airflow/.local/lib/python3.8/site-packages/airflow/example_dags/example_sensors.py
[2026-03-28T22:21:42.534+0000] {logging_mixin.py:188} INFO - [2026-03-28T22:21:42.534+0000] {dag.py:3036} INFO - Sync 1 DAGs
[2026-03-28T22:21:42.546+0000] {logging_mixin.py:188} INFO - [2026-03-28T22:21:42.546+0000] {dag.py:3823} INFO - Setting next_dagrun for example_sensors to None, run_after=None
[2026-03-28T22:21:42.569+0000] {processor.py:183} INFO - Processing /home/airflow/.local/lib/python3.8/site-packages/airflow/example_dags/example_sensors.py took 0.085 seconds
[2026-03-28T22:22:12.752+0000] {processor.py:161} INFO - Started process (PID=968) to work on /home/airflow/.local/lib/python3.8/site-packages/airflow/example_dags/example_sensors.py
[2026-03-28T22:22:12.754+0000] {processor.py:830} INFO - Processing file /home/airflow/.local/lib/python3.8/site-packages/airflow/example_dags/example_sensors.py for tasks to queue
[2026-03-28T22:22:12.756+0000] {logging_mixin.py:188} INFO - [2026-03-28T22:22:12.756+0000] {dagbag.py:538} INFO - Filling up the DagBag from /home/airflow/.local/lib/python3.8/site-packages/airflow/example_dags/example_sensors.py
[2026-03-28T22:22:12.766+0000] {processor.py:840} INFO - DAG(s) 'example_sensors' retrieved from /home/airflow/.local/lib/python3.8/site-packages/airflow/example_dags/example_sensors.py
[2026-03-28T22:22:12.791+0000] {logging_mixin.py:188} INFO - [2026-03-28T22:22:12.791+0000] {dag.py:3036} INFO - Sync 1 DAGs
[2026-03-28T22:22:12.804+0000] {logging_mixin.py:188} INFO - [2026-03-28T22:22:12.803+0000] {dag.py:3823} INFO - Setting next_dagrun for example_sensors to None, run_after=None
[2026-03-28T22:22:12.826+0000] {processor.py:183} INFO - Processing /home/airflow/.local/lib/python3.8/site-packages/airflow/example_dags/example_sensors.py took 0.078 seconds
[2026-03-28T22:22:42.955+0000] {processor.py:161} INFO - Started process (PID=1024) to work on /home/airflow/.local/lib/python3.8/site-packages/airflow/example_dags/example_sensors.py
[2026-03-28T22:22:42.956+0000] {processor.py:830} INFO - Processing file /home/airflow/.local/lib/python3.8/site-packages/airflow/example_dags/example_sensors.py for tasks to queue
[2026-03-28T22:22:42.959+0000] {logging_mixin.py:188} INFO - [2026-03-28T22:22:42.958+0000] {dagbag.py:538} INFO - Filling up the DagBag from /home/airflow/.local/lib/python3.8/site-packages/airflow/example_dags/example_sensors.py
[2026-03-28T22:22:42.968+0000] {processor.py:840} INFO - DAG(s) 'example_sensors' retrieved from /home/airflow/.local/lib/python3.8/site-packages/airflow/example_dags/example_sensors.py
[2026-03-28T22:22:42.997+0000] {logging_mixin.py:188} INFO - [2026-03-28T22:22:42.997+0000] {dag.py:3036} INFO - Sync 1 DAGs
[2026-03-28T22:22:43.012+0000] {logging_mixin.py:188} INFO - [2026-03-28T22:22:43.012+0000] {dag.py:3823} INFO - Setting next_dagrun for example_sensors to None, run_after=None
[2026-03-28T22:22:43.036+0000] {processor.py:183} INFO - Processing /home/airflow/.local/lib/python3.8/site-packages/airflow/example_dags/example_sensors.py took 0.086 seconds
[2026-03-28T22:23:13.121+0000] {processor.py:161} INFO - Started process (PID=1080) to work on /home/airflow/.local/lib/python3.8/site-packages/airflow/example_dags/example_sensors.py
[2026-03-28T22:23:13.122+0000] {processor.py:830} INFO - Processing file /home/airflow/.local/lib/python3.8/site-packages/airflow/example_dags/example_sensors.py for tasks to queue
[2026-03-28T22:23:13.124+0000] {logging_mixin.py:188} INFO - [2026-03-28T22:23:13.124+0000] {dagbag.py:538} INFO - Filling up the DagBag from /home/airflow/.local/lib/python3.8/site-packages/airflow/example_dags/example_sensors.py
[2026-03-28T22:23:13.135+0000] {processor.py:840} INFO - DAG(s) 'example_sensors' retrieved from /home/airflow/.local/lib/python3.8/site-packages/airflow/example_dags/example_sensors.py
[2026-03-28T22:23:13.160+0000] {logging_mixin.py:188} INFO - [2026-03-28T22:23:13.160+0000] {dag.py:3036} INFO - Sync 1 DAGs
[2026-03-28T22:23:13.172+0000] {logging_mixin.py:188} INFO - [2026-03-28T22:23:13.172+0000] {dag.py:3823} INFO - Setting next_dagrun for example_sensors to None, run_after=None
[2026-03-28T22:23:13.195+0000] {processor.py:183} INFO - Processing /home/airflow/.local/lib/python3.8/site-packages/airflow/example_dags/example_sensors.py took 0.079 seconds
[2026-03-28T22:23:43.419+0000] {processor.py:161} INFO - Started process (PID=1135) to work on /home/airflow/.local/lib/python3.8/site-packages/airflow/example_dags/example_sensors.py
[2026-03-28T22:23:43.421+0000] {processor.py:830} INFO - Processing file /home/airflow/.local/lib/python3.8/site-packages/airflow/example_dags/example_sensors.py for tasks to queue
[2026-03-28T22:23:43.423+0000] {logging_mixin.py:188} INFO - [2026-03-28T22:23:43.423+0000] {dagbag.py:538} INFO - Filling up the DagBag from /home/airflow/.local/lib/python3.8/site-packages/airflow/example_dags/example_sensors.py
[2026-03-28T22:23:43.433+0000] {processor.py:840} INFO - DAG(s) 'example_sensors' retrieved from /home/airflow/.local/lib/python3.8/site-packages/airflow/example_dags/example_sensors.py
[2026-03-28T22:23:43.461+0000] {logging_mixin.py:188} INFO - [2026-03-28T22:23:43.460+0000] {dag.py:3036} INFO - Sync 1 DAGs
[2026-03-28T22:23:43.476+0000] {logging_mixin.py:188} INFO - [2026-03-28T22:23:43.476+0000] {dag.py:3823} INFO - Setting next_dagrun for example_sensors to None, run_after=None
[2026-03-28T22:23:43.496+0000] {processor.py:183} INFO - Processing /home/airflow/.local/lib/python3.8/site-packages/airflow/example_dags/example_sensors.py took 0.081 seconds
[2026-03-28T22:24:13.804+0000] {processor.py:161} INFO - Started process (PID=1191) to work on /home/airflow/.local/lib/python3.8/site-packages/airflow/example_dags/example_sensors.py
[2026-03-28T22:24:13.806+0000] {processor.py:830} INFO - Processing file /home/airflow/.local/lib/python3.8/site-packages/airflow/example_dags/example_sensors.py for tasks to queue
[2026-03-28T22:24:13.808+0000] {logging_mixin.py:188} INFO - [2026-03-28T22:24:13.808+0000] {dagbag.py:538} INFO - Filling up the DagBag from /home/airflow/.local/lib/python3.8/site-packages/airflow/example_dags/example_sensors.py
[2026-03-28T22:24:13.818+0000] {processor.py:840} INFO - DAG(s) 'example_sensors' retrieved from /home/airflow/.local/lib/python3.8/site-packages/airflow/example_dags/example_sensors.py
[2026-03-28T22:24:13.846+0000] {logging_mixin.py:188} INFO - [2026-03-28T22:24:13.846+0000] {dag.py:3036} INFO - Sync 1 DAGs
[2026-03-28T22:24:13.862+0000] {logging_mixin.py:188} INFO - [2026-03-28T22:24:13.862+0000] {dag.py:3823} INFO - Setting next_dagrun for example_sensors to None, run_after=None
[2026-03-28T22:24:13.884+0000] {processor.py:183} INFO - Processing /home/airflow/.local/lib/python3.8/site-packages/airflow/example_dags/example_sensors.py took 0.084 seconds
[2026-03-28T22:24:44.111+0000] {processor.py:161} INFO - Started process (PID=1247) to work on /home/airflow/.local/lib/python3.8/site-packages/airflow/example_dags/example_sensors.py
[2026-03-28T22:24:44.112+0000] {processor.py:830} INFO - Processing file /home/airflow/.local/lib/python3.8/site-packages/airflow/example_dags/example_sensors.py for tasks to queue
[2026-03-28T22:24:44.114+0000] {logging_mixin.py:188} INFO - [2026-03-28T22:24:44.114+0000] {dagbag.py:538} INFO - Filling up the DagBag from /home/airflow/.local/lib/python3.8/site-packages/airflow/example_dags/example_sensors.py
[2026-03-28T22:24:44.123+0000] {processor.py:840} INFO - DAG(s) 'example_sensors' retrieved from /home/airflow/.local/lib/python3.8/site-packages/airflow/example_dags/example_sensors.py
[2026-03-28T22:24:44.149+0000] {logging_mixin.py:188} INFO - [2026-03-28T22:24:44.149+0000] {dag.py:3036} INFO - Sync 1 DAGs
[2026-03-28T22:24:44.161+0000] {logging_mixin.py:188} INFO - [2026-03-28T22:24:44.161+0000] {dag.py:3823} INFO - Setting next_dagrun for example_sensors to None, run_after=None
[2026-03-28T22:24:44.195+0000] {processor.py:183} INFO - Processing /home/airflow/.local/lib/python3.8/site-packages/airflow/example_dags/example_sensors.py took 0.088 seconds
[2026-03-28T22:25:14.353+0000] {processor.py:161} INFO - Started process (PID=1303) to work on /home/airflow/.local/lib/python3.8/site-packages/airflow/example_dags/example_sensors.py
[2026-03-28T22:25:14.355+0000] {processor.py:830} INFO - Processing file /home/airflow/.local/lib/python3.8/site-packages/airflow/example_dags/example_sensors.py for tasks to queue
[2026-03-28T22:25:14.357+0000] {logging_mixin.py:188} INFO - [2026-03-28T22:25:14.357+0000] {dagbag.py:538} INFO - Filling up the DagBag from /home/airflow/.local/lib/python3.8/site-packages/airflow/example_dags/example_sensors.py
[2026-03-28T22:25:14.366+0000] {processor.py:840} INFO - DAG(s) 'example_sensors' retrieved from /home/airflow/.local/lib/python3.8/site-packages/airflow/example_dags/example_sensors.py
[2026-03-28T22:25:14.397+0000] {logging_mixin.py:188} INFO - [2026-03-28T22:25:14.397+0000] {dag.py:3036} INFO - Sync 1 DAGs
[2026-03-28T22:25:14.409+0000] {logging_mixin.py:188} INFO - [2026-03-28T22:25:14.409+0000] {dag.py:3823} INFO - Setting next_dagrun for example_sensors to None, run_after=None
[2026-03-28T22:25:14.431+0000] {processor.py:183} INFO - Processing /home/airflow/.local/lib/python3.8/site-packages/airflow/example_dags/example_sensors.py took 0.081 seconds
[2026-03-28T22:25:44.666+0000] {processor.py:161} INFO - Started process (PID=1359) to work on /home/airflow/.local/lib/python3.8/site-packages/airflow/example_dags/example_sensors.py
[2026-03-28T22:25:44.668+0000] {processor.py:830} INFO - Processing file /home/airflow/.local/lib/python3.8/site-packages/airflow/example_dags/example_sensors.py for tasks to queue
[2026-03-28T22:25:44.669+0000] {logging_mixin.py:188} INFO - [2026-03-28T22:25:44.669+0000] {dagbag.py:538} INFO - Filling up the DagBag from /home/airflow/.local/lib/python3.8/site-packages/airflow/example_dags/example_sensors.py
[2026-03-28T22:25:44.678+0000] {processor.py:840} INFO - DAG(s) 'example_sensors' retrieved from /home/airflow/.local/lib/python3.8/site-packages/airflow/example_dags/example_sensors.py
[2026-03-28T22:25:44.702+0000] {logging_mixin.py:188} INFO - [2026-03-28T22:25:44.702+0000] {dag.py:3036} INFO - Sync 1 DAGs
[2026-03-28T22:25:44.713+0000] {logging_mixin.py:188} INFO - [2026-03-28T22:25:44.712+0000] {dag.py:3823} INFO - Setting next_dagrun for example_sensors to None, run_after=None
[2026-03-28T22:25:44.733+0000] {processor.py:183} INFO - Processing /home/airflow/.local/lib/python3.8/site-packages/airflow/example_dags/example_sensors.py took 0.070 seconds
[2026-03-28T22:26:14.907+0000] {processor.py:161} INFO - Started process (PID=1416) to work on /home/airflow/.local/lib/python3.8/site-packages/airflow/example_dags/example_sensors.py
[2026-03-28T22:26:14.909+0000] {processor.py:830} INFO - Processing file /home/airflow/.local/lib/python3.8/site-packages/airflow/example_dags/example_sensors.py for tasks to queue
[2026-03-28T22:26:14.911+0000] {logging_mixin.py:188} INFO - [2026-03-28T22:26:14.911+0000] {dagbag.py:538} INFO - Filling up the DagBag from /home/airflow/.local/lib/python3.8/site-packages/airflow/example_dags/example_sensors.py
[2026-03-28T22:26:14.920+0000] {processor.py:840} INFO - DAG(s) 'example_sensors' retrieved from /home/airflow/.local/lib/python3.8/site-packages/airflow/example_dags/example_sensors.py
[2026-03-28T22:26:14.947+0000] {logging_mixin.py:188} INFO - [2026-03-28T22:26:14.946+0000] {dag.py:3036} INFO - Sync 1 DAGs
[2026-03-28T22:26:14.959+0000] {logging_mixin.py:188} INFO - [2026-03-28T22:26:14.959+0000] {dag.py:3823} INFO - Setting next_dagrun for example_sensors to None, run_after=None
[2026-03-28T22:26:14.982+0000] {processor.py:183} INFO - Processing /home/airflow/.local/lib/python3.8/site-packages/airflow/example_dags/example_sensors.py took 0.078 seconds
[2026-03-28T22:26:45.502+0000] {processor.py:161} INFO - Started process (PID=1472) to work on /home/airflow/.local/lib/python3.8/site-packages/airflow/example_dags/example_sensors.py
[2026-03-28T22:26:45.504+0000] {processor.py:830} INFO - Processing file /home/airflow/.local/lib/python3.8/site-packages/airflow/example_dags/example_sensors.py for tasks to queue
[2026-03-28T22:26:45.506+0000] {logging_mixin.py:188} INFO - [2026-03-28T22:26:45.505+0000] {dagbag.py:538} INFO - Filling up the DagBag from /home/airflow/.local/lib/python3.8/site-packages/airflow/example_dags/example_sensors.py
[2026-03-28T22:26:45.514+0000] {processor.py:840} INFO - DAG(s) 'example_sensors' retrieved from /home/airflow/.local/lib/python3.8/site-packages/airflow/example_dags/example_sensors.py
[2026-03-28T22:26:45.543+0000] {logging_mixin.py:188} INFO - [2026-03-28T22:26:45.543+0000] {dag.py:3036} INFO - Sync 1 DAGs
[2026-03-28T22:26:45.556+0000] {logging_mixin.py:188} INFO - [2026-03-28T22:26:45.556+0000] {dag.py:3823} INFO - Setting next_dagrun for example_sensors to None, run_after=None
[2026-03-28T22:26:45.602+0000] {processor.py:183} INFO - Processing /home/airflow/.local/lib/python3.8/site-packages/airflow/example_dags/example_sensors.py took 0.103 seconds
[2026-03-28T22:27:15.893+0000] {processor.py:161} INFO - Started process (PID=1528) to work on /home/airflow/.local/lib/python3.8/site-packages/airflow/example_dags/example_sensors.py
[2026-03-28T22:27:15.894+0000] {processor.py:830} INFO - Processing file /home/airflow/.local/lib/python3.8/site-packages/airflow/example_dags/example_sensors.py for tasks to queue
[2026-03-28T22:27:15.896+0000] {logging_mixin.py:188} INFO - [2026-03-28T22:27:15.896+0000] {dagbag.py:538} INFO - Filling up the DagBag from /home/airflow/.local/lib/python3.8/site-packages/airflow/example_dags/example_sensors.py
[2026-03-28T22:27:15.906+0000] {processor.py:840} INFO - DAG(s) 'example_sensors' retrieved from /home/airflow/.local/lib/python3.8/site-packages/airflow/example_dags/example_sensors.py
[2026-03-28T22:27:15.933+0000] {logging_mixin.py:188} INFO - [2026-03-28T22:27:15.933+0000] {dag.py:3036} INFO - Sync 1 DAGs
[2026-03-28T22:27:15.949+0000] {logging_mixin.py:188} INFO - [2026-03-28T22:27:15.948+0000] {dag.py:3823} INFO - Setting next_dagrun for example_sensors to None, run_after=None
[2026-03-28T22:27:15.973+0000] {processor.py:183} INFO - Processing /home/airflow/.local/lib/python3.8/site-packages/airflow/example_dags/example_sensors.py took 0.084 seconds
[2026-03-28T22:27:46.444+0000] {processor.py:161} INFO - Started process (PID=1584) to work on /home/airflow/.local/lib/python3.8/site-packages/airflow/example_dags/example_sensors.py
[2026-03-28T22:27:46.445+0000] {processor.py:830} INFO - Processing file /home/airflow/.local/lib/python3.8/site-packages/airflow/example_dags/example_sensors.py for tasks to queue
[2026-03-28T22:27:46.447+0000] {logging_mixin.py:188} INFO - [2026-03-28T22:27:46.447+0000] {dagbag.py:538} INFO - Filling up the DagBag from /home/airflow/.local/lib/python3.8/site-packages/airflow/example_dags/example_sensors.py
[2026-03-28T22:27:46.457+0000] {processor.py:840} INFO - DAG(s) 'example_sensors' retrieved from /home/airflow/.local/lib/python3.8/site-packages/airflow/example_dags/example_sensors.py
[2026-03-28T22:27:46.482+0000] {logging_mixin.py:188} INFO - [2026-03-28T22:27:46.481+0000] {dag.py:3036} INFO - Sync 1 DAGs
[2026-03-28T22:27:46.494+0000] {logging_mixin.py:188} INFO - [2026-03-28T22:27:46.494+0000] {dag.py:3823} INFO - Setting next_dagrun for example_sensors to None, run_after=None
[2026-03-28T22:27:46.516+0000] {processor.py:183} INFO - Processing /home/airflow/.local/lib/python3.8/site-packages/airflow/example_dags/example_sensors.py took 0.075 seconds
[2026-03-28T22:28:16.845+0000] {processor.py:161} INFO - Started process (PID=1640) to work on /home/airflow/.local/lib/python3.8/site-packages/airflow/example_dags/example_sensors.py
[2026-03-28T22:28:16.846+0000] {processor.py:830} INFO - Processing file /home/airflow/.local/lib/python3.8/site-packages/airflow/example_dags/example_sensors.py for tasks to queue
[2026-03-28T22:28:16.849+0000] {logging_mixin.py:188} INFO - [2026-03-28T22:28:16.848+0000] {dagbag.py:538} INFO - Filling up the DagBag from /home/airflow/.local/lib/python3.8/site-packages/airflow/example_dags/example_sensors.py
[2026-03-28T22:28:16.861+0000] {processor.py:840} INFO - DAG(s) 'example_sensors' retrieved from /home/airflow/.local/lib/python3.8/site-packages/airflow/example_dags/example_sensors.py
[2026-03-28T22:28:16.891+0000] {logging_mixin.py:188} INFO - [2026-03-28T22:28:16.891+0000] {dag.py:3036} INFO - Sync 1 DAGs
[2026-03-28T22:28:16.905+0000] {logging_mixin.py:188} INFO - [2026-03-28T22:28:16.905+0000] {dag.py:3823} INFO - Setting next_dagrun for example_sensors to None, run_after=None
[2026-03-28T22:28:16.928+0000] {processor.py:183} INFO - Processing /home/airflow/.local/lib/python3.8/site-packages/airflow/example_dags/example_sensors.py took 0.086 seconds
[2026-03-28T22:28:47.577+0000] {processor.py:161} INFO - Started process (PID=1696) to work on /home/airflow/.local/lib/python3.8/site-packages/airflow/example_dags/example_sensors.py
[2026-03-28T22:28:47.578+0000] {processor.py:830} INFO - Processing file /home/airflow/.local/lib/python3.8/site-packages/airflow/example_dags/example_sensors.py for tasks to queue
[2026-03-28T22:28:47.581+0000] {logging_mixin.py:188} INFO - [2026-03-28T22:28:47.580+0000] {dagbag.py:538} INFO - Filling up the DagBag from /home/airflow/.local/lib/python3.8/site-packages/airflow/example_dags/example_sensors.py
[2026-03-28T22:28:47.593+0000] {processor.py:840} INFO - DAG(s) 'example_sensors' retrieved from /home/airflow/.local/lib/python3.8/site-packages/airflow/example_dags/example_sensors.py
[2026-03-28T22:28:47.624+0000] {logging_mixin.py:188} INFO - [2026-03-28T22:28:47.624+0000] {dag.py:3036} INFO - Sync 1 DAGs
[2026-03-28T22:28:47.636+0000] {logging_mixin.py:188} INFO - [2026-03-28T22:28:47.636+0000] {dag.py:3823} INFO - Setting next_dagrun for example_sensors to None, run_after=None
[2026-03-28T22:28:47.659+0000] {processor.py:183} INFO - Processing /home/airflow/.local/lib/python3.8/site-packages/airflow/example_dags/example_sensors.py took 0.086 seconds
[2026-03-28T22:29:18.397+0000] {processor.py:161} INFO - Started process (PID=1752) to work on /home/airflow/.local/lib/python3.8/site-packages/airflow/example_dags/example_sensors.py
[2026-03-28T22:29:18.399+0000] {processor.py:830} INFO - Processing file /home/airflow/.local/lib/python3.8/site-packages/airflow/example_dags/example_sensors.py for tasks to queue
[2026-03-28T22:29:18.401+0000] {logging_mixin.py:188} INFO - [2026-03-28T22:29:18.401+0000] {dagbag.py:538} INFO - Filling up the DagBag from /home/airflow/.local/lib/python3.8/site-packages/airflow/example_dags/example_sensors.py
[2026-03-28T22:29:18.410+0000] {processor.py:840} INFO - DAG(s) 'example_sensors' retrieved from /home/airflow/.local/lib/python3.8/site-packages/airflow/example_dags/example_sensors.py
[2026-03-28T22:29:18.436+0000] {logging_mixin.py:188} INFO - [2026-03-28T22:29:18.436+0000] {dag.py:3036} INFO - Sync 1 DAGs
[2026-03-28T22:29:18.448+0000] {logging_mixin.py:188} INFO - [2026-03-28T22:29:18.447+0000] {dag.py:3823} INFO - Setting next_dagrun for example_sensors to None, run_after=None
[2026-03-28T22:29:18.474+0000] {processor.py:183} INFO - Processing /home/airflow/.local/lib/python3.8/site-packages/airflow/example_dags/example_sensors.py took 0.079 seconds
[2026-03-28T22:29:48.871+0000] {processor.py:161} INFO - Started process (PID=1808) to work on /home/airflow/.local/lib/python3.8/site-packages/airflow/example_dags/example_sensors.py
[2026-03-28T22:29:48.873+0000] {processor.py:830} INFO - Processing file /home/airflow/.local/lib/python3.8/site-packages/airflow/example_dags/example_sensors.py for tasks to queue
[2026-03-28T22:29:48.875+0000] {logging_mixin.py:188} INFO - [2026-03-28T22:29:48.875+0000] {dagbag.py:538} INFO - Filling up the DagBag from /home/airflow/.local/lib/python3.8/site-packages/airflow/example_dags/example_sensors.py
[2026-03-28T22:29:48.884+0000] {processor.py:840} INFO - DAG(s) 'example_sensors' retrieved from /home/airflow/.local/lib/python3.8/site-packages/airflow/example_dags/example_sensors.py
[2026-03-28T22:29:48.912+0000] {logging_mixin.py:188} INFO - [2026-03-28T22:29:48.912+0000] {dag.py:3036} INFO - Sync 1 DAGs
[2026-03-28T22:29:48.928+0000] {logging_mixin.py:188} INFO - [2026-03-28T22:29:48.928+0000] {dag.py:3823} INFO - Setting next_dagrun for example_sensors to None, run_after=None
[2026-03-28T22:29:48.950+0000] {processor.py:183} INFO - Processing /home/airflow/.local/lib/python3.8/site-packages/airflow/example_dags/example_sensors.py took 0.082 seconds
[2026-03-28T22:30:19.243+0000] {processor.py:161} INFO - Started process (PID=1864) to work on /home/airflow/.local/lib/python3.8/site-packages/airflow/example_dags/example_sensors.py
[2026-03-28T22:30:19.244+0000] {processor.py:830} INFO - Processing file /home/airflow/.local/lib/python3.8/site-packages/airflow/example_dags/example_sensors.py for tasks to queue
[2026-03-28T22:30:19.247+0000] {logging_mixin.py:188} INFO - [2026-03-28T22:30:19.246+0000] {dagbag.py:538} INFO - Filling up the DagBag from /home/airflow/.local/lib/python3.8/site-packages/airflow/example_dags/example_sensors.py
[2026-03-28T22:30:19.261+0000] {processor.py:840} INFO - DAG(s) 'example_sensors' retrieved from /home/airflow/.local/lib/python3.8/site-packages/airflow/example_dags/example_sensors.py
[2026-03-28T22:30:19.301+0000] {logging_mixin.py:188} INFO - [2026-03-28T22:30:19.301+0000] {dag.py:3036} INFO - Sync 1 DAGs
[2026-03-28T22:30:19.319+0000] {logging_mixin.py:188} INFO - [2026-03-28T22:30:19.319+0000] {dag.py:3823} INFO - Setting next_dagrun for example_sensors to None, run_after=None
[2026-03-28T22:30:19.342+0000] {processor.py:183} INFO - Processing /home/airflow/.local/lib/python3.8/site-packages/airflow/example_dags/example_sensors.py took 0.103 seconds
[2026-03-28T22:30:49.703+0000] {processor.py:161} INFO - Started process (PID=1921) to work on /home/airflow/.local/lib/python3.8/site-packages/airflow/example_dags/example_sensors.py
[2026-03-28T22:30:49.705+0000] {processor.py:830} INFO - Processing file /home/airflow/.local/lib/python3.8/site-packages/airflow/example_dags/example_sensors.py for tasks to queue
[2026-03-28T22:30:49.706+0000] {logging_mixin.py:188} INFO - [2026-03-28T22:30:49.706+0000] {dagbag.py:538} INFO - Filling up the DagBag from /home/airflow/.local/lib/python3.8/site-packages/airflow/example_dags/example_sensors.py
[2026-03-28T22:30:49.715+0000] {processor.py:840} INFO - DAG(s) 'example_sensors' retrieved from /home/airflow/.local/lib/python3.8/site-packages/airflow/example_dags/example_sensors.py
[2026-03-28T22:30:49.740+0000] {logging_mixin.py:188} INFO - [2026-03-28T22:30:49.739+0000] {dag.py:3036} INFO - Sync 1 DAGs
[2026-03-28T22:30:49.754+0000] {logging_mixin.py:188} INFO - [2026-03-28T22:30:49.754+0000] {dag.py:3823} INFO - Setting next_dagrun for example_sensors to None, run_after=None
[2026-03-28T22:30:49.780+0000] {processor.py:183} INFO - Processing /home/airflow/.local/lib/python3.8/site-packages/airflow/example_dags/example_sensors.py took 0.079 seconds
[2026-03-28T22:31:37.125+0000] {processor.py:161} INFO - Started process (PID=73) to work on /home/airflow/.local/lib/python3.8/site-packages/airflow/example_dags/example_sensors.py
[2026-03-28T22:31:37.127+0000] {processor.py:830} INFO - Processing file /home/airflow/.local/lib/python3.8/site-packages/airflow/example_dags/example_sensors.py for tasks to queue
[2026-03-28T22:31:37.130+0000] {logging_mixin.py:188} INFO - [2026-03-28T22:31:37.129+0000] {dagbag.py:538} INFO - Filling up the DagBag from /home/airflow/.local/lib/python3.8/site-packages/airflow/example_dags/example_sensors.py
[2026-03-28T22:31:37.152+0000] {processor.py:840} INFO - DAG(s) 'example_sensors' retrieved from /home/airflow/.local/lib/python3.8/site-packages/airflow/example_dags/example_sensors.py
[2026-03-28T22:31:37.173+0000] {logging_mixin.py:188} INFO - [2026-03-28T22:31:37.173+0000] {dag.py:3036} INFO - Sync 1 DAGs
[2026-03-28T22:31:37.197+0000] {logging_mixin.py:188} INFO - [2026-03-28T22:31:37.197+0000] {dag.py:3823} INFO - Setting next_dagrun for example_sensors to None, run_after=None
[2026-03-28T22:31:37.237+0000] {processor.py:183} INFO - Processing /home/airflow/.local/lib/python3.8/site-packages/airflow/example_dags/example_sensors.py took 0.117 seconds
[2026-03-28T22:32:12.780+0000] {processor.py:161} INFO - Started process (PID=68) to work on /home/airflow/.local/lib/python3.8/site-packages/airflow/example_dags/example_sensors.py
[2026-03-28T22:32:12.782+0000] {processor.py:830} INFO - Processing file /home/airflow/.local/lib/python3.8/site-packages/airflow/example_dags/example_sensors.py for tasks to queue
[2026-03-28T22:32:12.785+0000] {logging_mixin.py:188} INFO - [2026-03-28T22:32:12.784+0000] {dagbag.py:538} INFO - Filling up the DagBag from /home/airflow/.local/lib/python3.8/site-packages/airflow/example_dags/example_sensors.py
[2026-03-28T22:32:12.797+0000] {processor.py:840} INFO - DAG(s) 'example_sensors' retrieved from /home/airflow/.local/lib/python3.8/site-packages/airflow/example_dags/example_sensors.py
[2026-03-28T22:32:12.812+0000] {logging_mixin.py:188} INFO - [2026-03-28T22:32:12.812+0000] {dag.py:3036} INFO - Sync 1 DAGs
[2026-03-28T22:32:12.828+0000] {logging_mixin.py:188} INFO - [2026-03-28T22:32:12.828+0000] {dag.py:3823} INFO - Setting next_dagrun for example_sensors to None, run_after=None
[2026-03-28T22:32:12.855+0000] {processor.py:183} INFO - Processing /home/airflow/.local/lib/python3.8/site-packages/airflow/example_dags/example_sensors.py took 0.080 seconds
[2026-03-28T22:32:43.859+0000] {processor.py:161} INFO - Started process (PID=130) to work on /home/airflow/.local/lib/python3.8/site-packages/airflow/example_dags/example_sensors.py
[2026-03-28T22:32:43.861+0000] {processor.py:830} INFO - Processing file /home/airflow/.local/lib/python3.8/site-packages/airflow/example_dags/example_sensors.py for tasks to queue
[2026-03-28T22:32:43.863+0000] {logging_mixin.py:188} INFO - [2026-03-28T22:32:43.863+0000] {dagbag.py:538} INFO - Filling up the DagBag from /home/airflow/.local/lib/python3.8/site-packages/airflow/example_dags/example_sensors.py
[2026-03-28T22:32:43.876+0000] {processor.py:840} INFO - DAG(s) 'example_sensors' retrieved from /home/airflow/.local/lib/python3.8/site-packages/airflow/example_dags/example_sensors.py
[2026-03-28T22:32:44.030+0000] {logging_mixin.py:188} INFO - [2026-03-28T22:32:44.030+0000] {dag.py:3036} INFO - Sync 1 DAGs
[2026-03-28T22:32:44.043+0000] {logging_mixin.py:188} INFO - [2026-03-28T22:32:44.043+0000] {dag.py:3823} INFO - Setting next_dagrun for example_sensors to None, run_after=None
[2026-03-28T22:32:44.095+0000] {processor.py:183} INFO - Processing /home/airflow/.local/lib/python3.8/site-packages/airflow/example_dags/example_sensors.py took 0.240 seconds
[2026-03-28T22:34:01.766+0000] {processor.py:161} INFO - Started process (PID=85) to work on /home/airflow/.local/lib/python3.8/site-packages/airflow/example_dags/example_sensors.py
[2026-03-28T22:34:01.768+0000] {processor.py:830} INFO - Processing file /home/airflow/.local/lib/python3.8/site-packages/airflow/example_dags/example_sensors.py for tasks to queue
[2026-03-28T22:34:01.771+0000] {logging_mixin.py:188} INFO - [2026-03-28T22:34:01.771+0000] {dagbag.py:538} INFO - Filling up the DagBag from /home/airflow/.local/lib/python3.8/site-packages/airflow/example_dags/example_sensors.py
[2026-03-28T22:34:01.790+0000] {processor.py:840} INFO - DAG(s) 'example_sensors' retrieved from /home/airflow/.local/lib/python3.8/site-packages/airflow/example_dags/example_sensors.py
[2026-03-28T22:34:01.952+0000] {logging_mixin.py:188} INFO - [2026-03-28T22:34:01.952+0000] {dag.py:3036} INFO - Sync 1 DAGs
[2026-03-28T22:34:01.967+0000] {logging_mixin.py:188} INFO - [2026-03-28T22:34:01.967+0000] {dag.py:3823} INFO - Setting next_dagrun for example_sensors to None, run_after=None
[2026-03-28T22:34:02.000+0000] {processor.py:183} INFO - Processing /home/airflow/.local/lib/python3.8/site-packages/airflow/example_dags/example_sensors.py took 0.242 seconds
[2026-03-28T22:34:32.878+0000] {processor.py:161} INFO - Started process (PID=141) to work on /home/airflow/.local/lib/python3.8/site-packages/airflow/example_dags/example_sensors.py
[2026-03-28T22:34:32.880+0000] {processor.py:830} INFO - Processing file /home/airflow/.local/lib/python3.8/site-packages/airflow/example_dags/example_sensors.py for tasks to queue
[2026-03-28T22:34:32.883+0000] {logging_mixin.py:188} INFO - [2026-03-28T22:34:32.882+0000] {dagbag.py:538} INFO - Filling up the DagBag from /home/airflow/.local/lib/python3.8/site-packages/airflow/example_dags/example_sensors.py
[2026-03-28T22:34:32.897+0000] {processor.py:840} INFO - DAG(s) 'example_sensors' retrieved from /home/airflow/.local/lib/python3.8/site-packages/airflow/example_dags/example_sensors.py
[2026-03-28T22:34:32.929+0000] {logging_mixin.py:188} INFO - [2026-03-28T22:34:32.929+0000] {dag.py:3036} INFO - Sync 1 DAGs
[2026-03-28T22:34:32.945+0000] {logging_mixin.py:188} INFO - [2026-03-28T22:34:32.945+0000] {dag.py:3823} INFO - Setting next_dagrun for example_sensors to None, run_after=None
[2026-03-28T22:34:32.973+0000] {processor.py:183} INFO - Processing /home/airflow/.local/lib/python3.8/site-packages/airflow/example_dags/example_sensors.py took 0.099 seconds
[2026-03-28T22:35:03.899+0000] {processor.py:161} INFO - Started process (PID=197) to work on /home/airflow/.local/lib/python3.8/site-packages/airflow/example_dags/example_sensors.py
[2026-03-28T22:35:03.901+0000] {processor.py:830} INFO - Processing file /home/airflow/.local/lib/python3.8/site-packages/airflow/example_dags/example_sensors.py for tasks to queue
[2026-03-28T22:35:03.903+0000] {logging_mixin.py:188} INFO - [2026-03-28T22:35:03.903+0000] {dagbag.py:538} INFO - Filling up the DagBag from /home/airflow/.local/lib/python3.8/site-packages/airflow/example_dags/example_sensors.py
[2026-03-28T22:35:03.916+0000] {processor.py:840} INFO - DAG(s) 'example_sensors' retrieved from /home/airflow/.local/lib/python3.8/site-packages/airflow/example_dags/example_sensors.py
[2026-03-28T22:35:03.944+0000] {logging_mixin.py:188} INFO - [2026-03-28T22:35:03.944+0000] {dag.py:3036} INFO - Sync 1 DAGs
[2026-03-28T22:35:03.957+0000] {logging_mixin.py:188} INFO - [2026-03-28T22:35:03.957+0000] {dag.py:3823} INFO - Setting next_dagrun for example_sensors to None, run_after=None
[2026-03-28T22:35:03.997+0000] {processor.py:183} INFO - Processing /home/airflow/.local/lib/python3.8/site-packages/airflow/example_dags/example_sensors.py took 0.102 seconds
[2026-03-28T22:35:34.068+0000] {processor.py:161} INFO - Started process (PID=253) to work on /home/airflow/.local/lib/python3.8/site-packages/airflow/example_dags/example_sensors.py
[2026-03-28T22:35:34.070+0000] {processor.py:830} INFO - Processing file /home/airflow/.local/lib/python3.8/site-packages/airflow/example_dags/example_sensors.py for tasks to queue
[2026-03-28T22:35:34.073+0000] {logging_mixin.py:188} INFO - [2026-03-28T22:35:34.073+0000] {dagbag.py:538} INFO - Filling up the DagBag from /home/airflow/.local/lib/python3.8/site-packages/airflow/example_dags/example_sensors.py
[2026-03-28T22:35:34.089+0000] {processor.py:840} INFO - DAG(s) 'example_sensors' retrieved from /home/airflow/.local/lib/python3.8/site-packages/airflow/example_dags/example_sensors.py
[2026-03-28T22:35:34.113+0000] {logging_mixin.py:188} INFO - [2026-03-28T22:35:34.112+0000] {dag.py:3036} INFO - Sync 1 DAGs
[2026-03-28T22:35:34.124+0000] {logging_mixin.py:188} INFO - [2026-03-28T22:35:34.124+0000] {dag.py:3823} INFO - Setting next_dagrun for example_sensors to None, run_after=None
[2026-03-28T22:35:34.146+0000] {processor.py:183} INFO - Processing /home/airflow/.local/lib/python3.8/site-packages/airflow/example_dags/example_sensors.py took 0.082 seconds
[2026-03-28T22:36:04.220+0000] {processor.py:161} INFO - Started process (PID=309) to work on /home/airflow/.local/lib/python3.8/site-packages/airflow/example_dags/example_sensors.py
[2026-03-28T22:36:04.222+0000] {processor.py:830} INFO - Processing file /home/airflow/.local/lib/python3.8/site-packages/airflow/example_dags/example_sensors.py for tasks to queue
[2026-03-28T22:36:04.224+0000] {logging_mixin.py:188} INFO - [2026-03-28T22:36:04.224+0000] {dagbag.py:538} INFO - Filling up the DagBag from /home/airflow/.local/lib/python3.8/site-packages/airflow/example_dags/example_sensors.py
[2026-03-28T22:36:04.233+0000] {processor.py:840} INFO - DAG(s) 'example_sensors' retrieved from /home/airflow/.local/lib/python3.8/site-packages/airflow/example_dags/example_sensors.py
[2026-03-28T22:36:04.258+0000] {logging_mixin.py:188} INFO - [2026-03-28T22:36:04.258+0000] {dag.py:3036} INFO - Sync 1 DAGs
[2026-03-28T22:36:04.270+0000] {logging_mixin.py:188} INFO - [2026-03-28T22:36:04.270+0000] {dag.py:3823} INFO - Setting next_dagrun for example_sensors to None, run_after=None
[2026-03-28T22:36:04.294+0000] {processor.py:183} INFO - Processing /home/airflow/.local/lib/python3.8/site-packages/airflow/example_dags/example_sensors.py took 0.077 seconds
[2026-03-28T22:36:34.838+0000] {processor.py:161} INFO - Started process (PID=365) to work on /home/airflow/.local/lib/python3.8/site-packages/airflow/example_dags/example_sensors.py
[2026-03-28T22:36:34.839+0000] {processor.py:830} INFO - Processing file /home/airflow/.local/lib/python3.8/site-packages/airflow/example_dags/example_sensors.py for tasks to queue
[2026-03-28T22:36:34.842+0000] {logging_mixin.py:188} INFO - [2026-03-28T22:36:34.842+0000] {dagbag.py:538} INFO - Filling up the DagBag from /home/airflow/.local/lib/python3.8/site-packages/airflow/example_dags/example_sensors.py
[2026-03-28T22:36:34.851+0000] {processor.py:840} INFO - DAG(s) 'example_sensors' retrieved from /home/airflow/.local/lib/python3.8/site-packages/airflow/example_dags/example_sensors.py
[2026-03-28T22:36:34.881+0000] {logging_mixin.py:188} INFO - [2026-03-28T22:36:34.880+0000] {dag.py:3036} INFO - Sync 1 DAGs
[2026-03-28T22:36:34.893+0000] {logging_mixin.py:188} INFO - [2026-03-28T22:36:34.893+0000] {dag.py:3823} INFO - Setting next_dagrun for example_sensors to None, run_after=None
[2026-03-28T22:36:34.916+0000] {processor.py:183} INFO - Processing /home/airflow/.local/lib/python3.8/site-packages/airflow/example_dags/example_sensors.py took 0.082 seconds
[2026-03-28T22:37:41.521+0000] {processor.py:161} INFO - Started process (PID=67) to work on /home/airflow/.local/lib/python3.8/site-packages/airflow/example_dags/example_sensors.py
[2026-03-28T22:37:41.522+0000] {processor.py:830} INFO - Processing file /home/airflow/.local/lib/python3.8/site-packages/airflow/example_dags/example_sensors.py for tasks to queue
[2026-03-28T22:37:41.526+0000] {logging_mixin.py:188} INFO - [2026-03-28T22:37:41.525+0000] {dagbag.py:538} INFO - Filling up the DagBag from /home/airflow/.local/lib/python3.8/site-packages/airflow/example_dags/example_sensors.py
[2026-03-28T22:37:41.545+0000] {processor.py:840} INFO - DAG(s) 'example_sensors' retrieved from /home/airflow/.local/lib/python3.8/site-packages/airflow/example_dags/example_sensors.py
[2026-03-28T22:37:41.563+0000] {logging_mixin.py:188} INFO - [2026-03-28T22:37:41.562+0000] {dag.py:3036} INFO - Sync 1 DAGs
[2026-03-28T22:37:41.580+0000] {logging_mixin.py:188} INFO - [2026-03-28T22:37:41.579+0000] {dag.py:3823} INFO - Setting next_dagrun for example_sensors to None, run_after=None
[2026-03-28T22:37:41.607+0000] {processor.py:183} INFO - Processing /home/airflow/.local/lib/python3.8/site-packages/airflow/example_dags/example_sensors.py took 0.091 seconds
[2026-03-28T22:38:12.260+0000] {processor.py:161} INFO - Started process (PID=123) to work on /home/airflow/.local/lib/python3.8/site-packages/airflow/example_dags/example_sensors.py
[2026-03-28T22:38:12.261+0000] {processor.py:830} INFO - Processing file /home/airflow/.local/lib/python3.8/site-packages/airflow/example_dags/example_sensors.py for tasks to queue
[2026-03-28T22:38:12.264+0000] {logging_mixin.py:188} INFO - [2026-03-28T22:38:12.263+0000] {dagbag.py:538} INFO - Filling up the DagBag from /home/airflow/.local/lib/python3.8/site-packages/airflow/example_dags/example_sensors.py
[2026-03-28T22:38:12.278+0000] {processor.py:840} INFO - DAG(s) 'example_sensors' retrieved from /home/airflow/.local/lib/python3.8/site-packages/airflow/example_dags/example_sensors.py
[2026-03-28T22:38:12.433+0000] {logging_mixin.py:188} INFO - [2026-03-28T22:38:12.433+0000] {dag.py:3036} INFO - Sync 1 DAGs
[2026-03-28T22:38:12.445+0000] {logging_mixin.py:188} INFO - [2026-03-28T22:38:12.444+0000] {dag.py:3823} INFO - Setting next_dagrun for example_sensors to None, run_after=None
[2026-03-28T22:38:12.468+0000] {processor.py:183} INFO - Processing /home/airflow/.local/lib/python3.8/site-packages/airflow/example_dags/example_sensors.py took 0.212 seconds
[2026-03-28T22:38:43.078+0000] {processor.py:161} INFO - Started process (PID=179) to work on /home/airflow/.local/lib/python3.8/site-packages/airflow/example_dags/example_sensors.py
[2026-03-28T22:38:43.080+0000] {processor.py:830} INFO - Processing file /home/airflow/.local/lib/python3.8/site-packages/airflow/example_dags/example_sensors.py for tasks to queue
[2026-03-28T22:38:43.083+0000] {logging_mixin.py:188} INFO - [2026-03-28T22:38:43.082+0000] {dagbag.py:538} INFO - Filling up the DagBag from /home/airflow/.local/lib/python3.8/site-packages/airflow/example_dags/example_sensors.py
[2026-03-28T22:38:43.099+0000] {processor.py:840} INFO - DAG(s) 'example_sensors' retrieved from /home/airflow/.local/lib/python3.8/site-packages/airflow/example_dags/example_sensors.py
[2026-03-28T22:38:43.139+0000] {logging_mixin.py:188} INFO - [2026-03-28T22:38:43.139+0000] {dag.py:3036} INFO - Sync 1 DAGs
[2026-03-28T22:38:43.159+0000] {logging_mixin.py:188} INFO - [2026-03-28T22:38:43.159+0000] {dag.py:3823} INFO - Setting next_dagrun for example_sensors to None, run_after=None
[2026-03-28T22:38:43.186+0000] {processor.py:183} INFO - Processing /home/airflow/.local/lib/python3.8/site-packages/airflow/example_dags/example_sensors.py took 0.113 seconds
[2026-03-28T22:39:13.472+0000] {processor.py:161} INFO - Started process (PID=235) to work on /home/airflow/.local/lib/python3.8/site-packages/airflow/example_dags/example_sensors.py
[2026-03-28T22:39:13.474+0000] {processor.py:830} INFO - Processing file /home/airflow/.local/lib/python3.8/site-packages/airflow/example_dags/example_sensors.py for tasks to queue
[2026-03-28T22:39:13.477+0000] {logging_mixin.py:188} INFO - [2026-03-28T22:39:13.476+0000] {dagbag.py:538} INFO - Filling up the DagBag from /home/airflow/.local/lib/python3.8/site-packages/airflow/example_dags/example_sensors.py
[2026-03-28T22:39:13.491+0000] {processor.py:840} INFO - DAG(s) 'example_sensors' retrieved from /home/airflow/.local/lib/python3.8/site-packages/airflow/example_dags/example_sensors.py
[2026-03-28T22:39:13.530+0000] {logging_mixin.py:188} INFO - [2026-03-28T22:39:13.529+0000] {dag.py:3036} INFO - Sync 1 DAGs
[2026-03-28T22:39:13.557+0000] {logging_mixin.py:188} INFO - [2026-03-28T22:39:13.556+0000] {dag.py:3823} INFO - Setting next_dagrun for example_sensors to None, run_after=None
[2026-03-28T22:39:13.589+0000] {processor.py:183} INFO - Processing /home/airflow/.local/lib/python3.8/site-packages/airflow/example_dags/example_sensors.py took 0.122 seconds
[2026-03-28T22:39:43.786+0000] {processor.py:161} INFO - Started process (PID=291) to work on /home/airflow/.local/lib/python3.8/site-packages/airflow/example_dags/example_sensors.py
[2026-03-28T22:39:43.788+0000] {processor.py:830} INFO - Processing file /home/airflow/.local/lib/python3.8/site-packages/airflow/example_dags/example_sensors.py for tasks to queue
[2026-03-28T22:39:43.792+0000] {logging_mixin.py:188} INFO - [2026-03-28T22:39:43.791+0000] {dagbag.py:538} INFO - Filling up the DagBag from /home/airflow/.local/lib/python3.8/site-packages/airflow/example_dags/example_sensors.py
[2026-03-28T22:39:43.804+0000] {processor.py:840} INFO - DAG(s) 'example_sensors' retrieved from /home/airflow/.local/lib/python3.8/site-packages/airflow/example_dags/example_sensors.py
[2026-03-28T22:39:43.844+0000] {logging_mixin.py:188} INFO - [2026-03-28T22:39:43.844+0000] {dag.py:3036} INFO - Sync 1 DAGs
[2026-03-28T22:39:43.862+0000] {logging_mixin.py:188} INFO - [2026-03-28T22:39:43.862+0000] {dag.py:3823} INFO - Setting next_dagrun for example_sensors to None, run_after=None
[2026-03-28T22:39:43.894+0000] {processor.py:183} INFO - Processing /home/airflow/.local/lib/python3.8/site-packages/airflow/example_dags/example_sensors.py took 0.113 seconds
[2026-03-28T22:40:13.987+0000] {processor.py:161} INFO - Started process (PID=347) to work on /home/airflow/.local/lib/python3.8/site-packages/airflow/example_dags/example_sensors.py
[2026-03-28T22:40:13.989+0000] {processor.py:830} INFO - Processing file /home/airflow/.local/lib/python3.8/site-packages/airflow/example_dags/example_sensors.py for tasks to queue
[2026-03-28T22:40:13.994+0000] {logging_mixin.py:188} INFO - [2026-03-28T22:40:13.994+0000] {dagbag.py:538} INFO - Filling up the DagBag from /home/airflow/.local/lib/python3.8/site-packages/airflow/example_dags/example_sensors.py
[2026-03-28T22:40:14.011+0000] {processor.py:840} INFO - DAG(s) 'example_sensors' retrieved from /home/airflow/.local/lib/python3.8/site-packages/airflow/example_dags/example_sensors.py
[2026-03-28T22:40:14.048+0000] {logging_mixin.py:188} INFO - [2026-03-28T22:40:14.047+0000] {dag.py:3036} INFO - Sync 1 DAGs
[2026-03-28T22:40:14.066+0000] {logging_mixin.py:188} INFO - [2026-03-28T22:40:14.066+0000] {dag.py:3823} INFO - Setting next_dagrun for example_sensors to None, run_after=None
[2026-03-28T22:40:14.090+0000] {processor.py:183} INFO - Processing /home/airflow/.local/lib/python3.8/site-packages/airflow/example_dags/example_sensors.py took 0.109 seconds
[2026-03-28T22:40:44.138+0000] {processor.py:161} INFO - Started process (PID=402) to work on /home/airflow/.local/lib/python3.8/site-packages/airflow/example_dags/example_sensors.py
[2026-03-28T22:40:44.139+0000] {processor.py:830} INFO - Processing file /home/airflow/.local/lib/python3.8/site-packages/airflow/example_dags/example_sensors.py for tasks to queue
[2026-03-28T22:40:44.142+0000] {logging_mixin.py:188} INFO - [2026-03-28T22:40:44.141+0000] {dagbag.py:538} INFO - Filling up the DagBag from /home/airflow/.local/lib/python3.8/site-packages/airflow/example_dags/example_sensors.py
[2026-03-28T22:40:44.152+0000] {processor.py:840} INFO - DAG(s) 'example_sensors' retrieved from /home/airflow/.local/lib/python3.8/site-packages/airflow/example_dags/example_sensors.py
[2026-03-28T22:40:44.189+0000] {logging_mixin.py:188} INFO - [2026-03-28T22:40:44.188+0000] {dag.py:3036} INFO - Sync 1 DAGs
[2026-03-28T22:40:44.205+0000] {logging_mixin.py:188} INFO - [2026-03-28T22:40:44.205+0000] {dag.py:3823} INFO - Setting next_dagrun for example_sensors to None, run_after=None
[2026-03-28T22:40:44.236+0000] {processor.py:183} INFO - Processing /home/airflow/.local/lib/python3.8/site-packages/airflow/example_dags/example_sensors.py took 0.103 seconds
[2026-03-28T22:41:15.232+0000] {processor.py:161} INFO - Started process (PID=459) to work on /home/airflow/.local/lib/python3.8/site-packages/airflow/example_dags/example_sensors.py
[2026-03-28T22:41:15.233+0000] {processor.py:830} INFO - Processing file /home/airflow/.local/lib/python3.8/site-packages/airflow/example_dags/example_sensors.py for tasks to queue
[2026-03-28T22:41:15.235+0000] {logging_mixin.py:188} INFO - [2026-03-28T22:41:15.235+0000] {dagbag.py:538} INFO - Filling up the DagBag from /home/airflow/.local/lib/python3.8/site-packages/airflow/example_dags/example_sensors.py
[2026-03-28T22:41:15.244+0000] {processor.py:840} INFO - DAG(s) 'example_sensors' retrieved from /home/airflow/.local/lib/python3.8/site-packages/airflow/example_dags/example_sensors.py
[2026-03-28T22:41:15.260+0000] {logging_mixin.py:188} INFO - [2026-03-28T22:41:15.259+0000] {dag.py:3036} INFO - Sync 1 DAGs
[2026-03-28T22:41:15.273+0000] {logging_mixin.py:188} INFO - [2026-03-28T22:41:15.273+0000] {dag.py:3823} INFO - Setting next_dagrun for example_sensors to None, run_after=None
[2026-03-28T22:41:15.297+0000] {processor.py:183} INFO - Processing /home/airflow/.local/lib/python3.8/site-packages/airflow/example_dags/example_sensors.py took 0.069 seconds
[2026-03-28T22:41:45.707+0000] {processor.py:161} INFO - Started process (PID=515) to work on /home/airflow/.local/lib/python3.8/site-packages/airflow/example_dags/example_sensors.py
[2026-03-28T22:41:45.709+0000] {processor.py:830} INFO - Processing file /home/airflow/.local/lib/python3.8/site-packages/airflow/example_dags/example_sensors.py for tasks to queue
[2026-03-28T22:41:45.708+0000] {logging_mixin.py:188} INFO - [2026-03-28T22:41:45.708+0000] {dagbag.py:538} INFO - Filling up the DagBag from /home/airflow/.local/lib/python3.8/site-packages/airflow/example_dags/example_sensors.py
[2026-03-28T22:41:45.720+0000] {processor.py:840} INFO - DAG(s) 'example_sensors' retrieved from /home/airflow/.local/lib/python3.8/site-packages/airflow/example_dags/example_sensors.py
[2026-03-28T22:41:45.842+0000] {logging_mixin.py:188} INFO - [2026-03-28T22:41:45.842+0000] {dag.py:3036} INFO - Sync 1 DAGs
[2026-03-28T22:41:45.857+0000] {logging_mixin.py:188} INFO - [2026-03-28T22:41:45.857+0000] {dag.py:3823} INFO - Setting next_dagrun for example_sensors to None, run_after=None
[2026-03-28T22:41:45.886+0000] {processor.py:183} INFO - Processing /home/airflow/.local/lib/python3.8/site-packages/airflow/example_dags/example_sensors.py took 0.186 seconds
[2026-03-28T22:42:16.595+0000] {processor.py:161} INFO - Started process (PID=571) to work on /home/airflow/.local/lib/python3.8/site-packages/airflow/example_dags/example_sensors.py
[2026-03-28T22:42:16.596+0000] {processor.py:830} INFO - Processing file /home/airflow/.local/lib/python3.8/site-packages/airflow/example_dags/example_sensors.py for tasks to queue
[2026-03-28T22:42:16.599+0000] {logging_mixin.py:188} INFO - [2026-03-28T22:42:16.599+0000] {dagbag.py:538} INFO - Filling up the DagBag from /home/airflow/.local/lib/python3.8/site-packages/airflow/example_dags/example_sensors.py
[2026-03-28T22:42:16.610+0000] {processor.py:840} INFO - DAG(s) 'example_sensors' retrieved from /home/airflow/.local/lib/python3.8/site-packages/airflow/example_dags/example_sensors.py
[2026-03-28T22:42:16.639+0000] {logging_mixin.py:188} INFO - [2026-03-28T22:42:16.639+0000] {dag.py:3036} INFO - Sync 1 DAGs
[2026-03-28T22:42:16.652+0000] {logging_mixin.py:188} INFO - [2026-03-28T22:42:16.652+0000] {dag.py:3823} INFO - Setting next_dagrun for example_sensors to None, run_after=None
[2026-03-28T22:42:16.674+0000] {processor.py:183} INFO - Processing /home/airflow/.local/lib/python3.8/site-packages/airflow/example_dags/example_sensors.py took 0.082 seconds
[2026-03-28T22:42:46.878+0000] {processor.py:161} INFO - Started process (PID=627) to work on /home/airflow/.local/lib/python3.8/site-packages/airflow/example_dags/example_sensors.py
[2026-03-28T22:42:46.879+0000] {processor.py:830} INFO - Processing file /home/airflow/.local/lib/python3.8/site-packages/airflow/example_dags/example_sensors.py for tasks to queue
[2026-03-28T22:42:46.882+0000] {logging_mixin.py:188} INFO - [2026-03-28T22:42:46.882+0000] {dagbag.py:538} INFO - Filling up the DagBag from /home/airflow/.local/lib/python3.8/site-packages/airflow/example_dags/example_sensors.py
[2026-03-28T22:42:46.890+0000] {processor.py:840} INFO - DAG(s) 'example_sensors' retrieved from /home/airflow/.local/lib/python3.8/site-packages/airflow/example_dags/example_sensors.py
[2026-03-28T22:42:46.919+0000] {logging_mixin.py:188} INFO - [2026-03-28T22:42:46.919+0000] {dag.py:3036} INFO - Sync 1 DAGs
[2026-03-28T22:42:46.934+0000] {logging_mixin.py:188} INFO - [2026-03-28T22:42:46.934+0000] {dag.py:3823} INFO - Setting next_dagrun for example_sensors to None, run_after=None
[2026-03-28T22:42:46.959+0000] {processor.py:183} INFO - Processing /home/airflow/.local/lib/python3.8/site-packages/airflow/example_dags/example_sensors.py took 0.084 seconds
[2026-03-28T22:43:17.851+0000] {processor.py:161} INFO - Started process (PID=683) to work on /home/airflow/.local/lib/python3.8/site-packages/airflow/example_dags/example_sensors.py
[2026-03-28T22:43:17.853+0000] {processor.py:830} INFO - Processing file /home/airflow/.local/lib/python3.8/site-packages/airflow/example_dags/example_sensors.py for tasks to queue
[2026-03-28T22:43:17.855+0000] {logging_mixin.py:188} INFO - [2026-03-28T22:43:17.855+0000] {dagbag.py:538} INFO - Filling up the DagBag from /home/airflow/.local/lib/python3.8/site-packages/airflow/example_dags/example_sensors.py
[2026-03-28T22:43:17.864+0000] {processor.py:840} INFO - DAG(s) 'example_sensors' retrieved from /home/airflow/.local/lib/python3.8/site-packages/airflow/example_dags/example_sensors.py
[2026-03-28T22:43:17.896+0000] {logging_mixin.py:188} INFO - [2026-03-28T22:43:17.896+0000] {dag.py:3036} INFO - Sync 1 DAGs
[2026-03-28T22:43:17.909+0000] {logging_mixin.py:188} INFO - [2026-03-28T22:43:17.909+0000] {dag.py:3823} INFO - Setting next_dagrun for example_sensors to None, run_after=None
[2026-03-28T22:43:17.935+0000] {processor.py:183} INFO - Processing /home/airflow/.local/lib/python3.8/site-packages/airflow/example_dags/example_sensors.py took 0.087 seconds
[2026-03-28T22:43:48.235+0000] {processor.py:161} INFO - Started process (PID=739) to work on /home/airflow/.local/lib/python3.8/site-packages/airflow/example_dags/example_sensors.py
[2026-03-28T22:43:48.236+0000] {processor.py:830} INFO - Processing file /home/airflow/.local/lib/python3.8/site-packages/airflow/example_dags/example_sensors.py for tasks to queue
[2026-03-28T22:43:48.239+0000] {logging_mixin.py:188} INFO - [2026-03-28T22:43:48.238+0000] {dagbag.py:538} INFO - Filling up the DagBag from /home/airflow/.local/lib/python3.8/site-packages/airflow/example_dags/example_sensors.py
[2026-03-28T22:43:48.247+0000] {processor.py:840} INFO - DAG(s) 'example_sensors' retrieved from /home/airflow/.local/lib/python3.8/site-packages/airflow/example_dags/example_sensors.py
[2026-03-28T22:43:48.273+0000] {logging_mixin.py:188} INFO - [2026-03-28T22:43:48.273+0000] {dag.py:3036} INFO - Sync 1 DAGs
[2026-03-28T22:43:48.284+0000] {logging_mixin.py:188} INFO - [2026-03-28T22:43:48.284+0000] {dag.py:3823} INFO - Setting next_dagrun for example_sensors to None, run_after=None
[2026-03-28T22:43:48.307+0000] {processor.py:183} INFO - Processing /home/airflow/.local/lib/python3.8/site-packages/airflow/example_dags/example_sensors.py took 0.076 seconds
[2026-03-28T22:44:18.766+0000] {processor.py:161} INFO - Started process (PID=795) to work on /home/airflow/.local/lib/python3.8/site-packages/airflow/example_dags/example_sensors.py
[2026-03-28T22:44:18.767+0000] {processor.py:830} INFO - Processing file /home/airflow/.local/lib/python3.8/site-packages/airflow/example_dags/example_sensors.py for tasks to queue
[2026-03-28T22:44:18.769+0000] {logging_mixin.py:188} INFO - [2026-03-28T22:44:18.769+0000] {dagbag.py:538} INFO - Filling up the DagBag from /home/airflow/.local/lib/python3.8/site-packages/airflow/example_dags/example_sensors.py
[2026-03-28T22:44:18.778+0000] {processor.py:840} INFO - DAG(s) 'example_sensors' retrieved from /home/airflow/.local/lib/python3.8/site-packages/airflow/example_dags/example_sensors.py
[2026-03-28T22:44:18.804+0000] {logging_mixin.py:188} INFO - [2026-03-28T22:44:18.804+0000] {dag.py:3036} INFO - Sync 1 DAGs
[2026-03-28T22:44:18.816+0000] {logging_mixin.py:188} INFO - [2026-03-28T22:44:18.816+0000] {dag.py:3823} INFO - Setting next_dagrun for example_sensors to None, run_after=None
[2026-03-28T22:44:18.844+0000] {processor.py:183} INFO - Processing /home/airflow/.local/lib/python3.8/site-packages/airflow/example_dags/example_sensors.py took 0.082 seconds
[2026-03-28T22:44:48.965+0000] {processor.py:161} INFO - Started process (PID=851) to work on /home/airflow/.local/lib/python3.8/site-packages/airflow/example_dags/example_sensors.py
[2026-03-28T22:44:48.966+0000] {processor.py:830} INFO - Processing file /home/airflow/.local/lib/python3.8/site-packages/airflow/example_dags/example_sensors.py for tasks to queue
[2026-03-28T22:44:48.969+0000] {logging_mixin.py:188} INFO - [2026-03-28T22:44:48.968+0000] {dagbag.py:538} INFO - Filling up the DagBag from /home/airflow/.local/lib/python3.8/site-packages/airflow/example_dags/example_sensors.py
[2026-03-28T22:44:48.979+0000] {processor.py:840} INFO - DAG(s) 'example_sensors' retrieved from /home/airflow/.local/lib/python3.8/site-packages/airflow/example_dags/example_sensors.py
[2026-03-28T22:44:49.005+0000] {logging_mixin.py:188} INFO - [2026-03-28T22:44:49.004+0000] {dag.py:3036} INFO - Sync 1 DAGs
[2026-03-28T22:44:49.020+0000] {logging_mixin.py:188} INFO - [2026-03-28T22:44:49.020+0000] {dag.py:3823} INFO - Setting next_dagrun for example_sensors to None, run_after=None
[2026-03-28T22:44:49.043+0000] {processor.py:183} INFO - Processing /home/airflow/.local/lib/python3.8/site-packages/airflow/example_dags/example_sensors.py took 0.082 seconds
[2026-03-28T22:45:19.629+0000] {processor.py:161} INFO - Started process (PID=907) to work on /home/airflow/.local/lib/python3.8/site-packages/airflow/example_dags/example_sensors.py
[2026-03-28T22:45:19.630+0000] {processor.py:830} INFO - Processing file /home/airflow/.local/lib/python3.8/site-packages/airflow/example_dags/example_sensors.py for tasks to queue
[2026-03-28T22:45:19.633+0000] {logging_mixin.py:188} INFO - [2026-03-28T22:45:19.632+0000] {dagbag.py:538} INFO - Filling up the DagBag from /home/airflow/.local/lib/python3.8/site-packages/airflow/example_dags/example_sensors.py
[2026-03-28T22:45:19.644+0000] {processor.py:840} INFO - DAG(s) 'example_sensors' retrieved from /home/airflow/.local/lib/python3.8/site-packages/airflow/example_dags/example_sensors.py
[2026-03-28T22:45:19.673+0000] {logging_mixin.py:188} INFO - [2026-03-28T22:45:19.672+0000] {dag.py:3036} INFO - Sync 1 DAGs
[2026-03-28T22:45:19.686+0000] {logging_mixin.py:188} INFO - [2026-03-28T22:45:19.685+0000] {dag.py:3823} INFO - Setting next_dagrun for example_sensors to None, run_after=None
[2026-03-28T22:45:19.709+0000] {processor.py:183} INFO - Processing /home/airflow/.local/lib/python3.8/site-packages/airflow/example_dags/example_sensors.py took 0.086 seconds
[2026-03-28T22:45:50.214+0000] {processor.py:161} INFO - Started process (PID=963) to work on /home/airflow/.local/lib/python3.8/site-packages/airflow/example_dags/example_sensors.py
[2026-03-28T22:45:50.216+0000] {processor.py:830} INFO - Processing file /home/airflow/.local/lib/python3.8/site-packages/airflow/example_dags/example_sensors.py for tasks to queue
[2026-03-28T22:45:50.218+0000] {logging_mixin.py:188} INFO - [2026-03-28T22:45:50.218+0000] {dagbag.py:538} INFO - Filling up the DagBag from /home/airflow/.local/lib/python3.8/site-packages/airflow/example_dags/example_sensors.py
[2026-03-28T22:45:50.228+0000] {processor.py:840} INFO - DAG(s) 'example_sensors' retrieved from /home/airflow/.local/lib/python3.8/site-packages/airflow/example_dags/example_sensors.py
[2026-03-28T22:45:50.259+0000] {logging_mixin.py:188} INFO - [2026-03-28T22:45:50.258+0000] {dag.py:3036} INFO - Sync 1 DAGs
[2026-03-28T22:45:50.272+0000] {logging_mixin.py:188} INFO - [2026-03-28T22:45:50.272+0000] {dag.py:3823} INFO - Setting next_dagrun for example_sensors to None, run_after=None
[2026-03-28T22:45:50.300+0000] {processor.py:183} INFO - Processing /home/airflow/.local/lib/python3.8/site-packages/airflow/example_dags/example_sensors.py took 0.091 seconds
[2026-03-28T22:46:37.532+0000] {processor.py:161} INFO - Started process (PID=1013) to work on /home/airflow/.local/lib/python3.8/site-packages/airflow/example_dags/example_sensors.py
[2026-03-28T22:46:37.533+0000] {processor.py:830} INFO - Processing file /home/airflow/.local/lib/python3.8/site-packages/airflow/example_dags/example_sensors.py for tasks to queue
[2026-03-28T22:46:37.536+0000] {logging_mixin.py:188} INFO - [2026-03-28T22:46:37.536+0000] {dagbag.py:538} INFO - Filling up the DagBag from /home/airflow/.local/lib/python3.8/site-packages/airflow/example_dags/example_sensors.py
[2026-03-28T22:46:37.552+0000] {processor.py:840} INFO - DAG(s) 'example_sensors' retrieved from /home/airflow/.local/lib/python3.8/site-packages/airflow/example_dags/example_sensors.py
[2026-03-28T22:46:37.596+0000] {logging_mixin.py:188} INFO - [2026-03-28T22:46:37.596+0000] {dag.py:3036} INFO - Sync 1 DAGs
[2026-03-28T22:46:37.615+0000] {logging_mixin.py:188} INFO - [2026-03-28T22:46:37.614+0000] {dag.py:3823} INFO - Setting next_dagrun for example_sensors to None, run_after=None
[2026-03-28T22:46:37.657+0000] {processor.py:183} INFO - Processing /home/airflow/.local/lib/python3.8/site-packages/airflow/example_dags/example_sensors.py took 0.130 seconds
