[2026-03-28T22:09:43.578+0000] {processor.py:161} INFO - Started process (PID=96) to work on /home/airflow/.local/lib/python3.8/site-packages/airflow/example_dags/example_params_trigger_ui.py
[2026-03-28T22:09:43.579+0000] {processor.py:830} INFO - Processing file /home/airflow/.local/lib/python3.8/site-packages/airflow/example_dags/example_params_trigger_ui.py for tasks to queue
[2026-03-28T22:09:43.582+0000] {logging_mixin.py:188} INFO - [2026-03-28T22:09:43.582+0000] {dagbag.py:538} INFO - Filling up the DagBag from /home/airflow/.local/lib/python3.8/site-packages/airflow/example_dags/example_params_trigger_ui.py
[2026-03-28T22:09:43.600+0000] {processor.py:840} INFO - DAG(s) 'example_params_trigger_ui' retrieved from /home/airflow/.local/lib/python3.8/site-packages/airflow/example_dags/example_params_trigger_ui.py
[2026-03-28T22:09:43.736+0000] {logging_mixin.py:188} INFO - [2026-03-28T22:09:43.736+0000] {override.py:1769} INFO - Created Permission View: can edit on DAG:example_params_trigger_ui
[2026-03-28T22:09:43.749+0000] {logging_mixin.py:188} INFO - [2026-03-28T22:09:43.749+0000] {override.py:1769} INFO - Created Permission View: can delete on DAG:example_params_trigger_ui
[2026-03-28T22:09:43.760+0000] {logging_mixin.py:188} INFO - [2026-03-28T22:09:43.759+0000] {override.py:1769} INFO - Created Permission View: can read on DAG:example_params_trigger_ui
[2026-03-28T22:09:43.760+0000] {logging_mixin.py:188} INFO - [2026-03-28T22:09:43.760+0000] {dag.py:3036} INFO - Sync 1 DAGs
[2026-03-28T22:09:43.773+0000] {logging_mixin.py:188} INFO - [2026-03-28T22:09:43.773+0000] {dag.py:3058} INFO - Creating ORM DAG for example_params_trigger_ui
[2026-03-28T22:09:43.774+0000] {logging_mixin.py:188} INFO - [2026-03-28T22:09:43.774+0000] {dag.py:3823} INFO - Setting next_dagrun for example_params_trigger_ui to None, run_after=None
[2026-03-28T22:09:43.797+0000] {processor.py:183} INFO - Processing /home/airflow/.local/lib/python3.8/site-packages/airflow/example_dags/example_params_trigger_ui.py took 0.223 seconds
[2026-03-28T22:10:14.052+0000] {processor.py:161} INFO - Started process (PID=152) to work on /home/airflow/.local/lib/python3.8/site-packages/airflow/example_dags/example_params_trigger_ui.py
[2026-03-28T22:10:14.054+0000] {processor.py:830} INFO - Processing file /home/airflow/.local/lib/python3.8/site-packages/airflow/example_dags/example_params_trigger_ui.py for tasks to queue
[2026-03-28T22:10:14.056+0000] {logging_mixin.py:188} INFO - [2026-03-28T22:10:14.056+0000] {dagbag.py:538} INFO - Filling up the DagBag from /home/airflow/.local/lib/python3.8/site-packages/airflow/example_dags/example_params_trigger_ui.py
[2026-03-28T22:10:14.071+0000] {processor.py:840} INFO - DAG(s) 'example_params_trigger_ui' retrieved from /home/airflow/.local/lib/python3.8/site-packages/airflow/example_dags/example_params_trigger_ui.py
[2026-03-28T22:10:14.135+0000] {logging_mixin.py:188} INFO - [2026-03-28T22:10:14.134+0000] {dag.py:3036} INFO - Sync 1 DAGs
[2026-03-28T22:10:14.147+0000] {logging_mixin.py:188} INFO - [2026-03-28T22:10:14.147+0000] {dag.py:3823} INFO - Setting next_dagrun for example_params_trigger_ui to None, run_after=None
[2026-03-28T22:10:14.171+0000] {processor.py:183} INFO - Processing /home/airflow/.local/lib/python3.8/site-packages/airflow/example_dags/example_params_trigger_ui.py took 0.124 seconds
[2026-03-28T22:10:44.791+0000] {processor.py:161} INFO - Started process (PID=208) to work on /home/airflow/.local/lib/python3.8/site-packages/airflow/example_dags/example_params_trigger_ui.py
[2026-03-28T22:10:44.793+0000] {processor.py:830} INFO - Processing file /home/airflow/.local/lib/python3.8/site-packages/airflow/example_dags/example_params_trigger_ui.py for tasks to queue
[2026-03-28T22:10:44.795+0000] {logging_mixin.py:188} INFO - [2026-03-28T22:10:44.795+0000] {dagbag.py:538} INFO - Filling up the DagBag from /home/airflow/.local/lib/python3.8/site-packages/airflow/example_dags/example_params_trigger_ui.py
[2026-03-28T22:10:44.809+0000] {processor.py:840} INFO - DAG(s) 'example_params_trigger_ui' retrieved from /home/airflow/.local/lib/python3.8/site-packages/airflow/example_dags/example_params_trigger_ui.py
[2026-03-28T22:10:44.865+0000] {logging_mixin.py:188} INFO - [2026-03-28T22:10:44.864+0000] {dag.py:3036} INFO - Sync 1 DAGs
[2026-03-28T22:10:44.884+0000] {logging_mixin.py:188} INFO - [2026-03-28T22:10:44.884+0000] {dag.py:3823} INFO - Setting next_dagrun for example_params_trigger_ui to None, run_after=None
[2026-03-28T22:10:44.932+0000] {processor.py:183} INFO - Processing /home/airflow/.local/lib/python3.8/site-packages/airflow/example_dags/example_params_trigger_ui.py took 0.145 seconds
[2026-03-28T22:11:15.124+0000] {processor.py:161} INFO - Started process (PID=264) to work on /home/airflow/.local/lib/python3.8/site-packages/airflow/example_dags/example_params_trigger_ui.py
[2026-03-28T22:11:15.126+0000] {processor.py:830} INFO - Processing file /home/airflow/.local/lib/python3.8/site-packages/airflow/example_dags/example_params_trigger_ui.py for tasks to queue
[2026-03-28T22:11:15.128+0000] {logging_mixin.py:188} INFO - [2026-03-28T22:11:15.128+0000] {dagbag.py:538} INFO - Filling up the DagBag from /home/airflow/.local/lib/python3.8/site-packages/airflow/example_dags/example_params_trigger_ui.py
[2026-03-28T22:11:15.142+0000] {processor.py:840} INFO - DAG(s) 'example_params_trigger_ui' retrieved from /home/airflow/.local/lib/python3.8/site-packages/airflow/example_dags/example_params_trigger_ui.py
[2026-03-28T22:11:15.190+0000] {logging_mixin.py:188} INFO - [2026-03-28T22:11:15.189+0000] {dag.py:3036} INFO - Sync 1 DAGs
[2026-03-28T22:11:15.202+0000] {logging_mixin.py:188} INFO - [2026-03-28T22:11:15.202+0000] {dag.py:3823} INFO - Setting next_dagrun for example_params_trigger_ui to None, run_after=None
[2026-03-28T22:11:15.226+0000] {processor.py:183} INFO - Processing /home/airflow/.local/lib/python3.8/site-packages/airflow/example_dags/example_params_trigger_ui.py took 0.105 seconds
[2026-03-28T22:11:45.279+0000] {processor.py:161} INFO - Started process (PID=320) to work on /home/airflow/.local/lib/python3.8/site-packages/airflow/example_dags/example_params_trigger_ui.py
[2026-03-28T22:11:45.281+0000] {processor.py:830} INFO - Processing file /home/airflow/.local/lib/python3.8/site-packages/airflow/example_dags/example_params_trigger_ui.py for tasks to queue
[2026-03-28T22:11:45.283+0000] {logging_mixin.py:188} INFO - [2026-03-28T22:11:45.283+0000] {dagbag.py:538} INFO - Filling up the DagBag from /home/airflow/.local/lib/python3.8/site-packages/airflow/example_dags/example_params_trigger_ui.py
[2026-03-28T22:11:45.307+0000] {processor.py:840} INFO - DAG(s) 'example_params_trigger_ui' retrieved from /home/airflow/.local/lib/python3.8/site-packages/airflow/example_dags/example_params_trigger_ui.py
[2026-03-28T22:11:45.361+0000] {logging_mixin.py:188} INFO - [2026-03-28T22:11:45.360+0000] {dag.py:3036} INFO - Sync 1 DAGs
[2026-03-28T22:11:45.373+0000] {logging_mixin.py:188} INFO - [2026-03-28T22:11:45.373+0000] {dag.py:3823} INFO - Setting next_dagrun for example_params_trigger_ui to None, run_after=None
[2026-03-28T22:11:45.399+0000] {processor.py:183} INFO - Processing /home/airflow/.local/lib/python3.8/site-packages/airflow/example_dags/example_params_trigger_ui.py took 0.124 seconds
[2026-03-28T22:12:15.481+0000] {processor.py:161} INFO - Started process (PID=376) to work on /home/airflow/.local/lib/python3.8/site-packages/airflow/example_dags/example_params_trigger_ui.py
[2026-03-28T22:12:15.482+0000] {processor.py:830} INFO - Processing file /home/airflow/.local/lib/python3.8/site-packages/airflow/example_dags/example_params_trigger_ui.py for tasks to queue
[2026-03-28T22:12:15.485+0000] {logging_mixin.py:188} INFO - [2026-03-28T22:12:15.484+0000] {dagbag.py:538} INFO - Filling up the DagBag from /home/airflow/.local/lib/python3.8/site-packages/airflow/example_dags/example_params_trigger_ui.py
[2026-03-28T22:12:15.498+0000] {processor.py:840} INFO - DAG(s) 'example_params_trigger_ui' retrieved from /home/airflow/.local/lib/python3.8/site-packages/airflow/example_dags/example_params_trigger_ui.py
[2026-03-28T22:12:15.549+0000] {logging_mixin.py:188} INFO - [2026-03-28T22:12:15.548+0000] {dag.py:3036} INFO - Sync 1 DAGs
[2026-03-28T22:12:15.560+0000] {logging_mixin.py:188} INFO - [2026-03-28T22:12:15.560+0000] {dag.py:3823} INFO - Setting next_dagrun for example_params_trigger_ui to None, run_after=None
[2026-03-28T22:12:15.582+0000] {processor.py:183} INFO - Processing /home/airflow/.local/lib/python3.8/site-packages/airflow/example_dags/example_params_trigger_ui.py took 0.105 seconds
[2026-03-28T22:12:45.794+0000] {processor.py:161} INFO - Started process (PID=432) to work on /home/airflow/.local/lib/python3.8/site-packages/airflow/example_dags/example_params_trigger_ui.py
[2026-03-28T22:12:45.795+0000] {processor.py:830} INFO - Processing file /home/airflow/.local/lib/python3.8/site-packages/airflow/example_dags/example_params_trigger_ui.py for tasks to queue
[2026-03-28T22:12:45.798+0000] {logging_mixin.py:188} INFO - [2026-03-28T22:12:45.797+0000] {dagbag.py:538} INFO - Filling up the DagBag from /home/airflow/.local/lib/python3.8/site-packages/airflow/example_dags/example_params_trigger_ui.py
[2026-03-28T22:12:45.837+0000] {processor.py:840} INFO - DAG(s) 'example_params_trigger_ui' retrieved from /home/airflow/.local/lib/python3.8/site-packages/airflow/example_dags/example_params_trigger_ui.py
[2026-03-28T22:12:45.956+0000] {logging_mixin.py:188} INFO - [2026-03-28T22:12:45.955+0000] {dag.py:3036} INFO - Sync 1 DAGs
[2026-03-28T22:12:45.978+0000] {logging_mixin.py:188} INFO - [2026-03-28T22:12:45.977+0000] {dag.py:3823} INFO - Setting next_dagrun for example_params_trigger_ui to None, run_after=None
[2026-03-28T22:12:45.996+0000] {processor.py:183} INFO - Processing /home/airflow/.local/lib/python3.8/site-packages/airflow/example_dags/example_params_trigger_ui.py took 0.205 seconds
[2026-03-28T22:13:16.114+0000] {processor.py:161} INFO - Started process (PID=488) to work on /home/airflow/.local/lib/python3.8/site-packages/airflow/example_dags/example_params_trigger_ui.py
[2026-03-28T22:13:16.115+0000] {processor.py:830} INFO - Processing file /home/airflow/.local/lib/python3.8/site-packages/airflow/example_dags/example_params_trigger_ui.py for tasks to queue
[2026-03-28T22:13:16.118+0000] {logging_mixin.py:188} INFO - [2026-03-28T22:13:16.118+0000] {dagbag.py:538} INFO - Filling up the DagBag from /home/airflow/.local/lib/python3.8/site-packages/airflow/example_dags/example_params_trigger_ui.py
[2026-03-28T22:13:16.131+0000] {processor.py:840} INFO - DAG(s) 'example_params_trigger_ui' retrieved from /home/airflow/.local/lib/python3.8/site-packages/airflow/example_dags/example_params_trigger_ui.py
[2026-03-28T22:13:16.177+0000] {logging_mixin.py:188} INFO - [2026-03-28T22:13:16.177+0000] {dag.py:3036} INFO - Sync 1 DAGs
[2026-03-28T22:13:16.189+0000] {logging_mixin.py:188} INFO - [2026-03-28T22:13:16.189+0000] {dag.py:3823} INFO - Setting next_dagrun for example_params_trigger_ui to None, run_after=None
[2026-03-28T22:13:16.211+0000] {processor.py:183} INFO - Processing /home/airflow/.local/lib/python3.8/site-packages/airflow/example_dags/example_params_trigger_ui.py took 0.101 seconds
[2026-03-28T22:14:08.321+0000] {processor.py:161} INFO - Started process (PID=94) to work on /home/airflow/.local/lib/python3.8/site-packages/airflow/example_dags/example_params_trigger_ui.py
[2026-03-28T22:14:08.323+0000] {processor.py:830} INFO - Processing file /home/airflow/.local/lib/python3.8/site-packages/airflow/example_dags/example_params_trigger_ui.py for tasks to queue
[2026-03-28T22:14:08.325+0000] {logging_mixin.py:188} INFO - [2026-03-28T22:14:08.325+0000] {dagbag.py:538} INFO - Filling up the DagBag from /home/airflow/.local/lib/python3.8/site-packages/airflow/example_dags/example_params_trigger_ui.py
[2026-03-28T22:14:08.342+0000] {processor.py:840} INFO - DAG(s) 'example_params_trigger_ui' retrieved from /home/airflow/.local/lib/python3.8/site-packages/airflow/example_dags/example_params_trigger_ui.py
[2026-03-28T22:14:08.358+0000] {logging_mixin.py:188} INFO - [2026-03-28T22:14:08.357+0000] {dag.py:3036} INFO - Sync 1 DAGs
[2026-03-28T22:14:08.374+0000] {logging_mixin.py:188} INFO - [2026-03-28T22:14:08.373+0000] {dag.py:3823} INFO - Setting next_dagrun for example_params_trigger_ui to None, run_after=None
[2026-03-28T22:14:08.401+0000] {processor.py:183} INFO - Processing /home/airflow/.local/lib/python3.8/site-packages/airflow/example_dags/example_params_trigger_ui.py took 0.084 seconds
[2026-03-28T22:14:38.590+0000] {processor.py:161} INFO - Started process (PID=150) to work on /home/airflow/.local/lib/python3.8/site-packages/airflow/example_dags/example_params_trigger_ui.py
[2026-03-28T22:14:38.591+0000] {processor.py:830} INFO - Processing file /home/airflow/.local/lib/python3.8/site-packages/airflow/example_dags/example_params_trigger_ui.py for tasks to queue
[2026-03-28T22:14:38.593+0000] {logging_mixin.py:188} INFO - [2026-03-28T22:14:38.593+0000] {dagbag.py:538} INFO - Filling up the DagBag from /home/airflow/.local/lib/python3.8/site-packages/airflow/example_dags/example_params_trigger_ui.py
[2026-03-28T22:14:38.606+0000] {processor.py:840} INFO - DAG(s) 'example_params_trigger_ui' retrieved from /home/airflow/.local/lib/python3.8/site-packages/airflow/example_dags/example_params_trigger_ui.py
[2026-03-28T22:14:38.737+0000] {logging_mixin.py:188} INFO - [2026-03-28T22:14:38.737+0000] {dag.py:3036} INFO - Sync 1 DAGs
[2026-03-28T22:14:38.750+0000] {logging_mixin.py:188} INFO - [2026-03-28T22:14:38.749+0000] {dag.py:3823} INFO - Setting next_dagrun for example_params_trigger_ui to None, run_after=None
[2026-03-28T22:14:38.773+0000] {processor.py:183} INFO - Processing /home/airflow/.local/lib/python3.8/site-packages/airflow/example_dags/example_params_trigger_ui.py took 0.186 seconds
[2026-03-28T22:15:08.854+0000] {processor.py:161} INFO - Started process (PID=206) to work on /home/airflow/.local/lib/python3.8/site-packages/airflow/example_dags/example_params_trigger_ui.py
[2026-03-28T22:15:08.855+0000] {processor.py:830} INFO - Processing file /home/airflow/.local/lib/python3.8/site-packages/airflow/example_dags/example_params_trigger_ui.py for tasks to queue
[2026-03-28T22:15:08.858+0000] {logging_mixin.py:188} INFO - [2026-03-28T22:15:08.857+0000] {dagbag.py:538} INFO - Filling up the DagBag from /home/airflow/.local/lib/python3.8/site-packages/airflow/example_dags/example_params_trigger_ui.py
[2026-03-28T22:15:08.870+0000] {processor.py:840} INFO - DAG(s) 'example_params_trigger_ui' retrieved from /home/airflow/.local/lib/python3.8/site-packages/airflow/example_dags/example_params_trigger_ui.py
[2026-03-28T22:15:08.918+0000] {logging_mixin.py:188} INFO - [2026-03-28T22:15:08.917+0000] {dag.py:3036} INFO - Sync 1 DAGs
[2026-03-28T22:15:08.928+0000] {logging_mixin.py:188} INFO - [2026-03-28T22:15:08.928+0000] {dag.py:3823} INFO - Setting next_dagrun for example_params_trigger_ui to None, run_after=None
[2026-03-28T22:15:08.971+0000] {processor.py:183} INFO - Processing /home/airflow/.local/lib/python3.8/site-packages/airflow/example_dags/example_params_trigger_ui.py took 0.122 seconds
[2026-03-28T22:15:39.405+0000] {processor.py:161} INFO - Started process (PID=262) to work on /home/airflow/.local/lib/python3.8/site-packages/airflow/example_dags/example_params_trigger_ui.py
[2026-03-28T22:15:39.407+0000] {processor.py:830} INFO - Processing file /home/airflow/.local/lib/python3.8/site-packages/airflow/example_dags/example_params_trigger_ui.py for tasks to queue
[2026-03-28T22:15:39.409+0000] {logging_mixin.py:188} INFO - [2026-03-28T22:15:39.409+0000] {dagbag.py:538} INFO - Filling up the DagBag from /home/airflow/.local/lib/python3.8/site-packages/airflow/example_dags/example_params_trigger_ui.py
[2026-03-28T22:15:39.424+0000] {processor.py:840} INFO - DAG(s) 'example_params_trigger_ui' retrieved from /home/airflow/.local/lib/python3.8/site-packages/airflow/example_dags/example_params_trigger_ui.py
[2026-03-28T22:15:39.478+0000] {logging_mixin.py:188} INFO - [2026-03-28T22:15:39.478+0000] {dag.py:3036} INFO - Sync 1 DAGs
[2026-03-28T22:15:39.491+0000] {logging_mixin.py:188} INFO - [2026-03-28T22:15:39.491+0000] {dag.py:3823} INFO - Setting next_dagrun for example_params_trigger_ui to None, run_after=None
[2026-03-28T22:15:39.514+0000] {processor.py:183} INFO - Processing /home/airflow/.local/lib/python3.8/site-packages/airflow/example_dags/example_params_trigger_ui.py took 0.112 seconds
[2026-03-28T22:16:09.664+0000] {processor.py:161} INFO - Started process (PID=318) to work on /home/airflow/.local/lib/python3.8/site-packages/airflow/example_dags/example_params_trigger_ui.py
[2026-03-28T22:16:09.665+0000] {processor.py:830} INFO - Processing file /home/airflow/.local/lib/python3.8/site-packages/airflow/example_dags/example_params_trigger_ui.py for tasks to queue
[2026-03-28T22:16:09.667+0000] {logging_mixin.py:188} INFO - [2026-03-28T22:16:09.667+0000] {dagbag.py:538} INFO - Filling up the DagBag from /home/airflow/.local/lib/python3.8/site-packages/airflow/example_dags/example_params_trigger_ui.py
[2026-03-28T22:16:09.680+0000] {processor.py:840} INFO - DAG(s) 'example_params_trigger_ui' retrieved from /home/airflow/.local/lib/python3.8/site-packages/airflow/example_dags/example_params_trigger_ui.py
[2026-03-28T22:16:09.731+0000] {logging_mixin.py:188} INFO - [2026-03-28T22:16:09.731+0000] {dag.py:3036} INFO - Sync 1 DAGs
[2026-03-28T22:16:09.742+0000] {logging_mixin.py:188} INFO - [2026-03-28T22:16:09.742+0000] {dag.py:3823} INFO - Setting next_dagrun for example_params_trigger_ui to None, run_after=None
[2026-03-28T22:16:09.764+0000] {processor.py:183} INFO - Processing /home/airflow/.local/lib/python3.8/site-packages/airflow/example_dags/example_params_trigger_ui.py took 0.104 seconds
[2026-03-28T22:16:40.035+0000] {processor.py:161} INFO - Started process (PID=374) to work on /home/airflow/.local/lib/python3.8/site-packages/airflow/example_dags/example_params_trigger_ui.py
[2026-03-28T22:16:40.036+0000] {processor.py:830} INFO - Processing file /home/airflow/.local/lib/python3.8/site-packages/airflow/example_dags/example_params_trigger_ui.py for tasks to queue
[2026-03-28T22:16:40.039+0000] {logging_mixin.py:188} INFO - [2026-03-28T22:16:40.038+0000] {dagbag.py:538} INFO - Filling up the DagBag from /home/airflow/.local/lib/python3.8/site-packages/airflow/example_dags/example_params_trigger_ui.py
[2026-03-28T22:16:40.052+0000] {processor.py:840} INFO - DAG(s) 'example_params_trigger_ui' retrieved from /home/airflow/.local/lib/python3.8/site-packages/airflow/example_dags/example_params_trigger_ui.py
[2026-03-28T22:16:40.101+0000] {logging_mixin.py:188} INFO - [2026-03-28T22:16:40.100+0000] {dag.py:3036} INFO - Sync 1 DAGs
[2026-03-28T22:16:40.113+0000] {logging_mixin.py:188} INFO - [2026-03-28T22:16:40.113+0000] {dag.py:3823} INFO - Setting next_dagrun for example_params_trigger_ui to None, run_after=None
[2026-03-28T22:16:40.137+0000] {processor.py:183} INFO - Processing /home/airflow/.local/lib/python3.8/site-packages/airflow/example_dags/example_params_trigger_ui.py took 0.105 seconds
[2026-03-28T22:17:11.120+0000] {processor.py:161} INFO - Started process (PID=430) to work on /home/airflow/.local/lib/python3.8/site-packages/airflow/example_dags/example_params_trigger_ui.py
[2026-03-28T22:17:11.122+0000] {processor.py:830} INFO - Processing file /home/airflow/.local/lib/python3.8/site-packages/airflow/example_dags/example_params_trigger_ui.py for tasks to queue
[2026-03-28T22:17:11.124+0000] {logging_mixin.py:188} INFO - [2026-03-28T22:17:11.124+0000] {dagbag.py:538} INFO - Filling up the DagBag from /home/airflow/.local/lib/python3.8/site-packages/airflow/example_dags/example_params_trigger_ui.py
[2026-03-28T22:17:11.137+0000] {processor.py:840} INFO - DAG(s) 'example_params_trigger_ui' retrieved from /home/airflow/.local/lib/python3.8/site-packages/airflow/example_dags/example_params_trigger_ui.py
[2026-03-28T22:17:11.181+0000] {logging_mixin.py:188} INFO - [2026-03-28T22:17:11.181+0000] {dag.py:3036} INFO - Sync 1 DAGs
[2026-03-28T22:17:11.194+0000] {logging_mixin.py:188} INFO - [2026-03-28T22:17:11.193+0000] {dag.py:3823} INFO - Setting next_dagrun for example_params_trigger_ui to None, run_after=None
[2026-03-28T22:17:11.222+0000] {processor.py:183} INFO - Processing /home/airflow/.local/lib/python3.8/site-packages/airflow/example_dags/example_params_trigger_ui.py took 0.105 seconds
[2026-03-28T22:17:42.036+0000] {processor.py:161} INFO - Started process (PID=486) to work on /home/airflow/.local/lib/python3.8/site-packages/airflow/example_dags/example_params_trigger_ui.py
[2026-03-28T22:17:42.037+0000] {processor.py:830} INFO - Processing file /home/airflow/.local/lib/python3.8/site-packages/airflow/example_dags/example_params_trigger_ui.py for tasks to queue
[2026-03-28T22:17:42.039+0000] {logging_mixin.py:188} INFO - [2026-03-28T22:17:42.039+0000] {dagbag.py:538} INFO - Filling up the DagBag from /home/airflow/.local/lib/python3.8/site-packages/airflow/example_dags/example_params_trigger_ui.py
[2026-03-28T22:17:42.052+0000] {processor.py:840} INFO - DAG(s) 'example_params_trigger_ui' retrieved from /home/airflow/.local/lib/python3.8/site-packages/airflow/example_dags/example_params_trigger_ui.py
[2026-03-28T22:17:42.100+0000] {logging_mixin.py:188} INFO - [2026-03-28T22:17:42.100+0000] {dag.py:3036} INFO - Sync 1 DAGs
[2026-03-28T22:17:42.112+0000] {logging_mixin.py:188} INFO - [2026-03-28T22:17:42.112+0000] {dag.py:3823} INFO - Setting next_dagrun for example_params_trigger_ui to None, run_after=None
[2026-03-28T22:17:42.234+0000] {processor.py:183} INFO - Processing /home/airflow/.local/lib/python3.8/site-packages/airflow/example_dags/example_params_trigger_ui.py took 0.201 seconds
[2026-03-28T22:18:13.050+0000] {processor.py:161} INFO - Started process (PID=542) to work on /home/airflow/.local/lib/python3.8/site-packages/airflow/example_dags/example_params_trigger_ui.py
[2026-03-28T22:18:13.051+0000] {processor.py:830} INFO - Processing file /home/airflow/.local/lib/python3.8/site-packages/airflow/example_dags/example_params_trigger_ui.py for tasks to queue
[2026-03-28T22:18:13.053+0000] {logging_mixin.py:188} INFO - [2026-03-28T22:18:13.053+0000] {dagbag.py:538} INFO - Filling up the DagBag from /home/airflow/.local/lib/python3.8/site-packages/airflow/example_dags/example_params_trigger_ui.py
[2026-03-28T22:18:13.066+0000] {processor.py:840} INFO - DAG(s) 'example_params_trigger_ui' retrieved from /home/airflow/.local/lib/python3.8/site-packages/airflow/example_dags/example_params_trigger_ui.py
[2026-03-28T22:18:13.108+0000] {logging_mixin.py:188} INFO - [2026-03-28T22:18:13.107+0000] {dag.py:3036} INFO - Sync 1 DAGs
[2026-03-28T22:18:13.119+0000] {logging_mixin.py:188} INFO - [2026-03-28T22:18:13.118+0000] {dag.py:3823} INFO - Setting next_dagrun for example_params_trigger_ui to None, run_after=None
[2026-03-28T22:18:13.141+0000] {processor.py:183} INFO - Processing /home/airflow/.local/lib/python3.8/site-packages/airflow/example_dags/example_params_trigger_ui.py took 0.094 seconds
[2026-03-28T22:18:43.396+0000] {processor.py:161} INFO - Started process (PID=598) to work on /home/airflow/.local/lib/python3.8/site-packages/airflow/example_dags/example_params_trigger_ui.py
[2026-03-28T22:18:43.397+0000] {processor.py:830} INFO - Processing file /home/airflow/.local/lib/python3.8/site-packages/airflow/example_dags/example_params_trigger_ui.py for tasks to queue
[2026-03-28T22:18:43.399+0000] {logging_mixin.py:188} INFO - [2026-03-28T22:18:43.399+0000] {dagbag.py:538} INFO - Filling up the DagBag from /home/airflow/.local/lib/python3.8/site-packages/airflow/example_dags/example_params_trigger_ui.py
[2026-03-28T22:18:43.413+0000] {processor.py:840} INFO - DAG(s) 'example_params_trigger_ui' retrieved from /home/airflow/.local/lib/python3.8/site-packages/airflow/example_dags/example_params_trigger_ui.py
[2026-03-28T22:18:43.462+0000] {logging_mixin.py:188} INFO - [2026-03-28T22:18:43.462+0000] {dag.py:3036} INFO - Sync 1 DAGs
[2026-03-28T22:18:43.472+0000] {logging_mixin.py:188} INFO - [2026-03-28T22:18:43.472+0000] {dag.py:3823} INFO - Setting next_dagrun for example_params_trigger_ui to None, run_after=None
[2026-03-28T22:18:43.492+0000] {processor.py:183} INFO - Processing /home/airflow/.local/lib/python3.8/site-packages/airflow/example_dags/example_params_trigger_ui.py took 0.100 seconds
[2026-03-28T22:19:14.096+0000] {processor.py:161} INFO - Started process (PID=654) to work on /home/airflow/.local/lib/python3.8/site-packages/airflow/example_dags/example_params_trigger_ui.py
[2026-03-28T22:19:14.097+0000] {processor.py:830} INFO - Processing file /home/airflow/.local/lib/python3.8/site-packages/airflow/example_dags/example_params_trigger_ui.py for tasks to queue
[2026-03-28T22:19:14.099+0000] {logging_mixin.py:188} INFO - [2026-03-28T22:19:14.098+0000] {dagbag.py:538} INFO - Filling up the DagBag from /home/airflow/.local/lib/python3.8/site-packages/airflow/example_dags/example_params_trigger_ui.py
[2026-03-28T22:19:14.112+0000] {processor.py:840} INFO - DAG(s) 'example_params_trigger_ui' retrieved from /home/airflow/.local/lib/python3.8/site-packages/airflow/example_dags/example_params_trigger_ui.py
[2026-03-28T22:19:14.161+0000] {logging_mixin.py:188} INFO - [2026-03-28T22:19:14.161+0000] {dag.py:3036} INFO - Sync 1 DAGs
[2026-03-28T22:19:14.173+0000] {logging_mixin.py:188} INFO - [2026-03-28T22:19:14.172+0000] {dag.py:3823} INFO - Setting next_dagrun for example_params_trigger_ui to None, run_after=None
[2026-03-28T22:19:14.205+0000] {processor.py:183} INFO - Processing /home/airflow/.local/lib/python3.8/site-packages/airflow/example_dags/example_params_trigger_ui.py took 0.113 seconds
[2026-03-28T22:19:44.371+0000] {processor.py:161} INFO - Started process (PID=710) to work on /home/airflow/.local/lib/python3.8/site-packages/airflow/example_dags/example_params_trigger_ui.py
[2026-03-28T22:19:44.373+0000] {processor.py:830} INFO - Processing file /home/airflow/.local/lib/python3.8/site-packages/airflow/example_dags/example_params_trigger_ui.py for tasks to queue
[2026-03-28T22:19:44.376+0000] {logging_mixin.py:188} INFO - [2026-03-28T22:19:44.375+0000] {dagbag.py:538} INFO - Filling up the DagBag from /home/airflow/.local/lib/python3.8/site-packages/airflow/example_dags/example_params_trigger_ui.py
[2026-03-28T22:19:44.396+0000] {processor.py:840} INFO - DAG(s) 'example_params_trigger_ui' retrieved from /home/airflow/.local/lib/python3.8/site-packages/airflow/example_dags/example_params_trigger_ui.py
[2026-03-28T22:19:44.467+0000] {logging_mixin.py:188} INFO - [2026-03-28T22:19:44.467+0000] {dag.py:3036} INFO - Sync 1 DAGs
[2026-03-28T22:19:44.481+0000] {logging_mixin.py:188} INFO - [2026-03-28T22:19:44.481+0000] {dag.py:3823} INFO - Setting next_dagrun for example_params_trigger_ui to None, run_after=None
[2026-03-28T22:19:44.505+0000] {processor.py:183} INFO - Processing /home/airflow/.local/lib/python3.8/site-packages/airflow/example_dags/example_params_trigger_ui.py took 0.139 seconds
[2026-03-28T22:20:14.734+0000] {processor.py:161} INFO - Started process (PID=766) to work on /home/airflow/.local/lib/python3.8/site-packages/airflow/example_dags/example_params_trigger_ui.py
[2026-03-28T22:20:14.735+0000] {processor.py:830} INFO - Processing file /home/airflow/.local/lib/python3.8/site-packages/airflow/example_dags/example_params_trigger_ui.py for tasks to queue
[2026-03-28T22:20:14.737+0000] {logging_mixin.py:188} INFO - [2026-03-28T22:20:14.737+0000] {dagbag.py:538} INFO - Filling up the DagBag from /home/airflow/.local/lib/python3.8/site-packages/airflow/example_dags/example_params_trigger_ui.py
[2026-03-28T22:20:14.750+0000] {processor.py:840} INFO - DAG(s) 'example_params_trigger_ui' retrieved from /home/airflow/.local/lib/python3.8/site-packages/airflow/example_dags/example_params_trigger_ui.py
[2026-03-28T22:20:14.795+0000] {logging_mixin.py:188} INFO - [2026-03-28T22:20:14.794+0000] {dag.py:3036} INFO - Sync 1 DAGs
[2026-03-28T22:20:14.806+0000] {logging_mixin.py:188} INFO - [2026-03-28T22:20:14.806+0000] {dag.py:3823} INFO - Setting next_dagrun for example_params_trigger_ui to None, run_after=None
[2026-03-28T22:20:14.826+0000] {processor.py:183} INFO - Processing /home/airflow/.local/lib/python3.8/site-packages/airflow/example_dags/example_params_trigger_ui.py took 0.096 seconds
[2026-03-28T22:20:45.773+0000] {processor.py:161} INFO - Started process (PID=822) to work on /home/airflow/.local/lib/python3.8/site-packages/airflow/example_dags/example_params_trigger_ui.py
[2026-03-28T22:20:45.774+0000] {processor.py:830} INFO - Processing file /home/airflow/.local/lib/python3.8/site-packages/airflow/example_dags/example_params_trigger_ui.py for tasks to queue
[2026-03-28T22:20:45.777+0000] {logging_mixin.py:188} INFO - [2026-03-28T22:20:45.777+0000] {dagbag.py:538} INFO - Filling up the DagBag from /home/airflow/.local/lib/python3.8/site-packages/airflow/example_dags/example_params_trigger_ui.py
[2026-03-28T22:20:45.794+0000] {processor.py:840} INFO - DAG(s) 'example_params_trigger_ui' retrieved from /home/airflow/.local/lib/python3.8/site-packages/airflow/example_dags/example_params_trigger_ui.py
[2026-03-28T22:20:45.839+0000] {logging_mixin.py:188} INFO - [2026-03-28T22:20:45.839+0000] {dag.py:3036} INFO - Sync 1 DAGs
[2026-03-28T22:20:45.851+0000] {logging_mixin.py:188} INFO - [2026-03-28T22:20:45.850+0000] {dag.py:3823} INFO - Setting next_dagrun for example_params_trigger_ui to None, run_after=None
[2026-03-28T22:20:45.872+0000] {processor.py:183} INFO - Processing /home/airflow/.local/lib/python3.8/site-packages/airflow/example_dags/example_params_trigger_ui.py took 0.102 seconds
[2026-03-28T22:21:16.463+0000] {processor.py:161} INFO - Started process (PID=878) to work on /home/airflow/.local/lib/python3.8/site-packages/airflow/example_dags/example_params_trigger_ui.py
[2026-03-28T22:21:16.464+0000] {processor.py:830} INFO - Processing file /home/airflow/.local/lib/python3.8/site-packages/airflow/example_dags/example_params_trigger_ui.py for tasks to queue
[2026-03-28T22:21:16.466+0000] {logging_mixin.py:188} INFO - [2026-03-28T22:21:16.466+0000] {dagbag.py:538} INFO - Filling up the DagBag from /home/airflow/.local/lib/python3.8/site-packages/airflow/example_dags/example_params_trigger_ui.py
[2026-03-28T22:21:16.480+0000] {processor.py:840} INFO - DAG(s) 'example_params_trigger_ui' retrieved from /home/airflow/.local/lib/python3.8/site-packages/airflow/example_dags/example_params_trigger_ui.py
[2026-03-28T22:21:16.535+0000] {logging_mixin.py:188} INFO - [2026-03-28T22:21:16.534+0000] {dag.py:3036} INFO - Sync 1 DAGs
[2026-03-28T22:21:16.546+0000] {logging_mixin.py:188} INFO - [2026-03-28T22:21:16.546+0000] {dag.py:3823} INFO - Setting next_dagrun for example_params_trigger_ui to None, run_after=None
[2026-03-28T22:21:16.570+0000] {processor.py:183} INFO - Processing /home/airflow/.local/lib/python3.8/site-packages/airflow/example_dags/example_params_trigger_ui.py took 0.111 seconds
[2026-03-28T22:21:46.719+0000] {processor.py:161} INFO - Started process (PID=934) to work on /home/airflow/.local/lib/python3.8/site-packages/airflow/example_dags/example_params_trigger_ui.py
[2026-03-28T22:21:46.720+0000] {processor.py:830} INFO - Processing file /home/airflow/.local/lib/python3.8/site-packages/airflow/example_dags/example_params_trigger_ui.py for tasks to queue
[2026-03-28T22:21:46.722+0000] {logging_mixin.py:188} INFO - [2026-03-28T22:21:46.722+0000] {dagbag.py:538} INFO - Filling up the DagBag from /home/airflow/.local/lib/python3.8/site-packages/airflow/example_dags/example_params_trigger_ui.py
[2026-03-28T22:21:46.734+0000] {processor.py:840} INFO - DAG(s) 'example_params_trigger_ui' retrieved from /home/airflow/.local/lib/python3.8/site-packages/airflow/example_dags/example_params_trigger_ui.py
[2026-03-28T22:21:46.790+0000] {logging_mixin.py:188} INFO - [2026-03-28T22:21:46.790+0000] {dag.py:3036} INFO - Sync 1 DAGs
[2026-03-28T22:21:46.805+0000] {logging_mixin.py:188} INFO - [2026-03-28T22:21:46.805+0000] {dag.py:3823} INFO - Setting next_dagrun for example_params_trigger_ui to None, run_after=None
[2026-03-28T22:21:46.829+0000] {processor.py:183} INFO - Processing /home/airflow/.local/lib/python3.8/site-packages/airflow/example_dags/example_params_trigger_ui.py took 0.113 seconds
[2026-03-28T22:22:17.000+0000] {processor.py:161} INFO - Started process (PID=990) to work on /home/airflow/.local/lib/python3.8/site-packages/airflow/example_dags/example_params_trigger_ui.py
[2026-03-28T22:22:17.001+0000] {processor.py:830} INFO - Processing file /home/airflow/.local/lib/python3.8/site-packages/airflow/example_dags/example_params_trigger_ui.py for tasks to queue
[2026-03-28T22:22:17.004+0000] {logging_mixin.py:188} INFO - [2026-03-28T22:22:17.003+0000] {dagbag.py:538} INFO - Filling up the DagBag from /home/airflow/.local/lib/python3.8/site-packages/airflow/example_dags/example_params_trigger_ui.py
[2026-03-28T22:22:17.016+0000] {processor.py:840} INFO - DAG(s) 'example_params_trigger_ui' retrieved from /home/airflow/.local/lib/python3.8/site-packages/airflow/example_dags/example_params_trigger_ui.py
[2026-03-28T22:22:17.064+0000] {logging_mixin.py:188} INFO - [2026-03-28T22:22:17.064+0000] {dag.py:3036} INFO - Sync 1 DAGs
[2026-03-28T22:22:17.078+0000] {logging_mixin.py:188} INFO - [2026-03-28T22:22:17.078+0000] {dag.py:3823} INFO - Setting next_dagrun for example_params_trigger_ui to None, run_after=None
[2026-03-28T22:22:17.100+0000] {processor.py:183} INFO - Processing /home/airflow/.local/lib/python3.8/site-packages/airflow/example_dags/example_params_trigger_ui.py took 0.103 seconds
[2026-03-28T22:22:47.337+0000] {processor.py:161} INFO - Started process (PID=1046) to work on /home/airflow/.local/lib/python3.8/site-packages/airflow/example_dags/example_params_trigger_ui.py
[2026-03-28T22:22:47.338+0000] {processor.py:830} INFO - Processing file /home/airflow/.local/lib/python3.8/site-packages/airflow/example_dags/example_params_trigger_ui.py for tasks to queue
[2026-03-28T22:22:47.341+0000] {logging_mixin.py:188} INFO - [2026-03-28T22:22:47.340+0000] {dagbag.py:538} INFO - Filling up the DagBag from /home/airflow/.local/lib/python3.8/site-packages/airflow/example_dags/example_params_trigger_ui.py
[2026-03-28T22:22:47.356+0000] {processor.py:840} INFO - DAG(s) 'example_params_trigger_ui' retrieved from /home/airflow/.local/lib/python3.8/site-packages/airflow/example_dags/example_params_trigger_ui.py
[2026-03-28T22:22:47.405+0000] {logging_mixin.py:188} INFO - [2026-03-28T22:22:47.405+0000] {dag.py:3036} INFO - Sync 1 DAGs
[2026-03-28T22:22:47.416+0000] {logging_mixin.py:188} INFO - [2026-03-28T22:22:47.416+0000] {dag.py:3823} INFO - Setting next_dagrun for example_params_trigger_ui to None, run_after=None
[2026-03-28T22:22:47.438+0000] {processor.py:183} INFO - Processing /home/airflow/.local/lib/python3.8/site-packages/airflow/example_dags/example_params_trigger_ui.py took 0.105 seconds
[2026-03-28T22:23:17.591+0000] {processor.py:161} INFO - Started process (PID=1102) to work on /home/airflow/.local/lib/python3.8/site-packages/airflow/example_dags/example_params_trigger_ui.py
[2026-03-28T22:23:17.592+0000] {processor.py:830} INFO - Processing file /home/airflow/.local/lib/python3.8/site-packages/airflow/example_dags/example_params_trigger_ui.py for tasks to queue
[2026-03-28T22:23:17.594+0000] {logging_mixin.py:188} INFO - [2026-03-28T22:23:17.594+0000] {dagbag.py:538} INFO - Filling up the DagBag from /home/airflow/.local/lib/python3.8/site-packages/airflow/example_dags/example_params_trigger_ui.py
[2026-03-28T22:23:17.607+0000] {processor.py:840} INFO - DAG(s) 'example_params_trigger_ui' retrieved from /home/airflow/.local/lib/python3.8/site-packages/airflow/example_dags/example_params_trigger_ui.py
[2026-03-28T22:23:17.651+0000] {logging_mixin.py:188} INFO - [2026-03-28T22:23:17.651+0000] {dag.py:3036} INFO - Sync 1 DAGs
[2026-03-28T22:23:17.662+0000] {logging_mixin.py:188} INFO - [2026-03-28T22:23:17.662+0000] {dag.py:3823} INFO - Setting next_dagrun for example_params_trigger_ui to None, run_after=None
[2026-03-28T22:23:17.685+0000] {processor.py:183} INFO - Processing /home/airflow/.local/lib/python3.8/site-packages/airflow/example_dags/example_params_trigger_ui.py took 0.098 seconds
[2026-03-28T22:23:47.913+0000] {processor.py:161} INFO - Started process (PID=1158) to work on /home/airflow/.local/lib/python3.8/site-packages/airflow/example_dags/example_params_trigger_ui.py
[2026-03-28T22:23:47.915+0000] {processor.py:830} INFO - Processing file /home/airflow/.local/lib/python3.8/site-packages/airflow/example_dags/example_params_trigger_ui.py for tasks to queue
[2026-03-28T22:23:47.917+0000] {logging_mixin.py:188} INFO - [2026-03-28T22:23:47.917+0000] {dagbag.py:538} INFO - Filling up the DagBag from /home/airflow/.local/lib/python3.8/site-packages/airflow/example_dags/example_params_trigger_ui.py
[2026-03-28T22:23:47.933+0000] {processor.py:840} INFO - DAG(s) 'example_params_trigger_ui' retrieved from /home/airflow/.local/lib/python3.8/site-packages/airflow/example_dags/example_params_trigger_ui.py
[2026-03-28T22:23:47.985+0000] {logging_mixin.py:188} INFO - [2026-03-28T22:23:47.984+0000] {dag.py:3036} INFO - Sync 1 DAGs
[2026-03-28T22:23:48.001+0000] {logging_mixin.py:188} INFO - [2026-03-28T22:23:48.000+0000] {dag.py:3823} INFO - Setting next_dagrun for example_params_trigger_ui to None, run_after=None
[2026-03-28T22:23:48.027+0000] {processor.py:183} INFO - Processing /home/airflow/.local/lib/python3.8/site-packages/airflow/example_dags/example_params_trigger_ui.py took 0.118 seconds
[2026-03-28T22:24:18.277+0000] {processor.py:161} INFO - Started process (PID=1214) to work on /home/airflow/.local/lib/python3.8/site-packages/airflow/example_dags/example_params_trigger_ui.py
[2026-03-28T22:24:18.279+0000] {processor.py:830} INFO - Processing file /home/airflow/.local/lib/python3.8/site-packages/airflow/example_dags/example_params_trigger_ui.py for tasks to queue
[2026-03-28T22:24:18.281+0000] {logging_mixin.py:188} INFO - [2026-03-28T22:24:18.281+0000] {dagbag.py:538} INFO - Filling up the DagBag from /home/airflow/.local/lib/python3.8/site-packages/airflow/example_dags/example_params_trigger_ui.py
[2026-03-28T22:24:18.294+0000] {processor.py:840} INFO - DAG(s) 'example_params_trigger_ui' retrieved from /home/airflow/.local/lib/python3.8/site-packages/airflow/example_dags/example_params_trigger_ui.py
[2026-03-28T22:24:18.340+0000] {logging_mixin.py:188} INFO - [2026-03-28T22:24:18.339+0000] {dag.py:3036} INFO - Sync 1 DAGs
[2026-03-28T22:24:18.353+0000] {logging_mixin.py:188} INFO - [2026-03-28T22:24:18.353+0000] {dag.py:3823} INFO - Setting next_dagrun for example_params_trigger_ui to None, run_after=None
[2026-03-28T22:24:18.378+0000] {processor.py:183} INFO - Processing /home/airflow/.local/lib/python3.8/site-packages/airflow/example_dags/example_params_trigger_ui.py took 0.104 seconds
[2026-03-28T22:24:48.466+0000] {processor.py:161} INFO - Started process (PID=1270) to work on /home/airflow/.local/lib/python3.8/site-packages/airflow/example_dags/example_params_trigger_ui.py
[2026-03-28T22:24:48.467+0000] {processor.py:830} INFO - Processing file /home/airflow/.local/lib/python3.8/site-packages/airflow/example_dags/example_params_trigger_ui.py for tasks to queue
[2026-03-28T22:24:48.469+0000] {logging_mixin.py:188} INFO - [2026-03-28T22:24:48.469+0000] {dagbag.py:538} INFO - Filling up the DagBag from /home/airflow/.local/lib/python3.8/site-packages/airflow/example_dags/example_params_trigger_ui.py
[2026-03-28T22:24:48.484+0000] {processor.py:840} INFO - DAG(s) 'example_params_trigger_ui' retrieved from /home/airflow/.local/lib/python3.8/site-packages/airflow/example_dags/example_params_trigger_ui.py
[2026-03-28T22:24:48.533+0000] {logging_mixin.py:188} INFO - [2026-03-28T22:24:48.532+0000] {dag.py:3036} INFO - Sync 1 DAGs
[2026-03-28T22:24:48.545+0000] {logging_mixin.py:188} INFO - [2026-03-28T22:24:48.544+0000] {dag.py:3823} INFO - Setting next_dagrun for example_params_trigger_ui to None, run_after=None
[2026-03-28T22:24:48.570+0000] {processor.py:183} INFO - Processing /home/airflow/.local/lib/python3.8/site-packages/airflow/example_dags/example_params_trigger_ui.py took 0.108 seconds
[2026-03-28T22:25:18.810+0000] {processor.py:161} INFO - Started process (PID=1326) to work on /home/airflow/.local/lib/python3.8/site-packages/airflow/example_dags/example_params_trigger_ui.py
[2026-03-28T22:25:18.811+0000] {processor.py:830} INFO - Processing file /home/airflow/.local/lib/python3.8/site-packages/airflow/example_dags/example_params_trigger_ui.py for tasks to queue
[2026-03-28T22:25:18.813+0000] {logging_mixin.py:188} INFO - [2026-03-28T22:25:18.813+0000] {dagbag.py:538} INFO - Filling up the DagBag from /home/airflow/.local/lib/python3.8/site-packages/airflow/example_dags/example_params_trigger_ui.py
[2026-03-28T22:25:18.826+0000] {processor.py:840} INFO - DAG(s) 'example_params_trigger_ui' retrieved from /home/airflow/.local/lib/python3.8/site-packages/airflow/example_dags/example_params_trigger_ui.py
[2026-03-28T22:25:18.867+0000] {logging_mixin.py:188} INFO - [2026-03-28T22:25:18.867+0000] {dag.py:3036} INFO - Sync 1 DAGs
[2026-03-28T22:25:18.878+0000] {logging_mixin.py:188} INFO - [2026-03-28T22:25:18.877+0000] {dag.py:3823} INFO - Setting next_dagrun for example_params_trigger_ui to None, run_after=None
[2026-03-28T22:25:18.900+0000] {processor.py:183} INFO - Processing /home/airflow/.local/lib/python3.8/site-packages/airflow/example_dags/example_params_trigger_ui.py took 0.093 seconds
[2026-03-28T22:25:49.190+0000] {processor.py:161} INFO - Started process (PID=1382) to work on /home/airflow/.local/lib/python3.8/site-packages/airflow/example_dags/example_params_trigger_ui.py
[2026-03-28T22:25:49.191+0000] {processor.py:830} INFO - Processing file /home/airflow/.local/lib/python3.8/site-packages/airflow/example_dags/example_params_trigger_ui.py for tasks to queue
[2026-03-28T22:25:49.193+0000] {logging_mixin.py:188} INFO - [2026-03-28T22:25:49.193+0000] {dagbag.py:538} INFO - Filling up the DagBag from /home/airflow/.local/lib/python3.8/site-packages/airflow/example_dags/example_params_trigger_ui.py
[2026-03-28T22:25:49.205+0000] {processor.py:840} INFO - DAG(s) 'example_params_trigger_ui' retrieved from /home/airflow/.local/lib/python3.8/site-packages/airflow/example_dags/example_params_trigger_ui.py
[2026-03-28T22:25:49.247+0000] {logging_mixin.py:188} INFO - [2026-03-28T22:25:49.247+0000] {dag.py:3036} INFO - Sync 1 DAGs
[2026-03-28T22:25:49.259+0000] {logging_mixin.py:188} INFO - [2026-03-28T22:25:49.259+0000] {dag.py:3823} INFO - Setting next_dagrun for example_params_trigger_ui to None, run_after=None
[2026-03-28T22:25:49.279+0000] {processor.py:183} INFO - Processing /home/airflow/.local/lib/python3.8/site-packages/airflow/example_dags/example_params_trigger_ui.py took 0.092 seconds
[2026-03-28T22:26:19.423+0000] {processor.py:161} INFO - Started process (PID=1439) to work on /home/airflow/.local/lib/python3.8/site-packages/airflow/example_dags/example_params_trigger_ui.py
[2026-03-28T22:26:19.424+0000] {processor.py:830} INFO - Processing file /home/airflow/.local/lib/python3.8/site-packages/airflow/example_dags/example_params_trigger_ui.py for tasks to queue
[2026-03-28T22:26:19.427+0000] {logging_mixin.py:188} INFO - [2026-03-28T22:26:19.426+0000] {dagbag.py:538} INFO - Filling up the DagBag from /home/airflow/.local/lib/python3.8/site-packages/airflow/example_dags/example_params_trigger_ui.py
[2026-03-28T22:26:19.441+0000] {processor.py:840} INFO - DAG(s) 'example_params_trigger_ui' retrieved from /home/airflow/.local/lib/python3.8/site-packages/airflow/example_dags/example_params_trigger_ui.py
[2026-03-28T22:26:19.482+0000] {logging_mixin.py:188} INFO - [2026-03-28T22:26:19.482+0000] {dag.py:3036} INFO - Sync 1 DAGs
[2026-03-28T22:26:19.496+0000] {logging_mixin.py:188} INFO - [2026-03-28T22:26:19.495+0000] {dag.py:3823} INFO - Setting next_dagrun for example_params_trigger_ui to None, run_after=None
[2026-03-28T22:26:19.520+0000] {processor.py:183} INFO - Processing /home/airflow/.local/lib/python3.8/site-packages/airflow/example_dags/example_params_trigger_ui.py took 0.101 seconds
[2026-03-28T22:26:49.858+0000] {processor.py:161} INFO - Started process (PID=1495) to work on /home/airflow/.local/lib/python3.8/site-packages/airflow/example_dags/example_params_trigger_ui.py
[2026-03-28T22:26:49.859+0000] {processor.py:830} INFO - Processing file /home/airflow/.local/lib/python3.8/site-packages/airflow/example_dags/example_params_trigger_ui.py for tasks to queue
[2026-03-28T22:26:49.861+0000] {logging_mixin.py:188} INFO - [2026-03-28T22:26:49.861+0000] {dagbag.py:538} INFO - Filling up the DagBag from /home/airflow/.local/lib/python3.8/site-packages/airflow/example_dags/example_params_trigger_ui.py
[2026-03-28T22:26:49.875+0000] {processor.py:840} INFO - DAG(s) 'example_params_trigger_ui' retrieved from /home/airflow/.local/lib/python3.8/site-packages/airflow/example_dags/example_params_trigger_ui.py
[2026-03-28T22:26:49.916+0000] {logging_mixin.py:188} INFO - [2026-03-28T22:26:49.916+0000] {dag.py:3036} INFO - Sync 1 DAGs
[2026-03-28T22:26:49.926+0000] {logging_mixin.py:188} INFO - [2026-03-28T22:26:49.926+0000] {dag.py:3823} INFO - Setting next_dagrun for example_params_trigger_ui to None, run_after=None
[2026-03-28T22:26:49.969+0000] {processor.py:183} INFO - Processing /home/airflow/.local/lib/python3.8/site-packages/airflow/example_dags/example_params_trigger_ui.py took 0.114 seconds
[2026-03-28T22:27:20.486+0000] {processor.py:161} INFO - Started process (PID=1551) to work on /home/airflow/.local/lib/python3.8/site-packages/airflow/example_dags/example_params_trigger_ui.py
[2026-03-28T22:27:20.488+0000] {processor.py:830} INFO - Processing file /home/airflow/.local/lib/python3.8/site-packages/airflow/example_dags/example_params_trigger_ui.py for tasks to queue
[2026-03-28T22:27:20.489+0000] {logging_mixin.py:188} INFO - [2026-03-28T22:27:20.489+0000] {dagbag.py:538} INFO - Filling up the DagBag from /home/airflow/.local/lib/python3.8/site-packages/airflow/example_dags/example_params_trigger_ui.py
[2026-03-28T22:27:20.503+0000] {processor.py:840} INFO - DAG(s) 'example_params_trigger_ui' retrieved from /home/airflow/.local/lib/python3.8/site-packages/airflow/example_dags/example_params_trigger_ui.py
[2026-03-28T22:27:20.550+0000] {logging_mixin.py:188} INFO - [2026-03-28T22:27:20.550+0000] {dag.py:3036} INFO - Sync 1 DAGs
[2026-03-28T22:27:20.561+0000] {logging_mixin.py:188} INFO - [2026-03-28T22:27:20.560+0000] {dag.py:3823} INFO - Setting next_dagrun for example_params_trigger_ui to None, run_after=None
[2026-03-28T22:27:20.583+0000] {processor.py:183} INFO - Processing /home/airflow/.local/lib/python3.8/site-packages/airflow/example_dags/example_params_trigger_ui.py took 0.100 seconds
[2026-03-28T22:27:50.967+0000] {processor.py:161} INFO - Started process (PID=1607) to work on /home/airflow/.local/lib/python3.8/site-packages/airflow/example_dags/example_params_trigger_ui.py
[2026-03-28T22:27:50.969+0000] {processor.py:830} INFO - Processing file /home/airflow/.local/lib/python3.8/site-packages/airflow/example_dags/example_params_trigger_ui.py for tasks to queue
[2026-03-28T22:27:50.971+0000] {logging_mixin.py:188} INFO - [2026-03-28T22:27:50.971+0000] {dagbag.py:538} INFO - Filling up the DagBag from /home/airflow/.local/lib/python3.8/site-packages/airflow/example_dags/example_params_trigger_ui.py
[2026-03-28T22:27:50.986+0000] {processor.py:840} INFO - DAG(s) 'example_params_trigger_ui' retrieved from /home/airflow/.local/lib/python3.8/site-packages/airflow/example_dags/example_params_trigger_ui.py
[2026-03-28T22:27:51.038+0000] {logging_mixin.py:188} INFO - [2026-03-28T22:27:51.038+0000] {dag.py:3036} INFO - Sync 1 DAGs
[2026-03-28T22:27:51.051+0000] {logging_mixin.py:188} INFO - [2026-03-28T22:27:51.051+0000] {dag.py:3823} INFO - Setting next_dagrun for example_params_trigger_ui to None, run_after=None
[2026-03-28T22:27:51.074+0000] {processor.py:183} INFO - Processing /home/airflow/.local/lib/python3.8/site-packages/airflow/example_dags/example_params_trigger_ui.py took 0.110 seconds
[2026-03-28T22:28:21.215+0000] {processor.py:161} INFO - Started process (PID=1663) to work on /home/airflow/.local/lib/python3.8/site-packages/airflow/example_dags/example_params_trigger_ui.py
[2026-03-28T22:28:21.217+0000] {processor.py:830} INFO - Processing file /home/airflow/.local/lib/python3.8/site-packages/airflow/example_dags/example_params_trigger_ui.py for tasks to queue
[2026-03-28T22:28:21.219+0000] {logging_mixin.py:188} INFO - [2026-03-28T22:28:21.218+0000] {dagbag.py:538} INFO - Filling up the DagBag from /home/airflow/.local/lib/python3.8/site-packages/airflow/example_dags/example_params_trigger_ui.py
[2026-03-28T22:28:21.232+0000] {processor.py:840} INFO - DAG(s) 'example_params_trigger_ui' retrieved from /home/airflow/.local/lib/python3.8/site-packages/airflow/example_dags/example_params_trigger_ui.py
[2026-03-28T22:28:21.280+0000] {logging_mixin.py:188} INFO - [2026-03-28T22:28:21.279+0000] {dag.py:3036} INFO - Sync 1 DAGs
[2026-03-28T22:28:21.290+0000] {logging_mixin.py:188} INFO - [2026-03-28T22:28:21.290+0000] {dag.py:3823} INFO - Setting next_dagrun for example_params_trigger_ui to None, run_after=None
[2026-03-28T22:28:21.311+0000] {processor.py:183} INFO - Processing /home/airflow/.local/lib/python3.8/site-packages/airflow/example_dags/example_params_trigger_ui.py took 0.099 seconds
[2026-03-28T22:28:52.447+0000] {processor.py:161} INFO - Started process (PID=1719) to work on /home/airflow/.local/lib/python3.8/site-packages/airflow/example_dags/example_params_trigger_ui.py
[2026-03-28T22:28:52.448+0000] {processor.py:830} INFO - Processing file /home/airflow/.local/lib/python3.8/site-packages/airflow/example_dags/example_params_trigger_ui.py for tasks to queue
[2026-03-28T22:28:52.451+0000] {logging_mixin.py:188} INFO - [2026-03-28T22:28:52.450+0000] {dagbag.py:538} INFO - Filling up the DagBag from /home/airflow/.local/lib/python3.8/site-packages/airflow/example_dags/example_params_trigger_ui.py
[2026-03-28T22:28:52.469+0000] {processor.py:840} INFO - DAG(s) 'example_params_trigger_ui' retrieved from /home/airflow/.local/lib/python3.8/site-packages/airflow/example_dags/example_params_trigger_ui.py
[2026-03-28T22:28:52.531+0000] {logging_mixin.py:188} INFO - [2026-03-28T22:28:52.531+0000] {dag.py:3036} INFO - Sync 1 DAGs
[2026-03-28T22:28:52.545+0000] {logging_mixin.py:188} INFO - [2026-03-28T22:28:52.545+0000] {dag.py:3823} INFO - Setting next_dagrun for example_params_trigger_ui to None, run_after=None
[2026-03-28T22:28:52.574+0000] {processor.py:183} INFO - Processing /home/airflow/.local/lib/python3.8/site-packages/airflow/example_dags/example_params_trigger_ui.py took 0.133 seconds
[2026-03-28T22:29:23.085+0000] {processor.py:161} INFO - Started process (PID=1775) to work on /home/airflow/.local/lib/python3.8/site-packages/airflow/example_dags/example_params_trigger_ui.py
[2026-03-28T22:29:23.086+0000] {processor.py:830} INFO - Processing file /home/airflow/.local/lib/python3.8/site-packages/airflow/example_dags/example_params_trigger_ui.py for tasks to queue
[2026-03-28T22:29:23.090+0000] {logging_mixin.py:188} INFO - [2026-03-28T22:29:23.089+0000] {dagbag.py:538} INFO - Filling up the DagBag from /home/airflow/.local/lib/python3.8/site-packages/airflow/example_dags/example_params_trigger_ui.py
[2026-03-28T22:29:23.108+0000] {processor.py:840} INFO - DAG(s) 'example_params_trigger_ui' retrieved from /home/airflow/.local/lib/python3.8/site-packages/airflow/example_dags/example_params_trigger_ui.py
[2026-03-28T22:29:23.177+0000] {logging_mixin.py:188} INFO - [2026-03-28T22:29:23.177+0000] {dag.py:3036} INFO - Sync 1 DAGs
[2026-03-28T22:29:23.195+0000] {logging_mixin.py:188} INFO - [2026-03-28T22:29:23.194+0000] {dag.py:3823} INFO - Setting next_dagrun for example_params_trigger_ui to None, run_after=None
[2026-03-28T22:29:23.222+0000] {processor.py:183} INFO - Processing /home/airflow/.local/lib/python3.8/site-packages/airflow/example_dags/example_params_trigger_ui.py took 0.143 seconds
[2026-03-28T22:29:53.320+0000] {processor.py:161} INFO - Started process (PID=1831) to work on /home/airflow/.local/lib/python3.8/site-packages/airflow/example_dags/example_params_trigger_ui.py
[2026-03-28T22:29:53.322+0000] {processor.py:830} INFO - Processing file /home/airflow/.local/lib/python3.8/site-packages/airflow/example_dags/example_params_trigger_ui.py for tasks to queue
[2026-03-28T22:29:53.324+0000] {logging_mixin.py:188} INFO - [2026-03-28T22:29:53.323+0000] {dagbag.py:538} INFO - Filling up the DagBag from /home/airflow/.local/lib/python3.8/site-packages/airflow/example_dags/example_params_trigger_ui.py
[2026-03-28T22:29:53.338+0000] {processor.py:840} INFO - DAG(s) 'example_params_trigger_ui' retrieved from /home/airflow/.local/lib/python3.8/site-packages/airflow/example_dags/example_params_trigger_ui.py
[2026-03-28T22:29:53.382+0000] {logging_mixin.py:188} INFO - [2026-03-28T22:29:53.382+0000] {dag.py:3036} INFO - Sync 1 DAGs
[2026-03-28T22:29:53.393+0000] {logging_mixin.py:188} INFO - [2026-03-28T22:29:53.393+0000] {dag.py:3823} INFO - Setting next_dagrun for example_params_trigger_ui to None, run_after=None
[2026-03-28T22:29:53.417+0000] {processor.py:183} INFO - Processing /home/airflow/.local/lib/python3.8/site-packages/airflow/example_dags/example_params_trigger_ui.py took 0.100 seconds
[2026-03-28T22:30:24.001+0000] {processor.py:161} INFO - Started process (PID=1887) to work on /home/airflow/.local/lib/python3.8/site-packages/airflow/example_dags/example_params_trigger_ui.py
[2026-03-28T22:30:24.003+0000] {processor.py:830} INFO - Processing file /home/airflow/.local/lib/python3.8/site-packages/airflow/example_dags/example_params_trigger_ui.py for tasks to queue
[2026-03-28T22:30:24.005+0000] {logging_mixin.py:188} INFO - [2026-03-28T22:30:24.005+0000] {dagbag.py:538} INFO - Filling up the DagBag from /home/airflow/.local/lib/python3.8/site-packages/airflow/example_dags/example_params_trigger_ui.py
[2026-03-28T22:30:24.022+0000] {processor.py:840} INFO - DAG(s) 'example_params_trigger_ui' retrieved from /home/airflow/.local/lib/python3.8/site-packages/airflow/example_dags/example_params_trigger_ui.py
[2026-03-28T22:30:24.081+0000] {logging_mixin.py:188} INFO - [2026-03-28T22:30:24.081+0000] {dag.py:3036} INFO - Sync 1 DAGs
[2026-03-28T22:30:24.096+0000] {logging_mixin.py:188} INFO - [2026-03-28T22:30:24.095+0000] {dag.py:3823} INFO - Setting next_dagrun for example_params_trigger_ui to None, run_after=None
[2026-03-28T22:30:24.367+0000] {processor.py:183} INFO - Processing /home/airflow/.local/lib/python3.8/site-packages/airflow/example_dags/example_params_trigger_ui.py took 0.370 seconds
[2026-03-28T22:30:54.631+0000] {processor.py:161} INFO - Started process (PID=1944) to work on /home/airflow/.local/lib/python3.8/site-packages/airflow/example_dags/example_params_trigger_ui.py
[2026-03-28T22:30:54.633+0000] {processor.py:830} INFO - Processing file /home/airflow/.local/lib/python3.8/site-packages/airflow/example_dags/example_params_trigger_ui.py for tasks to queue
[2026-03-28T22:30:54.635+0000] {logging_mixin.py:188} INFO - [2026-03-28T22:30:54.635+0000] {dagbag.py:538} INFO - Filling up the DagBag from /home/airflow/.local/lib/python3.8/site-packages/airflow/example_dags/example_params_trigger_ui.py
[2026-03-28T22:30:54.649+0000] {processor.py:840} INFO - DAG(s) 'example_params_trigger_ui' retrieved from /home/airflow/.local/lib/python3.8/site-packages/airflow/example_dags/example_params_trigger_ui.py
[2026-03-28T22:30:54.699+0000] {logging_mixin.py:188} INFO - [2026-03-28T22:30:54.699+0000] {dag.py:3036} INFO - Sync 1 DAGs
[2026-03-28T22:30:54.711+0000] {logging_mixin.py:188} INFO - [2026-03-28T22:30:54.711+0000] {dag.py:3823} INFO - Setting next_dagrun for example_params_trigger_ui to None, run_after=None
[2026-03-28T22:30:54.735+0000] {processor.py:183} INFO - Processing /home/airflow/.local/lib/python3.8/site-packages/airflow/example_dags/example_params_trigger_ui.py took 0.108 seconds
[2026-03-28T22:31:39.197+0000] {processor.py:161} INFO - Started process (PID=95) to work on /home/airflow/.local/lib/python3.8/site-packages/airflow/example_dags/example_params_trigger_ui.py
[2026-03-28T22:31:39.199+0000] {processor.py:830} INFO - Processing file /home/airflow/.local/lib/python3.8/site-packages/airflow/example_dags/example_params_trigger_ui.py for tasks to queue
[2026-03-28T22:31:39.202+0000] {logging_mixin.py:188} INFO - [2026-03-28T22:31:39.201+0000] {dagbag.py:538} INFO - Filling up the DagBag from /home/airflow/.local/lib/python3.8/site-packages/airflow/example_dags/example_params_trigger_ui.py
[2026-03-28T22:31:39.225+0000] {processor.py:840} INFO - DAG(s) 'example_params_trigger_ui' retrieved from /home/airflow/.local/lib/python3.8/site-packages/airflow/example_dags/example_params_trigger_ui.py
[2026-03-28T22:31:39.242+0000] {logging_mixin.py:188} INFO - [2026-03-28T22:31:39.242+0000] {dag.py:3036} INFO - Sync 1 DAGs
[2026-03-28T22:31:39.259+0000] {logging_mixin.py:188} INFO - [2026-03-28T22:31:39.258+0000] {dag.py:3823} INFO - Setting next_dagrun for example_params_trigger_ui to None, run_after=None
[2026-03-28T22:31:39.285+0000] {processor.py:183} INFO - Processing /home/airflow/.local/lib/python3.8/site-packages/airflow/example_dags/example_params_trigger_ui.py took 0.093 seconds
[2026-03-28T22:32:14.482+0000] {processor.py:161} INFO - Started process (PID=96) to work on /home/airflow/.local/lib/python3.8/site-packages/airflow/example_dags/example_params_trigger_ui.py
[2026-03-28T22:32:14.484+0000] {processor.py:830} INFO - Processing file /home/airflow/.local/lib/python3.8/site-packages/airflow/example_dags/example_params_trigger_ui.py for tasks to queue
[2026-03-28T22:32:14.488+0000] {logging_mixin.py:188} INFO - [2026-03-28T22:32:14.487+0000] {dagbag.py:538} INFO - Filling up the DagBag from /home/airflow/.local/lib/python3.8/site-packages/airflow/example_dags/example_params_trigger_ui.py
[2026-03-28T22:32:14.519+0000] {processor.py:840} INFO - DAG(s) 'example_params_trigger_ui' retrieved from /home/airflow/.local/lib/python3.8/site-packages/airflow/example_dags/example_params_trigger_ui.py
[2026-03-28T22:32:14.543+0000] {logging_mixin.py:188} INFO - [2026-03-28T22:32:14.543+0000] {dag.py:3036} INFO - Sync 1 DAGs
[2026-03-28T22:32:14.567+0000] {logging_mixin.py:188} INFO - [2026-03-28T22:32:14.566+0000] {dag.py:3823} INFO - Setting next_dagrun for example_params_trigger_ui to None, run_after=None
[2026-03-28T22:32:14.594+0000] {processor.py:183} INFO - Processing /home/airflow/.local/lib/python3.8/site-packages/airflow/example_dags/example_params_trigger_ui.py took 0.119 seconds
[2026-03-28T22:32:46.701+0000] {processor.py:161} INFO - Started process (PID=152) to work on /home/airflow/.local/lib/python3.8/site-packages/airflow/example_dags/example_params_trigger_ui.py
[2026-03-28T22:32:46.703+0000] {processor.py:830} INFO - Processing file /home/airflow/.local/lib/python3.8/site-packages/airflow/example_dags/example_params_trigger_ui.py for tasks to queue
[2026-03-28T22:32:46.705+0000] {logging_mixin.py:188} INFO - [2026-03-28T22:32:46.705+0000] {dagbag.py:538} INFO - Filling up the DagBag from /home/airflow/.local/lib/python3.8/site-packages/airflow/example_dags/example_params_trigger_ui.py
[2026-03-28T22:32:46.721+0000] {processor.py:840} INFO - DAG(s) 'example_params_trigger_ui' retrieved from /home/airflow/.local/lib/python3.8/site-packages/airflow/example_dags/example_params_trigger_ui.py
[2026-03-28T22:32:46.857+0000] {logging_mixin.py:188} INFO - [2026-03-28T22:32:46.857+0000] {dag.py:3036} INFO - Sync 1 DAGs
[2026-03-28T22:32:46.869+0000] {logging_mixin.py:188} INFO - [2026-03-28T22:32:46.869+0000] {dag.py:3823} INFO - Setting next_dagrun for example_params_trigger_ui to None, run_after=None
[2026-03-28T22:32:46.896+0000] {processor.py:183} INFO - Processing /home/airflow/.local/lib/python3.8/site-packages/airflow/example_dags/example_params_trigger_ui.py took 0.200 seconds
[2026-03-28T22:34:05.658+0000] {processor.py:161} INFO - Started process (PID=107) to work on /home/airflow/.local/lib/python3.8/site-packages/airflow/example_dags/example_params_trigger_ui.py
[2026-03-28T22:34:05.661+0000] {processor.py:830} INFO - Processing file /home/airflow/.local/lib/python3.8/site-packages/airflow/example_dags/example_params_trigger_ui.py for tasks to queue
[2026-03-28T22:34:05.666+0000] {logging_mixin.py:188} INFO - [2026-03-28T22:34:05.665+0000] {dagbag.py:538} INFO - Filling up the DagBag from /home/airflow/.local/lib/python3.8/site-packages/airflow/example_dags/example_params_trigger_ui.py
[2026-03-28T22:34:05.703+0000] {processor.py:840} INFO - DAG(s) 'example_params_trigger_ui' retrieved from /home/airflow/.local/lib/python3.8/site-packages/airflow/example_dags/example_params_trigger_ui.py
[2026-03-28T22:34:05.931+0000] {logging_mixin.py:188} INFO - [2026-03-28T22:34:05.930+0000] {dag.py:3036} INFO - Sync 1 DAGs
[2026-03-28T22:34:05.950+0000] {logging_mixin.py:188} INFO - [2026-03-28T22:34:05.950+0000] {dag.py:3823} INFO - Setting next_dagrun for example_params_trigger_ui to None, run_after=None
[2026-03-28T22:34:06.001+0000] {processor.py:183} INFO - Processing /home/airflow/.local/lib/python3.8/site-packages/airflow/example_dags/example_params_trigger_ui.py took 0.351 seconds
[2026-03-28T22:34:36.810+0000] {processor.py:161} INFO - Started process (PID=163) to work on /home/airflow/.local/lib/python3.8/site-packages/airflow/example_dags/example_params_trigger_ui.py
[2026-03-28T22:34:36.812+0000] {processor.py:830} INFO - Processing file /home/airflow/.local/lib/python3.8/site-packages/airflow/example_dags/example_params_trigger_ui.py for tasks to queue
[2026-03-28T22:34:36.815+0000] {logging_mixin.py:188} INFO - [2026-03-28T22:34:36.815+0000] {dagbag.py:538} INFO - Filling up the DagBag from /home/airflow/.local/lib/python3.8/site-packages/airflow/example_dags/example_params_trigger_ui.py
[2026-03-28T22:34:36.834+0000] {processor.py:840} INFO - DAG(s) 'example_params_trigger_ui' retrieved from /home/airflow/.local/lib/python3.8/site-packages/airflow/example_dags/example_params_trigger_ui.py
[2026-03-28T22:34:36.933+0000] {logging_mixin.py:188} INFO - [2026-03-28T22:34:36.933+0000] {dag.py:3036} INFO - Sync 1 DAGs
[2026-03-28T22:34:36.966+0000] {logging_mixin.py:188} INFO - [2026-03-28T22:34:36.966+0000] {dag.py:3823} INFO - Setting next_dagrun for example_params_trigger_ui to None, run_after=None
[2026-03-28T22:34:37.007+0000] {processor.py:183} INFO - Processing /home/airflow/.local/lib/python3.8/site-packages/airflow/example_dags/example_params_trigger_ui.py took 0.200 seconds
[2026-03-28T22:35:07.337+0000] {processor.py:161} INFO - Started process (PID=219) to work on /home/airflow/.local/lib/python3.8/site-packages/airflow/example_dags/example_params_trigger_ui.py
[2026-03-28T22:35:07.338+0000] {processor.py:830} INFO - Processing file /home/airflow/.local/lib/python3.8/site-packages/airflow/example_dags/example_params_trigger_ui.py for tasks to queue
[2026-03-28T22:35:07.340+0000] {logging_mixin.py:188} INFO - [2026-03-28T22:35:07.340+0000] {dagbag.py:538} INFO - Filling up the DagBag from /home/airflow/.local/lib/python3.8/site-packages/airflow/example_dags/example_params_trigger_ui.py
[2026-03-28T22:35:07.354+0000] {processor.py:840} INFO - DAG(s) 'example_params_trigger_ui' retrieved from /home/airflow/.local/lib/python3.8/site-packages/airflow/example_dags/example_params_trigger_ui.py
[2026-03-28T22:35:07.405+0000] {logging_mixin.py:188} INFO - [2026-03-28T22:35:07.404+0000] {dag.py:3036} INFO - Sync 1 DAGs
[2026-03-28T22:35:07.418+0000] {logging_mixin.py:188} INFO - [2026-03-28T22:35:07.418+0000] {dag.py:3823} INFO - Setting next_dagrun for example_params_trigger_ui to None, run_after=None
[2026-03-28T22:35:07.445+0000] {processor.py:183} INFO - Processing /home/airflow/.local/lib/python3.8/site-packages/airflow/example_dags/example_params_trigger_ui.py took 0.111 seconds
[2026-03-28T22:35:37.545+0000] {processor.py:161} INFO - Started process (PID=275) to work on /home/airflow/.local/lib/python3.8/site-packages/airflow/example_dags/example_params_trigger_ui.py
[2026-03-28T22:35:37.547+0000] {processor.py:830} INFO - Processing file /home/airflow/.local/lib/python3.8/site-packages/airflow/example_dags/example_params_trigger_ui.py for tasks to queue
[2026-03-28T22:35:37.549+0000] {logging_mixin.py:188} INFO - [2026-03-28T22:35:37.549+0000] {dagbag.py:538} INFO - Filling up the DagBag from /home/airflow/.local/lib/python3.8/site-packages/airflow/example_dags/example_params_trigger_ui.py
[2026-03-28T22:35:37.563+0000] {processor.py:840} INFO - DAG(s) 'example_params_trigger_ui' retrieved from /home/airflow/.local/lib/python3.8/site-packages/airflow/example_dags/example_params_trigger_ui.py
[2026-03-28T22:35:37.620+0000] {logging_mixin.py:188} INFO - [2026-03-28T22:35:37.620+0000] {dag.py:3036} INFO - Sync 1 DAGs
[2026-03-28T22:35:37.635+0000] {logging_mixin.py:188} INFO - [2026-03-28T22:35:37.635+0000] {dag.py:3823} INFO - Setting next_dagrun for example_params_trigger_ui to None, run_after=None
[2026-03-28T22:35:37.662+0000] {processor.py:183} INFO - Processing /home/airflow/.local/lib/python3.8/site-packages/airflow/example_dags/example_params_trigger_ui.py took 0.120 seconds
[2026-03-28T22:36:07.761+0000] {processor.py:161} INFO - Started process (PID=331) to work on /home/airflow/.local/lib/python3.8/site-packages/airflow/example_dags/example_params_trigger_ui.py
[2026-03-28T22:36:07.762+0000] {processor.py:830} INFO - Processing file /home/airflow/.local/lib/python3.8/site-packages/airflow/example_dags/example_params_trigger_ui.py for tasks to queue
[2026-03-28T22:36:07.764+0000] {logging_mixin.py:188} INFO - [2026-03-28T22:36:07.764+0000] {dagbag.py:538} INFO - Filling up the DagBag from /home/airflow/.local/lib/python3.8/site-packages/airflow/example_dags/example_params_trigger_ui.py
[2026-03-28T22:36:07.779+0000] {processor.py:840} INFO - DAG(s) 'example_params_trigger_ui' retrieved from /home/airflow/.local/lib/python3.8/site-packages/airflow/example_dags/example_params_trigger_ui.py
[2026-03-28T22:36:07.825+0000] {logging_mixin.py:188} INFO - [2026-03-28T22:36:07.825+0000] {dag.py:3036} INFO - Sync 1 DAGs
[2026-03-28T22:36:07.837+0000] {logging_mixin.py:188} INFO - [2026-03-28T22:36:07.837+0000] {dag.py:3823} INFO - Setting next_dagrun for example_params_trigger_ui to None, run_after=None
[2026-03-28T22:36:07.863+0000] {processor.py:183} INFO - Processing /home/airflow/.local/lib/python3.8/site-packages/airflow/example_dags/example_params_trigger_ui.py took 0.106 seconds
[2026-03-28T22:36:38.420+0000] {processor.py:161} INFO - Started process (PID=387) to work on /home/airflow/.local/lib/python3.8/site-packages/airflow/example_dags/example_params_trigger_ui.py
[2026-03-28T22:36:38.421+0000] {processor.py:830} INFO - Processing file /home/airflow/.local/lib/python3.8/site-packages/airflow/example_dags/example_params_trigger_ui.py for tasks to queue
[2026-03-28T22:36:38.423+0000] {logging_mixin.py:188} INFO - [2026-03-28T22:36:38.423+0000] {dagbag.py:538} INFO - Filling up the DagBag from /home/airflow/.local/lib/python3.8/site-packages/airflow/example_dags/example_params_trigger_ui.py
[2026-03-28T22:36:38.438+0000] {processor.py:840} INFO - DAG(s) 'example_params_trigger_ui' retrieved from /home/airflow/.local/lib/python3.8/site-packages/airflow/example_dags/example_params_trigger_ui.py
[2026-03-28T22:36:38.482+0000] {logging_mixin.py:188} INFO - [2026-03-28T22:36:38.482+0000] {dag.py:3036} INFO - Sync 1 DAGs
[2026-03-28T22:36:38.494+0000] {logging_mixin.py:188} INFO - [2026-03-28T22:36:38.494+0000] {dag.py:3823} INFO - Setting next_dagrun for example_params_trigger_ui to None, run_after=None
[2026-03-28T22:36:38.515+0000] {processor.py:183} INFO - Processing /home/airflow/.local/lib/python3.8/site-packages/airflow/example_dags/example_params_trigger_ui.py took 0.099 seconds
[2026-03-28T22:37:43.204+0000] {processor.py:161} INFO - Started process (PID=89) to work on /home/airflow/.local/lib/python3.8/site-packages/airflow/example_dags/example_params_trigger_ui.py
[2026-03-28T22:37:43.206+0000] {processor.py:830} INFO - Processing file /home/airflow/.local/lib/python3.8/site-packages/airflow/example_dags/example_params_trigger_ui.py for tasks to queue
[2026-03-28T22:37:43.208+0000] {logging_mixin.py:188} INFO - [2026-03-28T22:37:43.208+0000] {dagbag.py:538} INFO - Filling up the DagBag from /home/airflow/.local/lib/python3.8/site-packages/airflow/example_dags/example_params_trigger_ui.py
[2026-03-28T22:37:43.226+0000] {processor.py:840} INFO - DAG(s) 'example_params_trigger_ui' retrieved from /home/airflow/.local/lib/python3.8/site-packages/airflow/example_dags/example_params_trigger_ui.py
[2026-03-28T22:37:43.242+0000] {logging_mixin.py:188} INFO - [2026-03-28T22:37:43.242+0000] {dag.py:3036} INFO - Sync 1 DAGs
[2026-03-28T22:37:43.256+0000] {logging_mixin.py:188} INFO - [2026-03-28T22:37:43.255+0000] {dag.py:3823} INFO - Setting next_dagrun for example_params_trigger_ui to None, run_after=None
[2026-03-28T22:37:43.280+0000] {processor.py:183} INFO - Processing /home/airflow/.local/lib/python3.8/site-packages/airflow/example_dags/example_params_trigger_ui.py took 0.080 seconds
[2026-03-28T22:38:15.043+0000] {processor.py:161} INFO - Started process (PID=145) to work on /home/airflow/.local/lib/python3.8/site-packages/airflow/example_dags/example_params_trigger_ui.py
[2026-03-28T22:38:15.045+0000] {processor.py:830} INFO - Processing file /home/airflow/.local/lib/python3.8/site-packages/airflow/example_dags/example_params_trigger_ui.py for tasks to queue
[2026-03-28T22:38:15.048+0000] {logging_mixin.py:188} INFO - [2026-03-28T22:38:15.047+0000] {dagbag.py:538} INFO - Filling up the DagBag from /home/airflow/.local/lib/python3.8/site-packages/airflow/example_dags/example_params_trigger_ui.py
[2026-03-28T22:38:15.063+0000] {processor.py:840} INFO - DAG(s) 'example_params_trigger_ui' retrieved from /home/airflow/.local/lib/python3.8/site-packages/airflow/example_dags/example_params_trigger_ui.py
[2026-03-28T22:38:15.218+0000] {logging_mixin.py:188} INFO - [2026-03-28T22:38:15.218+0000] {dag.py:3036} INFO - Sync 1 DAGs
[2026-03-28T22:38:15.230+0000] {logging_mixin.py:188} INFO - [2026-03-28T22:38:15.229+0000] {dag.py:3823} INFO - Setting next_dagrun for example_params_trigger_ui to None, run_after=None
[2026-03-28T22:38:15.256+0000] {processor.py:183} INFO - Processing /home/airflow/.local/lib/python3.8/site-packages/airflow/example_dags/example_params_trigger_ui.py took 0.217 seconds
[2026-03-28T22:38:45.391+0000] {processor.py:161} INFO - Started process (PID=201) to work on /home/airflow/.local/lib/python3.8/site-packages/airflow/example_dags/example_params_trigger_ui.py
[2026-03-28T22:38:45.393+0000] {processor.py:830} INFO - Processing file /home/airflow/.local/lib/python3.8/site-packages/airflow/example_dags/example_params_trigger_ui.py for tasks to queue
[2026-03-28T22:38:45.397+0000] {logging_mixin.py:188} INFO - [2026-03-28T22:38:45.396+0000] {dagbag.py:538} INFO - Filling up the DagBag from /home/airflow/.local/lib/python3.8/site-packages/airflow/example_dags/example_params_trigger_ui.py
[2026-03-28T22:38:45.418+0000] {processor.py:840} INFO - DAG(s) 'example_params_trigger_ui' retrieved from /home/airflow/.local/lib/python3.8/site-packages/airflow/example_dags/example_params_trigger_ui.py
[2026-03-28T22:38:45.498+0000] {logging_mixin.py:188} INFO - [2026-03-28T22:38:45.498+0000] {dag.py:3036} INFO - Sync 1 DAGs
[2026-03-28T22:38:45.514+0000] {logging_mixin.py:188} INFO - [2026-03-28T22:38:45.514+0000] {dag.py:3823} INFO - Setting next_dagrun for example_params_trigger_ui to None, run_after=None
[2026-03-28T22:38:45.542+0000] {processor.py:183} INFO - Processing /home/airflow/.local/lib/python3.8/site-packages/airflow/example_dags/example_params_trigger_ui.py took 0.157 seconds
[2026-03-28T22:39:15.638+0000] {processor.py:161} INFO - Started process (PID=257) to work on /home/airflow/.local/lib/python3.8/site-packages/airflow/example_dags/example_params_trigger_ui.py
[2026-03-28T22:39:15.640+0000] {processor.py:830} INFO - Processing file /home/airflow/.local/lib/python3.8/site-packages/airflow/example_dags/example_params_trigger_ui.py for tasks to queue
[2026-03-28T22:39:15.644+0000] {logging_mixin.py:188} INFO - [2026-03-28T22:39:15.643+0000] {dagbag.py:538} INFO - Filling up the DagBag from /home/airflow/.local/lib/python3.8/site-packages/airflow/example_dags/example_params_trigger_ui.py
[2026-03-28T22:39:15.666+0000] {processor.py:840} INFO - DAG(s) 'example_params_trigger_ui' retrieved from /home/airflow/.local/lib/python3.8/site-packages/airflow/example_dags/example_params_trigger_ui.py
[2026-03-28T22:39:15.726+0000] {logging_mixin.py:188} INFO - [2026-03-28T22:39:15.726+0000] {dag.py:3036} INFO - Sync 1 DAGs
[2026-03-28T22:39:15.740+0000] {logging_mixin.py:188} INFO - [2026-03-28T22:39:15.740+0000] {dag.py:3823} INFO - Setting next_dagrun for example_params_trigger_ui to None, run_after=None
[2026-03-28T22:39:15.767+0000] {processor.py:183} INFO - Processing /home/airflow/.local/lib/python3.8/site-packages/airflow/example_dags/example_params_trigger_ui.py took 0.136 seconds
[2026-03-28T22:39:45.906+0000] {processor.py:161} INFO - Started process (PID=313) to work on /home/airflow/.local/lib/python3.8/site-packages/airflow/example_dags/example_params_trigger_ui.py
[2026-03-28T22:39:45.910+0000] {processor.py:830} INFO - Processing file /home/airflow/.local/lib/python3.8/site-packages/airflow/example_dags/example_params_trigger_ui.py for tasks to queue
[2026-03-28T22:39:45.915+0000] {logging_mixin.py:188} INFO - [2026-03-28T22:39:45.915+0000] {dagbag.py:538} INFO - Filling up the DagBag from /home/airflow/.local/lib/python3.8/site-packages/airflow/example_dags/example_params_trigger_ui.py
[2026-03-28T22:39:45.944+0000] {processor.py:840} INFO - DAG(s) 'example_params_trigger_ui' retrieved from /home/airflow/.local/lib/python3.8/site-packages/airflow/example_dags/example_params_trigger_ui.py
[2026-03-28T22:39:46.074+0000] {logging_mixin.py:188} INFO - [2026-03-28T22:39:46.073+0000] {dag.py:3036} INFO - Sync 1 DAGs
[2026-03-28T22:39:46.096+0000] {logging_mixin.py:188} INFO - [2026-03-28T22:39:46.096+0000] {dag.py:3823} INFO - Setting next_dagrun for example_params_trigger_ui to None, run_after=None
[2026-03-28T22:39:46.132+0000] {processor.py:183} INFO - Processing /home/airflow/.local/lib/python3.8/site-packages/airflow/example_dags/example_params_trigger_ui.py took 0.234 seconds
[2026-03-28T22:40:16.805+0000] {processor.py:161} INFO - Started process (PID=369) to work on /home/airflow/.local/lib/python3.8/site-packages/airflow/example_dags/example_params_trigger_ui.py
[2026-03-28T22:40:16.807+0000] {processor.py:830} INFO - Processing file /home/airflow/.local/lib/python3.8/site-packages/airflow/example_dags/example_params_trigger_ui.py for tasks to queue
[2026-03-28T22:40:16.811+0000] {logging_mixin.py:188} INFO - [2026-03-28T22:40:16.810+0000] {dagbag.py:538} INFO - Filling up the DagBag from /home/airflow/.local/lib/python3.8/site-packages/airflow/example_dags/example_params_trigger_ui.py
[2026-03-28T22:40:16.829+0000] {processor.py:840} INFO - DAG(s) 'example_params_trigger_ui' retrieved from /home/airflow/.local/lib/python3.8/site-packages/airflow/example_dags/example_params_trigger_ui.py
[2026-03-28T22:40:16.901+0000] {logging_mixin.py:188} INFO - [2026-03-28T22:40:16.900+0000] {dag.py:3036} INFO - Sync 1 DAGs
[2026-03-28T22:40:16.916+0000] {logging_mixin.py:188} INFO - [2026-03-28T22:40:16.916+0000] {dag.py:3823} INFO - Setting next_dagrun for example_params_trigger_ui to None, run_after=None
[2026-03-28T22:40:16.942+0000] {processor.py:183} INFO - Processing /home/airflow/.local/lib/python3.8/site-packages/airflow/example_dags/example_params_trigger_ui.py took 0.141 seconds
[2026-03-28T22:40:47.423+0000] {processor.py:161} INFO - Started process (PID=425) to work on /home/airflow/.local/lib/python3.8/site-packages/airflow/example_dags/example_params_trigger_ui.py
[2026-03-28T22:40:47.424+0000] {processor.py:830} INFO - Processing file /home/airflow/.local/lib/python3.8/site-packages/airflow/example_dags/example_params_trigger_ui.py for tasks to queue
[2026-03-28T22:40:47.428+0000] {logging_mixin.py:188} INFO - [2026-03-28T22:40:47.427+0000] {dagbag.py:538} INFO - Filling up the DagBag from /home/airflow/.local/lib/python3.8/site-packages/airflow/example_dags/example_params_trigger_ui.py
[2026-03-28T22:40:47.448+0000] {processor.py:840} INFO - DAG(s) 'example_params_trigger_ui' retrieved from /home/airflow/.local/lib/python3.8/site-packages/airflow/example_dags/example_params_trigger_ui.py
[2026-03-28T22:40:47.561+0000] {logging_mixin.py:188} INFO - [2026-03-28T22:40:47.561+0000] {dag.py:3036} INFO - Sync 1 DAGs
[2026-03-28T22:40:47.580+0000] {logging_mixin.py:188} INFO - [2026-03-28T22:40:47.580+0000] {dag.py:3823} INFO - Setting next_dagrun for example_params_trigger_ui to None, run_after=None
[2026-03-28T22:40:47.609+0000] {processor.py:183} INFO - Processing /home/airflow/.local/lib/python3.8/site-packages/airflow/example_dags/example_params_trigger_ui.py took 0.192 seconds
[2026-03-28T22:41:18.553+0000] {processor.py:161} INFO - Started process (PID=481) to work on /home/airflow/.local/lib/python3.8/site-packages/airflow/example_dags/example_params_trigger_ui.py
[2026-03-28T22:41:18.555+0000] {processor.py:830} INFO - Processing file /home/airflow/.local/lib/python3.8/site-packages/airflow/example_dags/example_params_trigger_ui.py for tasks to queue
[2026-03-28T22:41:18.558+0000] {logging_mixin.py:188} INFO - [2026-03-28T22:41:18.558+0000] {dagbag.py:538} INFO - Filling up the DagBag from /home/airflow/.local/lib/python3.8/site-packages/airflow/example_dags/example_params_trigger_ui.py
[2026-03-28T22:41:18.578+0000] {processor.py:840} INFO - DAG(s) 'example_params_trigger_ui' retrieved from /home/airflow/.local/lib/python3.8/site-packages/airflow/example_dags/example_params_trigger_ui.py
[2026-03-28T22:41:18.594+0000] {logging_mixin.py:188} INFO - [2026-03-28T22:41:18.594+0000] {dag.py:3036} INFO - Sync 1 DAGs
[2026-03-28T22:41:18.638+0000] {logging_mixin.py:188} INFO - [2026-03-28T22:41:18.638+0000] {dag.py:3823} INFO - Setting next_dagrun for example_params_trigger_ui to None, run_after=None
[2026-03-28T22:41:18.687+0000] {processor.py:183} INFO - Processing /home/airflow/.local/lib/python3.8/site-packages/airflow/example_dags/example_params_trigger_ui.py took 0.138 seconds
[2026-03-28T22:41:48.880+0000] {processor.py:161} INFO - Started process (PID=537) to work on /home/airflow/.local/lib/python3.8/site-packages/airflow/example_dags/example_params_trigger_ui.py
[2026-03-28T22:41:48.882+0000] {processor.py:830} INFO - Processing file /home/airflow/.local/lib/python3.8/site-packages/airflow/example_dags/example_params_trigger_ui.py for tasks to queue
[2026-03-28T22:41:48.885+0000] {logging_mixin.py:188} INFO - [2026-03-28T22:41:48.885+0000] {dagbag.py:538} INFO - Filling up the DagBag from /home/airflow/.local/lib/python3.8/site-packages/airflow/example_dags/example_params_trigger_ui.py
[2026-03-28T22:41:48.907+0000] {processor.py:840} INFO - DAG(s) 'example_params_trigger_ui' retrieved from /home/airflow/.local/lib/python3.8/site-packages/airflow/example_dags/example_params_trigger_ui.py
[2026-03-28T22:41:49.160+0000] {logging_mixin.py:188} INFO - [2026-03-28T22:41:49.160+0000] {dag.py:3036} INFO - Sync 1 DAGs
[2026-03-28T22:41:49.191+0000] {logging_mixin.py:188} INFO - [2026-03-28T22:41:49.191+0000] {dag.py:3823} INFO - Setting next_dagrun for example_params_trigger_ui to None, run_after=None
[2026-03-28T22:41:49.256+0000] {processor.py:183} INFO - Processing /home/airflow/.local/lib/python3.8/site-packages/airflow/example_dags/example_params_trigger_ui.py took 0.383 seconds
[2026-03-28T22:42:19.543+0000] {processor.py:161} INFO - Started process (PID=593) to work on /home/airflow/.local/lib/python3.8/site-packages/airflow/example_dags/example_params_trigger_ui.py
[2026-03-28T22:42:19.545+0000] {processor.py:830} INFO - Processing file /home/airflow/.local/lib/python3.8/site-packages/airflow/example_dags/example_params_trigger_ui.py for tasks to queue
[2026-03-28T22:42:19.547+0000] {logging_mixin.py:188} INFO - [2026-03-28T22:42:19.547+0000] {dagbag.py:538} INFO - Filling up the DagBag from /home/airflow/.local/lib/python3.8/site-packages/airflow/example_dags/example_params_trigger_ui.py
[2026-03-28T22:42:19.569+0000] {processor.py:840} INFO - DAG(s) 'example_params_trigger_ui' retrieved from /home/airflow/.local/lib/python3.8/site-packages/airflow/example_dags/example_params_trigger_ui.py
[2026-03-28T22:42:19.669+0000] {logging_mixin.py:188} INFO - [2026-03-28T22:42:19.668+0000] {dag.py:3036} INFO - Sync 1 DAGs
[2026-03-28T22:42:19.713+0000] {logging_mixin.py:188} INFO - [2026-03-28T22:42:19.712+0000] {dag.py:3823} INFO - Setting next_dagrun for example_params_trigger_ui to None, run_after=None
[2026-03-28T22:42:19.777+0000] {processor.py:183} INFO - Processing /home/airflow/.local/lib/python3.8/site-packages/airflow/example_dags/example_params_trigger_ui.py took 0.238 seconds
[2026-03-28T22:42:50.523+0000] {processor.py:161} INFO - Started process (PID=649) to work on /home/airflow/.local/lib/python3.8/site-packages/airflow/example_dags/example_params_trigger_ui.py
[2026-03-28T22:42:50.524+0000] {processor.py:830} INFO - Processing file /home/airflow/.local/lib/python3.8/site-packages/airflow/example_dags/example_params_trigger_ui.py for tasks to queue
[2026-03-28T22:42:50.526+0000] {logging_mixin.py:188} INFO - [2026-03-28T22:42:50.526+0000] {dagbag.py:538} INFO - Filling up the DagBag from /home/airflow/.local/lib/python3.8/site-packages/airflow/example_dags/example_params_trigger_ui.py
[2026-03-28T22:42:50.540+0000] {processor.py:840} INFO - DAG(s) 'example_params_trigger_ui' retrieved from /home/airflow/.local/lib/python3.8/site-packages/airflow/example_dags/example_params_trigger_ui.py
[2026-03-28T22:42:50.592+0000] {logging_mixin.py:188} INFO - [2026-03-28T22:42:50.592+0000] {dag.py:3036} INFO - Sync 1 DAGs
[2026-03-28T22:42:50.604+0000] {logging_mixin.py:188} INFO - [2026-03-28T22:42:50.604+0000] {dag.py:3823} INFO - Setting next_dagrun for example_params_trigger_ui to None, run_after=None
[2026-03-28T22:42:50.627+0000] {processor.py:183} INFO - Processing /home/airflow/.local/lib/python3.8/site-packages/airflow/example_dags/example_params_trigger_ui.py took 0.108 seconds
[2026-03-28T22:43:21.220+0000] {processor.py:161} INFO - Started process (PID=705) to work on /home/airflow/.local/lib/python3.8/site-packages/airflow/example_dags/example_params_trigger_ui.py
[2026-03-28T22:43:21.222+0000] {processor.py:830} INFO - Processing file /home/airflow/.local/lib/python3.8/site-packages/airflow/example_dags/example_params_trigger_ui.py for tasks to queue
[2026-03-28T22:43:21.224+0000] {logging_mixin.py:188} INFO - [2026-03-28T22:43:21.223+0000] {dagbag.py:538} INFO - Filling up the DagBag from /home/airflow/.local/lib/python3.8/site-packages/airflow/example_dags/example_params_trigger_ui.py
[2026-03-28T22:43:21.238+0000] {processor.py:840} INFO - DAG(s) 'example_params_trigger_ui' retrieved from /home/airflow/.local/lib/python3.8/site-packages/airflow/example_dags/example_params_trigger_ui.py
[2026-03-28T22:43:21.297+0000] {logging_mixin.py:188} INFO - [2026-03-28T22:43:21.296+0000] {dag.py:3036} INFO - Sync 1 DAGs
[2026-03-28T22:43:21.314+0000] {logging_mixin.py:188} INFO - [2026-03-28T22:43:21.314+0000] {dag.py:3823} INFO - Setting next_dagrun for example_params_trigger_ui to None, run_after=None
[2026-03-28T22:43:21.342+0000] {processor.py:183} INFO - Processing /home/airflow/.local/lib/python3.8/site-packages/airflow/example_dags/example_params_trigger_ui.py took 0.125 seconds
[2026-03-28T22:43:51.682+0000] {processor.py:161} INFO - Started process (PID=761) to work on /home/airflow/.local/lib/python3.8/site-packages/airflow/example_dags/example_params_trigger_ui.py
[2026-03-28T22:43:51.683+0000] {processor.py:830} INFO - Processing file /home/airflow/.local/lib/python3.8/site-packages/airflow/example_dags/example_params_trigger_ui.py for tasks to queue
[2026-03-28T22:43:51.686+0000] {logging_mixin.py:188} INFO - [2026-03-28T22:43:51.685+0000] {dagbag.py:538} INFO - Filling up the DagBag from /home/airflow/.local/lib/python3.8/site-packages/airflow/example_dags/example_params_trigger_ui.py
[2026-03-28T22:43:51.700+0000] {processor.py:840} INFO - DAG(s) 'example_params_trigger_ui' retrieved from /home/airflow/.local/lib/python3.8/site-packages/airflow/example_dags/example_params_trigger_ui.py
[2026-03-28T22:43:51.761+0000] {logging_mixin.py:188} INFO - [2026-03-28T22:43:51.760+0000] {dag.py:3036} INFO - Sync 1 DAGs
[2026-03-28T22:43:51.774+0000] {logging_mixin.py:188} INFO - [2026-03-28T22:43:51.774+0000] {dag.py:3823} INFO - Setting next_dagrun for example_params_trigger_ui to None, run_after=None
[2026-03-28T22:43:51.800+0000] {processor.py:183} INFO - Processing /home/airflow/.local/lib/python3.8/site-packages/airflow/example_dags/example_params_trigger_ui.py took 0.121 seconds
[2026-03-28T22:44:22.176+0000] {processor.py:161} INFO - Started process (PID=817) to work on /home/airflow/.local/lib/python3.8/site-packages/airflow/example_dags/example_params_trigger_ui.py
[2026-03-28T22:44:22.177+0000] {processor.py:830} INFO - Processing file /home/airflow/.local/lib/python3.8/site-packages/airflow/example_dags/example_params_trigger_ui.py for tasks to queue
[2026-03-28T22:44:22.180+0000] {logging_mixin.py:188} INFO - [2026-03-28T22:44:22.179+0000] {dagbag.py:538} INFO - Filling up the DagBag from /home/airflow/.local/lib/python3.8/site-packages/airflow/example_dags/example_params_trigger_ui.py
[2026-03-28T22:44:22.192+0000] {processor.py:840} INFO - DAG(s) 'example_params_trigger_ui' retrieved from /home/airflow/.local/lib/python3.8/site-packages/airflow/example_dags/example_params_trigger_ui.py
[2026-03-28T22:44:22.242+0000] {logging_mixin.py:188} INFO - [2026-03-28T22:44:22.242+0000] {dag.py:3036} INFO - Sync 1 DAGs
[2026-03-28T22:44:22.255+0000] {logging_mixin.py:188} INFO - [2026-03-28T22:44:22.255+0000] {dag.py:3823} INFO - Setting next_dagrun for example_params_trigger_ui to None, run_after=None
[2026-03-28T22:44:22.281+0000] {processor.py:183} INFO - Processing /home/airflow/.local/lib/python3.8/site-packages/airflow/example_dags/example_params_trigger_ui.py took 0.108 seconds
[2026-03-28T22:44:52.387+0000] {processor.py:161} INFO - Started process (PID=873) to work on /home/airflow/.local/lib/python3.8/site-packages/airflow/example_dags/example_params_trigger_ui.py
[2026-03-28T22:44:52.388+0000] {processor.py:830} INFO - Processing file /home/airflow/.local/lib/python3.8/site-packages/airflow/example_dags/example_params_trigger_ui.py for tasks to queue
[2026-03-28T22:44:52.390+0000] {logging_mixin.py:188} INFO - [2026-03-28T22:44:52.390+0000] {dagbag.py:538} INFO - Filling up the DagBag from /home/airflow/.local/lib/python3.8/site-packages/airflow/example_dags/example_params_trigger_ui.py
[2026-03-28T22:44:52.406+0000] {processor.py:840} INFO - DAG(s) 'example_params_trigger_ui' retrieved from /home/airflow/.local/lib/python3.8/site-packages/airflow/example_dags/example_params_trigger_ui.py
[2026-03-28T22:44:52.463+0000] {logging_mixin.py:188} INFO - [2026-03-28T22:44:52.463+0000] {dag.py:3036} INFO - Sync 1 DAGs
[2026-03-28T22:44:52.478+0000] {logging_mixin.py:188} INFO - [2026-03-28T22:44:52.478+0000] {dag.py:3823} INFO - Setting next_dagrun for example_params_trigger_ui to None, run_after=None
[2026-03-28T22:44:52.504+0000] {processor.py:183} INFO - Processing /home/airflow/.local/lib/python3.8/site-packages/airflow/example_dags/example_params_trigger_ui.py took 0.120 seconds
[2026-03-28T22:45:23.116+0000] {processor.py:161} INFO - Started process (PID=929) to work on /home/airflow/.local/lib/python3.8/site-packages/airflow/example_dags/example_params_trigger_ui.py
[2026-03-28T22:45:23.118+0000] {processor.py:830} INFO - Processing file /home/airflow/.local/lib/python3.8/site-packages/airflow/example_dags/example_params_trigger_ui.py for tasks to queue
[2026-03-28T22:45:23.120+0000] {logging_mixin.py:188} INFO - [2026-03-28T22:45:23.120+0000] {dagbag.py:538} INFO - Filling up the DagBag from /home/airflow/.local/lib/python3.8/site-packages/airflow/example_dags/example_params_trigger_ui.py
[2026-03-28T22:45:23.134+0000] {processor.py:840} INFO - DAG(s) 'example_params_trigger_ui' retrieved from /home/airflow/.local/lib/python3.8/site-packages/airflow/example_dags/example_params_trigger_ui.py
[2026-03-28T22:45:23.186+0000] {logging_mixin.py:188} INFO - [2026-03-28T22:45:23.185+0000] {dag.py:3036} INFO - Sync 1 DAGs
[2026-03-28T22:45:23.198+0000] {logging_mixin.py:188} INFO - [2026-03-28T22:45:23.197+0000] {dag.py:3823} INFO - Setting next_dagrun for example_params_trigger_ui to None, run_after=None
[2026-03-28T22:45:23.220+0000] {processor.py:183} INFO - Processing /home/airflow/.local/lib/python3.8/site-packages/airflow/example_dags/example_params_trigger_ui.py took 0.107 seconds
[2026-03-28T22:45:53.690+0000] {processor.py:161} INFO - Started process (PID=985) to work on /home/airflow/.local/lib/python3.8/site-packages/airflow/example_dags/example_params_trigger_ui.py
[2026-03-28T22:45:53.691+0000] {processor.py:830} INFO - Processing file /home/airflow/.local/lib/python3.8/site-packages/airflow/example_dags/example_params_trigger_ui.py for tasks to queue
[2026-03-28T22:45:53.693+0000] {logging_mixin.py:188} INFO - [2026-03-28T22:45:53.693+0000] {dagbag.py:538} INFO - Filling up the DagBag from /home/airflow/.local/lib/python3.8/site-packages/airflow/example_dags/example_params_trigger_ui.py
[2026-03-28T22:45:53.707+0000] {processor.py:840} INFO - DAG(s) 'example_params_trigger_ui' retrieved from /home/airflow/.local/lib/python3.8/site-packages/airflow/example_dags/example_params_trigger_ui.py
[2026-03-28T22:45:53.760+0000] {logging_mixin.py:188} INFO - [2026-03-28T22:45:53.760+0000] {dag.py:3036} INFO - Sync 1 DAGs
[2026-03-28T22:45:53.775+0000] {logging_mixin.py:188} INFO - [2026-03-28T22:45:53.775+0000] {dag.py:3823} INFO - Setting next_dagrun for example_params_trigger_ui to None, run_after=None
[2026-03-28T22:45:53.802+0000] {processor.py:183} INFO - Processing /home/airflow/.local/lib/python3.8/site-packages/airflow/example_dags/example_params_trigger_ui.py took 0.115 seconds
[2026-03-28T22:46:40.814+0000] {processor.py:161} INFO - Started process (PID=1040) to work on /home/airflow/.local/lib/python3.8/site-packages/airflow/example_dags/example_params_trigger_ui.py
[2026-03-28T22:46:40.816+0000] {processor.py:830} INFO - Processing file /home/airflow/.local/lib/python3.8/site-packages/airflow/example_dags/example_params_trigger_ui.py for tasks to queue
[2026-03-28T22:46:40.828+0000] {logging_mixin.py:188} INFO - [2026-03-28T22:46:40.819+0000] {dagbag.py:538} INFO - Filling up the DagBag from /home/airflow/.local/lib/python3.8/site-packages/airflow/example_dags/example_params_trigger_ui.py
[2026-03-28T22:46:40.879+0000] {processor.py:840} INFO - DAG(s) 'example_params_trigger_ui' retrieved from /home/airflow/.local/lib/python3.8/site-packages/airflow/example_dags/example_params_trigger_ui.py
[2026-03-28T22:46:41.068+0000] {logging_mixin.py:188} INFO - [2026-03-28T22:46:41.067+0000] {dag.py:3036} INFO - Sync 1 DAGs
[2026-03-28T22:46:41.116+0000] {logging_mixin.py:188} INFO - [2026-03-28T22:46:41.115+0000] {dag.py:3823} INFO - Setting next_dagrun for example_params_trigger_ui to None, run_after=None
[2026-03-28T22:46:41.195+0000] {processor.py:183} INFO - Processing /home/airflow/.local/lib/python3.8/site-packages/airflow/example_dags/example_params_trigger_ui.py took 0.393 seconds
