[2026-03-28T22:09:43.843+0000] {processor.py:161} INFO - Started process (PID=98) to work on /home/airflow/.local/lib/python3.8/site-packages/airflow/example_dags/example_time_delta_sensor_async.py
[2026-03-28T22:09:43.845+0000] {processor.py:830} INFO - Processing file /home/airflow/.local/lib/python3.8/site-packages/airflow/example_dags/example_time_delta_sensor_async.py for tasks to queue
[2026-03-28T22:09:43.848+0000] {logging_mixin.py:188} INFO - [2026-03-28T22:09:43.847+0000] {dagbag.py:538} INFO - Filling up the DagBag from /home/airflow/.local/lib/python3.8/site-packages/airflow/example_dags/example_time_delta_sensor_async.py
[2026-03-28T22:09:43.855+0000] {processor.py:840} INFO - DAG(s) 'example_time_delta_sensor_async' retrieved from /home/airflow/.local/lib/python3.8/site-packages/airflow/example_dags/example_time_delta_sensor_async.py
[2026-03-28T22:09:43.976+0000] {logging_mixin.py:188} INFO - [2026-03-28T22:09:43.975+0000] {override.py:1769} INFO - Created Permission View: can edit on DAG:example_time_delta_sensor_async
[2026-03-28T22:09:43.990+0000] {logging_mixin.py:188} INFO - [2026-03-28T22:09:43.990+0000] {override.py:1769} INFO - Created Permission View: can delete on DAG:example_time_delta_sensor_async
[2026-03-28T22:09:44.001+0000] {logging_mixin.py:188} INFO - [2026-03-28T22:09:44.000+0000] {override.py:1769} INFO - Created Permission View: can read on DAG:example_time_delta_sensor_async
[2026-03-28T22:09:44.002+0000] {logging_mixin.py:188} INFO - [2026-03-28T22:09:44.002+0000] {dag.py:3036} INFO - Sync 1 DAGs
[2026-03-28T22:09:44.017+0000] {logging_mixin.py:188} INFO - [2026-03-28T22:09:44.017+0000] {dag.py:3058} INFO - Creating ORM DAG for example_time_delta_sensor_async
[2026-03-28T22:09:44.018+0000] {logging_mixin.py:188} INFO - [2026-03-28T22:09:44.018+0000] {dag.py:3823} INFO - Setting next_dagrun for example_time_delta_sensor_async to None, run_after=None
[2026-03-28T22:09:44.041+0000] {processor.py:183} INFO - Processing /home/airflow/.local/lib/python3.8/site-packages/airflow/example_dags/example_time_delta_sensor_async.py took 0.202 seconds
[2026-03-28T22:10:14.204+0000] {processor.py:161} INFO - Started process (PID=154) to work on /home/airflow/.local/lib/python3.8/site-packages/airflow/example_dags/example_time_delta_sensor_async.py
[2026-03-28T22:10:14.205+0000] {processor.py:830} INFO - Processing file /home/airflow/.local/lib/python3.8/site-packages/airflow/example_dags/example_time_delta_sensor_async.py for tasks to queue
[2026-03-28T22:10:14.208+0000] {logging_mixin.py:188} INFO - [2026-03-28T22:10:14.207+0000] {dagbag.py:538} INFO - Filling up the DagBag from /home/airflow/.local/lib/python3.8/site-packages/airflow/example_dags/example_time_delta_sensor_async.py
[2026-03-28T22:10:14.213+0000] {processor.py:840} INFO - DAG(s) 'example_time_delta_sensor_async' retrieved from /home/airflow/.local/lib/python3.8/site-packages/airflow/example_dags/example_time_delta_sensor_async.py
[2026-03-28T22:10:14.243+0000] {logging_mixin.py:188} INFO - [2026-03-28T22:10:14.242+0000] {dag.py:3036} INFO - Sync 1 DAGs
[2026-03-28T22:10:14.259+0000] {logging_mixin.py:188} INFO - [2026-03-28T22:10:14.259+0000] {dag.py:3823} INFO - Setting next_dagrun for example_time_delta_sensor_async to None, run_after=None
[2026-03-28T22:10:14.280+0000] {processor.py:183} INFO - Processing /home/airflow/.local/lib/python3.8/site-packages/airflow/example_dags/example_time_delta_sensor_async.py took 0.079 seconds
[2026-03-28T22:10:44.969+0000] {processor.py:161} INFO - Started process (PID=210) to work on /home/airflow/.local/lib/python3.8/site-packages/airflow/example_dags/example_time_delta_sensor_async.py
[2026-03-28T22:10:44.970+0000] {processor.py:830} INFO - Processing file /home/airflow/.local/lib/python3.8/site-packages/airflow/example_dags/example_time_delta_sensor_async.py for tasks to queue
[2026-03-28T22:10:44.973+0000] {logging_mixin.py:188} INFO - [2026-03-28T22:10:44.973+0000] {dagbag.py:538} INFO - Filling up the DagBag from /home/airflow/.local/lib/python3.8/site-packages/airflow/example_dags/example_time_delta_sensor_async.py
[2026-03-28T22:10:44.980+0000] {processor.py:840} INFO - DAG(s) 'example_time_delta_sensor_async' retrieved from /home/airflow/.local/lib/python3.8/site-packages/airflow/example_dags/example_time_delta_sensor_async.py
[2026-03-28T22:10:45.005+0000] {logging_mixin.py:188} INFO - [2026-03-28T22:10:45.005+0000] {dag.py:3036} INFO - Sync 1 DAGs
[2026-03-28T22:10:45.020+0000] {logging_mixin.py:188} INFO - [2026-03-28T22:10:45.019+0000] {dag.py:3823} INFO - Setting next_dagrun for example_time_delta_sensor_async to None, run_after=None
[2026-03-28T22:10:45.056+0000] {processor.py:183} INFO - Processing /home/airflow/.local/lib/python3.8/site-packages/airflow/example_dags/example_time_delta_sensor_async.py took 0.092 seconds
[2026-03-28T22:11:15.258+0000] {processor.py:161} INFO - Started process (PID=266) to work on /home/airflow/.local/lib/python3.8/site-packages/airflow/example_dags/example_time_delta_sensor_async.py
[2026-03-28T22:11:15.259+0000] {processor.py:830} INFO - Processing file /home/airflow/.local/lib/python3.8/site-packages/airflow/example_dags/example_time_delta_sensor_async.py for tasks to queue
[2026-03-28T22:11:15.262+0000] {logging_mixin.py:188} INFO - [2026-03-28T22:11:15.261+0000] {dagbag.py:538} INFO - Filling up the DagBag from /home/airflow/.local/lib/python3.8/site-packages/airflow/example_dags/example_time_delta_sensor_async.py
[2026-03-28T22:11:15.267+0000] {processor.py:840} INFO - DAG(s) 'example_time_delta_sensor_async' retrieved from /home/airflow/.local/lib/python3.8/site-packages/airflow/example_dags/example_time_delta_sensor_async.py
[2026-03-28T22:11:15.290+0000] {logging_mixin.py:188} INFO - [2026-03-28T22:11:15.290+0000] {dag.py:3036} INFO - Sync 1 DAGs
[2026-03-28T22:11:15.303+0000] {logging_mixin.py:188} INFO - [2026-03-28T22:11:15.303+0000] {dag.py:3823} INFO - Setting next_dagrun for example_time_delta_sensor_async to None, run_after=None
[2026-03-28T22:11:15.330+0000] {processor.py:183} INFO - Processing /home/airflow/.local/lib/python3.8/site-packages/airflow/example_dags/example_time_delta_sensor_async.py took 0.077 seconds
[2026-03-28T22:11:45.429+0000] {processor.py:161} INFO - Started process (PID=322) to work on /home/airflow/.local/lib/python3.8/site-packages/airflow/example_dags/example_time_delta_sensor_async.py
[2026-03-28T22:11:45.431+0000] {processor.py:830} INFO - Processing file /home/airflow/.local/lib/python3.8/site-packages/airflow/example_dags/example_time_delta_sensor_async.py for tasks to queue
[2026-03-28T22:11:45.433+0000] {logging_mixin.py:188} INFO - [2026-03-28T22:11:45.432+0000] {dagbag.py:538} INFO - Filling up the DagBag from /home/airflow/.local/lib/python3.8/site-packages/airflow/example_dags/example_time_delta_sensor_async.py
[2026-03-28T22:11:45.438+0000] {processor.py:840} INFO - DAG(s) 'example_time_delta_sensor_async' retrieved from /home/airflow/.local/lib/python3.8/site-packages/airflow/example_dags/example_time_delta_sensor_async.py
[2026-03-28T22:11:45.462+0000] {logging_mixin.py:188} INFO - [2026-03-28T22:11:45.462+0000] {dag.py:3036} INFO - Sync 1 DAGs
[2026-03-28T22:11:45.478+0000] {logging_mixin.py:188} INFO - [2026-03-28T22:11:45.478+0000] {dag.py:3823} INFO - Setting next_dagrun for example_time_delta_sensor_async to None, run_after=None
[2026-03-28T22:11:45.503+0000] {processor.py:183} INFO - Processing /home/airflow/.local/lib/python3.8/site-packages/airflow/example_dags/example_time_delta_sensor_async.py took 0.077 seconds
[2026-03-28T22:12:15.616+0000] {processor.py:161} INFO - Started process (PID=378) to work on /home/airflow/.local/lib/python3.8/site-packages/airflow/example_dags/example_time_delta_sensor_async.py
[2026-03-28T22:12:15.617+0000] {processor.py:830} INFO - Processing file /home/airflow/.local/lib/python3.8/site-packages/airflow/example_dags/example_time_delta_sensor_async.py for tasks to queue
[2026-03-28T22:12:15.620+0000] {logging_mixin.py:188} INFO - [2026-03-28T22:12:15.619+0000] {dagbag.py:538} INFO - Filling up the DagBag from /home/airflow/.local/lib/python3.8/site-packages/airflow/example_dags/example_time_delta_sensor_async.py
[2026-03-28T22:12:15.625+0000] {processor.py:840} INFO - DAG(s) 'example_time_delta_sensor_async' retrieved from /home/airflow/.local/lib/python3.8/site-packages/airflow/example_dags/example_time_delta_sensor_async.py
[2026-03-28T22:12:15.649+0000] {logging_mixin.py:188} INFO - [2026-03-28T22:12:15.649+0000] {dag.py:3036} INFO - Sync 1 DAGs
[2026-03-28T22:12:15.660+0000] {logging_mixin.py:188} INFO - [2026-03-28T22:12:15.659+0000] {dag.py:3823} INFO - Setting next_dagrun for example_time_delta_sensor_async to None, run_after=None
[2026-03-28T22:12:15.686+0000] {processor.py:183} INFO - Processing /home/airflow/.local/lib/python3.8/site-packages/airflow/example_dags/example_time_delta_sensor_async.py took 0.076 seconds
[2026-03-28T22:12:46.023+0000] {processor.py:161} INFO - Started process (PID=434) to work on /home/airflow/.local/lib/python3.8/site-packages/airflow/example_dags/example_time_delta_sensor_async.py
[2026-03-28T22:12:46.024+0000] {processor.py:830} INFO - Processing file /home/airflow/.local/lib/python3.8/site-packages/airflow/example_dags/example_time_delta_sensor_async.py for tasks to queue
[2026-03-28T22:12:46.026+0000] {logging_mixin.py:188} INFO - [2026-03-28T22:12:46.026+0000] {dagbag.py:538} INFO - Filling up the DagBag from /home/airflow/.local/lib/python3.8/site-packages/airflow/example_dags/example_time_delta_sensor_async.py
[2026-03-28T22:12:46.031+0000] {processor.py:840} INFO - DAG(s) 'example_time_delta_sensor_async' retrieved from /home/airflow/.local/lib/python3.8/site-packages/airflow/example_dags/example_time_delta_sensor_async.py
[2026-03-28T22:12:46.052+0000] {logging_mixin.py:188} INFO - [2026-03-28T22:12:46.052+0000] {dag.py:3036} INFO - Sync 1 DAGs
[2026-03-28T22:12:46.065+0000] {logging_mixin.py:188} INFO - [2026-03-28T22:12:46.065+0000] {dag.py:3823} INFO - Setting next_dagrun for example_time_delta_sensor_async to None, run_after=None
[2026-03-28T22:12:46.087+0000] {processor.py:183} INFO - Processing /home/airflow/.local/lib/python3.8/site-packages/airflow/example_dags/example_time_delta_sensor_async.py took 0.067 seconds
[2026-03-28T22:13:16.241+0000] {processor.py:161} INFO - Started process (PID=490) to work on /home/airflow/.local/lib/python3.8/site-packages/airflow/example_dags/example_time_delta_sensor_async.py
[2026-03-28T22:13:16.243+0000] {processor.py:830} INFO - Processing file /home/airflow/.local/lib/python3.8/site-packages/airflow/example_dags/example_time_delta_sensor_async.py for tasks to queue
[2026-03-28T22:13:16.245+0000] {logging_mixin.py:188} INFO - [2026-03-28T22:13:16.245+0000] {dagbag.py:538} INFO - Filling up the DagBag from /home/airflow/.local/lib/python3.8/site-packages/airflow/example_dags/example_time_delta_sensor_async.py
[2026-03-28T22:13:16.250+0000] {processor.py:840} INFO - DAG(s) 'example_time_delta_sensor_async' retrieved from /home/airflow/.local/lib/python3.8/site-packages/airflow/example_dags/example_time_delta_sensor_async.py
[2026-03-28T22:13:16.273+0000] {logging_mixin.py:188} INFO - [2026-03-28T22:13:16.273+0000] {dag.py:3036} INFO - Sync 1 DAGs
[2026-03-28T22:13:16.287+0000] {logging_mixin.py:188} INFO - [2026-03-28T22:13:16.286+0000] {dag.py:3823} INFO - Setting next_dagrun for example_time_delta_sensor_async to None, run_after=None
[2026-03-28T22:13:16.309+0000] {processor.py:183} INFO - Processing /home/airflow/.local/lib/python3.8/site-packages/airflow/example_dags/example_time_delta_sensor_async.py took 0.071 seconds
[2026-03-28T22:14:08.432+0000] {processor.py:161} INFO - Started process (PID=96) to work on /home/airflow/.local/lib/python3.8/site-packages/airflow/example_dags/example_time_delta_sensor_async.py
[2026-03-28T22:14:08.434+0000] {processor.py:830} INFO - Processing file /home/airflow/.local/lib/python3.8/site-packages/airflow/example_dags/example_time_delta_sensor_async.py for tasks to queue
[2026-03-28T22:14:08.437+0000] {logging_mixin.py:188} INFO - [2026-03-28T22:14:08.437+0000] {dagbag.py:538} INFO - Filling up the DagBag from /home/airflow/.local/lib/python3.8/site-packages/airflow/example_dags/example_time_delta_sensor_async.py
[2026-03-28T22:14:08.445+0000] {processor.py:840} INFO - DAG(s) 'example_time_delta_sensor_async' retrieved from /home/airflow/.local/lib/python3.8/site-packages/airflow/example_dags/example_time_delta_sensor_async.py
[2026-03-28T22:14:08.460+0000] {logging_mixin.py:188} INFO - [2026-03-28T22:14:08.460+0000] {dag.py:3036} INFO - Sync 1 DAGs
[2026-03-28T22:14:08.475+0000] {logging_mixin.py:188} INFO - [2026-03-28T22:14:08.475+0000] {dag.py:3823} INFO - Setting next_dagrun for example_time_delta_sensor_async to None, run_after=None
[2026-03-28T22:14:08.499+0000] {processor.py:183} INFO - Processing /home/airflow/.local/lib/python3.8/site-packages/airflow/example_dags/example_time_delta_sensor_async.py took 0.071 seconds
[2026-03-28T22:14:38.800+0000] {processor.py:161} INFO - Started process (PID=152) to work on /home/airflow/.local/lib/python3.8/site-packages/airflow/example_dags/example_time_delta_sensor_async.py
[2026-03-28T22:14:38.801+0000] {processor.py:830} INFO - Processing file /home/airflow/.local/lib/python3.8/site-packages/airflow/example_dags/example_time_delta_sensor_async.py for tasks to queue
[2026-03-28T22:14:38.804+0000] {logging_mixin.py:188} INFO - [2026-03-28T22:14:38.803+0000] {dagbag.py:538} INFO - Filling up the DagBag from /home/airflow/.local/lib/python3.8/site-packages/airflow/example_dags/example_time_delta_sensor_async.py
[2026-03-28T22:14:38.808+0000] {processor.py:840} INFO - DAG(s) 'example_time_delta_sensor_async' retrieved from /home/airflow/.local/lib/python3.8/site-packages/airflow/example_dags/example_time_delta_sensor_async.py
[2026-03-28T22:14:38.908+0000] {logging_mixin.py:188} INFO - [2026-03-28T22:14:38.907+0000] {dag.py:3036} INFO - Sync 1 DAGs
[2026-03-28T22:14:38.918+0000] {logging_mixin.py:188} INFO - [2026-03-28T22:14:38.918+0000] {dag.py:3823} INFO - Setting next_dagrun for example_time_delta_sensor_async to None, run_after=None
[2026-03-28T22:14:38.941+0000] {processor.py:183} INFO - Processing /home/airflow/.local/lib/python3.8/site-packages/airflow/example_dags/example_time_delta_sensor_async.py took 0.144 seconds
[2026-03-28T22:15:09.011+0000] {processor.py:161} INFO - Started process (PID=208) to work on /home/airflow/.local/lib/python3.8/site-packages/airflow/example_dags/example_time_delta_sensor_async.py
[2026-03-28T22:15:09.013+0000] {processor.py:830} INFO - Processing file /home/airflow/.local/lib/python3.8/site-packages/airflow/example_dags/example_time_delta_sensor_async.py for tasks to queue
[2026-03-28T22:15:09.014+0000] {logging_mixin.py:188} INFO - [2026-03-28T22:15:09.014+0000] {dagbag.py:538} INFO - Filling up the DagBag from /home/airflow/.local/lib/python3.8/site-packages/airflow/example_dags/example_time_delta_sensor_async.py
[2026-03-28T22:15:09.020+0000] {processor.py:840} INFO - DAG(s) 'example_time_delta_sensor_async' retrieved from /home/airflow/.local/lib/python3.8/site-packages/airflow/example_dags/example_time_delta_sensor_async.py
[2026-03-28T22:15:09.043+0000] {logging_mixin.py:188} INFO - [2026-03-28T22:15:09.042+0000] {dag.py:3036} INFO - Sync 1 DAGs
[2026-03-28T22:15:09.054+0000] {logging_mixin.py:188} INFO - [2026-03-28T22:15:09.054+0000] {dag.py:3823} INFO - Setting next_dagrun for example_time_delta_sensor_async to None, run_after=None
[2026-03-28T22:15:09.087+0000] {processor.py:183} INFO - Processing /home/airflow/.local/lib/python3.8/site-packages/airflow/example_dags/example_time_delta_sensor_async.py took 0.079 seconds
[2026-03-28T22:15:39.543+0000] {processor.py:161} INFO - Started process (PID=264) to work on /home/airflow/.local/lib/python3.8/site-packages/airflow/example_dags/example_time_delta_sensor_async.py
[2026-03-28T22:15:39.544+0000] {processor.py:830} INFO - Processing file /home/airflow/.local/lib/python3.8/site-packages/airflow/example_dags/example_time_delta_sensor_async.py for tasks to queue
[2026-03-28T22:15:39.547+0000] {logging_mixin.py:188} INFO - [2026-03-28T22:15:39.546+0000] {dagbag.py:538} INFO - Filling up the DagBag from /home/airflow/.local/lib/python3.8/site-packages/airflow/example_dags/example_time_delta_sensor_async.py
[2026-03-28T22:15:39.552+0000] {processor.py:840} INFO - DAG(s) 'example_time_delta_sensor_async' retrieved from /home/airflow/.local/lib/python3.8/site-packages/airflow/example_dags/example_time_delta_sensor_async.py
[2026-03-28T22:15:39.574+0000] {logging_mixin.py:188} INFO - [2026-03-28T22:15:39.574+0000] {dag.py:3036} INFO - Sync 1 DAGs
[2026-03-28T22:15:39.586+0000] {logging_mixin.py:188} INFO - [2026-03-28T22:15:39.586+0000] {dag.py:3823} INFO - Setting next_dagrun for example_time_delta_sensor_async to None, run_after=None
[2026-03-28T22:15:39.609+0000] {processor.py:183} INFO - Processing /home/airflow/.local/lib/python3.8/site-packages/airflow/example_dags/example_time_delta_sensor_async.py took 0.069 seconds
[2026-03-28T22:16:09.794+0000] {processor.py:161} INFO - Started process (PID=320) to work on /home/airflow/.local/lib/python3.8/site-packages/airflow/example_dags/example_time_delta_sensor_async.py
[2026-03-28T22:16:09.795+0000] {processor.py:830} INFO - Processing file /home/airflow/.local/lib/python3.8/site-packages/airflow/example_dags/example_time_delta_sensor_async.py for tasks to queue
[2026-03-28T22:16:09.798+0000] {logging_mixin.py:188} INFO - [2026-03-28T22:16:09.797+0000] {dagbag.py:538} INFO - Filling up the DagBag from /home/airflow/.local/lib/python3.8/site-packages/airflow/example_dags/example_time_delta_sensor_async.py
[2026-03-28T22:16:09.804+0000] {processor.py:840} INFO - DAG(s) 'example_time_delta_sensor_async' retrieved from /home/airflow/.local/lib/python3.8/site-packages/airflow/example_dags/example_time_delta_sensor_async.py
[2026-03-28T22:16:09.829+0000] {logging_mixin.py:188} INFO - [2026-03-28T22:16:09.829+0000] {dag.py:3036} INFO - Sync 1 DAGs
[2026-03-28T22:16:09.842+0000] {logging_mixin.py:188} INFO - [2026-03-28T22:16:09.842+0000] {dag.py:3823} INFO - Setting next_dagrun for example_time_delta_sensor_async to None, run_after=None
[2026-03-28T22:16:09.866+0000] {processor.py:183} INFO - Processing /home/airflow/.local/lib/python3.8/site-packages/airflow/example_dags/example_time_delta_sensor_async.py took 0.076 seconds
[2026-03-28T22:16:40.168+0000] {processor.py:161} INFO - Started process (PID=376) to work on /home/airflow/.local/lib/python3.8/site-packages/airflow/example_dags/example_time_delta_sensor_async.py
[2026-03-28T22:16:40.169+0000] {processor.py:830} INFO - Processing file /home/airflow/.local/lib/python3.8/site-packages/airflow/example_dags/example_time_delta_sensor_async.py for tasks to queue
[2026-03-28T22:16:40.172+0000] {logging_mixin.py:188} INFO - [2026-03-28T22:16:40.171+0000] {dagbag.py:538} INFO - Filling up the DagBag from /home/airflow/.local/lib/python3.8/site-packages/airflow/example_dags/example_time_delta_sensor_async.py
[2026-03-28T22:16:40.177+0000] {processor.py:840} INFO - DAG(s) 'example_time_delta_sensor_async' retrieved from /home/airflow/.local/lib/python3.8/site-packages/airflow/example_dags/example_time_delta_sensor_async.py
[2026-03-28T22:16:40.200+0000] {logging_mixin.py:188} INFO - [2026-03-28T22:16:40.200+0000] {dag.py:3036} INFO - Sync 1 DAGs
[2026-03-28T22:16:40.213+0000] {logging_mixin.py:188} INFO - [2026-03-28T22:16:40.213+0000] {dag.py:3823} INFO - Setting next_dagrun for example_time_delta_sensor_async to None, run_after=None
[2026-03-28T22:16:40.237+0000] {processor.py:183} INFO - Processing /home/airflow/.local/lib/python3.8/site-packages/airflow/example_dags/example_time_delta_sensor_async.py took 0.073 seconds
[2026-03-28T22:17:11.254+0000] {processor.py:161} INFO - Started process (PID=432) to work on /home/airflow/.local/lib/python3.8/site-packages/airflow/example_dags/example_time_delta_sensor_async.py
[2026-03-28T22:17:11.255+0000] {processor.py:830} INFO - Processing file /home/airflow/.local/lib/python3.8/site-packages/airflow/example_dags/example_time_delta_sensor_async.py for tasks to queue
[2026-03-28T22:17:11.257+0000] {logging_mixin.py:188} INFO - [2026-03-28T22:17:11.257+0000] {dagbag.py:538} INFO - Filling up the DagBag from /home/airflow/.local/lib/python3.8/site-packages/airflow/example_dags/example_time_delta_sensor_async.py
[2026-03-28T22:17:11.261+0000] {processor.py:840} INFO - DAG(s) 'example_time_delta_sensor_async' retrieved from /home/airflow/.local/lib/python3.8/site-packages/airflow/example_dags/example_time_delta_sensor_async.py
[2026-03-28T22:17:11.283+0000] {logging_mixin.py:188} INFO - [2026-03-28T22:17:11.283+0000] {dag.py:3036} INFO - Sync 1 DAGs
[2026-03-28T22:17:11.294+0000] {logging_mixin.py:188} INFO - [2026-03-28T22:17:11.294+0000] {dag.py:3823} INFO - Setting next_dagrun for example_time_delta_sensor_async to None, run_after=None
[2026-03-28T22:17:11.357+0000] {processor.py:183} INFO - Processing /home/airflow/.local/lib/python3.8/site-packages/airflow/example_dags/example_time_delta_sensor_async.py took 0.107 seconds
[2026-03-28T22:17:42.435+0000] {processor.py:161} INFO - Started process (PID=488) to work on /home/airflow/.local/lib/python3.8/site-packages/airflow/example_dags/example_time_delta_sensor_async.py
[2026-03-28T22:17:42.436+0000] {processor.py:830} INFO - Processing file /home/airflow/.local/lib/python3.8/site-packages/airflow/example_dags/example_time_delta_sensor_async.py for tasks to queue
[2026-03-28T22:17:42.438+0000] {logging_mixin.py:188} INFO - [2026-03-28T22:17:42.438+0000] {dagbag.py:538} INFO - Filling up the DagBag from /home/airflow/.local/lib/python3.8/site-packages/airflow/example_dags/example_time_delta_sensor_async.py
[2026-03-28T22:17:42.442+0000] {processor.py:840} INFO - DAG(s) 'example_time_delta_sensor_async' retrieved from /home/airflow/.local/lib/python3.8/site-packages/airflow/example_dags/example_time_delta_sensor_async.py
[2026-03-28T22:17:42.465+0000] {logging_mixin.py:188} INFO - [2026-03-28T22:17:42.465+0000] {dag.py:3036} INFO - Sync 1 DAGs
[2026-03-28T22:17:42.477+0000] {logging_mixin.py:188} INFO - [2026-03-28T22:17:42.476+0000] {dag.py:3823} INFO - Setting next_dagrun for example_time_delta_sensor_async to None, run_after=None
[2026-03-28T22:17:42.604+0000] {processor.py:183} INFO - Processing /home/airflow/.local/lib/python3.8/site-packages/airflow/example_dags/example_time_delta_sensor_async.py took 0.173 seconds
[2026-03-28T22:18:13.172+0000] {processor.py:161} INFO - Started process (PID=544) to work on /home/airflow/.local/lib/python3.8/site-packages/airflow/example_dags/example_time_delta_sensor_async.py
[2026-03-28T22:18:13.173+0000] {processor.py:830} INFO - Processing file /home/airflow/.local/lib/python3.8/site-packages/airflow/example_dags/example_time_delta_sensor_async.py for tasks to queue
[2026-03-28T22:18:13.175+0000] {logging_mixin.py:188} INFO - [2026-03-28T22:18:13.175+0000] {dagbag.py:538} INFO - Filling up the DagBag from /home/airflow/.local/lib/python3.8/site-packages/airflow/example_dags/example_time_delta_sensor_async.py
[2026-03-28T22:18:13.180+0000] {processor.py:840} INFO - DAG(s) 'example_time_delta_sensor_async' retrieved from /home/airflow/.local/lib/python3.8/site-packages/airflow/example_dags/example_time_delta_sensor_async.py
[2026-03-28T22:18:13.201+0000] {logging_mixin.py:188} INFO - [2026-03-28T22:18:13.201+0000] {dag.py:3036} INFO - Sync 1 DAGs
[2026-03-28T22:18:13.212+0000] {logging_mixin.py:188} INFO - [2026-03-28T22:18:13.212+0000] {dag.py:3823} INFO - Setting next_dagrun for example_time_delta_sensor_async to None, run_after=None
[2026-03-28T22:18:13.232+0000] {processor.py:183} INFO - Processing /home/airflow/.local/lib/python3.8/site-packages/airflow/example_dags/example_time_delta_sensor_async.py took 0.063 seconds
[2026-03-28T22:18:43.525+0000] {processor.py:161} INFO - Started process (PID=600) to work on /home/airflow/.local/lib/python3.8/site-packages/airflow/example_dags/example_time_delta_sensor_async.py
[2026-03-28T22:18:43.526+0000] {processor.py:830} INFO - Processing file /home/airflow/.local/lib/python3.8/site-packages/airflow/example_dags/example_time_delta_sensor_async.py for tasks to queue
[2026-03-28T22:18:43.528+0000] {logging_mixin.py:188} INFO - [2026-03-28T22:18:43.527+0000] {dagbag.py:538} INFO - Filling up the DagBag from /home/airflow/.local/lib/python3.8/site-packages/airflow/example_dags/example_time_delta_sensor_async.py
[2026-03-28T22:18:43.532+0000] {processor.py:840} INFO - DAG(s) 'example_time_delta_sensor_async' retrieved from /home/airflow/.local/lib/python3.8/site-packages/airflow/example_dags/example_time_delta_sensor_async.py
[2026-03-28T22:18:43.553+0000] {logging_mixin.py:188} INFO - [2026-03-28T22:18:43.553+0000] {dag.py:3036} INFO - Sync 1 DAGs
[2026-03-28T22:18:43.564+0000] {logging_mixin.py:188} INFO - [2026-03-28T22:18:43.564+0000] {dag.py:3823} INFO - Setting next_dagrun for example_time_delta_sensor_async to None, run_after=None
[2026-03-28T22:18:43.586+0000] {processor.py:183} INFO - Processing /home/airflow/.local/lib/python3.8/site-packages/airflow/example_dags/example_time_delta_sensor_async.py took 0.064 seconds
[2026-03-28T22:19:14.232+0000] {processor.py:161} INFO - Started process (PID=656) to work on /home/airflow/.local/lib/python3.8/site-packages/airflow/example_dags/example_time_delta_sensor_async.py
[2026-03-28T22:19:14.233+0000] {processor.py:830} INFO - Processing file /home/airflow/.local/lib/python3.8/site-packages/airflow/example_dags/example_time_delta_sensor_async.py for tasks to queue
[2026-03-28T22:19:14.235+0000] {logging_mixin.py:188} INFO - [2026-03-28T22:19:14.235+0000] {dagbag.py:538} INFO - Filling up the DagBag from /home/airflow/.local/lib/python3.8/site-packages/airflow/example_dags/example_time_delta_sensor_async.py
[2026-03-28T22:19:14.240+0000] {processor.py:840} INFO - DAG(s) 'example_time_delta_sensor_async' retrieved from /home/airflow/.local/lib/python3.8/site-packages/airflow/example_dags/example_time_delta_sensor_async.py
[2026-03-28T22:19:14.261+0000] {logging_mixin.py:188} INFO - [2026-03-28T22:19:14.261+0000] {dag.py:3036} INFO - Sync 1 DAGs
[2026-03-28T22:19:14.272+0000] {logging_mixin.py:188} INFO - [2026-03-28T22:19:14.272+0000] {dag.py:3823} INFO - Setting next_dagrun for example_time_delta_sensor_async to None, run_after=None
[2026-03-28T22:19:14.344+0000] {processor.py:183} INFO - Processing /home/airflow/.local/lib/python3.8/site-packages/airflow/example_dags/example_time_delta_sensor_async.py took 0.115 seconds
[2026-03-28T22:19:44.535+0000] {processor.py:161} INFO - Started process (PID=712) to work on /home/airflow/.local/lib/python3.8/site-packages/airflow/example_dags/example_time_delta_sensor_async.py
[2026-03-28T22:19:44.537+0000] {processor.py:830} INFO - Processing file /home/airflow/.local/lib/python3.8/site-packages/airflow/example_dags/example_time_delta_sensor_async.py for tasks to queue
[2026-03-28T22:19:44.539+0000] {logging_mixin.py:188} INFO - [2026-03-28T22:19:44.539+0000] {dagbag.py:538} INFO - Filling up the DagBag from /home/airflow/.local/lib/python3.8/site-packages/airflow/example_dags/example_time_delta_sensor_async.py
[2026-03-28T22:19:44.545+0000] {processor.py:840} INFO - DAG(s) 'example_time_delta_sensor_async' retrieved from /home/airflow/.local/lib/python3.8/site-packages/airflow/example_dags/example_time_delta_sensor_async.py
[2026-03-28T22:19:44.572+0000] {logging_mixin.py:188} INFO - [2026-03-28T22:19:44.572+0000] {dag.py:3036} INFO - Sync 1 DAGs
[2026-03-28T22:19:44.583+0000] {logging_mixin.py:188} INFO - [2026-03-28T22:19:44.583+0000] {dag.py:3823} INFO - Setting next_dagrun for example_time_delta_sensor_async to None, run_after=None
[2026-03-28T22:19:46.580+0000] {processor.py:183} INFO - Processing /home/airflow/.local/lib/python3.8/site-packages/airflow/example_dags/example_time_delta_sensor_async.py took 2.051 seconds
[2026-03-28T22:20:16.752+0000] {processor.py:161} INFO - Started process (PID=768) to work on /home/airflow/.local/lib/python3.8/site-packages/airflow/example_dags/example_time_delta_sensor_async.py
[2026-03-28T22:20:16.759+0000] {processor.py:830} INFO - Processing file /home/airflow/.local/lib/python3.8/site-packages/airflow/example_dags/example_time_delta_sensor_async.py for tasks to queue
[2026-03-28T22:20:16.761+0000] {logging_mixin.py:188} INFO - [2026-03-28T22:20:16.760+0000] {dagbag.py:538} INFO - Filling up the DagBag from /home/airflow/.local/lib/python3.8/site-packages/airflow/example_dags/example_time_delta_sensor_async.py
[2026-03-28T22:20:16.767+0000] {processor.py:840} INFO - DAG(s) 'example_time_delta_sensor_async' retrieved from /home/airflow/.local/lib/python3.8/site-packages/airflow/example_dags/example_time_delta_sensor_async.py
[2026-03-28T22:20:16.792+0000] {logging_mixin.py:188} INFO - [2026-03-28T22:20:16.792+0000] {dag.py:3036} INFO - Sync 1 DAGs
[2026-03-28T22:20:16.805+0000] {logging_mixin.py:188} INFO - [2026-03-28T22:20:16.805+0000] {dag.py:3823} INFO - Setting next_dagrun for example_time_delta_sensor_async to None, run_after=None
[2026-03-28T22:20:16.835+0000] {processor.py:183} INFO - Processing /home/airflow/.local/lib/python3.8/site-packages/airflow/example_dags/example_time_delta_sensor_async.py took 0.086 seconds
[2026-03-28T22:20:46.869+0000] {processor.py:161} INFO - Started process (PID=823) to work on /home/airflow/.local/lib/python3.8/site-packages/airflow/example_dags/example_time_delta_sensor_async.py
[2026-03-28T22:20:46.870+0000] {processor.py:830} INFO - Processing file /home/airflow/.local/lib/python3.8/site-packages/airflow/example_dags/example_time_delta_sensor_async.py for tasks to queue
[2026-03-28T22:20:46.872+0000] {logging_mixin.py:188} INFO - [2026-03-28T22:20:46.871+0000] {dagbag.py:538} INFO - Filling up the DagBag from /home/airflow/.local/lib/python3.8/site-packages/airflow/example_dags/example_time_delta_sensor_async.py
[2026-03-28T22:20:46.876+0000] {processor.py:840} INFO - DAG(s) 'example_time_delta_sensor_async' retrieved from /home/airflow/.local/lib/python3.8/site-packages/airflow/example_dags/example_time_delta_sensor_async.py
[2026-03-28T22:20:46.899+0000] {logging_mixin.py:188} INFO - [2026-03-28T22:20:46.899+0000] {dag.py:3036} INFO - Sync 1 DAGs
[2026-03-28T22:20:46.913+0000] {logging_mixin.py:188} INFO - [2026-03-28T22:20:46.913+0000] {dag.py:3823} INFO - Setting next_dagrun for example_time_delta_sensor_async to None, run_after=None
[2026-03-28T22:20:46.956+0000] {processor.py:183} INFO - Processing /home/airflow/.local/lib/python3.8/site-packages/airflow/example_dags/example_time_delta_sensor_async.py took 0.091 seconds
[2026-03-28T22:21:17.550+0000] {processor.py:161} INFO - Started process (PID=880) to work on /home/airflow/.local/lib/python3.8/site-packages/airflow/example_dags/example_time_delta_sensor_async.py
[2026-03-28T22:21:17.551+0000] {processor.py:830} INFO - Processing file /home/airflow/.local/lib/python3.8/site-packages/airflow/example_dags/example_time_delta_sensor_async.py for tasks to queue
[2026-03-28T22:21:17.553+0000] {logging_mixin.py:188} INFO - [2026-03-28T22:21:17.553+0000] {dagbag.py:538} INFO - Filling up the DagBag from /home/airflow/.local/lib/python3.8/site-packages/airflow/example_dags/example_time_delta_sensor_async.py
[2026-03-28T22:21:17.557+0000] {processor.py:840} INFO - DAG(s) 'example_time_delta_sensor_async' retrieved from /home/airflow/.local/lib/python3.8/site-packages/airflow/example_dags/example_time_delta_sensor_async.py
[2026-03-28T22:21:17.579+0000] {logging_mixin.py:188} INFO - [2026-03-28T22:21:17.579+0000] {dag.py:3036} INFO - Sync 1 DAGs
[2026-03-28T22:21:17.593+0000] {logging_mixin.py:188} INFO - [2026-03-28T22:21:17.593+0000] {dag.py:3823} INFO - Setting next_dagrun for example_time_delta_sensor_async to None, run_after=None
[2026-03-28T22:21:17.616+0000] {processor.py:183} INFO - Processing /home/airflow/.local/lib/python3.8/site-packages/airflow/example_dags/example_time_delta_sensor_async.py took 0.070 seconds
[2026-03-28T22:21:47.826+0000] {processor.py:161} INFO - Started process (PID=936) to work on /home/airflow/.local/lib/python3.8/site-packages/airflow/example_dags/example_time_delta_sensor_async.py
[2026-03-28T22:21:47.827+0000] {processor.py:830} INFO - Processing file /home/airflow/.local/lib/python3.8/site-packages/airflow/example_dags/example_time_delta_sensor_async.py for tasks to queue
[2026-03-28T22:21:47.829+0000] {logging_mixin.py:188} INFO - [2026-03-28T22:21:47.829+0000] {dagbag.py:538} INFO - Filling up the DagBag from /home/airflow/.local/lib/python3.8/site-packages/airflow/example_dags/example_time_delta_sensor_async.py
[2026-03-28T22:21:47.834+0000] {processor.py:840} INFO - DAG(s) 'example_time_delta_sensor_async' retrieved from /home/airflow/.local/lib/python3.8/site-packages/airflow/example_dags/example_time_delta_sensor_async.py
[2026-03-28T22:21:47.857+0000] {logging_mixin.py:188} INFO - [2026-03-28T22:21:47.857+0000] {dag.py:3036} INFO - Sync 1 DAGs
[2026-03-28T22:21:47.873+0000] {logging_mixin.py:188} INFO - [2026-03-28T22:21:47.873+0000] {dag.py:3823} INFO - Setting next_dagrun for example_time_delta_sensor_async to None, run_after=None
[2026-03-28T22:21:47.897+0000] {processor.py:183} INFO - Processing /home/airflow/.local/lib/python3.8/site-packages/airflow/example_dags/example_time_delta_sensor_async.py took 0.074 seconds
[2026-03-28T22:22:18.122+0000] {processor.py:161} INFO - Started process (PID=992) to work on /home/airflow/.local/lib/python3.8/site-packages/airflow/example_dags/example_time_delta_sensor_async.py
[2026-03-28T22:22:18.124+0000] {processor.py:830} INFO - Processing file /home/airflow/.local/lib/python3.8/site-packages/airflow/example_dags/example_time_delta_sensor_async.py for tasks to queue
[2026-03-28T22:22:18.126+0000] {logging_mixin.py:188} INFO - [2026-03-28T22:22:18.126+0000] {dagbag.py:538} INFO - Filling up the DagBag from /home/airflow/.local/lib/python3.8/site-packages/airflow/example_dags/example_time_delta_sensor_async.py
[2026-03-28T22:22:18.131+0000] {processor.py:840} INFO - DAG(s) 'example_time_delta_sensor_async' retrieved from /home/airflow/.local/lib/python3.8/site-packages/airflow/example_dags/example_time_delta_sensor_async.py
[2026-03-28T22:22:18.154+0000] {logging_mixin.py:188} INFO - [2026-03-28T22:22:18.153+0000] {dag.py:3036} INFO - Sync 1 DAGs
[2026-03-28T22:22:18.168+0000] {logging_mixin.py:188} INFO - [2026-03-28T22:22:18.168+0000] {dag.py:3823} INFO - Setting next_dagrun for example_time_delta_sensor_async to None, run_after=None
[2026-03-28T22:22:18.202+0000] {processor.py:183} INFO - Processing /home/airflow/.local/lib/python3.8/site-packages/airflow/example_dags/example_time_delta_sensor_async.py took 0.084 seconds
[2026-03-28T22:22:48.439+0000] {processor.py:161} INFO - Started process (PID=1048) to work on /home/airflow/.local/lib/python3.8/site-packages/airflow/example_dags/example_time_delta_sensor_async.py
[2026-03-28T22:22:48.441+0000] {processor.py:830} INFO - Processing file /home/airflow/.local/lib/python3.8/site-packages/airflow/example_dags/example_time_delta_sensor_async.py for tasks to queue
[2026-03-28T22:22:48.443+0000] {logging_mixin.py:188} INFO - [2026-03-28T22:22:48.443+0000] {dagbag.py:538} INFO - Filling up the DagBag from /home/airflow/.local/lib/python3.8/site-packages/airflow/example_dags/example_time_delta_sensor_async.py
[2026-03-28T22:22:48.448+0000] {processor.py:840} INFO - DAG(s) 'example_time_delta_sensor_async' retrieved from /home/airflow/.local/lib/python3.8/site-packages/airflow/example_dags/example_time_delta_sensor_async.py
[2026-03-28T22:22:48.470+0000] {logging_mixin.py:188} INFO - [2026-03-28T22:22:48.470+0000] {dag.py:3036} INFO - Sync 1 DAGs
[2026-03-28T22:22:48.485+0000] {logging_mixin.py:188} INFO - [2026-03-28T22:22:48.485+0000] {dag.py:3823} INFO - Setting next_dagrun for example_time_delta_sensor_async to None, run_after=None
[2026-03-28T22:22:48.509+0000] {processor.py:183} INFO - Processing /home/airflow/.local/lib/python3.8/site-packages/airflow/example_dags/example_time_delta_sensor_async.py took 0.073 seconds
[2026-03-28T22:23:18.712+0000] {processor.py:161} INFO - Started process (PID=1104) to work on /home/airflow/.local/lib/python3.8/site-packages/airflow/example_dags/example_time_delta_sensor_async.py
[2026-03-28T22:23:18.714+0000] {processor.py:830} INFO - Processing file /home/airflow/.local/lib/python3.8/site-packages/airflow/example_dags/example_time_delta_sensor_async.py for tasks to queue
[2026-03-28T22:23:18.716+0000] {logging_mixin.py:188} INFO - [2026-03-28T22:23:18.716+0000] {dagbag.py:538} INFO - Filling up the DagBag from /home/airflow/.local/lib/python3.8/site-packages/airflow/example_dags/example_time_delta_sensor_async.py
[2026-03-28T22:23:18.721+0000] {processor.py:840} INFO - DAG(s) 'example_time_delta_sensor_async' retrieved from /home/airflow/.local/lib/python3.8/site-packages/airflow/example_dags/example_time_delta_sensor_async.py
[2026-03-28T22:23:18.744+0000] {logging_mixin.py:188} INFO - [2026-03-28T22:23:18.744+0000] {dag.py:3036} INFO - Sync 1 DAGs
[2026-03-28T22:23:18.756+0000] {logging_mixin.py:188} INFO - [2026-03-28T22:23:18.756+0000] {dag.py:3823} INFO - Setting next_dagrun for example_time_delta_sensor_async to None, run_after=None
[2026-03-28T22:23:18.777+0000] {processor.py:183} INFO - Processing /home/airflow/.local/lib/python3.8/site-packages/airflow/example_dags/example_time_delta_sensor_async.py took 0.068 seconds
[2026-03-28T22:23:49.028+0000] {processor.py:161} INFO - Started process (PID=1160) to work on /home/airflow/.local/lib/python3.8/site-packages/airflow/example_dags/example_time_delta_sensor_async.py
[2026-03-28T22:23:49.029+0000] {processor.py:830} INFO - Processing file /home/airflow/.local/lib/python3.8/site-packages/airflow/example_dags/example_time_delta_sensor_async.py for tasks to queue
[2026-03-28T22:23:49.031+0000] {logging_mixin.py:188} INFO - [2026-03-28T22:23:49.031+0000] {dagbag.py:538} INFO - Filling up the DagBag from /home/airflow/.local/lib/python3.8/site-packages/airflow/example_dags/example_time_delta_sensor_async.py
[2026-03-28T22:23:49.036+0000] {processor.py:840} INFO - DAG(s) 'example_time_delta_sensor_async' retrieved from /home/airflow/.local/lib/python3.8/site-packages/airflow/example_dags/example_time_delta_sensor_async.py
[2026-03-28T22:23:49.058+0000] {logging_mixin.py:188} INFO - [2026-03-28T22:23:49.058+0000] {dag.py:3036} INFO - Sync 1 DAGs
[2026-03-28T22:23:49.070+0000] {logging_mixin.py:188} INFO - [2026-03-28T22:23:49.070+0000] {dag.py:3823} INFO - Setting next_dagrun for example_time_delta_sensor_async to None, run_after=None
[2026-03-28T22:23:49.093+0000] {processor.py:183} INFO - Processing /home/airflow/.local/lib/python3.8/site-packages/airflow/example_dags/example_time_delta_sensor_async.py took 0.068 seconds
[2026-03-28T22:24:19.391+0000] {processor.py:161} INFO - Started process (PID=1216) to work on /home/airflow/.local/lib/python3.8/site-packages/airflow/example_dags/example_time_delta_sensor_async.py
[2026-03-28T22:24:19.393+0000] {processor.py:830} INFO - Processing file /home/airflow/.local/lib/python3.8/site-packages/airflow/example_dags/example_time_delta_sensor_async.py for tasks to queue
[2026-03-28T22:24:19.396+0000] {logging_mixin.py:188} INFO - [2026-03-28T22:24:19.395+0000] {dagbag.py:538} INFO - Filling up the DagBag from /home/airflow/.local/lib/python3.8/site-packages/airflow/example_dags/example_time_delta_sensor_async.py
[2026-03-28T22:24:19.404+0000] {processor.py:840} INFO - DAG(s) 'example_time_delta_sensor_async' retrieved from /home/airflow/.local/lib/python3.8/site-packages/airflow/example_dags/example_time_delta_sensor_async.py
[2026-03-28T22:24:19.432+0000] {logging_mixin.py:188} INFO - [2026-03-28T22:24:19.431+0000] {dag.py:3036} INFO - Sync 1 DAGs
[2026-03-28T22:24:19.449+0000] {logging_mixin.py:188} INFO - [2026-03-28T22:24:19.449+0000] {dag.py:3823} INFO - Setting next_dagrun for example_time_delta_sensor_async to None, run_after=None
[2026-03-28T22:24:19.473+0000] {processor.py:183} INFO - Processing /home/airflow/.local/lib/python3.8/site-packages/airflow/example_dags/example_time_delta_sensor_async.py took 0.087 seconds
[2026-03-28T22:24:49.558+0000] {processor.py:161} INFO - Started process (PID=1272) to work on /home/airflow/.local/lib/python3.8/site-packages/airflow/example_dags/example_time_delta_sensor_async.py
[2026-03-28T22:24:49.559+0000] {processor.py:830} INFO - Processing file /home/airflow/.local/lib/python3.8/site-packages/airflow/example_dags/example_time_delta_sensor_async.py for tasks to queue
[2026-03-28T22:24:49.561+0000] {logging_mixin.py:188} INFO - [2026-03-28T22:24:49.561+0000] {dagbag.py:538} INFO - Filling up the DagBag from /home/airflow/.local/lib/python3.8/site-packages/airflow/example_dags/example_time_delta_sensor_async.py
[2026-03-28T22:24:49.566+0000] {processor.py:840} INFO - DAG(s) 'example_time_delta_sensor_async' retrieved from /home/airflow/.local/lib/python3.8/site-packages/airflow/example_dags/example_time_delta_sensor_async.py
[2026-03-28T22:24:49.590+0000] {logging_mixin.py:188} INFO - [2026-03-28T22:24:49.590+0000] {dag.py:3036} INFO - Sync 1 DAGs
[2026-03-28T22:24:49.602+0000] {logging_mixin.py:188} INFO - [2026-03-28T22:24:49.602+0000] {dag.py:3823} INFO - Setting next_dagrun for example_time_delta_sensor_async to None, run_after=None
[2026-03-28T22:24:49.623+0000] {processor.py:183} INFO - Processing /home/airflow/.local/lib/python3.8/site-packages/airflow/example_dags/example_time_delta_sensor_async.py took 0.069 seconds
[2026-03-28T22:25:19.849+0000] {processor.py:161} INFO - Started process (PID=1328) to work on /home/airflow/.local/lib/python3.8/site-packages/airflow/example_dags/example_time_delta_sensor_async.py
[2026-03-28T22:25:19.850+0000] {processor.py:830} INFO - Processing file /home/airflow/.local/lib/python3.8/site-packages/airflow/example_dags/example_time_delta_sensor_async.py for tasks to queue
[2026-03-28T22:25:19.852+0000] {logging_mixin.py:188} INFO - [2026-03-28T22:25:19.852+0000] {dagbag.py:538} INFO - Filling up the DagBag from /home/airflow/.local/lib/python3.8/site-packages/airflow/example_dags/example_time_delta_sensor_async.py
[2026-03-28T22:25:19.858+0000] {processor.py:840} INFO - DAG(s) 'example_time_delta_sensor_async' retrieved from /home/airflow/.local/lib/python3.8/site-packages/airflow/example_dags/example_time_delta_sensor_async.py
[2026-03-28T22:25:19.888+0000] {logging_mixin.py:188} INFO - [2026-03-28T22:25:19.887+0000] {dag.py:3036} INFO - Sync 1 DAGs
[2026-03-28T22:25:19.901+0000] {logging_mixin.py:188} INFO - [2026-03-28T22:25:19.901+0000] {dag.py:3823} INFO - Setting next_dagrun for example_time_delta_sensor_async to None, run_after=None
[2026-03-28T22:25:19.925+0000] {processor.py:183} INFO - Processing /home/airflow/.local/lib/python3.8/site-packages/airflow/example_dags/example_time_delta_sensor_async.py took 0.080 seconds
[2026-03-28T22:25:50.254+0000] {processor.py:161} INFO - Started process (PID=1384) to work on /home/airflow/.local/lib/python3.8/site-packages/airflow/example_dags/example_time_delta_sensor_async.py
[2026-03-28T22:25:50.255+0000] {processor.py:830} INFO - Processing file /home/airflow/.local/lib/python3.8/site-packages/airflow/example_dags/example_time_delta_sensor_async.py for tasks to queue
[2026-03-28T22:25:50.257+0000] {logging_mixin.py:188} INFO - [2026-03-28T22:25:50.256+0000] {dagbag.py:538} INFO - Filling up the DagBag from /home/airflow/.local/lib/python3.8/site-packages/airflow/example_dags/example_time_delta_sensor_async.py
[2026-03-28T22:25:50.262+0000] {processor.py:840} INFO - DAG(s) 'example_time_delta_sensor_async' retrieved from /home/airflow/.local/lib/python3.8/site-packages/airflow/example_dags/example_time_delta_sensor_async.py
[2026-03-28T22:25:50.296+0000] {logging_mixin.py:188} INFO - [2026-03-28T22:25:50.296+0000] {dag.py:3036} INFO - Sync 1 DAGs
[2026-03-28T22:25:50.313+0000] {logging_mixin.py:188} INFO - [2026-03-28T22:25:50.312+0000] {dag.py:3823} INFO - Setting next_dagrun for example_time_delta_sensor_async to None, run_after=None
[2026-03-28T22:25:50.345+0000] {processor.py:183} INFO - Processing /home/airflow/.local/lib/python3.8/site-packages/airflow/example_dags/example_time_delta_sensor_async.py took 0.095 seconds
[2026-03-28T22:26:20.474+0000] {processor.py:161} INFO - Started process (PID=1441) to work on /home/airflow/.local/lib/python3.8/site-packages/airflow/example_dags/example_time_delta_sensor_async.py
[2026-03-28T22:26:20.475+0000] {processor.py:830} INFO - Processing file /home/airflow/.local/lib/python3.8/site-packages/airflow/example_dags/example_time_delta_sensor_async.py for tasks to queue
[2026-03-28T22:26:20.477+0000] {logging_mixin.py:188} INFO - [2026-03-28T22:26:20.476+0000] {dagbag.py:538} INFO - Filling up the DagBag from /home/airflow/.local/lib/python3.8/site-packages/airflow/example_dags/example_time_delta_sensor_async.py
[2026-03-28T22:26:20.482+0000] {processor.py:840} INFO - DAG(s) 'example_time_delta_sensor_async' retrieved from /home/airflow/.local/lib/python3.8/site-packages/airflow/example_dags/example_time_delta_sensor_async.py
[2026-03-28T22:26:20.505+0000] {logging_mixin.py:188} INFO - [2026-03-28T22:26:20.504+0000] {dag.py:3036} INFO - Sync 1 DAGs
[2026-03-28T22:26:20.517+0000] {logging_mixin.py:188} INFO - [2026-03-28T22:26:20.517+0000] {dag.py:3823} INFO - Setting next_dagrun for example_time_delta_sensor_async to None, run_after=None
[2026-03-28T22:26:20.539+0000] {processor.py:183} INFO - Processing /home/airflow/.local/lib/python3.8/site-packages/airflow/example_dags/example_time_delta_sensor_async.py took 0.069 seconds
[2026-03-28T22:26:50.868+0000] {processor.py:161} INFO - Started process (PID=1497) to work on /home/airflow/.local/lib/python3.8/site-packages/airflow/example_dags/example_time_delta_sensor_async.py
[2026-03-28T22:26:50.869+0000] {processor.py:830} INFO - Processing file /home/airflow/.local/lib/python3.8/site-packages/airflow/example_dags/example_time_delta_sensor_async.py for tasks to queue
[2026-03-28T22:26:50.872+0000] {logging_mixin.py:188} INFO - [2026-03-28T22:26:50.871+0000] {dagbag.py:538} INFO - Filling up the DagBag from /home/airflow/.local/lib/python3.8/site-packages/airflow/example_dags/example_time_delta_sensor_async.py
[2026-03-28T22:26:50.876+0000] {processor.py:840} INFO - DAG(s) 'example_time_delta_sensor_async' retrieved from /home/airflow/.local/lib/python3.8/site-packages/airflow/example_dags/example_time_delta_sensor_async.py
[2026-03-28T22:26:50.904+0000] {logging_mixin.py:188} INFO - [2026-03-28T22:26:50.903+0000] {dag.py:3036} INFO - Sync 1 DAGs
[2026-03-28T22:26:50.916+0000] {logging_mixin.py:188} INFO - [2026-03-28T22:26:50.916+0000] {dag.py:3823} INFO - Setting next_dagrun for example_time_delta_sensor_async to None, run_after=None
[2026-03-28T22:26:50.938+0000] {processor.py:183} INFO - Processing /home/airflow/.local/lib/python3.8/site-packages/airflow/example_dags/example_time_delta_sensor_async.py took 0.074 seconds
[2026-03-28T22:27:21.545+0000] {processor.py:161} INFO - Started process (PID=1553) to work on /home/airflow/.local/lib/python3.8/site-packages/airflow/example_dags/example_time_delta_sensor_async.py
[2026-03-28T22:27:21.546+0000] {processor.py:830} INFO - Processing file /home/airflow/.local/lib/python3.8/site-packages/airflow/example_dags/example_time_delta_sensor_async.py for tasks to queue
[2026-03-28T22:27:21.548+0000] {logging_mixin.py:188} INFO - [2026-03-28T22:27:21.548+0000] {dagbag.py:538} INFO - Filling up the DagBag from /home/airflow/.local/lib/python3.8/site-packages/airflow/example_dags/example_time_delta_sensor_async.py
[2026-03-28T22:27:21.553+0000] {processor.py:840} INFO - DAG(s) 'example_time_delta_sensor_async' retrieved from /home/airflow/.local/lib/python3.8/site-packages/airflow/example_dags/example_time_delta_sensor_async.py
[2026-03-28T22:27:21.575+0000] {logging_mixin.py:188} INFO - [2026-03-28T22:27:21.575+0000] {dag.py:3036} INFO - Sync 1 DAGs
[2026-03-28T22:27:21.589+0000] {logging_mixin.py:188} INFO - [2026-03-28T22:27:21.589+0000] {dag.py:3823} INFO - Setting next_dagrun for example_time_delta_sensor_async to None, run_after=None
[2026-03-28T22:27:21.620+0000] {processor.py:183} INFO - Processing /home/airflow/.local/lib/python3.8/site-packages/airflow/example_dags/example_time_delta_sensor_async.py took 0.078 seconds
[2026-03-28T22:27:52.050+0000] {processor.py:161} INFO - Started process (PID=1609) to work on /home/airflow/.local/lib/python3.8/site-packages/airflow/example_dags/example_time_delta_sensor_async.py
[2026-03-28T22:27:52.052+0000] {processor.py:830} INFO - Processing file /home/airflow/.local/lib/python3.8/site-packages/airflow/example_dags/example_time_delta_sensor_async.py for tasks to queue
[2026-03-28T22:27:52.054+0000] {logging_mixin.py:188} INFO - [2026-03-28T22:27:52.054+0000] {dagbag.py:538} INFO - Filling up the DagBag from /home/airflow/.local/lib/python3.8/site-packages/airflow/example_dags/example_time_delta_sensor_async.py
[2026-03-28T22:27:52.064+0000] {processor.py:840} INFO - DAG(s) 'example_time_delta_sensor_async' retrieved from /home/airflow/.local/lib/python3.8/site-packages/airflow/example_dags/example_time_delta_sensor_async.py
[2026-03-28T22:27:52.094+0000] {logging_mixin.py:188} INFO - [2026-03-28T22:27:52.093+0000] {dag.py:3036} INFO - Sync 1 DAGs
[2026-03-28T22:27:52.107+0000] {logging_mixin.py:188} INFO - [2026-03-28T22:27:52.106+0000] {dag.py:3823} INFO - Setting next_dagrun for example_time_delta_sensor_async to None, run_after=None
[2026-03-28T22:27:52.135+0000] {processor.py:183} INFO - Processing /home/airflow/.local/lib/python3.8/site-packages/airflow/example_dags/example_time_delta_sensor_async.py took 0.090 seconds
[2026-03-28T22:28:22.280+0000] {processor.py:161} INFO - Started process (PID=1665) to work on /home/airflow/.local/lib/python3.8/site-packages/airflow/example_dags/example_time_delta_sensor_async.py
[2026-03-28T22:28:22.281+0000] {processor.py:830} INFO - Processing file /home/airflow/.local/lib/python3.8/site-packages/airflow/example_dags/example_time_delta_sensor_async.py for tasks to queue
[2026-03-28T22:28:22.283+0000] {logging_mixin.py:188} INFO - [2026-03-28T22:28:22.283+0000] {dagbag.py:538} INFO - Filling up the DagBag from /home/airflow/.local/lib/python3.8/site-packages/airflow/example_dags/example_time_delta_sensor_async.py
[2026-03-28T22:28:22.288+0000] {processor.py:840} INFO - DAG(s) 'example_time_delta_sensor_async' retrieved from /home/airflow/.local/lib/python3.8/site-packages/airflow/example_dags/example_time_delta_sensor_async.py
[2026-03-28T22:28:22.310+0000] {logging_mixin.py:188} INFO - [2026-03-28T22:28:22.310+0000] {dag.py:3036} INFO - Sync 1 DAGs
[2026-03-28T22:28:22.323+0000] {logging_mixin.py:188} INFO - [2026-03-28T22:28:22.323+0000] {dag.py:3823} INFO - Setting next_dagrun for example_time_delta_sensor_async to None, run_after=None
[2026-03-28T22:28:22.344+0000] {processor.py:183} INFO - Processing /home/airflow/.local/lib/python3.8/site-packages/airflow/example_dags/example_time_delta_sensor_async.py took 0.068 seconds
[2026-03-28T22:28:52.630+0000] {processor.py:161} INFO - Started process (PID=1721) to work on /home/airflow/.local/lib/python3.8/site-packages/airflow/example_dags/example_time_delta_sensor_async.py
[2026-03-28T22:28:52.634+0000] {processor.py:830} INFO - Processing file /home/airflow/.local/lib/python3.8/site-packages/airflow/example_dags/example_time_delta_sensor_async.py for tasks to queue
[2026-03-28T22:28:52.636+0000] {logging_mixin.py:188} INFO - [2026-03-28T22:28:52.636+0000] {dagbag.py:538} INFO - Filling up the DagBag from /home/airflow/.local/lib/python3.8/site-packages/airflow/example_dags/example_time_delta_sensor_async.py
[2026-03-28T22:28:52.642+0000] {processor.py:840} INFO - DAG(s) 'example_time_delta_sensor_async' retrieved from /home/airflow/.local/lib/python3.8/site-packages/airflow/example_dags/example_time_delta_sensor_async.py
[2026-03-28T22:28:52.667+0000] {logging_mixin.py:188} INFO - [2026-03-28T22:28:52.666+0000] {dag.py:3036} INFO - Sync 1 DAGs
[2026-03-28T22:28:52.679+0000] {logging_mixin.py:188} INFO - [2026-03-28T22:28:52.679+0000] {dag.py:3823} INFO - Setting next_dagrun for example_time_delta_sensor_async to None, run_after=None
[2026-03-28T22:28:52.708+0000] {processor.py:183} INFO - Processing /home/airflow/.local/lib/python3.8/site-packages/airflow/example_dags/example_time_delta_sensor_async.py took 0.085 seconds
[2026-03-28T22:29:23.268+0000] {processor.py:161} INFO - Started process (PID=1777) to work on /home/airflow/.local/lib/python3.8/site-packages/airflow/example_dags/example_time_delta_sensor_async.py
[2026-03-28T22:29:23.269+0000] {processor.py:830} INFO - Processing file /home/airflow/.local/lib/python3.8/site-packages/airflow/example_dags/example_time_delta_sensor_async.py for tasks to queue
[2026-03-28T22:29:23.272+0000] {logging_mixin.py:188} INFO - [2026-03-28T22:29:23.272+0000] {dagbag.py:538} INFO - Filling up the DagBag from /home/airflow/.local/lib/python3.8/site-packages/airflow/example_dags/example_time_delta_sensor_async.py
[2026-03-28T22:29:23.279+0000] {processor.py:840} INFO - DAG(s) 'example_time_delta_sensor_async' retrieved from /home/airflow/.local/lib/python3.8/site-packages/airflow/example_dags/example_time_delta_sensor_async.py
[2026-03-28T22:29:23.310+0000] {logging_mixin.py:188} INFO - [2026-03-28T22:29:23.310+0000] {dag.py:3036} INFO - Sync 1 DAGs
[2026-03-28T22:29:23.326+0000] {logging_mixin.py:188} INFO - [2026-03-28T22:29:23.325+0000] {dag.py:3823} INFO - Setting next_dagrun for example_time_delta_sensor_async to None, run_after=None
[2026-03-28T22:29:23.352+0000] {processor.py:183} INFO - Processing /home/airflow/.local/lib/python3.8/site-packages/airflow/example_dags/example_time_delta_sensor_async.py took 0.089 seconds
[2026-03-28T22:29:53.453+0000] {processor.py:161} INFO - Started process (PID=1833) to work on /home/airflow/.local/lib/python3.8/site-packages/airflow/example_dags/example_time_delta_sensor_async.py
[2026-03-28T22:29:53.454+0000] {processor.py:830} INFO - Processing file /home/airflow/.local/lib/python3.8/site-packages/airflow/example_dags/example_time_delta_sensor_async.py for tasks to queue
[2026-03-28T22:29:53.456+0000] {logging_mixin.py:188} INFO - [2026-03-28T22:29:53.456+0000] {dagbag.py:538} INFO - Filling up the DagBag from /home/airflow/.local/lib/python3.8/site-packages/airflow/example_dags/example_time_delta_sensor_async.py
[2026-03-28T22:29:53.461+0000] {processor.py:840} INFO - DAG(s) 'example_time_delta_sensor_async' retrieved from /home/airflow/.local/lib/python3.8/site-packages/airflow/example_dags/example_time_delta_sensor_async.py
[2026-03-28T22:29:53.483+0000] {logging_mixin.py:188} INFO - [2026-03-28T22:29:53.483+0000] {dag.py:3036} INFO - Sync 1 DAGs
[2026-03-28T22:29:53.494+0000] {logging_mixin.py:188} INFO - [2026-03-28T22:29:53.494+0000] {dag.py:3823} INFO - Setting next_dagrun for example_time_delta_sensor_async to None, run_after=None
[2026-03-28T22:29:53.522+0000] {processor.py:183} INFO - Processing /home/airflow/.local/lib/python3.8/site-packages/airflow/example_dags/example_time_delta_sensor_async.py took 0.073 seconds
[2026-03-28T22:30:24.422+0000] {processor.py:161} INFO - Started process (PID=1889) to work on /home/airflow/.local/lib/python3.8/site-packages/airflow/example_dags/example_time_delta_sensor_async.py
[2026-03-28T22:30:24.423+0000] {processor.py:830} INFO - Processing file /home/airflow/.local/lib/python3.8/site-packages/airflow/example_dags/example_time_delta_sensor_async.py for tasks to queue
[2026-03-28T22:30:24.426+0000] {logging_mixin.py:188} INFO - [2026-03-28T22:30:24.426+0000] {dagbag.py:538} INFO - Filling up the DagBag from /home/airflow/.local/lib/python3.8/site-packages/airflow/example_dags/example_time_delta_sensor_async.py
[2026-03-28T22:30:24.434+0000] {processor.py:840} INFO - DAG(s) 'example_time_delta_sensor_async' retrieved from /home/airflow/.local/lib/python3.8/site-packages/airflow/example_dags/example_time_delta_sensor_async.py
[2026-03-28T22:30:24.466+0000] {logging_mixin.py:188} INFO - [2026-03-28T22:30:24.466+0000] {dag.py:3036} INFO - Sync 1 DAGs
[2026-03-28T22:30:24.485+0000] {logging_mixin.py:188} INFO - [2026-03-28T22:30:24.485+0000] {dag.py:3823} INFO - Setting next_dagrun for example_time_delta_sensor_async to None, run_after=None
[2026-03-28T22:30:24.512+0000] {processor.py:183} INFO - Processing /home/airflow/.local/lib/python3.8/site-packages/airflow/example_dags/example_time_delta_sensor_async.py took 0.097 seconds
[2026-03-28T22:30:54.767+0000] {processor.py:161} INFO - Started process (PID=1946) to work on /home/airflow/.local/lib/python3.8/site-packages/airflow/example_dags/example_time_delta_sensor_async.py
[2026-03-28T22:30:54.768+0000] {processor.py:830} INFO - Processing file /home/airflow/.local/lib/python3.8/site-packages/airflow/example_dags/example_time_delta_sensor_async.py for tasks to queue
[2026-03-28T22:30:54.770+0000] {logging_mixin.py:188} INFO - [2026-03-28T22:30:54.770+0000] {dagbag.py:538} INFO - Filling up the DagBag from /home/airflow/.local/lib/python3.8/site-packages/airflow/example_dags/example_time_delta_sensor_async.py
[2026-03-28T22:30:54.775+0000] {processor.py:840} INFO - DAG(s) 'example_time_delta_sensor_async' retrieved from /home/airflow/.local/lib/python3.8/site-packages/airflow/example_dags/example_time_delta_sensor_async.py
[2026-03-28T22:30:54.795+0000] {logging_mixin.py:188} INFO - [2026-03-28T22:30:54.795+0000] {dag.py:3036} INFO - Sync 1 DAGs
[2026-03-28T22:30:54.805+0000] {logging_mixin.py:188} INFO - [2026-03-28T22:30:54.805+0000] {dag.py:3823} INFO - Setting next_dagrun for example_time_delta_sensor_async to None, run_after=None
[2026-03-28T22:30:54.824+0000] {processor.py:183} INFO - Processing /home/airflow/.local/lib/python3.8/site-packages/airflow/example_dags/example_time_delta_sensor_async.py took 0.061 seconds
[2026-03-28T22:31:39.321+0000] {processor.py:161} INFO - Started process (PID=97) to work on /home/airflow/.local/lib/python3.8/site-packages/airflow/example_dags/example_time_delta_sensor_async.py
[2026-03-28T22:31:39.324+0000] {processor.py:830} INFO - Processing file /home/airflow/.local/lib/python3.8/site-packages/airflow/example_dags/example_time_delta_sensor_async.py for tasks to queue
[2026-03-28T22:31:39.327+0000] {logging_mixin.py:188} INFO - [2026-03-28T22:31:39.326+0000] {dagbag.py:538} INFO - Filling up the DagBag from /home/airflow/.local/lib/python3.8/site-packages/airflow/example_dags/example_time_delta_sensor_async.py
[2026-03-28T22:31:39.336+0000] {processor.py:840} INFO - DAG(s) 'example_time_delta_sensor_async' retrieved from /home/airflow/.local/lib/python3.8/site-packages/airflow/example_dags/example_time_delta_sensor_async.py
[2026-03-28T22:31:39.355+0000] {logging_mixin.py:188} INFO - [2026-03-28T22:31:39.354+0000] {dag.py:3036} INFO - Sync 1 DAGs
[2026-03-28T22:31:39.377+0000] {logging_mixin.py:188} INFO - [2026-03-28T22:31:39.376+0000] {dag.py:3823} INFO - Setting next_dagrun for example_time_delta_sensor_async to None, run_after=None
[2026-03-28T22:31:39.417+0000] {processor.py:183} INFO - Processing /home/airflow/.local/lib/python3.8/site-packages/airflow/example_dags/example_time_delta_sensor_async.py took 0.100 seconds
[2026-03-28T22:32:14.632+0000] {processor.py:161} INFO - Started process (PID=98) to work on /home/airflow/.local/lib/python3.8/site-packages/airflow/example_dags/example_time_delta_sensor_async.py
[2026-03-28T22:32:14.633+0000] {processor.py:830} INFO - Processing file /home/airflow/.local/lib/python3.8/site-packages/airflow/example_dags/example_time_delta_sensor_async.py for tasks to queue
[2026-03-28T22:32:14.637+0000] {logging_mixin.py:188} INFO - [2026-03-28T22:32:14.636+0000] {dagbag.py:538} INFO - Filling up the DagBag from /home/airflow/.local/lib/python3.8/site-packages/airflow/example_dags/example_time_delta_sensor_async.py
[2026-03-28T22:32:14.645+0000] {processor.py:840} INFO - DAG(s) 'example_time_delta_sensor_async' retrieved from /home/airflow/.local/lib/python3.8/site-packages/airflow/example_dags/example_time_delta_sensor_async.py
[2026-03-28T22:32:14.667+0000] {logging_mixin.py:188} INFO - [2026-03-28T22:32:14.667+0000] {dag.py:3036} INFO - Sync 1 DAGs
[2026-03-28T22:32:14.686+0000] {logging_mixin.py:188} INFO - [2026-03-28T22:32:14.686+0000] {dag.py:3823} INFO - Setting next_dagrun for example_time_delta_sensor_async to None, run_after=None
[2026-03-28T22:32:14.716+0000] {processor.py:183} INFO - Processing /home/airflow/.local/lib/python3.8/site-packages/airflow/example_dags/example_time_delta_sensor_async.py took 0.090 seconds
[2026-03-28T22:32:46.933+0000] {processor.py:161} INFO - Started process (PID=154) to work on /home/airflow/.local/lib/python3.8/site-packages/airflow/example_dags/example_time_delta_sensor_async.py
[2026-03-28T22:32:46.934+0000] {processor.py:830} INFO - Processing file /home/airflow/.local/lib/python3.8/site-packages/airflow/example_dags/example_time_delta_sensor_async.py for tasks to queue
[2026-03-28T22:32:46.937+0000] {logging_mixin.py:188} INFO - [2026-03-28T22:32:46.937+0000] {dagbag.py:538} INFO - Filling up the DagBag from /home/airflow/.local/lib/python3.8/site-packages/airflow/example_dags/example_time_delta_sensor_async.py
[2026-03-28T22:32:46.943+0000] {processor.py:840} INFO - DAG(s) 'example_time_delta_sensor_async' retrieved from /home/airflow/.local/lib/python3.8/site-packages/airflow/example_dags/example_time_delta_sensor_async.py
[2026-03-28T22:32:47.046+0000] {logging_mixin.py:188} INFO - [2026-03-28T22:32:47.046+0000] {dag.py:3036} INFO - Sync 1 DAGs
[2026-03-28T22:32:47.057+0000] {logging_mixin.py:188} INFO - [2026-03-28T22:32:47.057+0000] {dag.py:3823} INFO - Setting next_dagrun for example_time_delta_sensor_async to None, run_after=None
[2026-03-28T22:32:47.081+0000] {processor.py:183} INFO - Processing /home/airflow/.local/lib/python3.8/site-packages/airflow/example_dags/example_time_delta_sensor_async.py took 0.152 seconds
[2026-03-28T22:34:06.048+0000] {processor.py:161} INFO - Started process (PID=109) to work on /home/airflow/.local/lib/python3.8/site-packages/airflow/example_dags/example_time_delta_sensor_async.py
[2026-03-28T22:34:06.050+0000] {processor.py:830} INFO - Processing file /home/airflow/.local/lib/python3.8/site-packages/airflow/example_dags/example_time_delta_sensor_async.py for tasks to queue
[2026-03-28T22:34:06.054+0000] {logging_mixin.py:188} INFO - [2026-03-28T22:34:06.053+0000] {dagbag.py:538} INFO - Filling up the DagBag from /home/airflow/.local/lib/python3.8/site-packages/airflow/example_dags/example_time_delta_sensor_async.py
[2026-03-28T22:34:06.064+0000] {processor.py:840} INFO - DAG(s) 'example_time_delta_sensor_async' retrieved from /home/airflow/.local/lib/python3.8/site-packages/airflow/example_dags/example_time_delta_sensor_async.py
[2026-03-28T22:34:06.237+0000] {logging_mixin.py:188} INFO - [2026-03-28T22:34:06.236+0000] {dag.py:3036} INFO - Sync 1 DAGs
[2026-03-28T22:34:06.251+0000] {logging_mixin.py:188} INFO - [2026-03-28T22:34:06.251+0000] {dag.py:3823} INFO - Setting next_dagrun for example_time_delta_sensor_async to None, run_after=None
[2026-03-28T22:34:06.292+0000] {processor.py:183} INFO - Processing /home/airflow/.local/lib/python3.8/site-packages/airflow/example_dags/example_time_delta_sensor_async.py took 0.250 seconds
[2026-03-28T22:34:37.061+0000] {processor.py:161} INFO - Started process (PID=165) to work on /home/airflow/.local/lib/python3.8/site-packages/airflow/example_dags/example_time_delta_sensor_async.py
[2026-03-28T22:34:37.063+0000] {processor.py:830} INFO - Processing file /home/airflow/.local/lib/python3.8/site-packages/airflow/example_dags/example_time_delta_sensor_async.py for tasks to queue
[2026-03-28T22:34:37.066+0000] {logging_mixin.py:188} INFO - [2026-03-28T22:34:37.065+0000] {dagbag.py:538} INFO - Filling up the DagBag from /home/airflow/.local/lib/python3.8/site-packages/airflow/example_dags/example_time_delta_sensor_async.py
[2026-03-28T22:34:37.072+0000] {processor.py:840} INFO - DAG(s) 'example_time_delta_sensor_async' retrieved from /home/airflow/.local/lib/python3.8/site-packages/airflow/example_dags/example_time_delta_sensor_async.py
[2026-03-28T22:34:37.101+0000] {logging_mixin.py:188} INFO - [2026-03-28T22:34:37.101+0000] {dag.py:3036} INFO - Sync 1 DAGs
[2026-03-28T22:34:37.116+0000] {logging_mixin.py:188} INFO - [2026-03-28T22:34:37.116+0000] {dag.py:3823} INFO - Setting next_dagrun for example_time_delta_sensor_async to None, run_after=None
[2026-03-28T22:34:37.139+0000] {processor.py:183} INFO - Processing /home/airflow/.local/lib/python3.8/site-packages/airflow/example_dags/example_time_delta_sensor_async.py took 0.083 seconds
[2026-03-28T22:35:07.483+0000] {processor.py:161} INFO - Started process (PID=221) to work on /home/airflow/.local/lib/python3.8/site-packages/airflow/example_dags/example_time_delta_sensor_async.py
[2026-03-28T22:35:07.484+0000] {processor.py:830} INFO - Processing file /home/airflow/.local/lib/python3.8/site-packages/airflow/example_dags/example_time_delta_sensor_async.py for tasks to queue
[2026-03-28T22:35:07.487+0000] {logging_mixin.py:188} INFO - [2026-03-28T22:35:07.486+0000] {dagbag.py:538} INFO - Filling up the DagBag from /home/airflow/.local/lib/python3.8/site-packages/airflow/example_dags/example_time_delta_sensor_async.py
[2026-03-28T22:35:07.493+0000] {processor.py:840} INFO - DAG(s) 'example_time_delta_sensor_async' retrieved from /home/airflow/.local/lib/python3.8/site-packages/airflow/example_dags/example_time_delta_sensor_async.py
[2026-03-28T22:35:07.515+0000] {logging_mixin.py:188} INFO - [2026-03-28T22:35:07.515+0000] {dag.py:3036} INFO - Sync 1 DAGs
[2026-03-28T22:35:07.527+0000] {logging_mixin.py:188} INFO - [2026-03-28T22:35:07.527+0000] {dag.py:3823} INFO - Setting next_dagrun for example_time_delta_sensor_async to None, run_after=None
[2026-03-28T22:35:07.549+0000] {processor.py:183} INFO - Processing /home/airflow/.local/lib/python3.8/site-packages/airflow/example_dags/example_time_delta_sensor_async.py took 0.069 seconds
[2026-03-28T22:35:37.704+0000] {processor.py:161} INFO - Started process (PID=277) to work on /home/airflow/.local/lib/python3.8/site-packages/airflow/example_dags/example_time_delta_sensor_async.py
[2026-03-28T22:35:37.705+0000] {processor.py:830} INFO - Processing file /home/airflow/.local/lib/python3.8/site-packages/airflow/example_dags/example_time_delta_sensor_async.py for tasks to queue
[2026-03-28T22:35:37.707+0000] {logging_mixin.py:188} INFO - [2026-03-28T22:35:37.707+0000] {dagbag.py:538} INFO - Filling up the DagBag from /home/airflow/.local/lib/python3.8/site-packages/airflow/example_dags/example_time_delta_sensor_async.py
[2026-03-28T22:35:37.712+0000] {processor.py:840} INFO - DAG(s) 'example_time_delta_sensor_async' retrieved from /home/airflow/.local/lib/python3.8/site-packages/airflow/example_dags/example_time_delta_sensor_async.py
[2026-03-28T22:35:37.735+0000] {logging_mixin.py:188} INFO - [2026-03-28T22:35:37.734+0000] {dag.py:3036} INFO - Sync 1 DAGs
[2026-03-28T22:35:37.747+0000] {logging_mixin.py:188} INFO - [2026-03-28T22:35:37.747+0000] {dag.py:3823} INFO - Setting next_dagrun for example_time_delta_sensor_async to None, run_after=None
[2026-03-28T22:35:37.767+0000] {processor.py:183} INFO - Processing /home/airflow/.local/lib/python3.8/site-packages/airflow/example_dags/example_time_delta_sensor_async.py took 0.067 seconds
[2026-03-28T22:36:07.895+0000] {processor.py:161} INFO - Started process (PID=333) to work on /home/airflow/.local/lib/python3.8/site-packages/airflow/example_dags/example_time_delta_sensor_async.py
[2026-03-28T22:36:07.896+0000] {processor.py:830} INFO - Processing file /home/airflow/.local/lib/python3.8/site-packages/airflow/example_dags/example_time_delta_sensor_async.py for tasks to queue
[2026-03-28T22:36:07.899+0000] {logging_mixin.py:188} INFO - [2026-03-28T22:36:07.899+0000] {dagbag.py:538} INFO - Filling up the DagBag from /home/airflow/.local/lib/python3.8/site-packages/airflow/example_dags/example_time_delta_sensor_async.py
[2026-03-28T22:36:07.905+0000] {processor.py:840} INFO - DAG(s) 'example_time_delta_sensor_async' retrieved from /home/airflow/.local/lib/python3.8/site-packages/airflow/example_dags/example_time_delta_sensor_async.py
[2026-03-28T22:36:07.930+0000] {logging_mixin.py:188} INFO - [2026-03-28T22:36:07.930+0000] {dag.py:3036} INFO - Sync 1 DAGs
[2026-03-28T22:36:07.942+0000] {logging_mixin.py:188} INFO - [2026-03-28T22:36:07.942+0000] {dag.py:3823} INFO - Setting next_dagrun for example_time_delta_sensor_async to None, run_after=None
[2026-03-28T22:36:07.966+0000] {processor.py:183} INFO - Processing /home/airflow/.local/lib/python3.8/site-packages/airflow/example_dags/example_time_delta_sensor_async.py took 0.076 seconds
[2026-03-28T22:36:38.552+0000] {processor.py:161} INFO - Started process (PID=389) to work on /home/airflow/.local/lib/python3.8/site-packages/airflow/example_dags/example_time_delta_sensor_async.py
[2026-03-28T22:36:38.553+0000] {processor.py:830} INFO - Processing file /home/airflow/.local/lib/python3.8/site-packages/airflow/example_dags/example_time_delta_sensor_async.py for tasks to queue
[2026-03-28T22:36:38.555+0000] {logging_mixin.py:188} INFO - [2026-03-28T22:36:38.555+0000] {dagbag.py:538} INFO - Filling up the DagBag from /home/airflow/.local/lib/python3.8/site-packages/airflow/example_dags/example_time_delta_sensor_async.py
[2026-03-28T22:36:38.561+0000] {processor.py:840} INFO - DAG(s) 'example_time_delta_sensor_async' retrieved from /home/airflow/.local/lib/python3.8/site-packages/airflow/example_dags/example_time_delta_sensor_async.py
[2026-03-28T22:36:38.582+0000] {logging_mixin.py:188} INFO - [2026-03-28T22:36:38.582+0000] {dag.py:3036} INFO - Sync 1 DAGs
[2026-03-28T22:36:38.593+0000] {logging_mixin.py:188} INFO - [2026-03-28T22:36:38.593+0000] {dag.py:3823} INFO - Setting next_dagrun for example_time_delta_sensor_async to None, run_after=None
[2026-03-28T22:36:38.615+0000] {processor.py:183} INFO - Processing /home/airflow/.local/lib/python3.8/site-packages/airflow/example_dags/example_time_delta_sensor_async.py took 0.066 seconds
[2026-03-28T22:37:43.315+0000] {processor.py:161} INFO - Started process (PID=91) to work on /home/airflow/.local/lib/python3.8/site-packages/airflow/example_dags/example_time_delta_sensor_async.py
[2026-03-28T22:37:43.317+0000] {processor.py:830} INFO - Processing file /home/airflow/.local/lib/python3.8/site-packages/airflow/example_dags/example_time_delta_sensor_async.py for tasks to queue
[2026-03-28T22:37:43.319+0000] {logging_mixin.py:188} INFO - [2026-03-28T22:37:43.318+0000] {dagbag.py:538} INFO - Filling up the DagBag from /home/airflow/.local/lib/python3.8/site-packages/airflow/example_dags/example_time_delta_sensor_async.py
[2026-03-28T22:37:43.325+0000] {processor.py:840} INFO - DAG(s) 'example_time_delta_sensor_async' retrieved from /home/airflow/.local/lib/python3.8/site-packages/airflow/example_dags/example_time_delta_sensor_async.py
[2026-03-28T22:37:43.341+0000] {logging_mixin.py:188} INFO - [2026-03-28T22:37:43.341+0000] {dag.py:3036} INFO - Sync 1 DAGs
[2026-03-28T22:37:43.360+0000] {logging_mixin.py:188} INFO - [2026-03-28T22:37:43.359+0000] {dag.py:3823} INFO - Setting next_dagrun for example_time_delta_sensor_async to None, run_after=None
[2026-03-28T22:37:43.383+0000] {processor.py:183} INFO - Processing /home/airflow/.local/lib/python3.8/site-packages/airflow/example_dags/example_time_delta_sensor_async.py took 0.071 seconds
[2026-03-28T22:38:15.292+0000] {processor.py:161} INFO - Started process (PID=147) to work on /home/airflow/.local/lib/python3.8/site-packages/airflow/example_dags/example_time_delta_sensor_async.py
[2026-03-28T22:38:15.294+0000] {processor.py:830} INFO - Processing file /home/airflow/.local/lib/python3.8/site-packages/airflow/example_dags/example_time_delta_sensor_async.py for tasks to queue
[2026-03-28T22:38:15.298+0000] {logging_mixin.py:188} INFO - [2026-03-28T22:38:15.298+0000] {dagbag.py:538} INFO - Filling up the DagBag from /home/airflow/.local/lib/python3.8/site-packages/airflow/example_dags/example_time_delta_sensor_async.py
[2026-03-28T22:38:15.304+0000] {processor.py:840} INFO - DAG(s) 'example_time_delta_sensor_async' retrieved from /home/airflow/.local/lib/python3.8/site-packages/airflow/example_dags/example_time_delta_sensor_async.py
[2026-03-28T22:38:15.428+0000] {logging_mixin.py:188} INFO - [2026-03-28T22:38:15.428+0000] {dag.py:3036} INFO - Sync 1 DAGs
[2026-03-28T22:38:15.443+0000] {logging_mixin.py:188} INFO - [2026-03-28T22:38:15.442+0000] {dag.py:3823} INFO - Setting next_dagrun for example_time_delta_sensor_async to None, run_after=None
[2026-03-28T22:38:15.471+0000] {processor.py:183} INFO - Processing /home/airflow/.local/lib/python3.8/site-packages/airflow/example_dags/example_time_delta_sensor_async.py took 0.183 seconds
[2026-03-28T22:38:45.587+0000] {processor.py:161} INFO - Started process (PID=203) to work on /home/airflow/.local/lib/python3.8/site-packages/airflow/example_dags/example_time_delta_sensor_async.py
[2026-03-28T22:38:45.589+0000] {processor.py:830} INFO - Processing file /home/airflow/.local/lib/python3.8/site-packages/airflow/example_dags/example_time_delta_sensor_async.py for tasks to queue
[2026-03-28T22:38:45.592+0000] {logging_mixin.py:188} INFO - [2026-03-28T22:38:45.591+0000] {dagbag.py:538} INFO - Filling up the DagBag from /home/airflow/.local/lib/python3.8/site-packages/airflow/example_dags/example_time_delta_sensor_async.py
[2026-03-28T22:38:45.598+0000] {processor.py:840} INFO - DAG(s) 'example_time_delta_sensor_async' retrieved from /home/airflow/.local/lib/python3.8/site-packages/airflow/example_dags/example_time_delta_sensor_async.py
[2026-03-28T22:38:45.628+0000] {logging_mixin.py:188} INFO - [2026-03-28T22:38:45.628+0000] {dag.py:3036} INFO - Sync 1 DAGs
[2026-03-28T22:38:45.642+0000] {logging_mixin.py:188} INFO - [2026-03-28T22:38:45.642+0000] {dag.py:3823} INFO - Setting next_dagrun for example_time_delta_sensor_async to None, run_after=None
[2026-03-28T22:38:45.664+0000] {processor.py:183} INFO - Processing /home/airflow/.local/lib/python3.8/site-packages/airflow/example_dags/example_time_delta_sensor_async.py took 0.081 seconds
[2026-03-28T22:39:15.807+0000] {processor.py:161} INFO - Started process (PID=259) to work on /home/airflow/.local/lib/python3.8/site-packages/airflow/example_dags/example_time_delta_sensor_async.py
[2026-03-28T22:39:15.809+0000] {processor.py:830} INFO - Processing file /home/airflow/.local/lib/python3.8/site-packages/airflow/example_dags/example_time_delta_sensor_async.py for tasks to queue
[2026-03-28T22:39:15.812+0000] {logging_mixin.py:188} INFO - [2026-03-28T22:39:15.812+0000] {dagbag.py:538} INFO - Filling up the DagBag from /home/airflow/.local/lib/python3.8/site-packages/airflow/example_dags/example_time_delta_sensor_async.py
[2026-03-28T22:39:15.819+0000] {processor.py:840} INFO - DAG(s) 'example_time_delta_sensor_async' retrieved from /home/airflow/.local/lib/python3.8/site-packages/airflow/example_dags/example_time_delta_sensor_async.py
[2026-03-28T22:39:15.849+0000] {logging_mixin.py:188} INFO - [2026-03-28T22:39:15.849+0000] {dag.py:3036} INFO - Sync 1 DAGs
[2026-03-28T22:39:15.867+0000] {logging_mixin.py:188} INFO - [2026-03-28T22:39:15.867+0000] {dag.py:3823} INFO - Setting next_dagrun for example_time_delta_sensor_async to None, run_after=None
[2026-03-28T22:39:15.898+0000] {processor.py:183} INFO - Processing /home/airflow/.local/lib/python3.8/site-packages/airflow/example_dags/example_time_delta_sensor_async.py took 0.094 seconds
[2026-03-28T22:39:45.982+0000] {processor.py:161} INFO - Started process (PID=314) to work on /home/airflow/.local/lib/python3.8/site-packages/airflow/example_dags/example_time_delta_sensor_async.py
[2026-03-28T22:39:45.986+0000] {processor.py:830} INFO - Processing file /home/airflow/.local/lib/python3.8/site-packages/airflow/example_dags/example_time_delta_sensor_async.py for tasks to queue
[2026-03-28T22:39:45.995+0000] {logging_mixin.py:188} INFO - [2026-03-28T22:39:45.994+0000] {dagbag.py:538} INFO - Filling up the DagBag from /home/airflow/.local/lib/python3.8/site-packages/airflow/example_dags/example_time_delta_sensor_async.py
[2026-03-28T22:39:46.005+0000] {processor.py:840} INFO - DAG(s) 'example_time_delta_sensor_async' retrieved from /home/airflow/.local/lib/python3.8/site-packages/airflow/example_dags/example_time_delta_sensor_async.py
[2026-03-28T22:39:46.048+0000] {logging_mixin.py:188} INFO - [2026-03-28T22:39:46.047+0000] {dag.py:3036} INFO - Sync 1 DAGs
[2026-03-28T22:39:46.074+0000] {logging_mixin.py:188} INFO - [2026-03-28T22:39:46.074+0000] {dag.py:3823} INFO - Setting next_dagrun for example_time_delta_sensor_async to None, run_after=None
[2026-03-28T22:39:46.107+0000] {processor.py:183} INFO - Processing /home/airflow/.local/lib/python3.8/site-packages/airflow/example_dags/example_time_delta_sensor_async.py took 0.132 seconds
[2026-03-28T22:40:16.860+0000] {processor.py:161} INFO - Started process (PID=370) to work on /home/airflow/.local/lib/python3.8/site-packages/airflow/example_dags/example_time_delta_sensor_async.py
[2026-03-28T22:40:16.862+0000] {processor.py:830} INFO - Processing file /home/airflow/.local/lib/python3.8/site-packages/airflow/example_dags/example_time_delta_sensor_async.py for tasks to queue
[2026-03-28T22:40:16.865+0000] {logging_mixin.py:188} INFO - [2026-03-28T22:40:16.865+0000] {dagbag.py:538} INFO - Filling up the DagBag from /home/airflow/.local/lib/python3.8/site-packages/airflow/example_dags/example_time_delta_sensor_async.py
[2026-03-28T22:40:16.875+0000] {processor.py:840} INFO - DAG(s) 'example_time_delta_sensor_async' retrieved from /home/airflow/.local/lib/python3.8/site-packages/airflow/example_dags/example_time_delta_sensor_async.py
[2026-03-28T22:40:16.910+0000] {logging_mixin.py:188} INFO - [2026-03-28T22:40:16.910+0000] {dag.py:3036} INFO - Sync 1 DAGs
[2026-03-28T22:40:16.931+0000] {logging_mixin.py:188} INFO - [2026-03-28T22:40:16.930+0000] {dag.py:3823} INFO - Setting next_dagrun for example_time_delta_sensor_async to None, run_after=None
[2026-03-28T22:40:16.959+0000] {processor.py:183} INFO - Processing /home/airflow/.local/lib/python3.8/site-packages/airflow/example_dags/example_time_delta_sensor_async.py took 0.106 seconds
[2026-03-28T22:40:47.648+0000] {processor.py:161} INFO - Started process (PID=427) to work on /home/airflow/.local/lib/python3.8/site-packages/airflow/example_dags/example_time_delta_sensor_async.py
[2026-03-28T22:40:47.650+0000] {processor.py:830} INFO - Processing file /home/airflow/.local/lib/python3.8/site-packages/airflow/example_dags/example_time_delta_sensor_async.py for tasks to queue
[2026-03-28T22:40:47.654+0000] {logging_mixin.py:188} INFO - [2026-03-28T22:40:47.654+0000] {dagbag.py:538} INFO - Filling up the DagBag from /home/airflow/.local/lib/python3.8/site-packages/airflow/example_dags/example_time_delta_sensor_async.py
[2026-03-28T22:40:47.664+0000] {processor.py:840} INFO - DAG(s) 'example_time_delta_sensor_async' retrieved from /home/airflow/.local/lib/python3.8/site-packages/airflow/example_dags/example_time_delta_sensor_async.py
[2026-03-28T22:40:47.703+0000] {logging_mixin.py:188} INFO - [2026-03-28T22:40:47.702+0000] {dag.py:3036} INFO - Sync 1 DAGs
[2026-03-28T22:40:47.725+0000] {logging_mixin.py:188} INFO - [2026-03-28T22:40:47.724+0000] {dag.py:3823} INFO - Setting next_dagrun for example_time_delta_sensor_async to None, run_after=None
[2026-03-28T22:40:47.762+0000] {processor.py:183} INFO - Processing /home/airflow/.local/lib/python3.8/site-packages/airflow/example_dags/example_time_delta_sensor_async.py took 0.118 seconds
[2026-03-28T22:41:18.740+0000] {processor.py:161} INFO - Started process (PID=483) to work on /home/airflow/.local/lib/python3.8/site-packages/airflow/example_dags/example_time_delta_sensor_async.py
[2026-03-28T22:41:18.742+0000] {processor.py:830} INFO - Processing file /home/airflow/.local/lib/python3.8/site-packages/airflow/example_dags/example_time_delta_sensor_async.py for tasks to queue
[2026-03-28T22:41:18.747+0000] {logging_mixin.py:188} INFO - [2026-03-28T22:41:18.746+0000] {dagbag.py:538} INFO - Filling up the DagBag from /home/airflow/.local/lib/python3.8/site-packages/airflow/example_dags/example_time_delta_sensor_async.py
[2026-03-28T22:41:18.765+0000] {processor.py:840} INFO - DAG(s) 'example_time_delta_sensor_async' retrieved from /home/airflow/.local/lib/python3.8/site-packages/airflow/example_dags/example_time_delta_sensor_async.py
[2026-03-28T22:41:18.785+0000] {logging_mixin.py:188} INFO - [2026-03-28T22:41:18.784+0000] {dag.py:3036} INFO - Sync 1 DAGs
[2026-03-28T22:41:18.804+0000] {logging_mixin.py:188} INFO - [2026-03-28T22:41:18.804+0000] {dag.py:3823} INFO - Setting next_dagrun for example_time_delta_sensor_async to None, run_after=None
[2026-03-28T22:41:18.832+0000] {processor.py:183} INFO - Processing /home/airflow/.local/lib/python3.8/site-packages/airflow/example_dags/example_time_delta_sensor_async.py took 0.099 seconds
[2026-03-28T22:41:49.323+0000] {processor.py:161} INFO - Started process (PID=539) to work on /home/airflow/.local/lib/python3.8/site-packages/airflow/example_dags/example_time_delta_sensor_async.py
[2026-03-28T22:41:49.325+0000] {processor.py:830} INFO - Processing file /home/airflow/.local/lib/python3.8/site-packages/airflow/example_dags/example_time_delta_sensor_async.py for tasks to queue
[2026-03-28T22:41:49.329+0000] {logging_mixin.py:188} INFO - [2026-03-28T22:41:49.328+0000] {dagbag.py:538} INFO - Filling up the DagBag from /home/airflow/.local/lib/python3.8/site-packages/airflow/example_dags/example_time_delta_sensor_async.py
[2026-03-28T22:41:49.341+0000] {processor.py:840} INFO - DAG(s) 'example_time_delta_sensor_async' retrieved from /home/airflow/.local/lib/python3.8/site-packages/airflow/example_dags/example_time_delta_sensor_async.py
[2026-03-28T22:41:49.519+0000] {logging_mixin.py:188} INFO - [2026-03-28T22:41:49.518+0000] {dag.py:3036} INFO - Sync 1 DAGs
[2026-03-28T22:41:49.534+0000] {logging_mixin.py:188} INFO - [2026-03-28T22:41:49.533+0000] {dag.py:3823} INFO - Setting next_dagrun for example_time_delta_sensor_async to None, run_after=None
[2026-03-28T22:41:49.571+0000] {processor.py:183} INFO - Processing /home/airflow/.local/lib/python3.8/site-packages/airflow/example_dags/example_time_delta_sensor_async.py took 0.261 seconds
[2026-03-28T22:42:19.874+0000] {processor.py:161} INFO - Started process (PID=595) to work on /home/airflow/.local/lib/python3.8/site-packages/airflow/example_dags/example_time_delta_sensor_async.py
[2026-03-28T22:42:19.877+0000] {processor.py:830} INFO - Processing file /home/airflow/.local/lib/python3.8/site-packages/airflow/example_dags/example_time_delta_sensor_async.py for tasks to queue
[2026-03-28T22:42:19.890+0000] {logging_mixin.py:188} INFO - [2026-03-28T22:42:19.888+0000] {dagbag.py:538} INFO - Filling up the DagBag from /home/airflow/.local/lib/python3.8/site-packages/airflow/example_dags/example_time_delta_sensor_async.py
[2026-03-28T22:42:19.905+0000] {processor.py:840} INFO - DAG(s) 'example_time_delta_sensor_async' retrieved from /home/airflow/.local/lib/python3.8/site-packages/airflow/example_dags/example_time_delta_sensor_async.py
[2026-03-28T22:42:19.960+0000] {logging_mixin.py:188} INFO - [2026-03-28T22:42:19.958+0000] {dag.py:3036} INFO - Sync 1 DAGs
[2026-03-28T22:42:20.002+0000] {logging_mixin.py:188} INFO - [2026-03-28T22:42:20.001+0000] {dag.py:3823} INFO - Setting next_dagrun for example_time_delta_sensor_async to None, run_after=None
[2026-03-28T22:42:20.058+0000] {processor.py:183} INFO - Processing /home/airflow/.local/lib/python3.8/site-packages/airflow/example_dags/example_time_delta_sensor_async.py took 0.190 seconds
[2026-03-28T22:42:50.661+0000] {processor.py:161} INFO - Started process (PID=651) to work on /home/airflow/.local/lib/python3.8/site-packages/airflow/example_dags/example_time_delta_sensor_async.py
[2026-03-28T22:42:50.662+0000] {processor.py:830} INFO - Processing file /home/airflow/.local/lib/python3.8/site-packages/airflow/example_dags/example_time_delta_sensor_async.py for tasks to queue
[2026-03-28T22:42:50.665+0000] {logging_mixin.py:188} INFO - [2026-03-28T22:42:50.664+0000] {dagbag.py:538} INFO - Filling up the DagBag from /home/airflow/.local/lib/python3.8/site-packages/airflow/example_dags/example_time_delta_sensor_async.py
[2026-03-28T22:42:50.669+0000] {processor.py:840} INFO - DAG(s) 'example_time_delta_sensor_async' retrieved from /home/airflow/.local/lib/python3.8/site-packages/airflow/example_dags/example_time_delta_sensor_async.py
[2026-03-28T22:42:50.692+0000] {logging_mixin.py:188} INFO - [2026-03-28T22:42:50.691+0000] {dag.py:3036} INFO - Sync 1 DAGs
[2026-03-28T22:42:50.703+0000] {logging_mixin.py:188} INFO - [2026-03-28T22:42:50.702+0000] {dag.py:3823} INFO - Setting next_dagrun for example_time_delta_sensor_async to None, run_after=None
[2026-03-28T22:42:50.724+0000] {processor.py:183} INFO - Processing /home/airflow/.local/lib/python3.8/site-packages/airflow/example_dags/example_time_delta_sensor_async.py took 0.067 seconds
[2026-03-28T22:43:21.376+0000] {processor.py:161} INFO - Started process (PID=707) to work on /home/airflow/.local/lib/python3.8/site-packages/airflow/example_dags/example_time_delta_sensor_async.py
[2026-03-28T22:43:21.377+0000] {processor.py:830} INFO - Processing file /home/airflow/.local/lib/python3.8/site-packages/airflow/example_dags/example_time_delta_sensor_async.py for tasks to queue
[2026-03-28T22:43:21.380+0000] {logging_mixin.py:188} INFO - [2026-03-28T22:43:21.380+0000] {dagbag.py:538} INFO - Filling up the DagBag from /home/airflow/.local/lib/python3.8/site-packages/airflow/example_dags/example_time_delta_sensor_async.py
[2026-03-28T22:43:21.388+0000] {processor.py:840} INFO - DAG(s) 'example_time_delta_sensor_async' retrieved from /home/airflow/.local/lib/python3.8/site-packages/airflow/example_dags/example_time_delta_sensor_async.py
[2026-03-28T22:43:21.420+0000] {logging_mixin.py:188} INFO - [2026-03-28T22:43:21.420+0000] {dag.py:3036} INFO - Sync 1 DAGs
[2026-03-28T22:43:21.437+0000] {logging_mixin.py:188} INFO - [2026-03-28T22:43:21.437+0000] {dag.py:3823} INFO - Setting next_dagrun for example_time_delta_sensor_async to None, run_after=None
[2026-03-28T22:43:21.471+0000] {processor.py:183} INFO - Processing /home/airflow/.local/lib/python3.8/site-packages/airflow/example_dags/example_time_delta_sensor_async.py took 0.100 seconds
[2026-03-28T22:43:51.840+0000] {processor.py:161} INFO - Started process (PID=763) to work on /home/airflow/.local/lib/python3.8/site-packages/airflow/example_dags/example_time_delta_sensor_async.py
[2026-03-28T22:43:51.841+0000] {processor.py:830} INFO - Processing file /home/airflow/.local/lib/python3.8/site-packages/airflow/example_dags/example_time_delta_sensor_async.py for tasks to queue
[2026-03-28T22:43:51.843+0000] {logging_mixin.py:188} INFO - [2026-03-28T22:43:51.843+0000] {dagbag.py:538} INFO - Filling up the DagBag from /home/airflow/.local/lib/python3.8/site-packages/airflow/example_dags/example_time_delta_sensor_async.py
[2026-03-28T22:43:51.848+0000] {processor.py:840} INFO - DAG(s) 'example_time_delta_sensor_async' retrieved from /home/airflow/.local/lib/python3.8/site-packages/airflow/example_dags/example_time_delta_sensor_async.py
[2026-03-28T22:43:51.872+0000] {logging_mixin.py:188} INFO - [2026-03-28T22:43:51.872+0000] {dag.py:3036} INFO - Sync 1 DAGs
[2026-03-28T22:43:51.884+0000] {logging_mixin.py:188} INFO - [2026-03-28T22:43:51.884+0000] {dag.py:3823} INFO - Setting next_dagrun for example_time_delta_sensor_async to None, run_after=None
[2026-03-28T22:43:51.906+0000] {processor.py:183} INFO - Processing /home/airflow/.local/lib/python3.8/site-packages/airflow/example_dags/example_time_delta_sensor_async.py took 0.069 seconds
[2026-03-28T22:44:22.176+0000] {processor.py:161} INFO - Started process (PID=818) to work on /home/airflow/.local/lib/python3.8/site-packages/airflow/example_dags/example_time_delta_sensor_async.py
[2026-03-28T22:44:22.177+0000] {processor.py:830} INFO - Processing file /home/airflow/.local/lib/python3.8/site-packages/airflow/example_dags/example_time_delta_sensor_async.py for tasks to queue
[2026-03-28T22:44:22.179+0000] {logging_mixin.py:188} INFO - [2026-03-28T22:44:22.179+0000] {dagbag.py:538} INFO - Filling up the DagBag from /home/airflow/.local/lib/python3.8/site-packages/airflow/example_dags/example_time_delta_sensor_async.py
[2026-03-28T22:44:22.184+0000] {processor.py:840} INFO - DAG(s) 'example_time_delta_sensor_async' retrieved from /home/airflow/.local/lib/python3.8/site-packages/airflow/example_dags/example_time_delta_sensor_async.py
[2026-03-28T22:44:22.207+0000] {logging_mixin.py:188} INFO - [2026-03-28T22:44:22.206+0000] {dag.py:3036} INFO - Sync 1 DAGs
[2026-03-28T22:44:22.218+0000] {logging_mixin.py:188} INFO - [2026-03-28T22:44:22.218+0000] {dag.py:3823} INFO - Setting next_dagrun for example_time_delta_sensor_async to None, run_after=None
[2026-03-28T22:44:22.241+0000] {processor.py:183} INFO - Processing /home/airflow/.local/lib/python3.8/site-packages/airflow/example_dags/example_time_delta_sensor_async.py took 0.068 seconds
[2026-03-28T22:44:52.388+0000] {processor.py:161} INFO - Started process (PID=874) to work on /home/airflow/.local/lib/python3.8/site-packages/airflow/example_dags/example_time_delta_sensor_async.py
[2026-03-28T22:44:52.390+0000] {processor.py:830} INFO - Processing file /home/airflow/.local/lib/python3.8/site-packages/airflow/example_dags/example_time_delta_sensor_async.py for tasks to queue
[2026-03-28T22:44:52.392+0000] {logging_mixin.py:188} INFO - [2026-03-28T22:44:52.392+0000] {dagbag.py:538} INFO - Filling up the DagBag from /home/airflow/.local/lib/python3.8/site-packages/airflow/example_dags/example_time_delta_sensor_async.py
[2026-03-28T22:44:52.399+0000] {processor.py:840} INFO - DAG(s) 'example_time_delta_sensor_async' retrieved from /home/airflow/.local/lib/python3.8/site-packages/airflow/example_dags/example_time_delta_sensor_async.py
[2026-03-28T22:44:52.425+0000] {logging_mixin.py:188} INFO - [2026-03-28T22:44:52.425+0000] {dag.py:3036} INFO - Sync 1 DAGs
[2026-03-28T22:44:52.441+0000] {logging_mixin.py:188} INFO - [2026-03-28T22:44:52.441+0000] {dag.py:3823} INFO - Setting next_dagrun for example_time_delta_sensor_async to None, run_after=None
[2026-03-28T22:44:52.468+0000] {processor.py:183} INFO - Processing /home/airflow/.local/lib/python3.8/site-packages/airflow/example_dags/example_time_delta_sensor_async.py took 0.084 seconds
[2026-03-28T22:45:23.249+0000] {processor.py:161} INFO - Started process (PID=931) to work on /home/airflow/.local/lib/python3.8/site-packages/airflow/example_dags/example_time_delta_sensor_async.py
[2026-03-28T22:45:23.251+0000] {processor.py:830} INFO - Processing file /home/airflow/.local/lib/python3.8/site-packages/airflow/example_dags/example_time_delta_sensor_async.py for tasks to queue
[2026-03-28T22:45:23.254+0000] {logging_mixin.py:188} INFO - [2026-03-28T22:45:23.253+0000] {dagbag.py:538} INFO - Filling up the DagBag from /home/airflow/.local/lib/python3.8/site-packages/airflow/example_dags/example_time_delta_sensor_async.py
[2026-03-28T22:45:23.261+0000] {processor.py:840} INFO - DAG(s) 'example_time_delta_sensor_async' retrieved from /home/airflow/.local/lib/python3.8/site-packages/airflow/example_dags/example_time_delta_sensor_async.py
[2026-03-28T22:45:23.294+0000] {logging_mixin.py:188} INFO - [2026-03-28T22:45:23.293+0000] {dag.py:3036} INFO - Sync 1 DAGs
[2026-03-28T22:45:23.308+0000] {logging_mixin.py:188} INFO - [2026-03-28T22:45:23.308+0000] {dag.py:3823} INFO - Setting next_dagrun for example_time_delta_sensor_async to None, run_after=None
[2026-03-28T22:45:23.336+0000] {processor.py:183} INFO - Processing /home/airflow/.local/lib/python3.8/site-packages/airflow/example_dags/example_time_delta_sensor_async.py took 0.091 seconds
[2026-03-28T22:45:53.841+0000] {processor.py:161} INFO - Started process (PID=987) to work on /home/airflow/.local/lib/python3.8/site-packages/airflow/example_dags/example_time_delta_sensor_async.py
[2026-03-28T22:45:53.842+0000] {processor.py:830} INFO - Processing file /home/airflow/.local/lib/python3.8/site-packages/airflow/example_dags/example_time_delta_sensor_async.py for tasks to queue
[2026-03-28T22:45:53.844+0000] {logging_mixin.py:188} INFO - [2026-03-28T22:45:53.843+0000] {dagbag.py:538} INFO - Filling up the DagBag from /home/airflow/.local/lib/python3.8/site-packages/airflow/example_dags/example_time_delta_sensor_async.py
[2026-03-28T22:45:53.849+0000] {processor.py:840} INFO - DAG(s) 'example_time_delta_sensor_async' retrieved from /home/airflow/.local/lib/python3.8/site-packages/airflow/example_dags/example_time_delta_sensor_async.py
[2026-03-28T22:45:53.872+0000] {logging_mixin.py:188} INFO - [2026-03-28T22:45:53.872+0000] {dag.py:3036} INFO - Sync 1 DAGs
[2026-03-28T22:45:53.885+0000] {logging_mixin.py:188} INFO - [2026-03-28T22:45:53.885+0000] {dag.py:3823} INFO - Setting next_dagrun for example_time_delta_sensor_async to None, run_after=None
[2026-03-28T22:45:53.910+0000] {processor.py:183} INFO - Processing /home/airflow/.local/lib/python3.8/site-packages/airflow/example_dags/example_time_delta_sensor_async.py took 0.073 seconds
[2026-03-28T22:46:41.288+0000] {processor.py:161} INFO - Started process (PID=1042) to work on /home/airflow/.local/lib/python3.8/site-packages/airflow/example_dags/example_time_delta_sensor_async.py
[2026-03-28T22:46:41.290+0000] {processor.py:830} INFO - Processing file /home/airflow/.local/lib/python3.8/site-packages/airflow/example_dags/example_time_delta_sensor_async.py for tasks to queue
[2026-03-28T22:46:41.294+0000] {logging_mixin.py:188} INFO - [2026-03-28T22:46:41.293+0000] {dagbag.py:538} INFO - Filling up the DagBag from /home/airflow/.local/lib/python3.8/site-packages/airflow/example_dags/example_time_delta_sensor_async.py
[2026-03-28T22:46:41.309+0000] {processor.py:840} INFO - DAG(s) 'example_time_delta_sensor_async' retrieved from /home/airflow/.local/lib/python3.8/site-packages/airflow/example_dags/example_time_delta_sensor_async.py
[2026-03-28T22:46:41.387+0000] {logging_mixin.py:188} INFO - [2026-03-28T22:46:41.386+0000] {dag.py:3036} INFO - Sync 1 DAGs
[2026-03-28T22:46:41.431+0000] {logging_mixin.py:188} INFO - [2026-03-28T22:46:41.430+0000] {dag.py:3823} INFO - Setting next_dagrun for example_time_delta_sensor_async to None, run_after=None
[2026-03-28T22:46:41.499+0000] {processor.py:183} INFO - Processing /home/airflow/.local/lib/python3.8/site-packages/airflow/example_dags/example_time_delta_sensor_async.py took 0.222 seconds
