[2026-03-28T22:09:39.751+0000] {processor.py:161} INFO - Started process (PID=64) to work on /home/airflow/.local/lib/python3.8/site-packages/airflow/example_dags/example_dag_decorator.py
[2026-03-28T22:09:39.752+0000] {processor.py:830} INFO - Processing file /home/airflow/.local/lib/python3.8/site-packages/airflow/example_dags/example_dag_decorator.py for tasks to queue
[2026-03-28T22:09:39.755+0000] {logging_mixin.py:188} INFO - [2026-03-28T22:09:39.755+0000] {dagbag.py:538} INFO - Filling up the DagBag from /home/airflow/.local/lib/python3.8/site-packages/airflow/example_dags/example_dag_decorator.py
[2026-03-28T22:09:40.029+0000] {processor.py:840} INFO - DAG(s) 'example_dag_decorator' retrieved from /home/airflow/.local/lib/python3.8/site-packages/airflow/example_dags/example_dag_decorator.py
[2026-03-28T22:09:40.153+0000] {logging_mixin.py:188} INFO - [2026-03-28T22:09:40.152+0000] {override.py:1769} INFO - Created Permission View: can edit on DAG:example_dag_decorator
[2026-03-28T22:09:40.166+0000] {logging_mixin.py:188} INFO - [2026-03-28T22:09:40.166+0000] {override.py:1769} INFO - Created Permission View: can delete on DAG:example_dag_decorator
[2026-03-28T22:09:40.176+0000] {logging_mixin.py:188} INFO - [2026-03-28T22:09:40.175+0000] {override.py:1769} INFO - Created Permission View: can read on DAG:example_dag_decorator
[2026-03-28T22:09:40.177+0000] {logging_mixin.py:188} INFO - [2026-03-28T22:09:40.176+0000] {dag.py:3036} INFO - Sync 1 DAGs
[2026-03-28T22:09:40.190+0000] {logging_mixin.py:188} INFO - [2026-03-28T22:09:40.189+0000] {dag.py:3058} INFO - Creating ORM DAG for example_dag_decorator
[2026-03-28T22:09:40.191+0000] {logging_mixin.py:188} INFO - [2026-03-28T22:09:40.191+0000] {dag.py:3823} INFO - Setting next_dagrun for example_dag_decorator to None, run_after=None
[2026-03-28T22:09:40.213+0000] {processor.py:183} INFO - Processing /home/airflow/.local/lib/python3.8/site-packages/airflow/example_dags/example_dag_decorator.py took 0.466 seconds
[2026-03-28T22:10:10.467+0000] {processor.py:161} INFO - Started process (PID=120) to work on /home/airflow/.local/lib/python3.8/site-packages/airflow/example_dags/example_dag_decorator.py
[2026-03-28T22:10:10.468+0000] {processor.py:830} INFO - Processing file /home/airflow/.local/lib/python3.8/site-packages/airflow/example_dags/example_dag_decorator.py for tasks to queue
[2026-03-28T22:10:10.470+0000] {logging_mixin.py:188} INFO - [2026-03-28T22:10:10.470+0000] {dagbag.py:538} INFO - Filling up the DagBag from /home/airflow/.local/lib/python3.8/site-packages/airflow/example_dags/example_dag_decorator.py
[2026-03-28T22:10:10.555+0000] {processor.py:840} INFO - DAG(s) 'example_dag_decorator' retrieved from /home/airflow/.local/lib/python3.8/site-packages/airflow/example_dags/example_dag_decorator.py
[2026-03-28T22:10:10.650+0000] {logging_mixin.py:188} INFO - [2026-03-28T22:10:10.650+0000] {dag.py:3036} INFO - Sync 1 DAGs
[2026-03-28T22:10:10.660+0000] {logging_mixin.py:188} INFO - [2026-03-28T22:10:10.660+0000] {dag.py:3823} INFO - Setting next_dagrun for example_dag_decorator to None, run_after=None
[2026-03-28T22:10:10.684+0000] {processor.py:183} INFO - Processing /home/airflow/.local/lib/python3.8/site-packages/airflow/example_dags/example_dag_decorator.py took 0.221 seconds
[2026-03-28T22:10:40.976+0000] {processor.py:161} INFO - Started process (PID=182) to work on /home/airflow/.local/lib/python3.8/site-packages/airflow/example_dags/example_dag_decorator.py
[2026-03-28T22:10:40.978+0000] {processor.py:830} INFO - Processing file /home/airflow/.local/lib/python3.8/site-packages/airflow/example_dags/example_dag_decorator.py for tasks to queue
[2026-03-28T22:10:40.981+0000] {logging_mixin.py:188} INFO - [2026-03-28T22:10:40.980+0000] {dagbag.py:538} INFO - Filling up the DagBag from /home/airflow/.local/lib/python3.8/site-packages/airflow/example_dags/example_dag_decorator.py
[2026-03-28T22:10:41.095+0000] {processor.py:840} INFO - DAG(s) 'example_dag_decorator' retrieved from /home/airflow/.local/lib/python3.8/site-packages/airflow/example_dags/example_dag_decorator.py
[2026-03-28T22:10:41.199+0000] {logging_mixin.py:188} INFO - [2026-03-28T22:10:41.198+0000] {dag.py:3036} INFO - Sync 1 DAGs
[2026-03-28T22:10:41.209+0000] {logging_mixin.py:188} INFO - [2026-03-28T22:10:41.209+0000] {dag.py:3823} INFO - Setting next_dagrun for example_dag_decorator to None, run_after=None
[2026-03-28T22:10:41.233+0000] {processor.py:183} INFO - Processing /home/airflow/.local/lib/python3.8/site-packages/airflow/example_dags/example_dag_decorator.py took 0.260 seconds
[2026-03-28T22:11:11.432+0000] {processor.py:161} INFO - Started process (PID=238) to work on /home/airflow/.local/lib/python3.8/site-packages/airflow/example_dags/example_dag_decorator.py
[2026-03-28T22:11:11.434+0000] {processor.py:830} INFO - Processing file /home/airflow/.local/lib/python3.8/site-packages/airflow/example_dags/example_dag_decorator.py for tasks to queue
[2026-03-28T22:11:11.436+0000] {logging_mixin.py:188} INFO - [2026-03-28T22:11:11.435+0000] {dagbag.py:538} INFO - Filling up the DagBag from /home/airflow/.local/lib/python3.8/site-packages/airflow/example_dags/example_dag_decorator.py
[2026-03-28T22:11:11.531+0000] {processor.py:840} INFO - DAG(s) 'example_dag_decorator' retrieved from /home/airflow/.local/lib/python3.8/site-packages/airflow/example_dags/example_dag_decorator.py
[2026-03-28T22:11:11.630+0000] {logging_mixin.py:188} INFO - [2026-03-28T22:11:11.630+0000] {dag.py:3036} INFO - Sync 1 DAGs
[2026-03-28T22:11:11.640+0000] {logging_mixin.py:188} INFO - [2026-03-28T22:11:11.640+0000] {dag.py:3823} INFO - Setting next_dagrun for example_dag_decorator to None, run_after=None
[2026-03-28T22:11:11.664+0000] {processor.py:183} INFO - Processing /home/airflow/.local/lib/python3.8/site-packages/airflow/example_dags/example_dag_decorator.py took 0.235 seconds
[2026-03-28T22:11:41.705+0000] {processor.py:161} INFO - Started process (PID=294) to work on /home/airflow/.local/lib/python3.8/site-packages/airflow/example_dags/example_dag_decorator.py
[2026-03-28T22:11:41.707+0000] {processor.py:830} INFO - Processing file /home/airflow/.local/lib/python3.8/site-packages/airflow/example_dags/example_dag_decorator.py for tasks to queue
[2026-03-28T22:11:41.709+0000] {logging_mixin.py:188} INFO - [2026-03-28T22:11:41.708+0000] {dagbag.py:538} INFO - Filling up the DagBag from /home/airflow/.local/lib/python3.8/site-packages/airflow/example_dags/example_dag_decorator.py
[2026-03-28T22:11:41.795+0000] {processor.py:840} INFO - DAG(s) 'example_dag_decorator' retrieved from /home/airflow/.local/lib/python3.8/site-packages/airflow/example_dags/example_dag_decorator.py
[2026-03-28T22:11:41.893+0000] {logging_mixin.py:188} INFO - [2026-03-28T22:11:41.893+0000] {dag.py:3036} INFO - Sync 1 DAGs
[2026-03-28T22:11:41.902+0000] {logging_mixin.py:188} INFO - [2026-03-28T22:11:41.902+0000] {dag.py:3823} INFO - Setting next_dagrun for example_dag_decorator to None, run_after=None
[2026-03-28T22:11:41.934+0000] {processor.py:183} INFO - Processing /home/airflow/.local/lib/python3.8/site-packages/airflow/example_dags/example_dag_decorator.py took 0.232 seconds
[2026-03-28T22:12:12.019+0000] {processor.py:161} INFO - Started process (PID=351) to work on /home/airflow/.local/lib/python3.8/site-packages/airflow/example_dags/example_dag_decorator.py
[2026-03-28T22:12:12.020+0000] {processor.py:830} INFO - Processing file /home/airflow/.local/lib/python3.8/site-packages/airflow/example_dags/example_dag_decorator.py for tasks to queue
[2026-03-28T22:12:12.023+0000] {logging_mixin.py:188} INFO - [2026-03-28T22:12:12.022+0000] {dagbag.py:538} INFO - Filling up the DagBag from /home/airflow/.local/lib/python3.8/site-packages/airflow/example_dags/example_dag_decorator.py
[2026-03-28T22:12:12.116+0000] {processor.py:840} INFO - DAG(s) 'example_dag_decorator' retrieved from /home/airflow/.local/lib/python3.8/site-packages/airflow/example_dags/example_dag_decorator.py
[2026-03-28T22:12:12.226+0000] {logging_mixin.py:188} INFO - [2026-03-28T22:12:12.226+0000] {dag.py:3036} INFO - Sync 1 DAGs
[2026-03-28T22:12:12.236+0000] {logging_mixin.py:188} INFO - [2026-03-28T22:12:12.236+0000] {dag.py:3823} INFO - Setting next_dagrun for example_dag_decorator to None, run_after=None
[2026-03-28T22:12:12.258+0000] {processor.py:183} INFO - Processing /home/airflow/.local/lib/python3.8/site-packages/airflow/example_dags/example_dag_decorator.py took 0.242 seconds
[2026-03-28T22:12:42.317+0000] {processor.py:161} INFO - Started process (PID=408) to work on /home/airflow/.local/lib/python3.8/site-packages/airflow/example_dags/example_dag_decorator.py
[2026-03-28T22:12:42.319+0000] {processor.py:830} INFO - Processing file /home/airflow/.local/lib/python3.8/site-packages/airflow/example_dags/example_dag_decorator.py for tasks to queue
[2026-03-28T22:12:42.321+0000] {logging_mixin.py:188} INFO - [2026-03-28T22:12:42.321+0000] {dagbag.py:538} INFO - Filling up the DagBag from /home/airflow/.local/lib/python3.8/site-packages/airflow/example_dags/example_dag_decorator.py
[2026-03-28T22:12:42.417+0000] {processor.py:840} INFO - DAG(s) 'example_dag_decorator' retrieved from /home/airflow/.local/lib/python3.8/site-packages/airflow/example_dags/example_dag_decorator.py
[2026-03-28T22:12:42.539+0000] {logging_mixin.py:188} INFO - [2026-03-28T22:12:42.538+0000] {dag.py:3036} INFO - Sync 1 DAGs
[2026-03-28T22:12:42.550+0000] {logging_mixin.py:188} INFO - [2026-03-28T22:12:42.550+0000] {dag.py:3823} INFO - Setting next_dagrun for example_dag_decorator to None, run_after=None
[2026-03-28T22:12:42.574+0000] {processor.py:183} INFO - Processing /home/airflow/.local/lib/python3.8/site-packages/airflow/example_dags/example_dag_decorator.py took 0.260 seconds
[2026-03-28T22:13:12.674+0000] {processor.py:161} INFO - Started process (PID=465) to work on /home/airflow/.local/lib/python3.8/site-packages/airflow/example_dags/example_dag_decorator.py
[2026-03-28T22:13:12.675+0000] {processor.py:830} INFO - Processing file /home/airflow/.local/lib/python3.8/site-packages/airflow/example_dags/example_dag_decorator.py for tasks to queue
[2026-03-28T22:13:12.677+0000] {logging_mixin.py:188} INFO - [2026-03-28T22:13:12.676+0000] {dagbag.py:538} INFO - Filling up the DagBag from /home/airflow/.local/lib/python3.8/site-packages/airflow/example_dags/example_dag_decorator.py
[2026-03-28T22:13:12.757+0000] {processor.py:840} INFO - DAG(s) 'example_dag_decorator' retrieved from /home/airflow/.local/lib/python3.8/site-packages/airflow/example_dags/example_dag_decorator.py
[2026-03-28T22:13:12.844+0000] {logging_mixin.py:188} INFO - [2026-03-28T22:13:12.844+0000] {dag.py:3036} INFO - Sync 1 DAGs
[2026-03-28T22:13:12.853+0000] {logging_mixin.py:188} INFO - [2026-03-28T22:13:12.853+0000] {dag.py:3823} INFO - Setting next_dagrun for example_dag_decorator to None, run_after=None
[2026-03-28T22:13:12.873+0000] {processor.py:183} INFO - Processing /home/airflow/.local/lib/python3.8/site-packages/airflow/example_dags/example_dag_decorator.py took 0.203 seconds
[2026-03-28T22:14:05.576+0000] {processor.py:161} INFO - Started process (PID=68) to work on /home/airflow/.local/lib/python3.8/site-packages/airflow/example_dags/example_dag_decorator.py
[2026-03-28T22:14:05.579+0000] {processor.py:830} INFO - Processing file /home/airflow/.local/lib/python3.8/site-packages/airflow/example_dags/example_dag_decorator.py for tasks to queue
[2026-03-28T22:14:05.582+0000] {logging_mixin.py:188} INFO - [2026-03-28T22:14:05.582+0000] {dagbag.py:538} INFO - Filling up the DagBag from /home/airflow/.local/lib/python3.8/site-packages/airflow/example_dags/example_dag_decorator.py
[2026-03-28T22:14:05.907+0000] {processor.py:840} INFO - DAG(s) 'example_dag_decorator' retrieved from /home/airflow/.local/lib/python3.8/site-packages/airflow/example_dags/example_dag_decorator.py
[2026-03-28T22:14:05.929+0000] {logging_mixin.py:188} INFO - [2026-03-28T22:14:05.929+0000] {dag.py:3036} INFO - Sync 1 DAGs
[2026-03-28T22:14:05.951+0000] {logging_mixin.py:188} INFO - [2026-03-28T22:14:05.951+0000] {dag.py:3823} INFO - Setting next_dagrun for example_dag_decorator to None, run_after=None
[2026-03-28T22:14:05.986+0000] {processor.py:183} INFO - Processing /home/airflow/.local/lib/python3.8/site-packages/airflow/example_dags/example_dag_decorator.py took 0.418 seconds
[2026-03-28T22:14:36.157+0000] {processor.py:161} INFO - Started process (PID=124) to work on /home/airflow/.local/lib/python3.8/site-packages/airflow/example_dags/example_dag_decorator.py
[2026-03-28T22:14:36.159+0000] {processor.py:830} INFO - Processing file /home/airflow/.local/lib/python3.8/site-packages/airflow/example_dags/example_dag_decorator.py for tasks to queue
[2026-03-28T22:14:36.161+0000] {logging_mixin.py:188} INFO - [2026-03-28T22:14:36.161+0000] {dagbag.py:538} INFO - Filling up the DagBag from /home/airflow/.local/lib/python3.8/site-packages/airflow/example_dags/example_dag_decorator.py
[2026-03-28T22:14:36.250+0000] {processor.py:840} INFO - DAG(s) 'example_dag_decorator' retrieved from /home/airflow/.local/lib/python3.8/site-packages/airflow/example_dags/example_dag_decorator.py
[2026-03-28T22:14:36.341+0000] {logging_mixin.py:188} INFO - [2026-03-28T22:14:36.341+0000] {dag.py:3036} INFO - Sync 1 DAGs
[2026-03-28T22:14:36.352+0000] {logging_mixin.py:188} INFO - [2026-03-28T22:14:36.352+0000] {dag.py:3823} INFO - Setting next_dagrun for example_dag_decorator to None, run_after=None
[2026-03-28T22:14:36.377+0000] {processor.py:183} INFO - Processing /home/airflow/.local/lib/python3.8/site-packages/airflow/example_dags/example_dag_decorator.py took 0.223 seconds
[2026-03-28T22:15:06.468+0000] {processor.py:161} INFO - Started process (PID=180) to work on /home/airflow/.local/lib/python3.8/site-packages/airflow/example_dags/example_dag_decorator.py
[2026-03-28T22:15:06.469+0000] {processor.py:830} INFO - Processing file /home/airflow/.local/lib/python3.8/site-packages/airflow/example_dags/example_dag_decorator.py for tasks to queue
[2026-03-28T22:15:06.471+0000] {logging_mixin.py:188} INFO - [2026-03-28T22:15:06.471+0000] {dagbag.py:538} INFO - Filling up the DagBag from /home/airflow/.local/lib/python3.8/site-packages/airflow/example_dags/example_dag_decorator.py
[2026-03-28T22:15:06.575+0000] {processor.py:840} INFO - DAG(s) 'example_dag_decorator' retrieved from /home/airflow/.local/lib/python3.8/site-packages/airflow/example_dags/example_dag_decorator.py
[2026-03-28T22:15:06.680+0000] {logging_mixin.py:188} INFO - [2026-03-28T22:15:06.680+0000] {dag.py:3036} INFO - Sync 1 DAGs
[2026-03-28T22:15:06.690+0000] {logging_mixin.py:188} INFO - [2026-03-28T22:15:06.690+0000] {dag.py:3823} INFO - Setting next_dagrun for example_dag_decorator to None, run_after=None
[2026-03-28T22:15:06.726+0000] {processor.py:183} INFO - Processing /home/airflow/.local/lib/python3.8/site-packages/airflow/example_dags/example_dag_decorator.py took 0.262 seconds
[2026-03-28T22:15:36.812+0000] {processor.py:161} INFO - Started process (PID=236) to work on /home/airflow/.local/lib/python3.8/site-packages/airflow/example_dags/example_dag_decorator.py
[2026-03-28T22:15:36.813+0000] {processor.py:830} INFO - Processing file /home/airflow/.local/lib/python3.8/site-packages/airflow/example_dags/example_dag_decorator.py for tasks to queue
[2026-03-28T22:15:36.815+0000] {logging_mixin.py:188} INFO - [2026-03-28T22:15:36.815+0000] {dagbag.py:538} INFO - Filling up the DagBag from /home/airflow/.local/lib/python3.8/site-packages/airflow/example_dags/example_dag_decorator.py
[2026-03-28T22:15:36.898+0000] {processor.py:840} INFO - DAG(s) 'example_dag_decorator' retrieved from /home/airflow/.local/lib/python3.8/site-packages/airflow/example_dags/example_dag_decorator.py
[2026-03-28T22:15:36.986+0000] {logging_mixin.py:188} INFO - [2026-03-28T22:15:36.986+0000] {dag.py:3036} INFO - Sync 1 DAGs
[2026-03-28T22:15:36.997+0000] {logging_mixin.py:188} INFO - [2026-03-28T22:15:36.996+0000] {dag.py:3823} INFO - Setting next_dagrun for example_dag_decorator to None, run_after=None
[2026-03-28T22:15:37.017+0000] {processor.py:183} INFO - Processing /home/airflow/.local/lib/python3.8/site-packages/airflow/example_dags/example_dag_decorator.py took 0.209 seconds
[2026-03-28T22:16:07.115+0000] {processor.py:161} INFO - Started process (PID=292) to work on /home/airflow/.local/lib/python3.8/site-packages/airflow/example_dags/example_dag_decorator.py
[2026-03-28T22:16:07.117+0000] {processor.py:830} INFO - Processing file /home/airflow/.local/lib/python3.8/site-packages/airflow/example_dags/example_dag_decorator.py for tasks to queue
[2026-03-28T22:16:07.119+0000] {logging_mixin.py:188} INFO - [2026-03-28T22:16:07.119+0000] {dagbag.py:538} INFO - Filling up the DagBag from /home/airflow/.local/lib/python3.8/site-packages/airflow/example_dags/example_dag_decorator.py
[2026-03-28T22:16:07.209+0000] {processor.py:840} INFO - DAG(s) 'example_dag_decorator' retrieved from /home/airflow/.local/lib/python3.8/site-packages/airflow/example_dags/example_dag_decorator.py
[2026-03-28T22:16:07.305+0000] {logging_mixin.py:188} INFO - [2026-03-28T22:16:07.304+0000] {dag.py:3036} INFO - Sync 1 DAGs
[2026-03-28T22:16:07.317+0000] {logging_mixin.py:188} INFO - [2026-03-28T22:16:07.317+0000] {dag.py:3823} INFO - Setting next_dagrun for example_dag_decorator to None, run_after=None
[2026-03-28T22:16:07.339+0000] {processor.py:183} INFO - Processing /home/airflow/.local/lib/python3.8/site-packages/airflow/example_dags/example_dag_decorator.py took 0.228 seconds
[2026-03-28T22:16:37.524+0000] {processor.py:161} INFO - Started process (PID=348) to work on /home/airflow/.local/lib/python3.8/site-packages/airflow/example_dags/example_dag_decorator.py
[2026-03-28T22:16:37.525+0000] {processor.py:830} INFO - Processing file /home/airflow/.local/lib/python3.8/site-packages/airflow/example_dags/example_dag_decorator.py for tasks to queue
[2026-03-28T22:16:37.527+0000] {logging_mixin.py:188} INFO - [2026-03-28T22:16:37.527+0000] {dagbag.py:538} INFO - Filling up the DagBag from /home/airflow/.local/lib/python3.8/site-packages/airflow/example_dags/example_dag_decorator.py
[2026-03-28T22:16:37.616+0000] {processor.py:840} INFO - DAG(s) 'example_dag_decorator' retrieved from /home/airflow/.local/lib/python3.8/site-packages/airflow/example_dags/example_dag_decorator.py
[2026-03-28T22:16:37.711+0000] {logging_mixin.py:188} INFO - [2026-03-28T22:16:37.711+0000] {dag.py:3036} INFO - Sync 1 DAGs
[2026-03-28T22:16:37.721+0000] {logging_mixin.py:188} INFO - [2026-03-28T22:16:37.721+0000] {dag.py:3823} INFO - Setting next_dagrun for example_dag_decorator to None, run_after=None
[2026-03-28T22:16:37.751+0000] {processor.py:183} INFO - Processing /home/airflow/.local/lib/python3.8/site-packages/airflow/example_dags/example_dag_decorator.py took 0.231 seconds
[2026-03-28T22:17:07.842+0000] {processor.py:161} INFO - Started process (PID=405) to work on /home/airflow/.local/lib/python3.8/site-packages/airflow/example_dags/example_dag_decorator.py
[2026-03-28T22:17:07.843+0000] {processor.py:830} INFO - Processing file /home/airflow/.local/lib/python3.8/site-packages/airflow/example_dags/example_dag_decorator.py for tasks to queue
[2026-03-28T22:17:07.846+0000] {logging_mixin.py:188} INFO - [2026-03-28T22:17:07.845+0000] {dagbag.py:538} INFO - Filling up the DagBag from /home/airflow/.local/lib/python3.8/site-packages/airflow/example_dags/example_dag_decorator.py
[2026-03-28T22:17:07.924+0000] {processor.py:840} INFO - DAG(s) 'example_dag_decorator' retrieved from /home/airflow/.local/lib/python3.8/site-packages/airflow/example_dags/example_dag_decorator.py
[2026-03-28T22:17:08.029+0000] {logging_mixin.py:188} INFO - [2026-03-28T22:17:08.029+0000] {dag.py:3036} INFO - Sync 1 DAGs
[2026-03-28T22:17:08.039+0000] {logging_mixin.py:188} INFO - [2026-03-28T22:17:08.038+0000] {dag.py:3823} INFO - Setting next_dagrun for example_dag_decorator to None, run_after=None
[2026-03-28T22:17:08.067+0000] {processor.py:183} INFO - Processing /home/airflow/.local/lib/python3.8/site-packages/airflow/example_dags/example_dag_decorator.py took 0.230 seconds
[2026-03-28T22:17:38.156+0000] {processor.py:161} INFO - Started process (PID=462) to work on /home/airflow/.local/lib/python3.8/site-packages/airflow/example_dags/example_dag_decorator.py
[2026-03-28T22:17:38.157+0000] {processor.py:830} INFO - Processing file /home/airflow/.local/lib/python3.8/site-packages/airflow/example_dags/example_dag_decorator.py for tasks to queue
[2026-03-28T22:17:38.159+0000] {logging_mixin.py:188} INFO - [2026-03-28T22:17:38.159+0000] {dagbag.py:538} INFO - Filling up the DagBag from /home/airflow/.local/lib/python3.8/site-packages/airflow/example_dags/example_dag_decorator.py
[2026-03-28T22:17:38.252+0000] {processor.py:840} INFO - DAG(s) 'example_dag_decorator' retrieved from /home/airflow/.local/lib/python3.8/site-packages/airflow/example_dags/example_dag_decorator.py
[2026-03-28T22:17:38.277+0000] {logging_mixin.py:188} INFO - [2026-03-28T22:17:38.277+0000] {dag.py:3036} INFO - Sync 1 DAGs
[2026-03-28T22:17:38.289+0000] {logging_mixin.py:188} INFO - [2026-03-28T22:17:38.289+0000] {dag.py:3823} INFO - Setting next_dagrun for example_dag_decorator to None, run_after=None
[2026-03-28T22:17:38.359+0000] {processor.py:183} INFO - Processing /home/airflow/.local/lib/python3.8/site-packages/airflow/example_dags/example_dag_decorator.py took 0.207 seconds
[2026-03-28T22:18:08.592+0000] {processor.py:161} INFO - Started process (PID=519) to work on /home/airflow/.local/lib/python3.8/site-packages/airflow/example_dags/example_dag_decorator.py
[2026-03-28T22:18:08.593+0000] {processor.py:830} INFO - Processing file /home/airflow/.local/lib/python3.8/site-packages/airflow/example_dags/example_dag_decorator.py for tasks to queue
[2026-03-28T22:18:08.595+0000] {logging_mixin.py:188} INFO - [2026-03-28T22:18:08.595+0000] {dagbag.py:538} INFO - Filling up the DagBag from /home/airflow/.local/lib/python3.8/site-packages/airflow/example_dags/example_dag_decorator.py
[2026-03-28T22:18:08.678+0000] {processor.py:840} INFO - DAG(s) 'example_dag_decorator' retrieved from /home/airflow/.local/lib/python3.8/site-packages/airflow/example_dags/example_dag_decorator.py
[2026-03-28T22:18:08.776+0000] {logging_mixin.py:188} INFO - [2026-03-28T22:18:08.776+0000] {dag.py:3036} INFO - Sync 1 DAGs
[2026-03-28T22:18:08.786+0000] {logging_mixin.py:188} INFO - [2026-03-28T22:18:08.785+0000] {dag.py:3823} INFO - Setting next_dagrun for example_dag_decorator to None, run_after=None
[2026-03-28T22:18:08.808+0000] {processor.py:183} INFO - Processing /home/airflow/.local/lib/python3.8/site-packages/airflow/example_dags/example_dag_decorator.py took 0.220 seconds
[2026-03-28T22:18:38.958+0000] {processor.py:161} INFO - Started process (PID=574) to work on /home/airflow/.local/lib/python3.8/site-packages/airflow/example_dags/example_dag_decorator.py
[2026-03-28T22:18:38.960+0000] {processor.py:830} INFO - Processing file /home/airflow/.local/lib/python3.8/site-packages/airflow/example_dags/example_dag_decorator.py for tasks to queue
[2026-03-28T22:18:38.962+0000] {logging_mixin.py:188} INFO - [2026-03-28T22:18:38.962+0000] {dagbag.py:538} INFO - Filling up the DagBag from /home/airflow/.local/lib/python3.8/site-packages/airflow/example_dags/example_dag_decorator.py
[2026-03-28T22:18:39.046+0000] {processor.py:840} INFO - DAG(s) 'example_dag_decorator' retrieved from /home/airflow/.local/lib/python3.8/site-packages/airflow/example_dags/example_dag_decorator.py
[2026-03-28T22:18:39.146+0000] {logging_mixin.py:188} INFO - [2026-03-28T22:18:39.145+0000] {dag.py:3036} INFO - Sync 1 DAGs
[2026-03-28T22:18:39.156+0000] {logging_mixin.py:188} INFO - [2026-03-28T22:18:39.156+0000] {dag.py:3823} INFO - Setting next_dagrun for example_dag_decorator to None, run_after=None
[2026-03-28T22:18:39.177+0000] {processor.py:183} INFO - Processing /home/airflow/.local/lib/python3.8/site-packages/airflow/example_dags/example_dag_decorator.py took 0.222 seconds
[2026-03-28T22:19:09.240+0000] {processor.py:161} INFO - Started process (PID=631) to work on /home/airflow/.local/lib/python3.8/site-packages/airflow/example_dags/example_dag_decorator.py
[2026-03-28T22:19:09.241+0000] {processor.py:830} INFO - Processing file /home/airflow/.local/lib/python3.8/site-packages/airflow/example_dags/example_dag_decorator.py for tasks to queue
[2026-03-28T22:19:09.243+0000] {logging_mixin.py:188} INFO - [2026-03-28T22:19:09.243+0000] {dagbag.py:538} INFO - Filling up the DagBag from /home/airflow/.local/lib/python3.8/site-packages/airflow/example_dags/example_dag_decorator.py
[2026-03-28T22:19:09.328+0000] {processor.py:840} INFO - DAG(s) 'example_dag_decorator' retrieved from /home/airflow/.local/lib/python3.8/site-packages/airflow/example_dags/example_dag_decorator.py
[2026-03-28T22:19:09.425+0000] {logging_mixin.py:188} INFO - [2026-03-28T22:19:09.425+0000] {dag.py:3036} INFO - Sync 1 DAGs
[2026-03-28T22:19:09.436+0000] {logging_mixin.py:188} INFO - [2026-03-28T22:19:09.436+0000] {dag.py:3823} INFO - Setting next_dagrun for example_dag_decorator to None, run_after=None
[2026-03-28T22:19:09.461+0000] {processor.py:183} INFO - Processing /home/airflow/.local/lib/python3.8/site-packages/airflow/example_dags/example_dag_decorator.py took 0.225 seconds
[2026-03-28T22:19:40.079+0000] {processor.py:161} INFO - Started process (PID=684) to work on /home/airflow/.local/lib/python3.8/site-packages/airflow/example_dags/example_dag_decorator.py
[2026-03-28T22:19:40.081+0000] {processor.py:830} INFO - Processing file /home/airflow/.local/lib/python3.8/site-packages/airflow/example_dags/example_dag_decorator.py for tasks to queue
[2026-03-28T22:19:40.083+0000] {logging_mixin.py:188} INFO - [2026-03-28T22:19:40.083+0000] {dagbag.py:538} INFO - Filling up the DagBag from /home/airflow/.local/lib/python3.8/site-packages/airflow/example_dags/example_dag_decorator.py
[2026-03-28T22:19:40.201+0000] {processor.py:840} INFO - DAG(s) 'example_dag_decorator' retrieved from /home/airflow/.local/lib/python3.8/site-packages/airflow/example_dags/example_dag_decorator.py
[2026-03-28T22:19:40.327+0000] {logging_mixin.py:188} INFO - [2026-03-28T22:19:40.327+0000] {dag.py:3036} INFO - Sync 1 DAGs
[2026-03-28T22:19:40.342+0000] {logging_mixin.py:188} INFO - [2026-03-28T22:19:40.342+0000] {dag.py:3823} INFO - Setting next_dagrun for example_dag_decorator to None, run_after=None
[2026-03-28T22:19:40.381+0000] {processor.py:183} INFO - Processing /home/airflow/.local/lib/python3.8/site-packages/airflow/example_dags/example_dag_decorator.py took 0.307 seconds
[2026-03-28T22:20:10.623+0000] {processor.py:161} INFO - Started process (PID=740) to work on /home/airflow/.local/lib/python3.8/site-packages/airflow/example_dags/example_dag_decorator.py
[2026-03-28T22:20:10.624+0000] {processor.py:830} INFO - Processing file /home/airflow/.local/lib/python3.8/site-packages/airflow/example_dags/example_dag_decorator.py for tasks to queue
[2026-03-28T22:20:10.627+0000] {logging_mixin.py:188} INFO - [2026-03-28T22:20:10.626+0000] {dagbag.py:538} INFO - Filling up the DagBag from /home/airflow/.local/lib/python3.8/site-packages/airflow/example_dags/example_dag_decorator.py
[2026-03-28T22:20:10.725+0000] {processor.py:840} INFO - DAG(s) 'example_dag_decorator' retrieved from /home/airflow/.local/lib/python3.8/site-packages/airflow/example_dags/example_dag_decorator.py
[2026-03-28T22:20:10.822+0000] {logging_mixin.py:188} INFO - [2026-03-28T22:20:10.821+0000] {dag.py:3036} INFO - Sync 1 DAGs
[2026-03-28T22:20:10.836+0000] {logging_mixin.py:188} INFO - [2026-03-28T22:20:10.835+0000] {dag.py:3823} INFO - Setting next_dagrun for example_dag_decorator to None, run_after=None
[2026-03-28T22:20:10.862+0000] {processor.py:183} INFO - Processing /home/airflow/.local/lib/python3.8/site-packages/airflow/example_dags/example_dag_decorator.py took 0.243 seconds
[2026-03-28T22:20:40.969+0000] {processor.py:161} INFO - Started process (PID=796) to work on /home/airflow/.local/lib/python3.8/site-packages/airflow/example_dags/example_dag_decorator.py
[2026-03-28T22:20:40.970+0000] {processor.py:830} INFO - Processing file /home/airflow/.local/lib/python3.8/site-packages/airflow/example_dags/example_dag_decorator.py for tasks to queue
[2026-03-28T22:20:40.973+0000] {logging_mixin.py:188} INFO - [2026-03-28T22:20:40.973+0000] {dagbag.py:538} INFO - Filling up the DagBag from /home/airflow/.local/lib/python3.8/site-packages/airflow/example_dags/example_dag_decorator.py
[2026-03-28T22:20:41.057+0000] {processor.py:840} INFO - DAG(s) 'example_dag_decorator' retrieved from /home/airflow/.local/lib/python3.8/site-packages/airflow/example_dags/example_dag_decorator.py
[2026-03-28T22:20:41.156+0000] {logging_mixin.py:188} INFO - [2026-03-28T22:20:41.156+0000] {dag.py:3036} INFO - Sync 1 DAGs
[2026-03-28T22:20:41.167+0000] {logging_mixin.py:188} INFO - [2026-03-28T22:20:41.167+0000] {dag.py:3823} INFO - Setting next_dagrun for example_dag_decorator to None, run_after=None
[2026-03-28T22:20:41.196+0000] {processor.py:183} INFO - Processing /home/airflow/.local/lib/python3.8/site-packages/airflow/example_dags/example_dag_decorator.py took 0.231 seconds
[2026-03-28T22:21:11.796+0000] {processor.py:161} INFO - Started process (PID=852) to work on /home/airflow/.local/lib/python3.8/site-packages/airflow/example_dags/example_dag_decorator.py
[2026-03-28T22:21:11.797+0000] {processor.py:830} INFO - Processing file /home/airflow/.local/lib/python3.8/site-packages/airflow/example_dags/example_dag_decorator.py for tasks to queue
[2026-03-28T22:21:11.799+0000] {logging_mixin.py:188} INFO - [2026-03-28T22:21:11.799+0000] {dagbag.py:538} INFO - Filling up the DagBag from /home/airflow/.local/lib/python3.8/site-packages/airflow/example_dags/example_dag_decorator.py
[2026-03-28T22:21:11.910+0000] {processor.py:840} INFO - DAG(s) 'example_dag_decorator' retrieved from /home/airflow/.local/lib/python3.8/site-packages/airflow/example_dags/example_dag_decorator.py
[2026-03-28T22:21:12.029+0000] {logging_mixin.py:188} INFO - [2026-03-28T22:21:12.028+0000] {dag.py:3036} INFO - Sync 1 DAGs
[2026-03-28T22:21:12.045+0000] {logging_mixin.py:188} INFO - [2026-03-28T22:21:12.044+0000] {dag.py:3823} INFO - Setting next_dagrun for example_dag_decorator to None, run_after=None
[2026-03-28T22:21:12.071+0000] {processor.py:183} INFO - Processing /home/airflow/.local/lib/python3.8/site-packages/airflow/example_dags/example_dag_decorator.py took 0.280 seconds
[2026-03-28T22:21:42.216+0000] {processor.py:161} INFO - Started process (PID=909) to work on /home/airflow/.local/lib/python3.8/site-packages/airflow/example_dags/example_dag_decorator.py
[2026-03-28T22:21:42.217+0000] {processor.py:830} INFO - Processing file /home/airflow/.local/lib/python3.8/site-packages/airflow/example_dags/example_dag_decorator.py for tasks to queue
[2026-03-28T22:21:42.220+0000] {logging_mixin.py:188} INFO - [2026-03-28T22:21:42.219+0000] {dagbag.py:538} INFO - Filling up the DagBag from /home/airflow/.local/lib/python3.8/site-packages/airflow/example_dags/example_dag_decorator.py
[2026-03-28T22:21:42.316+0000] {processor.py:840} INFO - DAG(s) 'example_dag_decorator' retrieved from /home/airflow/.local/lib/python3.8/site-packages/airflow/example_dags/example_dag_decorator.py
[2026-03-28T22:21:42.420+0000] {logging_mixin.py:188} INFO - [2026-03-28T22:21:42.420+0000] {dag.py:3036} INFO - Sync 1 DAGs
[2026-03-28T22:21:42.431+0000] {logging_mixin.py:188} INFO - [2026-03-28T22:21:42.431+0000] {dag.py:3823} INFO - Setting next_dagrun for example_dag_decorator to None, run_after=None
[2026-03-28T22:21:42.455+0000] {processor.py:183} INFO - Processing /home/airflow/.local/lib/python3.8/site-packages/airflow/example_dags/example_dag_decorator.py took 0.243 seconds
[2026-03-28T22:22:12.505+0000] {processor.py:161} INFO - Started process (PID=965) to work on /home/airflow/.local/lib/python3.8/site-packages/airflow/example_dags/example_dag_decorator.py
[2026-03-28T22:22:12.507+0000] {processor.py:830} INFO - Processing file /home/airflow/.local/lib/python3.8/site-packages/airflow/example_dags/example_dag_decorator.py for tasks to queue
[2026-03-28T22:22:12.509+0000] {logging_mixin.py:188} INFO - [2026-03-28T22:22:12.509+0000] {dagbag.py:538} INFO - Filling up the DagBag from /home/airflow/.local/lib/python3.8/site-packages/airflow/example_dags/example_dag_decorator.py
[2026-03-28T22:22:12.600+0000] {processor.py:840} INFO - DAG(s) 'example_dag_decorator' retrieved from /home/airflow/.local/lib/python3.8/site-packages/airflow/example_dags/example_dag_decorator.py
[2026-03-28T22:22:12.701+0000] {logging_mixin.py:188} INFO - [2026-03-28T22:22:12.701+0000] {dag.py:3036} INFO - Sync 1 DAGs
[2026-03-28T22:22:12.715+0000] {logging_mixin.py:188} INFO - [2026-03-28T22:22:12.714+0000] {dag.py:3823} INFO - Setting next_dagrun for example_dag_decorator to None, run_after=None
[2026-03-28T22:22:12.741+0000] {processor.py:183} INFO - Processing /home/airflow/.local/lib/python3.8/site-packages/airflow/example_dags/example_dag_decorator.py took 0.240 seconds
[2026-03-28T22:22:42.802+0000] {processor.py:161} INFO - Started process (PID=1022) to work on /home/airflow/.local/lib/python3.8/site-packages/airflow/example_dags/example_dag_decorator.py
[2026-03-28T22:22:42.803+0000] {processor.py:830} INFO - Processing file /home/airflow/.local/lib/python3.8/site-packages/airflow/example_dags/example_dag_decorator.py for tasks to queue
[2026-03-28T22:22:42.806+0000] {logging_mixin.py:188} INFO - [2026-03-28T22:22:42.805+0000] {dagbag.py:538} INFO - Filling up the DagBag from /home/airflow/.local/lib/python3.8/site-packages/airflow/example_dags/example_dag_decorator.py
[2026-03-28T22:22:42.902+0000] {processor.py:840} INFO - DAG(s) 'example_dag_decorator' retrieved from /home/airflow/.local/lib/python3.8/site-packages/airflow/example_dags/example_dag_decorator.py
[2026-03-28T22:22:43.035+0000] {logging_mixin.py:188} INFO - [2026-03-28T22:22:43.034+0000] {dag.py:3036} INFO - Sync 1 DAGs
[2026-03-28T22:22:43.049+0000] {logging_mixin.py:188} INFO - [2026-03-28T22:22:43.048+0000] {dag.py:3823} INFO - Setting next_dagrun for example_dag_decorator to None, run_after=None
[2026-03-28T22:22:43.074+0000] {processor.py:183} INFO - Processing /home/airflow/.local/lib/python3.8/site-packages/airflow/example_dags/example_dag_decorator.py took 0.275 seconds
[2026-03-28T22:23:13.118+0000] {processor.py:161} INFO - Started process (PID=1079) to work on /home/airflow/.local/lib/python3.8/site-packages/airflow/example_dags/example_dag_decorator.py
[2026-03-28T22:23:13.120+0000] {processor.py:830} INFO - Processing file /home/airflow/.local/lib/python3.8/site-packages/airflow/example_dags/example_dag_decorator.py for tasks to queue
[2026-03-28T22:23:13.122+0000] {logging_mixin.py:188} INFO - [2026-03-28T22:23:13.121+0000] {dagbag.py:538} INFO - Filling up the DagBag from /home/airflow/.local/lib/python3.8/site-packages/airflow/example_dags/example_dag_decorator.py
[2026-03-28T22:23:13.206+0000] {processor.py:840} INFO - DAG(s) 'example_dag_decorator' retrieved from /home/airflow/.local/lib/python3.8/site-packages/airflow/example_dags/example_dag_decorator.py
[2026-03-28T22:23:13.308+0000] {logging_mixin.py:188} INFO - [2026-03-28T22:23:13.308+0000] {dag.py:3036} INFO - Sync 1 DAGs
[2026-03-28T22:23:13.319+0000] {logging_mixin.py:188} INFO - [2026-03-28T22:23:13.318+0000] {dag.py:3823} INFO - Setting next_dagrun for example_dag_decorator to None, run_after=None
[2026-03-28T22:23:13.342+0000] {processor.py:183} INFO - Processing /home/airflow/.local/lib/python3.8/site-packages/airflow/example_dags/example_dag_decorator.py took 0.227 seconds
[2026-03-28T22:23:43.445+0000] {processor.py:161} INFO - Started process (PID=1136) to work on /home/airflow/.local/lib/python3.8/site-packages/airflow/example_dags/example_dag_decorator.py
[2026-03-28T22:23:43.447+0000] {processor.py:830} INFO - Processing file /home/airflow/.local/lib/python3.8/site-packages/airflow/example_dags/example_dag_decorator.py for tasks to queue
[2026-03-28T22:23:43.449+0000] {logging_mixin.py:188} INFO - [2026-03-28T22:23:43.449+0000] {dagbag.py:538} INFO - Filling up the DagBag from /home/airflow/.local/lib/python3.8/site-packages/airflow/example_dags/example_dag_decorator.py
[2026-03-28T22:23:43.537+0000] {processor.py:840} INFO - DAG(s) 'example_dag_decorator' retrieved from /home/airflow/.local/lib/python3.8/site-packages/airflow/example_dags/example_dag_decorator.py
[2026-03-28T22:23:43.662+0000] {logging_mixin.py:188} INFO - [2026-03-28T22:23:43.662+0000] {dag.py:3036} INFO - Sync 1 DAGs
[2026-03-28T22:23:43.675+0000] {logging_mixin.py:188} INFO - [2026-03-28T22:23:43.675+0000] {dag.py:3823} INFO - Setting next_dagrun for example_dag_decorator to None, run_after=None
[2026-03-28T22:23:43.704+0000] {processor.py:183} INFO - Processing /home/airflow/.local/lib/python3.8/site-packages/airflow/example_dags/example_dag_decorator.py took 0.262 seconds
[2026-03-28T22:24:13.914+0000] {processor.py:161} INFO - Started process (PID=1193) to work on /home/airflow/.local/lib/python3.8/site-packages/airflow/example_dags/example_dag_decorator.py
[2026-03-28T22:24:13.915+0000] {processor.py:830} INFO - Processing file /home/airflow/.local/lib/python3.8/site-packages/airflow/example_dags/example_dag_decorator.py for tasks to queue
[2026-03-28T22:24:13.918+0000] {logging_mixin.py:188} INFO - [2026-03-28T22:24:13.918+0000] {dagbag.py:538} INFO - Filling up the DagBag from /home/airflow/.local/lib/python3.8/site-packages/airflow/example_dags/example_dag_decorator.py
[2026-03-28T22:24:14.007+0000] {processor.py:840} INFO - DAG(s) 'example_dag_decorator' retrieved from /home/airflow/.local/lib/python3.8/site-packages/airflow/example_dags/example_dag_decorator.py
[2026-03-28T22:24:14.134+0000] {logging_mixin.py:188} INFO - [2026-03-28T22:24:14.134+0000] {dag.py:3036} INFO - Sync 1 DAGs
[2026-03-28T22:24:14.146+0000] {logging_mixin.py:188} INFO - [2026-03-28T22:24:14.146+0000] {dag.py:3823} INFO - Setting next_dagrun for example_dag_decorator to None, run_after=None
[2026-03-28T22:24:14.171+0000] {processor.py:183} INFO - Processing /home/airflow/.local/lib/python3.8/site-packages/airflow/example_dags/example_dag_decorator.py took 0.260 seconds
[2026-03-28T22:24:44.487+0000] {processor.py:161} INFO - Started process (PID=1250) to work on /home/airflow/.local/lib/python3.8/site-packages/airflow/example_dags/example_dag_decorator.py
[2026-03-28T22:24:44.488+0000] {processor.py:830} INFO - Processing file /home/airflow/.local/lib/python3.8/site-packages/airflow/example_dags/example_dag_decorator.py for tasks to queue
[2026-03-28T22:24:44.490+0000] {logging_mixin.py:188} INFO - [2026-03-28T22:24:44.490+0000] {dagbag.py:538} INFO - Filling up the DagBag from /home/airflow/.local/lib/python3.8/site-packages/airflow/example_dags/example_dag_decorator.py
[2026-03-28T22:24:44.569+0000] {processor.py:840} INFO - DAG(s) 'example_dag_decorator' retrieved from /home/airflow/.local/lib/python3.8/site-packages/airflow/example_dags/example_dag_decorator.py
[2026-03-28T22:24:44.666+0000] {logging_mixin.py:188} INFO - [2026-03-28T22:24:44.666+0000] {dag.py:3036} INFO - Sync 1 DAGs
[2026-03-28T22:24:44.677+0000] {logging_mixin.py:188} INFO - [2026-03-28T22:24:44.677+0000] {dag.py:3823} INFO - Setting next_dagrun for example_dag_decorator to None, run_after=None
[2026-03-28T22:24:44.701+0000] {processor.py:183} INFO - Processing /home/airflow/.local/lib/python3.8/site-packages/airflow/example_dags/example_dag_decorator.py took 0.218 seconds
[2026-03-28T22:25:15.527+0000] {processor.py:161} INFO - Started process (PID=1306) to work on /home/airflow/.local/lib/python3.8/site-packages/airflow/example_dags/example_dag_decorator.py
[2026-03-28T22:25:15.529+0000] {processor.py:830} INFO - Processing file /home/airflow/.local/lib/python3.8/site-packages/airflow/example_dags/example_dag_decorator.py for tasks to queue
[2026-03-28T22:25:15.531+0000] {logging_mixin.py:188} INFO - [2026-03-28T22:25:15.531+0000] {dagbag.py:538} INFO - Filling up the DagBag from /home/airflow/.local/lib/python3.8/site-packages/airflow/example_dags/example_dag_decorator.py
[2026-03-28T22:25:15.613+0000] {processor.py:840} INFO - DAG(s) 'example_dag_decorator' retrieved from /home/airflow/.local/lib/python3.8/site-packages/airflow/example_dags/example_dag_decorator.py
[2026-03-28T22:25:15.713+0000] {logging_mixin.py:188} INFO - [2026-03-28T22:25:15.713+0000] {dag.py:3036} INFO - Sync 1 DAGs
[2026-03-28T22:25:15.723+0000] {logging_mixin.py:188} INFO - [2026-03-28T22:25:15.723+0000] {dag.py:3823} INFO - Setting next_dagrun for example_dag_decorator to None, run_after=None
[2026-03-28T22:25:15.752+0000] {processor.py:183} INFO - Processing /home/airflow/.local/lib/python3.8/site-packages/airflow/example_dags/example_dag_decorator.py took 0.229 seconds
[2026-03-28T22:25:45.874+0000] {processor.py:161} INFO - Started process (PID=1362) to work on /home/airflow/.local/lib/python3.8/site-packages/airflow/example_dags/example_dag_decorator.py
[2026-03-28T22:25:45.875+0000] {processor.py:830} INFO - Processing file /home/airflow/.local/lib/python3.8/site-packages/airflow/example_dags/example_dag_decorator.py for tasks to queue
[2026-03-28T22:25:45.877+0000] {logging_mixin.py:188} INFO - [2026-03-28T22:25:45.877+0000] {dagbag.py:538} INFO - Filling up the DagBag from /home/airflow/.local/lib/python3.8/site-packages/airflow/example_dags/example_dag_decorator.py
[2026-03-28T22:25:45.971+0000] {processor.py:840} INFO - DAG(s) 'example_dag_decorator' retrieved from /home/airflow/.local/lib/python3.8/site-packages/airflow/example_dags/example_dag_decorator.py
[2026-03-28T22:25:46.199+0000] {logging_mixin.py:188} INFO - [2026-03-28T22:25:46.198+0000] {dag.py:3036} INFO - Sync 1 DAGs
[2026-03-28T22:25:46.207+0000] {logging_mixin.py:188} INFO - [2026-03-28T22:25:46.207+0000] {dag.py:3823} INFO - Setting next_dagrun for example_dag_decorator to None, run_after=None
[2026-03-28T22:25:46.228+0000] {processor.py:183} INFO - Processing /home/airflow/.local/lib/python3.8/site-packages/airflow/example_dags/example_dag_decorator.py took 0.358 seconds
[2026-03-28T22:26:16.333+0000] {processor.py:161} INFO - Started process (PID=1422) to work on /home/airflow/.local/lib/python3.8/site-packages/airflow/example_dags/example_dag_decorator.py
[2026-03-28T22:26:16.334+0000] {processor.py:830} INFO - Processing file /home/airflow/.local/lib/python3.8/site-packages/airflow/example_dags/example_dag_decorator.py for tasks to queue
[2026-03-28T22:26:16.336+0000] {logging_mixin.py:188} INFO - [2026-03-28T22:26:16.336+0000] {dagbag.py:538} INFO - Filling up the DagBag from /home/airflow/.local/lib/python3.8/site-packages/airflow/example_dags/example_dag_decorator.py
[2026-03-28T22:26:16.430+0000] {processor.py:840} INFO - DAG(s) 'example_dag_decorator' retrieved from /home/airflow/.local/lib/python3.8/site-packages/airflow/example_dags/example_dag_decorator.py
[2026-03-28T22:26:16.660+0000] {logging_mixin.py:188} INFO - [2026-03-28T22:26:16.660+0000] {dag.py:3036} INFO - Sync 1 DAGs
[2026-03-28T22:26:16.670+0000] {logging_mixin.py:188} INFO - [2026-03-28T22:26:16.669+0000] {dag.py:3823} INFO - Setting next_dagrun for example_dag_decorator to None, run_after=None
[2026-03-28T22:26:16.691+0000] {processor.py:183} INFO - Processing /home/airflow/.local/lib/python3.8/site-packages/airflow/example_dags/example_dag_decorator.py took 0.362 seconds
[2026-03-28T22:26:47.048+0000] {processor.py:161} INFO - Started process (PID=1480) to work on /home/airflow/.local/lib/python3.8/site-packages/airflow/example_dags/example_dag_decorator.py
[2026-03-28T22:26:47.049+0000] {processor.py:830} INFO - Processing file /home/airflow/.local/lib/python3.8/site-packages/airflow/example_dags/example_dag_decorator.py for tasks to queue
[2026-03-28T22:26:47.051+0000] {logging_mixin.py:188} INFO - [2026-03-28T22:26:47.050+0000] {dagbag.py:538} INFO - Filling up the DagBag from /home/airflow/.local/lib/python3.8/site-packages/airflow/example_dags/example_dag_decorator.py
[2026-03-28T22:26:47.130+0000] {processor.py:840} INFO - DAG(s) 'example_dag_decorator' retrieved from /home/airflow/.local/lib/python3.8/site-packages/airflow/example_dags/example_dag_decorator.py
[2026-03-28T22:26:47.394+0000] {logging_mixin.py:188} INFO - [2026-03-28T22:26:47.394+0000] {dag.py:3036} INFO - Sync 1 DAGs
[2026-03-28T22:26:47.404+0000] {logging_mixin.py:188} INFO - [2026-03-28T22:26:47.403+0000] {dag.py:3823} INFO - Setting next_dagrun for example_dag_decorator to None, run_after=None
[2026-03-28T22:26:47.441+0000] {processor.py:183} INFO - Processing /home/airflow/.local/lib/python3.8/site-packages/airflow/example_dags/example_dag_decorator.py took 0.396 seconds
[2026-03-28T22:27:18.335+0000] {processor.py:161} INFO - Started process (PID=1536) to work on /home/airflow/.local/lib/python3.8/site-packages/airflow/example_dags/example_dag_decorator.py
[2026-03-28T22:27:18.336+0000] {processor.py:830} INFO - Processing file /home/airflow/.local/lib/python3.8/site-packages/airflow/example_dags/example_dag_decorator.py for tasks to queue
[2026-03-28T22:27:18.339+0000] {logging_mixin.py:188} INFO - [2026-03-28T22:27:18.339+0000] {dagbag.py:538} INFO - Filling up the DagBag from /home/airflow/.local/lib/python3.8/site-packages/airflow/example_dags/example_dag_decorator.py
[2026-03-28T22:27:18.446+0000] {processor.py:840} INFO - DAG(s) 'example_dag_decorator' retrieved from /home/airflow/.local/lib/python3.8/site-packages/airflow/example_dags/example_dag_decorator.py
[2026-03-28T22:27:18.803+0000] {logging_mixin.py:188} INFO - [2026-03-28T22:27:18.802+0000] {dag.py:3036} INFO - Sync 1 DAGs
[2026-03-28T22:27:18.815+0000] {logging_mixin.py:188} INFO - [2026-03-28T22:27:18.815+0000] {dag.py:3823} INFO - Setting next_dagrun for example_dag_decorator to None, run_after=None
[2026-03-28T22:27:18.838+0000] {processor.py:183} INFO - Processing /home/airflow/.local/lib/python3.8/site-packages/airflow/example_dags/example_dag_decorator.py took 0.506 seconds
[2026-03-28T22:27:48.983+0000] {processor.py:161} INFO - Started process (PID=1592) to work on /home/airflow/.local/lib/python3.8/site-packages/airflow/example_dags/example_dag_decorator.py
[2026-03-28T22:27:48.984+0000] {processor.py:830} INFO - Processing file /home/airflow/.local/lib/python3.8/site-packages/airflow/example_dags/example_dag_decorator.py for tasks to queue
[2026-03-28T22:27:48.986+0000] {logging_mixin.py:188} INFO - [2026-03-28T22:27:48.986+0000] {dagbag.py:538} INFO - Filling up the DagBag from /home/airflow/.local/lib/python3.8/site-packages/airflow/example_dags/example_dag_decorator.py
[2026-03-28T22:27:49.081+0000] {processor.py:840} INFO - DAG(s) 'example_dag_decorator' retrieved from /home/airflow/.local/lib/python3.8/site-packages/airflow/example_dags/example_dag_decorator.py
[2026-03-28T22:27:49.105+0000] {logging_mixin.py:188} INFO - [2026-03-28T22:27:49.104+0000] {dag.py:3036} INFO - Sync 1 DAGs
[2026-03-28T22:27:49.116+0000] {logging_mixin.py:188} INFO - [2026-03-28T22:27:49.116+0000] {dag.py:3823} INFO - Setting next_dagrun for example_dag_decorator to None, run_after=None
[2026-03-28T22:27:49.138+0000] {processor.py:183} INFO - Processing /home/airflow/.local/lib/python3.8/site-packages/airflow/example_dags/example_dag_decorator.py took 0.159 seconds
[2026-03-28T22:28:19.318+0000] {processor.py:161} INFO - Started process (PID=1648) to work on /home/airflow/.local/lib/python3.8/site-packages/airflow/example_dags/example_dag_decorator.py
[2026-03-28T22:28:19.320+0000] {processor.py:830} INFO - Processing file /home/airflow/.local/lib/python3.8/site-packages/airflow/example_dags/example_dag_decorator.py for tasks to queue
[2026-03-28T22:28:19.322+0000] {logging_mixin.py:188} INFO - [2026-03-28T22:28:19.322+0000] {dagbag.py:538} INFO - Filling up the DagBag from /home/airflow/.local/lib/python3.8/site-packages/airflow/example_dags/example_dag_decorator.py
[2026-03-28T22:28:19.414+0000] {processor.py:840} INFO - DAG(s) 'example_dag_decorator' retrieved from /home/airflow/.local/lib/python3.8/site-packages/airflow/example_dags/example_dag_decorator.py
[2026-03-28T22:28:19.444+0000] {logging_mixin.py:188} INFO - [2026-03-28T22:28:19.443+0000] {dag.py:3036} INFO - Sync 1 DAGs
[2026-03-28T22:28:19.457+0000] {logging_mixin.py:188} INFO - [2026-03-28T22:28:19.456+0000] {dag.py:3823} INFO - Setting next_dagrun for example_dag_decorator to None, run_after=None
[2026-03-28T22:28:19.479+0000] {processor.py:183} INFO - Processing /home/airflow/.local/lib/python3.8/site-packages/airflow/example_dags/example_dag_decorator.py took 0.165 seconds
[2026-03-28T22:28:50.081+0000] {processor.py:161} INFO - Started process (PID=1704) to work on /home/airflow/.local/lib/python3.8/site-packages/airflow/example_dags/example_dag_decorator.py
[2026-03-28T22:28:50.083+0000] {processor.py:830} INFO - Processing file /home/airflow/.local/lib/python3.8/site-packages/airflow/example_dags/example_dag_decorator.py for tasks to queue
[2026-03-28T22:28:50.085+0000] {logging_mixin.py:188} INFO - [2026-03-28T22:28:50.085+0000] {dagbag.py:538} INFO - Filling up the DagBag from /home/airflow/.local/lib/python3.8/site-packages/airflow/example_dags/example_dag_decorator.py
[2026-03-28T22:28:50.211+0000] {processor.py:840} INFO - DAG(s) 'example_dag_decorator' retrieved from /home/airflow/.local/lib/python3.8/site-packages/airflow/example_dags/example_dag_decorator.py
[2026-03-28T22:28:50.496+0000] {logging_mixin.py:188} INFO - [2026-03-28T22:28:50.495+0000] {dag.py:3036} INFO - Sync 1 DAGs
[2026-03-28T22:28:50.506+0000] {logging_mixin.py:188} INFO - [2026-03-28T22:28:50.506+0000] {dag.py:3823} INFO - Setting next_dagrun for example_dag_decorator to None, run_after=None
[2026-03-28T22:28:50.546+0000] {processor.py:183} INFO - Processing /home/airflow/.local/lib/python3.8/site-packages/airflow/example_dags/example_dag_decorator.py took 0.468 seconds
[2026-03-28T22:29:20.834+0000] {processor.py:161} INFO - Started process (PID=1760) to work on /home/airflow/.local/lib/python3.8/site-packages/airflow/example_dags/example_dag_decorator.py
[2026-03-28T22:29:20.835+0000] {processor.py:830} INFO - Processing file /home/airflow/.local/lib/python3.8/site-packages/airflow/example_dags/example_dag_decorator.py for tasks to queue
[2026-03-28T22:29:20.837+0000] {logging_mixin.py:188} INFO - [2026-03-28T22:29:20.837+0000] {dagbag.py:538} INFO - Filling up the DagBag from /home/airflow/.local/lib/python3.8/site-packages/airflow/example_dags/example_dag_decorator.py
[2026-03-28T22:29:20.938+0000] {processor.py:840} INFO - DAG(s) 'example_dag_decorator' retrieved from /home/airflow/.local/lib/python3.8/site-packages/airflow/example_dags/example_dag_decorator.py
[2026-03-28T22:29:21.224+0000] {logging_mixin.py:188} INFO - [2026-03-28T22:29:21.224+0000] {dag.py:3036} INFO - Sync 1 DAGs
[2026-03-28T22:29:21.238+0000] {logging_mixin.py:188} INFO - [2026-03-28T22:29:21.238+0000] {dag.py:3823} INFO - Setting next_dagrun for example_dag_decorator to None, run_after=None
[2026-03-28T22:29:21.268+0000] {processor.py:183} INFO - Processing /home/airflow/.local/lib/python3.8/site-packages/airflow/example_dags/example_dag_decorator.py took 0.437 seconds
[2026-03-28T22:29:51.517+0000] {processor.py:161} INFO - Started process (PID=1819) to work on /home/airflow/.local/lib/python3.8/site-packages/airflow/example_dags/example_dag_decorator.py
[2026-03-28T22:29:51.518+0000] {processor.py:830} INFO - Processing file /home/airflow/.local/lib/python3.8/site-packages/airflow/example_dags/example_dag_decorator.py for tasks to queue
[2026-03-28T22:29:51.520+0000] {logging_mixin.py:188} INFO - [2026-03-28T22:29:51.520+0000] {dagbag.py:538} INFO - Filling up the DagBag from /home/airflow/.local/lib/python3.8/site-packages/airflow/example_dags/example_dag_decorator.py
[2026-03-28T22:29:51.709+0000] {processor.py:840} INFO - DAG(s) 'example_dag_decorator' retrieved from /home/airflow/.local/lib/python3.8/site-packages/airflow/example_dags/example_dag_decorator.py
[2026-03-28T22:29:51.808+0000] {logging_mixin.py:188} INFO - [2026-03-28T22:29:51.808+0000] {dag.py:3036} INFO - Sync 1 DAGs
[2026-03-28T22:29:51.819+0000] {logging_mixin.py:188} INFO - [2026-03-28T22:29:51.818+0000] {dag.py:3823} INFO - Setting next_dagrun for example_dag_decorator to None, run_after=None
[2026-03-28T22:29:51.837+0000] {processor.py:183} INFO - Processing /home/airflow/.local/lib/python3.8/site-packages/airflow/example_dags/example_dag_decorator.py took 0.324 seconds
[2026-03-28T22:30:22.255+0000] {processor.py:161} INFO - Started process (PID=1876) to work on /home/airflow/.local/lib/python3.8/site-packages/airflow/example_dags/example_dag_decorator.py
[2026-03-28T22:30:22.256+0000] {processor.py:830} INFO - Processing file /home/airflow/.local/lib/python3.8/site-packages/airflow/example_dags/example_dag_decorator.py for tasks to queue
[2026-03-28T22:30:22.259+0000] {logging_mixin.py:188} INFO - [2026-03-28T22:30:22.259+0000] {dagbag.py:538} INFO - Filling up the DagBag from /home/airflow/.local/lib/python3.8/site-packages/airflow/example_dags/example_dag_decorator.py
[2026-03-28T22:30:22.552+0000] {processor.py:840} INFO - DAG(s) 'example_dag_decorator' retrieved from /home/airflow/.local/lib/python3.8/site-packages/airflow/example_dags/example_dag_decorator.py
[2026-03-28T22:30:22.667+0000] {logging_mixin.py:188} INFO - [2026-03-28T22:30:22.667+0000] {dag.py:3036} INFO - Sync 1 DAGs
[2026-03-28T22:30:22.677+0000] {logging_mixin.py:188} INFO - [2026-03-28T22:30:22.677+0000] {dag.py:3823} INFO - Setting next_dagrun for example_dag_decorator to None, run_after=None
[2026-03-28T22:30:22.702+0000] {processor.py:183} INFO - Processing /home/airflow/.local/lib/python3.8/site-packages/airflow/example_dags/example_dag_decorator.py took 0.451 seconds
[2026-03-28T22:30:53.407+0000] {processor.py:161} INFO - Started process (PID=1933) to work on /home/airflow/.local/lib/python3.8/site-packages/airflow/example_dags/example_dag_decorator.py
[2026-03-28T22:30:53.408+0000] {processor.py:830} INFO - Processing file /home/airflow/.local/lib/python3.8/site-packages/airflow/example_dags/example_dag_decorator.py for tasks to queue
[2026-03-28T22:30:53.410+0000] {logging_mixin.py:188} INFO - [2026-03-28T22:30:53.410+0000] {dagbag.py:538} INFO - Filling up the DagBag from /home/airflow/.local/lib/python3.8/site-packages/airflow/example_dags/example_dag_decorator.py
[2026-03-28T22:30:53.679+0000] {processor.py:840} INFO - DAG(s) 'example_dag_decorator' retrieved from /home/airflow/.local/lib/python3.8/site-packages/airflow/example_dags/example_dag_decorator.py
[2026-03-28T22:30:53.940+0000] {logging_mixin.py:188} INFO - [2026-03-28T22:30:53.940+0000] {dag.py:3036} INFO - Sync 1 DAGs
[2026-03-28T22:30:53.952+0000] {logging_mixin.py:188} INFO - [2026-03-28T22:30:53.951+0000] {dag.py:3823} INFO - Setting next_dagrun for example_dag_decorator to None, run_after=None
[2026-03-28T22:30:53.977+0000] {processor.py:183} INFO - Processing /home/airflow/.local/lib/python3.8/site-packages/airflow/example_dags/example_dag_decorator.py took 0.574 seconds
[2026-03-28T22:31:36.482+0000] {processor.py:161} INFO - Started process (PID=63) to work on /home/airflow/.local/lib/python3.8/site-packages/airflow/example_dags/example_dag_decorator.py
[2026-03-28T22:31:36.484+0000] {processor.py:830} INFO - Processing file /home/airflow/.local/lib/python3.8/site-packages/airflow/example_dags/example_dag_decorator.py for tasks to queue
[2026-03-28T22:31:36.487+0000] {logging_mixin.py:188} INFO - [2026-03-28T22:31:36.487+0000] {dagbag.py:538} INFO - Filling up the DagBag from /home/airflow/.local/lib/python3.8/site-packages/airflow/example_dags/example_dag_decorator.py
[2026-03-28T22:31:36.661+0000] {processor.py:840} INFO - DAG(s) 'example_dag_decorator' retrieved from /home/airflow/.local/lib/python3.8/site-packages/airflow/example_dags/example_dag_decorator.py
[2026-03-28T22:31:36.736+0000] {logging_mixin.py:188} INFO - [2026-03-28T22:31:36.735+0000] {dag.py:3036} INFO - Sync 1 DAGs
[2026-03-28T22:31:36.830+0000] {logging_mixin.py:188} INFO - [2026-03-28T22:31:36.829+0000] {dag.py:3823} INFO - Setting next_dagrun for example_dag_decorator to None, run_after=None
[2026-03-28T22:31:36.949+0000] {processor.py:183} INFO - Processing /home/airflow/.local/lib/python3.8/site-packages/airflow/example_dags/example_dag_decorator.py took 0.476 seconds
[2026-03-28T22:32:12.450+0000] {processor.py:161} INFO - Started process (PID=64) to work on /home/airflow/.local/lib/python3.8/site-packages/airflow/example_dags/example_dag_decorator.py
[2026-03-28T22:32:12.452+0000] {processor.py:830} INFO - Processing file /home/airflow/.local/lib/python3.8/site-packages/airflow/example_dags/example_dag_decorator.py for tasks to queue
[2026-03-28T22:32:12.455+0000] {logging_mixin.py:188} INFO - [2026-03-28T22:32:12.454+0000] {dagbag.py:538} INFO - Filling up the DagBag from /home/airflow/.local/lib/python3.8/site-packages/airflow/example_dags/example_dag_decorator.py
[2026-03-28T22:32:12.557+0000] {processor.py:840} INFO - DAG(s) 'example_dag_decorator' retrieved from /home/airflow/.local/lib/python3.8/site-packages/airflow/example_dags/example_dag_decorator.py
[2026-03-28T22:32:12.574+0000] {logging_mixin.py:188} INFO - [2026-03-28T22:32:12.573+0000] {dag.py:3036} INFO - Sync 1 DAGs
[2026-03-28T22:32:12.590+0000] {logging_mixin.py:188} INFO - [2026-03-28T22:32:12.589+0000] {dag.py:3823} INFO - Setting next_dagrun for example_dag_decorator to None, run_after=None
[2026-03-28T22:32:12.619+0000] {processor.py:183} INFO - Processing /home/airflow/.local/lib/python3.8/site-packages/airflow/example_dags/example_dag_decorator.py took 0.174 seconds
[2026-03-28T22:32:43.132+0000] {processor.py:161} INFO - Started process (PID=126) to work on /home/airflow/.local/lib/python3.8/site-packages/airflow/example_dags/example_dag_decorator.py
[2026-03-28T22:32:43.133+0000] {processor.py:830} INFO - Processing file /home/airflow/.local/lib/python3.8/site-packages/airflow/example_dags/example_dag_decorator.py for tasks to queue
[2026-03-28T22:32:43.135+0000] {logging_mixin.py:188} INFO - [2026-03-28T22:32:43.135+0000] {dagbag.py:538} INFO - Filling up the DagBag from /home/airflow/.local/lib/python3.8/site-packages/airflow/example_dags/example_dag_decorator.py
[2026-03-28T22:32:43.233+0000] {processor.py:840} INFO - DAG(s) 'example_dag_decorator' retrieved from /home/airflow/.local/lib/python3.8/site-packages/airflow/example_dags/example_dag_decorator.py
[2026-03-28T22:32:43.337+0000] {logging_mixin.py:188} INFO - [2026-03-28T22:32:43.337+0000] {dag.py:3036} INFO - Sync 1 DAGs
[2026-03-28T22:32:43.349+0000] {logging_mixin.py:188} INFO - [2026-03-28T22:32:43.348+0000] {dag.py:3823} INFO - Setting next_dagrun for example_dag_decorator to None, run_after=None
[2026-03-28T22:32:43.407+0000] {processor.py:183} INFO - Processing /home/airflow/.local/lib/python3.8/site-packages/airflow/example_dags/example_dag_decorator.py took 0.279 seconds
[2026-03-28T22:34:01.142+0000] {processor.py:161} INFO - Started process (PID=81) to work on /home/airflow/.local/lib/python3.8/site-packages/airflow/example_dags/example_dag_decorator.py
[2026-03-28T22:34:01.143+0000] {processor.py:830} INFO - Processing file /home/airflow/.local/lib/python3.8/site-packages/airflow/example_dags/example_dag_decorator.py for tasks to queue
[2026-03-28T22:34:01.148+0000] {logging_mixin.py:188} INFO - [2026-03-28T22:34:01.148+0000] {dagbag.py:538} INFO - Filling up the DagBag from /home/airflow/.local/lib/python3.8/site-packages/airflow/example_dags/example_dag_decorator.py
[2026-03-28T22:34:01.380+0000] {processor.py:840} INFO - DAG(s) 'example_dag_decorator' retrieved from /home/airflow/.local/lib/python3.8/site-packages/airflow/example_dags/example_dag_decorator.py
[2026-03-28T22:34:01.520+0000] {logging_mixin.py:188} INFO - [2026-03-28T22:34:01.519+0000] {dag.py:3036} INFO - Sync 1 DAGs
[2026-03-28T22:34:01.530+0000] {logging_mixin.py:188} INFO - [2026-03-28T22:34:01.530+0000] {dag.py:3823} INFO - Setting next_dagrun for example_dag_decorator to None, run_after=None
[2026-03-28T22:34:01.557+0000] {processor.py:183} INFO - Processing /home/airflow/.local/lib/python3.8/site-packages/airflow/example_dags/example_dag_decorator.py took 0.418 seconds
[2026-03-28T22:34:32.439+0000] {processor.py:161} INFO - Started process (PID=137) to work on /home/airflow/.local/lib/python3.8/site-packages/airflow/example_dags/example_dag_decorator.py
[2026-03-28T22:34:32.441+0000] {processor.py:830} INFO - Processing file /home/airflow/.local/lib/python3.8/site-packages/airflow/example_dags/example_dag_decorator.py for tasks to queue
[2026-03-28T22:34:32.444+0000] {logging_mixin.py:188} INFO - [2026-03-28T22:34:32.444+0000] {dagbag.py:538} INFO - Filling up the DagBag from /home/airflow/.local/lib/python3.8/site-packages/airflow/example_dags/example_dag_decorator.py
[2026-03-28T22:34:32.621+0000] {processor.py:840} INFO - DAG(s) 'example_dag_decorator' retrieved from /home/airflow/.local/lib/python3.8/site-packages/airflow/example_dags/example_dag_decorator.py
[2026-03-28T22:34:32.787+0000] {logging_mixin.py:188} INFO - [2026-03-28T22:34:32.787+0000] {dag.py:3036} INFO - Sync 1 DAGs
[2026-03-28T22:34:32.801+0000] {logging_mixin.py:188} INFO - [2026-03-28T22:34:32.800+0000] {dag.py:3823} INFO - Setting next_dagrun for example_dag_decorator to None, run_after=None
[2026-03-28T22:34:32.831+0000] {processor.py:183} INFO - Processing /home/airflow/.local/lib/python3.8/site-packages/airflow/example_dags/example_dag_decorator.py took 0.398 seconds
[2026-03-28T22:35:03.473+0000] {processor.py:161} INFO - Started process (PID=193) to work on /home/airflow/.local/lib/python3.8/site-packages/airflow/example_dags/example_dag_decorator.py
[2026-03-28T22:35:03.474+0000] {processor.py:830} INFO - Processing file /home/airflow/.local/lib/python3.8/site-packages/airflow/example_dags/example_dag_decorator.py for tasks to queue
[2026-03-28T22:35:03.476+0000] {logging_mixin.py:188} INFO - [2026-03-28T22:35:03.476+0000] {dagbag.py:538} INFO - Filling up the DagBag from /home/airflow/.local/lib/python3.8/site-packages/airflow/example_dags/example_dag_decorator.py
[2026-03-28T22:35:03.570+0000] {processor.py:840} INFO - DAG(s) 'example_dag_decorator' retrieved from /home/airflow/.local/lib/python3.8/site-packages/airflow/example_dags/example_dag_decorator.py
[2026-03-28T22:35:03.689+0000] {logging_mixin.py:188} INFO - [2026-03-28T22:35:03.689+0000] {dag.py:3036} INFO - Sync 1 DAGs
[2026-03-28T22:35:03.703+0000] {logging_mixin.py:188} INFO - [2026-03-28T22:35:03.703+0000] {dag.py:3823} INFO - Setting next_dagrun for example_dag_decorator to None, run_after=None
[2026-03-28T22:35:03.730+0000] {processor.py:183} INFO - Processing /home/airflow/.local/lib/python3.8/site-packages/airflow/example_dags/example_dag_decorator.py took 0.261 seconds
[2026-03-28T22:35:33.801+0000] {processor.py:161} INFO - Started process (PID=250) to work on /home/airflow/.local/lib/python3.8/site-packages/airflow/example_dags/example_dag_decorator.py
[2026-03-28T22:35:33.802+0000] {processor.py:830} INFO - Processing file /home/airflow/.local/lib/python3.8/site-packages/airflow/example_dags/example_dag_decorator.py for tasks to queue
[2026-03-28T22:35:33.804+0000] {logging_mixin.py:188} INFO - [2026-03-28T22:35:33.804+0000] {dagbag.py:538} INFO - Filling up the DagBag from /home/airflow/.local/lib/python3.8/site-packages/airflow/example_dags/example_dag_decorator.py
[2026-03-28T22:35:33.894+0000] {processor.py:840} INFO - DAG(s) 'example_dag_decorator' retrieved from /home/airflow/.local/lib/python3.8/site-packages/airflow/example_dags/example_dag_decorator.py
[2026-03-28T22:35:34.012+0000] {logging_mixin.py:188} INFO - [2026-03-28T22:35:34.012+0000] {dag.py:3036} INFO - Sync 1 DAGs
[2026-03-28T22:35:34.026+0000] {logging_mixin.py:188} INFO - [2026-03-28T22:35:34.025+0000] {dag.py:3823} INFO - Setting next_dagrun for example_dag_decorator to None, run_after=None
[2026-03-28T22:35:34.057+0000] {processor.py:183} INFO - Processing /home/airflow/.local/lib/python3.8/site-packages/airflow/example_dags/example_dag_decorator.py took 0.260 seconds
[2026-03-28T22:36:04.094+0000] {processor.py:161} INFO - Started process (PID=307) to work on /home/airflow/.local/lib/python3.8/site-packages/airflow/example_dags/example_dag_decorator.py
[2026-03-28T22:36:04.096+0000] {processor.py:830} INFO - Processing file /home/airflow/.local/lib/python3.8/site-packages/airflow/example_dags/example_dag_decorator.py for tasks to queue
[2026-03-28T22:36:04.098+0000] {logging_mixin.py:188} INFO - [2026-03-28T22:36:04.097+0000] {dagbag.py:538} INFO - Filling up the DagBag from /home/airflow/.local/lib/python3.8/site-packages/airflow/example_dags/example_dag_decorator.py
[2026-03-28T22:36:04.194+0000] {processor.py:840} INFO - DAG(s) 'example_dag_decorator' retrieved from /home/airflow/.local/lib/python3.8/site-packages/airflow/example_dags/example_dag_decorator.py
[2026-03-28T22:36:04.292+0000] {logging_mixin.py:188} INFO - [2026-03-28T22:36:04.292+0000] {dag.py:3036} INFO - Sync 1 DAGs
[2026-03-28T22:36:04.303+0000] {logging_mixin.py:188} INFO - [2026-03-28T22:36:04.303+0000] {dag.py:3823} INFO - Setting next_dagrun for example_dag_decorator to None, run_after=None
[2026-03-28T22:36:04.344+0000] {processor.py:183} INFO - Processing /home/airflow/.local/lib/python3.8/site-packages/airflow/example_dags/example_dag_decorator.py took 0.254 seconds
[2026-03-28T22:36:34.406+0000] {processor.py:161} INFO - Started process (PID=361) to work on /home/airflow/.local/lib/python3.8/site-packages/airflow/example_dags/example_dag_decorator.py
[2026-03-28T22:36:34.408+0000] {processor.py:830} INFO - Processing file /home/airflow/.local/lib/python3.8/site-packages/airflow/example_dags/example_dag_decorator.py for tasks to queue
[2026-03-28T22:36:34.410+0000] {logging_mixin.py:188} INFO - [2026-03-28T22:36:34.409+0000] {dagbag.py:538} INFO - Filling up the DagBag from /home/airflow/.local/lib/python3.8/site-packages/airflow/example_dags/example_dag_decorator.py
[2026-03-28T22:36:34.502+0000] {processor.py:840} INFO - DAG(s) 'example_dag_decorator' retrieved from /home/airflow/.local/lib/python3.8/site-packages/airflow/example_dags/example_dag_decorator.py
[2026-03-28T22:36:34.616+0000] {logging_mixin.py:188} INFO - [2026-03-28T22:36:34.616+0000] {dag.py:3036} INFO - Sync 1 DAGs
[2026-03-28T22:36:34.626+0000] {logging_mixin.py:188} INFO - [2026-03-28T22:36:34.626+0000] {dag.py:3823} INFO - Setting next_dagrun for example_dag_decorator to None, run_after=None
[2026-03-28T22:36:34.656+0000] {processor.py:183} INFO - Processing /home/airflow/.local/lib/python3.8/site-packages/airflow/example_dags/example_dag_decorator.py took 0.253 seconds
[2026-03-28T22:37:41.107+0000] {processor.py:161} INFO - Started process (PID=63) to work on /home/airflow/.local/lib/python3.8/site-packages/airflow/example_dags/example_dag_decorator.py
[2026-03-28T22:37:41.108+0000] {processor.py:830} INFO - Processing file /home/airflow/.local/lib/python3.8/site-packages/airflow/example_dags/example_dag_decorator.py for tasks to queue
[2026-03-28T22:37:41.110+0000] {logging_mixin.py:188} INFO - [2026-03-28T22:37:41.110+0000] {dagbag.py:538} INFO - Filling up the DagBag from /home/airflow/.local/lib/python3.8/site-packages/airflow/example_dags/example_dag_decorator.py
[2026-03-28T22:37:41.246+0000] {processor.py:840} INFO - DAG(s) 'example_dag_decorator' retrieved from /home/airflow/.local/lib/python3.8/site-packages/airflow/example_dags/example_dag_decorator.py
[2026-03-28T22:37:41.261+0000] {logging_mixin.py:188} INFO - [2026-03-28T22:37:41.261+0000] {dag.py:3036} INFO - Sync 1 DAGs
[2026-03-28T22:37:41.275+0000] {logging_mixin.py:188} INFO - [2026-03-28T22:37:41.275+0000] {dag.py:3823} INFO - Setting next_dagrun for example_dag_decorator to None, run_after=None
[2026-03-28T22:37:41.298+0000] {processor.py:183} INFO - Processing /home/airflow/.local/lib/python3.8/site-packages/airflow/example_dags/example_dag_decorator.py took 0.195 seconds
[2026-03-28T22:38:11.666+0000] {processor.py:161} INFO - Started process (PID=119) to work on /home/airflow/.local/lib/python3.8/site-packages/airflow/example_dags/example_dag_decorator.py
[2026-03-28T22:38:11.667+0000] {processor.py:830} INFO - Processing file /home/airflow/.local/lib/python3.8/site-packages/airflow/example_dags/example_dag_decorator.py for tasks to queue
[2026-03-28T22:38:11.670+0000] {logging_mixin.py:188} INFO - [2026-03-28T22:38:11.670+0000] {dagbag.py:538} INFO - Filling up the DagBag from /home/airflow/.local/lib/python3.8/site-packages/airflow/example_dags/example_dag_decorator.py
[2026-03-28T22:38:11.810+0000] {processor.py:840} INFO - DAG(s) 'example_dag_decorator' retrieved from /home/airflow/.local/lib/python3.8/site-packages/airflow/example_dags/example_dag_decorator.py
[2026-03-28T22:38:11.945+0000] {logging_mixin.py:188} INFO - [2026-03-28T22:38:11.945+0000] {dag.py:3036} INFO - Sync 1 DAGs
[2026-03-28T22:38:11.958+0000] {logging_mixin.py:188} INFO - [2026-03-28T22:38:11.958+0000] {dag.py:3823} INFO - Setting next_dagrun for example_dag_decorator to None, run_after=None
[2026-03-28T22:38:11.982+0000] {processor.py:183} INFO - Processing /home/airflow/.local/lib/python3.8/site-packages/airflow/example_dags/example_dag_decorator.py took 0.322 seconds
[2026-03-28T22:38:42.552+0000] {processor.py:161} INFO - Started process (PID=175) to work on /home/airflow/.local/lib/python3.8/site-packages/airflow/example_dags/example_dag_decorator.py
[2026-03-28T22:38:42.554+0000] {processor.py:830} INFO - Processing file /home/airflow/.local/lib/python3.8/site-packages/airflow/example_dags/example_dag_decorator.py for tasks to queue
[2026-03-28T22:38:42.557+0000] {logging_mixin.py:188} INFO - [2026-03-28T22:38:42.556+0000] {dagbag.py:538} INFO - Filling up the DagBag from /home/airflow/.local/lib/python3.8/site-packages/airflow/example_dags/example_dag_decorator.py
[2026-03-28T22:38:42.679+0000] {processor.py:840} INFO - DAG(s) 'example_dag_decorator' retrieved from /home/airflow/.local/lib/python3.8/site-packages/airflow/example_dags/example_dag_decorator.py
[2026-03-28T22:38:42.881+0000] {logging_mixin.py:188} INFO - [2026-03-28T22:38:42.881+0000] {dag.py:3036} INFO - Sync 1 DAGs
[2026-03-28T22:38:42.898+0000] {logging_mixin.py:188} INFO - [2026-03-28T22:38:42.898+0000] {dag.py:3823} INFO - Setting next_dagrun for example_dag_decorator to None, run_after=None
[2026-03-28T22:38:42.928+0000] {processor.py:183} INFO - Processing /home/airflow/.local/lib/python3.8/site-packages/airflow/example_dags/example_dag_decorator.py took 0.380 seconds
[2026-03-28T22:39:13.004+0000] {processor.py:161} INFO - Started process (PID=231) to work on /home/airflow/.local/lib/python3.8/site-packages/airflow/example_dags/example_dag_decorator.py
[2026-03-28T22:39:13.005+0000] {processor.py:830} INFO - Processing file /home/airflow/.local/lib/python3.8/site-packages/airflow/example_dags/example_dag_decorator.py for tasks to queue
[2026-03-28T22:39:13.008+0000] {logging_mixin.py:188} INFO - [2026-03-28T22:39:13.008+0000] {dagbag.py:538} INFO - Filling up the DagBag from /home/airflow/.local/lib/python3.8/site-packages/airflow/example_dags/example_dag_decorator.py
[2026-03-28T22:39:13.108+0000] {processor.py:840} INFO - DAG(s) 'example_dag_decorator' retrieved from /home/airflow/.local/lib/python3.8/site-packages/airflow/example_dags/example_dag_decorator.py
[2026-03-28T22:39:13.251+0000] {logging_mixin.py:188} INFO - [2026-03-28T22:39:13.251+0000] {dag.py:3036} INFO - Sync 1 DAGs
[2026-03-28T22:39:13.263+0000] {logging_mixin.py:188} INFO - [2026-03-28T22:39:13.263+0000] {dag.py:3823} INFO - Setting next_dagrun for example_dag_decorator to None, run_after=None
[2026-03-28T22:39:13.294+0000] {processor.py:183} INFO - Processing /home/airflow/.local/lib/python3.8/site-packages/airflow/example_dags/example_dag_decorator.py took 0.294 seconds
[2026-03-28T22:39:43.402+0000] {processor.py:161} INFO - Started process (PID=288) to work on /home/airflow/.local/lib/python3.8/site-packages/airflow/example_dags/example_dag_decorator.py
[2026-03-28T22:39:43.404+0000] {processor.py:830} INFO - Processing file /home/airflow/.local/lib/python3.8/site-packages/airflow/example_dags/example_dag_decorator.py for tasks to queue
[2026-03-28T22:39:43.408+0000] {logging_mixin.py:188} INFO - [2026-03-28T22:39:43.407+0000] {dagbag.py:538} INFO - Filling up the DagBag from /home/airflow/.local/lib/python3.8/site-packages/airflow/example_dags/example_dag_decorator.py
[2026-03-28T22:39:43.583+0000] {processor.py:840} INFO - DAG(s) 'example_dag_decorator' retrieved from /home/airflow/.local/lib/python3.8/site-packages/airflow/example_dags/example_dag_decorator.py
[2026-03-28T22:39:43.749+0000] {logging_mixin.py:188} INFO - [2026-03-28T22:39:43.748+0000] {dag.py:3036} INFO - Sync 1 DAGs
[2026-03-28T22:39:43.769+0000] {logging_mixin.py:188} INFO - [2026-03-28T22:39:43.769+0000] {dag.py:3823} INFO - Setting next_dagrun for example_dag_decorator to None, run_after=None
[2026-03-28T22:39:43.802+0000] {processor.py:183} INFO - Processing /home/airflow/.local/lib/python3.8/site-packages/airflow/example_dags/example_dag_decorator.py took 0.405 seconds
[2026-03-28T22:40:13.985+0000] {processor.py:161} INFO - Started process (PID=346) to work on /home/airflow/.local/lib/python3.8/site-packages/airflow/example_dags/example_dag_decorator.py
[2026-03-28T22:40:13.986+0000] {processor.py:830} INFO - Processing file /home/airflow/.local/lib/python3.8/site-packages/airflow/example_dags/example_dag_decorator.py for tasks to queue
[2026-03-28T22:40:13.990+0000] {logging_mixin.py:188} INFO - [2026-03-28T22:40:13.990+0000] {dagbag.py:538} INFO - Filling up the DagBag from /home/airflow/.local/lib/python3.8/site-packages/airflow/example_dags/example_dag_decorator.py
[2026-03-28T22:40:14.131+0000] {processor.py:840} INFO - DAG(s) 'example_dag_decorator' retrieved from /home/airflow/.local/lib/python3.8/site-packages/airflow/example_dags/example_dag_decorator.py
[2026-03-28T22:40:14.266+0000] {logging_mixin.py:188} INFO - [2026-03-28T22:40:14.265+0000] {dag.py:3036} INFO - Sync 1 DAGs
[2026-03-28T22:40:14.277+0000] {logging_mixin.py:188} INFO - [2026-03-28T22:40:14.277+0000] {dag.py:3823} INFO - Setting next_dagrun for example_dag_decorator to None, run_after=None
[2026-03-28T22:40:14.304+0000] {processor.py:183} INFO - Processing /home/airflow/.local/lib/python3.8/site-packages/airflow/example_dags/example_dag_decorator.py took 0.323 seconds
[2026-03-28T22:40:44.395+0000] {processor.py:161} INFO - Started process (PID=404) to work on /home/airflow/.local/lib/python3.8/site-packages/airflow/example_dags/example_dag_decorator.py
[2026-03-28T22:40:44.397+0000] {processor.py:830} INFO - Processing file /home/airflow/.local/lib/python3.8/site-packages/airflow/example_dags/example_dag_decorator.py for tasks to queue
[2026-03-28T22:40:44.399+0000] {logging_mixin.py:188} INFO - [2026-03-28T22:40:44.399+0000] {dagbag.py:538} INFO - Filling up the DagBag from /home/airflow/.local/lib/python3.8/site-packages/airflow/example_dags/example_dag_decorator.py
[2026-03-28T22:40:44.494+0000] {processor.py:840} INFO - DAG(s) 'example_dag_decorator' retrieved from /home/airflow/.local/lib/python3.8/site-packages/airflow/example_dags/example_dag_decorator.py
[2026-03-28T22:40:44.615+0000] {logging_mixin.py:188} INFO - [2026-03-28T22:40:44.615+0000] {dag.py:3036} INFO - Sync 1 DAGs
[2026-03-28T22:40:44.625+0000] {logging_mixin.py:188} INFO - [2026-03-28T22:40:44.625+0000] {dag.py:3823} INFO - Setting next_dagrun for example_dag_decorator to None, run_after=None
[2026-03-28T22:40:44.649+0000] {processor.py:183} INFO - Processing /home/airflow/.local/lib/python3.8/site-packages/airflow/example_dags/example_dag_decorator.py took 0.258 seconds
[2026-03-28T22:41:15.231+0000] {processor.py:161} INFO - Started process (PID=458) to work on /home/airflow/.local/lib/python3.8/site-packages/airflow/example_dags/example_dag_decorator.py
[2026-03-28T22:41:15.232+0000] {processor.py:830} INFO - Processing file /home/airflow/.local/lib/python3.8/site-packages/airflow/example_dags/example_dag_decorator.py for tasks to queue
[2026-03-28T22:41:15.234+0000] {logging_mixin.py:188} INFO - [2026-03-28T22:41:15.234+0000] {dagbag.py:538} INFO - Filling up the DagBag from /home/airflow/.local/lib/python3.8/site-packages/airflow/example_dags/example_dag_decorator.py
[2026-03-28T22:41:15.315+0000] {processor.py:840} INFO - DAG(s) 'example_dag_decorator' retrieved from /home/airflow/.local/lib/python3.8/site-packages/airflow/example_dags/example_dag_decorator.py
[2026-03-28T22:41:15.328+0000] {logging_mixin.py:188} INFO - [2026-03-28T22:41:15.328+0000] {dag.py:3036} INFO - Sync 1 DAGs
[2026-03-28T22:41:15.343+0000] {logging_mixin.py:188} INFO - [2026-03-28T22:41:15.343+0000] {dag.py:3823} INFO - Setting next_dagrun for example_dag_decorator to None, run_after=None
[2026-03-28T22:41:15.365+0000] {processor.py:183} INFO - Processing /home/airflow/.local/lib/python3.8/site-packages/airflow/example_dags/example_dag_decorator.py took 0.137 seconds
[2026-03-28T22:41:45.707+0000] {processor.py:161} INFO - Started process (PID=514) to work on /home/airflow/.local/lib/python3.8/site-packages/airflow/example_dags/example_dag_decorator.py
[2026-03-28T22:41:45.709+0000] {processor.py:830} INFO - Processing file /home/airflow/.local/lib/python3.8/site-packages/airflow/example_dags/example_dag_decorator.py for tasks to queue
[2026-03-28T22:41:45.708+0000] {logging_mixin.py:188} INFO - [2026-03-28T22:41:45.708+0000] {dagbag.py:538} INFO - Filling up the DagBag from /home/airflow/.local/lib/python3.8/site-packages/airflow/example_dags/example_dag_decorator.py
[2026-03-28T22:41:45.828+0000] {processor.py:840} INFO - DAG(s) 'example_dag_decorator' retrieved from /home/airflow/.local/lib/python3.8/site-packages/airflow/example_dags/example_dag_decorator.py
[2026-03-28T22:41:45.949+0000] {logging_mixin.py:188} INFO - [2026-03-28T22:41:45.949+0000] {dag.py:3036} INFO - Sync 1 DAGs
[2026-03-28T22:41:45.961+0000] {logging_mixin.py:188} INFO - [2026-03-28T22:41:45.961+0000] {dag.py:3823} INFO - Setting next_dagrun for example_dag_decorator to None, run_after=None
[2026-03-28T22:41:45.986+0000] {processor.py:183} INFO - Processing /home/airflow/.local/lib/python3.8/site-packages/airflow/example_dags/example_dag_decorator.py took 0.286 seconds
[2026-03-28T22:42:16.255+0000] {processor.py:161} INFO - Started process (PID=567) to work on /home/airflow/.local/lib/python3.8/site-packages/airflow/example_dags/example_dag_decorator.py
[2026-03-28T22:42:16.256+0000] {processor.py:830} INFO - Processing file /home/airflow/.local/lib/python3.8/site-packages/airflow/example_dags/example_dag_decorator.py for tasks to queue
[2026-03-28T22:42:16.258+0000] {logging_mixin.py:188} INFO - [2026-03-28T22:42:16.257+0000] {dagbag.py:538} INFO - Filling up the DagBag from /home/airflow/.local/lib/python3.8/site-packages/airflow/example_dags/example_dag_decorator.py
[2026-03-28T22:42:16.360+0000] {processor.py:840} INFO - DAG(s) 'example_dag_decorator' retrieved from /home/airflow/.local/lib/python3.8/site-packages/airflow/example_dags/example_dag_decorator.py
[2026-03-28T22:42:16.510+0000] {logging_mixin.py:188} INFO - [2026-03-28T22:42:16.510+0000] {dag.py:3036} INFO - Sync 1 DAGs
[2026-03-28T22:42:16.526+0000] {logging_mixin.py:188} INFO - [2026-03-28T22:42:16.526+0000] {dag.py:3823} INFO - Setting next_dagrun for example_dag_decorator to None, run_after=None
[2026-03-28T22:42:16.557+0000] {processor.py:183} INFO - Processing /home/airflow/.local/lib/python3.8/site-packages/airflow/example_dags/example_dag_decorator.py took 0.307 seconds
[2026-03-28T22:42:46.625+0000] {processor.py:161} INFO - Started process (PID=624) to work on /home/airflow/.local/lib/python3.8/site-packages/airflow/example_dags/example_dag_decorator.py
[2026-03-28T22:42:46.626+0000] {processor.py:830} INFO - Processing file /home/airflow/.local/lib/python3.8/site-packages/airflow/example_dags/example_dag_decorator.py for tasks to queue
[2026-03-28T22:42:46.628+0000] {logging_mixin.py:188} INFO - [2026-03-28T22:42:46.628+0000] {dagbag.py:538} INFO - Filling up the DagBag from /home/airflow/.local/lib/python3.8/site-packages/airflow/example_dags/example_dag_decorator.py
[2026-03-28T22:42:46.720+0000] {processor.py:840} INFO - DAG(s) 'example_dag_decorator' retrieved from /home/airflow/.local/lib/python3.8/site-packages/airflow/example_dags/example_dag_decorator.py
[2026-03-28T22:42:46.814+0000] {logging_mixin.py:188} INFO - [2026-03-28T22:42:46.814+0000] {dag.py:3036} INFO - Sync 1 DAGs
[2026-03-28T22:42:46.826+0000] {logging_mixin.py:188} INFO - [2026-03-28T22:42:46.826+0000] {dag.py:3823} INFO - Setting next_dagrun for example_dag_decorator to None, run_after=None
[2026-03-28T22:42:46.848+0000] {processor.py:183} INFO - Processing /home/airflow/.local/lib/python3.8/site-packages/airflow/example_dags/example_dag_decorator.py took 0.227 seconds
[2026-03-28T22:43:17.407+0000] {processor.py:161} INFO - Started process (PID=679) to work on /home/airflow/.local/lib/python3.8/site-packages/airflow/example_dags/example_dag_decorator.py
[2026-03-28T22:43:17.408+0000] {processor.py:830} INFO - Processing file /home/airflow/.local/lib/python3.8/site-packages/airflow/example_dags/example_dag_decorator.py for tasks to queue
[2026-03-28T22:43:17.411+0000] {logging_mixin.py:188} INFO - [2026-03-28T22:43:17.411+0000] {dagbag.py:538} INFO - Filling up the DagBag from /home/airflow/.local/lib/python3.8/site-packages/airflow/example_dags/example_dag_decorator.py
[2026-03-28T22:43:17.535+0000] {processor.py:840} INFO - DAG(s) 'example_dag_decorator' retrieved from /home/airflow/.local/lib/python3.8/site-packages/airflow/example_dags/example_dag_decorator.py
[2026-03-28T22:43:17.650+0000] {logging_mixin.py:188} INFO - [2026-03-28T22:43:17.650+0000] {dag.py:3036} INFO - Sync 1 DAGs
[2026-03-28T22:43:17.662+0000] {logging_mixin.py:188} INFO - [2026-03-28T22:43:17.662+0000] {dag.py:3823} INFO - Setting next_dagrun for example_dag_decorator to None, run_after=None
[2026-03-28T22:43:17.686+0000] {processor.py:183} INFO - Processing /home/airflow/.local/lib/python3.8/site-packages/airflow/example_dags/example_dag_decorator.py took 0.284 seconds
[2026-03-28T22:43:47.842+0000] {processor.py:161} INFO - Started process (PID=735) to work on /home/airflow/.local/lib/python3.8/site-packages/airflow/example_dags/example_dag_decorator.py
[2026-03-28T22:43:47.844+0000] {processor.py:830} INFO - Processing file /home/airflow/.local/lib/python3.8/site-packages/airflow/example_dags/example_dag_decorator.py for tasks to queue
[2026-03-28T22:43:47.846+0000] {logging_mixin.py:188} INFO - [2026-03-28T22:43:47.845+0000] {dagbag.py:538} INFO - Filling up the DagBag from /home/airflow/.local/lib/python3.8/site-packages/airflow/example_dags/example_dag_decorator.py
[2026-03-28T22:43:47.937+0000] {processor.py:840} INFO - DAG(s) 'example_dag_decorator' retrieved from /home/airflow/.local/lib/python3.8/site-packages/airflow/example_dags/example_dag_decorator.py
[2026-03-28T22:43:48.042+0000] {logging_mixin.py:188} INFO - [2026-03-28T22:43:48.042+0000] {dag.py:3036} INFO - Sync 1 DAGs
[2026-03-28T22:43:48.051+0000] {logging_mixin.py:188} INFO - [2026-03-28T22:43:48.051+0000] {dag.py:3823} INFO - Setting next_dagrun for example_dag_decorator to None, run_after=None
[2026-03-28T22:43:48.076+0000] {processor.py:183} INFO - Processing /home/airflow/.local/lib/python3.8/site-packages/airflow/example_dags/example_dag_decorator.py took 0.237 seconds
[2026-03-28T22:44:18.362+0000] {processor.py:161} INFO - Started process (PID=791) to work on /home/airflow/.local/lib/python3.8/site-packages/airflow/example_dags/example_dag_decorator.py
[2026-03-28T22:44:18.363+0000] {processor.py:830} INFO - Processing file /home/airflow/.local/lib/python3.8/site-packages/airflow/example_dags/example_dag_decorator.py for tasks to queue
[2026-03-28T22:44:18.368+0000] {logging_mixin.py:188} INFO - [2026-03-28T22:44:18.367+0000] {dagbag.py:538} INFO - Filling up the DagBag from /home/airflow/.local/lib/python3.8/site-packages/airflow/example_dags/example_dag_decorator.py
[2026-03-28T22:44:18.465+0000] {processor.py:840} INFO - DAG(s) 'example_dag_decorator' retrieved from /home/airflow/.local/lib/python3.8/site-packages/airflow/example_dags/example_dag_decorator.py
[2026-03-28T22:44:18.574+0000] {logging_mixin.py:188} INFO - [2026-03-28T22:44:18.574+0000] {dag.py:3036} INFO - Sync 1 DAGs
[2026-03-28T22:44:18.584+0000] {logging_mixin.py:188} INFO - [2026-03-28T22:44:18.584+0000] {dag.py:3823} INFO - Setting next_dagrun for example_dag_decorator to None, run_after=None
[2026-03-28T22:44:18.608+0000] {processor.py:183} INFO - Processing /home/airflow/.local/lib/python3.8/site-packages/airflow/example_dags/example_dag_decorator.py took 0.249 seconds
[2026-03-28T22:44:48.659+0000] {processor.py:161} INFO - Started process (PID=847) to work on /home/airflow/.local/lib/python3.8/site-packages/airflow/example_dags/example_dag_decorator.py
[2026-03-28T22:44:48.660+0000] {processor.py:830} INFO - Processing file /home/airflow/.local/lib/python3.8/site-packages/airflow/example_dags/example_dag_decorator.py for tasks to queue
[2026-03-28T22:44:48.662+0000] {logging_mixin.py:188} INFO - [2026-03-28T22:44:48.662+0000] {dagbag.py:538} INFO - Filling up the DagBag from /home/airflow/.local/lib/python3.8/site-packages/airflow/example_dags/example_dag_decorator.py
[2026-03-28T22:44:48.759+0000] {processor.py:840} INFO - DAG(s) 'example_dag_decorator' retrieved from /home/airflow/.local/lib/python3.8/site-packages/airflow/example_dags/example_dag_decorator.py
[2026-03-28T22:44:48.880+0000] {logging_mixin.py:188} INFO - [2026-03-28T22:44:48.879+0000] {dag.py:3036} INFO - Sync 1 DAGs
[2026-03-28T22:44:48.891+0000] {logging_mixin.py:188} INFO - [2026-03-28T22:44:48.891+0000] {dag.py:3823} INFO - Setting next_dagrun for example_dag_decorator to None, run_after=None
[2026-03-28T22:44:48.916+0000] {processor.py:183} INFO - Processing /home/airflow/.local/lib/python3.8/site-packages/airflow/example_dags/example_dag_decorator.py took 0.262 seconds
[2026-03-28T22:45:19.315+0000] {processor.py:161} INFO - Started process (PID=903) to work on /home/airflow/.local/lib/python3.8/site-packages/airflow/example_dags/example_dag_decorator.py
[2026-03-28T22:45:19.317+0000] {processor.py:830} INFO - Processing file /home/airflow/.local/lib/python3.8/site-packages/airflow/example_dags/example_dag_decorator.py for tasks to queue
[2026-03-28T22:45:19.321+0000] {logging_mixin.py:188} INFO - [2026-03-28T22:45:19.320+0000] {dagbag.py:538} INFO - Filling up the DagBag from /home/airflow/.local/lib/python3.8/site-packages/airflow/example_dags/example_dag_decorator.py
[2026-03-28T22:45:19.432+0000] {processor.py:840} INFO - DAG(s) 'example_dag_decorator' retrieved from /home/airflow/.local/lib/python3.8/site-packages/airflow/example_dags/example_dag_decorator.py
[2026-03-28T22:45:19.553+0000] {logging_mixin.py:188} INFO - [2026-03-28T22:45:19.552+0000] {dag.py:3036} INFO - Sync 1 DAGs
[2026-03-28T22:45:19.567+0000] {logging_mixin.py:188} INFO - [2026-03-28T22:45:19.567+0000] {dag.py:3823} INFO - Setting next_dagrun for example_dag_decorator to None, run_after=None
[2026-03-28T22:45:19.596+0000] {processor.py:183} INFO - Processing /home/airflow/.local/lib/python3.8/site-packages/airflow/example_dags/example_dag_decorator.py took 0.287 seconds
[2026-03-28T22:45:49.736+0000] {processor.py:161} INFO - Started process (PID=959) to work on /home/airflow/.local/lib/python3.8/site-packages/airflow/example_dags/example_dag_decorator.py
[2026-03-28T22:45:49.737+0000] {processor.py:830} INFO - Processing file /home/airflow/.local/lib/python3.8/site-packages/airflow/example_dags/example_dag_decorator.py for tasks to queue
[2026-03-28T22:45:49.740+0000] {logging_mixin.py:188} INFO - [2026-03-28T22:45:49.740+0000] {dagbag.py:538} INFO - Filling up the DagBag from /home/airflow/.local/lib/python3.8/site-packages/airflow/example_dags/example_dag_decorator.py
[2026-03-28T22:45:49.837+0000] {processor.py:840} INFO - DAG(s) 'example_dag_decorator' retrieved from /home/airflow/.local/lib/python3.8/site-packages/airflow/example_dags/example_dag_decorator.py
[2026-03-28T22:45:49.969+0000] {logging_mixin.py:188} INFO - [2026-03-28T22:45:49.969+0000] {dag.py:3036} INFO - Sync 1 DAGs
[2026-03-28T22:45:49.982+0000] {logging_mixin.py:188} INFO - [2026-03-28T22:45:49.982+0000] {dag.py:3823} INFO - Setting next_dagrun for example_dag_decorator to None, run_after=None
[2026-03-28T22:45:50.009+0000] {processor.py:183} INFO - Processing /home/airflow/.local/lib/python3.8/site-packages/airflow/example_dags/example_dag_decorator.py took 0.276 seconds
[2026-03-28T22:46:36.919+0000] {processor.py:161} INFO - Started process (PID=1009) to work on /home/airflow/.local/lib/python3.8/site-packages/airflow/example_dags/example_dag_decorator.py
[2026-03-28T22:46:36.921+0000] {processor.py:830} INFO - Processing file /home/airflow/.local/lib/python3.8/site-packages/airflow/example_dags/example_dag_decorator.py for tasks to queue
[2026-03-28T22:46:36.924+0000] {logging_mixin.py:188} INFO - [2026-03-28T22:46:36.924+0000] {dagbag.py:538} INFO - Filling up the DagBag from /home/airflow/.local/lib/python3.8/site-packages/airflow/example_dags/example_dag_decorator.py
[2026-03-28T22:46:37.035+0000] {processor.py:840} INFO - DAG(s) 'example_dag_decorator' retrieved from /home/airflow/.local/lib/python3.8/site-packages/airflow/example_dags/example_dag_decorator.py
[2026-03-28T22:46:37.210+0000] {logging_mixin.py:188} INFO - [2026-03-28T22:46:37.209+0000] {dag.py:3036} INFO - Sync 1 DAGs
[2026-03-28T22:46:37.233+0000] {logging_mixin.py:188} INFO - [2026-03-28T22:46:37.233+0000] {dag.py:3823} INFO - Setting next_dagrun for example_dag_decorator to None, run_after=None
[2026-03-28T22:46:37.278+0000] {processor.py:183} INFO - Processing /home/airflow/.local/lib/python3.8/site-packages/airflow/example_dags/example_dag_decorator.py took 0.366 seconds
