[2026-03-28T22:09:40.248+0000] {processor.py:161} INFO - Started process (PID=66) to work on /home/airflow/.local/lib/python3.8/site-packages/airflow/example_dags/example_xcom.py
[2026-03-28T22:09:40.249+0000] {processor.py:830} INFO - Processing file /home/airflow/.local/lib/python3.8/site-packages/airflow/example_dags/example_xcom.py for tasks to queue
[2026-03-28T22:09:40.252+0000] {logging_mixin.py:188} INFO - [2026-03-28T22:09:40.251+0000] {dagbag.py:538} INFO - Filling up the DagBag from /home/airflow/.local/lib/python3.8/site-packages/airflow/example_dags/example_xcom.py
[2026-03-28T22:09:40.266+0000] {processor.py:840} INFO - DAG(s) 'example_xcom' retrieved from /home/airflow/.local/lib/python3.8/site-packages/airflow/example_dags/example_xcom.py
[2026-03-28T22:09:40.375+0000] {logging_mixin.py:188} INFO - [2026-03-28T22:09:40.374+0000] {override.py:1769} INFO - Created Permission View: can edit on DAG:example_xcom
[2026-03-28T22:09:40.387+0000] {logging_mixin.py:188} INFO - [2026-03-28T22:09:40.387+0000] {override.py:1769} INFO - Created Permission View: can delete on DAG:example_xcom
[2026-03-28T22:09:40.397+0000] {logging_mixin.py:188} INFO - [2026-03-28T22:09:40.396+0000] {override.py:1769} INFO - Created Permission View: can read on DAG:example_xcom
[2026-03-28T22:09:40.398+0000] {logging_mixin.py:188} INFO - [2026-03-28T22:09:40.397+0000] {dag.py:3036} INFO - Sync 1 DAGs
[2026-03-28T22:09:40.410+0000] {logging_mixin.py:188} INFO - [2026-03-28T22:09:40.410+0000] {dag.py:3058} INFO - Creating ORM DAG for example_xcom
[2026-03-28T22:09:40.422+0000] {logging_mixin.py:188} INFO - [2026-03-28T22:09:40.422+0000] {dag.py:3823} INFO - Setting next_dagrun for example_xcom to 2021-01-01 00:00:00+00:00, run_after=2021-01-01 00:00:00+00:00
[2026-03-28T22:09:40.449+0000] {processor.py:183} INFO - Processing /home/airflow/.local/lib/python3.8/site-packages/airflow/example_dags/example_xcom.py took 0.205 seconds
[2026-03-28T22:10:10.686+0000] {processor.py:161} INFO - Started process (PID=122) to work on /home/airflow/.local/lib/python3.8/site-packages/airflow/example_dags/example_xcom.py
[2026-03-28T22:10:10.687+0000] {processor.py:830} INFO - Processing file /home/airflow/.local/lib/python3.8/site-packages/airflow/example_dags/example_xcom.py for tasks to queue
[2026-03-28T22:10:10.690+0000] {logging_mixin.py:188} INFO - [2026-03-28T22:10:10.690+0000] {dagbag.py:538} INFO - Filling up the DagBag from /home/airflow/.local/lib/python3.8/site-packages/airflow/example_dags/example_xcom.py
[2026-03-28T22:10:10.699+0000] {processor.py:840} INFO - DAG(s) 'example_xcom' retrieved from /home/airflow/.local/lib/python3.8/site-packages/airflow/example_dags/example_xcom.py
[2026-03-28T22:10:10.720+0000] {logging_mixin.py:188} INFO - [2026-03-28T22:10:10.720+0000] {dag.py:3036} INFO - Sync 1 DAGs
[2026-03-28T22:10:10.741+0000] {logging_mixin.py:188} INFO - [2026-03-28T22:10:10.741+0000] {dag.py:3823} INFO - Setting next_dagrun for example_xcom to 2021-01-01 00:00:00+00:00, run_after=2021-01-01 00:00:00+00:00
[2026-03-28T22:10:10.763+0000] {processor.py:183} INFO - Processing /home/airflow/.local/lib/python3.8/site-packages/airflow/example_dags/example_xcom.py took 0.081 seconds
[2026-03-28T22:10:41.241+0000] {processor.py:161} INFO - Started process (PID=184) to work on /home/airflow/.local/lib/python3.8/site-packages/airflow/example_dags/example_xcom.py
[2026-03-28T22:10:41.243+0000] {processor.py:830} INFO - Processing file /home/airflow/.local/lib/python3.8/site-packages/airflow/example_dags/example_xcom.py for tasks to queue
[2026-03-28T22:10:41.245+0000] {logging_mixin.py:188} INFO - [2026-03-28T22:10:41.245+0000] {dagbag.py:538} INFO - Filling up the DagBag from /home/airflow/.local/lib/python3.8/site-packages/airflow/example_dags/example_xcom.py
[2026-03-28T22:10:41.255+0000] {processor.py:840} INFO - DAG(s) 'example_xcom' retrieved from /home/airflow/.local/lib/python3.8/site-packages/airflow/example_dags/example_xcom.py
[2026-03-28T22:10:41.276+0000] {logging_mixin.py:188} INFO - [2026-03-28T22:10:41.276+0000] {dag.py:3036} INFO - Sync 1 DAGs
[2026-03-28T22:10:41.298+0000] {logging_mixin.py:188} INFO - [2026-03-28T22:10:41.298+0000] {dag.py:3823} INFO - Setting next_dagrun for example_xcom to 2021-01-01 00:00:00+00:00, run_after=2021-01-01 00:00:00+00:00
[2026-03-28T22:10:41.320+0000] {processor.py:183} INFO - Processing /home/airflow/.local/lib/python3.8/site-packages/airflow/example_dags/example_xcom.py took 0.084 seconds
[2026-03-28T22:11:11.587+0000] {processor.py:161} INFO - Started process (PID=240) to work on /home/airflow/.local/lib/python3.8/site-packages/airflow/example_dags/example_xcom.py
[2026-03-28T22:11:11.589+0000] {processor.py:830} INFO - Processing file /home/airflow/.local/lib/python3.8/site-packages/airflow/example_dags/example_xcom.py for tasks to queue
[2026-03-28T22:11:11.591+0000] {logging_mixin.py:188} INFO - [2026-03-28T22:11:11.591+0000] {dagbag.py:538} INFO - Filling up the DagBag from /home/airflow/.local/lib/python3.8/site-packages/airflow/example_dags/example_xcom.py
[2026-03-28T22:11:11.599+0000] {processor.py:840} INFO - DAG(s) 'example_xcom' retrieved from /home/airflow/.local/lib/python3.8/site-packages/airflow/example_dags/example_xcom.py
[2026-03-28T22:11:11.621+0000] {logging_mixin.py:188} INFO - [2026-03-28T22:11:11.621+0000] {dag.py:3036} INFO - Sync 1 DAGs
[2026-03-28T22:11:11.644+0000] {logging_mixin.py:188} INFO - [2026-03-28T22:11:11.643+0000] {dag.py:3823} INFO - Setting next_dagrun for example_xcom to 2021-01-01 00:00:00+00:00, run_after=2021-01-01 00:00:00+00:00
[2026-03-28T22:11:11.666+0000] {processor.py:183} INFO - Processing /home/airflow/.local/lib/python3.8/site-packages/airflow/example_dags/example_xcom.py took 0.082 seconds
[2026-03-28T22:11:41.859+0000] {processor.py:161} INFO - Started process (PID=296) to work on /home/airflow/.local/lib/python3.8/site-packages/airflow/example_dags/example_xcom.py
[2026-03-28T22:11:41.860+0000] {processor.py:830} INFO - Processing file /home/airflow/.local/lib/python3.8/site-packages/airflow/example_dags/example_xcom.py for tasks to queue
[2026-03-28T22:11:41.862+0000] {logging_mixin.py:188} INFO - [2026-03-28T22:11:41.862+0000] {dagbag.py:538} INFO - Filling up the DagBag from /home/airflow/.local/lib/python3.8/site-packages/airflow/example_dags/example_xcom.py
[2026-03-28T22:11:41.870+0000] {processor.py:840} INFO - DAG(s) 'example_xcom' retrieved from /home/airflow/.local/lib/python3.8/site-packages/airflow/example_dags/example_xcom.py
[2026-03-28T22:11:41.893+0000] {logging_mixin.py:188} INFO - [2026-03-28T22:11:41.893+0000] {dag.py:3036} INFO - Sync 1 DAGs
[2026-03-28T22:11:41.913+0000] {logging_mixin.py:188} INFO - [2026-03-28T22:11:41.913+0000] {dag.py:3823} INFO - Setting next_dagrun for example_xcom to 2021-01-01 00:00:00+00:00, run_after=2021-01-01 00:00:00+00:00
[2026-03-28T22:11:41.946+0000] {processor.py:183} INFO - Processing /home/airflow/.local/lib/python3.8/site-packages/airflow/example_dags/example_xcom.py took 0.091 seconds
[2026-03-28T22:12:12.095+0000] {processor.py:161} INFO - Started process (PID=352) to work on /home/airflow/.local/lib/python3.8/site-packages/airflow/example_dags/example_xcom.py
[2026-03-28T22:12:12.096+0000] {processor.py:830} INFO - Processing file /home/airflow/.local/lib/python3.8/site-packages/airflow/example_dags/example_xcom.py for tasks to queue
[2026-03-28T22:12:12.098+0000] {logging_mixin.py:188} INFO - [2026-03-28T22:12:12.098+0000] {dagbag.py:538} INFO - Filling up the DagBag from /home/airflow/.local/lib/python3.8/site-packages/airflow/example_dags/example_xcom.py
[2026-03-28T22:12:12.106+0000] {processor.py:840} INFO - DAG(s) 'example_xcom' retrieved from /home/airflow/.local/lib/python3.8/site-packages/airflow/example_dags/example_xcom.py
[2026-03-28T22:12:12.130+0000] {logging_mixin.py:188} INFO - [2026-03-28T22:12:12.130+0000] {dag.py:3036} INFO - Sync 1 DAGs
[2026-03-28T22:12:12.154+0000] {logging_mixin.py:188} INFO - [2026-03-28T22:12:12.154+0000] {dag.py:3823} INFO - Setting next_dagrun for example_xcom to 2021-01-01 00:00:00+00:00, run_after=2021-01-01 00:00:00+00:00
[2026-03-28T22:12:12.180+0000] {processor.py:183} INFO - Processing /home/airflow/.local/lib/python3.8/site-packages/airflow/example_dags/example_xcom.py took 0.090 seconds
[2026-03-28T22:12:42.271+0000] {processor.py:161} INFO - Started process (PID=407) to work on /home/airflow/.local/lib/python3.8/site-packages/airflow/example_dags/example_xcom.py
[2026-03-28T22:12:42.273+0000] {processor.py:830} INFO - Processing file /home/airflow/.local/lib/python3.8/site-packages/airflow/example_dags/example_xcom.py for tasks to queue
[2026-03-28T22:12:42.276+0000] {logging_mixin.py:188} INFO - [2026-03-28T22:12:42.275+0000] {dagbag.py:538} INFO - Filling up the DagBag from /home/airflow/.local/lib/python3.8/site-packages/airflow/example_dags/example_xcom.py
[2026-03-28T22:12:42.284+0000] {processor.py:840} INFO - DAG(s) 'example_xcom' retrieved from /home/airflow/.local/lib/python3.8/site-packages/airflow/example_dags/example_xcom.py
[2026-03-28T22:12:42.312+0000] {logging_mixin.py:188} INFO - [2026-03-28T22:12:42.312+0000] {dag.py:3036} INFO - Sync 1 DAGs
[2026-03-28T22:12:42.334+0000] {logging_mixin.py:188} INFO - [2026-03-28T22:12:42.334+0000] {dag.py:3823} INFO - Setting next_dagrun for example_xcom to 2021-01-01 00:00:00+00:00, run_after=2021-01-01 00:00:00+00:00
[2026-03-28T22:12:42.360+0000] {processor.py:183} INFO - Processing /home/airflow/.local/lib/python3.8/site-packages/airflow/example_dags/example_xcom.py took 0.092 seconds
[2026-03-28T22:13:12.435+0000] {processor.py:161} INFO - Started process (PID=463) to work on /home/airflow/.local/lib/python3.8/site-packages/airflow/example_dags/example_xcom.py
[2026-03-28T22:13:12.437+0000] {processor.py:830} INFO - Processing file /home/airflow/.local/lib/python3.8/site-packages/airflow/example_dags/example_xcom.py for tasks to queue
[2026-03-28T22:13:12.439+0000] {logging_mixin.py:188} INFO - [2026-03-28T22:13:12.439+0000] {dagbag.py:538} INFO - Filling up the DagBag from /home/airflow/.local/lib/python3.8/site-packages/airflow/example_dags/example_xcom.py
[2026-03-28T22:13:12.447+0000] {processor.py:840} INFO - DAG(s) 'example_xcom' retrieved from /home/airflow/.local/lib/python3.8/site-packages/airflow/example_dags/example_xcom.py
[2026-03-28T22:13:12.470+0000] {logging_mixin.py:188} INFO - [2026-03-28T22:13:12.470+0000] {dag.py:3036} INFO - Sync 1 DAGs
[2026-03-28T22:13:12.490+0000] {logging_mixin.py:188} INFO - [2026-03-28T22:13:12.490+0000] {dag.py:3823} INFO - Setting next_dagrun for example_xcom to 2021-01-01 00:00:00+00:00, run_after=2021-01-01 00:00:00+00:00
[2026-03-28T22:13:12.515+0000] {processor.py:183} INFO - Processing /home/airflow/.local/lib/python3.8/site-packages/airflow/example_dags/example_xcom.py took 0.083 seconds
[2026-03-28T22:14:05.874+0000] {processor.py:161} INFO - Started process (PID=70) to work on /home/airflow/.local/lib/python3.8/site-packages/airflow/example_dags/example_xcom.py
[2026-03-28T22:14:05.876+0000] {processor.py:830} INFO - Processing file /home/airflow/.local/lib/python3.8/site-packages/airflow/example_dags/example_xcom.py for tasks to queue
[2026-03-28T22:14:05.878+0000] {logging_mixin.py:188} INFO - [2026-03-28T22:14:05.878+0000] {dagbag.py:538} INFO - Filling up the DagBag from /home/airflow/.local/lib/python3.8/site-packages/airflow/example_dags/example_xcom.py
[2026-03-28T22:14:05.891+0000] {processor.py:840} INFO - DAG(s) 'example_xcom' retrieved from /home/airflow/.local/lib/python3.8/site-packages/airflow/example_dags/example_xcom.py
[2026-03-28T22:14:05.909+0000] {logging_mixin.py:188} INFO - [2026-03-28T22:14:05.909+0000] {dag.py:3036} INFO - Sync 1 DAGs
[2026-03-28T22:14:05.947+0000] {logging_mixin.py:188} INFO - [2026-03-28T22:14:05.946+0000] {dag.py:3823} INFO - Setting next_dagrun for example_xcom to 2021-01-01 00:00:00+00:00, run_after=2021-01-01 00:00:00+00:00
[2026-03-28T22:14:05.980+0000] {processor.py:183} INFO - Processing /home/airflow/.local/lib/python3.8/site-packages/airflow/example_dags/example_xcom.py took 0.110 seconds
[2026-03-28T22:14:36.413+0000] {processor.py:161} INFO - Started process (PID=126) to work on /home/airflow/.local/lib/python3.8/site-packages/airflow/example_dags/example_xcom.py
[2026-03-28T22:14:36.414+0000] {processor.py:830} INFO - Processing file /home/airflow/.local/lib/python3.8/site-packages/airflow/example_dags/example_xcom.py for tasks to queue
[2026-03-28T22:14:36.417+0000] {logging_mixin.py:188} INFO - [2026-03-28T22:14:36.416+0000] {dagbag.py:538} INFO - Filling up the DagBag from /home/airflow/.local/lib/python3.8/site-packages/airflow/example_dags/example_xcom.py
[2026-03-28T22:14:36.425+0000] {processor.py:840} INFO - DAG(s) 'example_xcom' retrieved from /home/airflow/.local/lib/python3.8/site-packages/airflow/example_dags/example_xcom.py
[2026-03-28T22:14:36.543+0000] {logging_mixin.py:188} INFO - [2026-03-28T22:14:36.542+0000] {dag.py:3036} INFO - Sync 1 DAGs
[2026-03-28T22:14:36.568+0000] {logging_mixin.py:188} INFO - [2026-03-28T22:14:36.568+0000] {dag.py:3823} INFO - Setting next_dagrun for example_xcom to 2021-01-01 00:00:00+00:00, run_after=2021-01-01 00:00:00+00:00
[2026-03-28T22:14:36.598+0000] {processor.py:183} INFO - Processing /home/airflow/.local/lib/python3.8/site-packages/airflow/example_dags/example_xcom.py took 0.189 seconds
[2026-03-28T22:15:06.735+0000] {processor.py:161} INFO - Started process (PID=182) to work on /home/airflow/.local/lib/python3.8/site-packages/airflow/example_dags/example_xcom.py
[2026-03-28T22:15:06.737+0000] {processor.py:830} INFO - Processing file /home/airflow/.local/lib/python3.8/site-packages/airflow/example_dags/example_xcom.py for tasks to queue
[2026-03-28T22:15:06.739+0000] {logging_mixin.py:188} INFO - [2026-03-28T22:15:06.739+0000] {dagbag.py:538} INFO - Filling up the DagBag from /home/airflow/.local/lib/python3.8/site-packages/airflow/example_dags/example_xcom.py
[2026-03-28T22:15:06.746+0000] {processor.py:840} INFO - DAG(s) 'example_xcom' retrieved from /home/airflow/.local/lib/python3.8/site-packages/airflow/example_dags/example_xcom.py
[2026-03-28T22:15:06.767+0000] {logging_mixin.py:188} INFO - [2026-03-28T22:15:06.767+0000] {dag.py:3036} INFO - Sync 1 DAGs
[2026-03-28T22:15:06.786+0000] {logging_mixin.py:188} INFO - [2026-03-28T22:15:06.786+0000] {dag.py:3823} INFO - Setting next_dagrun for example_xcom to 2021-01-01 00:00:00+00:00, run_after=2021-01-01 00:00:00+00:00
[2026-03-28T22:15:06.814+0000] {processor.py:183} INFO - Processing /home/airflow/.local/lib/python3.8/site-packages/airflow/example_dags/example_xcom.py took 0.082 seconds
[2026-03-28T22:15:37.017+0000] {processor.py:161} INFO - Started process (PID=238) to work on /home/airflow/.local/lib/python3.8/site-packages/airflow/example_dags/example_xcom.py
[2026-03-28T22:15:37.018+0000] {processor.py:830} INFO - Processing file /home/airflow/.local/lib/python3.8/site-packages/airflow/example_dags/example_xcom.py for tasks to queue
[2026-03-28T22:15:37.020+0000] {logging_mixin.py:188} INFO - [2026-03-28T22:15:37.020+0000] {dagbag.py:538} INFO - Filling up the DagBag from /home/airflow/.local/lib/python3.8/site-packages/airflow/example_dags/example_xcom.py
[2026-03-28T22:15:37.029+0000] {processor.py:840} INFO - DAG(s) 'example_xcom' retrieved from /home/airflow/.local/lib/python3.8/site-packages/airflow/example_dags/example_xcom.py
[2026-03-28T22:15:37.050+0000] {logging_mixin.py:188} INFO - [2026-03-28T22:15:37.050+0000] {dag.py:3036} INFO - Sync 1 DAGs
[2026-03-28T22:15:37.069+0000] {logging_mixin.py:188} INFO - [2026-03-28T22:15:37.069+0000] {dag.py:3823} INFO - Setting next_dagrun for example_xcom to 2021-01-01 00:00:00+00:00, run_after=2021-01-01 00:00:00+00:00
[2026-03-28T22:15:37.091+0000] {processor.py:183} INFO - Processing /home/airflow/.local/lib/python3.8/site-packages/airflow/example_dags/example_xcom.py took 0.077 seconds
[2026-03-28T22:16:07.334+0000] {processor.py:161} INFO - Started process (PID=294) to work on /home/airflow/.local/lib/python3.8/site-packages/airflow/example_dags/example_xcom.py
[2026-03-28T22:16:07.335+0000] {processor.py:830} INFO - Processing file /home/airflow/.local/lib/python3.8/site-packages/airflow/example_dags/example_xcom.py for tasks to queue
[2026-03-28T22:16:07.337+0000] {logging_mixin.py:188} INFO - [2026-03-28T22:16:07.337+0000] {dagbag.py:538} INFO - Filling up the DagBag from /home/airflow/.local/lib/python3.8/site-packages/airflow/example_dags/example_xcom.py
[2026-03-28T22:16:07.345+0000] {processor.py:840} INFO - DAG(s) 'example_xcom' retrieved from /home/airflow/.local/lib/python3.8/site-packages/airflow/example_dags/example_xcom.py
[2026-03-28T22:16:07.369+0000] {logging_mixin.py:188} INFO - [2026-03-28T22:16:07.369+0000] {dag.py:3036} INFO - Sync 1 DAGs
[2026-03-28T22:16:07.389+0000] {logging_mixin.py:188} INFO - [2026-03-28T22:16:07.388+0000] {dag.py:3823} INFO - Setting next_dagrun for example_xcom to 2021-01-01 00:00:00+00:00, run_after=2021-01-01 00:00:00+00:00
[2026-03-28T22:16:07.410+0000] {processor.py:183} INFO - Processing /home/airflow/.local/lib/python3.8/site-packages/airflow/example_dags/example_xcom.py took 0.079 seconds
[2026-03-28T22:16:37.681+0000] {processor.py:161} INFO - Started process (PID=350) to work on /home/airflow/.local/lib/python3.8/site-packages/airflow/example_dags/example_xcom.py
[2026-03-28T22:16:37.683+0000] {processor.py:830} INFO - Processing file /home/airflow/.local/lib/python3.8/site-packages/airflow/example_dags/example_xcom.py for tasks to queue
[2026-03-28T22:16:37.685+0000] {logging_mixin.py:188} INFO - [2026-03-28T22:16:37.685+0000] {dagbag.py:538} INFO - Filling up the DagBag from /home/airflow/.local/lib/python3.8/site-packages/airflow/example_dags/example_xcom.py
[2026-03-28T22:16:37.693+0000] {processor.py:840} INFO - DAG(s) 'example_xcom' retrieved from /home/airflow/.local/lib/python3.8/site-packages/airflow/example_dags/example_xcom.py
[2026-03-28T22:16:37.715+0000] {logging_mixin.py:188} INFO - [2026-03-28T22:16:37.715+0000] {dag.py:3036} INFO - Sync 1 DAGs
[2026-03-28T22:16:37.736+0000] {logging_mixin.py:188} INFO - [2026-03-28T22:16:37.736+0000] {dag.py:3823} INFO - Setting next_dagrun for example_xcom to 2021-01-01 00:00:00+00:00, run_after=2021-01-01 00:00:00+00:00
[2026-03-28T22:16:37.762+0000] {processor.py:183} INFO - Processing /home/airflow/.local/lib/python3.8/site-packages/airflow/example_dags/example_xcom.py took 0.084 seconds
[2026-03-28T22:17:07.842+0000] {processor.py:161} INFO - Started process (PID=406) to work on /home/airflow/.local/lib/python3.8/site-packages/airflow/example_dags/example_xcom.py
[2026-03-28T22:17:07.844+0000] {processor.py:830} INFO - Processing file /home/airflow/.local/lib/python3.8/site-packages/airflow/example_dags/example_xcom.py for tasks to queue
[2026-03-28T22:17:07.846+0000] {logging_mixin.py:188} INFO - [2026-03-28T22:17:07.846+0000] {dagbag.py:538} INFO - Filling up the DagBag from /home/airflow/.local/lib/python3.8/site-packages/airflow/example_dags/example_xcom.py
[2026-03-28T22:17:07.853+0000] {processor.py:840} INFO - DAG(s) 'example_xcom' retrieved from /home/airflow/.local/lib/python3.8/site-packages/airflow/example_dags/example_xcom.py
[2026-03-28T22:17:07.876+0000] {logging_mixin.py:188} INFO - [2026-03-28T22:17:07.875+0000] {dag.py:3036} INFO - Sync 1 DAGs
[2026-03-28T22:17:07.895+0000] {logging_mixin.py:188} INFO - [2026-03-28T22:17:07.895+0000] {dag.py:3823} INFO - Setting next_dagrun for example_xcom to 2021-01-01 00:00:00+00:00, run_after=2021-01-01 00:00:00+00:00
[2026-03-28T22:17:07.938+0000] {processor.py:183} INFO - Processing /home/airflow/.local/lib/python3.8/site-packages/airflow/example_dags/example_xcom.py took 0.099 seconds
[2026-03-28T22:17:38.025+0000] {processor.py:161} INFO - Started process (PID=461) to work on /home/airflow/.local/lib/python3.8/site-packages/airflow/example_dags/example_xcom.py
[2026-03-28T22:17:38.026+0000] {processor.py:830} INFO - Processing file /home/airflow/.local/lib/python3.8/site-packages/airflow/example_dags/example_xcom.py for tasks to queue
[2026-03-28T22:17:38.028+0000] {logging_mixin.py:188} INFO - [2026-03-28T22:17:38.028+0000] {dagbag.py:538} INFO - Filling up the DagBag from /home/airflow/.local/lib/python3.8/site-packages/airflow/example_dags/example_xcom.py
[2026-03-28T22:17:38.035+0000] {processor.py:840} INFO - DAG(s) 'example_xcom' retrieved from /home/airflow/.local/lib/python3.8/site-packages/airflow/example_dags/example_xcom.py
[2026-03-28T22:17:38.058+0000] {logging_mixin.py:188} INFO - [2026-03-28T22:17:38.057+0000] {dag.py:3036} INFO - Sync 1 DAGs
[2026-03-28T22:17:38.075+0000] {logging_mixin.py:188} INFO - [2026-03-28T22:17:38.075+0000] {dag.py:3823} INFO - Setting next_dagrun for example_xcom to 2021-01-01 00:00:00+00:00, run_after=2021-01-01 00:00:00+00:00
[2026-03-28T22:17:38.121+0000] {processor.py:183} INFO - Processing /home/airflow/.local/lib/python3.8/site-packages/airflow/example_dags/example_xcom.py took 0.099 seconds
[2026-03-28T22:18:08.483+0000] {processor.py:161} INFO - Started process (PID=517) to work on /home/airflow/.local/lib/python3.8/site-packages/airflow/example_dags/example_xcom.py
[2026-03-28T22:18:08.484+0000] {processor.py:830} INFO - Processing file /home/airflow/.local/lib/python3.8/site-packages/airflow/example_dags/example_xcom.py for tasks to queue
[2026-03-28T22:18:08.486+0000] {logging_mixin.py:188} INFO - [2026-03-28T22:18:08.486+0000] {dagbag.py:538} INFO - Filling up the DagBag from /home/airflow/.local/lib/python3.8/site-packages/airflow/example_dags/example_xcom.py
[2026-03-28T22:18:08.494+0000] {processor.py:840} INFO - DAG(s) 'example_xcom' retrieved from /home/airflow/.local/lib/python3.8/site-packages/airflow/example_dags/example_xcom.py
[2026-03-28T22:18:08.517+0000] {logging_mixin.py:188} INFO - [2026-03-28T22:18:08.517+0000] {dag.py:3036} INFO - Sync 1 DAGs
[2026-03-28T22:18:08.538+0000] {logging_mixin.py:188} INFO - [2026-03-28T22:18:08.538+0000] {dag.py:3823} INFO - Setting next_dagrun for example_xcom to 2021-01-01 00:00:00+00:00, run_after=2021-01-01 00:00:00+00:00
[2026-03-28T22:18:08.560+0000] {processor.py:183} INFO - Processing /home/airflow/.local/lib/python3.8/site-packages/airflow/example_dags/example_xcom.py took 0.081 seconds
[2026-03-28T22:18:38.892+0000] {processor.py:161} INFO - Started process (PID=573) to work on /home/airflow/.local/lib/python3.8/site-packages/airflow/example_dags/example_xcom.py
[2026-03-28T22:18:38.894+0000] {processor.py:830} INFO - Processing file /home/airflow/.local/lib/python3.8/site-packages/airflow/example_dags/example_xcom.py for tasks to queue
[2026-03-28T22:18:38.896+0000] {logging_mixin.py:188} INFO - [2026-03-28T22:18:38.896+0000] {dagbag.py:538} INFO - Filling up the DagBag from /home/airflow/.local/lib/python3.8/site-packages/airflow/example_dags/example_xcom.py
[2026-03-28T22:18:38.904+0000] {processor.py:840} INFO - DAG(s) 'example_xcom' retrieved from /home/airflow/.local/lib/python3.8/site-packages/airflow/example_dags/example_xcom.py
[2026-03-28T22:18:38.928+0000] {logging_mixin.py:188} INFO - [2026-03-28T22:18:38.928+0000] {dag.py:3036} INFO - Sync 1 DAGs
[2026-03-28T22:18:38.952+0000] {logging_mixin.py:188} INFO - [2026-03-28T22:18:38.952+0000] {dag.py:3823} INFO - Setting next_dagrun for example_xcom to 2021-01-01 00:00:00+00:00, run_after=2021-01-01 00:00:00+00:00
[2026-03-28T22:18:38.975+0000] {processor.py:183} INFO - Processing /home/airflow/.local/lib/python3.8/site-packages/airflow/example_dags/example_xcom.py took 0.086 seconds
[2026-03-28T22:19:09.125+0000] {processor.py:161} INFO - Started process (PID=629) to work on /home/airflow/.local/lib/python3.8/site-packages/airflow/example_dags/example_xcom.py
[2026-03-28T22:19:09.127+0000] {processor.py:830} INFO - Processing file /home/airflow/.local/lib/python3.8/site-packages/airflow/example_dags/example_xcom.py for tasks to queue
[2026-03-28T22:19:09.129+0000] {logging_mixin.py:188} INFO - [2026-03-28T22:19:09.129+0000] {dagbag.py:538} INFO - Filling up the DagBag from /home/airflow/.local/lib/python3.8/site-packages/airflow/example_dags/example_xcom.py
[2026-03-28T22:19:09.138+0000] {processor.py:840} INFO - DAG(s) 'example_xcom' retrieved from /home/airflow/.local/lib/python3.8/site-packages/airflow/example_dags/example_xcom.py
[2026-03-28T22:19:09.161+0000] {logging_mixin.py:188} INFO - [2026-03-28T22:19:09.161+0000] {dag.py:3036} INFO - Sync 1 DAGs
[2026-03-28T22:19:09.181+0000] {logging_mixin.py:188} INFO - [2026-03-28T22:19:09.181+0000] {dag.py:3823} INFO - Setting next_dagrun for example_xcom to 2021-01-01 00:00:00+00:00, run_after=2021-01-01 00:00:00+00:00
[2026-03-28T22:19:09.203+0000] {processor.py:183} INFO - Processing /home/airflow/.local/lib/python3.8/site-packages/airflow/example_dags/example_xcom.py took 0.081 seconds
[2026-03-28T22:19:40.417+0000] {processor.py:161} INFO - Started process (PID=686) to work on /home/airflow/.local/lib/python3.8/site-packages/airflow/example_dags/example_xcom.py
[2026-03-28T22:19:40.419+0000] {processor.py:830} INFO - Processing file /home/airflow/.local/lib/python3.8/site-packages/airflow/example_dags/example_xcom.py for tasks to queue
[2026-03-28T22:19:40.421+0000] {logging_mixin.py:188} INFO - [2026-03-28T22:19:40.421+0000] {dagbag.py:538} INFO - Filling up the DagBag from /home/airflow/.local/lib/python3.8/site-packages/airflow/example_dags/example_xcom.py
[2026-03-28T22:19:40.430+0000] {processor.py:840} INFO - DAG(s) 'example_xcom' retrieved from /home/airflow/.local/lib/python3.8/site-packages/airflow/example_dags/example_xcom.py
[2026-03-28T22:19:40.454+0000] {logging_mixin.py:188} INFO - [2026-03-28T22:19:40.454+0000] {dag.py:3036} INFO - Sync 1 DAGs
[2026-03-28T22:19:40.482+0000] {logging_mixin.py:188} INFO - [2026-03-28T22:19:40.482+0000] {dag.py:3823} INFO - Setting next_dagrun for example_xcom to 2021-01-01 00:00:00+00:00, run_after=2021-01-01 00:00:00+00:00
[2026-03-28T22:19:40.565+0000] {processor.py:183} INFO - Processing /home/airflow/.local/lib/python3.8/site-packages/airflow/example_dags/example_xcom.py took 0.153 seconds
[2026-03-28T22:20:10.906+0000] {processor.py:161} INFO - Started process (PID=742) to work on /home/airflow/.local/lib/python3.8/site-packages/airflow/example_dags/example_xcom.py
[2026-03-28T22:20:10.908+0000] {processor.py:830} INFO - Processing file /home/airflow/.local/lib/python3.8/site-packages/airflow/example_dags/example_xcom.py for tasks to queue
[2026-03-28T22:20:10.910+0000] {logging_mixin.py:188} INFO - [2026-03-28T22:20:10.910+0000] {dagbag.py:538} INFO - Filling up the DagBag from /home/airflow/.local/lib/python3.8/site-packages/airflow/example_dags/example_xcom.py
[2026-03-28T22:20:10.920+0000] {processor.py:840} INFO - DAG(s) 'example_xcom' retrieved from /home/airflow/.local/lib/python3.8/site-packages/airflow/example_dags/example_xcom.py
[2026-03-28T22:20:10.945+0000] {logging_mixin.py:188} INFO - [2026-03-28T22:20:10.944+0000] {dag.py:3036} INFO - Sync 1 DAGs
[2026-03-28T22:20:10.969+0000] {logging_mixin.py:188} INFO - [2026-03-28T22:20:10.969+0000] {dag.py:3823} INFO - Setting next_dagrun for example_xcom to 2021-01-01 00:00:00+00:00, run_after=2021-01-01 00:00:00+00:00
[2026-03-28T22:20:11.002+0000] {processor.py:183} INFO - Processing /home/airflow/.local/lib/python3.8/site-packages/airflow/example_dags/example_xcom.py took 0.100 seconds
[2026-03-28T22:20:41.235+0000] {processor.py:161} INFO - Started process (PID=798) to work on /home/airflow/.local/lib/python3.8/site-packages/airflow/example_dags/example_xcom.py
[2026-03-28T22:20:41.237+0000] {processor.py:830} INFO - Processing file /home/airflow/.local/lib/python3.8/site-packages/airflow/example_dags/example_xcom.py for tasks to queue
[2026-03-28T22:20:41.239+0000] {logging_mixin.py:188} INFO - [2026-03-28T22:20:41.239+0000] {dagbag.py:538} INFO - Filling up the DagBag from /home/airflow/.local/lib/python3.8/site-packages/airflow/example_dags/example_xcom.py
[2026-03-28T22:20:41.249+0000] {processor.py:840} INFO - DAG(s) 'example_xcom' retrieved from /home/airflow/.local/lib/python3.8/site-packages/airflow/example_dags/example_xcom.py
[2026-03-28T22:20:41.270+0000] {logging_mixin.py:188} INFO - [2026-03-28T22:20:41.270+0000] {dag.py:3036} INFO - Sync 1 DAGs
[2026-03-28T22:20:41.291+0000] {logging_mixin.py:188} INFO - [2026-03-28T22:20:41.290+0000] {dag.py:3823} INFO - Setting next_dagrun for example_xcom to 2021-01-01 00:00:00+00:00, run_after=2021-01-01 00:00:00+00:00
[2026-03-28T22:20:41.370+0000] {processor.py:183} INFO - Processing /home/airflow/.local/lib/python3.8/site-packages/airflow/example_dags/example_xcom.py took 0.139 seconds
[2026-03-28T22:21:12.045+0000] {processor.py:161} INFO - Started process (PID=854) to work on /home/airflow/.local/lib/python3.8/site-packages/airflow/example_dags/example_xcom.py
[2026-03-28T22:21:12.047+0000] {processor.py:830} INFO - Processing file /home/airflow/.local/lib/python3.8/site-packages/airflow/example_dags/example_xcom.py for tasks to queue
[2026-03-28T22:21:12.049+0000] {logging_mixin.py:188} INFO - [2026-03-28T22:21:12.049+0000] {dagbag.py:538} INFO - Filling up the DagBag from /home/airflow/.local/lib/python3.8/site-packages/airflow/example_dags/example_xcom.py
[2026-03-28T22:21:12.059+0000] {processor.py:840} INFO - DAG(s) 'example_xcom' retrieved from /home/airflow/.local/lib/python3.8/site-packages/airflow/example_dags/example_xcom.py
[2026-03-28T22:21:12.083+0000] {logging_mixin.py:188} INFO - [2026-03-28T22:21:12.083+0000] {dag.py:3036} INFO - Sync 1 DAGs
[2026-03-28T22:21:12.104+0000] {logging_mixin.py:188} INFO - [2026-03-28T22:21:12.104+0000] {dag.py:3823} INFO - Setting next_dagrun for example_xcom to 2021-01-01 00:00:00+00:00, run_after=2021-01-01 00:00:00+00:00
[2026-03-28T22:21:12.136+0000] {processor.py:183} INFO - Processing /home/airflow/.local/lib/python3.8/site-packages/airflow/example_dags/example_xcom.py took 0.094 seconds
[2026-03-28T22:21:42.263+0000] {processor.py:161} INFO - Started process (PID=910) to work on /home/airflow/.local/lib/python3.8/site-packages/airflow/example_dags/example_xcom.py
[2026-03-28T22:21:42.264+0000] {processor.py:830} INFO - Processing file /home/airflow/.local/lib/python3.8/site-packages/airflow/example_dags/example_xcom.py for tasks to queue
[2026-03-28T22:21:42.266+0000] {logging_mixin.py:188} INFO - [2026-03-28T22:21:42.266+0000] {dagbag.py:538} INFO - Filling up the DagBag from /home/airflow/.local/lib/python3.8/site-packages/airflow/example_dags/example_xcom.py
[2026-03-28T22:21:42.275+0000] {processor.py:840} INFO - DAG(s) 'example_xcom' retrieved from /home/airflow/.local/lib/python3.8/site-packages/airflow/example_dags/example_xcom.py
[2026-03-28T22:21:42.299+0000] {logging_mixin.py:188} INFO - [2026-03-28T22:21:42.299+0000] {dag.py:3036} INFO - Sync 1 DAGs
[2026-03-28T22:21:42.320+0000] {logging_mixin.py:188} INFO - [2026-03-28T22:21:42.319+0000] {dag.py:3823} INFO - Setting next_dagrun for example_xcom to 2021-01-01 00:00:00+00:00, run_after=2021-01-01 00:00:00+00:00
[2026-03-28T22:21:42.342+0000] {processor.py:183} INFO - Processing /home/airflow/.local/lib/python3.8/site-packages/airflow/example_dags/example_xcom.py took 0.084 seconds
[2026-03-28T22:22:12.505+0000] {processor.py:161} INFO - Started process (PID=966) to work on /home/airflow/.local/lib/python3.8/site-packages/airflow/example_dags/example_xcom.py
[2026-03-28T22:22:12.506+0000] {processor.py:830} INFO - Processing file /home/airflow/.local/lib/python3.8/site-packages/airflow/example_dags/example_xcom.py for tasks to queue
[2026-03-28T22:22:12.508+0000] {logging_mixin.py:188} INFO - [2026-03-28T22:22:12.508+0000] {dagbag.py:538} INFO - Filling up the DagBag from /home/airflow/.local/lib/python3.8/site-packages/airflow/example_dags/example_xcom.py
[2026-03-28T22:22:12.516+0000] {processor.py:840} INFO - DAG(s) 'example_xcom' retrieved from /home/airflow/.local/lib/python3.8/site-packages/airflow/example_dags/example_xcom.py
[2026-03-28T22:22:12.539+0000] {logging_mixin.py:188} INFO - [2026-03-28T22:22:12.539+0000] {dag.py:3036} INFO - Sync 1 DAGs
[2026-03-28T22:22:12.559+0000] {logging_mixin.py:188} INFO - [2026-03-28T22:22:12.559+0000] {dag.py:3823} INFO - Setting next_dagrun for example_xcom to 2021-01-01 00:00:00+00:00, run_after=2021-01-01 00:00:00+00:00
[2026-03-28T22:22:12.582+0000] {processor.py:183} INFO - Processing /home/airflow/.local/lib/python3.8/site-packages/airflow/example_dags/example_xcom.py took 0.081 seconds
[2026-03-28T22:22:42.685+0000] {processor.py:161} INFO - Started process (PID=1021) to work on /home/airflow/.local/lib/python3.8/site-packages/airflow/example_dags/example_xcom.py
[2026-03-28T22:22:42.687+0000] {processor.py:830} INFO - Processing file /home/airflow/.local/lib/python3.8/site-packages/airflow/example_dags/example_xcom.py for tasks to queue
[2026-03-28T22:22:42.689+0000] {logging_mixin.py:188} INFO - [2026-03-28T22:22:42.689+0000] {dagbag.py:538} INFO - Filling up the DagBag from /home/airflow/.local/lib/python3.8/site-packages/airflow/example_dags/example_xcom.py
[2026-03-28T22:22:42.696+0000] {processor.py:840} INFO - DAG(s) 'example_xcom' retrieved from /home/airflow/.local/lib/python3.8/site-packages/airflow/example_dags/example_xcom.py
[2026-03-28T22:22:42.719+0000] {logging_mixin.py:188} INFO - [2026-03-28T22:22:42.719+0000] {dag.py:3036} INFO - Sync 1 DAGs
[2026-03-28T22:22:42.740+0000] {logging_mixin.py:188} INFO - [2026-03-28T22:22:42.740+0000] {dag.py:3823} INFO - Setting next_dagrun for example_xcom to 2021-01-01 00:00:00+00:00, run_after=2021-01-01 00:00:00+00:00
[2026-03-28T22:22:42.764+0000] {processor.py:183} INFO - Processing /home/airflow/.local/lib/python3.8/site-packages/airflow/example_dags/example_xcom.py took 0.082 seconds
[2026-03-28T22:23:12.931+0000] {processor.py:161} INFO - Started process (PID=1077) to work on /home/airflow/.local/lib/python3.8/site-packages/airflow/example_dags/example_xcom.py
[2026-03-28T22:23:12.932+0000] {processor.py:830} INFO - Processing file /home/airflow/.local/lib/python3.8/site-packages/airflow/example_dags/example_xcom.py for tasks to queue
[2026-03-28T22:23:12.934+0000] {logging_mixin.py:188} INFO - [2026-03-28T22:23:12.934+0000] {dagbag.py:538} INFO - Filling up the DagBag from /home/airflow/.local/lib/python3.8/site-packages/airflow/example_dags/example_xcom.py
[2026-03-28T22:23:12.943+0000] {processor.py:840} INFO - DAG(s) 'example_xcom' retrieved from /home/airflow/.local/lib/python3.8/site-packages/airflow/example_dags/example_xcom.py
[2026-03-28T22:23:12.966+0000] {logging_mixin.py:188} INFO - [2026-03-28T22:23:12.966+0000] {dag.py:3036} INFO - Sync 1 DAGs
[2026-03-28T22:23:12.990+0000] {logging_mixin.py:188} INFO - [2026-03-28T22:23:12.989+0000] {dag.py:3823} INFO - Setting next_dagrun for example_xcom to 2021-01-01 00:00:00+00:00, run_after=2021-01-01 00:00:00+00:00
[2026-03-28T22:23:13.011+0000] {processor.py:183} INFO - Processing /home/airflow/.local/lib/python3.8/site-packages/airflow/example_dags/example_xcom.py took 0.084 seconds
[2026-03-28T22:23:43.300+0000] {processor.py:161} INFO - Started process (PID=1133) to work on /home/airflow/.local/lib/python3.8/site-packages/airflow/example_dags/example_xcom.py
[2026-03-28T22:23:43.302+0000] {processor.py:830} INFO - Processing file /home/airflow/.local/lib/python3.8/site-packages/airflow/example_dags/example_xcom.py for tasks to queue
[2026-03-28T22:23:43.305+0000] {logging_mixin.py:188} INFO - [2026-03-28T22:23:43.304+0000] {dagbag.py:538} INFO - Filling up the DagBag from /home/airflow/.local/lib/python3.8/site-packages/airflow/example_dags/example_xcom.py
[2026-03-28T22:23:43.314+0000] {processor.py:840} INFO - DAG(s) 'example_xcom' retrieved from /home/airflow/.local/lib/python3.8/site-packages/airflow/example_dags/example_xcom.py
[2026-03-28T22:23:43.340+0000] {logging_mixin.py:188} INFO - [2026-03-28T22:23:43.340+0000] {dag.py:3036} INFO - Sync 1 DAGs
[2026-03-28T22:23:43.367+0000] {logging_mixin.py:188} INFO - [2026-03-28T22:23:43.367+0000] {dag.py:3823} INFO - Setting next_dagrun for example_xcom to 2021-01-01 00:00:00+00:00, run_after=2021-01-01 00:00:00+00:00
[2026-03-28T22:23:43.389+0000] {processor.py:183} INFO - Processing /home/airflow/.local/lib/python3.8/site-packages/airflow/example_dags/example_xcom.py took 0.094 seconds
[2026-03-28T22:24:13.693+0000] {processor.py:161} INFO - Started process (PID=1189) to work on /home/airflow/.local/lib/python3.8/site-packages/airflow/example_dags/example_xcom.py
[2026-03-28T22:24:13.695+0000] {processor.py:830} INFO - Processing file /home/airflow/.local/lib/python3.8/site-packages/airflow/example_dags/example_xcom.py for tasks to queue
[2026-03-28T22:24:13.698+0000] {logging_mixin.py:188} INFO - [2026-03-28T22:24:13.698+0000] {dagbag.py:538} INFO - Filling up the DagBag from /home/airflow/.local/lib/python3.8/site-packages/airflow/example_dags/example_xcom.py
[2026-03-28T22:24:13.706+0000] {processor.py:840} INFO - DAG(s) 'example_xcom' retrieved from /home/airflow/.local/lib/python3.8/site-packages/airflow/example_dags/example_xcom.py
[2026-03-28T22:24:13.731+0000] {logging_mixin.py:188} INFO - [2026-03-28T22:24:13.730+0000] {dag.py:3036} INFO - Sync 1 DAGs
[2026-03-28T22:24:13.752+0000] {logging_mixin.py:188} INFO - [2026-03-28T22:24:13.752+0000] {dag.py:3823} INFO - Setting next_dagrun for example_xcom to 2021-01-01 00:00:00+00:00, run_after=2021-01-01 00:00:00+00:00
[2026-03-28T22:24:13.773+0000] {processor.py:183} INFO - Processing /home/airflow/.local/lib/python3.8/site-packages/airflow/example_dags/example_xcom.py took 0.083 seconds
[2026-03-28T22:24:44.002+0000] {processor.py:161} INFO - Started process (PID=1245) to work on /home/airflow/.local/lib/python3.8/site-packages/airflow/example_dags/example_xcom.py
[2026-03-28T22:24:44.003+0000] {processor.py:830} INFO - Processing file /home/airflow/.local/lib/python3.8/site-packages/airflow/example_dags/example_xcom.py for tasks to queue
[2026-03-28T22:24:44.006+0000] {logging_mixin.py:188} INFO - [2026-03-28T22:24:44.005+0000] {dagbag.py:538} INFO - Filling up the DagBag from /home/airflow/.local/lib/python3.8/site-packages/airflow/example_dags/example_xcom.py
[2026-03-28T22:24:44.013+0000] {processor.py:840} INFO - DAG(s) 'example_xcom' retrieved from /home/airflow/.local/lib/python3.8/site-packages/airflow/example_dags/example_xcom.py
[2026-03-28T22:24:44.035+0000] {logging_mixin.py:188} INFO - [2026-03-28T22:24:44.035+0000] {dag.py:3036} INFO - Sync 1 DAGs
[2026-03-28T22:24:44.054+0000] {logging_mixin.py:188} INFO - [2026-03-28T22:24:44.054+0000] {dag.py:3823} INFO - Setting next_dagrun for example_xcom to 2021-01-01 00:00:00+00:00, run_after=2021-01-01 00:00:00+00:00
[2026-03-28T22:24:44.077+0000] {processor.py:183} INFO - Processing /home/airflow/.local/lib/python3.8/site-packages/airflow/example_dags/example_xcom.py took 0.079 seconds
[2026-03-28T22:25:14.246+0000] {processor.py:161} INFO - Started process (PID=1301) to work on /home/airflow/.local/lib/python3.8/site-packages/airflow/example_dags/example_xcom.py
[2026-03-28T22:25:14.248+0000] {processor.py:830} INFO - Processing file /home/airflow/.local/lib/python3.8/site-packages/airflow/example_dags/example_xcom.py for tasks to queue
[2026-03-28T22:25:14.250+0000] {logging_mixin.py:188} INFO - [2026-03-28T22:25:14.250+0000] {dagbag.py:538} INFO - Filling up the DagBag from /home/airflow/.local/lib/python3.8/site-packages/airflow/example_dags/example_xcom.py
[2026-03-28T22:25:14.258+0000] {processor.py:840} INFO - DAG(s) 'example_xcom' retrieved from /home/airflow/.local/lib/python3.8/site-packages/airflow/example_dags/example_xcom.py
[2026-03-28T22:25:14.281+0000] {logging_mixin.py:188} INFO - [2026-03-28T22:25:14.281+0000] {dag.py:3036} INFO - Sync 1 DAGs
[2026-03-28T22:25:14.300+0000] {logging_mixin.py:188} INFO - [2026-03-28T22:25:14.300+0000] {dag.py:3823} INFO - Setting next_dagrun for example_xcom to 2021-01-01 00:00:00+00:00, run_after=2021-01-01 00:00:00+00:00
[2026-03-28T22:25:14.323+0000] {processor.py:183} INFO - Processing /home/airflow/.local/lib/python3.8/site-packages/airflow/example_dags/example_xcom.py took 0.080 seconds
[2026-03-28T22:25:44.550+0000] {processor.py:161} INFO - Started process (PID=1357) to work on /home/airflow/.local/lib/python3.8/site-packages/airflow/example_dags/example_xcom.py
[2026-03-28T22:25:44.551+0000] {processor.py:830} INFO - Processing file /home/airflow/.local/lib/python3.8/site-packages/airflow/example_dags/example_xcom.py for tasks to queue
[2026-03-28T22:25:44.553+0000] {logging_mixin.py:188} INFO - [2026-03-28T22:25:44.553+0000] {dagbag.py:538} INFO - Filling up the DagBag from /home/airflow/.local/lib/python3.8/site-packages/airflow/example_dags/example_xcom.py
[2026-03-28T22:25:44.560+0000] {processor.py:840} INFO - DAG(s) 'example_xcom' retrieved from /home/airflow/.local/lib/python3.8/site-packages/airflow/example_dags/example_xcom.py
[2026-03-28T22:25:44.587+0000] {logging_mixin.py:188} INFO - [2026-03-28T22:25:44.586+0000] {dag.py:3036} INFO - Sync 1 DAGs
[2026-03-28T22:25:44.610+0000] {logging_mixin.py:188} INFO - [2026-03-28T22:25:44.610+0000] {dag.py:3823} INFO - Setting next_dagrun for example_xcom to 2021-01-01 00:00:00+00:00, run_after=2021-01-01 00:00:00+00:00
[2026-03-28T22:25:44.635+0000] {processor.py:183} INFO - Processing /home/airflow/.local/lib/python3.8/site-packages/airflow/example_dags/example_xcom.py took 0.088 seconds
[2026-03-28T22:26:14.786+0000] {processor.py:161} INFO - Started process (PID=1414) to work on /home/airflow/.local/lib/python3.8/site-packages/airflow/example_dags/example_xcom.py
[2026-03-28T22:26:14.788+0000] {processor.py:830} INFO - Processing file /home/airflow/.local/lib/python3.8/site-packages/airflow/example_dags/example_xcom.py for tasks to queue
[2026-03-28T22:26:14.790+0000] {logging_mixin.py:188} INFO - [2026-03-28T22:26:14.790+0000] {dagbag.py:538} INFO - Filling up the DagBag from /home/airflow/.local/lib/python3.8/site-packages/airflow/example_dags/example_xcom.py
[2026-03-28T22:26:14.800+0000] {processor.py:840} INFO - DAG(s) 'example_xcom' retrieved from /home/airflow/.local/lib/python3.8/site-packages/airflow/example_dags/example_xcom.py
[2026-03-28T22:26:14.825+0000] {logging_mixin.py:188} INFO - [2026-03-28T22:26:14.824+0000] {dag.py:3036} INFO - Sync 1 DAGs
[2026-03-28T22:26:14.847+0000] {logging_mixin.py:188} INFO - [2026-03-28T22:26:14.847+0000] {dag.py:3823} INFO - Setting next_dagrun for example_xcom to 2021-01-01 00:00:00+00:00, run_after=2021-01-01 00:00:00+00:00
[2026-03-28T22:26:14.873+0000] {processor.py:183} INFO - Processing /home/airflow/.local/lib/python3.8/site-packages/airflow/example_dags/example_xcom.py took 0.090 seconds
[2026-03-28T22:26:45.204+0000] {processor.py:161} INFO - Started process (PID=1470) to work on /home/airflow/.local/lib/python3.8/site-packages/airflow/example_dags/example_xcom.py
[2026-03-28T22:26:45.205+0000] {processor.py:830} INFO - Processing file /home/airflow/.local/lib/python3.8/site-packages/airflow/example_dags/example_xcom.py for tasks to queue
[2026-03-28T22:26:45.207+0000] {logging_mixin.py:188} INFO - [2026-03-28T22:26:45.207+0000] {dagbag.py:538} INFO - Filling up the DagBag from /home/airflow/.local/lib/python3.8/site-packages/airflow/example_dags/example_xcom.py
[2026-03-28T22:26:45.215+0000] {processor.py:840} INFO - DAG(s) 'example_xcom' retrieved from /home/airflow/.local/lib/python3.8/site-packages/airflow/example_dags/example_xcom.py
[2026-03-28T22:26:45.237+0000] {logging_mixin.py:188} INFO - [2026-03-28T22:26:45.237+0000] {dag.py:3036} INFO - Sync 1 DAGs
[2026-03-28T22:26:45.260+0000] {logging_mixin.py:188} INFO - [2026-03-28T22:26:45.259+0000] {dag.py:3823} INFO - Setting next_dagrun for example_xcom to 2021-01-01 00:00:00+00:00, run_after=2021-01-01 00:00:00+00:00
[2026-03-28T22:26:45.311+0000] {processor.py:183} INFO - Processing /home/airflow/.local/lib/python3.8/site-packages/airflow/example_dags/example_xcom.py took 0.111 seconds
[2026-03-28T22:27:15.780+0000] {processor.py:161} INFO - Started process (PID=1526) to work on /home/airflow/.local/lib/python3.8/site-packages/airflow/example_dags/example_xcom.py
[2026-03-28T22:27:15.782+0000] {processor.py:830} INFO - Processing file /home/airflow/.local/lib/python3.8/site-packages/airflow/example_dags/example_xcom.py for tasks to queue
[2026-03-28T22:27:15.785+0000] {logging_mixin.py:188} INFO - [2026-03-28T22:27:15.784+0000] {dagbag.py:538} INFO - Filling up the DagBag from /home/airflow/.local/lib/python3.8/site-packages/airflow/example_dags/example_xcom.py
[2026-03-28T22:27:15.797+0000] {processor.py:840} INFO - DAG(s) 'example_xcom' retrieved from /home/airflow/.local/lib/python3.8/site-packages/airflow/example_dags/example_xcom.py
[2026-03-28T22:27:15.820+0000] {logging_mixin.py:188} INFO - [2026-03-28T22:27:15.820+0000] {dag.py:3036} INFO - Sync 1 DAGs
[2026-03-28T22:27:15.841+0000] {logging_mixin.py:188} INFO - [2026-03-28T22:27:15.841+0000] {dag.py:3823} INFO - Setting next_dagrun for example_xcom to 2021-01-01 00:00:00+00:00, run_after=2021-01-01 00:00:00+00:00
[2026-03-28T22:27:15.862+0000] {processor.py:183} INFO - Processing /home/airflow/.local/lib/python3.8/site-packages/airflow/example_dags/example_xcom.py took 0.085 seconds
[2026-03-28T22:27:46.311+0000] {processor.py:161} INFO - Started process (PID=1582) to work on /home/airflow/.local/lib/python3.8/site-packages/airflow/example_dags/example_xcom.py
[2026-03-28T22:27:46.312+0000] {processor.py:830} INFO - Processing file /home/airflow/.local/lib/python3.8/site-packages/airflow/example_dags/example_xcom.py for tasks to queue
[2026-03-28T22:27:46.315+0000] {logging_mixin.py:188} INFO - [2026-03-28T22:27:46.314+0000] {dagbag.py:538} INFO - Filling up the DagBag from /home/airflow/.local/lib/python3.8/site-packages/airflow/example_dags/example_xcom.py
[2026-03-28T22:27:46.327+0000] {processor.py:840} INFO - DAG(s) 'example_xcom' retrieved from /home/airflow/.local/lib/python3.8/site-packages/airflow/example_dags/example_xcom.py
[2026-03-28T22:27:46.353+0000] {logging_mixin.py:188} INFO - [2026-03-28T22:27:46.353+0000] {dag.py:3036} INFO - Sync 1 DAGs
[2026-03-28T22:27:46.381+0000] {logging_mixin.py:188} INFO - [2026-03-28T22:27:46.381+0000] {dag.py:3823} INFO - Setting next_dagrun for example_xcom to 2021-01-01 00:00:00+00:00, run_after=2021-01-01 00:00:00+00:00
[2026-03-28T22:27:46.412+0000] {processor.py:183} INFO - Processing /home/airflow/.local/lib/python3.8/site-packages/airflow/example_dags/example_xcom.py took 0.107 seconds
[2026-03-28T22:28:16.736+0000] {processor.py:161} INFO - Started process (PID=1638) to work on /home/airflow/.local/lib/python3.8/site-packages/airflow/example_dags/example_xcom.py
[2026-03-28T22:28:16.737+0000] {processor.py:830} INFO - Processing file /home/airflow/.local/lib/python3.8/site-packages/airflow/example_dags/example_xcom.py for tasks to queue
[2026-03-28T22:28:16.739+0000] {logging_mixin.py:188} INFO - [2026-03-28T22:28:16.739+0000] {dagbag.py:538} INFO - Filling up the DagBag from /home/airflow/.local/lib/python3.8/site-packages/airflow/example_dags/example_xcom.py
[2026-03-28T22:28:16.747+0000] {processor.py:840} INFO - DAG(s) 'example_xcom' retrieved from /home/airflow/.local/lib/python3.8/site-packages/airflow/example_dags/example_xcom.py
[2026-03-28T22:28:16.767+0000] {logging_mixin.py:188} INFO - [2026-03-28T22:28:16.767+0000] {dag.py:3036} INFO - Sync 1 DAGs
[2026-03-28T22:28:16.788+0000] {logging_mixin.py:188} INFO - [2026-03-28T22:28:16.787+0000] {dag.py:3823} INFO - Setting next_dagrun for example_xcom to 2021-01-01 00:00:00+00:00, run_after=2021-01-01 00:00:00+00:00
[2026-03-28T22:28:16.812+0000] {processor.py:183} INFO - Processing /home/airflow/.local/lib/python3.8/site-packages/airflow/example_dags/example_xcom.py took 0.079 seconds
[2026-03-28T22:28:47.440+0000] {processor.py:161} INFO - Started process (PID=1694) to work on /home/airflow/.local/lib/python3.8/site-packages/airflow/example_dags/example_xcom.py
[2026-03-28T22:28:47.442+0000] {processor.py:830} INFO - Processing file /home/airflow/.local/lib/python3.8/site-packages/airflow/example_dags/example_xcom.py for tasks to queue
[2026-03-28T22:28:47.444+0000] {logging_mixin.py:188} INFO - [2026-03-28T22:28:47.444+0000] {dagbag.py:538} INFO - Filling up the DagBag from /home/airflow/.local/lib/python3.8/site-packages/airflow/example_dags/example_xcom.py
[2026-03-28T22:28:47.455+0000] {processor.py:840} INFO - DAG(s) 'example_xcom' retrieved from /home/airflow/.local/lib/python3.8/site-packages/airflow/example_dags/example_xcom.py
[2026-03-28T22:28:47.481+0000] {logging_mixin.py:188} INFO - [2026-03-28T22:28:47.481+0000] {dag.py:3036} INFO - Sync 1 DAGs
[2026-03-28T22:28:47.511+0000] {logging_mixin.py:188} INFO - [2026-03-28T22:28:47.511+0000] {dag.py:3823} INFO - Setting next_dagrun for example_xcom to 2021-01-01 00:00:00+00:00, run_after=2021-01-01 00:00:00+00:00
[2026-03-28T22:28:47.544+0000] {processor.py:183} INFO - Processing /home/airflow/.local/lib/python3.8/site-packages/airflow/example_dags/example_xcom.py took 0.110 seconds
[2026-03-28T22:29:18.254+0000] {processor.py:161} INFO - Started process (PID=1750) to work on /home/airflow/.local/lib/python3.8/site-packages/airflow/example_dags/example_xcom.py
[2026-03-28T22:29:18.255+0000] {processor.py:830} INFO - Processing file /home/airflow/.local/lib/python3.8/site-packages/airflow/example_dags/example_xcom.py for tasks to queue
[2026-03-28T22:29:18.257+0000] {logging_mixin.py:188} INFO - [2026-03-28T22:29:18.256+0000] {dagbag.py:538} INFO - Filling up the DagBag from /home/airflow/.local/lib/python3.8/site-packages/airflow/example_dags/example_xcom.py
[2026-03-28T22:29:18.265+0000] {processor.py:840} INFO - DAG(s) 'example_xcom' retrieved from /home/airflow/.local/lib/python3.8/site-packages/airflow/example_dags/example_xcom.py
[2026-03-28T22:29:18.288+0000] {logging_mixin.py:188} INFO - [2026-03-28T22:29:18.288+0000] {dag.py:3036} INFO - Sync 1 DAGs
[2026-03-28T22:29:18.308+0000] {logging_mixin.py:188} INFO - [2026-03-28T22:29:18.308+0000] {dag.py:3823} INFO - Setting next_dagrun for example_xcom to 2021-01-01 00:00:00+00:00, run_after=2021-01-01 00:00:00+00:00
[2026-03-28T22:29:18.336+0000] {processor.py:183} INFO - Processing /home/airflow/.local/lib/python3.8/site-packages/airflow/example_dags/example_xcom.py took 0.088 seconds
[2026-03-28T22:29:48.710+0000] {processor.py:161} INFO - Started process (PID=1806) to work on /home/airflow/.local/lib/python3.8/site-packages/airflow/example_dags/example_xcom.py
[2026-03-28T22:29:48.711+0000] {processor.py:830} INFO - Processing file /home/airflow/.local/lib/python3.8/site-packages/airflow/example_dags/example_xcom.py for tasks to queue
[2026-03-28T22:29:48.713+0000] {logging_mixin.py:188} INFO - [2026-03-28T22:29:48.713+0000] {dagbag.py:538} INFO - Filling up the DagBag from /home/airflow/.local/lib/python3.8/site-packages/airflow/example_dags/example_xcom.py
[2026-03-28T22:29:48.722+0000] {processor.py:840} INFO - DAG(s) 'example_xcom' retrieved from /home/airflow/.local/lib/python3.8/site-packages/airflow/example_dags/example_xcom.py
[2026-03-28T22:29:48.746+0000] {logging_mixin.py:188} INFO - [2026-03-28T22:29:48.745+0000] {dag.py:3036} INFO - Sync 1 DAGs
[2026-03-28T22:29:48.768+0000] {logging_mixin.py:188} INFO - [2026-03-28T22:29:48.767+0000] {dag.py:3823} INFO - Setting next_dagrun for example_xcom to 2021-01-01 00:00:00+00:00, run_after=2021-01-01 00:00:00+00:00
[2026-03-28T22:29:48.792+0000] {processor.py:183} INFO - Processing /home/airflow/.local/lib/python3.8/site-packages/airflow/example_dags/example_xcom.py took 0.085 seconds
[2026-03-28T22:30:19.016+0000] {processor.py:161} INFO - Started process (PID=1861) to work on /home/airflow/.local/lib/python3.8/site-packages/airflow/example_dags/example_xcom.py
[2026-03-28T22:30:19.018+0000] {processor.py:830} INFO - Processing file /home/airflow/.local/lib/python3.8/site-packages/airflow/example_dags/example_xcom.py for tasks to queue
[2026-03-28T22:30:19.022+0000] {logging_mixin.py:188} INFO - [2026-03-28T22:30:19.022+0000] {dagbag.py:538} INFO - Filling up the DagBag from /home/airflow/.local/lib/python3.8/site-packages/airflow/example_dags/example_xcom.py
[2026-03-28T22:30:19.030+0000] {processor.py:840} INFO - DAG(s) 'example_xcom' retrieved from /home/airflow/.local/lib/python3.8/site-packages/airflow/example_dags/example_xcom.py
[2026-03-28T22:30:19.058+0000] {logging_mixin.py:188} INFO - [2026-03-28T22:30:19.058+0000] {dag.py:3036} INFO - Sync 1 DAGs
[2026-03-28T22:30:19.086+0000] {logging_mixin.py:188} INFO - [2026-03-28T22:30:19.086+0000] {dag.py:3823} INFO - Setting next_dagrun for example_xcom to 2021-01-01 00:00:00+00:00, run_after=2021-01-01 00:00:00+00:00
[2026-03-28T22:30:19.116+0000] {processor.py:183} INFO - Processing /home/airflow/.local/lib/python3.8/site-packages/airflow/example_dags/example_xcom.py took 0.104 seconds
[2026-03-28T22:30:49.599+0000] {processor.py:161} INFO - Started process (PID=1919) to work on /home/airflow/.local/lib/python3.8/site-packages/airflow/example_dags/example_xcom.py
[2026-03-28T22:30:49.600+0000] {processor.py:830} INFO - Processing file /home/airflow/.local/lib/python3.8/site-packages/airflow/example_dags/example_xcom.py for tasks to queue
[2026-03-28T22:30:49.602+0000] {logging_mixin.py:188} INFO - [2026-03-28T22:30:49.602+0000] {dagbag.py:538} INFO - Filling up the DagBag from /home/airflow/.local/lib/python3.8/site-packages/airflow/example_dags/example_xcom.py
[2026-03-28T22:30:49.609+0000] {processor.py:840} INFO - DAG(s) 'example_xcom' retrieved from /home/airflow/.local/lib/python3.8/site-packages/airflow/example_dags/example_xcom.py
[2026-03-28T22:30:49.631+0000] {logging_mixin.py:188} INFO - [2026-03-28T22:30:49.631+0000] {dag.py:3036} INFO - Sync 1 DAGs
[2026-03-28T22:30:49.649+0000] {logging_mixin.py:188} INFO - [2026-03-28T22:30:49.649+0000] {dag.py:3823} INFO - Setting next_dagrun for example_xcom to 2021-01-01 00:00:00+00:00, run_after=2021-01-01 00:00:00+00:00
[2026-03-28T22:30:49.669+0000] {processor.py:183} INFO - Processing /home/airflow/.local/lib/python3.8/site-packages/airflow/example_dags/example_xcom.py took 0.074 seconds
[2026-03-28T22:31:36.928+0000] {processor.py:161} INFO - Started process (PID=65) to work on /home/airflow/.local/lib/python3.8/site-packages/airflow/example_dags/example_xcom.py
[2026-03-28T22:31:36.942+0000] {processor.py:830} INFO - Processing file /home/airflow/.local/lib/python3.8/site-packages/airflow/example_dags/example_xcom.py for tasks to queue
[2026-03-28T22:31:36.947+0000] {logging_mixin.py:188} INFO - [2026-03-28T22:31:36.946+0000] {dagbag.py:538} INFO - Filling up the DagBag from /home/airflow/.local/lib/python3.8/site-packages/airflow/example_dags/example_xcom.py
[2026-03-28T22:31:36.966+0000] {processor.py:840} INFO - DAG(s) 'example_xcom' retrieved from /home/airflow/.local/lib/python3.8/site-packages/airflow/example_dags/example_xcom.py
[2026-03-28T22:31:36.990+0000] {logging_mixin.py:188} INFO - [2026-03-28T22:31:36.989+0000] {dag.py:3036} INFO - Sync 1 DAGs
[2026-03-28T22:31:37.037+0000] {logging_mixin.py:188} INFO - [2026-03-28T22:31:37.036+0000] {dag.py:3823} INFO - Setting next_dagrun for example_xcom to 2021-01-01 00:00:00+00:00, run_after=2021-01-01 00:00:00+00:00
[2026-03-28T22:31:37.074+0000] {processor.py:183} INFO - Processing /home/airflow/.local/lib/python3.8/site-packages/airflow/example_dags/example_xcom.py took 0.163 seconds
[2026-03-28T22:32:12.640+0000] {processor.py:161} INFO - Started process (PID=66) to work on /home/airflow/.local/lib/python3.8/site-packages/airflow/example_dags/example_xcom.py
[2026-03-28T22:32:12.642+0000] {processor.py:830} INFO - Processing file /home/airflow/.local/lib/python3.8/site-packages/airflow/example_dags/example_xcom.py for tasks to queue
[2026-03-28T22:32:12.645+0000] {logging_mixin.py:188} INFO - [2026-03-28T22:32:12.644+0000] {dagbag.py:538} INFO - Filling up the DagBag from /home/airflow/.local/lib/python3.8/site-packages/airflow/example_dags/example_xcom.py
[2026-03-28T22:32:12.659+0000] {processor.py:840} INFO - DAG(s) 'example_xcom' retrieved from /home/airflow/.local/lib/python3.8/site-packages/airflow/example_dags/example_xcom.py
[2026-03-28T22:32:12.675+0000] {logging_mixin.py:188} INFO - [2026-03-28T22:32:12.675+0000] {dag.py:3036} INFO - Sync 1 DAGs
[2026-03-28T22:32:12.701+0000] {logging_mixin.py:188} INFO - [2026-03-28T22:32:12.701+0000] {dag.py:3823} INFO - Setting next_dagrun for example_xcom to 2021-01-01 00:00:00+00:00, run_after=2021-01-01 00:00:00+00:00
[2026-03-28T22:32:12.726+0000] {processor.py:183} INFO - Processing /home/airflow/.local/lib/python3.8/site-packages/airflow/example_dags/example_xcom.py took 0.089 seconds
[2026-03-28T22:32:43.443+0000] {processor.py:161} INFO - Started process (PID=128) to work on /home/airflow/.local/lib/python3.8/site-packages/airflow/example_dags/example_xcom.py
[2026-03-28T22:32:43.445+0000] {processor.py:830} INFO - Processing file /home/airflow/.local/lib/python3.8/site-packages/airflow/example_dags/example_xcom.py for tasks to queue
[2026-03-28T22:32:43.447+0000] {logging_mixin.py:188} INFO - [2026-03-28T22:32:43.447+0000] {dagbag.py:538} INFO - Filling up the DagBag from /home/airflow/.local/lib/python3.8/site-packages/airflow/example_dags/example_xcom.py
[2026-03-28T22:32:43.455+0000] {processor.py:840} INFO - DAG(s) 'example_xcom' retrieved from /home/airflow/.local/lib/python3.8/site-packages/airflow/example_dags/example_xcom.py
[2026-03-28T22:32:43.689+0000] {logging_mixin.py:188} INFO - [2026-03-28T22:32:43.680+0000] {dag.py:3036} INFO - Sync 1 DAGs
[2026-03-28T22:32:43.747+0000] {logging_mixin.py:188} INFO - [2026-03-28T22:32:43.746+0000] {dag.py:3823} INFO - Setting next_dagrun for example_xcom to 2021-01-01 00:00:00+00:00, run_after=2021-01-01 00:00:00+00:00
[2026-03-28T22:32:43.824+0000] {processor.py:183} INFO - Processing /home/airflow/.local/lib/python3.8/site-packages/airflow/example_dags/example_xcom.py took 0.384 seconds
[2026-03-28T22:34:01.510+0000] {processor.py:161} INFO - Started process (PID=83) to work on /home/airflow/.local/lib/python3.8/site-packages/airflow/example_dags/example_xcom.py
[2026-03-28T22:34:01.511+0000] {processor.py:830} INFO - Processing file /home/airflow/.local/lib/python3.8/site-packages/airflow/example_dags/example_xcom.py for tasks to queue
[2026-03-28T22:34:01.514+0000] {logging_mixin.py:188} INFO - [2026-03-28T22:34:01.514+0000] {dagbag.py:538} INFO - Filling up the DagBag from /home/airflow/.local/lib/python3.8/site-packages/airflow/example_dags/example_xcom.py
[2026-03-28T22:34:01.527+0000] {processor.py:840} INFO - DAG(s) 'example_xcom' retrieved from /home/airflow/.local/lib/python3.8/site-packages/airflow/example_dags/example_xcom.py
[2026-03-28T22:34:01.657+0000] {logging_mixin.py:188} INFO - [2026-03-28T22:34:01.657+0000] {dag.py:3036} INFO - Sync 1 DAGs
[2026-03-28T22:34:01.680+0000] {logging_mixin.py:188} INFO - [2026-03-28T22:34:01.679+0000] {dag.py:3823} INFO - Setting next_dagrun for example_xcom to 2021-01-01 00:00:00+00:00, run_after=2021-01-01 00:00:00+00:00
[2026-03-28T22:34:01.714+0000] {processor.py:183} INFO - Processing /home/airflow/.local/lib/python3.8/site-packages/airflow/example_dags/example_xcom.py took 0.208 seconds
[2026-03-28T22:34:32.705+0000] {processor.py:161} INFO - Started process (PID=139) to work on /home/airflow/.local/lib/python3.8/site-packages/airflow/example_dags/example_xcom.py
[2026-03-28T22:34:32.707+0000] {processor.py:830} INFO - Processing file /home/airflow/.local/lib/python3.8/site-packages/airflow/example_dags/example_xcom.py for tasks to queue
[2026-03-28T22:34:32.710+0000] {logging_mixin.py:188} INFO - [2026-03-28T22:34:32.709+0000] {dagbag.py:538} INFO - Filling up the DagBag from /home/airflow/.local/lib/python3.8/site-packages/airflow/example_dags/example_xcom.py
[2026-03-28T22:34:32.720+0000] {processor.py:840} INFO - DAG(s) 'example_xcom' retrieved from /home/airflow/.local/lib/python3.8/site-packages/airflow/example_dags/example_xcom.py
[2026-03-28T22:34:32.756+0000] {logging_mixin.py:188} INFO - [2026-03-28T22:34:32.756+0000] {dag.py:3036} INFO - Sync 1 DAGs
[2026-03-28T22:34:32.789+0000] {logging_mixin.py:188} INFO - [2026-03-28T22:34:32.788+0000] {dag.py:3823} INFO - Setting next_dagrun for example_xcom to 2021-01-01 00:00:00+00:00, run_after=2021-01-01 00:00:00+00:00
[2026-03-28T22:34:32.816+0000] {processor.py:183} INFO - Processing /home/airflow/.local/lib/python3.8/site-packages/airflow/example_dags/example_xcom.py took 0.115 seconds
[2026-03-28T22:35:03.641+0000] {processor.py:161} INFO - Started process (PID=195) to work on /home/airflow/.local/lib/python3.8/site-packages/airflow/example_dags/example_xcom.py
[2026-03-28T22:35:03.643+0000] {processor.py:830} INFO - Processing file /home/airflow/.local/lib/python3.8/site-packages/airflow/example_dags/example_xcom.py for tasks to queue
[2026-03-28T22:35:03.646+0000] {logging_mixin.py:188} INFO - [2026-03-28T22:35:03.646+0000] {dagbag.py:538} INFO - Filling up the DagBag from /home/airflow/.local/lib/python3.8/site-packages/airflow/example_dags/example_xcom.py
[2026-03-28T22:35:03.656+0000] {processor.py:840} INFO - DAG(s) 'example_xcom' retrieved from /home/airflow/.local/lib/python3.8/site-packages/airflow/example_dags/example_xcom.py
[2026-03-28T22:35:03.686+0000] {logging_mixin.py:188} INFO - [2026-03-28T22:35:03.685+0000] {dag.py:3036} INFO - Sync 1 DAGs
[2026-03-28T22:35:03.712+0000] {logging_mixin.py:188} INFO - [2026-03-28T22:35:03.712+0000] {dag.py:3823} INFO - Setting next_dagrun for example_xcom to 2021-01-01 00:00:00+00:00, run_after=2021-01-01 00:00:00+00:00
[2026-03-28T22:35:03.741+0000] {processor.py:183} INFO - Processing /home/airflow/.local/lib/python3.8/site-packages/airflow/example_dags/example_xcom.py took 0.103 seconds
[2026-03-28T22:35:33.801+0000] {processor.py:161} INFO - Started process (PID=251) to work on /home/airflow/.local/lib/python3.8/site-packages/airflow/example_dags/example_xcom.py
[2026-03-28T22:35:33.802+0000] {processor.py:830} INFO - Processing file /home/airflow/.local/lib/python3.8/site-packages/airflow/example_dags/example_xcom.py for tasks to queue
[2026-03-28T22:35:33.804+0000] {logging_mixin.py:188} INFO - [2026-03-28T22:35:33.804+0000] {dagbag.py:538} INFO - Filling up the DagBag from /home/airflow/.local/lib/python3.8/site-packages/airflow/example_dags/example_xcom.py
[2026-03-28T22:35:33.812+0000] {processor.py:840} INFO - DAG(s) 'example_xcom' retrieved from /home/airflow/.local/lib/python3.8/site-packages/airflow/example_dags/example_xcom.py
[2026-03-28T22:35:33.836+0000] {logging_mixin.py:188} INFO - [2026-03-28T22:35:33.835+0000] {dag.py:3036} INFO - Sync 1 DAGs
[2026-03-28T22:35:33.856+0000] {logging_mixin.py:188} INFO - [2026-03-28T22:35:33.856+0000] {dag.py:3823} INFO - Setting next_dagrun for example_xcom to 2021-01-01 00:00:00+00:00, run_after=2021-01-01 00:00:00+00:00
[2026-03-28T22:35:33.881+0000] {processor.py:183} INFO - Processing /home/airflow/.local/lib/python3.8/site-packages/airflow/example_dags/example_xcom.py took 0.084 seconds
[2026-03-28T22:36:03.936+0000] {processor.py:161} INFO - Started process (PID=306) to work on /home/airflow/.local/lib/python3.8/site-packages/airflow/example_dags/example_xcom.py
[2026-03-28T22:36:03.937+0000] {processor.py:830} INFO - Processing file /home/airflow/.local/lib/python3.8/site-packages/airflow/example_dags/example_xcom.py for tasks to queue
[2026-03-28T22:36:03.940+0000] {logging_mixin.py:188} INFO - [2026-03-28T22:36:03.939+0000] {dagbag.py:538} INFO - Filling up the DagBag from /home/airflow/.local/lib/python3.8/site-packages/airflow/example_dags/example_xcom.py
[2026-03-28T22:36:03.949+0000] {processor.py:840} INFO - DAG(s) 'example_xcom' retrieved from /home/airflow/.local/lib/python3.8/site-packages/airflow/example_dags/example_xcom.py
[2026-03-28T22:36:03.970+0000] {logging_mixin.py:188} INFO - [2026-03-28T22:36:03.970+0000] {dag.py:3036} INFO - Sync 1 DAGs
[2026-03-28T22:36:03.990+0000] {logging_mixin.py:188} INFO - [2026-03-28T22:36:03.990+0000] {dag.py:3823} INFO - Setting next_dagrun for example_xcom to 2021-01-01 00:00:00+00:00, run_after=2021-01-01 00:00:00+00:00
[2026-03-28T22:36:04.012+0000] {processor.py:183} INFO - Processing /home/airflow/.local/lib/python3.8/site-packages/airflow/example_dags/example_xcom.py took 0.080 seconds
[2026-03-28T22:36:34.565+0000] {processor.py:161} INFO - Started process (PID=363) to work on /home/airflow/.local/lib/python3.8/site-packages/airflow/example_dags/example_xcom.py
[2026-03-28T22:36:34.567+0000] {processor.py:830} INFO - Processing file /home/airflow/.local/lib/python3.8/site-packages/airflow/example_dags/example_xcom.py for tasks to queue
[2026-03-28T22:36:34.569+0000] {logging_mixin.py:188} INFO - [2026-03-28T22:36:34.569+0000] {dagbag.py:538} INFO - Filling up the DagBag from /home/airflow/.local/lib/python3.8/site-packages/airflow/example_dags/example_xcom.py
[2026-03-28T22:36:34.577+0000] {processor.py:840} INFO - DAG(s) 'example_xcom' retrieved from /home/airflow/.local/lib/python3.8/site-packages/airflow/example_dags/example_xcom.py
[2026-03-28T22:36:34.605+0000] {logging_mixin.py:188} INFO - [2026-03-28T22:36:34.605+0000] {dag.py:3036} INFO - Sync 1 DAGs
[2026-03-28T22:36:34.629+0000] {logging_mixin.py:188} INFO - [2026-03-28T22:36:34.628+0000] {dag.py:3823} INFO - Setting next_dagrun for example_xcom to 2021-01-01 00:00:00+00:00, run_after=2021-01-01 00:00:00+00:00
[2026-03-28T22:36:34.657+0000] {processor.py:183} INFO - Processing /home/airflow/.local/lib/python3.8/site-packages/airflow/example_dags/example_xcom.py took 0.095 seconds
[2026-03-28T22:37:41.336+0000] {processor.py:161} INFO - Started process (PID=65) to work on /home/airflow/.local/lib/python3.8/site-packages/airflow/example_dags/example_xcom.py
[2026-03-28T22:37:41.338+0000] {processor.py:830} INFO - Processing file /home/airflow/.local/lib/python3.8/site-packages/airflow/example_dags/example_xcom.py for tasks to queue
[2026-03-28T22:37:41.340+0000] {logging_mixin.py:188} INFO - [2026-03-28T22:37:41.340+0000] {dagbag.py:538} INFO - Filling up the DagBag from /home/airflow/.local/lib/python3.8/site-packages/airflow/example_dags/example_xcom.py
[2026-03-28T22:37:41.355+0000] {processor.py:840} INFO - DAG(s) 'example_xcom' retrieved from /home/airflow/.local/lib/python3.8/site-packages/airflow/example_dags/example_xcom.py
[2026-03-28T22:37:41.370+0000] {logging_mixin.py:188} INFO - [2026-03-28T22:37:41.370+0000] {dag.py:3036} INFO - Sync 1 DAGs
[2026-03-28T22:37:41.395+0000] {logging_mixin.py:188} INFO - [2026-03-28T22:37:41.395+0000] {dag.py:3823} INFO - Setting next_dagrun for example_xcom to 2021-01-01 00:00:00+00:00, run_after=2021-01-01 00:00:00+00:00
[2026-03-28T22:37:41.422+0000] {processor.py:183} INFO - Processing /home/airflow/.local/lib/python3.8/site-packages/airflow/example_dags/example_xcom.py took 0.089 seconds
[2026-03-28T22:38:12.019+0000] {processor.py:161} INFO - Started process (PID=121) to work on /home/airflow/.local/lib/python3.8/site-packages/airflow/example_dags/example_xcom.py
[2026-03-28T22:38:12.020+0000] {processor.py:830} INFO - Processing file /home/airflow/.local/lib/python3.8/site-packages/airflow/example_dags/example_xcom.py for tasks to queue
[2026-03-28T22:38:12.024+0000] {logging_mixin.py:188} INFO - [2026-03-28T22:38:12.023+0000] {dagbag.py:538} INFO - Filling up the DagBag from /home/airflow/.local/lib/python3.8/site-packages/airflow/example_dags/example_xcom.py
[2026-03-28T22:38:12.037+0000] {processor.py:840} INFO - DAG(s) 'example_xcom' retrieved from /home/airflow/.local/lib/python3.8/site-packages/airflow/example_dags/example_xcom.py
[2026-03-28T22:38:12.175+0000] {logging_mixin.py:188} INFO - [2026-03-28T22:38:12.175+0000] {dag.py:3036} INFO - Sync 1 DAGs
[2026-03-28T22:38:12.196+0000] {logging_mixin.py:188} INFO - [2026-03-28T22:38:12.196+0000] {dag.py:3823} INFO - Setting next_dagrun for example_xcom to 2021-01-01 00:00:00+00:00, run_after=2021-01-01 00:00:00+00:00
[2026-03-28T22:38:12.220+0000] {processor.py:183} INFO - Processing /home/airflow/.local/lib/python3.8/site-packages/airflow/example_dags/example_xcom.py took 0.208 seconds
[2026-03-28T22:38:42.925+0000] {processor.py:161} INFO - Started process (PID=177) to work on /home/airflow/.local/lib/python3.8/site-packages/airflow/example_dags/example_xcom.py
[2026-03-28T22:38:42.927+0000] {processor.py:830} INFO - Processing file /home/airflow/.local/lib/python3.8/site-packages/airflow/example_dags/example_xcom.py for tasks to queue
[2026-03-28T22:38:42.930+0000] {logging_mixin.py:188} INFO - [2026-03-28T22:38:42.929+0000] {dagbag.py:538} INFO - Filling up the DagBag from /home/airflow/.local/lib/python3.8/site-packages/airflow/example_dags/example_xcom.py
[2026-03-28T22:38:42.941+0000] {processor.py:840} INFO - DAG(s) 'example_xcom' retrieved from /home/airflow/.local/lib/python3.8/site-packages/airflow/example_dags/example_xcom.py
[2026-03-28T22:38:42.970+0000] {logging_mixin.py:188} INFO - [2026-03-28T22:38:42.969+0000] {dag.py:3036} INFO - Sync 1 DAGs
[2026-03-28T22:38:43.008+0000] {logging_mixin.py:188} INFO - [2026-03-28T22:38:43.007+0000] {dag.py:3823} INFO - Setting next_dagrun for example_xcom to 2021-01-01 00:00:00+00:00, run_after=2021-01-01 00:00:00+00:00
[2026-03-28T22:38:43.034+0000] {processor.py:183} INFO - Processing /home/airflow/.local/lib/python3.8/site-packages/airflow/example_dags/example_xcom.py took 0.114 seconds
[2026-03-28T22:39:13.184+0000] {processor.py:161} INFO - Started process (PID=233) to work on /home/airflow/.local/lib/python3.8/site-packages/airflow/example_dags/example_xcom.py
[2026-03-28T22:39:13.186+0000] {processor.py:830} INFO - Processing file /home/airflow/.local/lib/python3.8/site-packages/airflow/example_dags/example_xcom.py for tasks to queue
[2026-03-28T22:39:13.188+0000] {logging_mixin.py:188} INFO - [2026-03-28T22:39:13.188+0000] {dagbag.py:538} INFO - Filling up the DagBag from /home/airflow/.local/lib/python3.8/site-packages/airflow/example_dags/example_xcom.py
[2026-03-28T22:39:13.197+0000] {processor.py:840} INFO - DAG(s) 'example_xcom' retrieved from /home/airflow/.local/lib/python3.8/site-packages/airflow/example_dags/example_xcom.py
[2026-03-28T22:39:13.224+0000] {logging_mixin.py:188} INFO - [2026-03-28T22:39:13.224+0000] {dag.py:3036} INFO - Sync 1 DAGs
[2026-03-28T22:39:13.256+0000] {logging_mixin.py:188} INFO - [2026-03-28T22:39:13.256+0000] {dag.py:3823} INFO - Setting next_dagrun for example_xcom to 2021-01-01 00:00:00+00:00, run_after=2021-01-01 00:00:00+00:00
[2026-03-28T22:39:13.282+0000] {processor.py:183} INFO - Processing /home/airflow/.local/lib/python3.8/site-packages/airflow/example_dags/example_xcom.py took 0.104 seconds
[2026-03-28T22:39:43.404+0000] {processor.py:161} INFO - Started process (PID=289) to work on /home/airflow/.local/lib/python3.8/site-packages/airflow/example_dags/example_xcom.py
[2026-03-28T22:39:43.406+0000] {processor.py:830} INFO - Processing file /home/airflow/.local/lib/python3.8/site-packages/airflow/example_dags/example_xcom.py for tasks to queue
[2026-03-28T22:39:43.408+0000] {logging_mixin.py:188} INFO - [2026-03-28T22:39:43.408+0000] {dagbag.py:538} INFO - Filling up the DagBag from /home/airflow/.local/lib/python3.8/site-packages/airflow/example_dags/example_xcom.py
[2026-03-28T22:39:43.418+0000] {processor.py:840} INFO - DAG(s) 'example_xcom' retrieved from /home/airflow/.local/lib/python3.8/site-packages/airflow/example_dags/example_xcom.py
[2026-03-28T22:39:43.456+0000] {logging_mixin.py:188} INFO - [2026-03-28T22:39:43.455+0000] {dag.py:3036} INFO - Sync 1 DAGs
[2026-03-28T22:39:43.512+0000] {logging_mixin.py:188} INFO - [2026-03-28T22:39:43.511+0000] {dag.py:3823} INFO - Setting next_dagrun for example_xcom to 2021-01-01 00:00:00+00:00, run_after=2021-01-01 00:00:00+00:00
[2026-03-28T22:39:43.551+0000] {processor.py:183} INFO - Processing /home/airflow/.local/lib/python3.8/site-packages/airflow/example_dags/example_xcom.py took 0.151 seconds
[2026-03-28T22:40:13.614+0000] {processor.py:161} INFO - Started process (PID=344) to work on /home/airflow/.local/lib/python3.8/site-packages/airflow/example_dags/example_xcom.py
[2026-03-28T22:40:13.615+0000] {processor.py:830} INFO - Processing file /home/airflow/.local/lib/python3.8/site-packages/airflow/example_dags/example_xcom.py for tasks to queue
[2026-03-28T22:40:13.618+0000] {logging_mixin.py:188} INFO - [2026-03-28T22:40:13.618+0000] {dagbag.py:538} INFO - Filling up the DagBag from /home/airflow/.local/lib/python3.8/site-packages/airflow/example_dags/example_xcom.py
[2026-03-28T22:40:13.635+0000] {processor.py:840} INFO - DAG(s) 'example_xcom' retrieved from /home/airflow/.local/lib/python3.8/site-packages/airflow/example_dags/example_xcom.py
[2026-03-28T22:40:13.671+0000] {logging_mixin.py:188} INFO - [2026-03-28T22:40:13.670+0000] {dag.py:3036} INFO - Sync 1 DAGs
[2026-03-28T22:40:13.711+0000] {logging_mixin.py:188} INFO - [2026-03-28T22:40:13.710+0000] {dag.py:3823} INFO - Setting next_dagrun for example_xcom to 2021-01-01 00:00:00+00:00, run_after=2021-01-01 00:00:00+00:00
[2026-03-28T22:40:13.740+0000] {processor.py:183} INFO - Processing /home/airflow/.local/lib/python3.8/site-packages/airflow/example_dags/example_xcom.py took 0.131 seconds
[2026-03-28T22:40:43.833+0000] {processor.py:161} INFO - Started process (PID=400) to work on /home/airflow/.local/lib/python3.8/site-packages/airflow/example_dags/example_xcom.py
[2026-03-28T22:40:43.834+0000] {processor.py:830} INFO - Processing file /home/airflow/.local/lib/python3.8/site-packages/airflow/example_dags/example_xcom.py for tasks to queue
[2026-03-28T22:40:43.837+0000] {logging_mixin.py:188} INFO - [2026-03-28T22:40:43.837+0000] {dagbag.py:538} INFO - Filling up the DagBag from /home/airflow/.local/lib/python3.8/site-packages/airflow/example_dags/example_xcom.py
[2026-03-28T22:40:43.846+0000] {processor.py:840} INFO - DAG(s) 'example_xcom' retrieved from /home/airflow/.local/lib/python3.8/site-packages/airflow/example_dags/example_xcom.py
[2026-03-28T22:40:43.875+0000] {logging_mixin.py:188} INFO - [2026-03-28T22:40:43.875+0000] {dag.py:3036} INFO - Sync 1 DAGs
[2026-03-28T22:40:43.905+0000] {logging_mixin.py:188} INFO - [2026-03-28T22:40:43.904+0000] {dag.py:3823} INFO - Setting next_dagrun for example_xcom to 2021-01-01 00:00:00+00:00, run_after=2021-01-01 00:00:00+00:00
[2026-03-28T22:40:43.935+0000] {processor.py:183} INFO - Processing /home/airflow/.local/lib/python3.8/site-packages/airflow/example_dags/example_xcom.py took 0.106 seconds
[2026-03-28T22:41:14.053+0000] {processor.py:161} INFO - Started process (PID=455) to work on /home/airflow/.local/lib/python3.8/site-packages/airflow/example_dags/example_xcom.py
[2026-03-28T22:41:14.055+0000] {processor.py:830} INFO - Processing file /home/airflow/.local/lib/python3.8/site-packages/airflow/example_dags/example_xcom.py for tasks to queue
[2026-03-28T22:41:14.057+0000] {logging_mixin.py:188} INFO - [2026-03-28T22:41:14.057+0000] {dagbag.py:538} INFO - Filling up the DagBag from /home/airflow/.local/lib/python3.8/site-packages/airflow/example_dags/example_xcom.py
[2026-03-28T22:41:14.069+0000] {processor.py:840} INFO - DAG(s) 'example_xcom' retrieved from /home/airflow/.local/lib/python3.8/site-packages/airflow/example_dags/example_xcom.py
[2026-03-28T22:41:14.084+0000] {logging_mixin.py:188} INFO - [2026-03-28T22:41:14.084+0000] {dag.py:3036} INFO - Sync 1 DAGs
[2026-03-28T22:41:14.112+0000] {logging_mixin.py:188} INFO - [2026-03-28T22:41:14.111+0000] {dag.py:3823} INFO - Setting next_dagrun for example_xcom to 2021-01-01 00:00:00+00:00, run_after=2021-01-01 00:00:00+00:00
[2026-03-28T22:41:14.133+0000] {processor.py:183} INFO - Processing /home/airflow/.local/lib/python3.8/site-packages/airflow/example_dags/example_xcom.py took 0.084 seconds
[2026-03-28T22:41:45.170+0000] {processor.py:161} INFO - Started process (PID=512) to work on /home/airflow/.local/lib/python3.8/site-packages/airflow/example_dags/example_xcom.py
[2026-03-28T22:41:45.171+0000] {processor.py:830} INFO - Processing file /home/airflow/.local/lib/python3.8/site-packages/airflow/example_dags/example_xcom.py for tasks to queue
[2026-03-28T22:41:45.173+0000] {logging_mixin.py:188} INFO - [2026-03-28T22:41:45.173+0000] {dagbag.py:538} INFO - Filling up the DagBag from /home/airflow/.local/lib/python3.8/site-packages/airflow/example_dags/example_xcom.py
[2026-03-28T22:41:45.182+0000] {processor.py:840} INFO - DAG(s) 'example_xcom' retrieved from /home/airflow/.local/lib/python3.8/site-packages/airflow/example_dags/example_xcom.py
[2026-03-28T22:41:45.344+0000] {logging_mixin.py:188} INFO - [2026-03-28T22:41:45.344+0000] {dag.py:3036} INFO - Sync 1 DAGs
[2026-03-28T22:41:45.368+0000] {logging_mixin.py:188} INFO - [2026-03-28T22:41:45.368+0000] {dag.py:3823} INFO - Setting next_dagrun for example_xcom to 2021-01-01 00:00:00+00:00, run_after=2021-01-01 00:00:00+00:00
[2026-03-28T22:41:45.393+0000] {processor.py:183} INFO - Processing /home/airflow/.local/lib/python3.8/site-packages/airflow/example_dags/example_xcom.py took 0.228 seconds
[2026-03-28T22:42:16.439+0000] {processor.py:161} INFO - Started process (PID=569) to work on /home/airflow/.local/lib/python3.8/site-packages/airflow/example_dags/example_xcom.py
[2026-03-28T22:42:16.440+0000] {processor.py:830} INFO - Processing file /home/airflow/.local/lib/python3.8/site-packages/airflow/example_dags/example_xcom.py for tasks to queue
[2026-03-28T22:42:16.443+0000] {logging_mixin.py:188} INFO - [2026-03-28T22:42:16.442+0000] {dagbag.py:538} INFO - Filling up the DagBag from /home/airflow/.local/lib/python3.8/site-packages/airflow/example_dags/example_xcom.py
[2026-03-28T22:42:16.457+0000] {processor.py:840} INFO - DAG(s) 'example_xcom' retrieved from /home/airflow/.local/lib/python3.8/site-packages/airflow/example_dags/example_xcom.py
[2026-03-28T22:42:16.489+0000] {logging_mixin.py:188} INFO - [2026-03-28T22:42:16.489+0000] {dag.py:3036} INFO - Sync 1 DAGs
[2026-03-28T22:42:16.521+0000] {logging_mixin.py:188} INFO - [2026-03-28T22:42:16.521+0000] {dag.py:3823} INFO - Setting next_dagrun for example_xcom to 2021-01-01 00:00:00+00:00, run_after=2021-01-01 00:00:00+00:00
[2026-03-28T22:42:16.545+0000] {processor.py:183} INFO - Processing /home/airflow/.local/lib/python3.8/site-packages/airflow/example_dags/example_xcom.py took 0.113 seconds
[2026-03-28T22:42:46.670+0000] {processor.py:161} INFO - Started process (PID=625) to work on /home/airflow/.local/lib/python3.8/site-packages/airflow/example_dags/example_xcom.py
[2026-03-28T22:42:46.671+0000] {processor.py:830} INFO - Processing file /home/airflow/.local/lib/python3.8/site-packages/airflow/example_dags/example_xcom.py for tasks to queue
[2026-03-28T22:42:46.673+0000] {logging_mixin.py:188} INFO - [2026-03-28T22:42:46.673+0000] {dagbag.py:538} INFO - Filling up the DagBag from /home/airflow/.local/lib/python3.8/site-packages/airflow/example_dags/example_xcom.py
[2026-03-28T22:42:46.681+0000] {processor.py:840} INFO - DAG(s) 'example_xcom' retrieved from /home/airflow/.local/lib/python3.8/site-packages/airflow/example_dags/example_xcom.py
[2026-03-28T22:42:46.705+0000] {logging_mixin.py:188} INFO - [2026-03-28T22:42:46.704+0000] {dag.py:3036} INFO - Sync 1 DAGs
[2026-03-28T22:42:46.729+0000] {logging_mixin.py:188} INFO - [2026-03-28T22:42:46.729+0000] {dag.py:3823} INFO - Setting next_dagrun for example_xcom to 2021-01-01 00:00:00+00:00, run_after=2021-01-01 00:00:00+00:00
[2026-03-28T22:42:46.752+0000] {processor.py:183} INFO - Processing /home/airflow/.local/lib/python3.8/site-packages/airflow/example_dags/example_xcom.py took 0.085 seconds
[2026-03-28T22:43:17.596+0000] {processor.py:161} INFO - Started process (PID=681) to work on /home/airflow/.local/lib/python3.8/site-packages/airflow/example_dags/example_xcom.py
[2026-03-28T22:43:17.598+0000] {processor.py:830} INFO - Processing file /home/airflow/.local/lib/python3.8/site-packages/airflow/example_dags/example_xcom.py for tasks to queue
[2026-03-28T22:43:17.601+0000] {logging_mixin.py:188} INFO - [2026-03-28T22:43:17.600+0000] {dagbag.py:538} INFO - Filling up the DagBag from /home/airflow/.local/lib/python3.8/site-packages/airflow/example_dags/example_xcom.py
[2026-03-28T22:43:17.608+0000] {processor.py:840} INFO - DAG(s) 'example_xcom' retrieved from /home/airflow/.local/lib/python3.8/site-packages/airflow/example_dags/example_xcom.py
[2026-03-28T22:43:17.634+0000] {logging_mixin.py:188} INFO - [2026-03-28T22:43:17.634+0000] {dag.py:3036} INFO - Sync 1 DAGs
[2026-03-28T22:43:17.659+0000] {logging_mixin.py:188} INFO - [2026-03-28T22:43:17.658+0000] {dag.py:3823} INFO - Setting next_dagrun for example_xcom to 2021-01-01 00:00:00+00:00, run_after=2021-01-01 00:00:00+00:00
[2026-03-28T22:43:17.682+0000] {processor.py:183} INFO - Processing /home/airflow/.local/lib/python3.8/site-packages/airflow/example_dags/example_xcom.py took 0.089 seconds
[2026-03-28T22:43:48.007+0000] {processor.py:161} INFO - Started process (PID=737) to work on /home/airflow/.local/lib/python3.8/site-packages/airflow/example_dags/example_xcom.py
[2026-03-28T22:43:48.009+0000] {processor.py:830} INFO - Processing file /home/airflow/.local/lib/python3.8/site-packages/airflow/example_dags/example_xcom.py for tasks to queue
[2026-03-28T22:43:48.012+0000] {logging_mixin.py:188} INFO - [2026-03-28T22:43:48.012+0000] {dagbag.py:538} INFO - Filling up the DagBag from /home/airflow/.local/lib/python3.8/site-packages/airflow/example_dags/example_xcom.py
[2026-03-28T22:43:48.020+0000] {processor.py:840} INFO - DAG(s) 'example_xcom' retrieved from /home/airflow/.local/lib/python3.8/site-packages/airflow/example_dags/example_xcom.py
[2026-03-28T22:43:48.043+0000] {logging_mixin.py:188} INFO - [2026-03-28T22:43:48.043+0000] {dag.py:3036} INFO - Sync 1 DAGs
[2026-03-28T22:43:48.065+0000] {logging_mixin.py:188} INFO - [2026-03-28T22:43:48.065+0000] {dag.py:3823} INFO - Setting next_dagrun for example_xcom to 2021-01-01 00:00:00+00:00, run_after=2021-01-01 00:00:00+00:00
[2026-03-28T22:43:48.088+0000] {processor.py:183} INFO - Processing /home/airflow/.local/lib/python3.8/site-packages/airflow/example_dags/example_xcom.py took 0.084 seconds
[2026-03-28T22:44:18.543+0000] {processor.py:161} INFO - Started process (PID=793) to work on /home/airflow/.local/lib/python3.8/site-packages/airflow/example_dags/example_xcom.py
[2026-03-28T22:44:18.544+0000] {processor.py:830} INFO - Processing file /home/airflow/.local/lib/python3.8/site-packages/airflow/example_dags/example_xcom.py for tasks to queue
[2026-03-28T22:44:18.547+0000] {logging_mixin.py:188} INFO - [2026-03-28T22:44:18.546+0000] {dagbag.py:538} INFO - Filling up the DagBag from /home/airflow/.local/lib/python3.8/site-packages/airflow/example_dags/example_xcom.py
[2026-03-28T22:44:18.554+0000] {processor.py:840} INFO - DAG(s) 'example_xcom' retrieved from /home/airflow/.local/lib/python3.8/site-packages/airflow/example_dags/example_xcom.py
[2026-03-28T22:44:18.576+0000] {logging_mixin.py:188} INFO - [2026-03-28T22:44:18.575+0000] {dag.py:3036} INFO - Sync 1 DAGs
[2026-03-28T22:44:18.597+0000] {logging_mixin.py:188} INFO - [2026-03-28T22:44:18.596+0000] {dag.py:3823} INFO - Setting next_dagrun for example_xcom to 2021-01-01 00:00:00+00:00, run_after=2021-01-01 00:00:00+00:00
[2026-03-28T22:44:18.618+0000] {processor.py:183} INFO - Processing /home/airflow/.local/lib/python3.8/site-packages/airflow/example_dags/example_xcom.py took 0.079 seconds
[2026-03-28T22:44:48.841+0000] {processor.py:161} INFO - Started process (PID=849) to work on /home/airflow/.local/lib/python3.8/site-packages/airflow/example_dags/example_xcom.py
[2026-03-28T22:44:48.842+0000] {processor.py:830} INFO - Processing file /home/airflow/.local/lib/python3.8/site-packages/airflow/example_dags/example_xcom.py for tasks to queue
[2026-03-28T22:44:48.845+0000] {logging_mixin.py:188} INFO - [2026-03-28T22:44:48.844+0000] {dagbag.py:538} INFO - Filling up the DagBag from /home/airflow/.local/lib/python3.8/site-packages/airflow/example_dags/example_xcom.py
[2026-03-28T22:44:48.853+0000] {processor.py:840} INFO - DAG(s) 'example_xcom' retrieved from /home/airflow/.local/lib/python3.8/site-packages/airflow/example_dags/example_xcom.py
[2026-03-28T22:44:48.882+0000] {logging_mixin.py:188} INFO - [2026-03-28T22:44:48.882+0000] {dag.py:3036} INFO - Sync 1 DAGs
[2026-03-28T22:44:48.907+0000] {logging_mixin.py:188} INFO - [2026-03-28T22:44:48.906+0000] {dag.py:3823} INFO - Setting next_dagrun for example_xcom to 2021-01-01 00:00:00+00:00, run_after=2021-01-01 00:00:00+00:00
[2026-03-28T22:44:48.932+0000] {processor.py:183} INFO - Processing /home/airflow/.local/lib/python3.8/site-packages/airflow/example_dags/example_xcom.py took 0.096 seconds
[2026-03-28T22:45:19.492+0000] {processor.py:161} INFO - Started process (PID=905) to work on /home/airflow/.local/lib/python3.8/site-packages/airflow/example_dags/example_xcom.py
[2026-03-28T22:45:19.493+0000] {processor.py:830} INFO - Processing file /home/airflow/.local/lib/python3.8/site-packages/airflow/example_dags/example_xcom.py for tasks to queue
[2026-03-28T22:45:19.495+0000] {logging_mixin.py:188} INFO - [2026-03-28T22:45:19.495+0000] {dagbag.py:538} INFO - Filling up the DagBag from /home/airflow/.local/lib/python3.8/site-packages/airflow/example_dags/example_xcom.py
[2026-03-28T22:45:19.503+0000] {processor.py:840} INFO - DAG(s) 'example_xcom' retrieved from /home/airflow/.local/lib/python3.8/site-packages/airflow/example_dags/example_xcom.py
[2026-03-28T22:45:19.525+0000] {logging_mixin.py:188} INFO - [2026-03-28T22:45:19.525+0000] {dag.py:3036} INFO - Sync 1 DAGs
[2026-03-28T22:45:19.549+0000] {logging_mixin.py:188} INFO - [2026-03-28T22:45:19.549+0000] {dag.py:3823} INFO - Setting next_dagrun for example_xcom to 2021-01-01 00:00:00+00:00, run_after=2021-01-01 00:00:00+00:00
[2026-03-28T22:45:19.572+0000] {processor.py:183} INFO - Processing /home/airflow/.local/lib/python3.8/site-packages/airflow/example_dags/example_xcom.py took 0.083 seconds
[2026-03-28T22:45:49.904+0000] {processor.py:161} INFO - Started process (PID=961) to work on /home/airflow/.local/lib/python3.8/site-packages/airflow/example_dags/example_xcom.py
[2026-03-28T22:45:49.905+0000] {processor.py:830} INFO - Processing file /home/airflow/.local/lib/python3.8/site-packages/airflow/example_dags/example_xcom.py for tasks to queue
[2026-03-28T22:45:49.908+0000] {logging_mixin.py:188} INFO - [2026-03-28T22:45:49.907+0000] {dagbag.py:538} INFO - Filling up the DagBag from /home/airflow/.local/lib/python3.8/site-packages/airflow/example_dags/example_xcom.py
[2026-03-28T22:45:49.921+0000] {processor.py:840} INFO - DAG(s) 'example_xcom' retrieved from /home/airflow/.local/lib/python3.8/site-packages/airflow/example_dags/example_xcom.py
[2026-03-28T22:45:49.955+0000] {logging_mixin.py:188} INFO - [2026-03-28T22:45:49.955+0000] {dag.py:3036} INFO - Sync 1 DAGs
[2026-03-28T22:45:49.984+0000] {logging_mixin.py:188} INFO - [2026-03-28T22:45:49.984+0000] {dag.py:3823} INFO - Setting next_dagrun for example_xcom to 2021-01-01 00:00:00+00:00, run_after=2021-01-01 00:00:00+00:00
[2026-03-28T22:45:50.010+0000] {processor.py:183} INFO - Processing /home/airflow/.local/lib/python3.8/site-packages/airflow/example_dags/example_xcom.py took 0.110 seconds
[2026-03-28T22:46:37.347+0000] {processor.py:161} INFO - Started process (PID=1011) to work on /home/airflow/.local/lib/python3.8/site-packages/airflow/example_dags/example_xcom.py
[2026-03-28T22:46:37.348+0000] {processor.py:830} INFO - Processing file /home/airflow/.local/lib/python3.8/site-packages/airflow/example_dags/example_xcom.py for tasks to queue
[2026-03-28T22:46:37.351+0000] {logging_mixin.py:188} INFO - [2026-03-28T22:46:37.350+0000] {dagbag.py:538} INFO - Filling up the DagBag from /home/airflow/.local/lib/python3.8/site-packages/airflow/example_dags/example_xcom.py
[2026-03-28T22:46:37.360+0000] {processor.py:840} INFO - DAG(s) 'example_xcom' retrieved from /home/airflow/.local/lib/python3.8/site-packages/airflow/example_dags/example_xcom.py
[2026-03-28T22:46:37.388+0000] {logging_mixin.py:188} INFO - [2026-03-28T22:46:37.388+0000] {dag.py:3036} INFO - Sync 1 DAGs
[2026-03-28T22:46:37.417+0000] {logging_mixin.py:188} INFO - [2026-03-28T22:46:37.417+0000] {dag.py:3823} INFO - Setting next_dagrun for example_xcom to 2021-01-01 00:00:00+00:00, run_after=2021-01-01 00:00:00+00:00
[2026-03-28T22:46:37.442+0000] {processor.py:183} INFO - Processing /home/airflow/.local/lib/python3.8/site-packages/airflow/example_dags/example_xcom.py took 0.101 seconds
