[2026-03-28T22:09:43.098+0000] {processor.py:161} INFO - Started process (PID=92) to work on /home/airflow/.local/lib/python3.8/site-packages/airflow/example_dags/example_setup_teardown.py
[2026-03-28T22:09:43.100+0000] {processor.py:830} INFO - Processing file /home/airflow/.local/lib/python3.8/site-packages/airflow/example_dags/example_setup_teardown.py for tasks to queue
[2026-03-28T22:09:43.102+0000] {logging_mixin.py:188} INFO - [2026-03-28T22:09:43.102+0000] {dagbag.py:538} INFO - Filling up the DagBag from /home/airflow/.local/lib/python3.8/site-packages/airflow/example_dags/example_setup_teardown.py
[2026-03-28T22:09:43.114+0000] {processor.py:840} INFO - DAG(s) 'example_setup_teardown' retrieved from /home/airflow/.local/lib/python3.8/site-packages/airflow/example_dags/example_setup_teardown.py
[2026-03-28T22:09:43.231+0000] {logging_mixin.py:188} INFO - [2026-03-28T22:09:43.230+0000] {override.py:1769} INFO - Created Permission View: can edit on DAG:example_setup_teardown
[2026-03-28T22:09:43.243+0000] {logging_mixin.py:188} INFO - [2026-03-28T22:09:43.243+0000] {override.py:1769} INFO - Created Permission View: can delete on DAG:example_setup_teardown
[2026-03-28T22:09:43.252+0000] {logging_mixin.py:188} INFO - [2026-03-28T22:09:43.252+0000] {override.py:1769} INFO - Created Permission View: can read on DAG:example_setup_teardown
[2026-03-28T22:09:43.253+0000] {logging_mixin.py:188} INFO - [2026-03-28T22:09:43.253+0000] {dag.py:3036} INFO - Sync 1 DAGs
[2026-03-28T22:09:43.264+0000] {logging_mixin.py:188} INFO - [2026-03-28T22:09:43.264+0000] {dag.py:3058} INFO - Creating ORM DAG for example_setup_teardown
[2026-03-28T22:09:43.277+0000] {logging_mixin.py:188} INFO - [2026-03-28T22:09:43.277+0000] {dag.py:3823} INFO - Setting next_dagrun for example_setup_teardown to 2026-03-27 00:00:00+00:00, run_after=2026-03-28 00:00:00+00:00
[2026-03-28T22:09:43.302+0000] {processor.py:183} INFO - Processing /home/airflow/.local/lib/python3.8/site-packages/airflow/example_dags/example_setup_teardown.py took 0.209 seconds
[2026-03-28T22:10:13.822+0000] {processor.py:161} INFO - Started process (PID=148) to work on /home/airflow/.local/lib/python3.8/site-packages/airflow/example_dags/example_setup_teardown.py
[2026-03-28T22:10:13.823+0000] {processor.py:830} INFO - Processing file /home/airflow/.local/lib/python3.8/site-packages/airflow/example_dags/example_setup_teardown.py for tasks to queue
[2026-03-28T22:10:13.826+0000] {logging_mixin.py:188} INFO - [2026-03-28T22:10:13.825+0000] {dagbag.py:538} INFO - Filling up the DagBag from /home/airflow/.local/lib/python3.8/site-packages/airflow/example_dags/example_setup_teardown.py
[2026-03-28T22:10:13.833+0000] {processor.py:840} INFO - DAG(s) 'example_setup_teardown' retrieved from /home/airflow/.local/lib/python3.8/site-packages/airflow/example_dags/example_setup_teardown.py
[2026-03-28T22:10:13.856+0000] {logging_mixin.py:188} INFO - [2026-03-28T22:10:13.856+0000] {dag.py:3036} INFO - Sync 1 DAGs
[2026-03-28T22:10:13.878+0000] {logging_mixin.py:188} INFO - [2026-03-28T22:10:13.878+0000] {dag.py:3823} INFO - Setting next_dagrun for example_setup_teardown to 2026-03-27 00:00:00+00:00, run_after=2026-03-28 00:00:00+00:00
[2026-03-28T22:10:13.900+0000] {processor.py:183} INFO - Processing /home/airflow/.local/lib/python3.8/site-packages/airflow/example_dags/example_setup_teardown.py took 0.082 seconds
[2026-03-28T22:10:44.400+0000] {processor.py:161} INFO - Started process (PID=204) to work on /home/airflow/.local/lib/python3.8/site-packages/airflow/example_dags/example_setup_teardown.py
[2026-03-28T22:10:44.401+0000] {processor.py:830} INFO - Processing file /home/airflow/.local/lib/python3.8/site-packages/airflow/example_dags/example_setup_teardown.py for tasks to queue
[2026-03-28T22:10:44.404+0000] {logging_mixin.py:188} INFO - [2026-03-28T22:10:44.404+0000] {dagbag.py:538} INFO - Filling up the DagBag from /home/airflow/.local/lib/python3.8/site-packages/airflow/example_dags/example_setup_teardown.py
[2026-03-28T22:10:44.413+0000] {processor.py:840} INFO - DAG(s) 'example_setup_teardown' retrieved from /home/airflow/.local/lib/python3.8/site-packages/airflow/example_dags/example_setup_teardown.py
[2026-03-28T22:10:44.438+0000] {logging_mixin.py:188} INFO - [2026-03-28T22:10:44.437+0000] {dag.py:3036} INFO - Sync 1 DAGs
[2026-03-28T22:10:44.467+0000] {logging_mixin.py:188} INFO - [2026-03-28T22:10:44.467+0000] {dag.py:3823} INFO - Setting next_dagrun for example_setup_teardown to 2026-03-27 00:00:00+00:00, run_after=2026-03-28 00:00:00+00:00
[2026-03-28T22:10:44.489+0000] {processor.py:183} INFO - Processing /home/airflow/.local/lib/python3.8/site-packages/airflow/example_dags/example_setup_teardown.py took 0.093 seconds
[2026-03-28T22:11:14.900+0000] {processor.py:161} INFO - Started process (PID=260) to work on /home/airflow/.local/lib/python3.8/site-packages/airflow/example_dags/example_setup_teardown.py
[2026-03-28T22:11:14.901+0000] {processor.py:830} INFO - Processing file /home/airflow/.local/lib/python3.8/site-packages/airflow/example_dags/example_setup_teardown.py for tasks to queue
[2026-03-28T22:11:14.903+0000] {logging_mixin.py:188} INFO - [2026-03-28T22:11:14.903+0000] {dagbag.py:538} INFO - Filling up the DagBag from /home/airflow/.local/lib/python3.8/site-packages/airflow/example_dags/example_setup_teardown.py
[2026-03-28T22:11:14.911+0000] {processor.py:840} INFO - DAG(s) 'example_setup_teardown' retrieved from /home/airflow/.local/lib/python3.8/site-packages/airflow/example_dags/example_setup_teardown.py
[2026-03-28T22:11:14.936+0000] {logging_mixin.py:188} INFO - [2026-03-28T22:11:14.935+0000] {dag.py:3036} INFO - Sync 1 DAGs
[2026-03-28T22:11:14.958+0000] {logging_mixin.py:188} INFO - [2026-03-28T22:11:14.957+0000] {dag.py:3823} INFO - Setting next_dagrun for example_setup_teardown to 2026-03-27 00:00:00+00:00, run_after=2026-03-28 00:00:00+00:00
[2026-03-28T22:11:14.982+0000] {processor.py:183} INFO - Processing /home/airflow/.local/lib/python3.8/site-packages/airflow/example_dags/example_setup_teardown.py took 0.086 seconds
[2026-03-28T22:11:45.034+0000] {processor.py:161} INFO - Started process (PID=316) to work on /home/airflow/.local/lib/python3.8/site-packages/airflow/example_dags/example_setup_teardown.py
[2026-03-28T22:11:45.035+0000] {processor.py:830} INFO - Processing file /home/airflow/.local/lib/python3.8/site-packages/airflow/example_dags/example_setup_teardown.py for tasks to queue
[2026-03-28T22:11:45.038+0000] {logging_mixin.py:188} INFO - [2026-03-28T22:11:45.037+0000] {dagbag.py:538} INFO - Filling up the DagBag from /home/airflow/.local/lib/python3.8/site-packages/airflow/example_dags/example_setup_teardown.py
[2026-03-28T22:11:45.045+0000] {processor.py:840} INFO - DAG(s) 'example_setup_teardown' retrieved from /home/airflow/.local/lib/python3.8/site-packages/airflow/example_dags/example_setup_teardown.py
[2026-03-28T22:11:45.074+0000] {logging_mixin.py:188} INFO - [2026-03-28T22:11:45.074+0000] {dag.py:3036} INFO - Sync 1 DAGs
[2026-03-28T22:11:45.102+0000] {logging_mixin.py:188} INFO - [2026-03-28T22:11:45.101+0000] {dag.py:3823} INFO - Setting next_dagrun for example_setup_teardown to 2026-03-27 00:00:00+00:00, run_after=2026-03-28 00:00:00+00:00
[2026-03-28T22:11:45.134+0000] {processor.py:183} INFO - Processing /home/airflow/.local/lib/python3.8/site-packages/airflow/example_dags/example_setup_teardown.py took 0.103 seconds
[2026-03-28T22:12:15.265+0000] {processor.py:161} INFO - Started process (PID=372) to work on /home/airflow/.local/lib/python3.8/site-packages/airflow/example_dags/example_setup_teardown.py
[2026-03-28T22:12:15.266+0000] {processor.py:830} INFO - Processing file /home/airflow/.local/lib/python3.8/site-packages/airflow/example_dags/example_setup_teardown.py for tasks to queue
[2026-03-28T22:12:15.269+0000] {logging_mixin.py:188} INFO - [2026-03-28T22:12:15.268+0000] {dagbag.py:538} INFO - Filling up the DagBag from /home/airflow/.local/lib/python3.8/site-packages/airflow/example_dags/example_setup_teardown.py
[2026-03-28T22:12:15.276+0000] {processor.py:840} INFO - DAG(s) 'example_setup_teardown' retrieved from /home/airflow/.local/lib/python3.8/site-packages/airflow/example_dags/example_setup_teardown.py
[2026-03-28T22:12:15.300+0000] {logging_mixin.py:188} INFO - [2026-03-28T22:12:15.300+0000] {dag.py:3036} INFO - Sync 1 DAGs
[2026-03-28T22:12:15.322+0000] {logging_mixin.py:188} INFO - [2026-03-28T22:12:15.322+0000] {dag.py:3823} INFO - Setting next_dagrun for example_setup_teardown to 2026-03-27 00:00:00+00:00, run_after=2026-03-28 00:00:00+00:00
[2026-03-28T22:12:15.345+0000] {processor.py:183} INFO - Processing /home/airflow/.local/lib/python3.8/site-packages/airflow/example_dags/example_setup_teardown.py took 0.084 seconds
[2026-03-28T22:12:45.568+0000] {processor.py:161} INFO - Started process (PID=428) to work on /home/airflow/.local/lib/python3.8/site-packages/airflow/example_dags/example_setup_teardown.py
[2026-03-28T22:12:45.570+0000] {processor.py:830} INFO - Processing file /home/airflow/.local/lib/python3.8/site-packages/airflow/example_dags/example_setup_teardown.py for tasks to queue
[2026-03-28T22:12:45.572+0000] {logging_mixin.py:188} INFO - [2026-03-28T22:12:45.572+0000] {dagbag.py:538} INFO - Filling up the DagBag from /home/airflow/.local/lib/python3.8/site-packages/airflow/example_dags/example_setup_teardown.py
[2026-03-28T22:12:45.580+0000] {processor.py:840} INFO - DAG(s) 'example_setup_teardown' retrieved from /home/airflow/.local/lib/python3.8/site-packages/airflow/example_dags/example_setup_teardown.py
[2026-03-28T22:12:45.602+0000] {logging_mixin.py:188} INFO - [2026-03-28T22:12:45.601+0000] {dag.py:3036} INFO - Sync 1 DAGs
[2026-03-28T22:12:45.624+0000] {logging_mixin.py:188} INFO - [2026-03-28T22:12:45.624+0000] {dag.py:3823} INFO - Setting next_dagrun for example_setup_teardown to 2026-03-27 00:00:00+00:00, run_after=2026-03-28 00:00:00+00:00
[2026-03-28T22:12:45.646+0000] {processor.py:183} INFO - Processing /home/airflow/.local/lib/python3.8/site-packages/airflow/example_dags/example_setup_teardown.py took 0.081 seconds
[2026-03-28T22:13:15.898+0000] {processor.py:161} INFO - Started process (PID=484) to work on /home/airflow/.local/lib/python3.8/site-packages/airflow/example_dags/example_setup_teardown.py
[2026-03-28T22:13:15.899+0000] {processor.py:830} INFO - Processing file /home/airflow/.local/lib/python3.8/site-packages/airflow/example_dags/example_setup_teardown.py for tasks to queue
[2026-03-28T22:13:15.901+0000] {logging_mixin.py:188} INFO - [2026-03-28T22:13:15.901+0000] {dagbag.py:538} INFO - Filling up the DagBag from /home/airflow/.local/lib/python3.8/site-packages/airflow/example_dags/example_setup_teardown.py
[2026-03-28T22:13:15.909+0000] {processor.py:840} INFO - DAG(s) 'example_setup_teardown' retrieved from /home/airflow/.local/lib/python3.8/site-packages/airflow/example_dags/example_setup_teardown.py
[2026-03-28T22:13:15.933+0000] {logging_mixin.py:188} INFO - [2026-03-28T22:13:15.933+0000] {dag.py:3036} INFO - Sync 1 DAGs
[2026-03-28T22:13:15.957+0000] {logging_mixin.py:188} INFO - [2026-03-28T22:13:15.957+0000] {dag.py:3823} INFO - Setting next_dagrun for example_setup_teardown to 2026-03-27 00:00:00+00:00, run_after=2026-03-28 00:00:00+00:00
[2026-03-28T22:13:15.979+0000] {processor.py:183} INFO - Processing /home/airflow/.local/lib/python3.8/site-packages/airflow/example_dags/example_setup_teardown.py took 0.085 seconds
[2026-03-28T22:14:07.966+0000] {processor.py:161} INFO - Started process (PID=90) to work on /home/airflow/.local/lib/python3.8/site-packages/airflow/example_dags/example_setup_teardown.py
[2026-03-28T22:14:07.968+0000] {processor.py:830} INFO - Processing file /home/airflow/.local/lib/python3.8/site-packages/airflow/example_dags/example_setup_teardown.py for tasks to queue
[2026-03-28T22:14:07.971+0000] {logging_mixin.py:188} INFO - [2026-03-28T22:14:07.970+0000] {dagbag.py:538} INFO - Filling up the DagBag from /home/airflow/.local/lib/python3.8/site-packages/airflow/example_dags/example_setup_teardown.py
[2026-03-28T22:14:07.982+0000] {processor.py:840} INFO - DAG(s) 'example_setup_teardown' retrieved from /home/airflow/.local/lib/python3.8/site-packages/airflow/example_dags/example_setup_teardown.py
[2026-03-28T22:14:07.997+0000] {logging_mixin.py:188} INFO - [2026-03-28T22:14:07.997+0000] {dag.py:3036} INFO - Sync 1 DAGs
[2026-03-28T22:14:08.023+0000] {logging_mixin.py:188} INFO - [2026-03-28T22:14:08.022+0000] {dag.py:3823} INFO - Setting next_dagrun for example_setup_teardown to 2026-03-27 00:00:00+00:00, run_after=2026-03-28 00:00:00+00:00
[2026-03-28T22:14:08.044+0000] {processor.py:183} INFO - Processing /home/airflow/.local/lib/python3.8/site-packages/airflow/example_dags/example_setup_teardown.py took 0.081 seconds
[2026-03-28T22:14:38.245+0000] {processor.py:161} INFO - Started process (PID=146) to work on /home/airflow/.local/lib/python3.8/site-packages/airflow/example_dags/example_setup_teardown.py
[2026-03-28T22:14:38.247+0000] {processor.py:830} INFO - Processing file /home/airflow/.local/lib/python3.8/site-packages/airflow/example_dags/example_setup_teardown.py for tasks to queue
[2026-03-28T22:14:38.249+0000] {logging_mixin.py:188} INFO - [2026-03-28T22:14:38.249+0000] {dagbag.py:538} INFO - Filling up the DagBag from /home/airflow/.local/lib/python3.8/site-packages/airflow/example_dags/example_setup_teardown.py
[2026-03-28T22:14:38.257+0000] {processor.py:840} INFO - DAG(s) 'example_setup_teardown' retrieved from /home/airflow/.local/lib/python3.8/site-packages/airflow/example_dags/example_setup_teardown.py
[2026-03-28T22:14:38.349+0000] {logging_mixin.py:188} INFO - [2026-03-28T22:14:38.348+0000] {dag.py:3036} INFO - Sync 1 DAGs
[2026-03-28T22:14:38.368+0000] {logging_mixin.py:188} INFO - [2026-03-28T22:14:38.368+0000] {dag.py:3823} INFO - Setting next_dagrun for example_setup_teardown to 2026-03-27 00:00:00+00:00, run_after=2026-03-28 00:00:00+00:00
[2026-03-28T22:14:38.392+0000] {processor.py:183} INFO - Processing /home/airflow/.local/lib/python3.8/site-packages/airflow/example_dags/example_setup_teardown.py took 0.150 seconds
[2026-03-28T22:15:08.542+0000] {processor.py:161} INFO - Started process (PID=202) to work on /home/airflow/.local/lib/python3.8/site-packages/airflow/example_dags/example_setup_teardown.py
[2026-03-28T22:15:08.543+0000] {processor.py:830} INFO - Processing file /home/airflow/.local/lib/python3.8/site-packages/airflow/example_dags/example_setup_teardown.py for tasks to queue
[2026-03-28T22:15:08.545+0000] {logging_mixin.py:188} INFO - [2026-03-28T22:15:08.545+0000] {dagbag.py:538} INFO - Filling up the DagBag from /home/airflow/.local/lib/python3.8/site-packages/airflow/example_dags/example_setup_teardown.py
[2026-03-28T22:15:08.553+0000] {processor.py:840} INFO - DAG(s) 'example_setup_teardown' retrieved from /home/airflow/.local/lib/python3.8/site-packages/airflow/example_dags/example_setup_teardown.py
[2026-03-28T22:15:08.575+0000] {logging_mixin.py:188} INFO - [2026-03-28T22:15:08.574+0000] {dag.py:3036} INFO - Sync 1 DAGs
[2026-03-28T22:15:08.593+0000] {logging_mixin.py:188} INFO - [2026-03-28T22:15:08.593+0000] {dag.py:3823} INFO - Setting next_dagrun for example_setup_teardown to 2026-03-27 00:00:00+00:00, run_after=2026-03-28 00:00:00+00:00
[2026-03-28T22:15:08.641+0000] {processor.py:183} INFO - Processing /home/airflow/.local/lib/python3.8/site-packages/airflow/example_dags/example_setup_teardown.py took 0.102 seconds
[2026-03-28T22:15:39.166+0000] {processor.py:161} INFO - Started process (PID=258) to work on /home/airflow/.local/lib/python3.8/site-packages/airflow/example_dags/example_setup_teardown.py
[2026-03-28T22:15:39.168+0000] {processor.py:830} INFO - Processing file /home/airflow/.local/lib/python3.8/site-packages/airflow/example_dags/example_setup_teardown.py for tasks to queue
[2026-03-28T22:15:39.170+0000] {logging_mixin.py:188} INFO - [2026-03-28T22:15:39.170+0000] {dagbag.py:538} INFO - Filling up the DagBag from /home/airflow/.local/lib/python3.8/site-packages/airflow/example_dags/example_setup_teardown.py
[2026-03-28T22:15:39.180+0000] {processor.py:840} INFO - DAG(s) 'example_setup_teardown' retrieved from /home/airflow/.local/lib/python3.8/site-packages/airflow/example_dags/example_setup_teardown.py
[2026-03-28T22:15:39.203+0000] {logging_mixin.py:188} INFO - [2026-03-28T22:15:39.203+0000] {dag.py:3036} INFO - Sync 1 DAGs
[2026-03-28T22:15:39.228+0000] {logging_mixin.py:188} INFO - [2026-03-28T22:15:39.228+0000] {dag.py:3823} INFO - Setting next_dagrun for example_setup_teardown to 2026-03-27 00:00:00+00:00, run_after=2026-03-28 00:00:00+00:00
[2026-03-28T22:15:39.254+0000] {processor.py:183} INFO - Processing /home/airflow/.local/lib/python3.8/site-packages/airflow/example_dags/example_setup_teardown.py took 0.092 seconds
[2026-03-28T22:16:09.427+0000] {processor.py:161} INFO - Started process (PID=314) to work on /home/airflow/.local/lib/python3.8/site-packages/airflow/example_dags/example_setup_teardown.py
[2026-03-28T22:16:09.428+0000] {processor.py:830} INFO - Processing file /home/airflow/.local/lib/python3.8/site-packages/airflow/example_dags/example_setup_teardown.py for tasks to queue
[2026-03-28T22:16:09.431+0000] {logging_mixin.py:188} INFO - [2026-03-28T22:16:09.430+0000] {dagbag.py:538} INFO - Filling up the DagBag from /home/airflow/.local/lib/python3.8/site-packages/airflow/example_dags/example_setup_teardown.py
[2026-03-28T22:16:09.437+0000] {processor.py:840} INFO - DAG(s) 'example_setup_teardown' retrieved from /home/airflow/.local/lib/python3.8/site-packages/airflow/example_dags/example_setup_teardown.py
[2026-03-28T22:16:09.463+0000] {logging_mixin.py:188} INFO - [2026-03-28T22:16:09.463+0000] {dag.py:3036} INFO - Sync 1 DAGs
[2026-03-28T22:16:09.485+0000] {logging_mixin.py:188} INFO - [2026-03-28T22:16:09.484+0000] {dag.py:3823} INFO - Setting next_dagrun for example_setup_teardown to 2026-03-27 00:00:00+00:00, run_after=2026-03-28 00:00:00+00:00
[2026-03-28T22:16:09.515+0000] {processor.py:183} INFO - Processing /home/airflow/.local/lib/python3.8/site-packages/airflow/example_dags/example_setup_teardown.py took 0.092 seconds
[2026-03-28T22:16:39.820+0000] {processor.py:161} INFO - Started process (PID=370) to work on /home/airflow/.local/lib/python3.8/site-packages/airflow/example_dags/example_setup_teardown.py
[2026-03-28T22:16:39.821+0000] {processor.py:830} INFO - Processing file /home/airflow/.local/lib/python3.8/site-packages/airflow/example_dags/example_setup_teardown.py for tasks to queue
[2026-03-28T22:16:39.823+0000] {logging_mixin.py:188} INFO - [2026-03-28T22:16:39.823+0000] {dagbag.py:538} INFO - Filling up the DagBag from /home/airflow/.local/lib/python3.8/site-packages/airflow/example_dags/example_setup_teardown.py
[2026-03-28T22:16:39.832+0000] {processor.py:840} INFO - DAG(s) 'example_setup_teardown' retrieved from /home/airflow/.local/lib/python3.8/site-packages/airflow/example_dags/example_setup_teardown.py
[2026-03-28T22:16:39.855+0000] {logging_mixin.py:188} INFO - [2026-03-28T22:16:39.854+0000] {dag.py:3036} INFO - Sync 1 DAGs
[2026-03-28T22:16:39.876+0000] {logging_mixin.py:188} INFO - [2026-03-28T22:16:39.876+0000] {dag.py:3823} INFO - Setting next_dagrun for example_setup_teardown to 2026-03-27 00:00:00+00:00, run_after=2026-03-28 00:00:00+00:00
[2026-03-28T22:16:39.896+0000] {processor.py:183} INFO - Processing /home/airflow/.local/lib/python3.8/site-packages/airflow/example_dags/example_setup_teardown.py took 0.080 seconds
[2026-03-28T22:17:10.627+0000] {processor.py:161} INFO - Started process (PID=426) to work on /home/airflow/.local/lib/python3.8/site-packages/airflow/example_dags/example_setup_teardown.py
[2026-03-28T22:17:10.628+0000] {processor.py:830} INFO - Processing file /home/airflow/.local/lib/python3.8/site-packages/airflow/example_dags/example_setup_teardown.py for tasks to queue
[2026-03-28T22:17:10.630+0000] {logging_mixin.py:188} INFO - [2026-03-28T22:17:10.629+0000] {dagbag.py:538} INFO - Filling up the DagBag from /home/airflow/.local/lib/python3.8/site-packages/airflow/example_dags/example_setup_teardown.py
[2026-03-28T22:17:10.636+0000] {processor.py:840} INFO - DAG(s) 'example_setup_teardown' retrieved from /home/airflow/.local/lib/python3.8/site-packages/airflow/example_dags/example_setup_teardown.py
[2026-03-28T22:17:10.658+0000] {logging_mixin.py:188} INFO - [2026-03-28T22:17:10.658+0000] {dag.py:3036} INFO - Sync 1 DAGs
[2026-03-28T22:17:10.678+0000] {logging_mixin.py:188} INFO - [2026-03-28T22:17:10.678+0000] {dag.py:3823} INFO - Setting next_dagrun for example_setup_teardown to 2026-03-27 00:00:00+00:00, run_after=2026-03-28 00:00:00+00:00
[2026-03-28T22:17:10.753+0000] {processor.py:183} INFO - Processing /home/airflow/.local/lib/python3.8/site-packages/airflow/example_dags/example_setup_teardown.py took 0.130 seconds
[2026-03-28T22:17:40.800+0000] {processor.py:161} INFO - Started process (PID=482) to work on /home/airflow/.local/lib/python3.8/site-packages/airflow/example_dags/example_setup_teardown.py
[2026-03-28T22:17:40.802+0000] {processor.py:830} INFO - Processing file /home/airflow/.local/lib/python3.8/site-packages/airflow/example_dags/example_setup_teardown.py for tasks to queue
[2026-03-28T22:17:40.804+0000] {logging_mixin.py:188} INFO - [2026-03-28T22:17:40.803+0000] {dagbag.py:538} INFO - Filling up the DagBag from /home/airflow/.local/lib/python3.8/site-packages/airflow/example_dags/example_setup_teardown.py
[2026-03-28T22:17:40.810+0000] {processor.py:840} INFO - DAG(s) 'example_setup_teardown' retrieved from /home/airflow/.local/lib/python3.8/site-packages/airflow/example_dags/example_setup_teardown.py
[2026-03-28T22:17:40.832+0000] {logging_mixin.py:188} INFO - [2026-03-28T22:17:40.832+0000] {dag.py:3036} INFO - Sync 1 DAGs
[2026-03-28T22:17:40.852+0000] {logging_mixin.py:188} INFO - [2026-03-28T22:17:40.852+0000] {dag.py:3823} INFO - Setting next_dagrun for example_setup_teardown to 2026-03-27 00:00:00+00:00, run_after=2026-03-28 00:00:00+00:00
[2026-03-28T22:17:40.881+0000] {processor.py:183} INFO - Processing /home/airflow/.local/lib/python3.8/site-packages/airflow/example_dags/example_setup_teardown.py took 0.084 seconds
[2026-03-28T22:18:11.764+0000] {processor.py:161} INFO - Started process (PID=538) to work on /home/airflow/.local/lib/python3.8/site-packages/airflow/example_dags/example_setup_teardown.py
[2026-03-28T22:18:11.766+0000] {processor.py:830} INFO - Processing file /home/airflow/.local/lib/python3.8/site-packages/airflow/example_dags/example_setup_teardown.py for tasks to queue
[2026-03-28T22:18:11.767+0000] {logging_mixin.py:188} INFO - [2026-03-28T22:18:11.767+0000] {dagbag.py:538} INFO - Filling up the DagBag from /home/airflow/.local/lib/python3.8/site-packages/airflow/example_dags/example_setup_teardown.py
[2026-03-28T22:18:11.775+0000] {processor.py:840} INFO - DAG(s) 'example_setup_teardown' retrieved from /home/airflow/.local/lib/python3.8/site-packages/airflow/example_dags/example_setup_teardown.py
[2026-03-28T22:18:11.800+0000] {logging_mixin.py:188} INFO - [2026-03-28T22:18:11.800+0000] {dag.py:3036} INFO - Sync 1 DAGs
[2026-03-28T22:18:11.825+0000] {logging_mixin.py:188} INFO - [2026-03-28T22:18:11.824+0000] {dag.py:3823} INFO - Setting next_dagrun for example_setup_teardown to 2026-03-27 00:00:00+00:00, run_after=2026-03-28 00:00:00+00:00
[2026-03-28T22:18:11.845+0000] {processor.py:183} INFO - Processing /home/airflow/.local/lib/python3.8/site-packages/airflow/example_dags/example_setup_teardown.py took 0.084 seconds
[2026-03-28T22:18:42.125+0000] {processor.py:161} INFO - Started process (PID=594) to work on /home/airflow/.local/lib/python3.8/site-packages/airflow/example_dags/example_setup_teardown.py
[2026-03-28T22:18:42.126+0000] {processor.py:830} INFO - Processing file /home/airflow/.local/lib/python3.8/site-packages/airflow/example_dags/example_setup_teardown.py for tasks to queue
[2026-03-28T22:18:42.128+0000] {logging_mixin.py:188} INFO - [2026-03-28T22:18:42.128+0000] {dagbag.py:538} INFO - Filling up the DagBag from /home/airflow/.local/lib/python3.8/site-packages/airflow/example_dags/example_setup_teardown.py
[2026-03-28T22:18:42.135+0000] {processor.py:840} INFO - DAG(s) 'example_setup_teardown' retrieved from /home/airflow/.local/lib/python3.8/site-packages/airflow/example_dags/example_setup_teardown.py
[2026-03-28T22:18:42.158+0000] {logging_mixin.py:188} INFO - [2026-03-28T22:18:42.158+0000] {dag.py:3036} INFO - Sync 1 DAGs
[2026-03-28T22:18:42.178+0000] {logging_mixin.py:188} INFO - [2026-03-28T22:18:42.177+0000] {dag.py:3823} INFO - Setting next_dagrun for example_setup_teardown to 2026-03-27 00:00:00+00:00, run_after=2026-03-28 00:00:00+00:00
[2026-03-28T22:18:42.198+0000] {processor.py:183} INFO - Processing /home/airflow/.local/lib/python3.8/site-packages/airflow/example_dags/example_setup_teardown.py took 0.077 seconds
[2026-03-28T22:19:12.830+0000] {processor.py:161} INFO - Started process (PID=650) to work on /home/airflow/.local/lib/python3.8/site-packages/airflow/example_dags/example_setup_teardown.py
[2026-03-28T22:19:12.831+0000] {processor.py:830} INFO - Processing file /home/airflow/.local/lib/python3.8/site-packages/airflow/example_dags/example_setup_teardown.py for tasks to queue
[2026-03-28T22:19:12.834+0000] {logging_mixin.py:188} INFO - [2026-03-28T22:19:12.833+0000] {dagbag.py:538} INFO - Filling up the DagBag from /home/airflow/.local/lib/python3.8/site-packages/airflow/example_dags/example_setup_teardown.py
[2026-03-28T22:19:12.841+0000] {processor.py:840} INFO - DAG(s) 'example_setup_teardown' retrieved from /home/airflow/.local/lib/python3.8/site-packages/airflow/example_dags/example_setup_teardown.py
[2026-03-28T22:19:12.864+0000] {logging_mixin.py:188} INFO - [2026-03-28T22:19:12.864+0000] {dag.py:3036} INFO - Sync 1 DAGs
[2026-03-28T22:19:12.884+0000] {logging_mixin.py:188} INFO - [2026-03-28T22:19:12.884+0000] {dag.py:3823} INFO - Setting next_dagrun for example_setup_teardown to 2026-03-27 00:00:00+00:00, run_after=2026-03-28 00:00:00+00:00
[2026-03-28T22:19:12.958+0000] {processor.py:183} INFO - Processing /home/airflow/.local/lib/python3.8/site-packages/airflow/example_dags/example_setup_teardown.py took 0.133 seconds
[2026-03-28T22:19:43.179+0000] {processor.py:161} INFO - Started process (PID=706) to work on /home/airflow/.local/lib/python3.8/site-packages/airflow/example_dags/example_setup_teardown.py
[2026-03-28T22:19:43.180+0000] {processor.py:830} INFO - Processing file /home/airflow/.local/lib/python3.8/site-packages/airflow/example_dags/example_setup_teardown.py for tasks to queue
[2026-03-28T22:19:43.184+0000] {logging_mixin.py:188} INFO - [2026-03-28T22:19:43.183+0000] {dagbag.py:538} INFO - Filling up the DagBag from /home/airflow/.local/lib/python3.8/site-packages/airflow/example_dags/example_setup_teardown.py
[2026-03-28T22:19:43.194+0000] {processor.py:840} INFO - DAG(s) 'example_setup_teardown' retrieved from /home/airflow/.local/lib/python3.8/site-packages/airflow/example_dags/example_setup_teardown.py
[2026-03-28T22:19:43.219+0000] {logging_mixin.py:188} INFO - [2026-03-28T22:19:43.219+0000] {dag.py:3036} INFO - Sync 1 DAGs
[2026-03-28T22:19:43.261+0000] {logging_mixin.py:188} INFO - [2026-03-28T22:19:43.261+0000] {dag.py:3823} INFO - Setting next_dagrun for example_setup_teardown to 2026-03-27 00:00:00+00:00, run_after=2026-03-28 00:00:00+00:00
[2026-03-28T22:19:43.301+0000] {processor.py:183} INFO - Processing /home/airflow/.local/lib/python3.8/site-packages/airflow/example_dags/example_setup_teardown.py took 0.127 seconds
[2026-03-28T22:20:13.387+0000] {processor.py:161} INFO - Started process (PID=762) to work on /home/airflow/.local/lib/python3.8/site-packages/airflow/example_dags/example_setup_teardown.py
[2026-03-28T22:20:13.389+0000] {processor.py:830} INFO - Processing file /home/airflow/.local/lib/python3.8/site-packages/airflow/example_dags/example_setup_teardown.py for tasks to queue
[2026-03-28T22:20:13.392+0000] {logging_mixin.py:188} INFO - [2026-03-28T22:20:13.391+0000] {dagbag.py:538} INFO - Filling up the DagBag from /home/airflow/.local/lib/python3.8/site-packages/airflow/example_dags/example_setup_teardown.py
[2026-03-28T22:20:13.400+0000] {processor.py:840} INFO - DAG(s) 'example_setup_teardown' retrieved from /home/airflow/.local/lib/python3.8/site-packages/airflow/example_dags/example_setup_teardown.py
[2026-03-28T22:20:13.428+0000] {logging_mixin.py:188} INFO - [2026-03-28T22:20:13.428+0000] {dag.py:3036} INFO - Sync 1 DAGs
[2026-03-28T22:20:13.454+0000] {logging_mixin.py:188} INFO - [2026-03-28T22:20:13.454+0000] {dag.py:3823} INFO - Setting next_dagrun for example_setup_teardown to 2026-03-27 00:00:00+00:00, run_after=2026-03-28 00:00:00+00:00
[2026-03-28T22:20:13.476+0000] {processor.py:183} INFO - Processing /home/airflow/.local/lib/python3.8/site-packages/airflow/example_dags/example_setup_teardown.py took 0.093 seconds
[2026-03-28T22:20:43.536+0000] {processor.py:161} INFO - Started process (PID=818) to work on /home/airflow/.local/lib/python3.8/site-packages/airflow/example_dags/example_setup_teardown.py
[2026-03-28T22:20:43.538+0000] {processor.py:830} INFO - Processing file /home/airflow/.local/lib/python3.8/site-packages/airflow/example_dags/example_setup_teardown.py for tasks to queue
[2026-03-28T22:20:43.541+0000] {logging_mixin.py:188} INFO - [2026-03-28T22:20:43.540+0000] {dagbag.py:538} INFO - Filling up the DagBag from /home/airflow/.local/lib/python3.8/site-packages/airflow/example_dags/example_setup_teardown.py
[2026-03-28T22:20:43.548+0000] {processor.py:840} INFO - DAG(s) 'example_setup_teardown' retrieved from /home/airflow/.local/lib/python3.8/site-packages/airflow/example_dags/example_setup_teardown.py
[2026-03-28T22:20:43.569+0000] {logging_mixin.py:188} INFO - [2026-03-28T22:20:43.569+0000] {dag.py:3036} INFO - Sync 1 DAGs
[2026-03-28T22:20:43.589+0000] {logging_mixin.py:188} INFO - [2026-03-28T22:20:43.589+0000] {dag.py:3823} INFO - Setting next_dagrun for example_setup_teardown to 2026-03-27 00:00:00+00:00, run_after=2026-03-28 00:00:00+00:00
[2026-03-28T22:20:43.613+0000] {processor.py:183} INFO - Processing /home/airflow/.local/lib/python3.8/site-packages/airflow/example_dags/example_setup_teardown.py took 0.080 seconds
[2026-03-28T22:21:14.232+0000] {processor.py:161} INFO - Started process (PID=874) to work on /home/airflow/.local/lib/python3.8/site-packages/airflow/example_dags/example_setup_teardown.py
[2026-03-28T22:21:14.234+0000] {processor.py:830} INFO - Processing file /home/airflow/.local/lib/python3.8/site-packages/airflow/example_dags/example_setup_teardown.py for tasks to queue
[2026-03-28T22:21:14.236+0000] {logging_mixin.py:188} INFO - [2026-03-28T22:21:14.236+0000] {dagbag.py:538} INFO - Filling up the DagBag from /home/airflow/.local/lib/python3.8/site-packages/airflow/example_dags/example_setup_teardown.py
[2026-03-28T22:21:14.245+0000] {processor.py:840} INFO - DAG(s) 'example_setup_teardown' retrieved from /home/airflow/.local/lib/python3.8/site-packages/airflow/example_dags/example_setup_teardown.py
[2026-03-28T22:21:14.268+0000] {logging_mixin.py:188} INFO - [2026-03-28T22:21:14.268+0000] {dag.py:3036} INFO - Sync 1 DAGs
[2026-03-28T22:21:14.291+0000] {logging_mixin.py:188} INFO - [2026-03-28T22:21:14.290+0000] {dag.py:3823} INFO - Setting next_dagrun for example_setup_teardown to 2026-03-27 00:00:00+00:00, run_after=2026-03-28 00:00:00+00:00
[2026-03-28T22:21:14.322+0000] {processor.py:183} INFO - Processing /home/airflow/.local/lib/python3.8/site-packages/airflow/example_dags/example_setup_teardown.py took 0.093 seconds
[2026-03-28T22:21:44.523+0000] {processor.py:161} INFO - Started process (PID=930) to work on /home/airflow/.local/lib/python3.8/site-packages/airflow/example_dags/example_setup_teardown.py
[2026-03-28T22:21:44.524+0000] {processor.py:830} INFO - Processing file /home/airflow/.local/lib/python3.8/site-packages/airflow/example_dags/example_setup_teardown.py for tasks to queue
[2026-03-28T22:21:44.527+0000] {logging_mixin.py:188} INFO - [2026-03-28T22:21:44.526+0000] {dagbag.py:538} INFO - Filling up the DagBag from /home/airflow/.local/lib/python3.8/site-packages/airflow/example_dags/example_setup_teardown.py
[2026-03-28T22:21:44.534+0000] {processor.py:840} INFO - DAG(s) 'example_setup_teardown' retrieved from /home/airflow/.local/lib/python3.8/site-packages/airflow/example_dags/example_setup_teardown.py
[2026-03-28T22:21:44.558+0000] {logging_mixin.py:188} INFO - [2026-03-28T22:21:44.558+0000] {dag.py:3036} INFO - Sync 1 DAGs
[2026-03-28T22:21:44.584+0000] {logging_mixin.py:188} INFO - [2026-03-28T22:21:44.584+0000] {dag.py:3823} INFO - Setting next_dagrun for example_setup_teardown to 2026-03-27 00:00:00+00:00, run_after=2026-03-28 00:00:00+00:00
[2026-03-28T22:21:44.607+0000] {processor.py:183} INFO - Processing /home/airflow/.local/lib/python3.8/site-packages/airflow/example_dags/example_setup_teardown.py took 0.088 seconds
[2026-03-28T22:22:14.792+0000] {processor.py:161} INFO - Started process (PID=986) to work on /home/airflow/.local/lib/python3.8/site-packages/airflow/example_dags/example_setup_teardown.py
[2026-03-28T22:22:14.794+0000] {processor.py:830} INFO - Processing file /home/airflow/.local/lib/python3.8/site-packages/airflow/example_dags/example_setup_teardown.py for tasks to queue
[2026-03-28T22:22:14.796+0000] {logging_mixin.py:188} INFO - [2026-03-28T22:22:14.796+0000] {dagbag.py:538} INFO - Filling up the DagBag from /home/airflow/.local/lib/python3.8/site-packages/airflow/example_dags/example_setup_teardown.py
[2026-03-28T22:22:14.803+0000] {processor.py:840} INFO - DAG(s) 'example_setup_teardown' retrieved from /home/airflow/.local/lib/python3.8/site-packages/airflow/example_dags/example_setup_teardown.py
[2026-03-28T22:22:14.829+0000] {logging_mixin.py:188} INFO - [2026-03-28T22:22:14.829+0000] {dag.py:3036} INFO - Sync 1 DAGs
[2026-03-28T22:22:14.851+0000] {logging_mixin.py:188} INFO - [2026-03-28T22:22:14.851+0000] {dag.py:3823} INFO - Setting next_dagrun for example_setup_teardown to 2026-03-27 00:00:00+00:00, run_after=2026-03-28 00:00:00+00:00
[2026-03-28T22:22:14.878+0000] {processor.py:183} INFO - Processing /home/airflow/.local/lib/python3.8/site-packages/airflow/example_dags/example_setup_teardown.py took 0.089 seconds
[2026-03-28T22:22:45.150+0000] {processor.py:161} INFO - Started process (PID=1042) to work on /home/airflow/.local/lib/python3.8/site-packages/airflow/example_dags/example_setup_teardown.py
[2026-03-28T22:22:45.151+0000] {processor.py:830} INFO - Processing file /home/airflow/.local/lib/python3.8/site-packages/airflow/example_dags/example_setup_teardown.py for tasks to queue
[2026-03-28T22:22:45.153+0000] {logging_mixin.py:188} INFO - [2026-03-28T22:22:45.153+0000] {dagbag.py:538} INFO - Filling up the DagBag from /home/airflow/.local/lib/python3.8/site-packages/airflow/example_dags/example_setup_teardown.py
[2026-03-28T22:22:45.162+0000] {processor.py:840} INFO - DAG(s) 'example_setup_teardown' retrieved from /home/airflow/.local/lib/python3.8/site-packages/airflow/example_dags/example_setup_teardown.py
[2026-03-28T22:22:45.187+0000] {logging_mixin.py:188} INFO - [2026-03-28T22:22:45.186+0000] {dag.py:3036} INFO - Sync 1 DAGs
[2026-03-28T22:22:45.207+0000] {logging_mixin.py:188} INFO - [2026-03-28T22:22:45.207+0000] {dag.py:3823} INFO - Setting next_dagrun for example_setup_teardown to 2026-03-27 00:00:00+00:00, run_after=2026-03-28 00:00:00+00:00
[2026-03-28T22:22:45.227+0000] {processor.py:183} INFO - Processing /home/airflow/.local/lib/python3.8/site-packages/airflow/example_dags/example_setup_teardown.py took 0.081 seconds
[2026-03-28T22:23:15.382+0000] {processor.py:161} INFO - Started process (PID=1098) to work on /home/airflow/.local/lib/python3.8/site-packages/airflow/example_dags/example_setup_teardown.py
[2026-03-28T22:23:15.383+0000] {processor.py:830} INFO - Processing file /home/airflow/.local/lib/python3.8/site-packages/airflow/example_dags/example_setup_teardown.py for tasks to queue
[2026-03-28T22:23:15.386+0000] {logging_mixin.py:188} INFO - [2026-03-28T22:23:15.385+0000] {dagbag.py:538} INFO - Filling up the DagBag from /home/airflow/.local/lib/python3.8/site-packages/airflow/example_dags/example_setup_teardown.py
[2026-03-28T22:23:15.396+0000] {processor.py:840} INFO - DAG(s) 'example_setup_teardown' retrieved from /home/airflow/.local/lib/python3.8/site-packages/airflow/example_dags/example_setup_teardown.py
[2026-03-28T22:23:15.426+0000] {logging_mixin.py:188} INFO - [2026-03-28T22:23:15.426+0000] {dag.py:3036} INFO - Sync 1 DAGs
[2026-03-28T22:23:15.453+0000] {logging_mixin.py:188} INFO - [2026-03-28T22:23:15.453+0000] {dag.py:3823} INFO - Setting next_dagrun for example_setup_teardown to 2026-03-27 00:00:00+00:00, run_after=2026-03-28 00:00:00+00:00
[2026-03-28T22:23:15.473+0000] {processor.py:183} INFO - Processing /home/airflow/.local/lib/python3.8/site-packages/airflow/example_dags/example_setup_teardown.py took 0.096 seconds
[2026-03-28T22:23:45.720+0000] {processor.py:161} INFO - Started process (PID=1154) to work on /home/airflow/.local/lib/python3.8/site-packages/airflow/example_dags/example_setup_teardown.py
[2026-03-28T22:23:45.722+0000] {processor.py:830} INFO - Processing file /home/airflow/.local/lib/python3.8/site-packages/airflow/example_dags/example_setup_teardown.py for tasks to queue
[2026-03-28T22:23:45.724+0000] {logging_mixin.py:188} INFO - [2026-03-28T22:23:45.724+0000] {dagbag.py:538} INFO - Filling up the DagBag from /home/airflow/.local/lib/python3.8/site-packages/airflow/example_dags/example_setup_teardown.py
[2026-03-28T22:23:45.733+0000] {processor.py:840} INFO - DAG(s) 'example_setup_teardown' retrieved from /home/airflow/.local/lib/python3.8/site-packages/airflow/example_dags/example_setup_teardown.py
[2026-03-28T22:23:45.758+0000] {logging_mixin.py:188} INFO - [2026-03-28T22:23:45.757+0000] {dag.py:3036} INFO - Sync 1 DAGs
[2026-03-28T22:23:45.778+0000] {logging_mixin.py:188} INFO - [2026-03-28T22:23:45.778+0000] {dag.py:3823} INFO - Setting next_dagrun for example_setup_teardown to 2026-03-27 00:00:00+00:00, run_after=2026-03-28 00:00:00+00:00
[2026-03-28T22:23:45.799+0000] {processor.py:183} INFO - Processing /home/airflow/.local/lib/python3.8/site-packages/airflow/example_dags/example_setup_teardown.py took 0.082 seconds
[2026-03-28T22:24:16.061+0000] {processor.py:161} INFO - Started process (PID=1210) to work on /home/airflow/.local/lib/python3.8/site-packages/airflow/example_dags/example_setup_teardown.py
[2026-03-28T22:24:16.062+0000] {processor.py:830} INFO - Processing file /home/airflow/.local/lib/python3.8/site-packages/airflow/example_dags/example_setup_teardown.py for tasks to queue
[2026-03-28T22:24:16.065+0000] {logging_mixin.py:188} INFO - [2026-03-28T22:24:16.064+0000] {dagbag.py:538} INFO - Filling up the DagBag from /home/airflow/.local/lib/python3.8/site-packages/airflow/example_dags/example_setup_teardown.py
[2026-03-28T22:24:16.071+0000] {processor.py:840} INFO - DAG(s) 'example_setup_teardown' retrieved from /home/airflow/.local/lib/python3.8/site-packages/airflow/example_dags/example_setup_teardown.py
[2026-03-28T22:24:16.094+0000] {logging_mixin.py:188} INFO - [2026-03-28T22:24:16.094+0000] {dag.py:3036} INFO - Sync 1 DAGs
[2026-03-28T22:24:16.116+0000] {logging_mixin.py:188} INFO - [2026-03-28T22:24:16.116+0000] {dag.py:3823} INFO - Setting next_dagrun for example_setup_teardown to 2026-03-27 00:00:00+00:00, run_after=2026-03-28 00:00:00+00:00
[2026-03-28T22:24:16.140+0000] {processor.py:183} INFO - Processing /home/airflow/.local/lib/python3.8/site-packages/airflow/example_dags/example_setup_teardown.py took 0.083 seconds
[2026-03-28T22:24:47.211+0000] {processor.py:161} INFO - Started process (PID=1266) to work on /home/airflow/.local/lib/python3.8/site-packages/airflow/example_dags/example_setup_teardown.py
[2026-03-28T22:24:47.213+0000] {processor.py:830} INFO - Processing file /home/airflow/.local/lib/python3.8/site-packages/airflow/example_dags/example_setup_teardown.py for tasks to queue
[2026-03-28T22:24:47.215+0000] {logging_mixin.py:188} INFO - [2026-03-28T22:24:47.215+0000] {dagbag.py:538} INFO - Filling up the DagBag from /home/airflow/.local/lib/python3.8/site-packages/airflow/example_dags/example_setup_teardown.py
[2026-03-28T22:24:47.223+0000] {processor.py:840} INFO - DAG(s) 'example_setup_teardown' retrieved from /home/airflow/.local/lib/python3.8/site-packages/airflow/example_dags/example_setup_teardown.py
[2026-03-28T22:24:47.251+0000] {logging_mixin.py:188} INFO - [2026-03-28T22:24:47.250+0000] {dag.py:3036} INFO - Sync 1 DAGs
[2026-03-28T22:24:47.279+0000] {logging_mixin.py:188} INFO - [2026-03-28T22:24:47.279+0000] {dag.py:3823} INFO - Setting next_dagrun for example_setup_teardown to 2026-03-27 00:00:00+00:00, run_after=2026-03-28 00:00:00+00:00
[2026-03-28T22:24:47.308+0000] {processor.py:183} INFO - Processing /home/airflow/.local/lib/python3.8/site-packages/airflow/example_dags/example_setup_teardown.py took 0.101 seconds
[2026-03-28T22:25:17.566+0000] {processor.py:161} INFO - Started process (PID=1322) to work on /home/airflow/.local/lib/python3.8/site-packages/airflow/example_dags/example_setup_teardown.py
[2026-03-28T22:25:17.567+0000] {processor.py:830} INFO - Processing file /home/airflow/.local/lib/python3.8/site-packages/airflow/example_dags/example_setup_teardown.py for tasks to queue
[2026-03-28T22:25:17.570+0000] {logging_mixin.py:188} INFO - [2026-03-28T22:25:17.570+0000] {dagbag.py:538} INFO - Filling up the DagBag from /home/airflow/.local/lib/python3.8/site-packages/airflow/example_dags/example_setup_teardown.py
[2026-03-28T22:25:17.583+0000] {processor.py:840} INFO - DAG(s) 'example_setup_teardown' retrieved from /home/airflow/.local/lib/python3.8/site-packages/airflow/example_dags/example_setup_teardown.py
[2026-03-28T22:25:17.609+0000] {logging_mixin.py:188} INFO - [2026-03-28T22:25:17.608+0000] {dag.py:3036} INFO - Sync 1 DAGs
[2026-03-28T22:25:17.629+0000] {logging_mixin.py:188} INFO - [2026-03-28T22:25:17.629+0000] {dag.py:3823} INFO - Setting next_dagrun for example_setup_teardown to 2026-03-27 00:00:00+00:00, run_after=2026-03-28 00:00:00+00:00
[2026-03-28T22:25:17.652+0000] {processor.py:183} INFO - Processing /home/airflow/.local/lib/python3.8/site-packages/airflow/example_dags/example_setup_teardown.py took 0.090 seconds
[2026-03-28T22:25:47.934+0000] {processor.py:161} INFO - Started process (PID=1378) to work on /home/airflow/.local/lib/python3.8/site-packages/airflow/example_dags/example_setup_teardown.py
[2026-03-28T22:25:47.936+0000] {processor.py:830} INFO - Processing file /home/airflow/.local/lib/python3.8/site-packages/airflow/example_dags/example_setup_teardown.py for tasks to queue
[2026-03-28T22:25:47.940+0000] {logging_mixin.py:188} INFO - [2026-03-28T22:25:47.940+0000] {dagbag.py:538} INFO - Filling up the DagBag from /home/airflow/.local/lib/python3.8/site-packages/airflow/example_dags/example_setup_teardown.py
[2026-03-28T22:25:47.948+0000] {processor.py:840} INFO - DAG(s) 'example_setup_teardown' retrieved from /home/airflow/.local/lib/python3.8/site-packages/airflow/example_dags/example_setup_teardown.py
[2026-03-28T22:25:47.977+0000] {logging_mixin.py:188} INFO - [2026-03-28T22:25:47.977+0000] {dag.py:3036} INFO - Sync 1 DAGs
[2026-03-28T22:25:48.002+0000] {logging_mixin.py:188} INFO - [2026-03-28T22:25:48.002+0000] {dag.py:3823} INFO - Setting next_dagrun for example_setup_teardown to 2026-03-27 00:00:00+00:00, run_after=2026-03-28 00:00:00+00:00
[2026-03-28T22:25:48.030+0000] {processor.py:183} INFO - Processing /home/airflow/.local/lib/python3.8/site-packages/airflow/example_dags/example_setup_teardown.py took 0.100 seconds
[2026-03-28T22:26:18.174+0000] {processor.py:161} INFO - Started process (PID=1435) to work on /home/airflow/.local/lib/python3.8/site-packages/airflow/example_dags/example_setup_teardown.py
[2026-03-28T22:26:18.175+0000] {processor.py:830} INFO - Processing file /home/airflow/.local/lib/python3.8/site-packages/airflow/example_dags/example_setup_teardown.py for tasks to queue
[2026-03-28T22:26:18.177+0000] {logging_mixin.py:188} INFO - [2026-03-28T22:26:18.177+0000] {dagbag.py:538} INFO - Filling up the DagBag from /home/airflow/.local/lib/python3.8/site-packages/airflow/example_dags/example_setup_teardown.py
[2026-03-28T22:26:18.184+0000] {processor.py:840} INFO - DAG(s) 'example_setup_teardown' retrieved from /home/airflow/.local/lib/python3.8/site-packages/airflow/example_dags/example_setup_teardown.py
[2026-03-28T22:26:18.206+0000] {logging_mixin.py:188} INFO - [2026-03-28T22:26:18.206+0000] {dag.py:3036} INFO - Sync 1 DAGs
[2026-03-28T22:26:18.230+0000] {logging_mixin.py:188} INFO - [2026-03-28T22:26:18.230+0000] {dag.py:3823} INFO - Setting next_dagrun for example_setup_teardown to 2026-03-27 00:00:00+00:00, run_after=2026-03-28 00:00:00+00:00
[2026-03-28T22:26:18.254+0000] {processor.py:183} INFO - Processing /home/airflow/.local/lib/python3.8/site-packages/airflow/example_dags/example_setup_teardown.py took 0.083 seconds
[2026-03-28T22:26:49.418+0000] {processor.py:161} INFO - Started process (PID=1491) to work on /home/airflow/.local/lib/python3.8/site-packages/airflow/example_dags/example_setup_teardown.py
[2026-03-28T22:26:49.419+0000] {processor.py:830} INFO - Processing file /home/airflow/.local/lib/python3.8/site-packages/airflow/example_dags/example_setup_teardown.py for tasks to queue
[2026-03-28T22:26:49.421+0000] {logging_mixin.py:188} INFO - [2026-03-28T22:26:49.421+0000] {dagbag.py:538} INFO - Filling up the DagBag from /home/airflow/.local/lib/python3.8/site-packages/airflow/example_dags/example_setup_teardown.py
[2026-03-28T22:26:49.428+0000] {processor.py:840} INFO - DAG(s) 'example_setup_teardown' retrieved from /home/airflow/.local/lib/python3.8/site-packages/airflow/example_dags/example_setup_teardown.py
[2026-03-28T22:26:49.450+0000] {logging_mixin.py:188} INFO - [2026-03-28T22:26:49.450+0000] {dag.py:3036} INFO - Sync 1 DAGs
[2026-03-28T22:26:49.470+0000] {logging_mixin.py:188} INFO - [2026-03-28T22:26:49.470+0000] {dag.py:3823} INFO - Setting next_dagrun for example_setup_teardown to 2026-03-27 00:00:00+00:00, run_after=2026-03-28 00:00:00+00:00
[2026-03-28T22:26:49.531+0000] {processor.py:183} INFO - Processing /home/airflow/.local/lib/python3.8/site-packages/airflow/example_dags/example_setup_teardown.py took 0.116 seconds
[2026-03-28T22:27:20.217+0000] {processor.py:161} INFO - Started process (PID=1547) to work on /home/airflow/.local/lib/python3.8/site-packages/airflow/example_dags/example_setup_teardown.py
[2026-03-28T22:27:20.219+0000] {processor.py:830} INFO - Processing file /home/airflow/.local/lib/python3.8/site-packages/airflow/example_dags/example_setup_teardown.py for tasks to queue
[2026-03-28T22:27:20.222+0000] {logging_mixin.py:188} INFO - [2026-03-28T22:27:20.221+0000] {dagbag.py:538} INFO - Filling up the DagBag from /home/airflow/.local/lib/python3.8/site-packages/airflow/example_dags/example_setup_teardown.py
[2026-03-28T22:27:20.229+0000] {processor.py:840} INFO - DAG(s) 'example_setup_teardown' retrieved from /home/airflow/.local/lib/python3.8/site-packages/airflow/example_dags/example_setup_teardown.py
[2026-03-28T22:27:20.263+0000] {logging_mixin.py:188} INFO - [2026-03-28T22:27:20.262+0000] {dag.py:3036} INFO - Sync 1 DAGs
[2026-03-28T22:27:20.307+0000] {logging_mixin.py:188} INFO - [2026-03-28T22:27:20.306+0000] {dag.py:3823} INFO - Setting next_dagrun for example_setup_teardown to 2026-03-27 00:00:00+00:00, run_after=2026-03-28 00:00:00+00:00
[2026-03-28T22:27:20.333+0000] {processor.py:183} INFO - Processing /home/airflow/.local/lib/python3.8/site-packages/airflow/example_dags/example_setup_teardown.py took 0.121 seconds
[2026-03-28T22:27:50.711+0000] {processor.py:161} INFO - Started process (PID=1603) to work on /home/airflow/.local/lib/python3.8/site-packages/airflow/example_dags/example_setup_teardown.py
[2026-03-28T22:27:50.718+0000] {processor.py:830} INFO - Processing file /home/airflow/.local/lib/python3.8/site-packages/airflow/example_dags/example_setup_teardown.py for tasks to queue
[2026-03-28T22:27:50.722+0000] {logging_mixin.py:188} INFO - [2026-03-28T22:27:50.721+0000] {dagbag.py:538} INFO - Filling up the DagBag from /home/airflow/.local/lib/python3.8/site-packages/airflow/example_dags/example_setup_teardown.py
[2026-03-28T22:27:50.731+0000] {processor.py:840} INFO - DAG(s) 'example_setup_teardown' retrieved from /home/airflow/.local/lib/python3.8/site-packages/airflow/example_dags/example_setup_teardown.py
[2026-03-28T22:27:50.762+0000] {logging_mixin.py:188} INFO - [2026-03-28T22:27:50.762+0000] {dag.py:3036} INFO - Sync 1 DAGs
[2026-03-28T22:27:50.791+0000] {logging_mixin.py:188} INFO - [2026-03-28T22:27:50.791+0000] {dag.py:3823} INFO - Setting next_dagrun for example_setup_teardown to 2026-03-27 00:00:00+00:00, run_after=2026-03-28 00:00:00+00:00
[2026-03-28T22:27:50.821+0000] {processor.py:183} INFO - Processing /home/airflow/.local/lib/python3.8/site-packages/airflow/example_dags/example_setup_teardown.py took 0.124 seconds
[2026-03-28T22:28:21.009+0000] {processor.py:161} INFO - Started process (PID=1659) to work on /home/airflow/.local/lib/python3.8/site-packages/airflow/example_dags/example_setup_teardown.py
[2026-03-28T22:28:21.011+0000] {processor.py:830} INFO - Processing file /home/airflow/.local/lib/python3.8/site-packages/airflow/example_dags/example_setup_teardown.py for tasks to queue
[2026-03-28T22:28:21.014+0000] {logging_mixin.py:188} INFO - [2026-03-28T22:28:21.013+0000] {dagbag.py:538} INFO - Filling up the DagBag from /home/airflow/.local/lib/python3.8/site-packages/airflow/example_dags/example_setup_teardown.py
[2026-03-28T22:28:21.022+0000] {processor.py:840} INFO - DAG(s) 'example_setup_teardown' retrieved from /home/airflow/.local/lib/python3.8/site-packages/airflow/example_dags/example_setup_teardown.py
[2026-03-28T22:28:21.045+0000] {logging_mixin.py:188} INFO - [2026-03-28T22:28:21.045+0000] {dag.py:3036} INFO - Sync 1 DAGs
[2026-03-28T22:28:21.066+0000] {logging_mixin.py:188} INFO - [2026-03-28T22:28:21.065+0000] {dag.py:3823} INFO - Setting next_dagrun for example_setup_teardown to 2026-03-27 00:00:00+00:00, run_after=2026-03-28 00:00:00+00:00
[2026-03-28T22:28:21.086+0000] {processor.py:183} INFO - Processing /home/airflow/.local/lib/python3.8/site-packages/airflow/example_dags/example_setup_teardown.py took 0.081 seconds
[2026-03-28T22:28:52.088+0000] {processor.py:161} INFO - Started process (PID=1715) to work on /home/airflow/.local/lib/python3.8/site-packages/airflow/example_dags/example_setup_teardown.py
[2026-03-28T22:28:52.090+0000] {processor.py:830} INFO - Processing file /home/airflow/.local/lib/python3.8/site-packages/airflow/example_dags/example_setup_teardown.py for tasks to queue
[2026-03-28T22:28:52.096+0000] {logging_mixin.py:188} INFO - [2026-03-28T22:28:52.096+0000] {dagbag.py:538} INFO - Filling up the DagBag from /home/airflow/.local/lib/python3.8/site-packages/airflow/example_dags/example_setup_teardown.py
[2026-03-28T22:28:52.107+0000] {processor.py:840} INFO - DAG(s) 'example_setup_teardown' retrieved from /home/airflow/.local/lib/python3.8/site-packages/airflow/example_dags/example_setup_teardown.py
[2026-03-28T22:28:52.139+0000] {logging_mixin.py:188} INFO - [2026-03-28T22:28:52.138+0000] {dag.py:3036} INFO - Sync 1 DAGs
[2026-03-28T22:28:52.170+0000] {logging_mixin.py:188} INFO - [2026-03-28T22:28:52.170+0000] {dag.py:3823} INFO - Setting next_dagrun for example_setup_teardown to 2026-03-27 00:00:00+00:00, run_after=2026-03-28 00:00:00+00:00
[2026-03-28T22:28:52.239+0000] {processor.py:183} INFO - Processing /home/airflow/.local/lib/python3.8/site-packages/airflow/example_dags/example_setup_teardown.py took 0.156 seconds
[2026-03-28T22:29:22.802+0000] {processor.py:161} INFO - Started process (PID=1771) to work on /home/airflow/.local/lib/python3.8/site-packages/airflow/example_dags/example_setup_teardown.py
[2026-03-28T22:29:22.804+0000] {processor.py:830} INFO - Processing file /home/airflow/.local/lib/python3.8/site-packages/airflow/example_dags/example_setup_teardown.py for tasks to queue
[2026-03-28T22:29:22.807+0000] {logging_mixin.py:188} INFO - [2026-03-28T22:29:22.806+0000] {dagbag.py:538} INFO - Filling up the DagBag from /home/airflow/.local/lib/python3.8/site-packages/airflow/example_dags/example_setup_teardown.py
[2026-03-28T22:29:22.815+0000] {processor.py:840} INFO - DAG(s) 'example_setup_teardown' retrieved from /home/airflow/.local/lib/python3.8/site-packages/airflow/example_dags/example_setup_teardown.py
[2026-03-28T22:29:22.846+0000] {logging_mixin.py:188} INFO - [2026-03-28T22:29:22.846+0000] {dag.py:3036} INFO - Sync 1 DAGs
[2026-03-28T22:29:22.875+0000] {logging_mixin.py:188} INFO - [2026-03-28T22:29:22.875+0000] {dag.py:3823} INFO - Setting next_dagrun for example_setup_teardown to 2026-03-27 00:00:00+00:00, run_after=2026-03-28 00:00:00+00:00
[2026-03-28T22:29:22.903+0000] {processor.py:183} INFO - Processing /home/airflow/.local/lib/python3.8/site-packages/airflow/example_dags/example_setup_teardown.py took 0.106 seconds
[2026-03-28T22:29:52.959+0000] {processor.py:161} INFO - Started process (PID=1827) to work on /home/airflow/.local/lib/python3.8/site-packages/airflow/example_dags/example_setup_teardown.py
[2026-03-28T22:29:52.960+0000] {processor.py:830} INFO - Processing file /home/airflow/.local/lib/python3.8/site-packages/airflow/example_dags/example_setup_teardown.py for tasks to queue
[2026-03-28T22:29:52.963+0000] {logging_mixin.py:188} INFO - [2026-03-28T22:29:52.962+0000] {dagbag.py:538} INFO - Filling up the DagBag from /home/airflow/.local/lib/python3.8/site-packages/airflow/example_dags/example_setup_teardown.py
[2026-03-28T22:29:52.970+0000] {processor.py:840} INFO - DAG(s) 'example_setup_teardown' retrieved from /home/airflow/.local/lib/python3.8/site-packages/airflow/example_dags/example_setup_teardown.py
[2026-03-28T22:29:52.993+0000] {logging_mixin.py:188} INFO - [2026-03-28T22:29:52.992+0000] {dag.py:3036} INFO - Sync 1 DAGs
[2026-03-28T22:29:53.013+0000] {logging_mixin.py:188} INFO - [2026-03-28T22:29:53.013+0000] {dag.py:3823} INFO - Setting next_dagrun for example_setup_teardown to 2026-03-27 00:00:00+00:00, run_after=2026-03-28 00:00:00+00:00
[2026-03-28T22:29:53.037+0000] {processor.py:183} INFO - Processing /home/airflow/.local/lib/python3.8/site-packages/airflow/example_dags/example_setup_teardown.py took 0.082 seconds
[2026-03-28T22:30:23.400+0000] {processor.py:161} INFO - Started process (PID=1883) to work on /home/airflow/.local/lib/python3.8/site-packages/airflow/example_dags/example_setup_teardown.py
[2026-03-28T22:30:23.402+0000] {processor.py:830} INFO - Processing file /home/airflow/.local/lib/python3.8/site-packages/airflow/example_dags/example_setup_teardown.py for tasks to queue
[2026-03-28T22:30:23.405+0000] {logging_mixin.py:188} INFO - [2026-03-28T22:30:23.404+0000] {dagbag.py:538} INFO - Filling up the DagBag from /home/airflow/.local/lib/python3.8/site-packages/airflow/example_dags/example_setup_teardown.py
[2026-03-28T22:30:23.415+0000] {processor.py:840} INFO - DAG(s) 'example_setup_teardown' retrieved from /home/airflow/.local/lib/python3.8/site-packages/airflow/example_dags/example_setup_teardown.py
[2026-03-28T22:30:23.446+0000] {logging_mixin.py:188} INFO - [2026-03-28T22:30:23.445+0000] {dag.py:3036} INFO - Sync 1 DAGs
[2026-03-28T22:30:23.479+0000] {logging_mixin.py:188} INFO - [2026-03-28T22:30:23.478+0000] {dag.py:3823} INFO - Setting next_dagrun for example_setup_teardown to 2026-03-27 00:00:00+00:00, run_after=2026-03-28 00:00:00+00:00
[2026-03-28T22:30:23.505+0000] {processor.py:183} INFO - Processing /home/airflow/.local/lib/python3.8/site-packages/airflow/example_dags/example_setup_teardown.py took 0.110 seconds
[2026-03-28T22:30:54.294+0000] {processor.py:161} INFO - Started process (PID=1940) to work on /home/airflow/.local/lib/python3.8/site-packages/airflow/example_dags/example_setup_teardown.py
[2026-03-28T22:30:54.301+0000] {processor.py:830} INFO - Processing file /home/airflow/.local/lib/python3.8/site-packages/airflow/example_dags/example_setup_teardown.py for tasks to queue
[2026-03-28T22:30:54.303+0000] {logging_mixin.py:188} INFO - [2026-03-28T22:30:54.303+0000] {dagbag.py:538} INFO - Filling up the DagBag from /home/airflow/.local/lib/python3.8/site-packages/airflow/example_dags/example_setup_teardown.py
[2026-03-28T22:30:54.309+0000] {processor.py:840} INFO - DAG(s) 'example_setup_teardown' retrieved from /home/airflow/.local/lib/python3.8/site-packages/airflow/example_dags/example_setup_teardown.py
[2026-03-28T22:30:54.333+0000] {logging_mixin.py:188} INFO - [2026-03-28T22:30:54.332+0000] {dag.py:3036} INFO - Sync 1 DAGs
[2026-03-28T22:30:54.352+0000] {logging_mixin.py:188} INFO - [2026-03-28T22:30:54.351+0000] {dag.py:3823} INFO - Setting next_dagrun for example_setup_teardown to 2026-03-27 00:00:00+00:00, run_after=2026-03-28 00:00:00+00:00
[2026-03-28T22:30:54.372+0000] {processor.py:183} INFO - Processing /home/airflow/.local/lib/python3.8/site-packages/airflow/example_dags/example_setup_teardown.py took 0.081 seconds
[2026-03-28T22:31:38.900+0000] {processor.py:161} INFO - Started process (PID=91) to work on /home/airflow/.local/lib/python3.8/site-packages/airflow/example_dags/example_setup_teardown.py
[2026-03-28T22:31:38.902+0000] {processor.py:830} INFO - Processing file /home/airflow/.local/lib/python3.8/site-packages/airflow/example_dags/example_setup_teardown.py for tasks to queue
[2026-03-28T22:31:38.905+0000] {logging_mixin.py:188} INFO - [2026-03-28T22:31:38.905+0000] {dagbag.py:538} INFO - Filling up the DagBag from /home/airflow/.local/lib/python3.8/site-packages/airflow/example_dags/example_setup_teardown.py
[2026-03-28T22:31:38.920+0000] {processor.py:840} INFO - DAG(s) 'example_setup_teardown' retrieved from /home/airflow/.local/lib/python3.8/site-packages/airflow/example_dags/example_setup_teardown.py
[2026-03-28T22:31:38.939+0000] {logging_mixin.py:188} INFO - [2026-03-28T22:31:38.939+0000] {dag.py:3036} INFO - Sync 1 DAGs
[2026-03-28T22:31:38.975+0000] {logging_mixin.py:188} INFO - [2026-03-28T22:31:38.975+0000] {dag.py:3823} INFO - Setting next_dagrun for example_setup_teardown to 2026-03-27 00:00:00+00:00, run_after=2026-03-28 00:00:00+00:00
[2026-03-28T22:31:39.001+0000] {processor.py:183} INFO - Processing /home/airflow/.local/lib/python3.8/site-packages/airflow/example_dags/example_setup_teardown.py took 0.106 seconds
[2026-03-28T22:32:14.230+0000] {processor.py:161} INFO - Started process (PID=92) to work on /home/airflow/.local/lib/python3.8/site-packages/airflow/example_dags/example_setup_teardown.py
[2026-03-28T22:32:14.231+0000] {processor.py:830} INFO - Processing file /home/airflow/.local/lib/python3.8/site-packages/airflow/example_dags/example_setup_teardown.py for tasks to queue
[2026-03-28T22:32:14.234+0000] {logging_mixin.py:188} INFO - [2026-03-28T22:32:14.233+0000] {dagbag.py:538} INFO - Filling up the DagBag from /home/airflow/.local/lib/python3.8/site-packages/airflow/example_dags/example_setup_teardown.py
[2026-03-28T22:32:14.248+0000] {processor.py:840} INFO - DAG(s) 'example_setup_teardown' retrieved from /home/airflow/.local/lib/python3.8/site-packages/airflow/example_dags/example_setup_teardown.py
[2026-03-28T22:32:14.263+0000] {logging_mixin.py:188} INFO - [2026-03-28T22:32:14.263+0000] {dag.py:3036} INFO - Sync 1 DAGs
[2026-03-28T22:32:14.292+0000] {logging_mixin.py:188} INFO - [2026-03-28T22:32:14.292+0000] {dag.py:3823} INFO - Setting next_dagrun for example_setup_teardown to 2026-03-27 00:00:00+00:00, run_after=2026-03-28 00:00:00+00:00
[2026-03-28T22:32:14.320+0000] {processor.py:183} INFO - Processing /home/airflow/.local/lib/python3.8/site-packages/airflow/example_dags/example_setup_teardown.py took 0.094 seconds
[2026-03-28T22:32:46.288+0000] {processor.py:161} INFO - Started process (PID=148) to work on /home/airflow/.local/lib/python3.8/site-packages/airflow/example_dags/example_setup_teardown.py
[2026-03-28T22:32:46.289+0000] {processor.py:830} INFO - Processing file /home/airflow/.local/lib/python3.8/site-packages/airflow/example_dags/example_setup_teardown.py for tasks to queue
[2026-03-28T22:32:46.292+0000] {logging_mixin.py:188} INFO - [2026-03-28T22:32:46.292+0000] {dagbag.py:538} INFO - Filling up the DagBag from /home/airflow/.local/lib/python3.8/site-packages/airflow/example_dags/example_setup_teardown.py
[2026-03-28T22:32:46.300+0000] {processor.py:840} INFO - DAG(s) 'example_setup_teardown' retrieved from /home/airflow/.local/lib/python3.8/site-packages/airflow/example_dags/example_setup_teardown.py
[2026-03-28T22:32:46.406+0000] {logging_mixin.py:188} INFO - [2026-03-28T22:32:46.406+0000] {dag.py:3036} INFO - Sync 1 DAGs
[2026-03-28T22:32:46.427+0000] {logging_mixin.py:188} INFO - [2026-03-28T22:32:46.427+0000] {dag.py:3823} INFO - Setting next_dagrun for example_setup_teardown to 2026-03-27 00:00:00+00:00, run_after=2026-03-28 00:00:00+00:00
[2026-03-28T22:32:46.453+0000] {processor.py:183} INFO - Processing /home/airflow/.local/lib/python3.8/site-packages/airflow/example_dags/example_setup_teardown.py took 0.169 seconds
[2026-03-28T22:34:05.021+0000] {processor.py:161} INFO - Started process (PID=103) to work on /home/airflow/.local/lib/python3.8/site-packages/airflow/example_dags/example_setup_teardown.py
[2026-03-28T22:34:05.023+0000] {processor.py:830} INFO - Processing file /home/airflow/.local/lib/python3.8/site-packages/airflow/example_dags/example_setup_teardown.py for tasks to queue
[2026-03-28T22:34:05.027+0000] {logging_mixin.py:188} INFO - [2026-03-28T22:34:05.027+0000] {dagbag.py:538} INFO - Filling up the DagBag from /home/airflow/.local/lib/python3.8/site-packages/airflow/example_dags/example_setup_teardown.py
[2026-03-28T22:34:05.044+0000] {processor.py:840} INFO - DAG(s) 'example_setup_teardown' retrieved from /home/airflow/.local/lib/python3.8/site-packages/airflow/example_dags/example_setup_teardown.py
[2026-03-28T22:34:05.203+0000] {logging_mixin.py:188} INFO - [2026-03-28T22:34:05.202+0000] {dag.py:3036} INFO - Sync 1 DAGs
[2026-03-28T22:34:05.237+0000] {logging_mixin.py:188} INFO - [2026-03-28T22:34:05.237+0000] {dag.py:3823} INFO - Setting next_dagrun for example_setup_teardown to 2026-03-27 00:00:00+00:00, run_after=2026-03-28 00:00:00+00:00
[2026-03-28T22:34:05.271+0000] {processor.py:183} INFO - Processing /home/airflow/.local/lib/python3.8/site-packages/airflow/example_dags/example_setup_teardown.py took 0.255 seconds
[2026-03-28T22:34:35.427+0000] {processor.py:161} INFO - Started process (PID=159) to work on /home/airflow/.local/lib/python3.8/site-packages/airflow/example_dags/example_setup_teardown.py
[2026-03-28T22:34:35.429+0000] {processor.py:830} INFO - Processing file /home/airflow/.local/lib/python3.8/site-packages/airflow/example_dags/example_setup_teardown.py for tasks to queue
[2026-03-28T22:34:35.431+0000] {logging_mixin.py:188} INFO - [2026-03-28T22:34:35.431+0000] {dagbag.py:538} INFO - Filling up the DagBag from /home/airflow/.local/lib/python3.8/site-packages/airflow/example_dags/example_setup_teardown.py
[2026-03-28T22:34:35.440+0000] {processor.py:840} INFO - DAG(s) 'example_setup_teardown' retrieved from /home/airflow/.local/lib/python3.8/site-packages/airflow/example_dags/example_setup_teardown.py
[2026-03-28T22:34:35.466+0000] {logging_mixin.py:188} INFO - [2026-03-28T22:34:35.466+0000] {dag.py:3036} INFO - Sync 1 DAGs
[2026-03-28T22:34:35.490+0000] {logging_mixin.py:188} INFO - [2026-03-28T22:34:35.489+0000] {dag.py:3823} INFO - Setting next_dagrun for example_setup_teardown to 2026-03-27 00:00:00+00:00, run_after=2026-03-28 00:00:00+00:00
[2026-03-28T22:34:35.512+0000] {processor.py:183} INFO - Processing /home/airflow/.local/lib/python3.8/site-packages/airflow/example_dags/example_setup_teardown.py took 0.089 seconds
[2026-03-28T22:35:06.064+0000] {processor.py:161} INFO - Started process (PID=215) to work on /home/airflow/.local/lib/python3.8/site-packages/airflow/example_dags/example_setup_teardown.py
[2026-03-28T22:35:06.066+0000] {processor.py:830} INFO - Processing file /home/airflow/.local/lib/python3.8/site-packages/airflow/example_dags/example_setup_teardown.py for tasks to queue
[2026-03-28T22:35:06.068+0000] {logging_mixin.py:188} INFO - [2026-03-28T22:35:06.068+0000] {dagbag.py:538} INFO - Filling up the DagBag from /home/airflow/.local/lib/python3.8/site-packages/airflow/example_dags/example_setup_teardown.py
[2026-03-28T22:35:06.080+0000] {processor.py:840} INFO - DAG(s) 'example_setup_teardown' retrieved from /home/airflow/.local/lib/python3.8/site-packages/airflow/example_dags/example_setup_teardown.py
[2026-03-28T22:35:06.106+0000] {logging_mixin.py:188} INFO - [2026-03-28T22:35:06.105+0000] {dag.py:3036} INFO - Sync 1 DAGs
[2026-03-28T22:35:06.135+0000] {logging_mixin.py:188} INFO - [2026-03-28T22:35:06.135+0000] {dag.py:3823} INFO - Setting next_dagrun for example_setup_teardown to 2026-03-27 00:00:00+00:00, run_after=2026-03-28 00:00:00+00:00
[2026-03-28T22:35:06.166+0000] {processor.py:183} INFO - Processing /home/airflow/.local/lib/python3.8/site-packages/airflow/example_dags/example_setup_teardown.py took 0.105 seconds
[2026-03-28T22:35:36.300+0000] {processor.py:161} INFO - Started process (PID=271) to work on /home/airflow/.local/lib/python3.8/site-packages/airflow/example_dags/example_setup_teardown.py
[2026-03-28T22:35:36.302+0000] {processor.py:830} INFO - Processing file /home/airflow/.local/lib/python3.8/site-packages/airflow/example_dags/example_setup_teardown.py for tasks to queue
[2026-03-28T22:35:36.304+0000] {logging_mixin.py:188} INFO - [2026-03-28T22:35:36.304+0000] {dagbag.py:538} INFO - Filling up the DagBag from /home/airflow/.local/lib/python3.8/site-packages/airflow/example_dags/example_setup_teardown.py
[2026-03-28T22:35:36.315+0000] {processor.py:840} INFO - DAG(s) 'example_setup_teardown' retrieved from /home/airflow/.local/lib/python3.8/site-packages/airflow/example_dags/example_setup_teardown.py
[2026-03-28T22:35:36.340+0000] {logging_mixin.py:188} INFO - [2026-03-28T22:35:36.340+0000] {dag.py:3036} INFO - Sync 1 DAGs
[2026-03-28T22:35:36.364+0000] {logging_mixin.py:188} INFO - [2026-03-28T22:35:36.364+0000] {dag.py:3823} INFO - Setting next_dagrun for example_setup_teardown to 2026-03-27 00:00:00+00:00, run_after=2026-03-28 00:00:00+00:00
[2026-03-28T22:35:36.382+0000] {processor.py:183} INFO - Processing /home/airflow/.local/lib/python3.8/site-packages/airflow/example_dags/example_setup_teardown.py took 0.086 seconds
[2026-03-28T22:36:06.509+0000] {processor.py:161} INFO - Started process (PID=327) to work on /home/airflow/.local/lib/python3.8/site-packages/airflow/example_dags/example_setup_teardown.py
[2026-03-28T22:36:06.510+0000] {processor.py:830} INFO - Processing file /home/airflow/.local/lib/python3.8/site-packages/airflow/example_dags/example_setup_teardown.py for tasks to queue
[2026-03-28T22:36:06.512+0000] {logging_mixin.py:188} INFO - [2026-03-28T22:36:06.512+0000] {dagbag.py:538} INFO - Filling up the DagBag from /home/airflow/.local/lib/python3.8/site-packages/airflow/example_dags/example_setup_teardown.py
[2026-03-28T22:36:06.519+0000] {processor.py:840} INFO - DAG(s) 'example_setup_teardown' retrieved from /home/airflow/.local/lib/python3.8/site-packages/airflow/example_dags/example_setup_teardown.py
[2026-03-28T22:36:06.540+0000] {logging_mixin.py:188} INFO - [2026-03-28T22:36:06.540+0000] {dag.py:3036} INFO - Sync 1 DAGs
[2026-03-28T22:36:06.565+0000] {logging_mixin.py:188} INFO - [2026-03-28T22:36:06.565+0000] {dag.py:3823} INFO - Setting next_dagrun for example_setup_teardown to 2026-03-27 00:00:00+00:00, run_after=2026-03-28 00:00:00+00:00
[2026-03-28T22:36:06.591+0000] {processor.py:183} INFO - Processing /home/airflow/.local/lib/python3.8/site-packages/airflow/example_dags/example_setup_teardown.py took 0.086 seconds
[2026-03-28T22:36:37.172+0000] {processor.py:161} INFO - Started process (PID=383) to work on /home/airflow/.local/lib/python3.8/site-packages/airflow/example_dags/example_setup_teardown.py
[2026-03-28T22:36:37.174+0000] {processor.py:830} INFO - Processing file /home/airflow/.local/lib/python3.8/site-packages/airflow/example_dags/example_setup_teardown.py for tasks to queue
[2026-03-28T22:36:37.177+0000] {logging_mixin.py:188} INFO - [2026-03-28T22:36:37.176+0000] {dagbag.py:538} INFO - Filling up the DagBag from /home/airflow/.local/lib/python3.8/site-packages/airflow/example_dags/example_setup_teardown.py
[2026-03-28T22:36:37.184+0000] {processor.py:840} INFO - DAG(s) 'example_setup_teardown' retrieved from /home/airflow/.local/lib/python3.8/site-packages/airflow/example_dags/example_setup_teardown.py
[2026-03-28T22:36:37.209+0000] {logging_mixin.py:188} INFO - [2026-03-28T22:36:37.209+0000] {dag.py:3036} INFO - Sync 1 DAGs
[2026-03-28T22:36:37.234+0000] {logging_mixin.py:188} INFO - [2026-03-28T22:36:37.234+0000] {dag.py:3823} INFO - Setting next_dagrun for example_setup_teardown to 2026-03-27 00:00:00+00:00, run_after=2026-03-28 00:00:00+00:00
[2026-03-28T22:36:37.260+0000] {processor.py:183} INFO - Processing /home/airflow/.local/lib/python3.8/site-packages/airflow/example_dags/example_setup_teardown.py took 0.091 seconds
[2026-03-28T22:37:42.845+0000] {processor.py:161} INFO - Started process (PID=85) to work on /home/airflow/.local/lib/python3.8/site-packages/airflow/example_dags/example_setup_teardown.py
[2026-03-28T22:37:42.847+0000] {processor.py:830} INFO - Processing file /home/airflow/.local/lib/python3.8/site-packages/airflow/example_dags/example_setup_teardown.py for tasks to queue
[2026-03-28T22:37:42.849+0000] {logging_mixin.py:188} INFO - [2026-03-28T22:37:42.849+0000] {dagbag.py:538} INFO - Filling up the DagBag from /home/airflow/.local/lib/python3.8/site-packages/airflow/example_dags/example_setup_teardown.py
[2026-03-28T22:37:42.860+0000] {processor.py:840} INFO - DAG(s) 'example_setup_teardown' retrieved from /home/airflow/.local/lib/python3.8/site-packages/airflow/example_dags/example_setup_teardown.py
[2026-03-28T22:37:42.877+0000] {logging_mixin.py:188} INFO - [2026-03-28T22:37:42.877+0000] {dag.py:3036} INFO - Sync 1 DAGs
[2026-03-28T22:37:42.902+0000] {logging_mixin.py:188} INFO - [2026-03-28T22:37:42.901+0000] {dag.py:3823} INFO - Setting next_dagrun for example_setup_teardown to 2026-03-27 00:00:00+00:00, run_after=2026-03-28 00:00:00+00:00
[2026-03-28T22:37:42.928+0000] {processor.py:183} INFO - Processing /home/airflow/.local/lib/python3.8/site-packages/airflow/example_dags/example_setup_teardown.py took 0.088 seconds
[2026-03-28T22:38:14.576+0000] {processor.py:161} INFO - Started process (PID=141) to work on /home/airflow/.local/lib/python3.8/site-packages/airflow/example_dags/example_setup_teardown.py
[2026-03-28T22:38:14.577+0000] {processor.py:830} INFO - Processing file /home/airflow/.local/lib/python3.8/site-packages/airflow/example_dags/example_setup_teardown.py for tasks to queue
[2026-03-28T22:38:14.580+0000] {logging_mixin.py:188} INFO - [2026-03-28T22:38:14.580+0000] {dagbag.py:538} INFO - Filling up the DagBag from /home/airflow/.local/lib/python3.8/site-packages/airflow/example_dags/example_setup_teardown.py
[2026-03-28T22:38:14.591+0000] {processor.py:840} INFO - DAG(s) 'example_setup_teardown' retrieved from /home/airflow/.local/lib/python3.8/site-packages/airflow/example_dags/example_setup_teardown.py
[2026-03-28T22:38:14.750+0000] {logging_mixin.py:188} INFO - [2026-03-28T22:38:14.750+0000] {dag.py:3036} INFO - Sync 1 DAGs
[2026-03-28T22:38:14.772+0000] {logging_mixin.py:188} INFO - [2026-03-28T22:38:14.772+0000] {dag.py:3823} INFO - Setting next_dagrun for example_setup_teardown to 2026-03-27 00:00:00+00:00, run_after=2026-03-28 00:00:00+00:00
[2026-03-28T22:38:14.797+0000] {processor.py:183} INFO - Processing /home/airflow/.local/lib/python3.8/site-packages/airflow/example_dags/example_setup_teardown.py took 0.226 seconds
[2026-03-28T22:38:44.949+0000] {processor.py:161} INFO - Started process (PID=197) to work on /home/airflow/.local/lib/python3.8/site-packages/airflow/example_dags/example_setup_teardown.py
[2026-03-28T22:38:44.951+0000] {processor.py:830} INFO - Processing file /home/airflow/.local/lib/python3.8/site-packages/airflow/example_dags/example_setup_teardown.py for tasks to queue
[2026-03-28T22:38:44.954+0000] {logging_mixin.py:188} INFO - [2026-03-28T22:38:44.953+0000] {dagbag.py:538} INFO - Filling up the DagBag from /home/airflow/.local/lib/python3.8/site-packages/airflow/example_dags/example_setup_teardown.py
[2026-03-28T22:38:44.963+0000] {processor.py:840} INFO - DAG(s) 'example_setup_teardown' retrieved from /home/airflow/.local/lib/python3.8/site-packages/airflow/example_dags/example_setup_teardown.py
[2026-03-28T22:38:44.988+0000] {logging_mixin.py:188} INFO - [2026-03-28T22:38:44.987+0000] {dag.py:3036} INFO - Sync 1 DAGs
[2026-03-28T22:38:45.020+0000] {logging_mixin.py:188} INFO - [2026-03-28T22:38:45.020+0000] {dag.py:3823} INFO - Setting next_dagrun for example_setup_teardown to 2026-03-27 00:00:00+00:00, run_after=2026-03-28 00:00:00+00:00
[2026-03-28T22:38:45.047+0000] {processor.py:183} INFO - Processing /home/airflow/.local/lib/python3.8/site-packages/airflow/example_dags/example_setup_teardown.py took 0.105 seconds
[2026-03-28T22:39:15.089+0000] {processor.py:161} INFO - Started process (PID=253) to work on /home/airflow/.local/lib/python3.8/site-packages/airflow/example_dags/example_setup_teardown.py
[2026-03-28T22:39:15.091+0000] {processor.py:830} INFO - Processing file /home/airflow/.local/lib/python3.8/site-packages/airflow/example_dags/example_setup_teardown.py for tasks to queue
[2026-03-28T22:39:15.094+0000] {logging_mixin.py:188} INFO - [2026-03-28T22:39:15.093+0000] {dagbag.py:538} INFO - Filling up the DagBag from /home/airflow/.local/lib/python3.8/site-packages/airflow/example_dags/example_setup_teardown.py
[2026-03-28T22:39:15.104+0000] {processor.py:840} INFO - DAG(s) 'example_setup_teardown' retrieved from /home/airflow/.local/lib/python3.8/site-packages/airflow/example_dags/example_setup_teardown.py
[2026-03-28T22:39:15.138+0000] {logging_mixin.py:188} INFO - [2026-03-28T22:39:15.137+0000] {dag.py:3036} INFO - Sync 1 DAGs
[2026-03-28T22:39:15.169+0000] {logging_mixin.py:188} INFO - [2026-03-28T22:39:15.169+0000] {dag.py:3823} INFO - Setting next_dagrun for example_setup_teardown to 2026-03-27 00:00:00+00:00, run_after=2026-03-28 00:00:00+00:00
[2026-03-28T22:39:15.201+0000] {processor.py:183} INFO - Processing /home/airflow/.local/lib/python3.8/site-packages/airflow/example_dags/example_setup_teardown.py took 0.118 seconds
[2026-03-28T22:39:45.393+0000] {processor.py:161} INFO - Started process (PID=308) to work on /home/airflow/.local/lib/python3.8/site-packages/airflow/example_dags/example_setup_teardown.py
[2026-03-28T22:39:45.395+0000] {processor.py:830} INFO - Processing file /home/airflow/.local/lib/python3.8/site-packages/airflow/example_dags/example_setup_teardown.py for tasks to queue
[2026-03-28T22:39:45.398+0000] {logging_mixin.py:188} INFO - [2026-03-28T22:39:45.398+0000] {dagbag.py:538} INFO - Filling up the DagBag from /home/airflow/.local/lib/python3.8/site-packages/airflow/example_dags/example_setup_teardown.py
[2026-03-28T22:39:45.414+0000] {processor.py:840} INFO - DAG(s) 'example_setup_teardown' retrieved from /home/airflow/.local/lib/python3.8/site-packages/airflow/example_dags/example_setup_teardown.py
[2026-03-28T22:39:45.455+0000] {logging_mixin.py:188} INFO - [2026-03-28T22:39:45.454+0000] {dag.py:3036} INFO - Sync 1 DAGs
[2026-03-28T22:39:45.502+0000] {logging_mixin.py:188} INFO - [2026-03-28T22:39:45.502+0000] {dag.py:3823} INFO - Setting next_dagrun for example_setup_teardown to 2026-03-27 00:00:00+00:00, run_after=2026-03-28 00:00:00+00:00
[2026-03-28T22:39:45.544+0000] {processor.py:183} INFO - Processing /home/airflow/.local/lib/python3.8/site-packages/airflow/example_dags/example_setup_teardown.py took 0.160 seconds
[2026-03-28T22:40:16.509+0000] {processor.py:161} INFO - Started process (PID=365) to work on /home/airflow/.local/lib/python3.8/site-packages/airflow/example_dags/example_setup_teardown.py
[2026-03-28T22:40:16.511+0000] {processor.py:830} INFO - Processing file /home/airflow/.local/lib/python3.8/site-packages/airflow/example_dags/example_setup_teardown.py for tasks to queue
[2026-03-28T22:40:16.516+0000] {logging_mixin.py:188} INFO - [2026-03-28T22:40:16.516+0000] {dagbag.py:538} INFO - Filling up the DagBag from /home/airflow/.local/lib/python3.8/site-packages/airflow/example_dags/example_setup_teardown.py
[2026-03-28T22:40:16.527+0000] {processor.py:840} INFO - DAG(s) 'example_setup_teardown' retrieved from /home/airflow/.local/lib/python3.8/site-packages/airflow/example_dags/example_setup_teardown.py
[2026-03-28T22:40:16.561+0000] {logging_mixin.py:188} INFO - [2026-03-28T22:40:16.560+0000] {dag.py:3036} INFO - Sync 1 DAGs
[2026-03-28T22:40:16.593+0000] {logging_mixin.py:188} INFO - [2026-03-28T22:40:16.593+0000] {dag.py:3823} INFO - Setting next_dagrun for example_setup_teardown to 2026-03-27 00:00:00+00:00, run_after=2026-03-28 00:00:00+00:00
[2026-03-28T22:40:16.621+0000] {processor.py:183} INFO - Processing /home/airflow/.local/lib/python3.8/site-packages/airflow/example_dags/example_setup_teardown.py took 0.118 seconds
[2026-03-28T22:40:46.931+0000] {processor.py:161} INFO - Started process (PID=421) to work on /home/airflow/.local/lib/python3.8/site-packages/airflow/example_dags/example_setup_teardown.py
[2026-03-28T22:40:46.933+0000] {processor.py:830} INFO - Processing file /home/airflow/.local/lib/python3.8/site-packages/airflow/example_dags/example_setup_teardown.py for tasks to queue
[2026-03-28T22:40:46.936+0000] {logging_mixin.py:188} INFO - [2026-03-28T22:40:46.936+0000] {dagbag.py:538} INFO - Filling up the DagBag from /home/airflow/.local/lib/python3.8/site-packages/airflow/example_dags/example_setup_teardown.py
[2026-03-28T22:40:46.948+0000] {processor.py:840} INFO - DAG(s) 'example_setup_teardown' retrieved from /home/airflow/.local/lib/python3.8/site-packages/airflow/example_dags/example_setup_teardown.py
[2026-03-28T22:40:47.009+0000] {logging_mixin.py:188} INFO - [2026-03-28T22:40:47.008+0000] {dag.py:3036} INFO - Sync 1 DAGs
[2026-03-28T22:40:47.093+0000] {logging_mixin.py:188} INFO - [2026-03-28T22:40:47.092+0000] {dag.py:3823} INFO - Setting next_dagrun for example_setup_teardown to 2026-03-27 00:00:00+00:00, run_after=2026-03-28 00:00:00+00:00
[2026-03-28T22:40:47.173+0000] {processor.py:183} INFO - Processing /home/airflow/.local/lib/python3.8/site-packages/airflow/example_dags/example_setup_teardown.py took 0.246 seconds
[2026-03-28T22:41:17.326+0000] {processor.py:161} INFO - Started process (PID=477) to work on /home/airflow/.local/lib/python3.8/site-packages/airflow/example_dags/example_setup_teardown.py
[2026-03-28T22:41:17.328+0000] {processor.py:830} INFO - Processing file /home/airflow/.local/lib/python3.8/site-packages/airflow/example_dags/example_setup_teardown.py for tasks to queue
[2026-03-28T22:41:17.330+0000] {logging_mixin.py:188} INFO - [2026-03-28T22:41:17.330+0000] {dagbag.py:538} INFO - Filling up the DagBag from /home/airflow/.local/lib/python3.8/site-packages/airflow/example_dags/example_setup_teardown.py
[2026-03-28T22:41:17.340+0000] {processor.py:840} INFO - DAG(s) 'example_setup_teardown' retrieved from /home/airflow/.local/lib/python3.8/site-packages/airflow/example_dags/example_setup_teardown.py
[2026-03-28T22:41:17.357+0000] {logging_mixin.py:188} INFO - [2026-03-28T22:41:17.357+0000] {dag.py:3036} INFO - Sync 1 DAGs
[2026-03-28T22:41:17.384+0000] {logging_mixin.py:188} INFO - [2026-03-28T22:41:17.383+0000] {dag.py:3823} INFO - Setting next_dagrun for example_setup_teardown to 2026-03-27 00:00:00+00:00, run_after=2026-03-28 00:00:00+00:00
[2026-03-28T22:41:17.407+0000] {processor.py:183} INFO - Processing /home/airflow/.local/lib/python3.8/site-packages/airflow/example_dags/example_setup_teardown.py took 0.085 seconds
[2026-03-28T22:41:48.049+0000] {processor.py:161} INFO - Started process (PID=533) to work on /home/airflow/.local/lib/python3.8/site-packages/airflow/example_dags/example_setup_teardown.py
[2026-03-28T22:41:48.051+0000] {processor.py:830} INFO - Processing file /home/airflow/.local/lib/python3.8/site-packages/airflow/example_dags/example_setup_teardown.py for tasks to queue
[2026-03-28T22:41:48.055+0000] {logging_mixin.py:188} INFO - [2026-03-28T22:41:48.055+0000] {dagbag.py:538} INFO - Filling up the DagBag from /home/airflow/.local/lib/python3.8/site-packages/airflow/example_dags/example_setup_teardown.py
[2026-03-28T22:41:48.064+0000] {processor.py:840} INFO - DAG(s) 'example_setup_teardown' retrieved from /home/airflow/.local/lib/python3.8/site-packages/airflow/example_dags/example_setup_teardown.py
[2026-03-28T22:41:48.234+0000] {logging_mixin.py:188} INFO - [2026-03-28T22:41:48.233+0000] {dag.py:3036} INFO - Sync 1 DAGs
[2026-03-28T22:41:48.279+0000] {logging_mixin.py:188} INFO - [2026-03-28T22:41:48.278+0000] {dag.py:3823} INFO - Setting next_dagrun for example_setup_teardown to 2026-03-27 00:00:00+00:00, run_after=2026-03-28 00:00:00+00:00
[2026-03-28T22:41:48.320+0000] {processor.py:183} INFO - Processing /home/airflow/.local/lib/python3.8/site-packages/airflow/example_dags/example_setup_teardown.py took 0.276 seconds
[2026-03-28T22:42:18.393+0000] {processor.py:161} INFO - Started process (PID=589) to work on /home/airflow/.local/lib/python3.8/site-packages/airflow/example_dags/example_setup_teardown.py
[2026-03-28T22:42:18.394+0000] {processor.py:830} INFO - Processing file /home/airflow/.local/lib/python3.8/site-packages/airflow/example_dags/example_setup_teardown.py for tasks to queue
[2026-03-28T22:42:18.396+0000] {logging_mixin.py:188} INFO - [2026-03-28T22:42:18.396+0000] {dagbag.py:538} INFO - Filling up the DagBag from /home/airflow/.local/lib/python3.8/site-packages/airflow/example_dags/example_setup_teardown.py
[2026-03-28T22:42:18.404+0000] {processor.py:840} INFO - DAG(s) 'example_setup_teardown' retrieved from /home/airflow/.local/lib/python3.8/site-packages/airflow/example_dags/example_setup_teardown.py
[2026-03-28T22:42:18.430+0000] {logging_mixin.py:188} INFO - [2026-03-28T22:42:18.430+0000] {dag.py:3036} INFO - Sync 1 DAGs
[2026-03-28T22:42:18.476+0000] {logging_mixin.py:188} INFO - [2026-03-28T22:42:18.476+0000] {dag.py:3823} INFO - Setting next_dagrun for example_setup_teardown to 2026-03-27 00:00:00+00:00, run_after=2026-03-28 00:00:00+00:00
[2026-03-28T22:42:18.504+0000] {processor.py:183} INFO - Processing /home/airflow/.local/lib/python3.8/site-packages/airflow/example_dags/example_setup_teardown.py took 0.115 seconds
[2026-03-28T22:42:49.167+0000] {processor.py:161} INFO - Started process (PID=645) to work on /home/airflow/.local/lib/python3.8/site-packages/airflow/example_dags/example_setup_teardown.py
[2026-03-28T22:42:49.168+0000] {processor.py:830} INFO - Processing file /home/airflow/.local/lib/python3.8/site-packages/airflow/example_dags/example_setup_teardown.py for tasks to queue
[2026-03-28T22:42:49.170+0000] {logging_mixin.py:188} INFO - [2026-03-28T22:42:49.170+0000] {dagbag.py:538} INFO - Filling up the DagBag from /home/airflow/.local/lib/python3.8/site-packages/airflow/example_dags/example_setup_teardown.py
[2026-03-28T22:42:49.178+0000] {processor.py:840} INFO - DAG(s) 'example_setup_teardown' retrieved from /home/airflow/.local/lib/python3.8/site-packages/airflow/example_dags/example_setup_teardown.py
[2026-03-28T22:42:49.201+0000] {logging_mixin.py:188} INFO - [2026-03-28T22:42:49.201+0000] {dag.py:3036} INFO - Sync 1 DAGs
[2026-03-28T22:42:49.226+0000] {logging_mixin.py:188} INFO - [2026-03-28T22:42:49.225+0000] {dag.py:3823} INFO - Setting next_dagrun for example_setup_teardown to 2026-03-27 00:00:00+00:00, run_after=2026-03-28 00:00:00+00:00
[2026-03-28T22:42:49.249+0000] {processor.py:183} INFO - Processing /home/airflow/.local/lib/python3.8/site-packages/airflow/example_dags/example_setup_teardown.py took 0.085 seconds
[2026-03-28T22:43:20.046+0000] {processor.py:161} INFO - Started process (PID=701) to work on /home/airflow/.local/lib/python3.8/site-packages/airflow/example_dags/example_setup_teardown.py
[2026-03-28T22:43:20.051+0000] {processor.py:830} INFO - Processing file /home/airflow/.local/lib/python3.8/site-packages/airflow/example_dags/example_setup_teardown.py for tasks to queue
[2026-03-28T22:43:20.056+0000] {logging_mixin.py:188} INFO - [2026-03-28T22:43:20.056+0000] {dagbag.py:538} INFO - Filling up the DagBag from /home/airflow/.local/lib/python3.8/site-packages/airflow/example_dags/example_setup_teardown.py
[2026-03-28T22:43:20.073+0000] {processor.py:840} INFO - DAG(s) 'example_setup_teardown' retrieved from /home/airflow/.local/lib/python3.8/site-packages/airflow/example_dags/example_setup_teardown.py
[2026-03-28T22:43:20.117+0000] {logging_mixin.py:188} INFO - [2026-03-28T22:43:20.116+0000] {dag.py:3036} INFO - Sync 1 DAGs
[2026-03-28T22:43:20.157+0000] {logging_mixin.py:188} INFO - [2026-03-28T22:43:20.157+0000] {dag.py:3823} INFO - Setting next_dagrun for example_setup_teardown to 2026-03-27 00:00:00+00:00, run_after=2026-03-28 00:00:00+00:00
[2026-03-28T22:43:20.229+0000] {processor.py:183} INFO - Processing /home/airflow/.local/lib/python3.8/site-packages/airflow/example_dags/example_setup_teardown.py took 0.188 seconds
[2026-03-28T22:43:50.337+0000] {processor.py:161} INFO - Started process (PID=757) to work on /home/airflow/.local/lib/python3.8/site-packages/airflow/example_dags/example_setup_teardown.py
[2026-03-28T22:43:50.339+0000] {processor.py:830} INFO - Processing file /home/airflow/.local/lib/python3.8/site-packages/airflow/example_dags/example_setup_teardown.py for tasks to queue
[2026-03-28T22:43:50.341+0000] {logging_mixin.py:188} INFO - [2026-03-28T22:43:50.340+0000] {dagbag.py:538} INFO - Filling up the DagBag from /home/airflow/.local/lib/python3.8/site-packages/airflow/example_dags/example_setup_teardown.py
[2026-03-28T22:43:50.348+0000] {processor.py:840} INFO - DAG(s) 'example_setup_teardown' retrieved from /home/airflow/.local/lib/python3.8/site-packages/airflow/example_dags/example_setup_teardown.py
[2026-03-28T22:43:50.370+0000] {logging_mixin.py:188} INFO - [2026-03-28T22:43:50.370+0000] {dag.py:3036} INFO - Sync 1 DAGs
[2026-03-28T22:43:50.389+0000] {logging_mixin.py:188} INFO - [2026-03-28T22:43:50.389+0000] {dag.py:3823} INFO - Setting next_dagrun for example_setup_teardown to 2026-03-27 00:00:00+00:00, run_after=2026-03-28 00:00:00+00:00
[2026-03-28T22:43:50.412+0000] {processor.py:183} INFO - Processing /home/airflow/.local/lib/python3.8/site-packages/airflow/example_dags/example_setup_teardown.py took 0.078 seconds
[2026-03-28T22:44:20.844+0000] {processor.py:161} INFO - Started process (PID=813) to work on /home/airflow/.local/lib/python3.8/site-packages/airflow/example_dags/example_setup_teardown.py
[2026-03-28T22:44:20.845+0000] {processor.py:830} INFO - Processing file /home/airflow/.local/lib/python3.8/site-packages/airflow/example_dags/example_setup_teardown.py for tasks to queue
[2026-03-28T22:44:20.848+0000] {logging_mixin.py:188} INFO - [2026-03-28T22:44:20.848+0000] {dagbag.py:538} INFO - Filling up the DagBag from /home/airflow/.local/lib/python3.8/site-packages/airflow/example_dags/example_setup_teardown.py
[2026-03-28T22:44:20.855+0000] {processor.py:840} INFO - DAG(s) 'example_setup_teardown' retrieved from /home/airflow/.local/lib/python3.8/site-packages/airflow/example_dags/example_setup_teardown.py
[2026-03-28T22:44:20.877+0000] {logging_mixin.py:188} INFO - [2026-03-28T22:44:20.876+0000] {dag.py:3036} INFO - Sync 1 DAGs
[2026-03-28T22:44:20.899+0000] {logging_mixin.py:188} INFO - [2026-03-28T22:44:20.898+0000] {dag.py:3823} INFO - Setting next_dagrun for example_setup_teardown to 2026-03-27 00:00:00+00:00, run_after=2026-03-28 00:00:00+00:00
[2026-03-28T22:44:20.921+0000] {processor.py:183} INFO - Processing /home/airflow/.local/lib/python3.8/site-packages/airflow/example_dags/example_setup_teardown.py took 0.081 seconds
[2026-03-28T22:44:51.022+0000] {processor.py:161} INFO - Started process (PID=869) to work on /home/airflow/.local/lib/python3.8/site-packages/airflow/example_dags/example_setup_teardown.py
[2026-03-28T22:44:51.023+0000] {processor.py:830} INFO - Processing file /home/airflow/.local/lib/python3.8/site-packages/airflow/example_dags/example_setup_teardown.py for tasks to queue
[2026-03-28T22:44:51.025+0000] {logging_mixin.py:188} INFO - [2026-03-28T22:44:51.025+0000] {dagbag.py:538} INFO - Filling up the DagBag from /home/airflow/.local/lib/python3.8/site-packages/airflow/example_dags/example_setup_teardown.py
[2026-03-28T22:44:51.032+0000] {processor.py:840} INFO - DAG(s) 'example_setup_teardown' retrieved from /home/airflow/.local/lib/python3.8/site-packages/airflow/example_dags/example_setup_teardown.py
[2026-03-28T22:44:51.054+0000] {logging_mixin.py:188} INFO - [2026-03-28T22:44:51.054+0000] {dag.py:3036} INFO - Sync 1 DAGs
[2026-03-28T22:44:51.075+0000] {logging_mixin.py:188} INFO - [2026-03-28T22:44:51.075+0000] {dag.py:3823} INFO - Setting next_dagrun for example_setup_teardown to 2026-03-27 00:00:00+00:00, run_after=2026-03-28 00:00:00+00:00
[2026-03-28T22:44:51.100+0000] {processor.py:183} INFO - Processing /home/airflow/.local/lib/python3.8/site-packages/airflow/example_dags/example_setup_teardown.py took 0.082 seconds
[2026-03-28T22:45:21.805+0000] {processor.py:161} INFO - Started process (PID=925) to work on /home/airflow/.local/lib/python3.8/site-packages/airflow/example_dags/example_setup_teardown.py
[2026-03-28T22:45:21.806+0000] {processor.py:830} INFO - Processing file /home/airflow/.local/lib/python3.8/site-packages/airflow/example_dags/example_setup_teardown.py for tasks to queue
[2026-03-28T22:45:21.808+0000] {logging_mixin.py:188} INFO - [2026-03-28T22:45:21.808+0000] {dagbag.py:538} INFO - Filling up the DagBag from /home/airflow/.local/lib/python3.8/site-packages/airflow/example_dags/example_setup_teardown.py
[2026-03-28T22:45:21.815+0000] {processor.py:840} INFO - DAG(s) 'example_setup_teardown' retrieved from /home/airflow/.local/lib/python3.8/site-packages/airflow/example_dags/example_setup_teardown.py
[2026-03-28T22:45:21.836+0000] {logging_mixin.py:188} INFO - [2026-03-28T22:45:21.836+0000] {dag.py:3036} INFO - Sync 1 DAGs
[2026-03-28T22:45:21.857+0000] {logging_mixin.py:188} INFO - [2026-03-28T22:45:21.857+0000] {dag.py:3823} INFO - Setting next_dagrun for example_setup_teardown to 2026-03-27 00:00:00+00:00, run_after=2026-03-28 00:00:00+00:00
[2026-03-28T22:45:21.883+0000] {processor.py:183} INFO - Processing /home/airflow/.local/lib/python3.8/site-packages/airflow/example_dags/example_setup_teardown.py took 0.082 seconds
[2026-03-28T22:45:52.339+0000] {processor.py:161} INFO - Started process (PID=981) to work on /home/airflow/.local/lib/python3.8/site-packages/airflow/example_dags/example_setup_teardown.py
[2026-03-28T22:45:52.340+0000] {processor.py:830} INFO - Processing file /home/airflow/.local/lib/python3.8/site-packages/airflow/example_dags/example_setup_teardown.py for tasks to queue
[2026-03-28T22:45:52.342+0000] {logging_mixin.py:188} INFO - [2026-03-28T22:45:52.342+0000] {dagbag.py:538} INFO - Filling up the DagBag from /home/airflow/.local/lib/python3.8/site-packages/airflow/example_dags/example_setup_teardown.py
[2026-03-28T22:45:52.351+0000] {processor.py:840} INFO - DAG(s) 'example_setup_teardown' retrieved from /home/airflow/.local/lib/python3.8/site-packages/airflow/example_dags/example_setup_teardown.py
[2026-03-28T22:45:52.374+0000] {logging_mixin.py:188} INFO - [2026-03-28T22:45:52.374+0000] {dag.py:3036} INFO - Sync 1 DAGs
[2026-03-28T22:45:52.401+0000] {logging_mixin.py:188} INFO - [2026-03-28T22:45:52.401+0000] {dag.py:3823} INFO - Setting next_dagrun for example_setup_teardown to 2026-03-27 00:00:00+00:00, run_after=2026-03-28 00:00:00+00:00
[2026-03-28T22:45:52.428+0000] {processor.py:183} INFO - Processing /home/airflow/.local/lib/python3.8/site-packages/airflow/example_dags/example_setup_teardown.py took 0.093 seconds
[2026-03-28T22:46:39.522+0000] {processor.py:161} INFO - Started process (PID=1031) to work on /home/airflow/.local/lib/python3.8/site-packages/airflow/example_dags/example_setup_teardown.py
[2026-03-28T22:46:39.525+0000] {processor.py:830} INFO - Processing file /home/airflow/.local/lib/python3.8/site-packages/airflow/example_dags/example_setup_teardown.py for tasks to queue
[2026-03-28T22:46:39.531+0000] {logging_mixin.py:188} INFO - [2026-03-28T22:46:39.530+0000] {dagbag.py:538} INFO - Filling up the DagBag from /home/airflow/.local/lib/python3.8/site-packages/airflow/example_dags/example_setup_teardown.py
[2026-03-28T22:46:39.548+0000] {processor.py:840} INFO - DAG(s) 'example_setup_teardown' retrieved from /home/airflow/.local/lib/python3.8/site-packages/airflow/example_dags/example_setup_teardown.py
[2026-03-28T22:46:39.611+0000] {logging_mixin.py:188} INFO - [2026-03-28T22:46:39.611+0000] {dag.py:3036} INFO - Sync 1 DAGs
[2026-03-28T22:46:39.665+0000] {logging_mixin.py:188} INFO - [2026-03-28T22:46:39.665+0000] {dag.py:3823} INFO - Setting next_dagrun for example_setup_teardown to 2026-03-27 00:00:00+00:00, run_after=2026-03-28 00:00:00+00:00
[2026-03-28T22:46:39.717+0000] {processor.py:183} INFO - Processing /home/airflow/.local/lib/python3.8/site-packages/airflow/example_dags/example_setup_teardown.py took 0.201 seconds
