[2026-03-28T22:09:39.027+0000] {processor.py:161} INFO - Started process (PID=59) to work on /home/airflow/.local/lib/python3.8/site-packages/airflow/example_dags/example_sla_dag.py
[2026-03-28T22:09:39.028+0000] {processor.py:830} INFO - Processing file /home/airflow/.local/lib/python3.8/site-packages/airflow/example_dags/example_sla_dag.py for tasks to queue
[2026-03-28T22:09:39.031+0000] {logging_mixin.py:188} INFO - [2026-03-28T22:09:39.030+0000] {dagbag.py:538} INFO - Filling up the DagBag from /home/airflow/.local/lib/python3.8/site-packages/airflow/example_dags/example_sla_dag.py
[2026-03-28T22:09:39.043+0000] {processor.py:840} INFO - DAG(s) 'example_sla_dag' retrieved from /home/airflow/.local/lib/python3.8/site-packages/airflow/example_dags/example_sla_dag.py
[2026-03-28T22:09:39.155+0000] {logging_mixin.py:188} INFO - [2026-03-28T22:09:39.154+0000] {override.py:1769} INFO - Created Permission View: can edit on DAG:example_sla_dag
[2026-03-28T22:09:39.168+0000] {logging_mixin.py:188} INFO - [2026-03-28T22:09:39.168+0000] {override.py:1769} INFO - Created Permission View: can delete on DAG:example_sla_dag
[2026-03-28T22:09:39.180+0000] {logging_mixin.py:188} INFO - [2026-03-28T22:09:39.180+0000] {override.py:1769} INFO - Created Permission View: can read on DAG:example_sla_dag
[2026-03-28T22:09:39.181+0000] {logging_mixin.py:188} INFO - [2026-03-28T22:09:39.181+0000] {dag.py:3036} INFO - Sync 1 DAGs
[2026-03-28T22:09:39.192+0000] {logging_mixin.py:188} INFO - [2026-03-28T22:09:39.191+0000] {dag.py:3058} INFO - Creating ORM DAG for example_sla_dag
[2026-03-28T22:09:39.206+0000] {logging_mixin.py:188} INFO - [2026-03-28T22:09:39.206+0000] {dag.py:3823} INFO - Setting next_dagrun for example_sla_dag to 2026-03-28 22:06:00+00:00, run_after=2026-03-28 22:08:00+00:00
[2026-03-28T22:09:39.228+0000] {processor.py:183} INFO - Processing /home/airflow/.local/lib/python3.8/site-packages/airflow/example_dags/example_sla_dag.py took 0.205 seconds
[2026-03-28T22:10:09.309+0000] {processor.py:161} INFO - Started process (PID=115) to work on /home/airflow/.local/lib/python3.8/site-packages/airflow/example_dags/example_sla_dag.py
[2026-03-28T22:10:09.311+0000] {processor.py:830} INFO - Processing file /home/airflow/.local/lib/python3.8/site-packages/airflow/example_dags/example_sla_dag.py for tasks to queue
[2026-03-28T22:10:09.313+0000] {logging_mixin.py:188} INFO - [2026-03-28T22:10:09.313+0000] {dagbag.py:538} INFO - Filling up the DagBag from /home/airflow/.local/lib/python3.8/site-packages/airflow/example_dags/example_sla_dag.py
[2026-03-28T22:10:09.323+0000] {processor.py:840} INFO - DAG(s) 'example_sla_dag' retrieved from /home/airflow/.local/lib/python3.8/site-packages/airflow/example_dags/example_sla_dag.py
[2026-03-28T22:10:09.345+0000] {logging_mixin.py:188} INFO - [2026-03-28T22:10:09.344+0000] {dag.py:3036} INFO - Sync 1 DAGs
[2026-03-28T22:10:09.371+0000] {logging_mixin.py:188} INFO - [2026-03-28T22:10:09.371+0000] {dag.py:3823} INFO - Setting next_dagrun for example_sla_dag to 2026-03-28 22:08:00+00:00, run_after=2026-03-28 22:10:00+00:00
[2026-03-28T22:10:09.394+0000] {processor.py:183} INFO - Processing /home/airflow/.local/lib/python3.8/site-packages/airflow/example_dags/example_sla_dag.py took 0.088 seconds
[2026-03-28T22:10:39.671+0000] {processor.py:161} INFO - Started process (PID=171) to work on /home/airflow/.local/lib/python3.8/site-packages/airflow/example_dags/example_sla_dag.py
[2026-03-28T22:10:39.672+0000] {processor.py:830} INFO - Processing file /home/airflow/.local/lib/python3.8/site-packages/airflow/example_dags/example_sla_dag.py for tasks to queue
[2026-03-28T22:10:39.674+0000] {logging_mixin.py:188} INFO - [2026-03-28T22:10:39.674+0000] {dagbag.py:538} INFO - Filling up the DagBag from /home/airflow/.local/lib/python3.8/site-packages/airflow/example_dags/example_sla_dag.py
[2026-03-28T22:10:39.683+0000] {processor.py:840} INFO - DAG(s) 'example_sla_dag' retrieved from /home/airflow/.local/lib/python3.8/site-packages/airflow/example_dags/example_sla_dag.py
[2026-03-28T22:10:39.705+0000] {logging_mixin.py:188} INFO - [2026-03-28T22:10:39.705+0000] {dag.py:3036} INFO - Sync 1 DAGs
[2026-03-28T22:10:39.728+0000] {logging_mixin.py:188} INFO - [2026-03-28T22:10:39.727+0000] {dag.py:3823} INFO - Setting next_dagrun for example_sla_dag to 2026-03-28 22:08:00+00:00, run_after=2026-03-28 22:10:00+00:00
[2026-03-28T22:10:39.773+0000] {processor.py:183} INFO - Processing /home/airflow/.local/lib/python3.8/site-packages/airflow/example_dags/example_sla_dag.py took 0.106 seconds
[2026-03-28T22:11:10.166+0000] {processor.py:161} INFO - Started process (PID=227) to work on /home/airflow/.local/lib/python3.8/site-packages/airflow/example_dags/example_sla_dag.py
[2026-03-28T22:11:10.167+0000] {processor.py:830} INFO - Processing file /home/airflow/.local/lib/python3.8/site-packages/airflow/example_dags/example_sla_dag.py for tasks to queue
[2026-03-28T22:11:10.169+0000] {logging_mixin.py:188} INFO - [2026-03-28T22:11:10.169+0000] {dagbag.py:538} INFO - Filling up the DagBag from /home/airflow/.local/lib/python3.8/site-packages/airflow/example_dags/example_sla_dag.py
[2026-03-28T22:11:10.178+0000] {processor.py:840} INFO - DAG(s) 'example_sla_dag' retrieved from /home/airflow/.local/lib/python3.8/site-packages/airflow/example_dags/example_sla_dag.py
[2026-03-28T22:11:10.198+0000] {logging_mixin.py:188} INFO - [2026-03-28T22:11:10.198+0000] {dag.py:3036} INFO - Sync 1 DAGs
[2026-03-28T22:11:10.222+0000] {logging_mixin.py:188} INFO - [2026-03-28T22:11:10.222+0000] {dag.py:3823} INFO - Setting next_dagrun for example_sla_dag to 2026-03-28 22:08:00+00:00, run_after=2026-03-28 22:10:00+00:00
[2026-03-28T22:11:10.246+0000] {processor.py:183} INFO - Processing /home/airflow/.local/lib/python3.8/site-packages/airflow/example_dags/example_sla_dag.py took 0.083 seconds
[2026-03-28T22:11:40.322+0000] {processor.py:161} INFO - Started process (PID=283) to work on /home/airflow/.local/lib/python3.8/site-packages/airflow/example_dags/example_sla_dag.py
[2026-03-28T22:11:40.323+0000] {processor.py:830} INFO - Processing file /home/airflow/.local/lib/python3.8/site-packages/airflow/example_dags/example_sla_dag.py for tasks to queue
[2026-03-28T22:11:40.325+0000] {logging_mixin.py:188} INFO - [2026-03-28T22:11:40.325+0000] {dagbag.py:538} INFO - Filling up the DagBag from /home/airflow/.local/lib/python3.8/site-packages/airflow/example_dags/example_sla_dag.py
[2026-03-28T22:11:40.333+0000] {processor.py:840} INFO - DAG(s) 'example_sla_dag' retrieved from /home/airflow/.local/lib/python3.8/site-packages/airflow/example_dags/example_sla_dag.py
[2026-03-28T22:11:40.356+0000] {logging_mixin.py:188} INFO - [2026-03-28T22:11:40.356+0000] {dag.py:3036} INFO - Sync 1 DAGs
[2026-03-28T22:11:40.379+0000] {logging_mixin.py:188} INFO - [2026-03-28T22:11:40.378+0000] {dag.py:3823} INFO - Setting next_dagrun for example_sla_dag to 2026-03-28 22:08:00+00:00, run_after=2026-03-28 22:10:00+00:00
[2026-03-28T22:11:40.405+0000] {processor.py:183} INFO - Processing /home/airflow/.local/lib/python3.8/site-packages/airflow/example_dags/example_sla_dag.py took 0.087 seconds
[2026-03-28T22:12:10.634+0000] {processor.py:161} INFO - Started process (PID=339) to work on /home/airflow/.local/lib/python3.8/site-packages/airflow/example_dags/example_sla_dag.py
[2026-03-28T22:12:10.635+0000] {processor.py:830} INFO - Processing file /home/airflow/.local/lib/python3.8/site-packages/airflow/example_dags/example_sla_dag.py for tasks to queue
[2026-03-28T22:12:10.638+0000] {logging_mixin.py:188} INFO - [2026-03-28T22:12:10.638+0000] {dagbag.py:538} INFO - Filling up the DagBag from /home/airflow/.local/lib/python3.8/site-packages/airflow/example_dags/example_sla_dag.py
[2026-03-28T22:12:10.651+0000] {processor.py:840} INFO - DAG(s) 'example_sla_dag' retrieved from /home/airflow/.local/lib/python3.8/site-packages/airflow/example_dags/example_sla_dag.py
[2026-03-28T22:12:10.678+0000] {logging_mixin.py:188} INFO - [2026-03-28T22:12:10.677+0000] {dag.py:3036} INFO - Sync 1 DAGs
[2026-03-28T22:12:10.704+0000] {logging_mixin.py:188} INFO - [2026-03-28T22:12:10.704+0000] {dag.py:3823} INFO - Setting next_dagrun for example_sla_dag to 2026-03-28 22:10:00+00:00, run_after=2026-03-28 22:12:00+00:00
[2026-03-28T22:12:10.731+0000] {processor.py:183} INFO - Processing /home/airflow/.local/lib/python3.8/site-packages/airflow/example_dags/example_sla_dag.py took 0.101 seconds
[2026-03-28T22:12:40.792+0000] {processor.py:161} INFO - Started process (PID=395) to work on /home/airflow/.local/lib/python3.8/site-packages/airflow/example_dags/example_sla_dag.py
[2026-03-28T22:12:40.793+0000] {processor.py:830} INFO - Processing file /home/airflow/.local/lib/python3.8/site-packages/airflow/example_dags/example_sla_dag.py for tasks to queue
[2026-03-28T22:12:40.795+0000] {logging_mixin.py:188} INFO - [2026-03-28T22:12:40.795+0000] {dagbag.py:538} INFO - Filling up the DagBag from /home/airflow/.local/lib/python3.8/site-packages/airflow/example_dags/example_sla_dag.py
[2026-03-28T22:12:40.803+0000] {processor.py:840} INFO - DAG(s) 'example_sla_dag' retrieved from /home/airflow/.local/lib/python3.8/site-packages/airflow/example_dags/example_sla_dag.py
[2026-03-28T22:12:40.824+0000] {logging_mixin.py:188} INFO - [2026-03-28T22:12:40.824+0000] {dag.py:3036} INFO - Sync 1 DAGs
[2026-03-28T22:12:40.847+0000] {logging_mixin.py:188} INFO - [2026-03-28T22:12:40.847+0000] {dag.py:3823} INFO - Setting next_dagrun for example_sla_dag to 2026-03-28 22:10:00+00:00, run_after=2026-03-28 22:12:00+00:00
[2026-03-28T22:12:40.866+0000] {processor.py:183} INFO - Processing /home/airflow/.local/lib/python3.8/site-packages/airflow/example_dags/example_sla_dag.py took 0.078 seconds
[2026-03-28T22:13:11.072+0000] {processor.py:161} INFO - Started process (PID=451) to work on /home/airflow/.local/lib/python3.8/site-packages/airflow/example_dags/example_sla_dag.py
[2026-03-28T22:13:11.073+0000] {processor.py:830} INFO - Processing file /home/airflow/.local/lib/python3.8/site-packages/airflow/example_dags/example_sla_dag.py for tasks to queue
[2026-03-28T22:13:11.075+0000] {logging_mixin.py:188} INFO - [2026-03-28T22:13:11.074+0000] {dagbag.py:538} INFO - Filling up the DagBag from /home/airflow/.local/lib/python3.8/site-packages/airflow/example_dags/example_sla_dag.py
[2026-03-28T22:13:11.082+0000] {processor.py:840} INFO - DAG(s) 'example_sla_dag' retrieved from /home/airflow/.local/lib/python3.8/site-packages/airflow/example_dags/example_sla_dag.py
[2026-03-28T22:13:11.103+0000] {logging_mixin.py:188} INFO - [2026-03-28T22:13:11.103+0000] {dag.py:3036} INFO - Sync 1 DAGs
[2026-03-28T22:13:11.130+0000] {logging_mixin.py:188} INFO - [2026-03-28T22:13:11.130+0000] {dag.py:3823} INFO - Setting next_dagrun for example_sla_dag to 2026-03-28 22:10:00+00:00, run_after=2026-03-28 22:12:00+00:00
[2026-03-28T22:13:11.149+0000] {processor.py:183} INFO - Processing /home/airflow/.local/lib/python3.8/site-packages/airflow/example_dags/example_sla_dag.py took 0.080 seconds
[2026-03-28T22:14:05.135+0000] {processor.py:161} INFO - Started process (PID=58) to work on /home/airflow/.local/lib/python3.8/site-packages/airflow/example_dags/example_sla_dag.py
[2026-03-28T22:14:05.139+0000] {processor.py:830} INFO - Processing file /home/airflow/.local/lib/python3.8/site-packages/airflow/example_dags/example_sla_dag.py for tasks to queue
[2026-03-28T22:14:05.144+0000] {logging_mixin.py:188} INFO - [2026-03-28T22:14:05.143+0000] {dagbag.py:538} INFO - Filling up the DagBag from /home/airflow/.local/lib/python3.8/site-packages/airflow/example_dags/example_sla_dag.py
[2026-03-28T22:14:05.171+0000] {processor.py:840} INFO - DAG(s) 'example_sla_dag' retrieved from /home/airflow/.local/lib/python3.8/site-packages/airflow/example_dags/example_sla_dag.py
[2026-03-28T22:14:05.200+0000] {logging_mixin.py:188} INFO - [2026-03-28T22:14:05.199+0000] {dag.py:3036} INFO - Sync 1 DAGs
[2026-03-28T22:14:05.247+0000] {logging_mixin.py:188} INFO - [2026-03-28T22:14:05.247+0000] {dag.py:3823} INFO - Setting next_dagrun for example_sla_dag to 2026-03-28 22:12:00+00:00, run_after=2026-03-28 22:14:00+00:00
[2026-03-28T22:14:05.289+0000] {processor.py:183} INFO - Processing /home/airflow/.local/lib/python3.8/site-packages/airflow/example_dags/example_sla_dag.py took 0.162 seconds
[2026-03-28T22:14:35.737+0000] {processor.py:161} INFO - Started process (PID=119) to work on /home/airflow/.local/lib/python3.8/site-packages/airflow/example_dags/example_sla_dag.py
[2026-03-28T22:14:35.739+0000] {processor.py:830} INFO - Processing file /home/airflow/.local/lib/python3.8/site-packages/airflow/example_dags/example_sla_dag.py for tasks to queue
[2026-03-28T22:14:35.741+0000] {logging_mixin.py:188} INFO - [2026-03-28T22:14:35.740+0000] {dagbag.py:538} INFO - Filling up the DagBag from /home/airflow/.local/lib/python3.8/site-packages/airflow/example_dags/example_sla_dag.py
[2026-03-28T22:14:35.750+0000] {processor.py:840} INFO - DAG(s) 'example_sla_dag' retrieved from /home/airflow/.local/lib/python3.8/site-packages/airflow/example_dags/example_sla_dag.py
[2026-03-28T22:14:35.852+0000] {logging_mixin.py:188} INFO - [2026-03-28T22:14:35.851+0000] {dag.py:3036} INFO - Sync 1 DAGs
[2026-03-28T22:14:35.871+0000] {logging_mixin.py:188} INFO - [2026-03-28T22:14:35.871+0000] {dag.py:3823} INFO - Setting next_dagrun for example_sla_dag to 2026-03-28 22:12:00+00:00, run_after=2026-03-28 22:14:00+00:00
[2026-03-28T22:14:35.896+0000] {processor.py:183} INFO - Processing /home/airflow/.local/lib/python3.8/site-packages/airflow/example_dags/example_sla_dag.py took 0.163 seconds
[2026-03-28T22:15:06.102+0000] {processor.py:161} INFO - Started process (PID=175) to work on /home/airflow/.local/lib/python3.8/site-packages/airflow/example_dags/example_sla_dag.py
[2026-03-28T22:15:06.103+0000] {processor.py:830} INFO - Processing file /home/airflow/.local/lib/python3.8/site-packages/airflow/example_dags/example_sla_dag.py for tasks to queue
[2026-03-28T22:15:06.105+0000] {logging_mixin.py:188} INFO - [2026-03-28T22:15:06.105+0000] {dagbag.py:538} INFO - Filling up the DagBag from /home/airflow/.local/lib/python3.8/site-packages/airflow/example_dags/example_sla_dag.py
[2026-03-28T22:15:06.114+0000] {processor.py:840} INFO - DAG(s) 'example_sla_dag' retrieved from /home/airflow/.local/lib/python3.8/site-packages/airflow/example_dags/example_sla_dag.py
[2026-03-28T22:15:06.134+0000] {logging_mixin.py:188} INFO - [2026-03-28T22:15:06.134+0000] {dag.py:3036} INFO - Sync 1 DAGs
[2026-03-28T22:15:06.160+0000] {logging_mixin.py:188} INFO - [2026-03-28T22:15:06.160+0000] {dag.py:3823} INFO - Setting next_dagrun for example_sla_dag to 2026-03-28 22:12:00+00:00, run_after=2026-03-28 22:14:00+00:00
[2026-03-28T22:15:06.185+0000] {processor.py:183} INFO - Processing /home/airflow/.local/lib/python3.8/site-packages/airflow/example_dags/example_sla_dag.py took 0.086 seconds
[2026-03-28T22:15:36.456+0000] {processor.py:161} INFO - Started process (PID=231) to work on /home/airflow/.local/lib/python3.8/site-packages/airflow/example_dags/example_sla_dag.py
[2026-03-28T22:15:36.457+0000] {processor.py:830} INFO - Processing file /home/airflow/.local/lib/python3.8/site-packages/airflow/example_dags/example_sla_dag.py for tasks to queue
[2026-03-28T22:15:36.460+0000] {logging_mixin.py:188} INFO - [2026-03-28T22:15:36.459+0000] {dagbag.py:538} INFO - Filling up the DagBag from /home/airflow/.local/lib/python3.8/site-packages/airflow/example_dags/example_sla_dag.py
[2026-03-28T22:15:36.469+0000] {processor.py:840} INFO - DAG(s) 'example_sla_dag' retrieved from /home/airflow/.local/lib/python3.8/site-packages/airflow/example_dags/example_sla_dag.py
[2026-03-28T22:15:36.491+0000] {logging_mixin.py:188} INFO - [2026-03-28T22:15:36.491+0000] {dag.py:3036} INFO - Sync 1 DAGs
[2026-03-28T22:15:36.514+0000] {logging_mixin.py:188} INFO - [2026-03-28T22:15:36.514+0000] {dag.py:3823} INFO - Setting next_dagrun for example_sla_dag to 2026-03-28 22:12:00+00:00, run_after=2026-03-28 22:14:00+00:00
[2026-03-28T22:15:36.535+0000] {processor.py:183} INFO - Processing /home/airflow/.local/lib/python3.8/site-packages/airflow/example_dags/example_sla_dag.py took 0.083 seconds
[2026-03-28T22:16:06.853+0000] {processor.py:161} INFO - Started process (PID=287) to work on /home/airflow/.local/lib/python3.8/site-packages/airflow/example_dags/example_sla_dag.py
[2026-03-28T22:16:06.854+0000] {processor.py:830} INFO - Processing file /home/airflow/.local/lib/python3.8/site-packages/airflow/example_dags/example_sla_dag.py for tasks to queue
[2026-03-28T22:16:06.856+0000] {logging_mixin.py:188} INFO - [2026-03-28T22:16:06.856+0000] {dagbag.py:538} INFO - Filling up the DagBag from /home/airflow/.local/lib/python3.8/site-packages/airflow/example_dags/example_sla_dag.py
[2026-03-28T22:16:06.869+0000] {processor.py:840} INFO - DAG(s) 'example_sla_dag' retrieved from /home/airflow/.local/lib/python3.8/site-packages/airflow/example_dags/example_sla_dag.py
[2026-03-28T22:16:06.890+0000] {logging_mixin.py:188} INFO - [2026-03-28T22:16:06.889+0000] {dag.py:3036} INFO - Sync 1 DAGs
[2026-03-28T22:16:06.912+0000] {logging_mixin.py:188} INFO - [2026-03-28T22:16:06.912+0000] {dag.py:3823} INFO - Setting next_dagrun for example_sla_dag to 2026-03-28 22:14:00+00:00, run_after=2026-03-28 22:16:00+00:00
[2026-03-28T22:16:06.934+0000] {processor.py:183} INFO - Processing /home/airflow/.local/lib/python3.8/site-packages/airflow/example_dags/example_sla_dag.py took 0.085 seconds
[2026-03-28T22:16:37.062+0000] {processor.py:161} INFO - Started process (PID=343) to work on /home/airflow/.local/lib/python3.8/site-packages/airflow/example_dags/example_sla_dag.py
[2026-03-28T22:16:37.063+0000] {processor.py:830} INFO - Processing file /home/airflow/.local/lib/python3.8/site-packages/airflow/example_dags/example_sla_dag.py for tasks to queue
[2026-03-28T22:16:37.065+0000] {logging_mixin.py:188} INFO - [2026-03-28T22:16:37.064+0000] {dagbag.py:538} INFO - Filling up the DagBag from /home/airflow/.local/lib/python3.8/site-packages/airflow/example_dags/example_sla_dag.py
[2026-03-28T22:16:37.073+0000] {processor.py:840} INFO - DAG(s) 'example_sla_dag' retrieved from /home/airflow/.local/lib/python3.8/site-packages/airflow/example_dags/example_sla_dag.py
[2026-03-28T22:16:37.094+0000] {logging_mixin.py:188} INFO - [2026-03-28T22:16:37.094+0000] {dag.py:3036} INFO - Sync 1 DAGs
[2026-03-28T22:16:37.115+0000] {logging_mixin.py:188} INFO - [2026-03-28T22:16:37.115+0000] {dag.py:3823} INFO - Setting next_dagrun for example_sla_dag to 2026-03-28 22:14:00+00:00, run_after=2026-03-28 22:16:00+00:00
[2026-03-28T22:16:37.142+0000] {processor.py:183} INFO - Processing /home/airflow/.local/lib/python3.8/site-packages/airflow/example_dags/example_sla_dag.py took 0.084 seconds
[2026-03-28T22:17:07.293+0000] {processor.py:161} INFO - Started process (PID=399) to work on /home/airflow/.local/lib/python3.8/site-packages/airflow/example_dags/example_sla_dag.py
[2026-03-28T22:17:07.295+0000] {processor.py:830} INFO - Processing file /home/airflow/.local/lib/python3.8/site-packages/airflow/example_dags/example_sla_dag.py for tasks to queue
[2026-03-28T22:17:07.297+0000] {logging_mixin.py:188} INFO - [2026-03-28T22:17:07.296+0000] {dagbag.py:538} INFO - Filling up the DagBag from /home/airflow/.local/lib/python3.8/site-packages/airflow/example_dags/example_sla_dag.py
[2026-03-28T22:17:07.306+0000] {processor.py:840} INFO - DAG(s) 'example_sla_dag' retrieved from /home/airflow/.local/lib/python3.8/site-packages/airflow/example_dags/example_sla_dag.py
[2026-03-28T22:17:07.327+0000] {logging_mixin.py:188} INFO - [2026-03-28T22:17:07.327+0000] {dag.py:3036} INFO - Sync 1 DAGs
[2026-03-28T22:17:07.351+0000] {logging_mixin.py:188} INFO - [2026-03-28T22:17:07.351+0000] {dag.py:3823} INFO - Setting next_dagrun for example_sla_dag to 2026-03-28 22:14:00+00:00, run_after=2026-03-28 22:16:00+00:00
[2026-03-28T22:17:07.377+0000] {processor.py:183} INFO - Processing /home/airflow/.local/lib/python3.8/site-packages/airflow/example_dags/example_sla_dag.py took 0.087 seconds
[2026-03-28T22:17:37.514+0000] {processor.py:161} INFO - Started process (PID=455) to work on /home/airflow/.local/lib/python3.8/site-packages/airflow/example_dags/example_sla_dag.py
[2026-03-28T22:17:37.515+0000] {processor.py:830} INFO - Processing file /home/airflow/.local/lib/python3.8/site-packages/airflow/example_dags/example_sla_dag.py for tasks to queue
[2026-03-28T22:17:37.517+0000] {logging_mixin.py:188} INFO - [2026-03-28T22:17:37.517+0000] {dagbag.py:538} INFO - Filling up the DagBag from /home/airflow/.local/lib/python3.8/site-packages/airflow/example_dags/example_sla_dag.py
[2026-03-28T22:17:37.527+0000] {processor.py:840} INFO - DAG(s) 'example_sla_dag' retrieved from /home/airflow/.local/lib/python3.8/site-packages/airflow/example_dags/example_sla_dag.py
[2026-03-28T22:17:37.548+0000] {logging_mixin.py:188} INFO - [2026-03-28T22:17:37.548+0000] {dag.py:3036} INFO - Sync 1 DAGs
[2026-03-28T22:17:37.571+0000] {logging_mixin.py:188} INFO - [2026-03-28T22:17:37.571+0000] {dag.py:3823} INFO - Setting next_dagrun for example_sla_dag to 2026-03-28 22:14:00+00:00, run_after=2026-03-28 22:16:00+00:00
[2026-03-28T22:17:37.594+0000] {processor.py:183} INFO - Processing /home/airflow/.local/lib/python3.8/site-packages/airflow/example_dags/example_sla_dag.py took 0.084 seconds
[2026-03-28T22:18:08.153+0000] {processor.py:161} INFO - Started process (PID=511) to work on /home/airflow/.local/lib/python3.8/site-packages/airflow/example_dags/example_sla_dag.py
[2026-03-28T22:18:08.154+0000] {processor.py:830} INFO - Processing file /home/airflow/.local/lib/python3.8/site-packages/airflow/example_dags/example_sla_dag.py for tasks to queue
[2026-03-28T22:18:08.156+0000] {logging_mixin.py:188} INFO - [2026-03-28T22:18:08.156+0000] {dagbag.py:538} INFO - Filling up the DagBag from /home/airflow/.local/lib/python3.8/site-packages/airflow/example_dags/example_sla_dag.py
[2026-03-28T22:18:08.165+0000] {processor.py:840} INFO - DAG(s) 'example_sla_dag' retrieved from /home/airflow/.local/lib/python3.8/site-packages/airflow/example_dags/example_sla_dag.py
[2026-03-28T22:18:08.185+0000] {logging_mixin.py:188} INFO - [2026-03-28T22:18:08.185+0000] {dag.py:3036} INFO - Sync 1 DAGs
[2026-03-28T22:18:08.208+0000] {logging_mixin.py:188} INFO - [2026-03-28T22:18:08.208+0000] {dag.py:3823} INFO - Setting next_dagrun for example_sla_dag to 2026-03-28 22:16:00+00:00, run_after=2026-03-28 22:18:00+00:00
[2026-03-28T22:18:08.230+0000] {processor.py:183} INFO - Processing /home/airflow/.local/lib/python3.8/site-packages/airflow/example_dags/example_sla_dag.py took 0.081 seconds
[2026-03-28T22:18:38.463+0000] {processor.py:161} INFO - Started process (PID=567) to work on /home/airflow/.local/lib/python3.8/site-packages/airflow/example_dags/example_sla_dag.py
[2026-03-28T22:18:38.464+0000] {processor.py:830} INFO - Processing file /home/airflow/.local/lib/python3.8/site-packages/airflow/example_dags/example_sla_dag.py for tasks to queue
[2026-03-28T22:18:38.466+0000] {logging_mixin.py:188} INFO - [2026-03-28T22:18:38.466+0000] {dagbag.py:538} INFO - Filling up the DagBag from /home/airflow/.local/lib/python3.8/site-packages/airflow/example_dags/example_sla_dag.py
[2026-03-28T22:18:38.474+0000] {processor.py:840} INFO - DAG(s) 'example_sla_dag' retrieved from /home/airflow/.local/lib/python3.8/site-packages/airflow/example_dags/example_sla_dag.py
[2026-03-28T22:18:38.495+0000] {logging_mixin.py:188} INFO - [2026-03-28T22:18:38.494+0000] {dag.py:3036} INFO - Sync 1 DAGs
[2026-03-28T22:18:38.515+0000] {logging_mixin.py:188} INFO - [2026-03-28T22:18:38.515+0000] {dag.py:3823} INFO - Setting next_dagrun for example_sla_dag to 2026-03-28 22:16:00+00:00, run_after=2026-03-28 22:18:00+00:00
[2026-03-28T22:18:38.536+0000] {processor.py:183} INFO - Processing /home/airflow/.local/lib/python3.8/site-packages/airflow/example_dags/example_sla_dag.py took 0.077 seconds
[2026-03-28T22:19:08.677+0000] {processor.py:161} INFO - Started process (PID=623) to work on /home/airflow/.local/lib/python3.8/site-packages/airflow/example_dags/example_sla_dag.py
[2026-03-28T22:19:08.678+0000] {processor.py:830} INFO - Processing file /home/airflow/.local/lib/python3.8/site-packages/airflow/example_dags/example_sla_dag.py for tasks to queue
[2026-03-28T22:19:08.680+0000] {logging_mixin.py:188} INFO - [2026-03-28T22:19:08.680+0000] {dagbag.py:538} INFO - Filling up the DagBag from /home/airflow/.local/lib/python3.8/site-packages/airflow/example_dags/example_sla_dag.py
[2026-03-28T22:19:08.690+0000] {processor.py:840} INFO - DAG(s) 'example_sla_dag' retrieved from /home/airflow/.local/lib/python3.8/site-packages/airflow/example_dags/example_sla_dag.py
[2026-03-28T22:19:08.712+0000] {logging_mixin.py:188} INFO - [2026-03-28T22:19:08.712+0000] {dag.py:3036} INFO - Sync 1 DAGs
[2026-03-28T22:19:08.733+0000] {logging_mixin.py:188} INFO - [2026-03-28T22:19:08.733+0000] {dag.py:3823} INFO - Setting next_dagrun for example_sla_dag to 2026-03-28 22:16:00+00:00, run_after=2026-03-28 22:18:00+00:00
[2026-03-28T22:19:08.756+0000] {processor.py:183} INFO - Processing /home/airflow/.local/lib/python3.8/site-packages/airflow/example_dags/example_sla_dag.py took 0.083 seconds
[2026-03-28T22:19:39.653+0000] {processor.py:161} INFO - Started process (PID=679) to work on /home/airflow/.local/lib/python3.8/site-packages/airflow/example_dags/example_sla_dag.py
[2026-03-28T22:19:39.655+0000] {processor.py:830} INFO - Processing file /home/airflow/.local/lib/python3.8/site-packages/airflow/example_dags/example_sla_dag.py for tasks to queue
[2026-03-28T22:19:39.657+0000] {logging_mixin.py:188} INFO - [2026-03-28T22:19:39.657+0000] {dagbag.py:538} INFO - Filling up the DagBag from /home/airflow/.local/lib/python3.8/site-packages/airflow/example_dags/example_sla_dag.py
[2026-03-28T22:19:39.668+0000] {processor.py:840} INFO - DAG(s) 'example_sla_dag' retrieved from /home/airflow/.local/lib/python3.8/site-packages/airflow/example_dags/example_sla_dag.py
[2026-03-28T22:19:39.694+0000] {logging_mixin.py:188} INFO - [2026-03-28T22:19:39.694+0000] {dag.py:3036} INFO - Sync 1 DAGs
[2026-03-28T22:19:39.723+0000] {logging_mixin.py:188} INFO - [2026-03-28T22:19:39.722+0000] {dag.py:3823} INFO - Setting next_dagrun for example_sla_dag to 2026-03-28 22:16:00+00:00, run_after=2026-03-28 22:18:00+00:00
[2026-03-28T22:19:39.757+0000] {processor.py:183} INFO - Processing /home/airflow/.local/lib/python3.8/site-packages/airflow/example_dags/example_sla_dag.py took 0.108 seconds
[2026-03-28T22:20:10.243+0000] {processor.py:161} INFO - Started process (PID=735) to work on /home/airflow/.local/lib/python3.8/site-packages/airflow/example_dags/example_sla_dag.py
[2026-03-28T22:20:10.244+0000] {processor.py:830} INFO - Processing file /home/airflow/.local/lib/python3.8/site-packages/airflow/example_dags/example_sla_dag.py for tasks to queue
[2026-03-28T22:20:10.247+0000] {logging_mixin.py:188} INFO - [2026-03-28T22:20:10.247+0000] {dagbag.py:538} INFO - Filling up the DagBag from /home/airflow/.local/lib/python3.8/site-packages/airflow/example_dags/example_sla_dag.py
[2026-03-28T22:20:10.258+0000] {processor.py:840} INFO - DAG(s) 'example_sla_dag' retrieved from /home/airflow/.local/lib/python3.8/site-packages/airflow/example_dags/example_sla_dag.py
[2026-03-28T22:20:10.282+0000] {logging_mixin.py:188} INFO - [2026-03-28T22:20:10.282+0000] {dag.py:3036} INFO - Sync 1 DAGs
[2026-03-28T22:20:10.317+0000] {logging_mixin.py:188} INFO - [2026-03-28T22:20:10.317+0000] {dag.py:3823} INFO - Setting next_dagrun for example_sla_dag to 2026-03-28 22:18:00+00:00, run_after=2026-03-28 22:20:00+00:00
[2026-03-28T22:20:10.342+0000] {processor.py:183} INFO - Processing /home/airflow/.local/lib/python3.8/site-packages/airflow/example_dags/example_sla_dag.py took 0.104 seconds
[2026-03-28T22:20:40.456+0000] {processor.py:161} INFO - Started process (PID=791) to work on /home/airflow/.local/lib/python3.8/site-packages/airflow/example_dags/example_sla_dag.py
[2026-03-28T22:20:40.457+0000] {processor.py:830} INFO - Processing file /home/airflow/.local/lib/python3.8/site-packages/airflow/example_dags/example_sla_dag.py for tasks to queue
[2026-03-28T22:20:40.460+0000] {logging_mixin.py:188} INFO - [2026-03-28T22:20:40.460+0000] {dagbag.py:538} INFO - Filling up the DagBag from /home/airflow/.local/lib/python3.8/site-packages/airflow/example_dags/example_sla_dag.py
[2026-03-28T22:20:40.472+0000] {processor.py:840} INFO - DAG(s) 'example_sla_dag' retrieved from /home/airflow/.local/lib/python3.8/site-packages/airflow/example_dags/example_sla_dag.py
[2026-03-28T22:20:40.499+0000] {logging_mixin.py:188} INFO - [2026-03-28T22:20:40.499+0000] {dag.py:3036} INFO - Sync 1 DAGs
[2026-03-28T22:20:40.527+0000] {logging_mixin.py:188} INFO - [2026-03-28T22:20:40.527+0000] {dag.py:3823} INFO - Setting next_dagrun for example_sla_dag to 2026-03-28 22:18:00+00:00, run_after=2026-03-28 22:20:00+00:00
[2026-03-28T22:20:40.556+0000] {processor.py:183} INFO - Processing /home/airflow/.local/lib/python3.8/site-packages/airflow/example_dags/example_sla_dag.py took 0.105 seconds
[2026-03-28T22:21:11.265+0000] {processor.py:161} INFO - Started process (PID=847) to work on /home/airflow/.local/lib/python3.8/site-packages/airflow/example_dags/example_sla_dag.py
[2026-03-28T22:21:11.266+0000] {processor.py:830} INFO - Processing file /home/airflow/.local/lib/python3.8/site-packages/airflow/example_dags/example_sla_dag.py for tasks to queue
[2026-03-28T22:21:11.268+0000] {logging_mixin.py:188} INFO - [2026-03-28T22:21:11.268+0000] {dagbag.py:538} INFO - Filling up the DagBag from /home/airflow/.local/lib/python3.8/site-packages/airflow/example_dags/example_sla_dag.py
[2026-03-28T22:21:11.278+0000] {processor.py:840} INFO - DAG(s) 'example_sla_dag' retrieved from /home/airflow/.local/lib/python3.8/site-packages/airflow/example_dags/example_sla_dag.py
[2026-03-28T22:21:11.301+0000] {logging_mixin.py:188} INFO - [2026-03-28T22:21:11.301+0000] {dag.py:3036} INFO - Sync 1 DAGs
[2026-03-28T22:21:11.331+0000] {logging_mixin.py:188} INFO - [2026-03-28T22:21:11.331+0000] {dag.py:3823} INFO - Setting next_dagrun for example_sla_dag to 2026-03-28 22:18:00+00:00, run_after=2026-03-28 22:20:00+00:00
[2026-03-28T22:21:11.594+0000] {processor.py:183} INFO - Processing /home/airflow/.local/lib/python3.8/site-packages/airflow/example_dags/example_sla_dag.py took 0.333 seconds
[2026-03-28T22:21:41.754+0000] {processor.py:161} INFO - Started process (PID=903) to work on /home/airflow/.local/lib/python3.8/site-packages/airflow/example_dags/example_sla_dag.py
[2026-03-28T22:21:41.755+0000] {processor.py:830} INFO - Processing file /home/airflow/.local/lib/python3.8/site-packages/airflow/example_dags/example_sla_dag.py for tasks to queue
[2026-03-28T22:21:41.757+0000] {logging_mixin.py:188} INFO - [2026-03-28T22:21:41.757+0000] {dagbag.py:538} INFO - Filling up the DagBag from /home/airflow/.local/lib/python3.8/site-packages/airflow/example_dags/example_sla_dag.py
[2026-03-28T22:21:41.767+0000] {processor.py:840} INFO - DAG(s) 'example_sla_dag' retrieved from /home/airflow/.local/lib/python3.8/site-packages/airflow/example_dags/example_sla_dag.py
[2026-03-28T22:21:41.789+0000] {logging_mixin.py:188} INFO - [2026-03-28T22:21:41.789+0000] {dag.py:3036} INFO - Sync 1 DAGs
[2026-03-28T22:21:41.817+0000] {logging_mixin.py:188} INFO - [2026-03-28T22:21:41.817+0000] {dag.py:3823} INFO - Setting next_dagrun for example_sla_dag to 2026-03-28 22:18:00+00:00, run_after=2026-03-28 22:20:00+00:00
[2026-03-28T22:21:41.839+0000] {processor.py:183} INFO - Processing /home/airflow/.local/lib/python3.8/site-packages/airflow/example_dags/example_sla_dag.py took 0.089 seconds
[2026-03-28T22:22:12.011+0000] {processor.py:161} INFO - Started process (PID=959) to work on /home/airflow/.local/lib/python3.8/site-packages/airflow/example_dags/example_sla_dag.py
[2026-03-28T22:22:12.012+0000] {processor.py:830} INFO - Processing file /home/airflow/.local/lib/python3.8/site-packages/airflow/example_dags/example_sla_dag.py for tasks to queue
[2026-03-28T22:22:12.014+0000] {logging_mixin.py:188} INFO - [2026-03-28T22:22:12.013+0000] {dagbag.py:538} INFO - Filling up the DagBag from /home/airflow/.local/lib/python3.8/site-packages/airflow/example_dags/example_sla_dag.py
[2026-03-28T22:22:12.026+0000] {processor.py:840} INFO - DAG(s) 'example_sla_dag' retrieved from /home/airflow/.local/lib/python3.8/site-packages/airflow/example_dags/example_sla_dag.py
[2026-03-28T22:22:12.047+0000] {logging_mixin.py:188} INFO - [2026-03-28T22:22:12.046+0000] {dag.py:3036} INFO - Sync 1 DAGs
[2026-03-28T22:22:12.070+0000] {logging_mixin.py:188} INFO - [2026-03-28T22:22:12.070+0000] {dag.py:3823} INFO - Setting next_dagrun for example_sla_dag to 2026-03-28 22:20:00+00:00, run_after=2026-03-28 22:22:00+00:00
[2026-03-28T22:22:12.093+0000] {processor.py:183} INFO - Processing /home/airflow/.local/lib/python3.8/site-packages/airflow/example_dags/example_sla_dag.py took 0.086 seconds
[2026-03-28T22:22:42.169+0000] {processor.py:161} INFO - Started process (PID=1015) to work on /home/airflow/.local/lib/python3.8/site-packages/airflow/example_dags/example_sla_dag.py
[2026-03-28T22:22:42.173+0000] {processor.py:830} INFO - Processing file /home/airflow/.local/lib/python3.8/site-packages/airflow/example_dags/example_sla_dag.py for tasks to queue
[2026-03-28T22:22:42.176+0000] {logging_mixin.py:188} INFO - [2026-03-28T22:22:42.175+0000] {dagbag.py:538} INFO - Filling up the DagBag from /home/airflow/.local/lib/python3.8/site-packages/airflow/example_dags/example_sla_dag.py
[2026-03-28T22:22:42.184+0000] {processor.py:840} INFO - DAG(s) 'example_sla_dag' retrieved from /home/airflow/.local/lib/python3.8/site-packages/airflow/example_dags/example_sla_dag.py
[2026-03-28T22:22:42.205+0000] {logging_mixin.py:188} INFO - [2026-03-28T22:22:42.205+0000] {dag.py:3036} INFO - Sync 1 DAGs
[2026-03-28T22:22:42.231+0000] {logging_mixin.py:188} INFO - [2026-03-28T22:22:42.231+0000] {dag.py:3823} INFO - Setting next_dagrun for example_sla_dag to 2026-03-28 22:20:00+00:00, run_after=2026-03-28 22:22:00+00:00
[2026-03-28T22:22:42.253+0000] {processor.py:183} INFO - Processing /home/airflow/.local/lib/python3.8/site-packages/airflow/example_dags/example_sla_dag.py took 0.087 seconds
[2026-03-28T22:23:12.480+0000] {processor.py:161} INFO - Started process (PID=1071) to work on /home/airflow/.local/lib/python3.8/site-packages/airflow/example_dags/example_sla_dag.py
[2026-03-28T22:23:12.481+0000] {processor.py:830} INFO - Processing file /home/airflow/.local/lib/python3.8/site-packages/airflow/example_dags/example_sla_dag.py for tasks to queue
[2026-03-28T22:23:12.483+0000] {logging_mixin.py:188} INFO - [2026-03-28T22:23:12.483+0000] {dagbag.py:538} INFO - Filling up the DagBag from /home/airflow/.local/lib/python3.8/site-packages/airflow/example_dags/example_sla_dag.py
[2026-03-28T22:23:12.491+0000] {processor.py:840} INFO - DAG(s) 'example_sla_dag' retrieved from /home/airflow/.local/lib/python3.8/site-packages/airflow/example_dags/example_sla_dag.py
[2026-03-28T22:23:12.511+0000] {logging_mixin.py:188} INFO - [2026-03-28T22:23:12.511+0000] {dag.py:3036} INFO - Sync 1 DAGs
[2026-03-28T22:23:12.533+0000] {logging_mixin.py:188} INFO - [2026-03-28T22:23:12.532+0000] {dag.py:3823} INFO - Setting next_dagrun for example_sla_dag to 2026-03-28 22:20:00+00:00, run_after=2026-03-28 22:22:00+00:00
[2026-03-28T22:23:12.556+0000] {processor.py:183} INFO - Processing /home/airflow/.local/lib/python3.8/site-packages/airflow/example_dags/example_sla_dag.py took 0.080 seconds
[2026-03-28T22:23:42.775+0000] {processor.py:161} INFO - Started process (PID=1127) to work on /home/airflow/.local/lib/python3.8/site-packages/airflow/example_dags/example_sla_dag.py
[2026-03-28T22:23:42.776+0000] {processor.py:830} INFO - Processing file /home/airflow/.local/lib/python3.8/site-packages/airflow/example_dags/example_sla_dag.py for tasks to queue
[2026-03-28T22:23:42.778+0000] {logging_mixin.py:188} INFO - [2026-03-28T22:23:42.778+0000] {dagbag.py:538} INFO - Filling up the DagBag from /home/airflow/.local/lib/python3.8/site-packages/airflow/example_dags/example_sla_dag.py
[2026-03-28T22:23:42.787+0000] {processor.py:840} INFO - DAG(s) 'example_sla_dag' retrieved from /home/airflow/.local/lib/python3.8/site-packages/airflow/example_dags/example_sla_dag.py
[2026-03-28T22:23:42.808+0000] {logging_mixin.py:188} INFO - [2026-03-28T22:23:42.808+0000] {dag.py:3036} INFO - Sync 1 DAGs
[2026-03-28T22:23:42.832+0000] {logging_mixin.py:188} INFO - [2026-03-28T22:23:42.831+0000] {dag.py:3823} INFO - Setting next_dagrun for example_sla_dag to 2026-03-28 22:20:00+00:00, run_after=2026-03-28 22:22:00+00:00
[2026-03-28T22:23:42.856+0000] {processor.py:183} INFO - Processing /home/airflow/.local/lib/python3.8/site-packages/airflow/example_dags/example_sla_dag.py took 0.084 seconds
[2026-03-28T22:24:13.198+0000] {processor.py:161} INFO - Started process (PID=1183) to work on /home/airflow/.local/lib/python3.8/site-packages/airflow/example_dags/example_sla_dag.py
[2026-03-28T22:24:13.199+0000] {processor.py:830} INFO - Processing file /home/airflow/.local/lib/python3.8/site-packages/airflow/example_dags/example_sla_dag.py for tasks to queue
[2026-03-28T22:24:13.202+0000] {logging_mixin.py:188} INFO - [2026-03-28T22:24:13.202+0000] {dagbag.py:538} INFO - Filling up the DagBag from /home/airflow/.local/lib/python3.8/site-packages/airflow/example_dags/example_sla_dag.py
[2026-03-28T22:24:13.212+0000] {processor.py:840} INFO - DAG(s) 'example_sla_dag' retrieved from /home/airflow/.local/lib/python3.8/site-packages/airflow/example_dags/example_sla_dag.py
[2026-03-28T22:24:13.234+0000] {logging_mixin.py:188} INFO - [2026-03-28T22:24:13.234+0000] {dag.py:3036} INFO - Sync 1 DAGs
[2026-03-28T22:24:13.255+0000] {logging_mixin.py:188} INFO - [2026-03-28T22:24:13.255+0000] {dag.py:3823} INFO - Setting next_dagrun for example_sla_dag to 2026-03-28 22:22:00+00:00, run_after=2026-03-28 22:24:00+00:00
[2026-03-28T22:24:13.276+0000] {processor.py:183} INFO - Processing /home/airflow/.local/lib/python3.8/site-packages/airflow/example_dags/example_sla_dag.py took 0.083 seconds
[2026-03-28T22:24:43.535+0000] {processor.py:161} INFO - Started process (PID=1239) to work on /home/airflow/.local/lib/python3.8/site-packages/airflow/example_dags/example_sla_dag.py
[2026-03-28T22:24:43.537+0000] {processor.py:830} INFO - Processing file /home/airflow/.local/lib/python3.8/site-packages/airflow/example_dags/example_sla_dag.py for tasks to queue
[2026-03-28T22:24:43.539+0000] {logging_mixin.py:188} INFO - [2026-03-28T22:24:43.538+0000] {dagbag.py:538} INFO - Filling up the DagBag from /home/airflow/.local/lib/python3.8/site-packages/airflow/example_dags/example_sla_dag.py
[2026-03-28T22:24:43.546+0000] {processor.py:840} INFO - DAG(s) 'example_sla_dag' retrieved from /home/airflow/.local/lib/python3.8/site-packages/airflow/example_dags/example_sla_dag.py
[2026-03-28T22:24:43.569+0000] {logging_mixin.py:188} INFO - [2026-03-28T22:24:43.569+0000] {dag.py:3036} INFO - Sync 1 DAGs
[2026-03-28T22:24:43.593+0000] {logging_mixin.py:188} INFO - [2026-03-28T22:24:43.593+0000] {dag.py:3823} INFO - Setting next_dagrun for example_sla_dag to 2026-03-28 22:22:00+00:00, run_after=2026-03-28 22:24:00+00:00
[2026-03-28T22:24:43.650+0000] {processor.py:183} INFO - Processing /home/airflow/.local/lib/python3.8/site-packages/airflow/example_dags/example_sla_dag.py took 0.118 seconds
[2026-03-28T22:25:13.784+0000] {processor.py:161} INFO - Started process (PID=1295) to work on /home/airflow/.local/lib/python3.8/site-packages/airflow/example_dags/example_sla_dag.py
[2026-03-28T22:25:13.785+0000] {processor.py:830} INFO - Processing file /home/airflow/.local/lib/python3.8/site-packages/airflow/example_dags/example_sla_dag.py for tasks to queue
[2026-03-28T22:25:13.786+0000] {logging_mixin.py:188} INFO - [2026-03-28T22:25:13.786+0000] {dagbag.py:538} INFO - Filling up the DagBag from /home/airflow/.local/lib/python3.8/site-packages/airflow/example_dags/example_sla_dag.py
[2026-03-28T22:25:13.795+0000] {processor.py:840} INFO - DAG(s) 'example_sla_dag' retrieved from /home/airflow/.local/lib/python3.8/site-packages/airflow/example_dags/example_sla_dag.py
[2026-03-28T22:25:13.815+0000] {logging_mixin.py:188} INFO - [2026-03-28T22:25:13.814+0000] {dag.py:3036} INFO - Sync 1 DAGs
[2026-03-28T22:25:13.835+0000] {logging_mixin.py:188} INFO - [2026-03-28T22:25:13.835+0000] {dag.py:3823} INFO - Setting next_dagrun for example_sla_dag to 2026-03-28 22:22:00+00:00, run_after=2026-03-28 22:24:00+00:00
[2026-03-28T22:25:13.862+0000] {processor.py:183} INFO - Processing /home/airflow/.local/lib/python3.8/site-packages/airflow/example_dags/example_sla_dag.py took 0.082 seconds
[2026-03-28T22:25:44.085+0000] {processor.py:161} INFO - Started process (PID=1351) to work on /home/airflow/.local/lib/python3.8/site-packages/airflow/example_dags/example_sla_dag.py
[2026-03-28T22:25:44.086+0000] {processor.py:830} INFO - Processing file /home/airflow/.local/lib/python3.8/site-packages/airflow/example_dags/example_sla_dag.py for tasks to queue
[2026-03-28T22:25:44.088+0000] {logging_mixin.py:188} INFO - [2026-03-28T22:25:44.088+0000] {dagbag.py:538} INFO - Filling up the DagBag from /home/airflow/.local/lib/python3.8/site-packages/airflow/example_dags/example_sla_dag.py
[2026-03-28T22:25:44.096+0000] {processor.py:840} INFO - DAG(s) 'example_sla_dag' retrieved from /home/airflow/.local/lib/python3.8/site-packages/airflow/example_dags/example_sla_dag.py
[2026-03-28T22:25:44.117+0000] {logging_mixin.py:188} INFO - [2026-03-28T22:25:44.117+0000] {dag.py:3036} INFO - Sync 1 DAGs
[2026-03-28T22:25:44.140+0000] {logging_mixin.py:188} INFO - [2026-03-28T22:25:44.139+0000] {dag.py:3823} INFO - Setting next_dagrun for example_sla_dag to 2026-03-28 22:22:00+00:00, run_after=2026-03-28 22:24:00+00:00
[2026-03-28T22:25:44.161+0000] {processor.py:183} INFO - Processing /home/airflow/.local/lib/python3.8/site-packages/airflow/example_dags/example_sla_dag.py took 0.080 seconds
[2026-03-28T22:26:14.340+0000] {processor.py:161} INFO - Started process (PID=1408) to work on /home/airflow/.local/lib/python3.8/site-packages/airflow/example_dags/example_sla_dag.py
[2026-03-28T22:26:14.341+0000] {processor.py:830} INFO - Processing file /home/airflow/.local/lib/python3.8/site-packages/airflow/example_dags/example_sla_dag.py for tasks to queue
[2026-03-28T22:26:14.343+0000] {logging_mixin.py:188} INFO - [2026-03-28T22:26:14.342+0000] {dagbag.py:538} INFO - Filling up the DagBag from /home/airflow/.local/lib/python3.8/site-packages/airflow/example_dags/example_sla_dag.py
[2026-03-28T22:26:14.352+0000] {processor.py:840} INFO - DAG(s) 'example_sla_dag' retrieved from /home/airflow/.local/lib/python3.8/site-packages/airflow/example_dags/example_sla_dag.py
[2026-03-28T22:26:14.376+0000] {logging_mixin.py:188} INFO - [2026-03-28T22:26:14.375+0000] {dag.py:3036} INFO - Sync 1 DAGs
[2026-03-28T22:26:14.398+0000] {logging_mixin.py:188} INFO - [2026-03-28T22:26:14.398+0000] {dag.py:3823} INFO - Setting next_dagrun for example_sla_dag to 2026-03-28 22:24:00+00:00, run_after=2026-03-28 22:26:00+00:00
[2026-03-28T22:26:14.427+0000] {processor.py:183} INFO - Processing /home/airflow/.local/lib/python3.8/site-packages/airflow/example_dags/example_sla_dag.py took 0.090 seconds
[2026-03-28T22:26:44.708+0000] {processor.py:161} INFO - Started process (PID=1464) to work on /home/airflow/.local/lib/python3.8/site-packages/airflow/example_dags/example_sla_dag.py
[2026-03-28T22:26:44.709+0000] {processor.py:830} INFO - Processing file /home/airflow/.local/lib/python3.8/site-packages/airflow/example_dags/example_sla_dag.py for tasks to queue
[2026-03-28T22:26:44.711+0000] {logging_mixin.py:188} INFO - [2026-03-28T22:26:44.711+0000] {dagbag.py:538} INFO - Filling up the DagBag from /home/airflow/.local/lib/python3.8/site-packages/airflow/example_dags/example_sla_dag.py
[2026-03-28T22:26:44.719+0000] {processor.py:840} INFO - DAG(s) 'example_sla_dag' retrieved from /home/airflow/.local/lib/python3.8/site-packages/airflow/example_dags/example_sla_dag.py
[2026-03-28T22:26:44.743+0000] {logging_mixin.py:188} INFO - [2026-03-28T22:26:44.742+0000] {dag.py:3036} INFO - Sync 1 DAGs
[2026-03-28T22:26:44.765+0000] {logging_mixin.py:188} INFO - [2026-03-28T22:26:44.764+0000] {dag.py:3823} INFO - Setting next_dagrun for example_sla_dag to 2026-03-28 22:24:00+00:00, run_after=2026-03-28 22:26:00+00:00
[2026-03-28T22:26:44.810+0000] {processor.py:183} INFO - Processing /home/airflow/.local/lib/python3.8/site-packages/airflow/example_dags/example_sla_dag.py took 0.106 seconds
[2026-03-28T22:27:15.281+0000] {processor.py:161} INFO - Started process (PID=1520) to work on /home/airflow/.local/lib/python3.8/site-packages/airflow/example_dags/example_sla_dag.py
[2026-03-28T22:27:15.282+0000] {processor.py:830} INFO - Processing file /home/airflow/.local/lib/python3.8/site-packages/airflow/example_dags/example_sla_dag.py for tasks to queue
[2026-03-28T22:27:15.284+0000] {logging_mixin.py:188} INFO - [2026-03-28T22:27:15.284+0000] {dagbag.py:538} INFO - Filling up the DagBag from /home/airflow/.local/lib/python3.8/site-packages/airflow/example_dags/example_sla_dag.py
[2026-03-28T22:27:15.295+0000] {processor.py:840} INFO - DAG(s) 'example_sla_dag' retrieved from /home/airflow/.local/lib/python3.8/site-packages/airflow/example_dags/example_sla_dag.py
[2026-03-28T22:27:15.320+0000] {logging_mixin.py:188} INFO - [2026-03-28T22:27:15.319+0000] {dag.py:3036} INFO - Sync 1 DAGs
[2026-03-28T22:27:15.348+0000] {logging_mixin.py:188} INFO - [2026-03-28T22:27:15.348+0000] {dag.py:3823} INFO - Setting next_dagrun for example_sla_dag to 2026-03-28 22:24:00+00:00, run_after=2026-03-28 22:26:00+00:00
[2026-03-28T22:27:15.374+0000] {processor.py:183} INFO - Processing /home/airflow/.local/lib/python3.8/site-packages/airflow/example_dags/example_sla_dag.py took 0.097 seconds
[2026-03-28T22:27:45.864+0000] {processor.py:161} INFO - Started process (PID=1576) to work on /home/airflow/.local/lib/python3.8/site-packages/airflow/example_dags/example_sla_dag.py
[2026-03-28T22:27:45.865+0000] {processor.py:830} INFO - Processing file /home/airflow/.local/lib/python3.8/site-packages/airflow/example_dags/example_sla_dag.py for tasks to queue
[2026-03-28T22:27:45.870+0000] {logging_mixin.py:188} INFO - [2026-03-28T22:27:45.869+0000] {dagbag.py:538} INFO - Filling up the DagBag from /home/airflow/.local/lib/python3.8/site-packages/airflow/example_dags/example_sla_dag.py
[2026-03-28T22:27:45.883+0000] {processor.py:840} INFO - DAG(s) 'example_sla_dag' retrieved from /home/airflow/.local/lib/python3.8/site-packages/airflow/example_dags/example_sla_dag.py
[2026-03-28T22:27:45.909+0000] {logging_mixin.py:188} INFO - [2026-03-28T22:27:45.909+0000] {dag.py:3036} INFO - Sync 1 DAGs
[2026-03-28T22:27:45.946+0000] {logging_mixin.py:188} INFO - [2026-03-28T22:27:45.945+0000] {dag.py:3823} INFO - Setting next_dagrun for example_sla_dag to 2026-03-28 22:24:00+00:00, run_after=2026-03-28 22:26:00+00:00
[2026-03-28T22:27:45.991+0000] {processor.py:183} INFO - Processing /home/airflow/.local/lib/python3.8/site-packages/airflow/example_dags/example_sla_dag.py took 0.132 seconds
[2026-03-28T22:28:16.193+0000] {processor.py:161} INFO - Started process (PID=1632) to work on /home/airflow/.local/lib/python3.8/site-packages/airflow/example_dags/example_sla_dag.py
[2026-03-28T22:28:16.195+0000] {processor.py:830} INFO - Processing file /home/airflow/.local/lib/python3.8/site-packages/airflow/example_dags/example_sla_dag.py for tasks to queue
[2026-03-28T22:28:16.197+0000] {logging_mixin.py:188} INFO - [2026-03-28T22:28:16.196+0000] {dagbag.py:538} INFO - Filling up the DagBag from /home/airflow/.local/lib/python3.8/site-packages/airflow/example_dags/example_sla_dag.py
[2026-03-28T22:28:16.205+0000] {processor.py:840} INFO - DAG(s) 'example_sla_dag' retrieved from /home/airflow/.local/lib/python3.8/site-packages/airflow/example_dags/example_sla_dag.py
[2026-03-28T22:28:16.227+0000] {logging_mixin.py:188} INFO - [2026-03-28T22:28:16.226+0000] {dag.py:3036} INFO - Sync 1 DAGs
[2026-03-28T22:28:16.251+0000] {logging_mixin.py:188} INFO - [2026-03-28T22:28:16.251+0000] {dag.py:3823} INFO - Setting next_dagrun for example_sla_dag to 2026-03-28 22:26:00+00:00, run_after=2026-03-28 22:28:00+00:00
[2026-03-28T22:28:16.282+0000] {processor.py:183} INFO - Processing /home/airflow/.local/lib/python3.8/site-packages/airflow/example_dags/example_sla_dag.py took 0.091 seconds
[2026-03-28T22:28:46.682+0000] {processor.py:161} INFO - Started process (PID=1688) to work on /home/airflow/.local/lib/python3.8/site-packages/airflow/example_dags/example_sla_dag.py
[2026-03-28T22:28:46.684+0000] {processor.py:830} INFO - Processing file /home/airflow/.local/lib/python3.8/site-packages/airflow/example_dags/example_sla_dag.py for tasks to queue
[2026-03-28T22:28:46.686+0000] {logging_mixin.py:188} INFO - [2026-03-28T22:28:46.686+0000] {dagbag.py:538} INFO - Filling up the DagBag from /home/airflow/.local/lib/python3.8/site-packages/airflow/example_dags/example_sla_dag.py
[2026-03-28T22:28:46.696+0000] {processor.py:840} INFO - DAG(s) 'example_sla_dag' retrieved from /home/airflow/.local/lib/python3.8/site-packages/airflow/example_dags/example_sla_dag.py
[2026-03-28T22:28:46.716+0000] {logging_mixin.py:188} INFO - [2026-03-28T22:28:46.715+0000] {dag.py:3036} INFO - Sync 1 DAGs
[2026-03-28T22:28:46.739+0000] {logging_mixin.py:188} INFO - [2026-03-28T22:28:46.739+0000] {dag.py:3823} INFO - Setting next_dagrun for example_sla_dag to 2026-03-28 22:26:00+00:00, run_after=2026-03-28 22:28:00+00:00
[2026-03-28T22:28:46.793+0000] {processor.py:183} INFO - Processing /home/airflow/.local/lib/python3.8/site-packages/airflow/example_dags/example_sla_dag.py took 0.115 seconds
[2026-03-28T22:29:16.930+0000] {processor.py:161} INFO - Started process (PID=1744) to work on /home/airflow/.local/lib/python3.8/site-packages/airflow/example_dags/example_sla_dag.py
[2026-03-28T22:29:16.932+0000] {processor.py:830} INFO - Processing file /home/airflow/.local/lib/python3.8/site-packages/airflow/example_dags/example_sla_dag.py for tasks to queue
[2026-03-28T22:29:16.935+0000] {logging_mixin.py:188} INFO - [2026-03-28T22:29:16.935+0000] {dagbag.py:538} INFO - Filling up the DagBag from /home/airflow/.local/lib/python3.8/site-packages/airflow/example_dags/example_sla_dag.py
[2026-03-28T22:29:16.944+0000] {processor.py:840} INFO - DAG(s) 'example_sla_dag' retrieved from /home/airflow/.local/lib/python3.8/site-packages/airflow/example_dags/example_sla_dag.py
[2026-03-28T22:29:16.970+0000] {logging_mixin.py:188} INFO - [2026-03-28T22:29:16.970+0000] {dag.py:3036} INFO - Sync 1 DAGs
[2026-03-28T22:29:16.996+0000] {logging_mixin.py:188} INFO - [2026-03-28T22:29:16.996+0000] {dag.py:3823} INFO - Setting next_dagrun for example_sla_dag to 2026-03-28 22:26:00+00:00, run_after=2026-03-28 22:28:00+00:00
[2026-03-28T22:29:17.021+0000] {processor.py:183} INFO - Processing /home/airflow/.local/lib/python3.8/site-packages/airflow/example_dags/example_sla_dag.py took 0.095 seconds
[2026-03-28T22:29:47.459+0000] {processor.py:161} INFO - Started process (PID=1800) to work on /home/airflow/.local/lib/python3.8/site-packages/airflow/example_dags/example_sla_dag.py
[2026-03-28T22:29:47.460+0000] {processor.py:830} INFO - Processing file /home/airflow/.local/lib/python3.8/site-packages/airflow/example_dags/example_sla_dag.py for tasks to queue
[2026-03-28T22:29:47.462+0000] {logging_mixin.py:188} INFO - [2026-03-28T22:29:47.461+0000] {dagbag.py:538} INFO - Filling up the DagBag from /home/airflow/.local/lib/python3.8/site-packages/airflow/example_dags/example_sla_dag.py
[2026-03-28T22:29:47.470+0000] {processor.py:840} INFO - DAG(s) 'example_sla_dag' retrieved from /home/airflow/.local/lib/python3.8/site-packages/airflow/example_dags/example_sla_dag.py
[2026-03-28T22:29:47.489+0000] {logging_mixin.py:188} INFO - [2026-03-28T22:29:47.489+0000] {dag.py:3036} INFO - Sync 1 DAGs
[2026-03-28T22:29:47.513+0000] {logging_mixin.py:188} INFO - [2026-03-28T22:29:47.513+0000] {dag.py:3823} INFO - Setting next_dagrun for example_sla_dag to 2026-03-28 22:26:00+00:00, run_after=2026-03-28 22:28:00+00:00
[2026-03-28T22:29:47.536+0000] {processor.py:183} INFO - Processing /home/airflow/.local/lib/python3.8/site-packages/airflow/example_dags/example_sla_dag.py took 0.080 seconds
[2026-03-28T22:30:17.668+0000] {processor.py:161} INFO - Started process (PID=1856) to work on /home/airflow/.local/lib/python3.8/site-packages/airflow/example_dags/example_sla_dag.py
[2026-03-28T22:30:17.670+0000] {processor.py:830} INFO - Processing file /home/airflow/.local/lib/python3.8/site-packages/airflow/example_dags/example_sla_dag.py for tasks to queue
[2026-03-28T22:30:17.672+0000] {logging_mixin.py:188} INFO - [2026-03-28T22:30:17.672+0000] {dagbag.py:538} INFO - Filling up the DagBag from /home/airflow/.local/lib/python3.8/site-packages/airflow/example_dags/example_sla_dag.py
[2026-03-28T22:30:17.687+0000] {processor.py:840} INFO - DAG(s) 'example_sla_dag' retrieved from /home/airflow/.local/lib/python3.8/site-packages/airflow/example_dags/example_sla_dag.py
[2026-03-28T22:30:17.714+0000] {logging_mixin.py:188} INFO - [2026-03-28T22:30:17.713+0000] {dag.py:3036} INFO - Sync 1 DAGs
[2026-03-28T22:30:17.755+0000] {logging_mixin.py:188} INFO - [2026-03-28T22:30:17.755+0000] {dag.py:3823} INFO - Setting next_dagrun for example_sla_dag to 2026-03-28 22:28:00+00:00, run_after=2026-03-28 22:30:00+00:00
[2026-03-28T22:30:17.791+0000] {processor.py:183} INFO - Processing /home/airflow/.local/lib/python3.8/site-packages/airflow/example_dags/example_sla_dag.py took 0.126 seconds
[2026-03-28T22:30:48.122+0000] {processor.py:161} INFO - Started process (PID=1913) to work on /home/airflow/.local/lib/python3.8/site-packages/airflow/example_dags/example_sla_dag.py
[2026-03-28T22:30:48.123+0000] {processor.py:830} INFO - Processing file /home/airflow/.local/lib/python3.8/site-packages/airflow/example_dags/example_sla_dag.py for tasks to queue
[2026-03-28T22:30:48.125+0000] {logging_mixin.py:188} INFO - [2026-03-28T22:30:48.125+0000] {dagbag.py:538} INFO - Filling up the DagBag from /home/airflow/.local/lib/python3.8/site-packages/airflow/example_dags/example_sla_dag.py
[2026-03-28T22:30:48.134+0000] {processor.py:840} INFO - DAG(s) 'example_sla_dag' retrieved from /home/airflow/.local/lib/python3.8/site-packages/airflow/example_dags/example_sla_dag.py
[2026-03-28T22:30:48.159+0000] {logging_mixin.py:188} INFO - [2026-03-28T22:30:48.159+0000] {dag.py:3036} INFO - Sync 1 DAGs
[2026-03-28T22:30:48.186+0000] {logging_mixin.py:188} INFO - [2026-03-28T22:30:48.186+0000] {dag.py:3823} INFO - Setting next_dagrun for example_sla_dag to 2026-03-28 22:28:00+00:00, run_after=2026-03-28 22:30:00+00:00
[2026-03-28T22:30:48.210+0000] {processor.py:183} INFO - Processing /home/airflow/.local/lib/python3.8/site-packages/airflow/example_dags/example_sla_dag.py took 0.093 seconds
[2026-03-28T22:31:35.955+0000] {processor.py:161} INFO - Started process (PID=58) to work on /home/airflow/.local/lib/python3.8/site-packages/airflow/example_dags/example_sla_dag.py
[2026-03-28T22:31:35.958+0000] {processor.py:830} INFO - Processing file /home/airflow/.local/lib/python3.8/site-packages/airflow/example_dags/example_sla_dag.py for tasks to queue
[2026-03-28T22:31:35.962+0000] {logging_mixin.py:188} INFO - [2026-03-28T22:31:35.961+0000] {dagbag.py:538} INFO - Filling up the DagBag from /home/airflow/.local/lib/python3.8/site-packages/airflow/example_dags/example_sla_dag.py
[2026-03-28T22:31:35.977+0000] {processor.py:840} INFO - DAG(s) 'example_sla_dag' retrieved from /home/airflow/.local/lib/python3.8/site-packages/airflow/example_dags/example_sla_dag.py
[2026-03-28T22:31:35.999+0000] {logging_mixin.py:188} INFO - [2026-03-28T22:31:35.999+0000] {dag.py:3036} INFO - Sync 1 DAGs
[2026-03-28T22:31:36.056+0000] {logging_mixin.py:188} INFO - [2026-03-28T22:31:36.055+0000] {dag.py:3823} INFO - Setting next_dagrun for example_sla_dag to 2026-03-28 22:28:00+00:00, run_after=2026-03-28 22:30:00+00:00
[2026-03-28T22:31:36.090+0000] {processor.py:183} INFO - Processing /home/airflow/.local/lib/python3.8/site-packages/airflow/example_dags/example_sla_dag.py took 0.142 seconds
[2026-03-28T22:32:12.102+0000] {processor.py:161} INFO - Started process (PID=59) to work on /home/airflow/.local/lib/python3.8/site-packages/airflow/example_dags/example_sla_dag.py
[2026-03-28T22:32:12.104+0000] {processor.py:830} INFO - Processing file /home/airflow/.local/lib/python3.8/site-packages/airflow/example_dags/example_sla_dag.py for tasks to queue
[2026-03-28T22:32:12.107+0000] {logging_mixin.py:188} INFO - [2026-03-28T22:32:12.106+0000] {dagbag.py:538} INFO - Filling up the DagBag from /home/airflow/.local/lib/python3.8/site-packages/airflow/example_dags/example_sla_dag.py
[2026-03-28T22:32:12.121+0000] {processor.py:840} INFO - DAG(s) 'example_sla_dag' retrieved from /home/airflow/.local/lib/python3.8/site-packages/airflow/example_dags/example_sla_dag.py
[2026-03-28T22:32:12.137+0000] {logging_mixin.py:188} INFO - [2026-03-28T22:32:12.137+0000] {dag.py:3036} INFO - Sync 1 DAGs
[2026-03-28T22:32:12.167+0000] {logging_mixin.py:188} INFO - [2026-03-28T22:32:12.167+0000] {dag.py:3823} INFO - Setting next_dagrun for example_sla_dag to 2026-03-28 22:30:00+00:00, run_after=2026-03-28 22:32:00+00:00
[2026-03-28T22:32:12.193+0000] {processor.py:183} INFO - Processing /home/airflow/.local/lib/python3.8/site-packages/airflow/example_dags/example_sla_dag.py took 0.097 seconds
[2026-03-28T22:32:42.496+0000] {processor.py:161} INFO - Started process (PID=115) to work on /home/airflow/.local/lib/python3.8/site-packages/airflow/example_dags/example_sla_dag.py
[2026-03-28T22:32:42.498+0000] {processor.py:830} INFO - Processing file /home/airflow/.local/lib/python3.8/site-packages/airflow/example_dags/example_sla_dag.py for tasks to queue
[2026-03-28T22:32:42.501+0000] {logging_mixin.py:188} INFO - [2026-03-28T22:32:42.501+0000] {dagbag.py:538} INFO - Filling up the DagBag from /home/airflow/.local/lib/python3.8/site-packages/airflow/example_dags/example_sla_dag.py
[2026-03-28T22:32:42.513+0000] {processor.py:840} INFO - DAG(s) 'example_sla_dag' retrieved from /home/airflow/.local/lib/python3.8/site-packages/airflow/example_dags/example_sla_dag.py
[2026-03-28T22:32:42.623+0000] {logging_mixin.py:188} INFO - [2026-03-28T22:32:42.623+0000] {dag.py:3036} INFO - Sync 1 DAGs
[2026-03-28T22:32:42.654+0000] {logging_mixin.py:188} INFO - [2026-03-28T22:32:42.654+0000] {dag.py:3823} INFO - Setting next_dagrun for example_sla_dag to 2026-03-28 22:30:00+00:00, run_after=2026-03-28 22:32:00+00:00
[2026-03-28T22:32:42.685+0000] {processor.py:183} INFO - Processing /home/airflow/.local/lib/python3.8/site-packages/airflow/example_dags/example_sla_dag.py took 0.192 seconds
[2026-03-28T22:33:57.654+0000] {processor.py:161} INFO - Started process (PID=70) to work on /home/airflow/.local/lib/python3.8/site-packages/airflow/example_dags/example_sla_dag.py
[2026-03-28T22:33:57.659+0000] {processor.py:830} INFO - Processing file /home/airflow/.local/lib/python3.8/site-packages/airflow/example_dags/example_sla_dag.py for tasks to queue
[2026-03-28T22:33:57.664+0000] {logging_mixin.py:188} INFO - [2026-03-28T22:33:57.664+0000] {dagbag.py:538} INFO - Filling up the DagBag from /home/airflow/.local/lib/python3.8/site-packages/airflow/example_dags/example_sla_dag.py
[2026-03-28T22:33:57.700+0000] {processor.py:840} INFO - DAG(s) 'example_sla_dag' retrieved from /home/airflow/.local/lib/python3.8/site-packages/airflow/example_dags/example_sla_dag.py
[2026-03-28T22:33:57.931+0000] {logging_mixin.py:188} INFO - [2026-03-28T22:33:57.930+0000] {dag.py:3036} INFO - Sync 1 DAGs
[2026-03-28T22:33:57.974+0000] {logging_mixin.py:188} INFO - [2026-03-28T22:33:57.974+0000] {dag.py:3823} INFO - Setting next_dagrun for example_sla_dag to 2026-03-28 22:30:00+00:00, run_after=2026-03-28 22:32:00+00:00
[2026-03-28T22:33:59.485+0000] {processor.py:183} INFO - Processing /home/airflow/.local/lib/python3.8/site-packages/airflow/example_dags/example_sla_dag.py took 1.843 seconds
[2026-03-28T22:34:29.802+0000] {processor.py:161} INFO - Started process (PID=126) to work on /home/airflow/.local/lib/python3.8/site-packages/airflow/example_dags/example_sla_dag.py
[2026-03-28T22:34:29.804+0000] {processor.py:830} INFO - Processing file /home/airflow/.local/lib/python3.8/site-packages/airflow/example_dags/example_sla_dag.py for tasks to queue
[2026-03-28T22:34:29.809+0000] {logging_mixin.py:188} INFO - [2026-03-28T22:34:29.808+0000] {dagbag.py:538} INFO - Filling up the DagBag from /home/airflow/.local/lib/python3.8/site-packages/airflow/example_dags/example_sla_dag.py
[2026-03-28T22:34:29.831+0000] {processor.py:840} INFO - DAG(s) 'example_sla_dag' retrieved from /home/airflow/.local/lib/python3.8/site-packages/airflow/example_dags/example_sla_dag.py
[2026-03-28T22:34:29.870+0000] {logging_mixin.py:188} INFO - [2026-03-28T22:34:29.869+0000] {dag.py:3036} INFO - Sync 1 DAGs
[2026-03-28T22:34:29.915+0000] {logging_mixin.py:188} INFO - [2026-03-28T22:34:29.914+0000] {dag.py:3823} INFO - Setting next_dagrun for example_sla_dag to 2026-03-28 22:32:00+00:00, run_after=2026-03-28 22:34:00+00:00
[2026-03-28T22:34:29.960+0000] {processor.py:183} INFO - Processing /home/airflow/.local/lib/python3.8/site-packages/airflow/example_dags/example_sla_dag.py took 0.163 seconds
[2026-03-28T22:35:00.194+0000] {processor.py:161} INFO - Started process (PID=182) to work on /home/airflow/.local/lib/python3.8/site-packages/airflow/example_dags/example_sla_dag.py
[2026-03-28T22:35:00.195+0000] {processor.py:830} INFO - Processing file /home/airflow/.local/lib/python3.8/site-packages/airflow/example_dags/example_sla_dag.py for tasks to queue
[2026-03-28T22:35:00.198+0000] {logging_mixin.py:188} INFO - [2026-03-28T22:35:00.197+0000] {dagbag.py:538} INFO - Filling up the DagBag from /home/airflow/.local/lib/python3.8/site-packages/airflow/example_dags/example_sla_dag.py
[2026-03-28T22:35:00.207+0000] {processor.py:840} INFO - DAG(s) 'example_sla_dag' retrieved from /home/airflow/.local/lib/python3.8/site-packages/airflow/example_dags/example_sla_dag.py
[2026-03-28T22:35:00.229+0000] {logging_mixin.py:188} INFO - [2026-03-28T22:35:00.229+0000] {dag.py:3036} INFO - Sync 1 DAGs
[2026-03-28T22:35:00.251+0000] {logging_mixin.py:188} INFO - [2026-03-28T22:35:00.251+0000] {dag.py:3823} INFO - Setting next_dagrun for example_sla_dag to 2026-03-28 22:32:00+00:00, run_after=2026-03-28 22:34:00+00:00
[2026-03-28T22:35:00.273+0000] {processor.py:183} INFO - Processing /home/airflow/.local/lib/python3.8/site-packages/airflow/example_dags/example_sla_dag.py took 0.083 seconds
[2026-03-28T22:35:30.483+0000] {processor.py:161} INFO - Started process (PID=238) to work on /home/airflow/.local/lib/python3.8/site-packages/airflow/example_dags/example_sla_dag.py
[2026-03-28T22:35:30.484+0000] {processor.py:830} INFO - Processing file /home/airflow/.local/lib/python3.8/site-packages/airflow/example_dags/example_sla_dag.py for tasks to queue
[2026-03-28T22:35:30.486+0000] {logging_mixin.py:188} INFO - [2026-03-28T22:35:30.486+0000] {dagbag.py:538} INFO - Filling up the DagBag from /home/airflow/.local/lib/python3.8/site-packages/airflow/example_dags/example_sla_dag.py
[2026-03-28T22:35:30.498+0000] {processor.py:840} INFO - DAG(s) 'example_sla_dag' retrieved from /home/airflow/.local/lib/python3.8/site-packages/airflow/example_dags/example_sla_dag.py
[2026-03-28T22:35:30.531+0000] {logging_mixin.py:188} INFO - [2026-03-28T22:35:30.531+0000] {dag.py:3036} INFO - Sync 1 DAGs
[2026-03-28T22:35:30.564+0000] {logging_mixin.py:188} INFO - [2026-03-28T22:35:30.564+0000] {dag.py:3823} INFO - Setting next_dagrun for example_sla_dag to 2026-03-28 22:32:00+00:00, run_after=2026-03-28 22:34:00+00:00
[2026-03-28T22:35:30.596+0000] {processor.py:183} INFO - Processing /home/airflow/.local/lib/python3.8/site-packages/airflow/example_dags/example_sla_dag.py took 0.116 seconds
[2026-03-28T22:36:00.719+0000] {processor.py:161} INFO - Started process (PID=294) to work on /home/airflow/.local/lib/python3.8/site-packages/airflow/example_dags/example_sla_dag.py
[2026-03-28T22:36:00.720+0000] {processor.py:830} INFO - Processing file /home/airflow/.local/lib/python3.8/site-packages/airflow/example_dags/example_sla_dag.py for tasks to queue
[2026-03-28T22:36:00.722+0000] {logging_mixin.py:188} INFO - [2026-03-28T22:36:00.722+0000] {dagbag.py:538} INFO - Filling up the DagBag from /home/airflow/.local/lib/python3.8/site-packages/airflow/example_dags/example_sla_dag.py
[2026-03-28T22:36:00.732+0000] {processor.py:840} INFO - DAG(s) 'example_sla_dag' retrieved from /home/airflow/.local/lib/python3.8/site-packages/airflow/example_dags/example_sla_dag.py
[2026-03-28T22:36:00.753+0000] {logging_mixin.py:188} INFO - [2026-03-28T22:36:00.752+0000] {dag.py:3036} INFO - Sync 1 DAGs
[2026-03-28T22:36:00.777+0000] {logging_mixin.py:188} INFO - [2026-03-28T22:36:00.777+0000] {dag.py:3823} INFO - Setting next_dagrun for example_sla_dag to 2026-03-28 22:34:00+00:00, run_after=2026-03-28 22:36:00+00:00
[2026-03-28T22:36:00.801+0000] {processor.py:183} INFO - Processing /home/airflow/.local/lib/python3.8/site-packages/airflow/example_dags/example_sla_dag.py took 0.086 seconds
[2026-03-28T22:36:31.113+0000] {processor.py:161} INFO - Started process (PID=350) to work on /home/airflow/.local/lib/python3.8/site-packages/airflow/example_dags/example_sla_dag.py
[2026-03-28T22:36:31.115+0000] {processor.py:830} INFO - Processing file /home/airflow/.local/lib/python3.8/site-packages/airflow/example_dags/example_sla_dag.py for tasks to queue
[2026-03-28T22:36:31.118+0000] {logging_mixin.py:188} INFO - [2026-03-28T22:36:31.118+0000] {dagbag.py:538} INFO - Filling up the DagBag from /home/airflow/.local/lib/python3.8/site-packages/airflow/example_dags/example_sla_dag.py
[2026-03-28T22:36:31.131+0000] {processor.py:840} INFO - DAG(s) 'example_sla_dag' retrieved from /home/airflow/.local/lib/python3.8/site-packages/airflow/example_dags/example_sla_dag.py
[2026-03-28T22:36:31.163+0000] {logging_mixin.py:188} INFO - [2026-03-28T22:36:31.163+0000] {dag.py:3036} INFO - Sync 1 DAGs
[2026-03-28T22:36:31.199+0000] {logging_mixin.py:188} INFO - [2026-03-28T22:36:31.198+0000] {dag.py:3823} INFO - Setting next_dagrun for example_sla_dag to 2026-03-28 22:34:00+00:00, run_after=2026-03-28 22:36:00+00:00
[2026-03-28T22:36:31.226+0000] {processor.py:183} INFO - Processing /home/airflow/.local/lib/python3.8/site-packages/airflow/example_dags/example_sla_dag.py took 0.117 seconds
[2026-03-28T22:37:01.398+0000] {processor.py:161} INFO - Started process (PID=412) to work on /home/airflow/.local/lib/python3.8/site-packages/airflow/example_dags/example_sla_dag.py
[2026-03-28T22:37:01.399+0000] {processor.py:830} INFO - Processing file /home/airflow/.local/lib/python3.8/site-packages/airflow/example_dags/example_sla_dag.py for tasks to queue
[2026-03-28T22:37:01.401+0000] {logging_mixin.py:188} INFO - [2026-03-28T22:37:01.401+0000] {dagbag.py:538} INFO - Filling up the DagBag from /home/airflow/.local/lib/python3.8/site-packages/airflow/example_dags/example_sla_dag.py
[2026-03-28T22:37:01.410+0000] {processor.py:840} INFO - DAG(s) 'example_sla_dag' retrieved from /home/airflow/.local/lib/python3.8/site-packages/airflow/example_dags/example_sla_dag.py
[2026-03-28T22:37:01.432+0000] {logging_mixin.py:188} INFO - [2026-03-28T22:37:01.432+0000] {dag.py:3036} INFO - Sync 1 DAGs
[2026-03-28T22:37:01.455+0000] {logging_mixin.py:188} INFO - [2026-03-28T22:37:01.455+0000] {dag.py:3823} INFO - Setting next_dagrun for example_sla_dag to 2026-03-28 22:34:00+00:00, run_after=2026-03-28 22:36:00+00:00
[2026-03-28T22:37:01.477+0000] {processor.py:183} INFO - Processing /home/airflow/.local/lib/python3.8/site-packages/airflow/example_dags/example_sla_dag.py took 0.083 seconds
[2026-03-28T22:37:40.704+0000] {processor.py:161} INFO - Started process (PID=58) to work on /home/airflow/.local/lib/python3.8/site-packages/airflow/example_dags/example_sla_dag.py
[2026-03-28T22:37:40.706+0000] {processor.py:830} INFO - Processing file /home/airflow/.local/lib/python3.8/site-packages/airflow/example_dags/example_sla_dag.py for tasks to queue
[2026-03-28T22:37:40.710+0000] {logging_mixin.py:188} INFO - [2026-03-28T22:37:40.708+0000] {dagbag.py:538} INFO - Filling up the DagBag from /home/airflow/.local/lib/python3.8/site-packages/airflow/example_dags/example_sla_dag.py
[2026-03-28T22:37:40.721+0000] {processor.py:840} INFO - DAG(s) 'example_sla_dag' retrieved from /home/airflow/.local/lib/python3.8/site-packages/airflow/example_dags/example_sla_dag.py
[2026-03-28T22:37:40.738+0000] {logging_mixin.py:188} INFO - [2026-03-28T22:37:40.738+0000] {dag.py:3036} INFO - Sync 1 DAGs
[2026-03-28T22:37:40.777+0000] {logging_mixin.py:188} INFO - [2026-03-28T22:37:40.776+0000] {dag.py:3823} INFO - Setting next_dagrun for example_sla_dag to 2026-03-28 22:34:00+00:00, run_after=2026-03-28 22:36:00+00:00
[2026-03-28T22:37:40.798+0000] {processor.py:183} INFO - Processing /home/airflow/.local/lib/python3.8/site-packages/airflow/example_dags/example_sla_dag.py took 0.098 seconds
[2026-03-28T22:38:11.046+0000] {processor.py:161} INFO - Started process (PID=114) to work on /home/airflow/.local/lib/python3.8/site-packages/airflow/example_dags/example_sla_dag.py
[2026-03-28T22:38:11.048+0000] {processor.py:830} INFO - Processing file /home/airflow/.local/lib/python3.8/site-packages/airflow/example_dags/example_sla_dag.py for tasks to queue
[2026-03-28T22:38:11.050+0000] {logging_mixin.py:188} INFO - [2026-03-28T22:38:11.050+0000] {dagbag.py:538} INFO - Filling up the DagBag from /home/airflow/.local/lib/python3.8/site-packages/airflow/example_dags/example_sla_dag.py
[2026-03-28T22:38:11.061+0000] {processor.py:840} INFO - DAG(s) 'example_sla_dag' retrieved from /home/airflow/.local/lib/python3.8/site-packages/airflow/example_dags/example_sla_dag.py
[2026-03-28T22:38:11.193+0000] {logging_mixin.py:188} INFO - [2026-03-28T22:38:11.192+0000] {dag.py:3036} INFO - Sync 1 DAGs
[2026-03-28T22:38:11.220+0000] {logging_mixin.py:188} INFO - [2026-03-28T22:38:11.220+0000] {dag.py:3823} INFO - Setting next_dagrun for example_sla_dag to 2026-03-28 22:36:00+00:00, run_after=2026-03-28 22:38:00+00:00
[2026-03-28T22:38:11.248+0000] {processor.py:183} INFO - Processing /home/airflow/.local/lib/python3.8/site-packages/airflow/example_dags/example_sla_dag.py took 0.208 seconds
[2026-03-28T22:38:42.065+0000] {processor.py:161} INFO - Started process (PID=170) to work on /home/airflow/.local/lib/python3.8/site-packages/airflow/example_dags/example_sla_dag.py
[2026-03-28T22:38:42.067+0000] {processor.py:830} INFO - Processing file /home/airflow/.local/lib/python3.8/site-packages/airflow/example_dags/example_sla_dag.py for tasks to queue
[2026-03-28T22:38:42.069+0000] {logging_mixin.py:188} INFO - [2026-03-28T22:38:42.069+0000] {dagbag.py:538} INFO - Filling up the DagBag from /home/airflow/.local/lib/python3.8/site-packages/airflow/example_dags/example_sla_dag.py
[2026-03-28T22:38:42.079+0000] {processor.py:840} INFO - DAG(s) 'example_sla_dag' retrieved from /home/airflow/.local/lib/python3.8/site-packages/airflow/example_dags/example_sla_dag.py
[2026-03-28T22:38:42.106+0000] {logging_mixin.py:188} INFO - [2026-03-28T22:38:42.105+0000] {dag.py:3036} INFO - Sync 1 DAGs
[2026-03-28T22:38:42.140+0000] {logging_mixin.py:188} INFO - [2026-03-28T22:38:42.139+0000] {dag.py:3823} INFO - Setting next_dagrun for example_sla_dag to 2026-03-28 22:36:00+00:00, run_after=2026-03-28 22:38:00+00:00
[2026-03-28T22:38:42.162+0000] {processor.py:183} INFO - Processing /home/airflow/.local/lib/python3.8/site-packages/airflow/example_dags/example_sla_dag.py took 0.101 seconds
[2026-03-28T22:39:12.614+0000] {processor.py:161} INFO - Started process (PID=226) to work on /home/airflow/.local/lib/python3.8/site-packages/airflow/example_dags/example_sla_dag.py
[2026-03-28T22:39:12.615+0000] {processor.py:830} INFO - Processing file /home/airflow/.local/lib/python3.8/site-packages/airflow/example_dags/example_sla_dag.py for tasks to queue
[2026-03-28T22:39:12.618+0000] {logging_mixin.py:188} INFO - [2026-03-28T22:39:12.618+0000] {dagbag.py:538} INFO - Filling up the DagBag from /home/airflow/.local/lib/python3.8/site-packages/airflow/example_dags/example_sla_dag.py
[2026-03-28T22:39:12.631+0000] {processor.py:840} INFO - DAG(s) 'example_sla_dag' retrieved from /home/airflow/.local/lib/python3.8/site-packages/airflow/example_dags/example_sla_dag.py
[2026-03-28T22:39:12.662+0000] {logging_mixin.py:188} INFO - [2026-03-28T22:39:12.662+0000] {dag.py:3036} INFO - Sync 1 DAGs
[2026-03-28T22:39:12.695+0000] {logging_mixin.py:188} INFO - [2026-03-28T22:39:12.695+0000] {dag.py:3823} INFO - Setting next_dagrun for example_sla_dag to 2026-03-28 22:36:00+00:00, run_after=2026-03-28 22:38:00+00:00
[2026-03-28T22:39:12.720+0000] {processor.py:183} INFO - Processing /home/airflow/.local/lib/python3.8/site-packages/airflow/example_dags/example_sla_dag.py took 0.110 seconds
[2026-03-28T22:39:42.794+0000] {processor.py:161} INFO - Started process (PID=282) to work on /home/airflow/.local/lib/python3.8/site-packages/airflow/example_dags/example_sla_dag.py
[2026-03-28T22:39:42.796+0000] {processor.py:830} INFO - Processing file /home/airflow/.local/lib/python3.8/site-packages/airflow/example_dags/example_sla_dag.py for tasks to queue
[2026-03-28T22:39:42.800+0000] {logging_mixin.py:188} INFO - [2026-03-28T22:39:42.799+0000] {dagbag.py:538} INFO - Filling up the DagBag from /home/airflow/.local/lib/python3.8/site-packages/airflow/example_dags/example_sla_dag.py
[2026-03-28T22:39:42.813+0000] {processor.py:840} INFO - DAG(s) 'example_sla_dag' retrieved from /home/airflow/.local/lib/python3.8/site-packages/airflow/example_dags/example_sla_dag.py
[2026-03-28T22:39:42.841+0000] {logging_mixin.py:188} INFO - [2026-03-28T22:39:42.840+0000] {dag.py:3036} INFO - Sync 1 DAGs
[2026-03-28T22:39:42.880+0000] {logging_mixin.py:188} INFO - [2026-03-28T22:39:42.880+0000] {dag.py:3823} INFO - Setting next_dagrun for example_sla_dag to 2026-03-28 22:36:00+00:00, run_after=2026-03-28 22:38:00+00:00
[2026-03-28T22:39:42.915+0000] {processor.py:183} INFO - Processing /home/airflow/.local/lib/python3.8/site-packages/airflow/example_dags/example_sla_dag.py took 0.126 seconds
[2026-03-28T22:40:13.144+0000] {processor.py:161} INFO - Started process (PID=338) to work on /home/airflow/.local/lib/python3.8/site-packages/airflow/example_dags/example_sla_dag.py
[2026-03-28T22:40:13.145+0000] {processor.py:830} INFO - Processing file /home/airflow/.local/lib/python3.8/site-packages/airflow/example_dags/example_sla_dag.py for tasks to queue
[2026-03-28T22:40:13.147+0000] {logging_mixin.py:188} INFO - [2026-03-28T22:40:13.147+0000] {dagbag.py:538} INFO - Filling up the DagBag from /home/airflow/.local/lib/python3.8/site-packages/airflow/example_dags/example_sla_dag.py
[2026-03-28T22:40:13.157+0000] {processor.py:840} INFO - DAG(s) 'example_sla_dag' retrieved from /home/airflow/.local/lib/python3.8/site-packages/airflow/example_dags/example_sla_dag.py
[2026-03-28T22:40:13.184+0000] {logging_mixin.py:188} INFO - [2026-03-28T22:40:13.184+0000] {dag.py:3036} INFO - Sync 1 DAGs
[2026-03-28T22:40:13.215+0000] {logging_mixin.py:188} INFO - [2026-03-28T22:40:13.215+0000] {dag.py:3823} INFO - Setting next_dagrun for example_sla_dag to 2026-03-28 22:38:00+00:00, run_after=2026-03-28 22:40:00+00:00
[2026-03-28T22:40:13.239+0000] {processor.py:183} INFO - Processing /home/airflow/.local/lib/python3.8/site-packages/airflow/example_dags/example_sla_dag.py took 0.098 seconds
[2026-03-28T22:40:43.408+0000] {processor.py:161} INFO - Started process (PID=394) to work on /home/airflow/.local/lib/python3.8/site-packages/airflow/example_dags/example_sla_dag.py
[2026-03-28T22:40:43.409+0000] {processor.py:830} INFO - Processing file /home/airflow/.local/lib/python3.8/site-packages/airflow/example_dags/example_sla_dag.py for tasks to queue
[2026-03-28T22:40:43.412+0000] {logging_mixin.py:188} INFO - [2026-03-28T22:40:43.412+0000] {dagbag.py:538} INFO - Filling up the DagBag from /home/airflow/.local/lib/python3.8/site-packages/airflow/example_dags/example_sla_dag.py
[2026-03-28T22:40:43.424+0000] {processor.py:840} INFO - DAG(s) 'example_sla_dag' retrieved from /home/airflow/.local/lib/python3.8/site-packages/airflow/example_dags/example_sla_dag.py
[2026-03-28T22:40:43.452+0000] {logging_mixin.py:188} INFO - [2026-03-28T22:40:43.452+0000] {dag.py:3036} INFO - Sync 1 DAGs
[2026-03-28T22:40:43.487+0000] {logging_mixin.py:188} INFO - [2026-03-28T22:40:43.487+0000] {dag.py:3823} INFO - Setting next_dagrun for example_sla_dag to 2026-03-28 22:38:00+00:00, run_after=2026-03-28 22:40:00+00:00
[2026-03-28T22:40:43.519+0000] {processor.py:183} INFO - Processing /home/airflow/.local/lib/python3.8/site-packages/airflow/example_dags/example_sla_dag.py took 0.116 seconds
[2026-03-28T22:41:13.768+0000] {processor.py:161} INFO - Started process (PID=450) to work on /home/airflow/.local/lib/python3.8/site-packages/airflow/example_dags/example_sla_dag.py
[2026-03-28T22:41:13.769+0000] {processor.py:830} INFO - Processing file /home/airflow/.local/lib/python3.8/site-packages/airflow/example_dags/example_sla_dag.py for tasks to queue
[2026-03-28T22:41:13.772+0000] {logging_mixin.py:188} INFO - [2026-03-28T22:41:13.772+0000] {dagbag.py:538} INFO - Filling up the DagBag from /home/airflow/.local/lib/python3.8/site-packages/airflow/example_dags/example_sla_dag.py
[2026-03-28T22:41:13.781+0000] {processor.py:840} INFO - DAG(s) 'example_sla_dag' retrieved from /home/airflow/.local/lib/python3.8/site-packages/airflow/example_dags/example_sla_dag.py
[2026-03-28T22:41:13.795+0000] {logging_mixin.py:188} INFO - [2026-03-28T22:41:13.794+0000] {dag.py:3036} INFO - Sync 1 DAGs
[2026-03-28T22:41:13.822+0000] {logging_mixin.py:188} INFO - [2026-03-28T22:41:13.822+0000] {dag.py:3823} INFO - Setting next_dagrun for example_sla_dag to 2026-03-28 22:38:00+00:00, run_after=2026-03-28 22:40:00+00:00
[2026-03-28T22:41:13.847+0000] {processor.py:183} INFO - Processing /home/airflow/.local/lib/python3.8/site-packages/airflow/example_dags/example_sla_dag.py took 0.082 seconds
[2026-03-28T22:41:44.529+0000] {processor.py:161} INFO - Started process (PID=506) to work on /home/airflow/.local/lib/python3.8/site-packages/airflow/example_dags/example_sla_dag.py
[2026-03-28T22:41:44.530+0000] {processor.py:830} INFO - Processing file /home/airflow/.local/lib/python3.8/site-packages/airflow/example_dags/example_sla_dag.py for tasks to queue
[2026-03-28T22:41:44.533+0000] {logging_mixin.py:188} INFO - [2026-03-28T22:41:44.533+0000] {dagbag.py:538} INFO - Filling up the DagBag from /home/airflow/.local/lib/python3.8/site-packages/airflow/example_dags/example_sla_dag.py
[2026-03-28T22:41:44.543+0000] {processor.py:840} INFO - DAG(s) 'example_sla_dag' retrieved from /home/airflow/.local/lib/python3.8/site-packages/airflow/example_dags/example_sla_dag.py
[2026-03-28T22:41:44.659+0000] {logging_mixin.py:188} INFO - [2026-03-28T22:41:44.659+0000] {dag.py:3036} INFO - Sync 1 DAGs
[2026-03-28T22:41:44.684+0000] {logging_mixin.py:188} INFO - [2026-03-28T22:41:44.684+0000] {dag.py:3823} INFO - Setting next_dagrun for example_sla_dag to 2026-03-28 22:38:00+00:00, run_after=2026-03-28 22:40:00+00:00
[2026-03-28T22:41:44.709+0000] {processor.py:183} INFO - Processing /home/airflow/.local/lib/python3.8/site-packages/airflow/example_dags/example_sla_dag.py took 0.184 seconds
[2026-03-28T22:42:14.759+0000] {processor.py:161} INFO - Started process (PID=562) to work on /home/airflow/.local/lib/python3.8/site-packages/airflow/example_dags/example_sla_dag.py
[2026-03-28T22:42:14.760+0000] {processor.py:830} INFO - Processing file /home/airflow/.local/lib/python3.8/site-packages/airflow/example_dags/example_sla_dag.py for tasks to queue
[2026-03-28T22:42:14.762+0000] {logging_mixin.py:188} INFO - [2026-03-28T22:42:14.762+0000] {dagbag.py:538} INFO - Filling up the DagBag from /home/airflow/.local/lib/python3.8/site-packages/airflow/example_dags/example_sla_dag.py
[2026-03-28T22:42:14.774+0000] {processor.py:840} INFO - DAG(s) 'example_sla_dag' retrieved from /home/airflow/.local/lib/python3.8/site-packages/airflow/example_dags/example_sla_dag.py
[2026-03-28T22:42:14.797+0000] {logging_mixin.py:188} INFO - [2026-03-28T22:42:14.797+0000] {dag.py:3036} INFO - Sync 1 DAGs
[2026-03-28T22:42:14.837+0000] {logging_mixin.py:188} INFO - [2026-03-28T22:42:14.836+0000] {dag.py:3823} INFO - Setting next_dagrun for example_sla_dag to 2026-03-28 22:40:00+00:00, run_after=2026-03-28 22:42:00+00:00
[2026-03-28T22:42:14.863+0000] {processor.py:183} INFO - Processing /home/airflow/.local/lib/python3.8/site-packages/airflow/example_dags/example_sla_dag.py took 0.110 seconds
[2026-03-28T22:42:45.284+0000] {processor.py:161} INFO - Started process (PID=618) to work on /home/airflow/.local/lib/python3.8/site-packages/airflow/example_dags/example_sla_dag.py
[2026-03-28T22:42:45.285+0000] {processor.py:830} INFO - Processing file /home/airflow/.local/lib/python3.8/site-packages/airflow/example_dags/example_sla_dag.py for tasks to queue
[2026-03-28T22:42:45.287+0000] {logging_mixin.py:188} INFO - [2026-03-28T22:42:45.287+0000] {dagbag.py:538} INFO - Filling up the DagBag from /home/airflow/.local/lib/python3.8/site-packages/airflow/example_dags/example_sla_dag.py
[2026-03-28T22:42:45.295+0000] {processor.py:840} INFO - DAG(s) 'example_sla_dag' retrieved from /home/airflow/.local/lib/python3.8/site-packages/airflow/example_dags/example_sla_dag.py
[2026-03-28T22:42:45.315+0000] {logging_mixin.py:188} INFO - [2026-03-28T22:42:45.314+0000] {dag.py:3036} INFO - Sync 1 DAGs
[2026-03-28T22:42:45.335+0000] {logging_mixin.py:188} INFO - [2026-03-28T22:42:45.335+0000] {dag.py:3823} INFO - Setting next_dagrun for example_sla_dag to 2026-03-28 22:40:00+00:00, run_after=2026-03-28 22:42:00+00:00
[2026-03-28T22:42:45.355+0000] {processor.py:183} INFO - Processing /home/airflow/.local/lib/python3.8/site-packages/airflow/example_dags/example_sla_dag.py took 0.075 seconds
[2026-03-28T22:43:15.995+0000] {processor.py:161} INFO - Started process (PID=674) to work on /home/airflow/.local/lib/python3.8/site-packages/airflow/example_dags/example_sla_dag.py
[2026-03-28T22:43:15.997+0000] {processor.py:830} INFO - Processing file /home/airflow/.local/lib/python3.8/site-packages/airflow/example_dags/example_sla_dag.py for tasks to queue
[2026-03-28T22:43:15.999+0000] {logging_mixin.py:188} INFO - [2026-03-28T22:43:15.999+0000] {dagbag.py:538} INFO - Filling up the DagBag from /home/airflow/.local/lib/python3.8/site-packages/airflow/example_dags/example_sla_dag.py
[2026-03-28T22:43:16.007+0000] {processor.py:840} INFO - DAG(s) 'example_sla_dag' retrieved from /home/airflow/.local/lib/python3.8/site-packages/airflow/example_dags/example_sla_dag.py
[2026-03-28T22:43:16.027+0000] {logging_mixin.py:188} INFO - [2026-03-28T22:43:16.027+0000] {dag.py:3036} INFO - Sync 1 DAGs
[2026-03-28T22:43:16.050+0000] {logging_mixin.py:188} INFO - [2026-03-28T22:43:16.050+0000] {dag.py:3823} INFO - Setting next_dagrun for example_sla_dag to 2026-03-28 22:40:00+00:00, run_after=2026-03-28 22:42:00+00:00
[2026-03-28T22:43:16.071+0000] {processor.py:183} INFO - Processing /home/airflow/.local/lib/python3.8/site-packages/airflow/example_dags/example_sla_dag.py took 0.079 seconds
[2026-03-28T22:43:46.602+0000] {processor.py:161} INFO - Started process (PID=730) to work on /home/airflow/.local/lib/python3.8/site-packages/airflow/example_dags/example_sla_dag.py
[2026-03-28T22:43:46.603+0000] {processor.py:830} INFO - Processing file /home/airflow/.local/lib/python3.8/site-packages/airflow/example_dags/example_sla_dag.py for tasks to queue
[2026-03-28T22:43:46.605+0000] {logging_mixin.py:188} INFO - [2026-03-28T22:43:46.605+0000] {dagbag.py:538} INFO - Filling up the DagBag from /home/airflow/.local/lib/python3.8/site-packages/airflow/example_dags/example_sla_dag.py
[2026-03-28T22:43:46.613+0000] {processor.py:840} INFO - DAG(s) 'example_sla_dag' retrieved from /home/airflow/.local/lib/python3.8/site-packages/airflow/example_dags/example_sla_dag.py
[2026-03-28T22:43:46.634+0000] {logging_mixin.py:188} INFO - [2026-03-28T22:43:46.634+0000] {dag.py:3036} INFO - Sync 1 DAGs
[2026-03-28T22:43:46.657+0000] {logging_mixin.py:188} INFO - [2026-03-28T22:43:46.657+0000] {dag.py:3823} INFO - Setting next_dagrun for example_sla_dag to 2026-03-28 22:40:00+00:00, run_after=2026-03-28 22:42:00+00:00
[2026-03-28T22:43:46.678+0000] {processor.py:183} INFO - Processing /home/airflow/.local/lib/python3.8/site-packages/airflow/example_dags/example_sla_dag.py took 0.079 seconds
[2026-03-28T22:44:16.976+0000] {processor.py:161} INFO - Started process (PID=786) to work on /home/airflow/.local/lib/python3.8/site-packages/airflow/example_dags/example_sla_dag.py
[2026-03-28T22:44:16.977+0000] {processor.py:830} INFO - Processing file /home/airflow/.local/lib/python3.8/site-packages/airflow/example_dags/example_sla_dag.py for tasks to queue
[2026-03-28T22:44:16.980+0000] {logging_mixin.py:188} INFO - [2026-03-28T22:44:16.979+0000] {dagbag.py:538} INFO - Filling up the DagBag from /home/airflow/.local/lib/python3.8/site-packages/airflow/example_dags/example_sla_dag.py
[2026-03-28T22:44:16.991+0000] {processor.py:840} INFO - DAG(s) 'example_sla_dag' retrieved from /home/airflow/.local/lib/python3.8/site-packages/airflow/example_dags/example_sla_dag.py
[2026-03-28T22:44:17.017+0000] {logging_mixin.py:188} INFO - [2026-03-28T22:44:17.016+0000] {dag.py:3036} INFO - Sync 1 DAGs
[2026-03-28T22:44:17.045+0000] {logging_mixin.py:188} INFO - [2026-03-28T22:44:17.045+0000] {dag.py:3823} INFO - Setting next_dagrun for example_sla_dag to 2026-03-28 22:42:00+00:00, run_after=2026-03-28 22:44:00+00:00
[2026-03-28T22:44:17.072+0000] {processor.py:183} INFO - Processing /home/airflow/.local/lib/python3.8/site-packages/airflow/example_dags/example_sla_dag.py took 0.101 seconds
[2026-03-28T22:44:47.376+0000] {processor.py:161} INFO - Started process (PID=842) to work on /home/airflow/.local/lib/python3.8/site-packages/airflow/example_dags/example_sla_dag.py
[2026-03-28T22:44:47.380+0000] {processor.py:830} INFO - Processing file /home/airflow/.local/lib/python3.8/site-packages/airflow/example_dags/example_sla_dag.py for tasks to queue
[2026-03-28T22:44:47.382+0000] {logging_mixin.py:188} INFO - [2026-03-28T22:44:47.382+0000] {dagbag.py:538} INFO - Filling up the DagBag from /home/airflow/.local/lib/python3.8/site-packages/airflow/example_dags/example_sla_dag.py
[2026-03-28T22:44:47.391+0000] {processor.py:840} INFO - DAG(s) 'example_sla_dag' retrieved from /home/airflow/.local/lib/python3.8/site-packages/airflow/example_dags/example_sla_dag.py
[2026-03-28T22:44:47.411+0000] {logging_mixin.py:188} INFO - [2026-03-28T22:44:47.411+0000] {dag.py:3036} INFO - Sync 1 DAGs
[2026-03-28T22:44:47.436+0000] {logging_mixin.py:188} INFO - [2026-03-28T22:44:47.436+0000] {dag.py:3823} INFO - Setting next_dagrun for example_sla_dag to 2026-03-28 22:42:00+00:00, run_after=2026-03-28 22:44:00+00:00
[2026-03-28T22:44:47.462+0000] {processor.py:183} INFO - Processing /home/airflow/.local/lib/python3.8/site-packages/airflow/example_dags/example_sla_dag.py took 0.090 seconds
[2026-03-28T22:45:17.962+0000] {processor.py:161} INFO - Started process (PID=898) to work on /home/airflow/.local/lib/python3.8/site-packages/airflow/example_dags/example_sla_dag.py
[2026-03-28T22:45:17.963+0000] {processor.py:830} INFO - Processing file /home/airflow/.local/lib/python3.8/site-packages/airflow/example_dags/example_sla_dag.py for tasks to queue
[2026-03-28T22:45:17.965+0000] {logging_mixin.py:188} INFO - [2026-03-28T22:45:17.965+0000] {dagbag.py:538} INFO - Filling up the DagBag from /home/airflow/.local/lib/python3.8/site-packages/airflow/example_dags/example_sla_dag.py
[2026-03-28T22:45:17.973+0000] {processor.py:840} INFO - DAG(s) 'example_sla_dag' retrieved from /home/airflow/.local/lib/python3.8/site-packages/airflow/example_dags/example_sla_dag.py
[2026-03-28T22:45:17.993+0000] {logging_mixin.py:188} INFO - [2026-03-28T22:45:17.993+0000] {dag.py:3036} INFO - Sync 1 DAGs
[2026-03-28T22:45:18.019+0000] {logging_mixin.py:188} INFO - [2026-03-28T22:45:18.019+0000] {dag.py:3823} INFO - Setting next_dagrun for example_sla_dag to 2026-03-28 22:42:00+00:00, run_after=2026-03-28 22:44:00+00:00
[2026-03-28T22:45:18.042+0000] {processor.py:183} INFO - Processing /home/airflow/.local/lib/python3.8/site-packages/airflow/example_dags/example_sla_dag.py took 0.084 seconds
[2026-03-28T22:45:48.370+0000] {processor.py:161} INFO - Started process (PID=954) to work on /home/airflow/.local/lib/python3.8/site-packages/airflow/example_dags/example_sla_dag.py
[2026-03-28T22:45:48.371+0000] {processor.py:830} INFO - Processing file /home/airflow/.local/lib/python3.8/site-packages/airflow/example_dags/example_sla_dag.py for tasks to queue
[2026-03-28T22:45:48.373+0000] {logging_mixin.py:188} INFO - [2026-03-28T22:45:48.373+0000] {dagbag.py:538} INFO - Filling up the DagBag from /home/airflow/.local/lib/python3.8/site-packages/airflow/example_dags/example_sla_dag.py
[2026-03-28T22:45:48.381+0000] {processor.py:840} INFO - DAG(s) 'example_sla_dag' retrieved from /home/airflow/.local/lib/python3.8/site-packages/airflow/example_dags/example_sla_dag.py
[2026-03-28T22:45:48.404+0000] {logging_mixin.py:188} INFO - [2026-03-28T22:45:48.404+0000] {dag.py:3036} INFO - Sync 1 DAGs
[2026-03-28T22:45:48.427+0000] {logging_mixin.py:188} INFO - [2026-03-28T22:45:48.427+0000] {dag.py:3823} INFO - Setting next_dagrun for example_sla_dag to 2026-03-28 22:42:00+00:00, run_after=2026-03-28 22:44:00+00:00
[2026-03-28T22:45:48.452+0000] {processor.py:183} INFO - Processing /home/airflow/.local/lib/python3.8/site-packages/airflow/example_dags/example_sla_dag.py took 0.085 seconds
[2026-03-28T22:46:36.196+0000] {processor.py:161} INFO - Started process (PID=1004) to work on /home/airflow/.local/lib/python3.8/site-packages/airflow/example_dags/example_sla_dag.py
[2026-03-28T22:46:36.200+0000] {processor.py:830} INFO - Processing file /home/airflow/.local/lib/python3.8/site-packages/airflow/example_dags/example_sla_dag.py for tasks to queue
[2026-03-28T22:46:36.207+0000] {logging_mixin.py:188} INFO - [2026-03-28T22:46:36.206+0000] {dagbag.py:538} INFO - Filling up the DagBag from /home/airflow/.local/lib/python3.8/site-packages/airflow/example_dags/example_sla_dag.py
[2026-03-28T22:46:36.234+0000] {processor.py:840} INFO - DAG(s) 'example_sla_dag' retrieved from /home/airflow/.local/lib/python3.8/site-packages/airflow/example_dags/example_sla_dag.py
[2026-03-28T22:46:36.293+0000] {logging_mixin.py:188} INFO - [2026-03-28T22:46:36.292+0000] {dag.py:3036} INFO - Sync 1 DAGs
[2026-03-28T22:46:36.352+0000] {logging_mixin.py:188} INFO - [2026-03-28T22:46:36.351+0000] {dag.py:3823} INFO - Setting next_dagrun for example_sla_dag to 2026-03-28 22:44:00+00:00, run_after=2026-03-28 22:46:00+00:00
[2026-03-28T22:46:36.395+0000] {processor.py:183} INFO - Processing /home/airflow/.local/lib/python3.8/site-packages/airflow/example_dags/example_sla_dag.py took 0.213 seconds
