[2026-03-28T22:09:39.027+0000] {processor.py:161} INFO - Started process (PID=60) to work on /home/airflow/.local/lib/python3.8/site-packages/airflow/example_dags/example_latest_only.py
[2026-03-28T22:09:39.028+0000] {processor.py:830} INFO - Processing file /home/airflow/.local/lib/python3.8/site-packages/airflow/example_dags/example_latest_only.py for tasks to queue
[2026-03-28T22:09:39.031+0000] {logging_mixin.py:188} INFO - [2026-03-28T22:09:39.030+0000] {dagbag.py:538} INFO - Filling up the DagBag from /home/airflow/.local/lib/python3.8/site-packages/airflow/example_dags/example_latest_only.py
[2026-03-28T22:09:39.039+0000] {processor.py:840} INFO - DAG(s) 'latest_only' retrieved from /home/airflow/.local/lib/python3.8/site-packages/airflow/example_dags/example_latest_only.py
[2026-03-28T22:09:39.156+0000] {logging_mixin.py:188} INFO - [2026-03-28T22:09:39.155+0000] {override.py:1769} INFO - Created Permission View: can edit on DAG:latest_only
[2026-03-28T22:09:39.169+0000] {logging_mixin.py:188} INFO - [2026-03-28T22:09:39.169+0000] {override.py:1769} INFO - Created Permission View: can delete on DAG:latest_only
[2026-03-28T22:09:39.179+0000] {logging_mixin.py:188} INFO - [2026-03-28T22:09:39.179+0000] {override.py:1769} INFO - Created Permission View: can read on DAG:latest_only
[2026-03-28T22:09:39.180+0000] {logging_mixin.py:188} INFO - [2026-03-28T22:09:39.180+0000] {dag.py:3036} INFO - Sync 1 DAGs
[2026-03-28T22:09:39.191+0000] {logging_mixin.py:188} INFO - [2026-03-28T22:09:39.191+0000] {dag.py:3058} INFO - Creating ORM DAG for latest_only
[2026-03-28T22:09:39.206+0000] {logging_mixin.py:188} INFO - [2026-03-28T22:09:39.206+0000] {dag.py:3823} INFO - Setting next_dagrun for latest_only to 2026-03-28 16:00:00+00:00, run_after=2026-03-28 20:00:00+00:00
[2026-03-28T22:09:39.231+0000] {processor.py:183} INFO - Processing /home/airflow/.local/lib/python3.8/site-packages/airflow/example_dags/example_latest_only.py took 0.207 seconds
[2026-03-28T22:10:09.309+0000] {processor.py:161} INFO - Started process (PID=116) to work on /home/airflow/.local/lib/python3.8/site-packages/airflow/example_dags/example_latest_only.py
[2026-03-28T22:10:09.311+0000] {processor.py:830} INFO - Processing file /home/airflow/.local/lib/python3.8/site-packages/airflow/example_dags/example_latest_only.py for tasks to queue
[2026-03-28T22:10:09.313+0000] {logging_mixin.py:188} INFO - [2026-03-28T22:10:09.313+0000] {dagbag.py:538} INFO - Filling up the DagBag from /home/airflow/.local/lib/python3.8/site-packages/airflow/example_dags/example_latest_only.py
[2026-03-28T22:10:09.318+0000] {processor.py:840} INFO - DAG(s) 'latest_only' retrieved from /home/airflow/.local/lib/python3.8/site-packages/airflow/example_dags/example_latest_only.py
[2026-03-28T22:10:09.343+0000] {logging_mixin.py:188} INFO - [2026-03-28T22:10:09.343+0000] {dag.py:3036} INFO - Sync 1 DAGs
[2026-03-28T22:10:09.369+0000] {logging_mixin.py:188} INFO - [2026-03-28T22:10:09.368+0000] {dag.py:3823} INFO - Setting next_dagrun for latest_only to 2026-03-28 16:00:00+00:00, run_after=2026-03-28 20:00:00+00:00
[2026-03-28T22:10:09.391+0000] {processor.py:183} INFO - Processing /home/airflow/.local/lib/python3.8/site-packages/airflow/example_dags/example_latest_only.py took 0.086 seconds
[2026-03-28T22:10:39.802+0000] {processor.py:161} INFO - Started process (PID=172) to work on /home/airflow/.local/lib/python3.8/site-packages/airflow/example_dags/example_latest_only.py
[2026-03-28T22:10:39.804+0000] {processor.py:830} INFO - Processing file /home/airflow/.local/lib/python3.8/site-packages/airflow/example_dags/example_latest_only.py for tasks to queue
[2026-03-28T22:10:39.806+0000] {logging_mixin.py:188} INFO - [2026-03-28T22:10:39.806+0000] {dagbag.py:538} INFO - Filling up the DagBag from /home/airflow/.local/lib/python3.8/site-packages/airflow/example_dags/example_latest_only.py
[2026-03-28T22:10:39.812+0000] {processor.py:840} INFO - DAG(s) 'latest_only' retrieved from /home/airflow/.local/lib/python3.8/site-packages/airflow/example_dags/example_latest_only.py
[2026-03-28T22:10:39.834+0000] {logging_mixin.py:188} INFO - [2026-03-28T22:10:39.834+0000] {dag.py:3036} INFO - Sync 1 DAGs
[2026-03-28T22:10:39.854+0000] {logging_mixin.py:188} INFO - [2026-03-28T22:10:39.854+0000] {dag.py:3823} INFO - Setting next_dagrun for latest_only to 2026-03-28 16:00:00+00:00, run_after=2026-03-28 20:00:00+00:00
[2026-03-28T22:10:39.882+0000] {processor.py:183} INFO - Processing /home/airflow/.local/lib/python3.8/site-packages/airflow/example_dags/example_latest_only.py took 0.084 seconds
[2026-03-28T22:11:10.166+0000] {processor.py:161} INFO - Started process (PID=228) to work on /home/airflow/.local/lib/python3.8/site-packages/airflow/example_dags/example_latest_only.py
[2026-03-28T22:11:10.167+0000] {processor.py:830} INFO - Processing file /home/airflow/.local/lib/python3.8/site-packages/airflow/example_dags/example_latest_only.py for tasks to queue
[2026-03-28T22:11:10.169+0000] {logging_mixin.py:188} INFO - [2026-03-28T22:11:10.169+0000] {dagbag.py:538} INFO - Filling up the DagBag from /home/airflow/.local/lib/python3.8/site-packages/airflow/example_dags/example_latest_only.py
[2026-03-28T22:11:10.175+0000] {processor.py:840} INFO - DAG(s) 'latest_only' retrieved from /home/airflow/.local/lib/python3.8/site-packages/airflow/example_dags/example_latest_only.py
[2026-03-28T22:11:10.197+0000] {logging_mixin.py:188} INFO - [2026-03-28T22:11:10.197+0000] {dag.py:3036} INFO - Sync 1 DAGs
[2026-03-28T22:11:10.222+0000] {logging_mixin.py:188} INFO - [2026-03-28T22:11:10.221+0000] {dag.py:3823} INFO - Setting next_dagrun for latest_only to 2026-03-28 16:00:00+00:00, run_after=2026-03-28 20:00:00+00:00
[2026-03-28T22:11:10.247+0000] {processor.py:183} INFO - Processing /home/airflow/.local/lib/python3.8/site-packages/airflow/example_dags/example_latest_only.py took 0.084 seconds
[2026-03-28T22:11:40.435+0000] {processor.py:161} INFO - Started process (PID=284) to work on /home/airflow/.local/lib/python3.8/site-packages/airflow/example_dags/example_latest_only.py
[2026-03-28T22:11:40.436+0000] {processor.py:830} INFO - Processing file /home/airflow/.local/lib/python3.8/site-packages/airflow/example_dags/example_latest_only.py for tasks to queue
[2026-03-28T22:11:40.438+0000] {logging_mixin.py:188} INFO - [2026-03-28T22:11:40.437+0000] {dagbag.py:538} INFO - Filling up the DagBag from /home/airflow/.local/lib/python3.8/site-packages/airflow/example_dags/example_latest_only.py
[2026-03-28T22:11:40.443+0000] {processor.py:840} INFO - DAG(s) 'latest_only' retrieved from /home/airflow/.local/lib/python3.8/site-packages/airflow/example_dags/example_latest_only.py
[2026-03-28T22:11:40.463+0000] {logging_mixin.py:188} INFO - [2026-03-28T22:11:40.463+0000] {dag.py:3036} INFO - Sync 1 DAGs
[2026-03-28T22:11:40.484+0000] {logging_mixin.py:188} INFO - [2026-03-28T22:11:40.483+0000] {dag.py:3823} INFO - Setting next_dagrun for latest_only to 2026-03-28 16:00:00+00:00, run_after=2026-03-28 20:00:00+00:00
[2026-03-28T22:11:40.518+0000] {processor.py:183} INFO - Processing /home/airflow/.local/lib/python3.8/site-packages/airflow/example_dags/example_latest_only.py took 0.087 seconds
[2026-03-28T22:12:10.764+0000] {processor.py:161} INFO - Started process (PID=340) to work on /home/airflow/.local/lib/python3.8/site-packages/airflow/example_dags/example_latest_only.py
[2026-03-28T22:12:10.765+0000] {processor.py:830} INFO - Processing file /home/airflow/.local/lib/python3.8/site-packages/airflow/example_dags/example_latest_only.py for tasks to queue
[2026-03-28T22:12:10.767+0000] {logging_mixin.py:188} INFO - [2026-03-28T22:12:10.767+0000] {dagbag.py:538} INFO - Filling up the DagBag from /home/airflow/.local/lib/python3.8/site-packages/airflow/example_dags/example_latest_only.py
[2026-03-28T22:12:10.772+0000] {processor.py:840} INFO - DAG(s) 'latest_only' retrieved from /home/airflow/.local/lib/python3.8/site-packages/airflow/example_dags/example_latest_only.py
[2026-03-28T22:12:10.796+0000] {logging_mixin.py:188} INFO - [2026-03-28T22:12:10.795+0000] {dag.py:3036} INFO - Sync 1 DAGs
[2026-03-28T22:12:10.817+0000] {logging_mixin.py:188} INFO - [2026-03-28T22:12:10.816+0000] {dag.py:3823} INFO - Setting next_dagrun for latest_only to 2026-03-28 16:00:00+00:00, run_after=2026-03-28 20:00:00+00:00
[2026-03-28T22:12:10.842+0000] {processor.py:183} INFO - Processing /home/airflow/.local/lib/python3.8/site-packages/airflow/example_dags/example_latest_only.py took 0.081 seconds
[2026-03-28T22:12:40.898+0000] {processor.py:161} INFO - Started process (PID=396) to work on /home/airflow/.local/lib/python3.8/site-packages/airflow/example_dags/example_latest_only.py
[2026-03-28T22:12:40.899+0000] {processor.py:830} INFO - Processing file /home/airflow/.local/lib/python3.8/site-packages/airflow/example_dags/example_latest_only.py for tasks to queue
[2026-03-28T22:12:40.902+0000] {logging_mixin.py:188} INFO - [2026-03-28T22:12:40.901+0000] {dagbag.py:538} INFO - Filling up the DagBag from /home/airflow/.local/lib/python3.8/site-packages/airflow/example_dags/example_latest_only.py
[2026-03-28T22:12:40.908+0000] {processor.py:840} INFO - DAG(s) 'latest_only' retrieved from /home/airflow/.local/lib/python3.8/site-packages/airflow/example_dags/example_latest_only.py
[2026-03-28T22:12:40.928+0000] {logging_mixin.py:188} INFO - [2026-03-28T22:12:40.928+0000] {dag.py:3036} INFO - Sync 1 DAGs
[2026-03-28T22:12:40.950+0000] {logging_mixin.py:188} INFO - [2026-03-28T22:12:40.949+0000] {dag.py:3823} INFO - Setting next_dagrun for latest_only to 2026-03-28 16:00:00+00:00, run_after=2026-03-28 20:00:00+00:00
[2026-03-28T22:12:40.970+0000] {processor.py:183} INFO - Processing /home/airflow/.local/lib/python3.8/site-packages/airflow/example_dags/example_latest_only.py took 0.076 seconds
[2026-03-28T22:13:11.078+0000] {processor.py:161} INFO - Started process (PID=452) to work on /home/airflow/.local/lib/python3.8/site-packages/airflow/example_dags/example_latest_only.py
[2026-03-28T22:13:11.080+0000] {processor.py:830} INFO - Processing file /home/airflow/.local/lib/python3.8/site-packages/airflow/example_dags/example_latest_only.py for tasks to queue
[2026-03-28T22:13:11.081+0000] {logging_mixin.py:188} INFO - [2026-03-28T22:13:11.081+0000] {dagbag.py:538} INFO - Filling up the DagBag from /home/airflow/.local/lib/python3.8/site-packages/airflow/example_dags/example_latest_only.py
[2026-03-28T22:13:11.087+0000] {processor.py:840} INFO - DAG(s) 'latest_only' retrieved from /home/airflow/.local/lib/python3.8/site-packages/airflow/example_dags/example_latest_only.py
[2026-03-28T22:13:11.108+0000] {logging_mixin.py:188} INFO - [2026-03-28T22:13:11.108+0000] {dag.py:3036} INFO - Sync 1 DAGs
[2026-03-28T22:13:11.132+0000] {logging_mixin.py:188} INFO - [2026-03-28T22:13:11.132+0000] {dag.py:3823} INFO - Setting next_dagrun for latest_only to 2026-03-28 16:00:00+00:00, run_after=2026-03-28 20:00:00+00:00
[2026-03-28T22:13:11.153+0000] {processor.py:183} INFO - Processing /home/airflow/.local/lib/python3.8/site-packages/airflow/example_dags/example_latest_only.py took 0.078 seconds
[2026-03-28T22:14:05.214+0000] {processor.py:161} INFO - Started process (PID=59) to work on /home/airflow/.local/lib/python3.8/site-packages/airflow/example_dags/example_latest_only.py
[2026-03-28T22:14:05.216+0000] {processor.py:830} INFO - Processing file /home/airflow/.local/lib/python3.8/site-packages/airflow/example_dags/example_latest_only.py for tasks to queue
[2026-03-28T22:14:05.223+0000] {logging_mixin.py:188} INFO - [2026-03-28T22:14:05.222+0000] {dagbag.py:538} INFO - Filling up the DagBag from /home/airflow/.local/lib/python3.8/site-packages/airflow/example_dags/example_latest_only.py
[2026-03-28T22:14:05.239+0000] {processor.py:840} INFO - DAG(s) 'latest_only' retrieved from /home/airflow/.local/lib/python3.8/site-packages/airflow/example_dags/example_latest_only.py
[2026-03-28T22:14:05.259+0000] {logging_mixin.py:188} INFO - [2026-03-28T22:14:05.259+0000] {dag.py:3036} INFO - Sync 1 DAGs
[2026-03-28T22:14:05.305+0000] {logging_mixin.py:188} INFO - [2026-03-28T22:14:05.304+0000] {dag.py:3823} INFO - Setting next_dagrun for latest_only to 2026-03-28 16:00:00+00:00, run_after=2026-03-28 20:00:00+00:00
[2026-03-28T22:14:05.338+0000] {processor.py:183} INFO - Processing /home/airflow/.local/lib/python3.8/site-packages/airflow/example_dags/example_latest_only.py took 0.131 seconds
[2026-03-28T22:14:35.792+0000] {processor.py:161} INFO - Started process (PID=120) to work on /home/airflow/.local/lib/python3.8/site-packages/airflow/example_dags/example_latest_only.py
[2026-03-28T22:14:35.793+0000] {processor.py:830} INFO - Processing file /home/airflow/.local/lib/python3.8/site-packages/airflow/example_dags/example_latest_only.py for tasks to queue
[2026-03-28T22:14:35.796+0000] {logging_mixin.py:188} INFO - [2026-03-28T22:14:35.795+0000] {dagbag.py:538} INFO - Filling up the DagBag from /home/airflow/.local/lib/python3.8/site-packages/airflow/example_dags/example_latest_only.py
[2026-03-28T22:14:35.802+0000] {processor.py:840} INFO - DAG(s) 'latest_only' retrieved from /home/airflow/.local/lib/python3.8/site-packages/airflow/example_dags/example_latest_only.py
[2026-03-28T22:14:35.891+0000] {logging_mixin.py:188} INFO - [2026-03-28T22:14:35.891+0000] {dag.py:3036} INFO - Sync 1 DAGs
[2026-03-28T22:14:35.909+0000] {logging_mixin.py:188} INFO - [2026-03-28T22:14:35.909+0000] {dag.py:3823} INFO - Setting next_dagrun for latest_only to 2026-03-28 16:00:00+00:00, run_after=2026-03-28 20:00:00+00:00
[2026-03-28T22:14:35.932+0000] {processor.py:183} INFO - Processing /home/airflow/.local/lib/python3.8/site-packages/airflow/example_dags/example_latest_only.py took 0.144 seconds
[2026-03-28T22:15:06.220+0000] {processor.py:161} INFO - Started process (PID=176) to work on /home/airflow/.local/lib/python3.8/site-packages/airflow/example_dags/example_latest_only.py
[2026-03-28T22:15:06.221+0000] {processor.py:830} INFO - Processing file /home/airflow/.local/lib/python3.8/site-packages/airflow/example_dags/example_latest_only.py for tasks to queue
[2026-03-28T22:15:06.223+0000] {logging_mixin.py:188} INFO - [2026-03-28T22:15:06.223+0000] {dagbag.py:538} INFO - Filling up the DagBag from /home/airflow/.local/lib/python3.8/site-packages/airflow/example_dags/example_latest_only.py
[2026-03-28T22:15:06.229+0000] {processor.py:840} INFO - DAG(s) 'latest_only' retrieved from /home/airflow/.local/lib/python3.8/site-packages/airflow/example_dags/example_latest_only.py
[2026-03-28T22:15:06.252+0000] {logging_mixin.py:188} INFO - [2026-03-28T22:15:06.252+0000] {dag.py:3036} INFO - Sync 1 DAGs
[2026-03-28T22:15:06.272+0000] {logging_mixin.py:188} INFO - [2026-03-28T22:15:06.272+0000] {dag.py:3823} INFO - Setting next_dagrun for latest_only to 2026-03-28 16:00:00+00:00, run_after=2026-03-28 20:00:00+00:00
[2026-03-28T22:15:06.293+0000] {processor.py:183} INFO - Processing /home/airflow/.local/lib/python3.8/site-packages/airflow/example_dags/example_latest_only.py took 0.077 seconds
[2026-03-28T22:15:36.564+0000] {processor.py:161} INFO - Started process (PID=232) to work on /home/airflow/.local/lib/python3.8/site-packages/airflow/example_dags/example_latest_only.py
[2026-03-28T22:15:36.565+0000] {processor.py:830} INFO - Processing file /home/airflow/.local/lib/python3.8/site-packages/airflow/example_dags/example_latest_only.py for tasks to queue
[2026-03-28T22:15:36.567+0000] {logging_mixin.py:188} INFO - [2026-03-28T22:15:36.566+0000] {dagbag.py:538} INFO - Filling up the DagBag from /home/airflow/.local/lib/python3.8/site-packages/airflow/example_dags/example_latest_only.py
[2026-03-28T22:15:36.572+0000] {processor.py:840} INFO - DAG(s) 'latest_only' retrieved from /home/airflow/.local/lib/python3.8/site-packages/airflow/example_dags/example_latest_only.py
[2026-03-28T22:15:36.594+0000] {logging_mixin.py:188} INFO - [2026-03-28T22:15:36.594+0000] {dag.py:3036} INFO - Sync 1 DAGs
[2026-03-28T22:15:36.614+0000] {logging_mixin.py:188} INFO - [2026-03-28T22:15:36.614+0000] {dag.py:3823} INFO - Setting next_dagrun for latest_only to 2026-03-28 16:00:00+00:00, run_after=2026-03-28 20:00:00+00:00
[2026-03-28T22:15:36.632+0000] {processor.py:183} INFO - Processing /home/airflow/.local/lib/python3.8/site-packages/airflow/example_dags/example_latest_only.py took 0.072 seconds
[2026-03-28T22:16:06.868+0000] {processor.py:161} INFO - Started process (PID=288) to work on /home/airflow/.local/lib/python3.8/site-packages/airflow/example_dags/example_latest_only.py
[2026-03-28T22:16:06.870+0000] {processor.py:830} INFO - Processing file /home/airflow/.local/lib/python3.8/site-packages/airflow/example_dags/example_latest_only.py for tasks to queue
[2026-03-28T22:16:06.872+0000] {logging_mixin.py:188} INFO - [2026-03-28T22:16:06.871+0000] {dagbag.py:538} INFO - Filling up the DagBag from /home/airflow/.local/lib/python3.8/site-packages/airflow/example_dags/example_latest_only.py
[2026-03-28T22:16:06.877+0000] {processor.py:840} INFO - DAG(s) 'latest_only' retrieved from /home/airflow/.local/lib/python3.8/site-packages/airflow/example_dags/example_latest_only.py
[2026-03-28T22:16:06.899+0000] {logging_mixin.py:188} INFO - [2026-03-28T22:16:06.899+0000] {dag.py:3036} INFO - Sync 1 DAGs
[2026-03-28T22:16:06.919+0000] {logging_mixin.py:188} INFO - [2026-03-28T22:16:06.919+0000] {dag.py:3823} INFO - Setting next_dagrun for latest_only to 2026-03-28 16:00:00+00:00, run_after=2026-03-28 20:00:00+00:00
[2026-03-28T22:16:06.958+0000] {processor.py:183} INFO - Processing /home/airflow/.local/lib/python3.8/site-packages/airflow/example_dags/example_latest_only.py took 0.095 seconds
[2026-03-28T22:16:37.175+0000] {processor.py:161} INFO - Started process (PID=344) to work on /home/airflow/.local/lib/python3.8/site-packages/airflow/example_dags/example_latest_only.py
[2026-03-28T22:16:37.176+0000] {processor.py:830} INFO - Processing file /home/airflow/.local/lib/python3.8/site-packages/airflow/example_dags/example_latest_only.py for tasks to queue
[2026-03-28T22:16:37.178+0000] {logging_mixin.py:188} INFO - [2026-03-28T22:16:37.178+0000] {dagbag.py:538} INFO - Filling up the DagBag from /home/airflow/.local/lib/python3.8/site-packages/airflow/example_dags/example_latest_only.py
[2026-03-28T22:16:37.183+0000] {processor.py:840} INFO - DAG(s) 'latest_only' retrieved from /home/airflow/.local/lib/python3.8/site-packages/airflow/example_dags/example_latest_only.py
[2026-03-28T22:16:37.207+0000] {logging_mixin.py:188} INFO - [2026-03-28T22:16:37.207+0000] {dag.py:3036} INFO - Sync 1 DAGs
[2026-03-28T22:16:37.227+0000] {logging_mixin.py:188} INFO - [2026-03-28T22:16:37.227+0000] {dag.py:3823} INFO - Setting next_dagrun for latest_only to 2026-03-28 16:00:00+00:00, run_after=2026-03-28 20:00:00+00:00
[2026-03-28T22:16:37.257+0000] {processor.py:183} INFO - Processing /home/airflow/.local/lib/python3.8/site-packages/airflow/example_dags/example_latest_only.py took 0.085 seconds
[2026-03-28T22:17:07.314+0000] {processor.py:161} INFO - Started process (PID=400) to work on /home/airflow/.local/lib/python3.8/site-packages/airflow/example_dags/example_latest_only.py
[2026-03-28T22:17:07.316+0000] {processor.py:830} INFO - Processing file /home/airflow/.local/lib/python3.8/site-packages/airflow/example_dags/example_latest_only.py for tasks to queue
[2026-03-28T22:17:07.319+0000] {logging_mixin.py:188} INFO - [2026-03-28T22:17:07.318+0000] {dagbag.py:538} INFO - Filling up the DagBag from /home/airflow/.local/lib/python3.8/site-packages/airflow/example_dags/example_latest_only.py
[2026-03-28T22:17:07.325+0000] {processor.py:840} INFO - DAG(s) 'latest_only' retrieved from /home/airflow/.local/lib/python3.8/site-packages/airflow/example_dags/example_latest_only.py
[2026-03-28T22:17:07.349+0000] {logging_mixin.py:188} INFO - [2026-03-28T22:17:07.348+0000] {dag.py:3036} INFO - Sync 1 DAGs
[2026-03-28T22:17:07.368+0000] {logging_mixin.py:188} INFO - [2026-03-28T22:17:07.368+0000] {dag.py:3823} INFO - Setting next_dagrun for latest_only to 2026-03-28 16:00:00+00:00, run_after=2026-03-28 20:00:00+00:00
[2026-03-28T22:17:07.390+0000] {processor.py:183} INFO - Processing /home/airflow/.local/lib/python3.8/site-packages/airflow/example_dags/example_latest_only.py took 0.080 seconds
[2026-03-28T22:17:37.526+0000] {processor.py:161} INFO - Started process (PID=456) to work on /home/airflow/.local/lib/python3.8/site-packages/airflow/example_dags/example_latest_only.py
[2026-03-28T22:17:37.527+0000] {processor.py:830} INFO - Processing file /home/airflow/.local/lib/python3.8/site-packages/airflow/example_dags/example_latest_only.py for tasks to queue
[2026-03-28T22:17:37.530+0000] {logging_mixin.py:188} INFO - [2026-03-28T22:17:37.529+0000] {dagbag.py:538} INFO - Filling up the DagBag from /home/airflow/.local/lib/python3.8/site-packages/airflow/example_dags/example_latest_only.py
[2026-03-28T22:17:37.536+0000] {processor.py:840} INFO - DAG(s) 'latest_only' retrieved from /home/airflow/.local/lib/python3.8/site-packages/airflow/example_dags/example_latest_only.py
[2026-03-28T22:17:37.558+0000] {logging_mixin.py:188} INFO - [2026-03-28T22:17:37.558+0000] {dag.py:3036} INFO - Sync 1 DAGs
[2026-03-28T22:17:37.581+0000] {logging_mixin.py:188} INFO - [2026-03-28T22:17:37.581+0000] {dag.py:3823} INFO - Setting next_dagrun for latest_only to 2026-03-28 16:00:00+00:00, run_after=2026-03-28 20:00:00+00:00
[2026-03-28T22:17:37.605+0000] {processor.py:183} INFO - Processing /home/airflow/.local/lib/python3.8/site-packages/airflow/example_dags/example_latest_only.py took 0.082 seconds
[2026-03-28T22:18:08.175+0000] {processor.py:161} INFO - Started process (PID=512) to work on /home/airflow/.local/lib/python3.8/site-packages/airflow/example_dags/example_latest_only.py
[2026-03-28T22:18:08.176+0000] {processor.py:830} INFO - Processing file /home/airflow/.local/lib/python3.8/site-packages/airflow/example_dags/example_latest_only.py for tasks to queue
[2026-03-28T22:18:08.178+0000] {logging_mixin.py:188} INFO - [2026-03-28T22:18:08.178+0000] {dagbag.py:538} INFO - Filling up the DagBag from /home/airflow/.local/lib/python3.8/site-packages/airflow/example_dags/example_latest_only.py
[2026-03-28T22:18:08.183+0000] {processor.py:840} INFO - DAG(s) 'latest_only' retrieved from /home/airflow/.local/lib/python3.8/site-packages/airflow/example_dags/example_latest_only.py
[2026-03-28T22:18:08.206+0000] {logging_mixin.py:188} INFO - [2026-03-28T22:18:08.206+0000] {dag.py:3036} INFO - Sync 1 DAGs
[2026-03-28T22:18:08.225+0000] {logging_mixin.py:188} INFO - [2026-03-28T22:18:08.225+0000] {dag.py:3823} INFO - Setting next_dagrun for latest_only to 2026-03-28 16:00:00+00:00, run_after=2026-03-28 20:00:00+00:00
[2026-03-28T22:18:08.247+0000] {processor.py:183} INFO - Processing /home/airflow/.local/lib/python3.8/site-packages/airflow/example_dags/example_latest_only.py took 0.076 seconds
[2026-03-28T22:18:38.570+0000] {processor.py:161} INFO - Started process (PID=568) to work on /home/airflow/.local/lib/python3.8/site-packages/airflow/example_dags/example_latest_only.py
[2026-03-28T22:18:38.571+0000] {processor.py:830} INFO - Processing file /home/airflow/.local/lib/python3.8/site-packages/airflow/example_dags/example_latest_only.py for tasks to queue
[2026-03-28T22:18:38.573+0000] {logging_mixin.py:188} INFO - [2026-03-28T22:18:38.572+0000] {dagbag.py:538} INFO - Filling up the DagBag from /home/airflow/.local/lib/python3.8/site-packages/airflow/example_dags/example_latest_only.py
[2026-03-28T22:18:38.578+0000] {processor.py:840} INFO - DAG(s) 'latest_only' retrieved from /home/airflow/.local/lib/python3.8/site-packages/airflow/example_dags/example_latest_only.py
[2026-03-28T22:18:38.599+0000] {logging_mixin.py:188} INFO - [2026-03-28T22:18:38.599+0000] {dag.py:3036} INFO - Sync 1 DAGs
[2026-03-28T22:18:38.618+0000] {logging_mixin.py:188} INFO - [2026-03-28T22:18:38.618+0000] {dag.py:3823} INFO - Setting next_dagrun for latest_only to 2026-03-28 16:00:00+00:00, run_after=2026-03-28 20:00:00+00:00
[2026-03-28T22:18:38.639+0000] {processor.py:183} INFO - Processing /home/airflow/.local/lib/python3.8/site-packages/airflow/example_dags/example_latest_only.py took 0.073 seconds
[2026-03-28T22:19:08.783+0000] {processor.py:161} INFO - Started process (PID=624) to work on /home/airflow/.local/lib/python3.8/site-packages/airflow/example_dags/example_latest_only.py
[2026-03-28T22:19:08.785+0000] {processor.py:830} INFO - Processing file /home/airflow/.local/lib/python3.8/site-packages/airflow/example_dags/example_latest_only.py for tasks to queue
[2026-03-28T22:19:08.787+0000] {logging_mixin.py:188} INFO - [2026-03-28T22:19:08.786+0000] {dagbag.py:538} INFO - Filling up the DagBag from /home/airflow/.local/lib/python3.8/site-packages/airflow/example_dags/example_latest_only.py
[2026-03-28T22:19:08.791+0000] {processor.py:840} INFO - DAG(s) 'latest_only' retrieved from /home/airflow/.local/lib/python3.8/site-packages/airflow/example_dags/example_latest_only.py
[2026-03-28T22:19:08.812+0000] {logging_mixin.py:188} INFO - [2026-03-28T22:19:08.811+0000] {dag.py:3036} INFO - Sync 1 DAGs
[2026-03-28T22:19:08.832+0000] {logging_mixin.py:188} INFO - [2026-03-28T22:19:08.832+0000] {dag.py:3823} INFO - Setting next_dagrun for latest_only to 2026-03-28 16:00:00+00:00, run_after=2026-03-28 20:00:00+00:00
[2026-03-28T22:19:08.854+0000] {processor.py:183} INFO - Processing /home/airflow/.local/lib/python3.8/site-packages/airflow/example_dags/example_latest_only.py took 0.074 seconds
[2026-03-28T22:19:39.649+0000] {processor.py:161} INFO - Started process (PID=680) to work on /home/airflow/.local/lib/python3.8/site-packages/airflow/example_dags/example_latest_only.py
[2026-03-28T22:19:39.651+0000] {processor.py:830} INFO - Processing file /home/airflow/.local/lib/python3.8/site-packages/airflow/example_dags/example_latest_only.py for tasks to queue
[2026-03-28T22:19:39.655+0000] {logging_mixin.py:188} INFO - [2026-03-28T22:19:39.654+0000] {dagbag.py:538} INFO - Filling up the DagBag from /home/airflow/.local/lib/python3.8/site-packages/airflow/example_dags/example_latest_only.py
[2026-03-28T22:19:39.662+0000] {processor.py:840} INFO - DAG(s) 'latest_only' retrieved from /home/airflow/.local/lib/python3.8/site-packages/airflow/example_dags/example_latest_only.py
[2026-03-28T22:19:39.689+0000] {logging_mixin.py:188} INFO - [2026-03-28T22:19:39.689+0000] {dag.py:3036} INFO - Sync 1 DAGs
[2026-03-28T22:19:39.717+0000] {logging_mixin.py:188} INFO - [2026-03-28T22:19:39.717+0000] {dag.py:3823} INFO - Setting next_dagrun for latest_only to 2026-03-28 16:00:00+00:00, run_after=2026-03-28 20:00:00+00:00
[2026-03-28T22:19:39.754+0000] {processor.py:183} INFO - Processing /home/airflow/.local/lib/python3.8/site-packages/airflow/example_dags/example_latest_only.py took 0.110 seconds
[2026-03-28T22:20:10.348+0000] {processor.py:161} INFO - Started process (PID=736) to work on /home/airflow/.local/lib/python3.8/site-packages/airflow/example_dags/example_latest_only.py
[2026-03-28T22:20:10.349+0000] {processor.py:830} INFO - Processing file /home/airflow/.local/lib/python3.8/site-packages/airflow/example_dags/example_latest_only.py for tasks to queue
[2026-03-28T22:20:10.352+0000] {logging_mixin.py:188} INFO - [2026-03-28T22:20:10.352+0000] {dagbag.py:538} INFO - Filling up the DagBag from /home/airflow/.local/lib/python3.8/site-packages/airflow/example_dags/example_latest_only.py
[2026-03-28T22:20:10.360+0000] {processor.py:840} INFO - DAG(s) 'latest_only' retrieved from /home/airflow/.local/lib/python3.8/site-packages/airflow/example_dags/example_latest_only.py
[2026-03-28T22:20:10.387+0000] {logging_mixin.py:188} INFO - [2026-03-28T22:20:10.387+0000] {dag.py:3036} INFO - Sync 1 DAGs
[2026-03-28T22:20:10.412+0000] {logging_mixin.py:188} INFO - [2026-03-28T22:20:10.412+0000] {dag.py:3823} INFO - Setting next_dagrun for latest_only to 2026-03-28 16:00:00+00:00, run_after=2026-03-28 20:00:00+00:00
[2026-03-28T22:20:10.438+0000] {processor.py:183} INFO - Processing /home/airflow/.local/lib/python3.8/site-packages/airflow/example_dags/example_latest_only.py took 0.095 seconds
[2026-03-28T22:20:40.576+0000] {processor.py:161} INFO - Started process (PID=792) to work on /home/airflow/.local/lib/python3.8/site-packages/airflow/example_dags/example_latest_only.py
[2026-03-28T22:20:40.577+0000] {processor.py:830} INFO - Processing file /home/airflow/.local/lib/python3.8/site-packages/airflow/example_dags/example_latest_only.py for tasks to queue
[2026-03-28T22:20:40.582+0000] {logging_mixin.py:188} INFO - [2026-03-28T22:20:40.581+0000] {dagbag.py:538} INFO - Filling up the DagBag from /home/airflow/.local/lib/python3.8/site-packages/airflow/example_dags/example_latest_only.py
[2026-03-28T22:20:40.588+0000] {processor.py:840} INFO - DAG(s) 'latest_only' retrieved from /home/airflow/.local/lib/python3.8/site-packages/airflow/example_dags/example_latest_only.py
[2026-03-28T22:20:40.610+0000] {logging_mixin.py:188} INFO - [2026-03-28T22:20:40.610+0000] {dag.py:3036} INFO - Sync 1 DAGs
[2026-03-28T22:20:40.634+0000] {logging_mixin.py:188} INFO - [2026-03-28T22:20:40.634+0000] {dag.py:3823} INFO - Setting next_dagrun for latest_only to 2026-03-28 16:00:00+00:00, run_after=2026-03-28 20:00:00+00:00
[2026-03-28T22:20:40.659+0000] {processor.py:183} INFO - Processing /home/airflow/.local/lib/python3.8/site-packages/airflow/example_dags/example_latest_only.py took 0.086 seconds
[2026-03-28T22:21:11.524+0000] {processor.py:161} INFO - Started process (PID=848) to work on /home/airflow/.local/lib/python3.8/site-packages/airflow/example_dags/example_latest_only.py
[2026-03-28T22:21:11.525+0000] {processor.py:830} INFO - Processing file /home/airflow/.local/lib/python3.8/site-packages/airflow/example_dags/example_latest_only.py for tasks to queue
[2026-03-28T22:21:11.528+0000] {logging_mixin.py:188} INFO - [2026-03-28T22:21:11.527+0000] {dagbag.py:538} INFO - Filling up the DagBag from /home/airflow/.local/lib/python3.8/site-packages/airflow/example_dags/example_latest_only.py
[2026-03-28T22:21:11.533+0000] {processor.py:840} INFO - DAG(s) 'latest_only' retrieved from /home/airflow/.local/lib/python3.8/site-packages/airflow/example_dags/example_latest_only.py
[2026-03-28T22:21:11.555+0000] {logging_mixin.py:188} INFO - [2026-03-28T22:21:11.554+0000] {dag.py:3036} INFO - Sync 1 DAGs
[2026-03-28T22:21:11.576+0000] {logging_mixin.py:188} INFO - [2026-03-28T22:21:11.575+0000] {dag.py:3823} INFO - Setting next_dagrun for latest_only to 2026-03-28 16:00:00+00:00, run_after=2026-03-28 20:00:00+00:00
[2026-03-28T22:21:11.613+0000] {processor.py:183} INFO - Processing /home/airflow/.local/lib/python3.8/site-packages/airflow/example_dags/example_latest_only.py took 0.093 seconds
[2026-03-28T22:21:41.754+0000] {processor.py:161} INFO - Started process (PID=904) to work on /home/airflow/.local/lib/python3.8/site-packages/airflow/example_dags/example_latest_only.py
[2026-03-28T22:21:41.755+0000] {processor.py:830} INFO - Processing file /home/airflow/.local/lib/python3.8/site-packages/airflow/example_dags/example_latest_only.py for tasks to queue
[2026-03-28T22:21:41.757+0000] {logging_mixin.py:188} INFO - [2026-03-28T22:21:41.757+0000] {dagbag.py:538} INFO - Filling up the DagBag from /home/airflow/.local/lib/python3.8/site-packages/airflow/example_dags/example_latest_only.py
[2026-03-28T22:21:41.762+0000] {processor.py:840} INFO - DAG(s) 'latest_only' retrieved from /home/airflow/.local/lib/python3.8/site-packages/airflow/example_dags/example_latest_only.py
[2026-03-28T22:21:41.786+0000] {logging_mixin.py:188} INFO - [2026-03-28T22:21:41.785+0000] {dag.py:3036} INFO - Sync 1 DAGs
[2026-03-28T22:21:41.807+0000] {logging_mixin.py:188} INFO - [2026-03-28T22:21:41.807+0000] {dag.py:3823} INFO - Setting next_dagrun for latest_only to 2026-03-28 16:00:00+00:00, run_after=2026-03-28 20:00:00+00:00
[2026-03-28T22:21:41.829+0000] {processor.py:183} INFO - Processing /home/airflow/.local/lib/python3.8/site-packages/airflow/example_dags/example_latest_only.py took 0.079 seconds
[2026-03-28T22:22:12.011+0000] {processor.py:161} INFO - Started process (PID=960) to work on /home/airflow/.local/lib/python3.8/site-packages/airflow/example_dags/example_latest_only.py
[2026-03-28T22:22:12.012+0000] {processor.py:830} INFO - Processing file /home/airflow/.local/lib/python3.8/site-packages/airflow/example_dags/example_latest_only.py for tasks to queue
[2026-03-28T22:22:12.014+0000] {logging_mixin.py:188} INFO - [2026-03-28T22:22:12.013+0000] {dagbag.py:538} INFO - Filling up the DagBag from /home/airflow/.local/lib/python3.8/site-packages/airflow/example_dags/example_latest_only.py
[2026-03-28T22:22:12.019+0000] {processor.py:840} INFO - DAG(s) 'latest_only' retrieved from /home/airflow/.local/lib/python3.8/site-packages/airflow/example_dags/example_latest_only.py
[2026-03-28T22:22:12.041+0000] {logging_mixin.py:188} INFO - [2026-03-28T22:22:12.041+0000] {dag.py:3036} INFO - Sync 1 DAGs
[2026-03-28T22:22:12.062+0000] {logging_mixin.py:188} INFO - [2026-03-28T22:22:12.062+0000] {dag.py:3823} INFO - Setting next_dagrun for latest_only to 2026-03-28 16:00:00+00:00, run_after=2026-03-28 20:00:00+00:00
[2026-03-28T22:22:12.084+0000] {processor.py:183} INFO - Processing /home/airflow/.local/lib/python3.8/site-packages/airflow/example_dags/example_latest_only.py took 0.077 seconds
[2026-03-28T22:22:42.195+0000] {processor.py:161} INFO - Started process (PID=1016) to work on /home/airflow/.local/lib/python3.8/site-packages/airflow/example_dags/example_latest_only.py
[2026-03-28T22:22:42.196+0000] {processor.py:830} INFO - Processing file /home/airflow/.local/lib/python3.8/site-packages/airflow/example_dags/example_latest_only.py for tasks to queue
[2026-03-28T22:22:42.198+0000] {logging_mixin.py:188} INFO - [2026-03-28T22:22:42.198+0000] {dagbag.py:538} INFO - Filling up the DagBag from /home/airflow/.local/lib/python3.8/site-packages/airflow/example_dags/example_latest_only.py
[2026-03-28T22:22:42.205+0000] {processor.py:840} INFO - DAG(s) 'latest_only' retrieved from /home/airflow/.local/lib/python3.8/site-packages/airflow/example_dags/example_latest_only.py
[2026-03-28T22:22:42.228+0000] {logging_mixin.py:188} INFO - [2026-03-28T22:22:42.228+0000] {dag.py:3036} INFO - Sync 1 DAGs
[2026-03-28T22:22:42.254+0000] {logging_mixin.py:188} INFO - [2026-03-28T22:22:42.254+0000] {dag.py:3823} INFO - Setting next_dagrun for latest_only to 2026-03-28 16:00:00+00:00, run_after=2026-03-28 20:00:00+00:00
[2026-03-28T22:22:42.280+0000] {processor.py:183} INFO - Processing /home/airflow/.local/lib/python3.8/site-packages/airflow/example_dags/example_latest_only.py took 0.089 seconds
[2026-03-28T22:23:12.593+0000] {processor.py:161} INFO - Started process (PID=1072) to work on /home/airflow/.local/lib/python3.8/site-packages/airflow/example_dags/example_latest_only.py
[2026-03-28T22:23:12.594+0000] {processor.py:830} INFO - Processing file /home/airflow/.local/lib/python3.8/site-packages/airflow/example_dags/example_latest_only.py for tasks to queue
[2026-03-28T22:23:12.596+0000] {logging_mixin.py:188} INFO - [2026-03-28T22:23:12.596+0000] {dagbag.py:538} INFO - Filling up the DagBag from /home/airflow/.local/lib/python3.8/site-packages/airflow/example_dags/example_latest_only.py
[2026-03-28T22:23:12.602+0000] {processor.py:840} INFO - DAG(s) 'latest_only' retrieved from /home/airflow/.local/lib/python3.8/site-packages/airflow/example_dags/example_latest_only.py
[2026-03-28T22:23:12.624+0000] {logging_mixin.py:188} INFO - [2026-03-28T22:23:12.623+0000] {dag.py:3036} INFO - Sync 1 DAGs
[2026-03-28T22:23:12.644+0000] {logging_mixin.py:188} INFO - [2026-03-28T22:23:12.644+0000] {dag.py:3823} INFO - Setting next_dagrun for latest_only to 2026-03-28 16:00:00+00:00, run_after=2026-03-28 20:00:00+00:00
[2026-03-28T22:23:12.666+0000] {processor.py:183} INFO - Processing /home/airflow/.local/lib/python3.8/site-packages/airflow/example_dags/example_latest_only.py took 0.076 seconds
[2026-03-28T22:23:42.897+0000] {processor.py:161} INFO - Started process (PID=1128) to work on /home/airflow/.local/lib/python3.8/site-packages/airflow/example_dags/example_latest_only.py
[2026-03-28T22:23:42.899+0000] {processor.py:830} INFO - Processing file /home/airflow/.local/lib/python3.8/site-packages/airflow/example_dags/example_latest_only.py for tasks to queue
[2026-03-28T22:23:42.901+0000] {logging_mixin.py:188} INFO - [2026-03-28T22:23:42.901+0000] {dagbag.py:538} INFO - Filling up the DagBag from /home/airflow/.local/lib/python3.8/site-packages/airflow/example_dags/example_latest_only.py
[2026-03-28T22:23:42.906+0000] {processor.py:840} INFO - DAG(s) 'latest_only' retrieved from /home/airflow/.local/lib/python3.8/site-packages/airflow/example_dags/example_latest_only.py
[2026-03-28T22:23:42.930+0000] {logging_mixin.py:188} INFO - [2026-03-28T22:23:42.929+0000] {dag.py:3036} INFO - Sync 1 DAGs
[2026-03-28T22:23:42.956+0000] {logging_mixin.py:188} INFO - [2026-03-28T22:23:42.956+0000] {dag.py:3823} INFO - Setting next_dagrun for latest_only to 2026-03-28 16:00:00+00:00, run_after=2026-03-28 20:00:00+00:00
[2026-03-28T22:23:42.984+0000] {processor.py:183} INFO - Processing /home/airflow/.local/lib/python3.8/site-packages/airflow/example_dags/example_latest_only.py took 0.090 seconds
[2026-03-28T22:24:13.312+0000] {processor.py:161} INFO - Started process (PID=1184) to work on /home/airflow/.local/lib/python3.8/site-packages/airflow/example_dags/example_latest_only.py
[2026-03-28T22:24:13.314+0000] {processor.py:830} INFO - Processing file /home/airflow/.local/lib/python3.8/site-packages/airflow/example_dags/example_latest_only.py for tasks to queue
[2026-03-28T22:24:13.316+0000] {logging_mixin.py:188} INFO - [2026-03-28T22:24:13.316+0000] {dagbag.py:538} INFO - Filling up the DagBag from /home/airflow/.local/lib/python3.8/site-packages/airflow/example_dags/example_latest_only.py
[2026-03-28T22:24:13.322+0000] {processor.py:840} INFO - DAG(s) 'latest_only' retrieved from /home/airflow/.local/lib/python3.8/site-packages/airflow/example_dags/example_latest_only.py
[2026-03-28T22:24:13.344+0000] {logging_mixin.py:188} INFO - [2026-03-28T22:24:13.343+0000] {dag.py:3036} INFO - Sync 1 DAGs
[2026-03-28T22:24:13.365+0000] {logging_mixin.py:188} INFO - [2026-03-28T22:24:13.365+0000] {dag.py:3823} INFO - Setting next_dagrun for latest_only to 2026-03-28 16:00:00+00:00, run_after=2026-03-28 20:00:00+00:00
[2026-03-28T22:24:13.392+0000] {processor.py:183} INFO - Processing /home/airflow/.local/lib/python3.8/site-packages/airflow/example_dags/example_latest_only.py took 0.083 seconds
[2026-03-28T22:24:43.608+0000] {processor.py:161} INFO - Started process (PID=1240) to work on /home/airflow/.local/lib/python3.8/site-packages/airflow/example_dags/example_latest_only.py
[2026-03-28T22:24:43.609+0000] {processor.py:830} INFO - Processing file /home/airflow/.local/lib/python3.8/site-packages/airflow/example_dags/example_latest_only.py for tasks to queue
[2026-03-28T22:24:43.611+0000] {logging_mixin.py:188} INFO - [2026-03-28T22:24:43.611+0000] {dagbag.py:538} INFO - Filling up the DagBag from /home/airflow/.local/lib/python3.8/site-packages/airflow/example_dags/example_latest_only.py
[2026-03-28T22:24:43.616+0000] {processor.py:840} INFO - DAG(s) 'latest_only' retrieved from /home/airflow/.local/lib/python3.8/site-packages/airflow/example_dags/example_latest_only.py
[2026-03-28T22:24:43.639+0000] {logging_mixin.py:188} INFO - [2026-03-28T22:24:43.639+0000] {dag.py:3036} INFO - Sync 1 DAGs
[2026-03-28T22:24:43.662+0000] {logging_mixin.py:188} INFO - [2026-03-28T22:24:43.661+0000] {dag.py:3823} INFO - Setting next_dagrun for latest_only to 2026-03-28 16:00:00+00:00, run_after=2026-03-28 20:00:00+00:00
[2026-03-28T22:24:43.718+0000] {processor.py:183} INFO - Processing /home/airflow/.local/lib/python3.8/site-packages/airflow/example_dags/example_latest_only.py took 0.113 seconds
[2026-03-28T22:25:13.783+0000] {processor.py:161} INFO - Started process (PID=1296) to work on /home/airflow/.local/lib/python3.8/site-packages/airflow/example_dags/example_latest_only.py
[2026-03-28T22:25:13.785+0000] {processor.py:830} INFO - Processing file /home/airflow/.local/lib/python3.8/site-packages/airflow/example_dags/example_latest_only.py for tasks to queue
[2026-03-28T22:25:13.786+0000] {logging_mixin.py:188} INFO - [2026-03-28T22:25:13.786+0000] {dagbag.py:538} INFO - Filling up the DagBag from /home/airflow/.local/lib/python3.8/site-packages/airflow/example_dags/example_latest_only.py
[2026-03-28T22:25:13.792+0000] {processor.py:840} INFO - DAG(s) 'latest_only' retrieved from /home/airflow/.local/lib/python3.8/site-packages/airflow/example_dags/example_latest_only.py
[2026-03-28T22:25:13.813+0000] {logging_mixin.py:188} INFO - [2026-03-28T22:25:13.813+0000] {dag.py:3036} INFO - Sync 1 DAGs
[2026-03-28T22:25:13.833+0000] {logging_mixin.py:188} INFO - [2026-03-28T22:25:13.833+0000] {dag.py:3823} INFO - Setting next_dagrun for latest_only to 2026-03-28 16:00:00+00:00, run_after=2026-03-28 20:00:00+00:00
[2026-03-28T22:25:13.859+0000] {processor.py:183} INFO - Processing /home/airflow/.local/lib/python3.8/site-packages/airflow/example_dags/example_latest_only.py took 0.079 seconds
[2026-03-28T22:25:44.086+0000] {processor.py:161} INFO - Started process (PID=1352) to work on /home/airflow/.local/lib/python3.8/site-packages/airflow/example_dags/example_latest_only.py
[2026-03-28T22:25:44.087+0000] {processor.py:830} INFO - Processing file /home/airflow/.local/lib/python3.8/site-packages/airflow/example_dags/example_latest_only.py for tasks to queue
[2026-03-28T22:25:44.090+0000] {logging_mixin.py:188} INFO - [2026-03-28T22:25:44.089+0000] {dagbag.py:538} INFO - Filling up the DagBag from /home/airflow/.local/lib/python3.8/site-packages/airflow/example_dags/example_latest_only.py
[2026-03-28T22:25:44.096+0000] {processor.py:840} INFO - DAG(s) 'latest_only' retrieved from /home/airflow/.local/lib/python3.8/site-packages/airflow/example_dags/example_latest_only.py
[2026-03-28T22:25:44.117+0000] {logging_mixin.py:188} INFO - [2026-03-28T22:25:44.117+0000] {dag.py:3036} INFO - Sync 1 DAGs
[2026-03-28T22:25:44.137+0000] {logging_mixin.py:188} INFO - [2026-03-28T22:25:44.137+0000] {dag.py:3823} INFO - Setting next_dagrun for latest_only to 2026-03-28 16:00:00+00:00, run_after=2026-03-28 20:00:00+00:00
[2026-03-28T22:25:44.160+0000] {processor.py:183} INFO - Processing /home/airflow/.local/lib/python3.8/site-packages/airflow/example_dags/example_latest_only.py took 0.078 seconds
[2026-03-28T22:26:14.454+0000] {processor.py:161} INFO - Started process (PID=1409) to work on /home/airflow/.local/lib/python3.8/site-packages/airflow/example_dags/example_latest_only.py
[2026-03-28T22:26:14.455+0000] {processor.py:830} INFO - Processing file /home/airflow/.local/lib/python3.8/site-packages/airflow/example_dags/example_latest_only.py for tasks to queue
[2026-03-28T22:26:14.457+0000] {logging_mixin.py:188} INFO - [2026-03-28T22:26:14.457+0000] {dagbag.py:538} INFO - Filling up the DagBag from /home/airflow/.local/lib/python3.8/site-packages/airflow/example_dags/example_latest_only.py
[2026-03-28T22:26:14.462+0000] {processor.py:840} INFO - DAG(s) 'latest_only' retrieved from /home/airflow/.local/lib/python3.8/site-packages/airflow/example_dags/example_latest_only.py
[2026-03-28T22:26:14.482+0000] {logging_mixin.py:188} INFO - [2026-03-28T22:26:14.482+0000] {dag.py:3036} INFO - Sync 1 DAGs
[2026-03-28T22:26:14.509+0000] {logging_mixin.py:188} INFO - [2026-03-28T22:26:14.509+0000] {dag.py:3823} INFO - Setting next_dagrun for latest_only to 2026-03-28 16:00:00+00:00, run_after=2026-03-28 20:00:00+00:00
[2026-03-28T22:26:14.531+0000] {processor.py:183} INFO - Processing /home/airflow/.local/lib/python3.8/site-packages/airflow/example_dags/example_latest_only.py took 0.080 seconds
[2026-03-28T22:26:44.845+0000] {processor.py:161} INFO - Started process (PID=1465) to work on /home/airflow/.local/lib/python3.8/site-packages/airflow/example_dags/example_latest_only.py
[2026-03-28T22:26:44.846+0000] {processor.py:830} INFO - Processing file /home/airflow/.local/lib/python3.8/site-packages/airflow/example_dags/example_latest_only.py for tasks to queue
[2026-03-28T22:26:44.848+0000] {logging_mixin.py:188} INFO - [2026-03-28T22:26:44.848+0000] {dagbag.py:538} INFO - Filling up the DagBag from /home/airflow/.local/lib/python3.8/site-packages/airflow/example_dags/example_latest_only.py
[2026-03-28T22:26:44.853+0000] {processor.py:840} INFO - DAG(s) 'latest_only' retrieved from /home/airflow/.local/lib/python3.8/site-packages/airflow/example_dags/example_latest_only.py
[2026-03-28T22:26:44.877+0000] {logging_mixin.py:188} INFO - [2026-03-28T22:26:44.876+0000] {dag.py:3036} INFO - Sync 1 DAGs
[2026-03-28T22:26:44.907+0000] {logging_mixin.py:188} INFO - [2026-03-28T22:26:44.906+0000] {dag.py:3823} INFO - Setting next_dagrun for latest_only to 2026-03-28 16:00:00+00:00, run_after=2026-03-28 20:00:00+00:00
[2026-03-28T22:26:44.994+0000] {processor.py:183} INFO - Processing /home/airflow/.local/lib/python3.8/site-packages/airflow/example_dags/example_latest_only.py took 0.153 seconds
[2026-03-28T22:27:15.417+0000] {processor.py:161} INFO - Started process (PID=1521) to work on /home/airflow/.local/lib/python3.8/site-packages/airflow/example_dags/example_latest_only.py
[2026-03-28T22:27:15.419+0000] {processor.py:830} INFO - Processing file /home/airflow/.local/lib/python3.8/site-packages/airflow/example_dags/example_latest_only.py for tasks to queue
[2026-03-28T22:27:15.423+0000] {logging_mixin.py:188} INFO - [2026-03-28T22:27:15.423+0000] {dagbag.py:538} INFO - Filling up the DagBag from /home/airflow/.local/lib/python3.8/site-packages/airflow/example_dags/example_latest_only.py
[2026-03-28T22:27:15.429+0000] {processor.py:840} INFO - DAG(s) 'latest_only' retrieved from /home/airflow/.local/lib/python3.8/site-packages/airflow/example_dags/example_latest_only.py
[2026-03-28T22:27:15.452+0000] {logging_mixin.py:188} INFO - [2026-03-28T22:27:15.451+0000] {dag.py:3036} INFO - Sync 1 DAGs
[2026-03-28T22:27:15.477+0000] {logging_mixin.py:188} INFO - [2026-03-28T22:27:15.477+0000] {dag.py:3823} INFO - Setting next_dagrun for latest_only to 2026-03-28 16:00:00+00:00, run_after=2026-03-28 20:00:00+00:00
[2026-03-28T22:27:15.499+0000] {processor.py:183} INFO - Processing /home/airflow/.local/lib/python3.8/site-packages/airflow/example_dags/example_latest_only.py took 0.085 seconds
[2026-03-28T22:27:45.905+0000] {processor.py:161} INFO - Started process (PID=1577) to work on /home/airflow/.local/lib/python3.8/site-packages/airflow/example_dags/example_latest_only.py
[2026-03-28T22:27:45.906+0000] {processor.py:830} INFO - Processing file /home/airflow/.local/lib/python3.8/site-packages/airflow/example_dags/example_latest_only.py for tasks to queue
[2026-03-28T22:27:45.908+0000] {logging_mixin.py:188} INFO - [2026-03-28T22:27:45.908+0000] {dagbag.py:538} INFO - Filling up the DagBag from /home/airflow/.local/lib/python3.8/site-packages/airflow/example_dags/example_latest_only.py
[2026-03-28T22:27:45.914+0000] {processor.py:840} INFO - DAG(s) 'latest_only' retrieved from /home/airflow/.local/lib/python3.8/site-packages/airflow/example_dags/example_latest_only.py
[2026-03-28T22:27:45.955+0000] {logging_mixin.py:188} INFO - [2026-03-28T22:27:45.954+0000] {dag.py:3036} INFO - Sync 1 DAGs
[2026-03-28T22:27:46.006+0000] {logging_mixin.py:188} INFO - [2026-03-28T22:27:46.006+0000] {dag.py:3823} INFO - Setting next_dagrun for latest_only to 2026-03-28 16:00:00+00:00, run_after=2026-03-28 20:00:00+00:00
[2026-03-28T22:27:46.042+0000] {processor.py:183} INFO - Processing /home/airflow/.local/lib/python3.8/site-packages/airflow/example_dags/example_latest_only.py took 0.142 seconds
[2026-03-28T22:28:16.202+0000] {processor.py:161} INFO - Started process (PID=1633) to work on /home/airflow/.local/lib/python3.8/site-packages/airflow/example_dags/example_latest_only.py
[2026-03-28T22:28:16.203+0000] {processor.py:830} INFO - Processing file /home/airflow/.local/lib/python3.8/site-packages/airflow/example_dags/example_latest_only.py for tasks to queue
[2026-03-28T22:28:16.205+0000] {logging_mixin.py:188} INFO - [2026-03-28T22:28:16.205+0000] {dagbag.py:538} INFO - Filling up the DagBag from /home/airflow/.local/lib/python3.8/site-packages/airflow/example_dags/example_latest_only.py
[2026-03-28T22:28:16.211+0000] {processor.py:840} INFO - DAG(s) 'latest_only' retrieved from /home/airflow/.local/lib/python3.8/site-packages/airflow/example_dags/example_latest_only.py
[2026-03-28T22:28:16.234+0000] {logging_mixin.py:188} INFO - [2026-03-28T22:28:16.234+0000] {dag.py:3036} INFO - Sync 1 DAGs
[2026-03-28T22:28:16.259+0000] {logging_mixin.py:188} INFO - [2026-03-28T22:28:16.259+0000] {dag.py:3823} INFO - Setting next_dagrun for latest_only to 2026-03-28 16:00:00+00:00, run_after=2026-03-28 20:00:00+00:00
[2026-03-28T22:28:16.289+0000] {processor.py:183} INFO - Processing /home/airflow/.local/lib/python3.8/site-packages/airflow/example_dags/example_latest_only.py took 0.090 seconds
[2026-03-28T22:28:46.704+0000] {processor.py:161} INFO - Started process (PID=1689) to work on /home/airflow/.local/lib/python3.8/site-packages/airflow/example_dags/example_latest_only.py
[2026-03-28T22:28:46.705+0000] {processor.py:830} INFO - Processing file /home/airflow/.local/lib/python3.8/site-packages/airflow/example_dags/example_latest_only.py for tasks to queue
[2026-03-28T22:28:46.707+0000] {logging_mixin.py:188} INFO - [2026-03-28T22:28:46.707+0000] {dagbag.py:538} INFO - Filling up the DagBag from /home/airflow/.local/lib/python3.8/site-packages/airflow/example_dags/example_latest_only.py
[2026-03-28T22:28:46.712+0000] {processor.py:840} INFO - DAG(s) 'latest_only' retrieved from /home/airflow/.local/lib/python3.8/site-packages/airflow/example_dags/example_latest_only.py
[2026-03-28T22:28:46.734+0000] {logging_mixin.py:188} INFO - [2026-03-28T22:28:46.734+0000] {dag.py:3036} INFO - Sync 1 DAGs
[2026-03-28T22:28:46.756+0000] {logging_mixin.py:188} INFO - [2026-03-28T22:28:46.756+0000] {dag.py:3823} INFO - Setting next_dagrun for latest_only to 2026-03-28 16:00:00+00:00, run_after=2026-03-28 20:00:00+00:00
[2026-03-28T22:28:46.794+0000] {processor.py:183} INFO - Processing /home/airflow/.local/lib/python3.8/site-packages/airflow/example_dags/example_latest_only.py took 0.093 seconds
[2026-03-28T22:29:16.955+0000] {processor.py:161} INFO - Started process (PID=1745) to work on /home/airflow/.local/lib/python3.8/site-packages/airflow/example_dags/example_latest_only.py
[2026-03-28T22:29:16.956+0000] {processor.py:830} INFO - Processing file /home/airflow/.local/lib/python3.8/site-packages/airflow/example_dags/example_latest_only.py for tasks to queue
[2026-03-28T22:29:16.958+0000] {logging_mixin.py:188} INFO - [2026-03-28T22:29:16.958+0000] {dagbag.py:538} INFO - Filling up the DagBag from /home/airflow/.local/lib/python3.8/site-packages/airflow/example_dags/example_latest_only.py
[2026-03-28T22:29:16.967+0000] {processor.py:840} INFO - DAG(s) 'latest_only' retrieved from /home/airflow/.local/lib/python3.8/site-packages/airflow/example_dags/example_latest_only.py
[2026-03-28T22:29:16.992+0000] {logging_mixin.py:188} INFO - [2026-03-28T22:29:16.991+0000] {dag.py:3036} INFO - Sync 1 DAGs
[2026-03-28T22:29:17.020+0000] {logging_mixin.py:188} INFO - [2026-03-28T22:29:17.020+0000] {dag.py:3823} INFO - Setting next_dagrun for latest_only to 2026-03-28 16:00:00+00:00, run_after=2026-03-28 20:00:00+00:00
[2026-03-28T22:29:17.045+0000] {processor.py:183} INFO - Processing /home/airflow/.local/lib/python3.8/site-packages/airflow/example_dags/example_latest_only.py took 0.094 seconds
[2026-03-28T22:29:47.459+0000] {processor.py:161} INFO - Started process (PID=1801) to work on /home/airflow/.local/lib/python3.8/site-packages/airflow/example_dags/example_latest_only.py
[2026-03-28T22:29:47.460+0000] {processor.py:830} INFO - Processing file /home/airflow/.local/lib/python3.8/site-packages/airflow/example_dags/example_latest_only.py for tasks to queue
[2026-03-28T22:29:47.462+0000] {logging_mixin.py:188} INFO - [2026-03-28T22:29:47.461+0000] {dagbag.py:538} INFO - Filling up the DagBag from /home/airflow/.local/lib/python3.8/site-packages/airflow/example_dags/example_latest_only.py
[2026-03-28T22:29:47.467+0000] {processor.py:840} INFO - DAG(s) 'latest_only' retrieved from /home/airflow/.local/lib/python3.8/site-packages/airflow/example_dags/example_latest_only.py
[2026-03-28T22:29:47.488+0000] {logging_mixin.py:188} INFO - [2026-03-28T22:29:47.488+0000] {dag.py:3036} INFO - Sync 1 DAGs
[2026-03-28T22:29:47.511+0000] {logging_mixin.py:188} INFO - [2026-03-28T22:29:47.510+0000] {dag.py:3823} INFO - Setting next_dagrun for latest_only to 2026-03-28 16:00:00+00:00, run_after=2026-03-28 20:00:00+00:00
[2026-03-28T22:29:47.534+0000] {processor.py:183} INFO - Processing /home/airflow/.local/lib/python3.8/site-packages/airflow/example_dags/example_latest_only.py took 0.078 seconds
[2026-03-28T22:30:17.702+0000] {processor.py:161} INFO - Started process (PID=1857) to work on /home/airflow/.local/lib/python3.8/site-packages/airflow/example_dags/example_latest_only.py
[2026-03-28T22:30:17.704+0000] {processor.py:830} INFO - Processing file /home/airflow/.local/lib/python3.8/site-packages/airflow/example_dags/example_latest_only.py for tasks to queue
[2026-03-28T22:30:17.707+0000] {logging_mixin.py:188} INFO - [2026-03-28T22:30:17.706+0000] {dagbag.py:538} INFO - Filling up the DagBag from /home/airflow/.local/lib/python3.8/site-packages/airflow/example_dags/example_latest_only.py
[2026-03-28T22:30:17.714+0000] {processor.py:840} INFO - DAG(s) 'latest_only' retrieved from /home/airflow/.local/lib/python3.8/site-packages/airflow/example_dags/example_latest_only.py
[2026-03-28T22:30:17.746+0000] {logging_mixin.py:188} INFO - [2026-03-28T22:30:17.746+0000] {dag.py:3036} INFO - Sync 1 DAGs
[2026-03-28T22:30:17.784+0000] {logging_mixin.py:188} INFO - [2026-03-28T22:30:17.784+0000] {dag.py:3823} INFO - Setting next_dagrun for latest_only to 2026-03-28 16:00:00+00:00, run_after=2026-03-28 20:00:00+00:00
[2026-03-28T22:30:17.812+0000] {processor.py:183} INFO - Processing /home/airflow/.local/lib/python3.8/site-packages/airflow/example_dags/example_latest_only.py took 0.114 seconds
[2026-03-28T22:30:48.202+0000] {processor.py:161} INFO - Started process (PID=1914) to work on /home/airflow/.local/lib/python3.8/site-packages/airflow/example_dags/example_latest_only.py
[2026-03-28T22:30:48.203+0000] {processor.py:830} INFO - Processing file /home/airflow/.local/lib/python3.8/site-packages/airflow/example_dags/example_latest_only.py for tasks to queue
[2026-03-28T22:30:48.205+0000] {logging_mixin.py:188} INFO - [2026-03-28T22:30:48.205+0000] {dagbag.py:538} INFO - Filling up the DagBag from /home/airflow/.local/lib/python3.8/site-packages/airflow/example_dags/example_latest_only.py
[2026-03-28T22:30:48.211+0000] {processor.py:840} INFO - DAG(s) 'latest_only' retrieved from /home/airflow/.local/lib/python3.8/site-packages/airflow/example_dags/example_latest_only.py
[2026-03-28T22:30:48.239+0000] {logging_mixin.py:188} INFO - [2026-03-28T22:30:48.238+0000] {dag.py:3036} INFO - Sync 1 DAGs
[2026-03-28T22:30:48.264+0000] {logging_mixin.py:188} INFO - [2026-03-28T22:30:48.263+0000] {dag.py:3823} INFO - Setting next_dagrun for latest_only to 2026-03-28 16:00:00+00:00, run_after=2026-03-28 20:00:00+00:00
[2026-03-28T22:30:48.286+0000] {processor.py:183} INFO - Processing /home/airflow/.local/lib/python3.8/site-packages/airflow/example_dags/example_latest_only.py took 0.088 seconds
[2026-03-28T22:31:36.083+0000] {processor.py:161} INFO - Started process (PID=59) to work on /home/airflow/.local/lib/python3.8/site-packages/airflow/example_dags/example_latest_only.py
[2026-03-28T22:31:36.085+0000] {processor.py:830} INFO - Processing file /home/airflow/.local/lib/python3.8/site-packages/airflow/example_dags/example_latest_only.py for tasks to queue
[2026-03-28T22:31:36.088+0000] {logging_mixin.py:188} INFO - [2026-03-28T22:31:36.087+0000] {dagbag.py:538} INFO - Filling up the DagBag from /home/airflow/.local/lib/python3.8/site-packages/airflow/example_dags/example_latest_only.py
[2026-03-28T22:31:36.103+0000] {processor.py:840} INFO - DAG(s) 'latest_only' retrieved from /home/airflow/.local/lib/python3.8/site-packages/airflow/example_dags/example_latest_only.py
[2026-03-28T22:31:36.126+0000] {logging_mixin.py:188} INFO - [2026-03-28T22:31:36.126+0000] {dag.py:3036} INFO - Sync 1 DAGs
[2026-03-28T22:31:36.165+0000] {logging_mixin.py:188} INFO - [2026-03-28T22:31:36.165+0000] {dag.py:3823} INFO - Setting next_dagrun for latest_only to 2026-03-28 16:00:00+00:00, run_after=2026-03-28 20:00:00+00:00
[2026-03-28T22:31:36.207+0000] {processor.py:183} INFO - Processing /home/airflow/.local/lib/python3.8/site-packages/airflow/example_dags/example_latest_only.py took 0.129 seconds
[2026-03-28T22:32:12.196+0000] {processor.py:161} INFO - Started process (PID=60) to work on /home/airflow/.local/lib/python3.8/site-packages/airflow/example_dags/example_latest_only.py
[2026-03-28T22:32:12.198+0000] {processor.py:830} INFO - Processing file /home/airflow/.local/lib/python3.8/site-packages/airflow/example_dags/example_latest_only.py for tasks to queue
[2026-03-28T22:32:12.200+0000] {logging_mixin.py:188} INFO - [2026-03-28T22:32:12.200+0000] {dagbag.py:538} INFO - Filling up the DagBag from /home/airflow/.local/lib/python3.8/site-packages/airflow/example_dags/example_latest_only.py
[2026-03-28T22:32:12.208+0000] {processor.py:840} INFO - DAG(s) 'latest_only' retrieved from /home/airflow/.local/lib/python3.8/site-packages/airflow/example_dags/example_latest_only.py
[2026-03-28T22:32:12.224+0000] {logging_mixin.py:188} INFO - [2026-03-28T22:32:12.224+0000] {dag.py:3036} INFO - Sync 1 DAGs
[2026-03-28T22:32:12.249+0000] {logging_mixin.py:188} INFO - [2026-03-28T22:32:12.249+0000] {dag.py:3823} INFO - Setting next_dagrun for latest_only to 2026-03-28 16:00:00+00:00, run_after=2026-03-28 20:00:00+00:00
[2026-03-28T22:32:12.273+0000] {processor.py:183} INFO - Processing /home/airflow/.local/lib/python3.8/site-packages/airflow/example_dags/example_latest_only.py took 0.082 seconds
[2026-03-28T22:32:42.587+0000] {processor.py:161} INFO - Started process (PID=116) to work on /home/airflow/.local/lib/python3.8/site-packages/airflow/example_dags/example_latest_only.py
[2026-03-28T22:32:42.588+0000] {processor.py:830} INFO - Processing file /home/airflow/.local/lib/python3.8/site-packages/airflow/example_dags/example_latest_only.py for tasks to queue
[2026-03-28T22:32:42.591+0000] {logging_mixin.py:188} INFO - [2026-03-28T22:32:42.591+0000] {dagbag.py:538} INFO - Filling up the DagBag from /home/airflow/.local/lib/python3.8/site-packages/airflow/example_dags/example_latest_only.py
[2026-03-28T22:32:42.598+0000] {processor.py:840} INFO - DAG(s) 'latest_only' retrieved from /home/airflow/.local/lib/python3.8/site-packages/airflow/example_dags/example_latest_only.py
[2026-03-28T22:32:42.721+0000] {logging_mixin.py:188} INFO - [2026-03-28T22:32:42.721+0000] {dag.py:3036} INFO - Sync 1 DAGs
[2026-03-28T22:32:42.743+0000] {logging_mixin.py:188} INFO - [2026-03-28T22:32:42.742+0000] {dag.py:3823} INFO - Setting next_dagrun for latest_only to 2026-03-28 16:00:00+00:00, run_after=2026-03-28 20:00:00+00:00
[2026-03-28T22:32:42.825+0000] {processor.py:183} INFO - Processing /home/airflow/.local/lib/python3.8/site-packages/airflow/example_dags/example_latest_only.py took 0.243 seconds
[2026-03-28T22:33:57.657+0000] {processor.py:161} INFO - Started process (PID=71) to work on /home/airflow/.local/lib/python3.8/site-packages/airflow/example_dags/example_latest_only.py
[2026-03-28T22:33:57.664+0000] {processor.py:830} INFO - Processing file /home/airflow/.local/lib/python3.8/site-packages/airflow/example_dags/example_latest_only.py for tasks to queue
[2026-03-28T22:33:57.669+0000] {logging_mixin.py:188} INFO - [2026-03-28T22:33:57.668+0000] {dagbag.py:538} INFO - Filling up the DagBag from /home/airflow/.local/lib/python3.8/site-packages/airflow/example_dags/example_latest_only.py
[2026-03-28T22:33:57.690+0000] {processor.py:840} INFO - DAG(s) 'latest_only' retrieved from /home/airflow/.local/lib/python3.8/site-packages/airflow/example_dags/example_latest_only.py
[2026-03-28T22:33:57.932+0000] {logging_mixin.py:188} INFO - [2026-03-28T22:33:57.932+0000] {dag.py:3036} INFO - Sync 1 DAGs
[2026-03-28T22:33:57.977+0000] {logging_mixin.py:188} INFO - [2026-03-28T22:33:57.975+0000] {dag.py:3823} INFO - Setting next_dagrun for latest_only to 2026-03-28 16:00:00+00:00, run_after=2026-03-28 20:00:00+00:00
[2026-03-28T22:34:00.754+0000] {processor.py:183} INFO - Processing /home/airflow/.local/lib/python3.8/site-packages/airflow/example_dags/example_latest_only.py took 3.103 seconds
[2026-03-28T22:34:30.827+0000] {processor.py:161} INFO - Started process (PID=127) to work on /home/airflow/.local/lib/python3.8/site-packages/airflow/example_dags/example_latest_only.py
[2026-03-28T22:34:30.832+0000] {processor.py:830} INFO - Processing file /home/airflow/.local/lib/python3.8/site-packages/airflow/example_dags/example_latest_only.py for tasks to queue
[2026-03-28T22:34:30.837+0000] {logging_mixin.py:188} INFO - [2026-03-28T22:34:30.836+0000] {dagbag.py:538} INFO - Filling up the DagBag from /home/airflow/.local/lib/python3.8/site-packages/airflow/example_dags/example_latest_only.py
[2026-03-28T22:34:30.857+0000] {processor.py:840} INFO - DAG(s) 'latest_only' retrieved from /home/airflow/.local/lib/python3.8/site-packages/airflow/example_dags/example_latest_only.py
[2026-03-28T22:34:30.896+0000] {logging_mixin.py:188} INFO - [2026-03-28T22:34:30.895+0000] {dag.py:3036} INFO - Sync 1 DAGs
[2026-03-28T22:34:30.937+0000] {logging_mixin.py:188} INFO - [2026-03-28T22:34:30.936+0000] {dag.py:3823} INFO - Setting next_dagrun for latest_only to 2026-03-28 16:00:00+00:00, run_after=2026-03-28 20:00:00+00:00
[2026-03-28T22:34:30.973+0000] {processor.py:183} INFO - Processing /home/airflow/.local/lib/python3.8/site-packages/airflow/example_dags/example_latest_only.py took 0.154 seconds
[2026-03-28T22:35:01.319+0000] {processor.py:161} INFO - Started process (PID=189) to work on /home/airflow/.local/lib/python3.8/site-packages/airflow/example_dags/example_latest_only.py
[2026-03-28T22:35:01.321+0000] {processor.py:830} INFO - Processing file /home/airflow/.local/lib/python3.8/site-packages/airflow/example_dags/example_latest_only.py for tasks to queue
[2026-03-28T22:35:01.323+0000] {logging_mixin.py:188} INFO - [2026-03-28T22:35:01.323+0000] {dagbag.py:538} INFO - Filling up the DagBag from /home/airflow/.local/lib/python3.8/site-packages/airflow/example_dags/example_latest_only.py
[2026-03-28T22:35:01.330+0000] {processor.py:840} INFO - DAG(s) 'latest_only' retrieved from /home/airflow/.local/lib/python3.8/site-packages/airflow/example_dags/example_latest_only.py
[2026-03-28T22:35:01.356+0000] {logging_mixin.py:188} INFO - [2026-03-28T22:35:01.355+0000] {dag.py:3036} INFO - Sync 1 DAGs
[2026-03-28T22:35:01.383+0000] {logging_mixin.py:188} INFO - [2026-03-28T22:35:01.383+0000] {dag.py:3823} INFO - Setting next_dagrun for latest_only to 2026-03-28 16:00:00+00:00, run_after=2026-03-28 20:00:00+00:00
[2026-03-28T22:35:01.404+0000] {processor.py:183} INFO - Processing /home/airflow/.local/lib/python3.8/site-packages/airflow/example_dags/example_latest_only.py took 0.090 seconds
[2026-03-28T22:35:31.514+0000] {processor.py:161} INFO - Started process (PID=245) to work on /home/airflow/.local/lib/python3.8/site-packages/airflow/example_dags/example_latest_only.py
[2026-03-28T22:35:31.516+0000] {processor.py:830} INFO - Processing file /home/airflow/.local/lib/python3.8/site-packages/airflow/example_dags/example_latest_only.py for tasks to queue
[2026-03-28T22:35:31.518+0000] {logging_mixin.py:188} INFO - [2026-03-28T22:35:31.518+0000] {dagbag.py:538} INFO - Filling up the DagBag from /home/airflow/.local/lib/python3.8/site-packages/airflow/example_dags/example_latest_only.py
[2026-03-28T22:35:31.525+0000] {processor.py:840} INFO - DAG(s) 'latest_only' retrieved from /home/airflow/.local/lib/python3.8/site-packages/airflow/example_dags/example_latest_only.py
[2026-03-28T22:35:31.546+0000] {logging_mixin.py:188} INFO - [2026-03-28T22:35:31.546+0000] {dag.py:3036} INFO - Sync 1 DAGs
[2026-03-28T22:35:31.566+0000] {logging_mixin.py:188} INFO - [2026-03-28T22:35:31.566+0000] {dag.py:3823} INFO - Setting next_dagrun for latest_only to 2026-03-28 16:00:00+00:00, run_after=2026-03-28 20:00:00+00:00
[2026-03-28T22:35:31.592+0000] {processor.py:183} INFO - Processing /home/airflow/.local/lib/python3.8/site-packages/airflow/example_dags/example_latest_only.py took 0.082 seconds
[2026-03-28T22:36:01.798+0000] {processor.py:161} INFO - Started process (PID=301) to work on /home/airflow/.local/lib/python3.8/site-packages/airflow/example_dags/example_latest_only.py
[2026-03-28T22:36:01.799+0000] {processor.py:830} INFO - Processing file /home/airflow/.local/lib/python3.8/site-packages/airflow/example_dags/example_latest_only.py for tasks to queue
[2026-03-28T22:36:01.801+0000] {logging_mixin.py:188} INFO - [2026-03-28T22:36:01.800+0000] {dagbag.py:538} INFO - Filling up the DagBag from /home/airflow/.local/lib/python3.8/site-packages/airflow/example_dags/example_latest_only.py
[2026-03-28T22:36:01.806+0000] {processor.py:840} INFO - DAG(s) 'latest_only' retrieved from /home/airflow/.local/lib/python3.8/site-packages/airflow/example_dags/example_latest_only.py
[2026-03-28T22:36:01.827+0000] {logging_mixin.py:188} INFO - [2026-03-28T22:36:01.827+0000] {dag.py:3036} INFO - Sync 1 DAGs
[2026-03-28T22:36:01.849+0000] {logging_mixin.py:188} INFO - [2026-03-28T22:36:01.848+0000] {dag.py:3823} INFO - Setting next_dagrun for latest_only to 2026-03-28 16:00:00+00:00, run_after=2026-03-28 20:00:00+00:00
[2026-03-28T22:36:01.873+0000] {processor.py:183} INFO - Processing /home/airflow/.local/lib/python3.8/site-packages/airflow/example_dags/example_latest_only.py took 0.079 seconds
[2026-03-28T22:36:32.265+0000] {processor.py:161} INFO - Started process (PID=357) to work on /home/airflow/.local/lib/python3.8/site-packages/airflow/example_dags/example_latest_only.py
[2026-03-28T22:36:32.266+0000] {processor.py:830} INFO - Processing file /home/airflow/.local/lib/python3.8/site-packages/airflow/example_dags/example_latest_only.py for tasks to queue
[2026-03-28T22:36:32.268+0000] {logging_mixin.py:188} INFO - [2026-03-28T22:36:32.268+0000] {dagbag.py:538} INFO - Filling up the DagBag from /home/airflow/.local/lib/python3.8/site-packages/airflow/example_dags/example_latest_only.py
[2026-03-28T22:36:32.280+0000] {processor.py:840} INFO - DAG(s) 'latest_only' retrieved from /home/airflow/.local/lib/python3.8/site-packages/airflow/example_dags/example_latest_only.py
[2026-03-28T22:36:32.300+0000] {logging_mixin.py:188} INFO - [2026-03-28T22:36:32.300+0000] {dag.py:3036} INFO - Sync 1 DAGs
[2026-03-28T22:36:32.319+0000] {logging_mixin.py:188} INFO - [2026-03-28T22:36:32.319+0000] {dag.py:3823} INFO - Setting next_dagrun for latest_only to 2026-03-28 16:00:00+00:00, run_after=2026-03-28 20:00:00+00:00
[2026-03-28T22:36:32.342+0000] {processor.py:183} INFO - Processing /home/airflow/.local/lib/python3.8/site-packages/airflow/example_dags/example_latest_only.py took 0.080 seconds
[2026-03-28T22:37:02.510+0000] {processor.py:161} INFO - Started process (PID=413) to work on /home/airflow/.local/lib/python3.8/site-packages/airflow/example_dags/example_latest_only.py
[2026-03-28T22:37:02.512+0000] {processor.py:830} INFO - Processing file /home/airflow/.local/lib/python3.8/site-packages/airflow/example_dags/example_latest_only.py for tasks to queue
[2026-03-28T22:37:02.514+0000] {logging_mixin.py:188} INFO - [2026-03-28T22:37:02.514+0000] {dagbag.py:538} INFO - Filling up the DagBag from /home/airflow/.local/lib/python3.8/site-packages/airflow/example_dags/example_latest_only.py
[2026-03-28T22:37:02.521+0000] {processor.py:840} INFO - DAG(s) 'latest_only' retrieved from /home/airflow/.local/lib/python3.8/site-packages/airflow/example_dags/example_latest_only.py
[2026-03-28T22:37:02.551+0000] {logging_mixin.py:188} INFO - [2026-03-28T22:37:02.551+0000] {dag.py:3036} INFO - Sync 1 DAGs
[2026-03-28T22:37:02.581+0000] {logging_mixin.py:188} INFO - [2026-03-28T22:37:02.581+0000] {dag.py:3823} INFO - Setting next_dagrun for latest_only to 2026-03-28 16:00:00+00:00, run_after=2026-03-28 20:00:00+00:00
[2026-03-28T22:37:02.605+0000] {processor.py:183} INFO - Processing /home/airflow/.local/lib/python3.8/site-packages/airflow/example_dags/example_latest_only.py took 0.099 seconds
[2026-03-28T22:37:40.708+0000] {processor.py:161} INFO - Started process (PID=59) to work on /home/airflow/.local/lib/python3.8/site-packages/airflow/example_dags/example_latest_only.py
[2026-03-28T22:37:40.710+0000] {processor.py:830} INFO - Processing file /home/airflow/.local/lib/python3.8/site-packages/airflow/example_dags/example_latest_only.py for tasks to queue
[2026-03-28T22:37:40.713+0000] {logging_mixin.py:188} INFO - [2026-03-28T22:37:40.712+0000] {dagbag.py:538} INFO - Filling up the DagBag from /home/airflow/.local/lib/python3.8/site-packages/airflow/example_dags/example_latest_only.py
[2026-03-28T22:37:40.721+0000] {processor.py:840} INFO - DAG(s) 'latest_only' retrieved from /home/airflow/.local/lib/python3.8/site-packages/airflow/example_dags/example_latest_only.py
[2026-03-28T22:37:40.738+0000] {logging_mixin.py:188} INFO - [2026-03-28T22:37:40.738+0000] {dag.py:3036} INFO - Sync 1 DAGs
[2026-03-28T22:37:40.771+0000] {logging_mixin.py:188} INFO - [2026-03-28T22:37:40.771+0000] {dag.py:3823} INFO - Setting next_dagrun for latest_only to 2026-03-28 16:00:00+00:00, run_after=2026-03-28 20:00:00+00:00
[2026-03-28T22:37:40.797+0000] {processor.py:183} INFO - Processing /home/airflow/.local/lib/python3.8/site-packages/airflow/example_dags/example_latest_only.py took 0.093 seconds
[2026-03-28T22:38:11.154+0000] {processor.py:161} INFO - Started process (PID=115) to work on /home/airflow/.local/lib/python3.8/site-packages/airflow/example_dags/example_latest_only.py
[2026-03-28T22:38:11.155+0000] {processor.py:830} INFO - Processing file /home/airflow/.local/lib/python3.8/site-packages/airflow/example_dags/example_latest_only.py for tasks to queue
[2026-03-28T22:38:11.159+0000] {logging_mixin.py:188} INFO - [2026-03-28T22:38:11.158+0000] {dagbag.py:538} INFO - Filling up the DagBag from /home/airflow/.local/lib/python3.8/site-packages/airflow/example_dags/example_latest_only.py
[2026-03-28T22:38:11.168+0000] {processor.py:840} INFO - DAG(s) 'latest_only' retrieved from /home/airflow/.local/lib/python3.8/site-packages/airflow/example_dags/example_latest_only.py
[2026-03-28T22:38:11.305+0000] {logging_mixin.py:188} INFO - [2026-03-28T22:38:11.305+0000] {dag.py:3036} INFO - Sync 1 DAGs
[2026-03-28T22:38:11.332+0000] {logging_mixin.py:188} INFO - [2026-03-28T22:38:11.332+0000] {dag.py:3823} INFO - Setting next_dagrun for latest_only to 2026-03-28 16:00:00+00:00, run_after=2026-03-28 20:00:00+00:00
[2026-03-28T22:38:11.356+0000] {processor.py:183} INFO - Processing /home/airflow/.local/lib/python3.8/site-packages/airflow/example_dags/example_latest_only.py took 0.207 seconds
[2026-03-28T22:38:42.200+0000] {processor.py:161} INFO - Started process (PID=171) to work on /home/airflow/.local/lib/python3.8/site-packages/airflow/example_dags/example_latest_only.py
[2026-03-28T22:38:42.201+0000] {processor.py:830} INFO - Processing file /home/airflow/.local/lib/python3.8/site-packages/airflow/example_dags/example_latest_only.py for tasks to queue
[2026-03-28T22:38:42.204+0000] {logging_mixin.py:188} INFO - [2026-03-28T22:38:42.203+0000] {dagbag.py:538} INFO - Filling up the DagBag from /home/airflow/.local/lib/python3.8/site-packages/airflow/example_dags/example_latest_only.py
[2026-03-28T22:38:42.210+0000] {processor.py:840} INFO - DAG(s) 'latest_only' retrieved from /home/airflow/.local/lib/python3.8/site-packages/airflow/example_dags/example_latest_only.py
[2026-03-28T22:38:42.235+0000] {logging_mixin.py:188} INFO - [2026-03-28T22:38:42.235+0000] {dag.py:3036} INFO - Sync 1 DAGs
[2026-03-28T22:38:42.264+0000] {logging_mixin.py:188} INFO - [2026-03-28T22:38:42.263+0000] {dag.py:3823} INFO - Setting next_dagrun for latest_only to 2026-03-28 16:00:00+00:00, run_after=2026-03-28 20:00:00+00:00
[2026-03-28T22:38:42.288+0000] {processor.py:183} INFO - Processing /home/airflow/.local/lib/python3.8/site-packages/airflow/example_dags/example_latest_only.py took 0.093 seconds
[2026-03-28T22:39:12.628+0000] {processor.py:161} INFO - Started process (PID=227) to work on /home/airflow/.local/lib/python3.8/site-packages/airflow/example_dags/example_latest_only.py
[2026-03-28T22:39:12.630+0000] {processor.py:830} INFO - Processing file /home/airflow/.local/lib/python3.8/site-packages/airflow/example_dags/example_latest_only.py for tasks to queue
[2026-03-28T22:39:12.633+0000] {logging_mixin.py:188} INFO - [2026-03-28T22:39:12.632+0000] {dagbag.py:538} INFO - Filling up the DagBag from /home/airflow/.local/lib/python3.8/site-packages/airflow/example_dags/example_latest_only.py
[2026-03-28T22:39:12.641+0000] {processor.py:840} INFO - DAG(s) 'latest_only' retrieved from /home/airflow/.local/lib/python3.8/site-packages/airflow/example_dags/example_latest_only.py
[2026-03-28T22:39:12.673+0000] {logging_mixin.py:188} INFO - [2026-03-28T22:39:12.673+0000] {dag.py:3036} INFO - Sync 1 DAGs
[2026-03-28T22:39:12.708+0000] {logging_mixin.py:188} INFO - [2026-03-28T22:39:12.707+0000] {dag.py:3823} INFO - Setting next_dagrun for latest_only to 2026-03-28 16:00:00+00:00, run_after=2026-03-28 20:00:00+00:00
[2026-03-28T22:39:12.732+0000] {processor.py:183} INFO - Processing /home/airflow/.local/lib/python3.8/site-packages/airflow/example_dags/example_latest_only.py took 0.110 seconds
[2026-03-28T22:39:42.833+0000] {processor.py:161} INFO - Started process (PID=283) to work on /home/airflow/.local/lib/python3.8/site-packages/airflow/example_dags/example_latest_only.py
[2026-03-28T22:39:42.834+0000] {processor.py:830} INFO - Processing file /home/airflow/.local/lib/python3.8/site-packages/airflow/example_dags/example_latest_only.py for tasks to queue
[2026-03-28T22:39:42.837+0000] {logging_mixin.py:188} INFO - [2026-03-28T22:39:42.837+0000] {dagbag.py:538} INFO - Filling up the DagBag from /home/airflow/.local/lib/python3.8/site-packages/airflow/example_dags/example_latest_only.py
[2026-03-28T22:39:42.846+0000] {processor.py:840} INFO - DAG(s) 'latest_only' retrieved from /home/airflow/.local/lib/python3.8/site-packages/airflow/example_dags/example_latest_only.py
[2026-03-28T22:39:42.881+0000] {logging_mixin.py:188} INFO - [2026-03-28T22:39:42.880+0000] {dag.py:3036} INFO - Sync 1 DAGs
[2026-03-28T22:39:42.919+0000] {logging_mixin.py:188} INFO - [2026-03-28T22:39:42.919+0000] {dag.py:3823} INFO - Setting next_dagrun for latest_only to 2026-03-28 16:00:00+00:00, run_after=2026-03-28 20:00:00+00:00
[2026-03-28T22:39:42.959+0000] {processor.py:183} INFO - Processing /home/airflow/.local/lib/python3.8/site-packages/airflow/example_dags/example_latest_only.py took 0.133 seconds
[2026-03-28T22:40:13.277+0000] {processor.py:161} INFO - Started process (PID=339) to work on /home/airflow/.local/lib/python3.8/site-packages/airflow/example_dags/example_latest_only.py
[2026-03-28T22:40:13.278+0000] {processor.py:830} INFO - Processing file /home/airflow/.local/lib/python3.8/site-packages/airflow/example_dags/example_latest_only.py for tasks to queue
[2026-03-28T22:40:13.281+0000] {logging_mixin.py:188} INFO - [2026-03-28T22:40:13.281+0000] {dagbag.py:538} INFO - Filling up the DagBag from /home/airflow/.local/lib/python3.8/site-packages/airflow/example_dags/example_latest_only.py
[2026-03-28T22:40:13.289+0000] {processor.py:840} INFO - DAG(s) 'latest_only' retrieved from /home/airflow/.local/lib/python3.8/site-packages/airflow/example_dags/example_latest_only.py
[2026-03-28T22:40:13.316+0000] {logging_mixin.py:188} INFO - [2026-03-28T22:40:13.316+0000] {dag.py:3036} INFO - Sync 1 DAGs
[2026-03-28T22:40:13.346+0000] {logging_mixin.py:188} INFO - [2026-03-28T22:40:13.345+0000] {dag.py:3823} INFO - Setting next_dagrun for latest_only to 2026-03-28 16:00:00+00:00, run_after=2026-03-28 20:00:00+00:00
[2026-03-28T22:40:13.380+0000] {processor.py:183} INFO - Processing /home/airflow/.local/lib/python3.8/site-packages/airflow/example_dags/example_latest_only.py took 0.108 seconds
[2026-03-28T22:40:43.450+0000] {processor.py:161} INFO - Started process (PID=395) to work on /home/airflow/.local/lib/python3.8/site-packages/airflow/example_dags/example_latest_only.py
[2026-03-28T22:40:43.452+0000] {processor.py:830} INFO - Processing file /home/airflow/.local/lib/python3.8/site-packages/airflow/example_dags/example_latest_only.py for tasks to queue
[2026-03-28T22:40:43.455+0000] {logging_mixin.py:188} INFO - [2026-03-28T22:40:43.454+0000] {dagbag.py:538} INFO - Filling up the DagBag from /home/airflow/.local/lib/python3.8/site-packages/airflow/example_dags/example_latest_only.py
[2026-03-28T22:40:43.463+0000] {processor.py:840} INFO - DAG(s) 'latest_only' retrieved from /home/airflow/.local/lib/python3.8/site-packages/airflow/example_dags/example_latest_only.py
[2026-03-28T22:40:43.492+0000] {logging_mixin.py:188} INFO - [2026-03-28T22:40:43.491+0000] {dag.py:3036} INFO - Sync 1 DAGs
[2026-03-28T22:40:43.520+0000] {logging_mixin.py:188} INFO - [2026-03-28T22:40:43.519+0000] {dag.py:3823} INFO - Setting next_dagrun for latest_only to 2026-03-28 16:00:00+00:00, run_after=2026-03-28 20:00:00+00:00
[2026-03-28T22:40:43.549+0000] {processor.py:183} INFO - Processing /home/airflow/.local/lib/python3.8/site-packages/airflow/example_dags/example_latest_only.py took 0.103 seconds
[2026-03-28T22:41:13.834+0000] {processor.py:161} INFO - Started process (PID=451) to work on /home/airflow/.local/lib/python3.8/site-packages/airflow/example_dags/example_latest_only.py
[2026-03-28T22:41:13.835+0000] {processor.py:830} INFO - Processing file /home/airflow/.local/lib/python3.8/site-packages/airflow/example_dags/example_latest_only.py for tasks to queue
[2026-03-28T22:41:13.837+0000] {logging_mixin.py:188} INFO - [2026-03-28T22:41:13.837+0000] {dagbag.py:538} INFO - Filling up the DagBag from /home/airflow/.local/lib/python3.8/site-packages/airflow/example_dags/example_latest_only.py
[2026-03-28T22:41:13.843+0000] {processor.py:840} INFO - DAG(s) 'latest_only' retrieved from /home/airflow/.local/lib/python3.8/site-packages/airflow/example_dags/example_latest_only.py
[2026-03-28T22:41:13.858+0000] {logging_mixin.py:188} INFO - [2026-03-28T22:41:13.857+0000] {dag.py:3036} INFO - Sync 1 DAGs
[2026-03-28T22:41:13.881+0000] {logging_mixin.py:188} INFO - [2026-03-28T22:41:13.881+0000] {dag.py:3823} INFO - Setting next_dagrun for latest_only to 2026-03-28 16:00:00+00:00, run_after=2026-03-28 20:00:00+00:00
[2026-03-28T22:41:13.901+0000] {processor.py:183} INFO - Processing /home/airflow/.local/lib/python3.8/site-packages/airflow/example_dags/example_latest_only.py took 0.071 seconds
[2026-03-28T22:41:44.612+0000] {processor.py:161} INFO - Started process (PID=507) to work on /home/airflow/.local/lib/python3.8/site-packages/airflow/example_dags/example_latest_only.py
[2026-03-28T22:41:44.613+0000] {processor.py:830} INFO - Processing file /home/airflow/.local/lib/python3.8/site-packages/airflow/example_dags/example_latest_only.py for tasks to queue
[2026-03-28T22:41:44.616+0000] {logging_mixin.py:188} INFO - [2026-03-28T22:41:44.615+0000] {dagbag.py:538} INFO - Filling up the DagBag from /home/airflow/.local/lib/python3.8/site-packages/airflow/example_dags/example_latest_only.py
[2026-03-28T22:41:44.622+0000] {processor.py:840} INFO - DAG(s) 'latest_only' retrieved from /home/airflow/.local/lib/python3.8/site-packages/airflow/example_dags/example_latest_only.py
[2026-03-28T22:41:44.740+0000] {logging_mixin.py:188} INFO - [2026-03-28T22:41:44.740+0000] {dag.py:3036} INFO - Sync 1 DAGs
[2026-03-28T22:41:44.766+0000] {logging_mixin.py:188} INFO - [2026-03-28T22:41:44.766+0000] {dag.py:3823} INFO - Setting next_dagrun for latest_only to 2026-03-28 16:00:00+00:00, run_after=2026-03-28 20:00:00+00:00
[2026-03-28T22:41:44.791+0000] {processor.py:183} INFO - Processing /home/airflow/.local/lib/python3.8/site-packages/airflow/example_dags/example_latest_only.py took 0.183 seconds
[2026-03-28T22:42:14.902+0000] {processor.py:161} INFO - Started process (PID=563) to work on /home/airflow/.local/lib/python3.8/site-packages/airflow/example_dags/example_latest_only.py
[2026-03-28T22:42:14.904+0000] {processor.py:830} INFO - Processing file /home/airflow/.local/lib/python3.8/site-packages/airflow/example_dags/example_latest_only.py for tasks to queue
[2026-03-28T22:42:14.907+0000] {logging_mixin.py:188} INFO - [2026-03-28T22:42:14.907+0000] {dagbag.py:538} INFO - Filling up the DagBag from /home/airflow/.local/lib/python3.8/site-packages/airflow/example_dags/example_latest_only.py
[2026-03-28T22:42:14.912+0000] {processor.py:840} INFO - DAG(s) 'latest_only' retrieved from /home/airflow/.local/lib/python3.8/site-packages/airflow/example_dags/example_latest_only.py
[2026-03-28T22:42:14.934+0000] {logging_mixin.py:188} INFO - [2026-03-28T22:42:14.934+0000] {dag.py:3036} INFO - Sync 1 DAGs
[2026-03-28T22:42:14.957+0000] {logging_mixin.py:188} INFO - [2026-03-28T22:42:14.956+0000] {dag.py:3823} INFO - Setting next_dagrun for latest_only to 2026-03-28 16:00:00+00:00, run_after=2026-03-28 20:00:00+00:00
[2026-03-28T22:42:14.977+0000] {processor.py:183} INFO - Processing /home/airflow/.local/lib/python3.8/site-packages/airflow/example_dags/example_latest_only.py took 0.080 seconds
[2026-03-28T22:42:45.392+0000] {processor.py:161} INFO - Started process (PID=619) to work on /home/airflow/.local/lib/python3.8/site-packages/airflow/example_dags/example_latest_only.py
[2026-03-28T22:42:45.393+0000] {processor.py:830} INFO - Processing file /home/airflow/.local/lib/python3.8/site-packages/airflow/example_dags/example_latest_only.py for tasks to queue
[2026-03-28T22:42:45.396+0000] {logging_mixin.py:188} INFO - [2026-03-28T22:42:45.395+0000] {dagbag.py:538} INFO - Filling up the DagBag from /home/airflow/.local/lib/python3.8/site-packages/airflow/example_dags/example_latest_only.py
[2026-03-28T22:42:45.400+0000] {processor.py:840} INFO - DAG(s) 'latest_only' retrieved from /home/airflow/.local/lib/python3.8/site-packages/airflow/example_dags/example_latest_only.py
[2026-03-28T22:42:45.423+0000] {logging_mixin.py:188} INFO - [2026-03-28T22:42:45.423+0000] {dag.py:3036} INFO - Sync 1 DAGs
[2026-03-28T22:42:45.442+0000] {logging_mixin.py:188} INFO - [2026-03-28T22:42:45.442+0000] {dag.py:3823} INFO - Setting next_dagrun for latest_only to 2026-03-28 16:00:00+00:00, run_after=2026-03-28 20:00:00+00:00
[2026-03-28T22:42:45.463+0000] {processor.py:183} INFO - Processing /home/airflow/.local/lib/python3.8/site-packages/airflow/example_dags/example_latest_only.py took 0.074 seconds
[2026-03-28T22:43:16.109+0000] {processor.py:161} INFO - Started process (PID=675) to work on /home/airflow/.local/lib/python3.8/site-packages/airflow/example_dags/example_latest_only.py
[2026-03-28T22:43:16.111+0000] {processor.py:830} INFO - Processing file /home/airflow/.local/lib/python3.8/site-packages/airflow/example_dags/example_latest_only.py for tasks to queue
[2026-03-28T22:43:16.114+0000] {logging_mixin.py:188} INFO - [2026-03-28T22:43:16.113+0000] {dagbag.py:538} INFO - Filling up the DagBag from /home/airflow/.local/lib/python3.8/site-packages/airflow/example_dags/example_latest_only.py
[2026-03-28T22:43:16.121+0000] {processor.py:840} INFO - DAG(s) 'latest_only' retrieved from /home/airflow/.local/lib/python3.8/site-packages/airflow/example_dags/example_latest_only.py
[2026-03-28T22:43:16.156+0000] {logging_mixin.py:188} INFO - [2026-03-28T22:43:16.155+0000] {dag.py:3036} INFO - Sync 1 DAGs
[2026-03-28T22:43:16.190+0000] {logging_mixin.py:188} INFO - [2026-03-28T22:43:16.190+0000] {dag.py:3823} INFO - Setting next_dagrun for latest_only to 2026-03-28 16:00:00+00:00, run_after=2026-03-28 20:00:00+00:00
[2026-03-28T22:43:16.213+0000] {processor.py:183} INFO - Processing /home/airflow/.local/lib/python3.8/site-packages/airflow/example_dags/example_latest_only.py took 0.109 seconds
[2026-03-28T22:43:46.718+0000] {processor.py:161} INFO - Started process (PID=731) to work on /home/airflow/.local/lib/python3.8/site-packages/airflow/example_dags/example_latest_only.py
[2026-03-28T22:43:46.719+0000] {processor.py:830} INFO - Processing file /home/airflow/.local/lib/python3.8/site-packages/airflow/example_dags/example_latest_only.py for tasks to queue
[2026-03-28T22:43:46.721+0000] {logging_mixin.py:188} INFO - [2026-03-28T22:43:46.721+0000] {dagbag.py:538} INFO - Filling up the DagBag from /home/airflow/.local/lib/python3.8/site-packages/airflow/example_dags/example_latest_only.py
[2026-03-28T22:43:46.726+0000] {processor.py:840} INFO - DAG(s) 'latest_only' retrieved from /home/airflow/.local/lib/python3.8/site-packages/airflow/example_dags/example_latest_only.py
[2026-03-28T22:43:46.751+0000] {logging_mixin.py:188} INFO - [2026-03-28T22:43:46.750+0000] {dag.py:3036} INFO - Sync 1 DAGs
[2026-03-28T22:43:46.771+0000] {logging_mixin.py:188} INFO - [2026-03-28T22:43:46.771+0000] {dag.py:3823} INFO - Setting next_dagrun for latest_only to 2026-03-28 16:00:00+00:00, run_after=2026-03-28 20:00:00+00:00
[2026-03-28T22:43:46.793+0000] {processor.py:183} INFO - Processing /home/airflow/.local/lib/python3.8/site-packages/airflow/example_dags/example_latest_only.py took 0.079 seconds
[2026-03-28T22:44:17.110+0000] {processor.py:161} INFO - Started process (PID=787) to work on /home/airflow/.local/lib/python3.8/site-packages/airflow/example_dags/example_latest_only.py
[2026-03-28T22:44:17.111+0000] {processor.py:830} INFO - Processing file /home/airflow/.local/lib/python3.8/site-packages/airflow/example_dags/example_latest_only.py for tasks to queue
[2026-03-28T22:44:17.114+0000] {logging_mixin.py:188} INFO - [2026-03-28T22:44:17.113+0000] {dagbag.py:538} INFO - Filling up the DagBag from /home/airflow/.local/lib/python3.8/site-packages/airflow/example_dags/example_latest_only.py
[2026-03-28T22:44:17.119+0000] {processor.py:840} INFO - DAG(s) 'latest_only' retrieved from /home/airflow/.local/lib/python3.8/site-packages/airflow/example_dags/example_latest_only.py
[2026-03-28T22:44:17.145+0000] {logging_mixin.py:188} INFO - [2026-03-28T22:44:17.144+0000] {dag.py:3036} INFO - Sync 1 DAGs
[2026-03-28T22:44:17.170+0000] {logging_mixin.py:188} INFO - [2026-03-28T22:44:17.170+0000] {dag.py:3823} INFO - Setting next_dagrun for latest_only to 2026-03-28 16:00:00+00:00, run_after=2026-03-28 20:00:00+00:00
[2026-03-28T22:44:17.198+0000] {processor.py:183} INFO - Processing /home/airflow/.local/lib/python3.8/site-packages/airflow/example_dags/example_latest_only.py took 0.092 seconds
[2026-03-28T22:44:47.388+0000] {processor.py:161} INFO - Started process (PID=843) to work on /home/airflow/.local/lib/python3.8/site-packages/airflow/example_dags/example_latest_only.py
[2026-03-28T22:44:47.390+0000] {processor.py:830} INFO - Processing file /home/airflow/.local/lib/python3.8/site-packages/airflow/example_dags/example_latest_only.py for tasks to queue
[2026-03-28T22:44:47.393+0000] {logging_mixin.py:188} INFO - [2026-03-28T22:44:47.392+0000] {dagbag.py:538} INFO - Filling up the DagBag from /home/airflow/.local/lib/python3.8/site-packages/airflow/example_dags/example_latest_only.py
[2026-03-28T22:44:47.398+0000] {processor.py:840} INFO - DAG(s) 'latest_only' retrieved from /home/airflow/.local/lib/python3.8/site-packages/airflow/example_dags/example_latest_only.py
[2026-03-28T22:44:47.421+0000] {logging_mixin.py:188} INFO - [2026-03-28T22:44:47.420+0000] {dag.py:3036} INFO - Sync 1 DAGs
[2026-03-28T22:44:47.441+0000] {logging_mixin.py:188} INFO - [2026-03-28T22:44:47.441+0000] {dag.py:3823} INFO - Setting next_dagrun for latest_only to 2026-03-28 16:00:00+00:00, run_after=2026-03-28 20:00:00+00:00
[2026-03-28T22:44:47.471+0000] {processor.py:183} INFO - Processing /home/airflow/.local/lib/python3.8/site-packages/airflow/example_dags/example_latest_only.py took 0.087 seconds
[2026-03-28T22:45:18.070+0000] {processor.py:161} INFO - Started process (PID=899) to work on /home/airflow/.local/lib/python3.8/site-packages/airflow/example_dags/example_latest_only.py
[2026-03-28T22:45:18.072+0000] {processor.py:830} INFO - Processing file /home/airflow/.local/lib/python3.8/site-packages/airflow/example_dags/example_latest_only.py for tasks to queue
[2026-03-28T22:45:18.073+0000] {logging_mixin.py:188} INFO - [2026-03-28T22:45:18.073+0000] {dagbag.py:538} INFO - Filling up the DagBag from /home/airflow/.local/lib/python3.8/site-packages/airflow/example_dags/example_latest_only.py
[2026-03-28T22:45:18.079+0000] {processor.py:840} INFO - DAG(s) 'latest_only' retrieved from /home/airflow/.local/lib/python3.8/site-packages/airflow/example_dags/example_latest_only.py
[2026-03-28T22:45:18.100+0000] {logging_mixin.py:188} INFO - [2026-03-28T22:45:18.099+0000] {dag.py:3036} INFO - Sync 1 DAGs
[2026-03-28T22:45:18.119+0000] {logging_mixin.py:188} INFO - [2026-03-28T22:45:18.119+0000] {dag.py:3823} INFO - Setting next_dagrun for latest_only to 2026-03-28 16:00:00+00:00, run_after=2026-03-28 20:00:00+00:00
[2026-03-28T22:45:18.139+0000] {processor.py:183} INFO - Processing /home/airflow/.local/lib/python3.8/site-packages/airflow/example_dags/example_latest_only.py took 0.072 seconds
[2026-03-28T22:45:48.486+0000] {processor.py:161} INFO - Started process (PID=955) to work on /home/airflow/.local/lib/python3.8/site-packages/airflow/example_dags/example_latest_only.py
[2026-03-28T22:45:48.488+0000] {processor.py:830} INFO - Processing file /home/airflow/.local/lib/python3.8/site-packages/airflow/example_dags/example_latest_only.py for tasks to queue
[2026-03-28T22:45:48.490+0000] {logging_mixin.py:188} INFO - [2026-03-28T22:45:48.489+0000] {dagbag.py:538} INFO - Filling up the DagBag from /home/airflow/.local/lib/python3.8/site-packages/airflow/example_dags/example_latest_only.py
[2026-03-28T22:45:48.495+0000] {processor.py:840} INFO - DAG(s) 'latest_only' retrieved from /home/airflow/.local/lib/python3.8/site-packages/airflow/example_dags/example_latest_only.py
[2026-03-28T22:45:48.519+0000] {logging_mixin.py:188} INFO - [2026-03-28T22:45:48.519+0000] {dag.py:3036} INFO - Sync 1 DAGs
[2026-03-28T22:45:48.538+0000] {logging_mixin.py:188} INFO - [2026-03-28T22:45:48.538+0000] {dag.py:3823} INFO - Setting next_dagrun for latest_only to 2026-03-28 16:00:00+00:00, run_after=2026-03-28 20:00:00+00:00
[2026-03-28T22:45:48.558+0000] {processor.py:183} INFO - Processing /home/airflow/.local/lib/python3.8/site-packages/airflow/example_dags/example_latest_only.py took 0.076 seconds
[2026-03-28T22:46:36.199+0000] {processor.py:161} INFO - Started process (PID=1005) to work on /home/airflow/.local/lib/python3.8/site-packages/airflow/example_dags/example_latest_only.py
[2026-03-28T22:46:36.203+0000] {processor.py:830} INFO - Processing file /home/airflow/.local/lib/python3.8/site-packages/airflow/example_dags/example_latest_only.py for tasks to queue
[2026-03-28T22:46:36.209+0000] {logging_mixin.py:188} INFO - [2026-03-28T22:46:36.208+0000] {dagbag.py:538} INFO - Filling up the DagBag from /home/airflow/.local/lib/python3.8/site-packages/airflow/example_dags/example_latest_only.py
[2026-03-28T22:46:36.225+0000] {processor.py:840} INFO - DAG(s) 'latest_only' retrieved from /home/airflow/.local/lib/python3.8/site-packages/airflow/example_dags/example_latest_only.py
[2026-03-28T22:46:36.282+0000] {logging_mixin.py:188} INFO - [2026-03-28T22:46:36.281+0000] {dag.py:3036} INFO - Sync 1 DAGs
[2026-03-28T22:46:36.345+0000] {logging_mixin.py:188} INFO - [2026-03-28T22:46:36.344+0000] {dag.py:3823} INFO - Setting next_dagrun for latest_only to 2026-03-28 16:00:00+00:00, run_after=2026-03-28 20:00:00+00:00
[2026-03-28T22:46:36.390+0000] {processor.py:183} INFO - Processing /home/airflow/.local/lib/python3.8/site-packages/airflow/example_dags/example_latest_only.py took 0.204 seconds
