[2026-03-28T22:09:38.540+0000] {processor.py:161} INFO - Started process (PID=57) to work on /home/airflow/.local/lib/python3.8/site-packages/airflow/example_dags/example_complex.py
[2026-03-28T22:09:38.541+0000] {processor.py:830} INFO - Processing file /home/airflow/.local/lib/python3.8/site-packages/airflow/example_dags/example_complex.py for tasks to queue
[2026-03-28T22:09:38.543+0000] {logging_mixin.py:188} INFO - [2026-03-28T22:09:38.543+0000] {dagbag.py:538} INFO - Filling up the DagBag from /home/airflow/.local/lib/python3.8/site-packages/airflow/example_dags/example_complex.py
[2026-03-28T22:09:38.559+0000] {processor.py:840} INFO - DAG(s) 'example_complex' retrieved from /home/airflow/.local/lib/python3.8/site-packages/airflow/example_dags/example_complex.py
[2026-03-28T22:09:38.680+0000] {logging_mixin.py:188} INFO - [2026-03-28T22:09:38.679+0000] {override.py:1769} INFO - Created Permission View: can edit on DAG:example_complex
[2026-03-28T22:09:38.693+0000] {logging_mixin.py:188} INFO - [2026-03-28T22:09:38.693+0000] {override.py:1769} INFO - Created Permission View: can delete on DAG:example_complex
[2026-03-28T22:09:38.705+0000] {logging_mixin.py:188} INFO - [2026-03-28T22:09:38.704+0000] {override.py:1769} INFO - Created Permission View: can read on DAG:example_complex
[2026-03-28T22:09:38.706+0000] {logging_mixin.py:188} INFO - [2026-03-28T22:09:38.706+0000] {dag.py:3036} INFO - Sync 1 DAGs
[2026-03-28T22:09:38.720+0000] {logging_mixin.py:188} INFO - [2026-03-28T22:09:38.719+0000] {dag.py:3058} INFO - Creating ORM DAG for example_complex
[2026-03-28T22:09:38.721+0000] {logging_mixin.py:188} INFO - [2026-03-28T22:09:38.721+0000] {dag.py:3823} INFO - Setting next_dagrun for example_complex to None, run_after=None
[2026-03-28T22:09:38.748+0000] {processor.py:183} INFO - Processing /home/airflow/.local/lib/python3.8/site-packages/airflow/example_dags/example_complex.py took 0.212 seconds
[2026-03-28T22:10:09.091+0000] {processor.py:161} INFO - Started process (PID=113) to work on /home/airflow/.local/lib/python3.8/site-packages/airflow/example_dags/example_complex.py
[2026-03-28T22:10:09.093+0000] {processor.py:830} INFO - Processing file /home/airflow/.local/lib/python3.8/site-packages/airflow/example_dags/example_complex.py for tasks to queue
[2026-03-28T22:10:09.095+0000] {logging_mixin.py:188} INFO - [2026-03-28T22:10:09.094+0000] {dagbag.py:538} INFO - Filling up the DagBag from /home/airflow/.local/lib/python3.8/site-packages/airflow/example_dags/example_complex.py
[2026-03-28T22:10:09.105+0000] {processor.py:840} INFO - DAG(s) 'example_complex' retrieved from /home/airflow/.local/lib/python3.8/site-packages/airflow/example_dags/example_complex.py
[2026-03-28T22:10:09.135+0000] {logging_mixin.py:188} INFO - [2026-03-28T22:10:09.135+0000] {dag.py:3036} INFO - Sync 1 DAGs
[2026-03-28T22:10:09.148+0000] {logging_mixin.py:188} INFO - [2026-03-28T22:10:09.148+0000] {dag.py:3823} INFO - Setting next_dagrun for example_complex to None, run_after=None
[2026-03-28T22:10:09.171+0000] {processor.py:183} INFO - Processing /home/airflow/.local/lib/python3.8/site-packages/airflow/example_dags/example_complex.py took 0.083 seconds
[2026-03-28T22:10:39.485+0000] {processor.py:161} INFO - Started process (PID=169) to work on /home/airflow/.local/lib/python3.8/site-packages/airflow/example_dags/example_complex.py
[2026-03-28T22:10:39.486+0000] {processor.py:830} INFO - Processing file /home/airflow/.local/lib/python3.8/site-packages/airflow/example_dags/example_complex.py for tasks to queue
[2026-03-28T22:10:39.488+0000] {logging_mixin.py:188} INFO - [2026-03-28T22:10:39.488+0000] {dagbag.py:538} INFO - Filling up the DagBag from /home/airflow/.local/lib/python3.8/site-packages/airflow/example_dags/example_complex.py
[2026-03-28T22:10:39.498+0000] {processor.py:840} INFO - DAG(s) 'example_complex' retrieved from /home/airflow/.local/lib/python3.8/site-packages/airflow/example_dags/example_complex.py
[2026-03-28T22:10:39.528+0000] {logging_mixin.py:188} INFO - [2026-03-28T22:10:39.527+0000] {dag.py:3036} INFO - Sync 1 DAGs
[2026-03-28T22:10:39.541+0000] {logging_mixin.py:188} INFO - [2026-03-28T22:10:39.540+0000] {dag.py:3823} INFO - Setting next_dagrun for example_complex to None, run_after=None
[2026-03-28T22:10:39.638+0000] {processor.py:183} INFO - Processing /home/airflow/.local/lib/python3.8/site-packages/airflow/example_dags/example_complex.py took 0.156 seconds
[2026-03-28T22:11:09.951+0000] {processor.py:161} INFO - Started process (PID=225) to work on /home/airflow/.local/lib/python3.8/site-packages/airflow/example_dags/example_complex.py
[2026-03-28T22:11:09.952+0000] {processor.py:830} INFO - Processing file /home/airflow/.local/lib/python3.8/site-packages/airflow/example_dags/example_complex.py for tasks to queue
[2026-03-28T22:11:09.954+0000] {logging_mixin.py:188} INFO - [2026-03-28T22:11:09.953+0000] {dagbag.py:538} INFO - Filling up the DagBag from /home/airflow/.local/lib/python3.8/site-packages/airflow/example_dags/example_complex.py
[2026-03-28T22:11:09.966+0000] {processor.py:840} INFO - DAG(s) 'example_complex' retrieved from /home/airflow/.local/lib/python3.8/site-packages/airflow/example_dags/example_complex.py
[2026-03-28T22:11:09.996+0000] {logging_mixin.py:188} INFO - [2026-03-28T22:11:09.996+0000] {dag.py:3036} INFO - Sync 1 DAGs
[2026-03-28T22:11:10.008+0000] {logging_mixin.py:188} INFO - [2026-03-28T22:11:10.008+0000] {dag.py:3823} INFO - Setting next_dagrun for example_complex to None, run_after=None
[2026-03-28T22:11:10.030+0000] {processor.py:183} INFO - Processing /home/airflow/.local/lib/python3.8/site-packages/airflow/example_dags/example_complex.py took 0.083 seconds
[2026-03-28T22:11:40.207+0000] {processor.py:161} INFO - Started process (PID=281) to work on /home/airflow/.local/lib/python3.8/site-packages/airflow/example_dags/example_complex.py
[2026-03-28T22:11:40.208+0000] {processor.py:830} INFO - Processing file /home/airflow/.local/lib/python3.8/site-packages/airflow/example_dags/example_complex.py for tasks to queue
[2026-03-28T22:11:40.210+0000] {logging_mixin.py:188} INFO - [2026-03-28T22:11:40.210+0000] {dagbag.py:538} INFO - Filling up the DagBag from /home/airflow/.local/lib/python3.8/site-packages/airflow/example_dags/example_complex.py
[2026-03-28T22:11:40.220+0000] {processor.py:840} INFO - DAG(s) 'example_complex' retrieved from /home/airflow/.local/lib/python3.8/site-packages/airflow/example_dags/example_complex.py
[2026-03-28T22:11:40.248+0000] {logging_mixin.py:188} INFO - [2026-03-28T22:11:40.248+0000] {dag.py:3036} INFO - Sync 1 DAGs
[2026-03-28T22:11:40.260+0000] {logging_mixin.py:188} INFO - [2026-03-28T22:11:40.260+0000] {dag.py:3823} INFO - Setting next_dagrun for example_complex to None, run_after=None
[2026-03-28T22:11:40.287+0000] {processor.py:183} INFO - Processing /home/airflow/.local/lib/python3.8/site-packages/airflow/example_dags/example_complex.py took 0.083 seconds
[2026-03-28T22:12:10.462+0000] {processor.py:161} INFO - Started process (PID=337) to work on /home/airflow/.local/lib/python3.8/site-packages/airflow/example_dags/example_complex.py
[2026-03-28T22:12:10.464+0000] {processor.py:830} INFO - Processing file /home/airflow/.local/lib/python3.8/site-packages/airflow/example_dags/example_complex.py for tasks to queue
[2026-03-28T22:12:10.466+0000] {logging_mixin.py:188} INFO - [2026-03-28T22:12:10.466+0000] {dagbag.py:538} INFO - Filling up the DagBag from /home/airflow/.local/lib/python3.8/site-packages/airflow/example_dags/example_complex.py
[2026-03-28T22:12:10.478+0000] {processor.py:840} INFO - DAG(s) 'example_complex' retrieved from /home/airflow/.local/lib/python3.8/site-packages/airflow/example_dags/example_complex.py
[2026-03-28T22:12:10.531+0000] {logging_mixin.py:188} INFO - [2026-03-28T22:12:10.530+0000] {dag.py:3036} INFO - Sync 1 DAGs
[2026-03-28T22:12:10.559+0000] {logging_mixin.py:188} INFO - [2026-03-28T22:12:10.559+0000] {dag.py:3823} INFO - Setting next_dagrun for example_complex to None, run_after=None
[2026-03-28T22:12:10.597+0000] {processor.py:183} INFO - Processing /home/airflow/.local/lib/python3.8/site-packages/airflow/example_dags/example_complex.py took 0.138 seconds
[2026-03-28T22:12:40.687+0000] {processor.py:161} INFO - Started process (PID=393) to work on /home/airflow/.local/lib/python3.8/site-packages/airflow/example_dags/example_complex.py
[2026-03-28T22:12:40.688+0000] {processor.py:830} INFO - Processing file /home/airflow/.local/lib/python3.8/site-packages/airflow/example_dags/example_complex.py for tasks to queue
[2026-03-28T22:12:40.690+0000] {logging_mixin.py:188} INFO - [2026-03-28T22:12:40.690+0000] {dagbag.py:538} INFO - Filling up the DagBag from /home/airflow/.local/lib/python3.8/site-packages/airflow/example_dags/example_complex.py
[2026-03-28T22:12:40.700+0000] {processor.py:840} INFO - DAG(s) 'example_complex' retrieved from /home/airflow/.local/lib/python3.8/site-packages/airflow/example_dags/example_complex.py
[2026-03-28T22:12:40.728+0000] {logging_mixin.py:188} INFO - [2026-03-28T22:12:40.728+0000] {dag.py:3036} INFO - Sync 1 DAGs
[2026-03-28T22:12:40.739+0000] {logging_mixin.py:188} INFO - [2026-03-28T22:12:40.739+0000] {dag.py:3823} INFO - Setting next_dagrun for example_complex to None, run_after=None
[2026-03-28T22:12:40.762+0000] {processor.py:183} INFO - Processing /home/airflow/.local/lib/python3.8/site-packages/airflow/example_dags/example_complex.py took 0.079 seconds
[2026-03-28T22:13:10.966+0000] {processor.py:161} INFO - Started process (PID=449) to work on /home/airflow/.local/lib/python3.8/site-packages/airflow/example_dags/example_complex.py
[2026-03-28T22:13:10.967+0000] {processor.py:830} INFO - Processing file /home/airflow/.local/lib/python3.8/site-packages/airflow/example_dags/example_complex.py for tasks to queue
[2026-03-28T22:13:10.969+0000] {logging_mixin.py:188} INFO - [2026-03-28T22:13:10.968+0000] {dagbag.py:538} INFO - Filling up the DagBag from /home/airflow/.local/lib/python3.8/site-packages/airflow/example_dags/example_complex.py
[2026-03-28T22:13:10.978+0000] {processor.py:840} INFO - DAG(s) 'example_complex' retrieved from /home/airflow/.local/lib/python3.8/site-packages/airflow/example_dags/example_complex.py
[2026-03-28T22:13:11.007+0000] {logging_mixin.py:188} INFO - [2026-03-28T22:13:11.007+0000] {dag.py:3036} INFO - Sync 1 DAGs
[2026-03-28T22:13:11.018+0000] {logging_mixin.py:188} INFO - [2026-03-28T22:13:11.018+0000] {dag.py:3823} INFO - Setting next_dagrun for example_complex to None, run_after=None
[2026-03-28T22:13:11.040+0000] {processor.py:183} INFO - Processing /home/airflow/.local/lib/python3.8/site-packages/airflow/example_dags/example_complex.py took 0.078 seconds
[2026-03-28T22:14:04.934+0000] {processor.py:161} INFO - Started process (PID=56) to work on /home/airflow/.local/lib/python3.8/site-packages/airflow/example_dags/example_complex.py
[2026-03-28T22:14:04.937+0000] {processor.py:830} INFO - Processing file /home/airflow/.local/lib/python3.8/site-packages/airflow/example_dags/example_complex.py for tasks to queue
[2026-03-28T22:14:04.942+0000] {logging_mixin.py:188} INFO - [2026-03-28T22:14:04.942+0000] {dagbag.py:538} INFO - Filling up the DagBag from /home/airflow/.local/lib/python3.8/site-packages/airflow/example_dags/example_complex.py
[2026-03-28T22:14:04.975+0000] {processor.py:840} INFO - DAG(s) 'example_complex' retrieved from /home/airflow/.local/lib/python3.8/site-packages/airflow/example_dags/example_complex.py
[2026-03-28T22:14:05.001+0000] {logging_mixin.py:188} INFO - [2026-03-28T22:14:05.001+0000] {dag.py:3036} INFO - Sync 1 DAGs
[2026-03-28T22:14:05.030+0000] {logging_mixin.py:188} INFO - [2026-03-28T22:14:05.030+0000] {dag.py:3823} INFO - Setting next_dagrun for example_complex to None, run_after=None
[2026-03-28T22:14:05.076+0000] {processor.py:183} INFO - Processing /home/airflow/.local/lib/python3.8/site-packages/airflow/example_dags/example_complex.py took 0.148 seconds
[2026-03-28T22:14:35.552+0000] {processor.py:161} INFO - Started process (PID=111) to work on /home/airflow/.local/lib/python3.8/site-packages/airflow/example_dags/example_complex.py
[2026-03-28T22:14:35.554+0000] {processor.py:830} INFO - Processing file /home/airflow/.local/lib/python3.8/site-packages/airflow/example_dags/example_complex.py for tasks to queue
[2026-03-28T22:14:35.556+0000] {logging_mixin.py:188} INFO - [2026-03-28T22:14:35.555+0000] {dagbag.py:538} INFO - Filling up the DagBag from /home/airflow/.local/lib/python3.8/site-packages/airflow/example_dags/example_complex.py
[2026-03-28T22:14:35.568+0000] {processor.py:840} INFO - DAG(s) 'example_complex' retrieved from /home/airflow/.local/lib/python3.8/site-packages/airflow/example_dags/example_complex.py
[2026-03-28T22:14:35.673+0000] {logging_mixin.py:188} INFO - [2026-03-28T22:14:35.672+0000] {dag.py:3036} INFO - Sync 1 DAGs
[2026-03-28T22:14:35.683+0000] {logging_mixin.py:188} INFO - [2026-03-28T22:14:35.683+0000] {dag.py:3823} INFO - Setting next_dagrun for example_complex to None, run_after=None
[2026-03-28T22:14:35.706+0000] {processor.py:183} INFO - Processing /home/airflow/.local/lib/python3.8/site-packages/airflow/example_dags/example_complex.py took 0.157 seconds
[2026-03-28T22:15:05.997+0000] {processor.py:161} INFO - Started process (PID=173) to work on /home/airflow/.local/lib/python3.8/site-packages/airflow/example_dags/example_complex.py
[2026-03-28T22:15:05.998+0000] {processor.py:830} INFO - Processing file /home/airflow/.local/lib/python3.8/site-packages/airflow/example_dags/example_complex.py for tasks to queue
[2026-03-28T22:15:06.000+0000] {logging_mixin.py:188} INFO - [2026-03-28T22:15:05.999+0000] {dagbag.py:538} INFO - Filling up the DagBag from /home/airflow/.local/lib/python3.8/site-packages/airflow/example_dags/example_complex.py
[2026-03-28T22:15:06.009+0000] {processor.py:840} INFO - DAG(s) 'example_complex' retrieved from /home/airflow/.local/lib/python3.8/site-packages/airflow/example_dags/example_complex.py
[2026-03-28T22:15:06.038+0000] {logging_mixin.py:188} INFO - [2026-03-28T22:15:06.038+0000] {dag.py:3036} INFO - Sync 1 DAGs
[2026-03-28T22:15:06.049+0000] {logging_mixin.py:188} INFO - [2026-03-28T22:15:06.048+0000] {dag.py:3823} INFO - Setting next_dagrun for example_complex to None, run_after=None
[2026-03-28T22:15:06.070+0000] {processor.py:183} INFO - Processing /home/airflow/.local/lib/python3.8/site-packages/airflow/example_dags/example_complex.py took 0.077 seconds
[2026-03-28T22:15:36.343+0000] {processor.py:161} INFO - Started process (PID=229) to work on /home/airflow/.local/lib/python3.8/site-packages/airflow/example_dags/example_complex.py
[2026-03-28T22:15:36.347+0000] {processor.py:830} INFO - Processing file /home/airflow/.local/lib/python3.8/site-packages/airflow/example_dags/example_complex.py for tasks to queue
[2026-03-28T22:15:36.351+0000] {logging_mixin.py:188} INFO - [2026-03-28T22:15:36.350+0000] {dagbag.py:538} INFO - Filling up the DagBag from /home/airflow/.local/lib/python3.8/site-packages/airflow/example_dags/example_complex.py
[2026-03-28T22:15:36.361+0000] {processor.py:840} INFO - DAG(s) 'example_complex' retrieved from /home/airflow/.local/lib/python3.8/site-packages/airflow/example_dags/example_complex.py
[2026-03-28T22:15:36.392+0000] {logging_mixin.py:188} INFO - [2026-03-28T22:15:36.392+0000] {dag.py:3036} INFO - Sync 1 DAGs
[2026-03-28T22:15:36.403+0000] {logging_mixin.py:188} INFO - [2026-03-28T22:15:36.403+0000] {dag.py:3823} INFO - Setting next_dagrun for example_complex to None, run_after=None
[2026-03-28T22:15:36.425+0000] {processor.py:183} INFO - Processing /home/airflow/.local/lib/python3.8/site-packages/airflow/example_dags/example_complex.py took 0.086 seconds
[2026-03-28T22:16:06.757+0000] {processor.py:161} INFO - Started process (PID=285) to work on /home/airflow/.local/lib/python3.8/site-packages/airflow/example_dags/example_complex.py
[2026-03-28T22:16:06.758+0000] {processor.py:830} INFO - Processing file /home/airflow/.local/lib/python3.8/site-packages/airflow/example_dags/example_complex.py for tasks to queue
[2026-03-28T22:16:06.760+0000] {logging_mixin.py:188} INFO - [2026-03-28T22:16:06.759+0000] {dagbag.py:538} INFO - Filling up the DagBag from /home/airflow/.local/lib/python3.8/site-packages/airflow/example_dags/example_complex.py
[2026-03-28T22:16:06.769+0000] {processor.py:840} INFO - DAG(s) 'example_complex' retrieved from /home/airflow/.local/lib/python3.8/site-packages/airflow/example_dags/example_complex.py
[2026-03-28T22:16:06.798+0000] {logging_mixin.py:188} INFO - [2026-03-28T22:16:06.798+0000] {dag.py:3036} INFO - Sync 1 DAGs
[2026-03-28T22:16:06.810+0000] {logging_mixin.py:188} INFO - [2026-03-28T22:16:06.810+0000] {dag.py:3823} INFO - Setting next_dagrun for example_complex to None, run_after=None
[2026-03-28T22:16:06.839+0000] {processor.py:183} INFO - Processing /home/airflow/.local/lib/python3.8/site-packages/airflow/example_dags/example_complex.py took 0.086 seconds
[2026-03-28T22:16:36.956+0000] {processor.py:161} INFO - Started process (PID=341) to work on /home/airflow/.local/lib/python3.8/site-packages/airflow/example_dags/example_complex.py
[2026-03-28T22:16:36.957+0000] {processor.py:830} INFO - Processing file /home/airflow/.local/lib/python3.8/site-packages/airflow/example_dags/example_complex.py for tasks to queue
[2026-03-28T22:16:36.959+0000] {logging_mixin.py:188} INFO - [2026-03-28T22:16:36.959+0000] {dagbag.py:538} INFO - Filling up the DagBag from /home/airflow/.local/lib/python3.8/site-packages/airflow/example_dags/example_complex.py
[2026-03-28T22:16:36.969+0000] {processor.py:840} INFO - DAG(s) 'example_complex' retrieved from /home/airflow/.local/lib/python3.8/site-packages/airflow/example_dags/example_complex.py
[2026-03-28T22:16:36.997+0000] {logging_mixin.py:188} INFO - [2026-03-28T22:16:36.997+0000] {dag.py:3036} INFO - Sync 1 DAGs
[2026-03-28T22:16:37.008+0000] {logging_mixin.py:188} INFO - [2026-03-28T22:16:37.008+0000] {dag.py:3823} INFO - Setting next_dagrun for example_complex to None, run_after=None
[2026-03-28T22:16:37.034+0000] {processor.py:183} INFO - Processing /home/airflow/.local/lib/python3.8/site-packages/airflow/example_dags/example_complex.py took 0.081 seconds
[2026-03-28T22:17:07.138+0000] {processor.py:161} INFO - Started process (PID=397) to work on /home/airflow/.local/lib/python3.8/site-packages/airflow/example_dags/example_complex.py
[2026-03-28T22:17:07.139+0000] {processor.py:830} INFO - Processing file /home/airflow/.local/lib/python3.8/site-packages/airflow/example_dags/example_complex.py for tasks to queue
[2026-03-28T22:17:07.141+0000] {logging_mixin.py:188} INFO - [2026-03-28T22:17:07.141+0000] {dagbag.py:538} INFO - Filling up the DagBag from /home/airflow/.local/lib/python3.8/site-packages/airflow/example_dags/example_complex.py
[2026-03-28T22:17:07.151+0000] {processor.py:840} INFO - DAG(s) 'example_complex' retrieved from /home/airflow/.local/lib/python3.8/site-packages/airflow/example_dags/example_complex.py
[2026-03-28T22:17:07.180+0000] {logging_mixin.py:188} INFO - [2026-03-28T22:17:07.180+0000] {dag.py:3036} INFO - Sync 1 DAGs
[2026-03-28T22:17:07.193+0000] {logging_mixin.py:188} INFO - [2026-03-28T22:17:07.193+0000] {dag.py:3823} INFO - Setting next_dagrun for example_complex to None, run_after=None
[2026-03-28T22:17:07.266+0000] {processor.py:183} INFO - Processing /home/airflow/.local/lib/python3.8/site-packages/airflow/example_dags/example_complex.py took 0.132 seconds
[2026-03-28T22:17:37.408+0000] {processor.py:161} INFO - Started process (PID=453) to work on /home/airflow/.local/lib/python3.8/site-packages/airflow/example_dags/example_complex.py
[2026-03-28T22:17:37.410+0000] {processor.py:830} INFO - Processing file /home/airflow/.local/lib/python3.8/site-packages/airflow/example_dags/example_complex.py for tasks to queue
[2026-03-28T22:17:37.412+0000] {logging_mixin.py:188} INFO - [2026-03-28T22:17:37.412+0000] {dagbag.py:538} INFO - Filling up the DagBag from /home/airflow/.local/lib/python3.8/site-packages/airflow/example_dags/example_complex.py
[2026-03-28T22:17:37.422+0000] {processor.py:840} INFO - DAG(s) 'example_complex' retrieved from /home/airflow/.local/lib/python3.8/site-packages/airflow/example_dags/example_complex.py
[2026-03-28T22:17:37.452+0000] {logging_mixin.py:188} INFO - [2026-03-28T22:17:37.452+0000] {dag.py:3036} INFO - Sync 1 DAGs
[2026-03-28T22:17:37.463+0000] {logging_mixin.py:188} INFO - [2026-03-28T22:17:37.463+0000] {dag.py:3823} INFO - Setting next_dagrun for example_complex to None, run_after=None
[2026-03-28T22:17:37.485+0000] {processor.py:183} INFO - Processing /home/airflow/.local/lib/python3.8/site-packages/airflow/example_dags/example_complex.py took 0.080 seconds
[2026-03-28T22:18:08.046+0000] {processor.py:161} INFO - Started process (PID=509) to work on /home/airflow/.local/lib/python3.8/site-packages/airflow/example_dags/example_complex.py
[2026-03-28T22:18:08.047+0000] {processor.py:830} INFO - Processing file /home/airflow/.local/lib/python3.8/site-packages/airflow/example_dags/example_complex.py for tasks to queue
[2026-03-28T22:18:08.050+0000] {logging_mixin.py:188} INFO - [2026-03-28T22:18:08.049+0000] {dagbag.py:538} INFO - Filling up the DagBag from /home/airflow/.local/lib/python3.8/site-packages/airflow/example_dags/example_complex.py
[2026-03-28T22:18:08.059+0000] {processor.py:840} INFO - DAG(s) 'example_complex' retrieved from /home/airflow/.local/lib/python3.8/site-packages/airflow/example_dags/example_complex.py
[2026-03-28T22:18:08.089+0000] {logging_mixin.py:188} INFO - [2026-03-28T22:18:08.089+0000] {dag.py:3036} INFO - Sync 1 DAGs
[2026-03-28T22:18:08.101+0000] {logging_mixin.py:188} INFO - [2026-03-28T22:18:08.100+0000] {dag.py:3823} INFO - Setting next_dagrun for example_complex to None, run_after=None
[2026-03-28T22:18:08.122+0000] {processor.py:183} INFO - Processing /home/airflow/.local/lib/python3.8/site-packages/airflow/example_dags/example_complex.py took 0.080 seconds
[2026-03-28T22:18:38.359+0000] {processor.py:161} INFO - Started process (PID=565) to work on /home/airflow/.local/lib/python3.8/site-packages/airflow/example_dags/example_complex.py
[2026-03-28T22:18:38.360+0000] {processor.py:830} INFO - Processing file /home/airflow/.local/lib/python3.8/site-packages/airflow/example_dags/example_complex.py for tasks to queue
[2026-03-28T22:18:38.363+0000] {logging_mixin.py:188} INFO - [2026-03-28T22:18:38.363+0000] {dagbag.py:538} INFO - Filling up the DagBag from /home/airflow/.local/lib/python3.8/site-packages/airflow/example_dags/example_complex.py
[2026-03-28T22:18:38.373+0000] {processor.py:840} INFO - DAG(s) 'example_complex' retrieved from /home/airflow/.local/lib/python3.8/site-packages/airflow/example_dags/example_complex.py
[2026-03-28T22:18:38.406+0000] {logging_mixin.py:188} INFO - [2026-03-28T22:18:38.406+0000] {dag.py:3036} INFO - Sync 1 DAGs
[2026-03-28T22:18:38.418+0000] {logging_mixin.py:188} INFO - [2026-03-28T22:18:38.418+0000] {dag.py:3823} INFO - Setting next_dagrun for example_complex to None, run_after=None
[2026-03-28T22:18:38.440+0000] {processor.py:183} INFO - Processing /home/airflow/.local/lib/python3.8/site-packages/airflow/example_dags/example_complex.py took 0.085 seconds
[2026-03-28T22:19:08.682+0000] {processor.py:161} INFO - Started process (PID=622) to work on /home/airflow/.local/lib/python3.8/site-packages/airflow/example_dags/example_complex.py
[2026-03-28T22:19:08.683+0000] {processor.py:830} INFO - Processing file /home/airflow/.local/lib/python3.8/site-packages/airflow/example_dags/example_complex.py for tasks to queue
[2026-03-28T22:19:08.685+0000] {logging_mixin.py:188} INFO - [2026-03-28T22:19:08.685+0000] {dagbag.py:538} INFO - Filling up the DagBag from /home/airflow/.local/lib/python3.8/site-packages/airflow/example_dags/example_complex.py
[2026-03-28T22:19:08.699+0000] {processor.py:840} INFO - DAG(s) 'example_complex' retrieved from /home/airflow/.local/lib/python3.8/site-packages/airflow/example_dags/example_complex.py
[2026-03-28T22:19:08.730+0000] {logging_mixin.py:188} INFO - [2026-03-28T22:19:08.729+0000] {dag.py:3036} INFO - Sync 1 DAGs
[2026-03-28T22:19:08.741+0000] {logging_mixin.py:188} INFO - [2026-03-28T22:19:08.741+0000] {dag.py:3823} INFO - Setting next_dagrun for example_complex to None, run_after=None
[2026-03-28T22:19:08.765+0000] {processor.py:183} INFO - Processing /home/airflow/.local/lib/python3.8/site-packages/airflow/example_dags/example_complex.py took 0.086 seconds
[2026-03-28T22:19:39.401+0000] {processor.py:161} INFO - Started process (PID=677) to work on /home/airflow/.local/lib/python3.8/site-packages/airflow/example_dags/example_complex.py
[2026-03-28T22:19:39.402+0000] {processor.py:830} INFO - Processing file /home/airflow/.local/lib/python3.8/site-packages/airflow/example_dags/example_complex.py for tasks to queue
[2026-03-28T22:19:39.404+0000] {logging_mixin.py:188} INFO - [2026-03-28T22:19:39.404+0000] {dagbag.py:538} INFO - Filling up the DagBag from /home/airflow/.local/lib/python3.8/site-packages/airflow/example_dags/example_complex.py
[2026-03-28T22:19:39.415+0000] {processor.py:840} INFO - DAG(s) 'example_complex' retrieved from /home/airflow/.local/lib/python3.8/site-packages/airflow/example_dags/example_complex.py
[2026-03-28T22:19:39.446+0000] {logging_mixin.py:188} INFO - [2026-03-28T22:19:39.446+0000] {dag.py:3036} INFO - Sync 1 DAGs
[2026-03-28T22:19:39.459+0000] {logging_mixin.py:188} INFO - [2026-03-28T22:19:39.459+0000] {dag.py:3823} INFO - Setting next_dagrun for example_complex to None, run_after=None
[2026-03-28T22:19:39.494+0000] {processor.py:183} INFO - Processing /home/airflow/.local/lib/python3.8/site-packages/airflow/example_dags/example_complex.py took 0.097 seconds
[2026-03-28T22:20:10.091+0000] {processor.py:161} INFO - Started process (PID=733) to work on /home/airflow/.local/lib/python3.8/site-packages/airflow/example_dags/example_complex.py
[2026-03-28T22:20:10.093+0000] {processor.py:830} INFO - Processing file /home/airflow/.local/lib/python3.8/site-packages/airflow/example_dags/example_complex.py for tasks to queue
[2026-03-28T22:20:10.097+0000] {logging_mixin.py:188} INFO - [2026-03-28T22:20:10.096+0000] {dagbag.py:538} INFO - Filling up the DagBag from /home/airflow/.local/lib/python3.8/site-packages/airflow/example_dags/example_complex.py
[2026-03-28T22:20:10.110+0000] {processor.py:840} INFO - DAG(s) 'example_complex' retrieved from /home/airflow/.local/lib/python3.8/site-packages/airflow/example_dags/example_complex.py
[2026-03-28T22:20:10.151+0000] {logging_mixin.py:188} INFO - [2026-03-28T22:20:10.151+0000] {dag.py:3036} INFO - Sync 1 DAGs
[2026-03-28T22:20:10.168+0000] {logging_mixin.py:188} INFO - [2026-03-28T22:20:10.168+0000] {dag.py:3823} INFO - Setting next_dagrun for example_complex to None, run_after=None
[2026-03-28T22:20:10.203+0000] {processor.py:183} INFO - Processing /home/airflow/.local/lib/python3.8/site-packages/airflow/example_dags/example_complex.py took 0.118 seconds
[2026-03-28T22:20:40.319+0000] {processor.py:161} INFO - Started process (PID=789) to work on /home/airflow/.local/lib/python3.8/site-packages/airflow/example_dags/example_complex.py
[2026-03-28T22:20:40.320+0000] {processor.py:830} INFO - Processing file /home/airflow/.local/lib/python3.8/site-packages/airflow/example_dags/example_complex.py for tasks to queue
[2026-03-28T22:20:40.322+0000] {logging_mixin.py:188} INFO - [2026-03-28T22:20:40.322+0000] {dagbag.py:538} INFO - Filling up the DagBag from /home/airflow/.local/lib/python3.8/site-packages/airflow/example_dags/example_complex.py
[2026-03-28T22:20:40.334+0000] {processor.py:840} INFO - DAG(s) 'example_complex' retrieved from /home/airflow/.local/lib/python3.8/site-packages/airflow/example_dags/example_complex.py
[2026-03-28T22:20:40.368+0000] {logging_mixin.py:188} INFO - [2026-03-28T22:20:40.367+0000] {dag.py:3036} INFO - Sync 1 DAGs
[2026-03-28T22:20:40.382+0000] {logging_mixin.py:188} INFO - [2026-03-28T22:20:40.382+0000] {dag.py:3823} INFO - Setting next_dagrun for example_complex to None, run_after=None
[2026-03-28T22:20:40.407+0000] {processor.py:183} INFO - Processing /home/airflow/.local/lib/python3.8/site-packages/airflow/example_dags/example_complex.py took 0.092 seconds
[2026-03-28T22:21:11.014+0000] {processor.py:161} INFO - Started process (PID=845) to work on /home/airflow/.local/lib/python3.8/site-packages/airflow/example_dags/example_complex.py
[2026-03-28T22:21:11.016+0000] {processor.py:830} INFO - Processing file /home/airflow/.local/lib/python3.8/site-packages/airflow/example_dags/example_complex.py for tasks to queue
[2026-03-28T22:21:11.017+0000] {logging_mixin.py:188} INFO - [2026-03-28T22:21:11.017+0000] {dagbag.py:538} INFO - Filling up the DagBag from /home/airflow/.local/lib/python3.8/site-packages/airflow/example_dags/example_complex.py
[2026-03-28T22:21:11.030+0000] {processor.py:840} INFO - DAG(s) 'example_complex' retrieved from /home/airflow/.local/lib/python3.8/site-packages/airflow/example_dags/example_complex.py
[2026-03-28T22:21:11.061+0000] {logging_mixin.py:188} INFO - [2026-03-28T22:21:11.061+0000] {dag.py:3036} INFO - Sync 1 DAGs
[2026-03-28T22:21:11.072+0000] {logging_mixin.py:188} INFO - [2026-03-28T22:21:11.071+0000] {dag.py:3823} INFO - Setting next_dagrun for example_complex to None, run_after=None
[2026-03-28T22:21:11.221+0000] {processor.py:183} INFO - Processing /home/airflow/.local/lib/python3.8/site-packages/airflow/example_dags/example_complex.py took 0.210 seconds
[2026-03-28T22:21:41.511+0000] {processor.py:161} INFO - Started process (PID=901) to work on /home/airflow/.local/lib/python3.8/site-packages/airflow/example_dags/example_complex.py
[2026-03-28T22:21:41.513+0000] {processor.py:830} INFO - Processing file /home/airflow/.local/lib/python3.8/site-packages/airflow/example_dags/example_complex.py for tasks to queue
[2026-03-28T22:21:41.515+0000] {logging_mixin.py:188} INFO - [2026-03-28T22:21:41.515+0000] {dagbag.py:538} INFO - Filling up the DagBag from /home/airflow/.local/lib/python3.8/site-packages/airflow/example_dags/example_complex.py
[2026-03-28T22:21:41.527+0000] {processor.py:840} INFO - DAG(s) 'example_complex' retrieved from /home/airflow/.local/lib/python3.8/site-packages/airflow/example_dags/example_complex.py
[2026-03-28T22:21:41.569+0000] {logging_mixin.py:188} INFO - [2026-03-28T22:21:41.568+0000] {dag.py:3036} INFO - Sync 1 DAGs
[2026-03-28T22:21:41.582+0000] {logging_mixin.py:188} INFO - [2026-03-28T22:21:41.582+0000] {dag.py:3823} INFO - Setting next_dagrun for example_complex to None, run_after=None
[2026-03-28T22:21:41.607+0000] {processor.py:183} INFO - Processing /home/airflow/.local/lib/python3.8/site-packages/airflow/example_dags/example_complex.py took 0.102 seconds
[2026-03-28T22:22:11.773+0000] {processor.py:161} INFO - Started process (PID=957) to work on /home/airflow/.local/lib/python3.8/site-packages/airflow/example_dags/example_complex.py
[2026-03-28T22:22:11.774+0000] {processor.py:830} INFO - Processing file /home/airflow/.local/lib/python3.8/site-packages/airflow/example_dags/example_complex.py for tasks to queue
[2026-03-28T22:22:11.776+0000] {logging_mixin.py:188} INFO - [2026-03-28T22:22:11.776+0000] {dagbag.py:538} INFO - Filling up the DagBag from /home/airflow/.local/lib/python3.8/site-packages/airflow/example_dags/example_complex.py
[2026-03-28T22:22:11.786+0000] {processor.py:840} INFO - DAG(s) 'example_complex' retrieved from /home/airflow/.local/lib/python3.8/site-packages/airflow/example_dags/example_complex.py
[2026-03-28T22:22:11.817+0000] {logging_mixin.py:188} INFO - [2026-03-28T22:22:11.817+0000] {dag.py:3036} INFO - Sync 1 DAGs
[2026-03-28T22:22:11.829+0000] {logging_mixin.py:188} INFO - [2026-03-28T22:22:11.829+0000] {dag.py:3823} INFO - Setting next_dagrun for example_complex to None, run_after=None
[2026-03-28T22:22:11.853+0000] {processor.py:183} INFO - Processing /home/airflow/.local/lib/python3.8/site-packages/airflow/example_dags/example_complex.py took 0.083 seconds
[2026-03-28T22:22:42.047+0000] {processor.py:161} INFO - Started process (PID=1013) to work on /home/airflow/.local/lib/python3.8/site-packages/airflow/example_dags/example_complex.py
[2026-03-28T22:22:42.049+0000] {processor.py:830} INFO - Processing file /home/airflow/.local/lib/python3.8/site-packages/airflow/example_dags/example_complex.py for tasks to queue
[2026-03-28T22:22:42.051+0000] {logging_mixin.py:188} INFO - [2026-03-28T22:22:42.051+0000] {dagbag.py:538} INFO - Filling up the DagBag from /home/airflow/.local/lib/python3.8/site-packages/airflow/example_dags/example_complex.py
[2026-03-28T22:22:42.064+0000] {processor.py:840} INFO - DAG(s) 'example_complex' retrieved from /home/airflow/.local/lib/python3.8/site-packages/airflow/example_dags/example_complex.py
[2026-03-28T22:22:42.104+0000] {logging_mixin.py:188} INFO - [2026-03-28T22:22:42.103+0000] {dag.py:3036} INFO - Sync 1 DAGs
[2026-03-28T22:22:42.116+0000] {logging_mixin.py:188} INFO - [2026-03-28T22:22:42.115+0000] {dag.py:3823} INFO - Setting next_dagrun for example_complex to None, run_after=None
[2026-03-28T22:22:42.140+0000] {processor.py:183} INFO - Processing /home/airflow/.local/lib/python3.8/site-packages/airflow/example_dags/example_complex.py took 0.096 seconds
[2026-03-28T22:23:12.373+0000] {processor.py:161} INFO - Started process (PID=1069) to work on /home/airflow/.local/lib/python3.8/site-packages/airflow/example_dags/example_complex.py
[2026-03-28T22:23:12.375+0000] {processor.py:830} INFO - Processing file /home/airflow/.local/lib/python3.8/site-packages/airflow/example_dags/example_complex.py for tasks to queue
[2026-03-28T22:23:12.377+0000] {logging_mixin.py:188} INFO - [2026-03-28T22:23:12.376+0000] {dagbag.py:538} INFO - Filling up the DagBag from /home/airflow/.local/lib/python3.8/site-packages/airflow/example_dags/example_complex.py
[2026-03-28T22:23:12.387+0000] {processor.py:840} INFO - DAG(s) 'example_complex' retrieved from /home/airflow/.local/lib/python3.8/site-packages/airflow/example_dags/example_complex.py
[2026-03-28T22:23:12.420+0000] {logging_mixin.py:188} INFO - [2026-03-28T22:23:12.420+0000] {dag.py:3036} INFO - Sync 1 DAGs
[2026-03-28T22:23:12.431+0000] {logging_mixin.py:188} INFO - [2026-03-28T22:23:12.431+0000] {dag.py:3823} INFO - Setting next_dagrun for example_complex to None, run_after=None
[2026-03-28T22:23:12.454+0000] {processor.py:183} INFO - Processing /home/airflow/.local/lib/python3.8/site-packages/airflow/example_dags/example_complex.py took 0.084 seconds
[2026-03-28T22:23:42.655+0000] {processor.py:161} INFO - Started process (PID=1125) to work on /home/airflow/.local/lib/python3.8/site-packages/airflow/example_dags/example_complex.py
[2026-03-28T22:23:42.656+0000] {processor.py:830} INFO - Processing file /home/airflow/.local/lib/python3.8/site-packages/airflow/example_dags/example_complex.py for tasks to queue
[2026-03-28T22:23:42.658+0000] {logging_mixin.py:188} INFO - [2026-03-28T22:23:42.658+0000] {dagbag.py:538} INFO - Filling up the DagBag from /home/airflow/.local/lib/python3.8/site-packages/airflow/example_dags/example_complex.py
[2026-03-28T22:23:42.671+0000] {processor.py:840} INFO - DAG(s) 'example_complex' retrieved from /home/airflow/.local/lib/python3.8/site-packages/airflow/example_dags/example_complex.py
[2026-03-28T22:23:42.704+0000] {logging_mixin.py:188} INFO - [2026-03-28T22:23:42.704+0000] {dag.py:3036} INFO - Sync 1 DAGs
[2026-03-28T22:23:42.719+0000] {logging_mixin.py:188} INFO - [2026-03-28T22:23:42.718+0000] {dag.py:3823} INFO - Setting next_dagrun for example_complex to None, run_after=None
[2026-03-28T22:23:42.742+0000] {processor.py:183} INFO - Processing /home/airflow/.local/lib/python3.8/site-packages/airflow/example_dags/example_complex.py took 0.090 seconds
[2026-03-28T22:24:13.091+0000] {processor.py:161} INFO - Started process (PID=1181) to work on /home/airflow/.local/lib/python3.8/site-packages/airflow/example_dags/example_complex.py
[2026-03-28T22:24:13.093+0000] {processor.py:830} INFO - Processing file /home/airflow/.local/lib/python3.8/site-packages/airflow/example_dags/example_complex.py for tasks to queue
[2026-03-28T22:24:13.095+0000] {logging_mixin.py:188} INFO - [2026-03-28T22:24:13.094+0000] {dagbag.py:538} INFO - Filling up the DagBag from /home/airflow/.local/lib/python3.8/site-packages/airflow/example_dags/example_complex.py
[2026-03-28T22:24:13.105+0000] {processor.py:840} INFO - DAG(s) 'example_complex' retrieved from /home/airflow/.local/lib/python3.8/site-packages/airflow/example_dags/example_complex.py
[2026-03-28T22:24:13.135+0000] {logging_mixin.py:188} INFO - [2026-03-28T22:24:13.135+0000] {dag.py:3036} INFO - Sync 1 DAGs
[2026-03-28T22:24:13.147+0000] {logging_mixin.py:188} INFO - [2026-03-28T22:24:13.147+0000] {dag.py:3823} INFO - Setting next_dagrun for example_complex to None, run_after=None
[2026-03-28T22:24:13.173+0000] {processor.py:183} INFO - Processing /home/airflow/.local/lib/python3.8/site-packages/airflow/example_dags/example_complex.py took 0.085 seconds
[2026-03-28T22:24:43.412+0000] {processor.py:161} INFO - Started process (PID=1237) to work on /home/airflow/.local/lib/python3.8/site-packages/airflow/example_dags/example_complex.py
[2026-03-28T22:24:43.413+0000] {processor.py:830} INFO - Processing file /home/airflow/.local/lib/python3.8/site-packages/airflow/example_dags/example_complex.py for tasks to queue
[2026-03-28T22:24:43.415+0000] {logging_mixin.py:188} INFO - [2026-03-28T22:24:43.415+0000] {dagbag.py:538} INFO - Filling up the DagBag from /home/airflow/.local/lib/python3.8/site-packages/airflow/example_dags/example_complex.py
[2026-03-28T22:24:43.424+0000] {processor.py:840} INFO - DAG(s) 'example_complex' retrieved from /home/airflow/.local/lib/python3.8/site-packages/airflow/example_dags/example_complex.py
[2026-03-28T22:24:43.460+0000] {logging_mixin.py:188} INFO - [2026-03-28T22:24:43.460+0000] {dag.py:3036} INFO - Sync 1 DAGs
[2026-03-28T22:24:43.471+0000] {logging_mixin.py:188} INFO - [2026-03-28T22:24:43.471+0000] {dag.py:3823} INFO - Setting next_dagrun for example_complex to None, run_after=None
[2026-03-28T22:24:43.503+0000] {processor.py:183} INFO - Processing /home/airflow/.local/lib/python3.8/site-packages/airflow/example_dags/example_complex.py took 0.094 seconds
[2026-03-28T22:25:13.562+0000] {processor.py:161} INFO - Started process (PID=1293) to work on /home/airflow/.local/lib/python3.8/site-packages/airflow/example_dags/example_complex.py
[2026-03-28T22:25:13.563+0000] {processor.py:830} INFO - Processing file /home/airflow/.local/lib/python3.8/site-packages/airflow/example_dags/example_complex.py for tasks to queue
[2026-03-28T22:25:13.565+0000] {logging_mixin.py:188} INFO - [2026-03-28T22:25:13.565+0000] {dagbag.py:538} INFO - Filling up the DagBag from /home/airflow/.local/lib/python3.8/site-packages/airflow/example_dags/example_complex.py
[2026-03-28T22:25:13.575+0000] {processor.py:840} INFO - DAG(s) 'example_complex' retrieved from /home/airflow/.local/lib/python3.8/site-packages/airflow/example_dags/example_complex.py
[2026-03-28T22:25:13.604+0000] {logging_mixin.py:188} INFO - [2026-03-28T22:25:13.604+0000] {dag.py:3036} INFO - Sync 1 DAGs
[2026-03-28T22:25:13.615+0000] {logging_mixin.py:188} INFO - [2026-03-28T22:25:13.615+0000] {dag.py:3823} INFO - Setting next_dagrun for example_complex to None, run_after=None
[2026-03-28T22:25:13.643+0000] {processor.py:183} INFO - Processing /home/airflow/.local/lib/python3.8/site-packages/airflow/example_dags/example_complex.py took 0.084 seconds
[2026-03-28T22:25:43.873+0000] {processor.py:161} INFO - Started process (PID=1349) to work on /home/airflow/.local/lib/python3.8/site-packages/airflow/example_dags/example_complex.py
[2026-03-28T22:25:43.874+0000] {processor.py:830} INFO - Processing file /home/airflow/.local/lib/python3.8/site-packages/airflow/example_dags/example_complex.py for tasks to queue
[2026-03-28T22:25:43.876+0000] {logging_mixin.py:188} INFO - [2026-03-28T22:25:43.875+0000] {dagbag.py:538} INFO - Filling up the DagBag from /home/airflow/.local/lib/python3.8/site-packages/airflow/example_dags/example_complex.py
[2026-03-28T22:25:43.886+0000] {processor.py:840} INFO - DAG(s) 'example_complex' retrieved from /home/airflow/.local/lib/python3.8/site-packages/airflow/example_dags/example_complex.py
[2026-03-28T22:25:43.914+0000] {logging_mixin.py:188} INFO - [2026-03-28T22:25:43.914+0000] {dag.py:3036} INFO - Sync 1 DAGs
[2026-03-28T22:25:43.925+0000] {logging_mixin.py:188} INFO - [2026-03-28T22:25:43.925+0000] {dag.py:3823} INFO - Setting next_dagrun for example_complex to None, run_after=None
[2026-03-28T22:25:43.948+0000] {processor.py:183} INFO - Processing /home/airflow/.local/lib/python3.8/site-packages/airflow/example_dags/example_complex.py took 0.079 seconds
[2026-03-28T22:26:14.238+0000] {processor.py:161} INFO - Started process (PID=1406) to work on /home/airflow/.local/lib/python3.8/site-packages/airflow/example_dags/example_complex.py
[2026-03-28T22:26:14.240+0000] {processor.py:830} INFO - Processing file /home/airflow/.local/lib/python3.8/site-packages/airflow/example_dags/example_complex.py for tasks to queue
[2026-03-28T22:26:14.242+0000] {logging_mixin.py:188} INFO - [2026-03-28T22:26:14.241+0000] {dagbag.py:538} INFO - Filling up the DagBag from /home/airflow/.local/lib/python3.8/site-packages/airflow/example_dags/example_complex.py
[2026-03-28T22:26:14.250+0000] {processor.py:840} INFO - DAG(s) 'example_complex' retrieved from /home/airflow/.local/lib/python3.8/site-packages/airflow/example_dags/example_complex.py
[2026-03-28T22:26:14.278+0000] {logging_mixin.py:188} INFO - [2026-03-28T22:26:14.278+0000] {dag.py:3036} INFO - Sync 1 DAGs
[2026-03-28T22:26:14.289+0000] {logging_mixin.py:188} INFO - [2026-03-28T22:26:14.288+0000] {dag.py:3823} INFO - Setting next_dagrun for example_complex to None, run_after=None
[2026-03-28T22:26:14.309+0000] {processor.py:183} INFO - Processing /home/airflow/.local/lib/python3.8/site-packages/airflow/example_dags/example_complex.py took 0.074 seconds
[2026-03-28T22:26:44.551+0000] {processor.py:161} INFO - Started process (PID=1462) to work on /home/airflow/.local/lib/python3.8/site-packages/airflow/example_dags/example_complex.py
[2026-03-28T22:26:44.553+0000] {processor.py:830} INFO - Processing file /home/airflow/.local/lib/python3.8/site-packages/airflow/example_dags/example_complex.py for tasks to queue
[2026-03-28T22:26:44.555+0000] {logging_mixin.py:188} INFO - [2026-03-28T22:26:44.554+0000] {dagbag.py:538} INFO - Filling up the DagBag from /home/airflow/.local/lib/python3.8/site-packages/airflow/example_dags/example_complex.py
[2026-03-28T22:26:44.564+0000] {processor.py:840} INFO - DAG(s) 'example_complex' retrieved from /home/airflow/.local/lib/python3.8/site-packages/airflow/example_dags/example_complex.py
[2026-03-28T22:26:44.598+0000] {logging_mixin.py:188} INFO - [2026-03-28T22:26:44.598+0000] {dag.py:3036} INFO - Sync 1 DAGs
[2026-03-28T22:26:44.610+0000] {logging_mixin.py:188} INFO - [2026-03-28T22:26:44.609+0000] {dag.py:3823} INFO - Setting next_dagrun for example_complex to None, run_after=None
[2026-03-28T22:26:44.670+0000] {processor.py:183} INFO - Processing /home/airflow/.local/lib/python3.8/site-packages/airflow/example_dags/example_complex.py took 0.122 seconds
[2026-03-28T22:27:15.081+0000] {processor.py:161} INFO - Started process (PID=1518) to work on /home/airflow/.local/lib/python3.8/site-packages/airflow/example_dags/example_complex.py
[2026-03-28T22:27:15.082+0000] {processor.py:830} INFO - Processing file /home/airflow/.local/lib/python3.8/site-packages/airflow/example_dags/example_complex.py for tasks to queue
[2026-03-28T22:27:15.086+0000] {logging_mixin.py:188} INFO - [2026-03-28T22:27:15.085+0000] {dagbag.py:538} INFO - Filling up the DagBag from /home/airflow/.local/lib/python3.8/site-packages/airflow/example_dags/example_complex.py
[2026-03-28T22:27:15.110+0000] {processor.py:840} INFO - DAG(s) 'example_complex' retrieved from /home/airflow/.local/lib/python3.8/site-packages/airflow/example_dags/example_complex.py
[2026-03-28T22:27:15.166+0000] {logging_mixin.py:188} INFO - [2026-03-28T22:27:15.165+0000] {dag.py:3036} INFO - Sync 1 DAGs
[2026-03-28T22:27:15.191+0000] {logging_mixin.py:188} INFO - [2026-03-28T22:27:15.191+0000] {dag.py:3823} INFO - Setting next_dagrun for example_complex to None, run_after=None
[2026-03-28T22:27:15.244+0000] {processor.py:183} INFO - Processing /home/airflow/.local/lib/python3.8/site-packages/airflow/example_dags/example_complex.py took 0.175 seconds
[2026-03-28T22:27:45.705+0000] {processor.py:161} INFO - Started process (PID=1574) to work on /home/airflow/.local/lib/python3.8/site-packages/airflow/example_dags/example_complex.py
[2026-03-28T22:27:45.706+0000] {processor.py:830} INFO - Processing file /home/airflow/.local/lib/python3.8/site-packages/airflow/example_dags/example_complex.py for tasks to queue
[2026-03-28T22:27:45.709+0000] {logging_mixin.py:188} INFO - [2026-03-28T22:27:45.709+0000] {dagbag.py:538} INFO - Filling up the DagBag from /home/airflow/.local/lib/python3.8/site-packages/airflow/example_dags/example_complex.py
[2026-03-28T22:27:45.723+0000] {processor.py:840} INFO - DAG(s) 'example_complex' retrieved from /home/airflow/.local/lib/python3.8/site-packages/airflow/example_dags/example_complex.py
[2026-03-28T22:27:45.757+0000] {logging_mixin.py:188} INFO - [2026-03-28T22:27:45.756+0000] {dag.py:3036} INFO - Sync 1 DAGs
[2026-03-28T22:27:45.769+0000] {logging_mixin.py:188} INFO - [2026-03-28T22:27:45.769+0000] {dag.py:3823} INFO - Setting next_dagrun for example_complex to None, run_after=None
[2026-03-28T22:27:45.826+0000] {processor.py:183} INFO - Processing /home/airflow/.local/lib/python3.8/site-packages/airflow/example_dags/example_complex.py took 0.125 seconds
[2026-03-28T22:28:16.078+0000] {processor.py:161} INFO - Started process (PID=1630) to work on /home/airflow/.local/lib/python3.8/site-packages/airflow/example_dags/example_complex.py
[2026-03-28T22:28:16.079+0000] {processor.py:830} INFO - Processing file /home/airflow/.local/lib/python3.8/site-packages/airflow/example_dags/example_complex.py for tasks to queue
[2026-03-28T22:28:16.082+0000] {logging_mixin.py:188} INFO - [2026-03-28T22:28:16.081+0000] {dagbag.py:538} INFO - Filling up the DagBag from /home/airflow/.local/lib/python3.8/site-packages/airflow/example_dags/example_complex.py
[2026-03-28T22:28:16.094+0000] {processor.py:840} INFO - DAG(s) 'example_complex' retrieved from /home/airflow/.local/lib/python3.8/site-packages/airflow/example_dags/example_complex.py
[2026-03-28T22:28:16.124+0000] {logging_mixin.py:188} INFO - [2026-03-28T22:28:16.124+0000] {dag.py:3036} INFO - Sync 1 DAGs
[2026-03-28T22:28:16.136+0000] {logging_mixin.py:188} INFO - [2026-03-28T22:28:16.136+0000] {dag.py:3823} INFO - Setting next_dagrun for example_complex to None, run_after=None
[2026-03-28T22:28:16.158+0000] {processor.py:183} INFO - Processing /home/airflow/.local/lib/python3.8/site-packages/airflow/example_dags/example_complex.py took 0.084 seconds
[2026-03-28T22:28:46.509+0000] {processor.py:161} INFO - Started process (PID=1686) to work on /home/airflow/.local/lib/python3.8/site-packages/airflow/example_dags/example_complex.py
[2026-03-28T22:28:46.510+0000] {processor.py:830} INFO - Processing file /home/airflow/.local/lib/python3.8/site-packages/airflow/example_dags/example_complex.py for tasks to queue
[2026-03-28T22:28:46.512+0000] {logging_mixin.py:188} INFO - [2026-03-28T22:28:46.512+0000] {dagbag.py:538} INFO - Filling up the DagBag from /home/airflow/.local/lib/python3.8/site-packages/airflow/example_dags/example_complex.py
[2026-03-28T22:28:46.523+0000] {processor.py:840} INFO - DAG(s) 'example_complex' retrieved from /home/airflow/.local/lib/python3.8/site-packages/airflow/example_dags/example_complex.py
[2026-03-28T22:28:46.554+0000] {logging_mixin.py:188} INFO - [2026-03-28T22:28:46.554+0000] {dag.py:3036} INFO - Sync 1 DAGs
[2026-03-28T22:28:46.566+0000] {logging_mixin.py:188} INFO - [2026-03-28T22:28:46.565+0000] {dag.py:3823} INFO - Setting next_dagrun for example_complex to None, run_after=None
[2026-03-28T22:28:46.671+0000] {processor.py:183} INFO - Processing /home/airflow/.local/lib/python3.8/site-packages/airflow/example_dags/example_complex.py took 0.165 seconds
[2026-03-28T22:29:16.811+0000] {processor.py:161} INFO - Started process (PID=1742) to work on /home/airflow/.local/lib/python3.8/site-packages/airflow/example_dags/example_complex.py
[2026-03-28T22:29:16.813+0000] {processor.py:830} INFO - Processing file /home/airflow/.local/lib/python3.8/site-packages/airflow/example_dags/example_complex.py for tasks to queue
[2026-03-28T22:29:16.817+0000] {logging_mixin.py:188} INFO - [2026-03-28T22:29:16.816+0000] {dagbag.py:538} INFO - Filling up the DagBag from /home/airflow/.local/lib/python3.8/site-packages/airflow/example_dags/example_complex.py
[2026-03-28T22:29:16.828+0000] {processor.py:840} INFO - DAG(s) 'example_complex' retrieved from /home/airflow/.local/lib/python3.8/site-packages/airflow/example_dags/example_complex.py
[2026-03-28T22:29:16.861+0000] {logging_mixin.py:188} INFO - [2026-03-28T22:29:16.861+0000] {dag.py:3036} INFO - Sync 1 DAGs
[2026-03-28T22:29:16.874+0000] {logging_mixin.py:188} INFO - [2026-03-28T22:29:16.874+0000] {dag.py:3823} INFO - Setting next_dagrun for example_complex to None, run_after=None
[2026-03-28T22:29:16.897+0000] {processor.py:183} INFO - Processing /home/airflow/.local/lib/python3.8/site-packages/airflow/example_dags/example_complex.py took 0.090 seconds
[2026-03-28T22:29:47.247+0000] {processor.py:161} INFO - Started process (PID=1798) to work on /home/airflow/.local/lib/python3.8/site-packages/airflow/example_dags/example_complex.py
[2026-03-28T22:29:47.249+0000] {processor.py:830} INFO - Processing file /home/airflow/.local/lib/python3.8/site-packages/airflow/example_dags/example_complex.py for tasks to queue
[2026-03-28T22:29:47.250+0000] {logging_mixin.py:188} INFO - [2026-03-28T22:29:47.250+0000] {dagbag.py:538} INFO - Filling up the DagBag from /home/airflow/.local/lib/python3.8/site-packages/airflow/example_dags/example_complex.py
[2026-03-28T22:29:47.260+0000] {processor.py:840} INFO - DAG(s) 'example_complex' retrieved from /home/airflow/.local/lib/python3.8/site-packages/airflow/example_dags/example_complex.py
[2026-03-28T22:29:47.291+0000] {logging_mixin.py:188} INFO - [2026-03-28T22:29:47.291+0000] {dag.py:3036} INFO - Sync 1 DAGs
[2026-03-28T22:29:47.303+0000] {logging_mixin.py:188} INFO - [2026-03-28T22:29:47.303+0000] {dag.py:3823} INFO - Setting next_dagrun for example_complex to None, run_after=None
[2026-03-28T22:29:47.326+0000] {processor.py:183} INFO - Processing /home/airflow/.local/lib/python3.8/site-packages/airflow/example_dags/example_complex.py took 0.082 seconds
[2026-03-28T22:30:17.544+0000] {processor.py:161} INFO - Started process (PID=1854) to work on /home/airflow/.local/lib/python3.8/site-packages/airflow/example_dags/example_complex.py
[2026-03-28T22:30:17.545+0000] {processor.py:830} INFO - Processing file /home/airflow/.local/lib/python3.8/site-packages/airflow/example_dags/example_complex.py for tasks to queue
[2026-03-28T22:30:17.547+0000] {logging_mixin.py:188} INFO - [2026-03-28T22:30:17.547+0000] {dagbag.py:538} INFO - Filling up the DagBag from /home/airflow/.local/lib/python3.8/site-packages/airflow/example_dags/example_complex.py
[2026-03-28T22:30:17.562+0000] {processor.py:840} INFO - DAG(s) 'example_complex' retrieved from /home/airflow/.local/lib/python3.8/site-packages/airflow/example_dags/example_complex.py
[2026-03-28T22:30:17.595+0000] {logging_mixin.py:188} INFO - [2026-03-28T22:30:17.595+0000] {dag.py:3036} INFO - Sync 1 DAGs
[2026-03-28T22:30:17.608+0000] {logging_mixin.py:188} INFO - [2026-03-28T22:30:17.607+0000] {dag.py:3823} INFO - Setting next_dagrun for example_complex to None, run_after=None
[2026-03-28T22:30:17.635+0000] {processor.py:183} INFO - Processing /home/airflow/.local/lib/python3.8/site-packages/airflow/example_dags/example_complex.py took 0.095 seconds
[2026-03-28T22:30:48.006+0000] {processor.py:161} INFO - Started process (PID=1911) to work on /home/airflow/.local/lib/python3.8/site-packages/airflow/example_dags/example_complex.py
[2026-03-28T22:30:48.007+0000] {processor.py:830} INFO - Processing file /home/airflow/.local/lib/python3.8/site-packages/airflow/example_dags/example_complex.py for tasks to queue
[2026-03-28T22:30:48.010+0000] {logging_mixin.py:188} INFO - [2026-03-28T22:30:48.010+0000] {dagbag.py:538} INFO - Filling up the DagBag from /home/airflow/.local/lib/python3.8/site-packages/airflow/example_dags/example_complex.py
[2026-03-28T22:30:48.020+0000] {processor.py:840} INFO - DAG(s) 'example_complex' retrieved from /home/airflow/.local/lib/python3.8/site-packages/airflow/example_dags/example_complex.py
[2026-03-28T22:30:48.049+0000] {logging_mixin.py:188} INFO - [2026-03-28T22:30:48.049+0000] {dag.py:3036} INFO - Sync 1 DAGs
[2026-03-28T22:30:48.062+0000] {logging_mixin.py:188} INFO - [2026-03-28T22:30:48.062+0000] {dag.py:3823} INFO - Setting next_dagrun for example_complex to None, run_after=None
[2026-03-28T22:30:48.083+0000] {processor.py:183} INFO - Processing /home/airflow/.local/lib/python3.8/site-packages/airflow/example_dags/example_complex.py took 0.081 seconds
[2026-03-28T22:31:35.772+0000] {processor.py:161} INFO - Started process (PID=56) to work on /home/airflow/.local/lib/python3.8/site-packages/airflow/example_dags/example_complex.py
[2026-03-28T22:31:35.774+0000] {processor.py:830} INFO - Processing file /home/airflow/.local/lib/python3.8/site-packages/airflow/example_dags/example_complex.py for tasks to queue
[2026-03-28T22:31:35.779+0000] {logging_mixin.py:188} INFO - [2026-03-28T22:31:35.778+0000] {dagbag.py:538} INFO - Filling up the DagBag from /home/airflow/.local/lib/python3.8/site-packages/airflow/example_dags/example_complex.py
[2026-03-28T22:31:35.807+0000] {processor.py:840} INFO - DAG(s) 'example_complex' retrieved from /home/airflow/.local/lib/python3.8/site-packages/airflow/example_dags/example_complex.py
[2026-03-28T22:31:35.835+0000] {logging_mixin.py:188} INFO - [2026-03-28T22:31:35.835+0000] {dag.py:3036} INFO - Sync 1 DAGs
[2026-03-28T22:31:35.864+0000] {logging_mixin.py:188} INFO - [2026-03-28T22:31:35.864+0000] {dag.py:3823} INFO - Setting next_dagrun for example_complex to None, run_after=None
[2026-03-28T22:31:35.904+0000] {processor.py:183} INFO - Processing /home/airflow/.local/lib/python3.8/site-packages/airflow/example_dags/example_complex.py took 0.140 seconds
[2026-03-28T22:32:11.975+0000] {processor.py:161} INFO - Started process (PID=57) to work on /home/airflow/.local/lib/python3.8/site-packages/airflow/example_dags/example_complex.py
[2026-03-28T22:32:11.976+0000] {processor.py:830} INFO - Processing file /home/airflow/.local/lib/python3.8/site-packages/airflow/example_dags/example_complex.py for tasks to queue
[2026-03-28T22:32:11.979+0000] {logging_mixin.py:188} INFO - [2026-03-28T22:32:11.978+0000] {dagbag.py:538} INFO - Filling up the DagBag from /home/airflow/.local/lib/python3.8/site-packages/airflow/example_dags/example_complex.py
[2026-03-28T22:32:11.997+0000] {processor.py:840} INFO - DAG(s) 'example_complex' retrieved from /home/airflow/.local/lib/python3.8/site-packages/airflow/example_dags/example_complex.py
[2026-03-28T22:32:12.017+0000] {logging_mixin.py:188} INFO - [2026-03-28T22:32:12.016+0000] {dag.py:3036} INFO - Sync 1 DAGs
[2026-03-28T22:32:12.033+0000] {logging_mixin.py:188} INFO - [2026-03-28T22:32:12.033+0000] {dag.py:3823} INFO - Setting next_dagrun for example_complex to None, run_after=None
[2026-03-28T22:32:12.062+0000] {processor.py:183} INFO - Processing /home/airflow/.local/lib/python3.8/site-packages/airflow/example_dags/example_complex.py took 0.092 seconds
[2026-03-28T22:32:42.297+0000] {processor.py:161} INFO - Started process (PID=113) to work on /home/airflow/.local/lib/python3.8/site-packages/airflow/example_dags/example_complex.py
[2026-03-28T22:32:42.298+0000] {processor.py:830} INFO - Processing file /home/airflow/.local/lib/python3.8/site-packages/airflow/example_dags/example_complex.py for tasks to queue
[2026-03-28T22:32:42.301+0000] {logging_mixin.py:188} INFO - [2026-03-28T22:32:42.300+0000] {dagbag.py:538} INFO - Filling up the DagBag from /home/airflow/.local/lib/python3.8/site-packages/airflow/example_dags/example_complex.py
[2026-03-28T22:32:42.311+0000] {processor.py:840} INFO - DAG(s) 'example_complex' retrieved from /home/airflow/.local/lib/python3.8/site-packages/airflow/example_dags/example_complex.py
[2026-03-28T22:32:42.433+0000] {logging_mixin.py:188} INFO - [2026-03-28T22:32:42.432+0000] {dag.py:3036} INFO - Sync 1 DAGs
[2026-03-28T22:32:42.442+0000] {logging_mixin.py:188} INFO - [2026-03-28T22:32:42.442+0000] {dag.py:3823} INFO - Setting next_dagrun for example_complex to None, run_after=None
[2026-03-28T22:32:42.467+0000] {processor.py:183} INFO - Processing /home/airflow/.local/lib/python3.8/site-packages/airflow/example_dags/example_complex.py took 0.174 seconds
[2026-03-28T22:33:56.908+0000] {processor.py:161} INFO - Started process (PID=68) to work on /home/airflow/.local/lib/python3.8/site-packages/airflow/example_dags/example_complex.py
[2026-03-28T22:33:56.910+0000] {processor.py:830} INFO - Processing file /home/airflow/.local/lib/python3.8/site-packages/airflow/example_dags/example_complex.py for tasks to queue
[2026-03-28T22:33:56.913+0000] {logging_mixin.py:188} INFO - [2026-03-28T22:33:56.912+0000] {dagbag.py:538} INFO - Filling up the DagBag from /home/airflow/.local/lib/python3.8/site-packages/airflow/example_dags/example_complex.py
[2026-03-28T22:33:56.938+0000] {processor.py:840} INFO - DAG(s) 'example_complex' retrieved from /home/airflow/.local/lib/python3.8/site-packages/airflow/example_dags/example_complex.py
[2026-03-28T22:33:57.194+0000] {logging_mixin.py:188} INFO - [2026-03-28T22:33:57.193+0000] {dag.py:3036} INFO - Sync 1 DAGs
[2026-03-28T22:33:57.222+0000] {logging_mixin.py:188} INFO - [2026-03-28T22:33:57.220+0000] {dag.py:3823} INFO - Setting next_dagrun for example_complex to None, run_after=None
[2026-03-28T22:33:57.265+0000] {processor.py:183} INFO - Processing /home/airflow/.local/lib/python3.8/site-packages/airflow/example_dags/example_complex.py took 0.363 seconds
[2026-03-28T22:34:28.077+0000] {processor.py:161} INFO - Started process (PID=124) to work on /home/airflow/.local/lib/python3.8/site-packages/airflow/example_dags/example_complex.py
[2026-03-28T22:34:28.081+0000] {processor.py:830} INFO - Processing file /home/airflow/.local/lib/python3.8/site-packages/airflow/example_dags/example_complex.py for tasks to queue
[2026-03-28T22:34:28.086+0000] {logging_mixin.py:188} INFO - [2026-03-28T22:34:28.085+0000] {dagbag.py:538} INFO - Filling up the DagBag from /home/airflow/.local/lib/python3.8/site-packages/airflow/example_dags/example_complex.py
[2026-03-28T22:34:28.103+0000] {processor.py:840} INFO - DAG(s) 'example_complex' retrieved from /home/airflow/.local/lib/python3.8/site-packages/airflow/example_dags/example_complex.py
[2026-03-28T22:34:28.158+0000] {logging_mixin.py:188} INFO - [2026-03-28T22:34:28.157+0000] {dag.py:3036} INFO - Sync 1 DAGs
[2026-03-28T22:34:28.185+0000] {logging_mixin.py:188} INFO - [2026-03-28T22:34:28.185+0000] {dag.py:3823} INFO - Setting next_dagrun for example_complex to None, run_after=None
[2026-03-28T22:34:28.652+0000] {processor.py:183} INFO - Processing /home/airflow/.local/lib/python3.8/site-packages/airflow/example_dags/example_complex.py took 0.582 seconds
[2026-03-28T22:34:59.084+0000] {processor.py:161} INFO - Started process (PID=180) to work on /home/airflow/.local/lib/python3.8/site-packages/airflow/example_dags/example_complex.py
[2026-03-28T22:34:59.085+0000] {processor.py:830} INFO - Processing file /home/airflow/.local/lib/python3.8/site-packages/airflow/example_dags/example_complex.py for tasks to queue
[2026-03-28T22:34:59.087+0000] {logging_mixin.py:188} INFO - [2026-03-28T22:34:59.087+0000] {dagbag.py:538} INFO - Filling up the DagBag from /home/airflow/.local/lib/python3.8/site-packages/airflow/example_dags/example_complex.py
[2026-03-28T22:34:59.097+0000] {processor.py:840} INFO - DAG(s) 'example_complex' retrieved from /home/airflow/.local/lib/python3.8/site-packages/airflow/example_dags/example_complex.py
[2026-03-28T22:34:59.124+0000] {logging_mixin.py:188} INFO - [2026-03-28T22:34:59.124+0000] {dag.py:3036} INFO - Sync 1 DAGs
[2026-03-28T22:34:59.135+0000] {logging_mixin.py:188} INFO - [2026-03-28T22:34:59.134+0000] {dag.py:3823} INFO - Setting next_dagrun for example_complex to None, run_after=None
[2026-03-28T22:34:59.158+0000] {processor.py:183} INFO - Processing /home/airflow/.local/lib/python3.8/site-packages/airflow/example_dags/example_complex.py took 0.077 seconds
[2026-03-28T22:35:29.319+0000] {processor.py:161} INFO - Started process (PID=236) to work on /home/airflow/.local/lib/python3.8/site-packages/airflow/example_dags/example_complex.py
[2026-03-28T22:35:29.320+0000] {processor.py:830} INFO - Processing file /home/airflow/.local/lib/python3.8/site-packages/airflow/example_dags/example_complex.py for tasks to queue
[2026-03-28T22:35:29.323+0000] {logging_mixin.py:188} INFO - [2026-03-28T22:35:29.322+0000] {dagbag.py:538} INFO - Filling up the DagBag from /home/airflow/.local/lib/python3.8/site-packages/airflow/example_dags/example_complex.py
[2026-03-28T22:35:29.342+0000] {processor.py:840} INFO - DAG(s) 'example_complex' retrieved from /home/airflow/.local/lib/python3.8/site-packages/airflow/example_dags/example_complex.py
[2026-03-28T22:35:29.399+0000] {logging_mixin.py:188} INFO - [2026-03-28T22:35:29.398+0000] {dag.py:3036} INFO - Sync 1 DAGs
[2026-03-28T22:35:29.418+0000] {logging_mixin.py:188} INFO - [2026-03-28T22:35:29.418+0000] {dag.py:3823} INFO - Setting next_dagrun for example_complex to None, run_after=None
[2026-03-28T22:35:29.451+0000] {processor.py:183} INFO - Processing /home/airflow/.local/lib/python3.8/site-packages/airflow/example_dags/example_complex.py took 0.136 seconds
[2026-03-28T22:35:59.623+0000] {processor.py:161} INFO - Started process (PID=292) to work on /home/airflow/.local/lib/python3.8/site-packages/airflow/example_dags/example_complex.py
[2026-03-28T22:35:59.626+0000] {processor.py:830} INFO - Processing file /home/airflow/.local/lib/python3.8/site-packages/airflow/example_dags/example_complex.py for tasks to queue
[2026-03-28T22:35:59.631+0000] {logging_mixin.py:188} INFO - [2026-03-28T22:35:59.630+0000] {dagbag.py:538} INFO - Filling up the DagBag from /home/airflow/.local/lib/python3.8/site-packages/airflow/example_dags/example_complex.py
[2026-03-28T22:35:59.653+0000] {processor.py:840} INFO - DAG(s) 'example_complex' retrieved from /home/airflow/.local/lib/python3.8/site-packages/airflow/example_dags/example_complex.py
[2026-03-28T22:35:59.710+0000] {logging_mixin.py:188} INFO - [2026-03-28T22:35:59.710+0000] {dag.py:3036} INFO - Sync 1 DAGs
[2026-03-28T22:35:59.729+0000] {logging_mixin.py:188} INFO - [2026-03-28T22:35:59.729+0000] {dag.py:3823} INFO - Setting next_dagrun for example_complex to None, run_after=None
[2026-03-28T22:35:59.757+0000] {processor.py:183} INFO - Processing /home/airflow/.local/lib/python3.8/site-packages/airflow/example_dags/example_complex.py took 0.140 seconds
[2026-03-28T22:36:29.872+0000] {processor.py:161} INFO - Started process (PID=348) to work on /home/airflow/.local/lib/python3.8/site-packages/airflow/example_dags/example_complex.py
[2026-03-28T22:36:29.875+0000] {processor.py:830} INFO - Processing file /home/airflow/.local/lib/python3.8/site-packages/airflow/example_dags/example_complex.py for tasks to queue
[2026-03-28T22:36:29.880+0000] {logging_mixin.py:188} INFO - [2026-03-28T22:36:29.880+0000] {dagbag.py:538} INFO - Filling up the DagBag from /home/airflow/.local/lib/python3.8/site-packages/airflow/example_dags/example_complex.py
[2026-03-28T22:36:29.905+0000] {processor.py:840} INFO - DAG(s) 'example_complex' retrieved from /home/airflow/.local/lib/python3.8/site-packages/airflow/example_dags/example_complex.py
[2026-03-28T22:36:29.986+0000] {logging_mixin.py:188} INFO - [2026-03-28T22:36:29.985+0000] {dag.py:3036} INFO - Sync 1 DAGs
[2026-03-28T22:36:30.019+0000] {logging_mixin.py:188} INFO - [2026-03-28T22:36:30.018+0000] {dag.py:3823} INFO - Setting next_dagrun for example_complex to None, run_after=None
[2026-03-28T22:36:30.078+0000] {processor.py:183} INFO - Processing /home/airflow/.local/lib/python3.8/site-packages/airflow/example_dags/example_complex.py took 0.214 seconds
[2026-03-28T22:37:00.267+0000] {processor.py:161} INFO - Started process (PID=404) to work on /home/airflow/.local/lib/python3.8/site-packages/airflow/example_dags/example_complex.py
[2026-03-28T22:37:00.268+0000] {processor.py:830} INFO - Processing file /home/airflow/.local/lib/python3.8/site-packages/airflow/example_dags/example_complex.py for tasks to queue
[2026-03-28T22:37:00.271+0000] {logging_mixin.py:188} INFO - [2026-03-28T22:37:00.270+0000] {dagbag.py:538} INFO - Filling up the DagBag from /home/airflow/.local/lib/python3.8/site-packages/airflow/example_dags/example_complex.py
[2026-03-28T22:37:00.280+0000] {processor.py:840} INFO - DAG(s) 'example_complex' retrieved from /home/airflow/.local/lib/python3.8/site-packages/airflow/example_dags/example_complex.py
[2026-03-28T22:37:00.309+0000] {logging_mixin.py:188} INFO - [2026-03-28T22:37:00.309+0000] {dag.py:3036} INFO - Sync 1 DAGs
[2026-03-28T22:37:00.322+0000] {logging_mixin.py:188} INFO - [2026-03-28T22:37:00.322+0000] {dag.py:3823} INFO - Setting next_dagrun for example_complex to None, run_after=None
[2026-03-28T22:37:00.346+0000] {processor.py:183} INFO - Processing /home/airflow/.local/lib/python3.8/site-packages/airflow/example_dags/example_complex.py took 0.082 seconds
[2026-03-28T22:37:40.436+0000] {processor.py:161} INFO - Started process (PID=56) to work on /home/airflow/.local/lib/python3.8/site-packages/airflow/example_dags/example_complex.py
[2026-03-28T22:37:40.438+0000] {processor.py:830} INFO - Processing file /home/airflow/.local/lib/python3.8/site-packages/airflow/example_dags/example_complex.py for tasks to queue
[2026-03-28T22:37:40.441+0000] {logging_mixin.py:188} INFO - [2026-03-28T22:37:40.440+0000] {dagbag.py:538} INFO - Filling up the DagBag from /home/airflow/.local/lib/python3.8/site-packages/airflow/example_dags/example_complex.py
[2026-03-28T22:37:40.457+0000] {processor.py:840} INFO - DAG(s) 'example_complex' retrieved from /home/airflow/.local/lib/python3.8/site-packages/airflow/example_dags/example_complex.py
[2026-03-28T22:37:40.472+0000] {logging_mixin.py:188} INFO - [2026-03-28T22:37:40.472+0000] {dag.py:3036} INFO - Sync 1 DAGs
[2026-03-28T22:37:40.488+0000] {logging_mixin.py:188} INFO - [2026-03-28T22:37:40.488+0000] {dag.py:3823} INFO - Setting next_dagrun for example_complex to None, run_after=None
[2026-03-28T22:37:40.519+0000] {processor.py:183} INFO - Processing /home/airflow/.local/lib/python3.8/site-packages/airflow/example_dags/example_complex.py took 0.088 seconds
[2026-03-28T22:38:10.820+0000] {processor.py:161} INFO - Started process (PID=112) to work on /home/airflow/.local/lib/python3.8/site-packages/airflow/example_dags/example_complex.py
[2026-03-28T22:38:10.822+0000] {processor.py:830} INFO - Processing file /home/airflow/.local/lib/python3.8/site-packages/airflow/example_dags/example_complex.py for tasks to queue
[2026-03-28T22:38:10.824+0000] {logging_mixin.py:188} INFO - [2026-03-28T22:38:10.824+0000] {dagbag.py:538} INFO - Filling up the DagBag from /home/airflow/.local/lib/python3.8/site-packages/airflow/example_dags/example_complex.py
[2026-03-28T22:38:10.835+0000] {processor.py:840} INFO - DAG(s) 'example_complex' retrieved from /home/airflow/.local/lib/python3.8/site-packages/airflow/example_dags/example_complex.py
[2026-03-28T22:38:10.960+0000] {logging_mixin.py:188} INFO - [2026-03-28T22:38:10.960+0000] {dag.py:3036} INFO - Sync 1 DAGs
[2026-03-28T22:38:10.970+0000] {logging_mixin.py:188} INFO - [2026-03-28T22:38:10.970+0000] {dag.py:3823} INFO - Setting next_dagrun for example_complex to None, run_after=None
[2026-03-28T22:38:11.002+0000] {processor.py:183} INFO - Processing /home/airflow/.local/lib/python3.8/site-packages/airflow/example_dags/example_complex.py took 0.187 seconds
[2026-03-28T22:38:41.895+0000] {processor.py:161} INFO - Started process (PID=168) to work on /home/airflow/.local/lib/python3.8/site-packages/airflow/example_dags/example_complex.py
[2026-03-28T22:38:41.896+0000] {processor.py:830} INFO - Processing file /home/airflow/.local/lib/python3.8/site-packages/airflow/example_dags/example_complex.py for tasks to queue
[2026-03-28T22:38:41.899+0000] {logging_mixin.py:188} INFO - [2026-03-28T22:38:41.898+0000] {dagbag.py:538} INFO - Filling up the DagBag from /home/airflow/.local/lib/python3.8/site-packages/airflow/example_dags/example_complex.py
[2026-03-28T22:38:41.917+0000] {processor.py:840} INFO - DAG(s) 'example_complex' retrieved from /home/airflow/.local/lib/python3.8/site-packages/airflow/example_dags/example_complex.py
[2026-03-28T22:38:41.970+0000] {logging_mixin.py:188} INFO - [2026-03-28T22:38:41.970+0000] {dag.py:3036} INFO - Sync 1 DAGs
[2026-03-28T22:38:41.988+0000] {logging_mixin.py:188} INFO - [2026-03-28T22:38:41.988+0000] {dag.py:3823} INFO - Setting next_dagrun for example_complex to None, run_after=None
[2026-03-28T22:38:42.018+0000] {processor.py:183} INFO - Processing /home/airflow/.local/lib/python3.8/site-packages/airflow/example_dags/example_complex.py took 0.128 seconds
[2026-03-28T22:39:12.492+0000] {processor.py:161} INFO - Started process (PID=224) to work on /home/airflow/.local/lib/python3.8/site-packages/airflow/example_dags/example_complex.py
[2026-03-28T22:39:12.493+0000] {processor.py:830} INFO - Processing file /home/airflow/.local/lib/python3.8/site-packages/airflow/example_dags/example_complex.py for tasks to queue
[2026-03-28T22:39:12.496+0000] {logging_mixin.py:188} INFO - [2026-03-28T22:39:12.496+0000] {dagbag.py:538} INFO - Filling up the DagBag from /home/airflow/.local/lib/python3.8/site-packages/airflow/example_dags/example_complex.py
[2026-03-28T22:39:12.509+0000] {processor.py:840} INFO - DAG(s) 'example_complex' retrieved from /home/airflow/.local/lib/python3.8/site-packages/airflow/example_dags/example_complex.py
[2026-03-28T22:39:12.544+0000] {logging_mixin.py:188} INFO - [2026-03-28T22:39:12.544+0000] {dag.py:3036} INFO - Sync 1 DAGs
[2026-03-28T22:39:12.559+0000] {logging_mixin.py:188} INFO - [2026-03-28T22:39:12.559+0000] {dag.py:3823} INFO - Setting next_dagrun for example_complex to None, run_after=None
[2026-03-28T22:39:12.586+0000] {processor.py:183} INFO - Processing /home/airflow/.local/lib/python3.8/site-packages/airflow/example_dags/example_complex.py took 0.101 seconds
[2026-03-28T22:39:42.630+0000] {processor.py:161} INFO - Started process (PID=280) to work on /home/airflow/.local/lib/python3.8/site-packages/airflow/example_dags/example_complex.py
[2026-03-28T22:39:42.632+0000] {processor.py:830} INFO - Processing file /home/airflow/.local/lib/python3.8/site-packages/airflow/example_dags/example_complex.py for tasks to queue
[2026-03-28T22:39:42.635+0000] {logging_mixin.py:188} INFO - [2026-03-28T22:39:42.635+0000] {dagbag.py:538} INFO - Filling up the DagBag from /home/airflow/.local/lib/python3.8/site-packages/airflow/example_dags/example_complex.py
[2026-03-28T22:39:42.653+0000] {processor.py:840} INFO - DAG(s) 'example_complex' retrieved from /home/airflow/.local/lib/python3.8/site-packages/airflow/example_dags/example_complex.py
[2026-03-28T22:39:42.700+0000] {logging_mixin.py:188} INFO - [2026-03-28T22:39:42.700+0000] {dag.py:3036} INFO - Sync 1 DAGs
[2026-03-28T22:39:42.720+0000] {logging_mixin.py:188} INFO - [2026-03-28T22:39:42.719+0000] {dag.py:3823} INFO - Setting next_dagrun for example_complex to None, run_after=None
[2026-03-28T22:39:42.749+0000] {processor.py:183} INFO - Processing /home/airflow/.local/lib/python3.8/site-packages/airflow/example_dags/example_complex.py took 0.123 seconds
[2026-03-28T22:40:12.996+0000] {processor.py:161} INFO - Started process (PID=336) to work on /home/airflow/.local/lib/python3.8/site-packages/airflow/example_dags/example_complex.py
[2026-03-28T22:40:12.998+0000] {processor.py:830} INFO - Processing file /home/airflow/.local/lib/python3.8/site-packages/airflow/example_dags/example_complex.py for tasks to queue
[2026-03-28T22:40:13.002+0000] {logging_mixin.py:188} INFO - [2026-03-28T22:40:13.001+0000] {dagbag.py:538} INFO - Filling up the DagBag from /home/airflow/.local/lib/python3.8/site-packages/airflow/example_dags/example_complex.py
[2026-03-28T22:40:13.021+0000] {processor.py:840} INFO - DAG(s) 'example_complex' retrieved from /home/airflow/.local/lib/python3.8/site-packages/airflow/example_dags/example_complex.py
[2026-03-28T22:40:13.067+0000] {logging_mixin.py:188} INFO - [2026-03-28T22:40:13.067+0000] {dag.py:3036} INFO - Sync 1 DAGs
[2026-03-28T22:40:13.081+0000] {logging_mixin.py:188} INFO - [2026-03-28T22:40:13.080+0000] {dag.py:3823} INFO - Setting next_dagrun for example_complex to None, run_after=None
[2026-03-28T22:40:13.106+0000] {processor.py:183} INFO - Processing /home/airflow/.local/lib/python3.8/site-packages/airflow/example_dags/example_complex.py took 0.116 seconds
[2026-03-28T22:40:43.295+0000] {processor.py:161} INFO - Started process (PID=393) to work on /home/airflow/.local/lib/python3.8/site-packages/airflow/example_dags/example_complex.py
[2026-03-28T22:40:43.297+0000] {processor.py:830} INFO - Processing file /home/airflow/.local/lib/python3.8/site-packages/airflow/example_dags/example_complex.py for tasks to queue
[2026-03-28T22:40:43.300+0000] {logging_mixin.py:188} INFO - [2026-03-28T22:40:43.299+0000] {dagbag.py:538} INFO - Filling up the DagBag from /home/airflow/.local/lib/python3.8/site-packages/airflow/example_dags/example_complex.py
[2026-03-28T22:40:43.316+0000] {processor.py:840} INFO - DAG(s) 'example_complex' retrieved from /home/airflow/.local/lib/python3.8/site-packages/airflow/example_dags/example_complex.py
[2026-03-28T22:40:43.362+0000] {logging_mixin.py:188} INFO - [2026-03-28T22:40:43.361+0000] {dag.py:3036} INFO - Sync 1 DAGs
[2026-03-28T22:40:43.384+0000] {logging_mixin.py:188} INFO - [2026-03-28T22:40:43.383+0000] {dag.py:3823} INFO - Setting next_dagrun for example_complex to None, run_after=None
[2026-03-28T22:40:43.416+0000] {processor.py:183} INFO - Processing /home/airflow/.local/lib/python3.8/site-packages/airflow/example_dags/example_complex.py took 0.126 seconds
[2026-03-28T22:41:13.741+0000] {processor.py:161} INFO - Started process (PID=449) to work on /home/airflow/.local/lib/python3.8/site-packages/airflow/example_dags/example_complex.py
[2026-03-28T22:41:13.743+0000] {processor.py:830} INFO - Processing file /home/airflow/.local/lib/python3.8/site-packages/airflow/example_dags/example_complex.py for tasks to queue
[2026-03-28T22:41:13.745+0000] {logging_mixin.py:188} INFO - [2026-03-28T22:41:13.745+0000] {dagbag.py:538} INFO - Filling up the DagBag from /home/airflow/.local/lib/python3.8/site-packages/airflow/example_dags/example_complex.py
[2026-03-28T22:41:13.759+0000] {processor.py:840} INFO - DAG(s) 'example_complex' retrieved from /home/airflow/.local/lib/python3.8/site-packages/airflow/example_dags/example_complex.py
[2026-03-28T22:41:13.771+0000] {logging_mixin.py:188} INFO - [2026-03-28T22:41:13.771+0000] {dag.py:3036} INFO - Sync 1 DAGs
[2026-03-28T22:41:13.783+0000] {logging_mixin.py:188} INFO - [2026-03-28T22:41:13.782+0000] {dag.py:3823} INFO - Setting next_dagrun for example_complex to None, run_after=None
[2026-03-28T22:41:13.805+0000] {processor.py:183} INFO - Processing /home/airflow/.local/lib/python3.8/site-packages/airflow/example_dags/example_complex.py took 0.068 seconds
[2026-03-28T22:41:44.319+0000] {processor.py:161} INFO - Started process (PID=504) to work on /home/airflow/.local/lib/python3.8/site-packages/airflow/example_dags/example_complex.py
[2026-03-28T22:41:44.320+0000] {processor.py:830} INFO - Processing file /home/airflow/.local/lib/python3.8/site-packages/airflow/example_dags/example_complex.py for tasks to queue
[2026-03-28T22:41:44.323+0000] {logging_mixin.py:188} INFO - [2026-03-28T22:41:44.322+0000] {dagbag.py:538} INFO - Filling up the DagBag from /home/airflow/.local/lib/python3.8/site-packages/airflow/example_dags/example_complex.py
[2026-03-28T22:41:44.333+0000] {processor.py:840} INFO - DAG(s) 'example_complex' retrieved from /home/airflow/.local/lib/python3.8/site-packages/airflow/example_dags/example_complex.py
[2026-03-28T22:41:44.454+0000] {logging_mixin.py:188} INFO - [2026-03-28T22:41:44.454+0000] {dag.py:3036} INFO - Sync 1 DAGs
[2026-03-28T22:41:44.465+0000] {logging_mixin.py:188} INFO - [2026-03-28T22:41:44.465+0000] {dag.py:3823} INFO - Setting next_dagrun for example_complex to None, run_after=None
[2026-03-28T22:41:44.494+0000] {processor.py:183} INFO - Processing /home/airflow/.local/lib/python3.8/site-packages/airflow/example_dags/example_complex.py took 0.180 seconds
[2026-03-28T22:42:14.546+0000] {processor.py:161} INFO - Started process (PID=560) to work on /home/airflow/.local/lib/python3.8/site-packages/airflow/example_dags/example_complex.py
[2026-03-28T22:42:14.547+0000] {processor.py:830} INFO - Processing file /home/airflow/.local/lib/python3.8/site-packages/airflow/example_dags/example_complex.py for tasks to queue
[2026-03-28T22:42:14.549+0000] {logging_mixin.py:188} INFO - [2026-03-28T22:42:14.548+0000] {dagbag.py:538} INFO - Filling up the DagBag from /home/airflow/.local/lib/python3.8/site-packages/airflow/example_dags/example_complex.py
[2026-03-28T22:42:14.558+0000] {processor.py:840} INFO - DAG(s) 'example_complex' retrieved from /home/airflow/.local/lib/python3.8/site-packages/airflow/example_dags/example_complex.py
[2026-03-28T22:42:14.585+0000] {logging_mixin.py:188} INFO - [2026-03-28T22:42:14.585+0000] {dag.py:3036} INFO - Sync 1 DAGs
[2026-03-28T22:42:14.596+0000] {logging_mixin.py:188} INFO - [2026-03-28T22:42:14.596+0000] {dag.py:3823} INFO - Setting next_dagrun for example_complex to None, run_after=None
[2026-03-28T22:42:14.616+0000] {processor.py:183} INFO - Processing /home/airflow/.local/lib/python3.8/site-packages/airflow/example_dags/example_complex.py took 0.075 seconds
[2026-03-28T22:42:45.168+0000] {processor.py:161} INFO - Started process (PID=616) to work on /home/airflow/.local/lib/python3.8/site-packages/airflow/example_dags/example_complex.py
[2026-03-28T22:42:45.169+0000] {processor.py:830} INFO - Processing file /home/airflow/.local/lib/python3.8/site-packages/airflow/example_dags/example_complex.py for tasks to queue
[2026-03-28T22:42:45.172+0000] {logging_mixin.py:188} INFO - [2026-03-28T22:42:45.171+0000] {dagbag.py:538} INFO - Filling up the DagBag from /home/airflow/.local/lib/python3.8/site-packages/airflow/example_dags/example_complex.py
[2026-03-28T22:42:45.182+0000] {processor.py:840} INFO - DAG(s) 'example_complex' retrieved from /home/airflow/.local/lib/python3.8/site-packages/airflow/example_dags/example_complex.py
[2026-03-28T22:42:45.208+0000] {logging_mixin.py:188} INFO - [2026-03-28T22:42:45.208+0000] {dag.py:3036} INFO - Sync 1 DAGs
[2026-03-28T22:42:45.219+0000] {logging_mixin.py:188} INFO - [2026-03-28T22:42:45.219+0000] {dag.py:3823} INFO - Setting next_dagrun for example_complex to None, run_after=None
[2026-03-28T22:42:45.250+0000] {processor.py:183} INFO - Processing /home/airflow/.local/lib/python3.8/site-packages/airflow/example_dags/example_complex.py took 0.086 seconds
[2026-03-28T22:43:15.875+0000] {processor.py:161} INFO - Started process (PID=672) to work on /home/airflow/.local/lib/python3.8/site-packages/airflow/example_dags/example_complex.py
[2026-03-28T22:43:15.876+0000] {processor.py:830} INFO - Processing file /home/airflow/.local/lib/python3.8/site-packages/airflow/example_dags/example_complex.py for tasks to queue
[2026-03-28T22:43:15.878+0000] {logging_mixin.py:188} INFO - [2026-03-28T22:43:15.878+0000] {dagbag.py:538} INFO - Filling up the DagBag from /home/airflow/.local/lib/python3.8/site-packages/airflow/example_dags/example_complex.py
[2026-03-28T22:43:15.895+0000] {processor.py:840} INFO - DAG(s) 'example_complex' retrieved from /home/airflow/.local/lib/python3.8/site-packages/airflow/example_dags/example_complex.py
[2026-03-28T22:43:15.930+0000] {logging_mixin.py:188} INFO - [2026-03-28T22:43:15.929+0000] {dag.py:3036} INFO - Sync 1 DAGs
[2026-03-28T22:43:15.942+0000] {logging_mixin.py:188} INFO - [2026-03-28T22:43:15.942+0000] {dag.py:3823} INFO - Setting next_dagrun for example_complex to None, run_after=None
[2026-03-28T22:43:15.962+0000] {processor.py:183} INFO - Processing /home/airflow/.local/lib/python3.8/site-packages/airflow/example_dags/example_complex.py took 0.092 seconds
[2026-03-28T22:43:46.381+0000] {processor.py:161} INFO - Started process (PID=728) to work on /home/airflow/.local/lib/python3.8/site-packages/airflow/example_dags/example_complex.py
[2026-03-28T22:43:46.382+0000] {processor.py:830} INFO - Processing file /home/airflow/.local/lib/python3.8/site-packages/airflow/example_dags/example_complex.py for tasks to queue
[2026-03-28T22:43:46.384+0000] {logging_mixin.py:188} INFO - [2026-03-28T22:43:46.383+0000] {dagbag.py:538} INFO - Filling up the DagBag from /home/airflow/.local/lib/python3.8/site-packages/airflow/example_dags/example_complex.py
[2026-03-28T22:43:46.395+0000] {processor.py:840} INFO - DAG(s) 'example_complex' retrieved from /home/airflow/.local/lib/python3.8/site-packages/airflow/example_dags/example_complex.py
[2026-03-28T22:43:46.428+0000] {logging_mixin.py:188} INFO - [2026-03-28T22:43:46.428+0000] {dag.py:3036} INFO - Sync 1 DAGs
[2026-03-28T22:43:46.442+0000] {logging_mixin.py:188} INFO - [2026-03-28T22:43:46.441+0000] {dag.py:3823} INFO - Setting next_dagrun for example_complex to None, run_after=None
[2026-03-28T22:43:46.466+0000] {processor.py:183} INFO - Processing /home/airflow/.local/lib/python3.8/site-packages/airflow/example_dags/example_complex.py took 0.089 seconds
[2026-03-28T22:44:16.756+0000] {processor.py:161} INFO - Started process (PID=784) to work on /home/airflow/.local/lib/python3.8/site-packages/airflow/example_dags/example_complex.py
[2026-03-28T22:44:16.757+0000] {processor.py:830} INFO - Processing file /home/airflow/.local/lib/python3.8/site-packages/airflow/example_dags/example_complex.py for tasks to queue
[2026-03-28T22:44:16.759+0000] {logging_mixin.py:188} INFO - [2026-03-28T22:44:16.759+0000] {dagbag.py:538} INFO - Filling up the DagBag from /home/airflow/.local/lib/python3.8/site-packages/airflow/example_dags/example_complex.py
[2026-03-28T22:44:16.769+0000] {processor.py:840} INFO - DAG(s) 'example_complex' retrieved from /home/airflow/.local/lib/python3.8/site-packages/airflow/example_dags/example_complex.py
[2026-03-28T22:44:16.798+0000] {logging_mixin.py:188} INFO - [2026-03-28T22:44:16.798+0000] {dag.py:3036} INFO - Sync 1 DAGs
[2026-03-28T22:44:16.809+0000] {logging_mixin.py:188} INFO - [2026-03-28T22:44:16.809+0000] {dag.py:3823} INFO - Setting next_dagrun for example_complex to None, run_after=None
[2026-03-28T22:44:16.832+0000] {processor.py:183} INFO - Processing /home/airflow/.local/lib/python3.8/site-packages/airflow/example_dags/example_complex.py took 0.079 seconds
[2026-03-28T22:44:47.273+0000] {processor.py:161} INFO - Started process (PID=840) to work on /home/airflow/.local/lib/python3.8/site-packages/airflow/example_dags/example_complex.py
[2026-03-28T22:44:47.274+0000] {processor.py:830} INFO - Processing file /home/airflow/.local/lib/python3.8/site-packages/airflow/example_dags/example_complex.py for tasks to queue
[2026-03-28T22:44:47.276+0000] {logging_mixin.py:188} INFO - [2026-03-28T22:44:47.276+0000] {dagbag.py:538} INFO - Filling up the DagBag from /home/airflow/.local/lib/python3.8/site-packages/airflow/example_dags/example_complex.py
[2026-03-28T22:44:47.287+0000] {processor.py:840} INFO - DAG(s) 'example_complex' retrieved from /home/airflow/.local/lib/python3.8/site-packages/airflow/example_dags/example_complex.py
[2026-03-28T22:44:47.315+0000] {logging_mixin.py:188} INFO - [2026-03-28T22:44:47.315+0000] {dag.py:3036} INFO - Sync 1 DAGs
[2026-03-28T22:44:47.326+0000] {logging_mixin.py:188} INFO - [2026-03-28T22:44:47.326+0000] {dag.py:3823} INFO - Setting next_dagrun for example_complex to None, run_after=None
[2026-03-28T22:44:47.354+0000] {processor.py:183} INFO - Processing /home/airflow/.local/lib/python3.8/site-packages/airflow/example_dags/example_complex.py took 0.084 seconds
[2026-03-28T22:45:17.857+0000] {processor.py:161} INFO - Started process (PID=896) to work on /home/airflow/.local/lib/python3.8/site-packages/airflow/example_dags/example_complex.py
[2026-03-28T22:45:17.858+0000] {processor.py:830} INFO - Processing file /home/airflow/.local/lib/python3.8/site-packages/airflow/example_dags/example_complex.py for tasks to queue
[2026-03-28T22:45:17.860+0000] {logging_mixin.py:188} INFO - [2026-03-28T22:45:17.859+0000] {dagbag.py:538} INFO - Filling up the DagBag from /home/airflow/.local/lib/python3.8/site-packages/airflow/example_dags/example_complex.py
[2026-03-28T22:45:17.869+0000] {processor.py:840} INFO - DAG(s) 'example_complex' retrieved from /home/airflow/.local/lib/python3.8/site-packages/airflow/example_dags/example_complex.py
[2026-03-28T22:45:17.898+0000] {logging_mixin.py:188} INFO - [2026-03-28T22:45:17.897+0000] {dag.py:3036} INFO - Sync 1 DAGs
[2026-03-28T22:45:17.909+0000] {logging_mixin.py:188} INFO - [2026-03-28T22:45:17.908+0000] {dag.py:3823} INFO - Setting next_dagrun for example_complex to None, run_after=None
[2026-03-28T22:45:17.929+0000] {processor.py:183} INFO - Processing /home/airflow/.local/lib/python3.8/site-packages/airflow/example_dags/example_complex.py took 0.076 seconds
[2026-03-28T22:45:48.260+0000] {processor.py:161} INFO - Started process (PID=952) to work on /home/airflow/.local/lib/python3.8/site-packages/airflow/example_dags/example_complex.py
[2026-03-28T22:45:48.261+0000] {processor.py:830} INFO - Processing file /home/airflow/.local/lib/python3.8/site-packages/airflow/example_dags/example_complex.py for tasks to queue
[2026-03-28T22:45:48.263+0000] {logging_mixin.py:188} INFO - [2026-03-28T22:45:48.263+0000] {dagbag.py:538} INFO - Filling up the DagBag from /home/airflow/.local/lib/python3.8/site-packages/airflow/example_dags/example_complex.py
[2026-03-28T22:45:48.273+0000] {processor.py:840} INFO - DAG(s) 'example_complex' retrieved from /home/airflow/.local/lib/python3.8/site-packages/airflow/example_dags/example_complex.py
[2026-03-28T22:45:48.304+0000] {logging_mixin.py:188} INFO - [2026-03-28T22:45:48.304+0000] {dag.py:3036} INFO - Sync 1 DAGs
[2026-03-28T22:45:48.317+0000] {logging_mixin.py:188} INFO - [2026-03-28T22:45:48.316+0000] {dag.py:3823} INFO - Setting next_dagrun for example_complex to None, run_after=None
[2026-03-28T22:45:48.340+0000] {processor.py:183} INFO - Processing /home/airflow/.local/lib/python3.8/site-packages/airflow/example_dags/example_complex.py took 0.084 seconds
[2026-03-28T22:46:35.703+0000] {processor.py:161} INFO - Started process (PID=1002) to work on /home/airflow/.local/lib/python3.8/site-packages/airflow/example_dags/example_complex.py
[2026-03-28T22:46:35.706+0000] {processor.py:830} INFO - Processing file /home/airflow/.local/lib/python3.8/site-packages/airflow/example_dags/example_complex.py for tasks to queue
[2026-03-28T22:46:35.711+0000] {logging_mixin.py:188} INFO - [2026-03-28T22:46:35.710+0000] {dagbag.py:538} INFO - Filling up the DagBag from /home/airflow/.local/lib/python3.8/site-packages/airflow/example_dags/example_complex.py
[2026-03-28T22:46:35.735+0000] {processor.py:840} INFO - DAG(s) 'example_complex' retrieved from /home/airflow/.local/lib/python3.8/site-packages/airflow/example_dags/example_complex.py
[2026-03-28T22:46:35.831+0000] {logging_mixin.py:188} INFO - [2026-03-28T22:46:35.831+0000] {dag.py:3036} INFO - Sync 1 DAGs
[2026-03-28T22:46:35.870+0000] {logging_mixin.py:188} INFO - [2026-03-28T22:46:35.870+0000] {dag.py:3823} INFO - Setting next_dagrun for example_complex to None, run_after=None
[2026-03-28T22:46:35.900+0000] {processor.py:183} INFO - Processing /home/airflow/.local/lib/python3.8/site-packages/airflow/example_dags/example_complex.py took 0.207 seconds
