[2026-03-28T22:09:44.407+0000] {processor.py:161} INFO - Started process (PID=103) to work on /home/airflow/.local/lib/python3.8/site-packages/airflow/example_dags/example_short_circuit_operator.py
[2026-03-28T22:09:44.408+0000] {processor.py:830} INFO - Processing file /home/airflow/.local/lib/python3.8/site-packages/airflow/example_dags/example_short_circuit_operator.py for tasks to queue
[2026-03-28T22:09:44.411+0000] {logging_mixin.py:188} INFO - [2026-03-28T22:09:44.411+0000] {dagbag.py:538} INFO - Filling up the DagBag from /home/airflow/.local/lib/python3.8/site-packages/airflow/example_dags/example_short_circuit_operator.py
[2026-03-28T22:09:44.422+0000] {processor.py:840} INFO - DAG(s) 'example_short_circuit_operator' retrieved from /home/airflow/.local/lib/python3.8/site-packages/airflow/example_dags/example_short_circuit_operator.py
[2026-03-28T22:09:44.539+0000] {logging_mixin.py:188} INFO - [2026-03-28T22:09:44.538+0000] {override.py:1769} INFO - Created Permission View: can edit on DAG:example_short_circuit_operator
[2026-03-28T22:09:44.555+0000] {logging_mixin.py:188} INFO - [2026-03-28T22:09:44.554+0000] {override.py:1769} INFO - Created Permission View: can delete on DAG:example_short_circuit_operator
[2026-03-28T22:09:44.570+0000] {logging_mixin.py:188} INFO - [2026-03-28T22:09:44.569+0000] {override.py:1769} INFO - Created Permission View: can read on DAG:example_short_circuit_operator
[2026-03-28T22:09:44.571+0000] {logging_mixin.py:188} INFO - [2026-03-28T22:09:44.571+0000] {dag.py:3036} INFO - Sync 1 DAGs
[2026-03-28T22:09:44.583+0000] {logging_mixin.py:188} INFO - [2026-03-28T22:09:44.583+0000] {dag.py:3058} INFO - Creating ORM DAG for example_short_circuit_operator
[2026-03-28T22:09:44.594+0000] {logging_mixin.py:188} INFO - [2026-03-28T22:09:44.594+0000] {dag.py:3823} INFO - Setting next_dagrun for example_short_circuit_operator to 2026-03-27 00:00:00+00:00, run_after=2026-03-28 00:00:00+00:00
[2026-03-28T22:09:44.615+0000] {processor.py:183} INFO - Processing /home/airflow/.local/lib/python3.8/site-packages/airflow/example_dags/example_short_circuit_operator.py took 0.213 seconds
[2026-03-28T22:10:14.693+0000] {processor.py:161} INFO - Started process (PID=159) to work on /home/airflow/.local/lib/python3.8/site-packages/airflow/example_dags/example_short_circuit_operator.py
[2026-03-28T22:10:14.694+0000] {processor.py:830} INFO - Processing file /home/airflow/.local/lib/python3.8/site-packages/airflow/example_dags/example_short_circuit_operator.py for tasks to queue
[2026-03-28T22:10:14.697+0000] {logging_mixin.py:188} INFO - [2026-03-28T22:10:14.696+0000] {dagbag.py:538} INFO - Filling up the DagBag from /home/airflow/.local/lib/python3.8/site-packages/airflow/example_dags/example_short_circuit_operator.py
[2026-03-28T22:10:14.704+0000] {processor.py:840} INFO - DAG(s) 'example_short_circuit_operator' retrieved from /home/airflow/.local/lib/python3.8/site-packages/airflow/example_dags/example_short_circuit_operator.py
[2026-03-28T22:10:14.727+0000] {logging_mixin.py:188} INFO - [2026-03-28T22:10:14.727+0000] {dag.py:3036} INFO - Sync 1 DAGs
[2026-03-28T22:10:14.747+0000] {logging_mixin.py:188} INFO - [2026-03-28T22:10:14.747+0000] {dag.py:3823} INFO - Setting next_dagrun for example_short_circuit_operator to 2026-03-27 00:00:00+00:00, run_after=2026-03-28 00:00:00+00:00
[2026-03-28T22:10:14.768+0000] {processor.py:183} INFO - Processing /home/airflow/.local/lib/python3.8/site-packages/airflow/example_dags/example_short_circuit_operator.py took 0.079 seconds
[2026-03-28T22:10:45.270+0000] {processor.py:161} INFO - Started process (PID=215) to work on /home/airflow/.local/lib/python3.8/site-packages/airflow/example_dags/example_short_circuit_operator.py
[2026-03-28T22:10:45.271+0000] {processor.py:830} INFO - Processing file /home/airflow/.local/lib/python3.8/site-packages/airflow/example_dags/example_short_circuit_operator.py for tasks to queue
[2026-03-28T22:10:45.273+0000] {logging_mixin.py:188} INFO - [2026-03-28T22:10:45.273+0000] {dagbag.py:538} INFO - Filling up the DagBag from /home/airflow/.local/lib/python3.8/site-packages/airflow/example_dags/example_short_circuit_operator.py
[2026-03-28T22:10:45.281+0000] {processor.py:840} INFO - DAG(s) 'example_short_circuit_operator' retrieved from /home/airflow/.local/lib/python3.8/site-packages/airflow/example_dags/example_short_circuit_operator.py
[2026-03-28T22:10:45.308+0000] {logging_mixin.py:188} INFO - [2026-03-28T22:10:45.308+0000] {dag.py:3036} INFO - Sync 1 DAGs
[2026-03-28T22:10:45.329+0000] {logging_mixin.py:188} INFO - [2026-03-28T22:10:45.329+0000] {dag.py:3823} INFO - Setting next_dagrun for example_short_circuit_operator to 2026-03-27 00:00:00+00:00, run_after=2026-03-28 00:00:00+00:00
[2026-03-28T22:10:45.353+0000] {processor.py:183} INFO - Processing /home/airflow/.local/lib/python3.8/site-packages/airflow/example_dags/example_short_circuit_operator.py took 0.087 seconds
[2026-03-28T22:11:15.560+0000] {processor.py:161} INFO - Started process (PID=271) to work on /home/airflow/.local/lib/python3.8/site-packages/airflow/example_dags/example_short_circuit_operator.py
[2026-03-28T22:11:15.561+0000] {processor.py:830} INFO - Processing file /home/airflow/.local/lib/python3.8/site-packages/airflow/example_dags/example_short_circuit_operator.py for tasks to queue
[2026-03-28T22:11:15.564+0000] {logging_mixin.py:188} INFO - [2026-03-28T22:11:15.563+0000] {dagbag.py:538} INFO - Filling up the DagBag from /home/airflow/.local/lib/python3.8/site-packages/airflow/example_dags/example_short_circuit_operator.py
[2026-03-28T22:11:15.574+0000] {processor.py:840} INFO - DAG(s) 'example_short_circuit_operator' retrieved from /home/airflow/.local/lib/python3.8/site-packages/airflow/example_dags/example_short_circuit_operator.py
[2026-03-28T22:11:15.601+0000] {logging_mixin.py:188} INFO - [2026-03-28T22:11:15.600+0000] {dag.py:3036} INFO - Sync 1 DAGs
[2026-03-28T22:11:15.625+0000] {logging_mixin.py:188} INFO - [2026-03-28T22:11:15.624+0000] {dag.py:3823} INFO - Setting next_dagrun for example_short_circuit_operator to 2026-03-27 00:00:00+00:00, run_after=2026-03-28 00:00:00+00:00
[2026-03-28T22:11:15.649+0000] {processor.py:183} INFO - Processing /home/airflow/.local/lib/python3.8/site-packages/airflow/example_dags/example_short_circuit_operator.py took 0.093 seconds
[2026-03-28T22:11:45.711+0000] {processor.py:161} INFO - Started process (PID=327) to work on /home/airflow/.local/lib/python3.8/site-packages/airflow/example_dags/example_short_circuit_operator.py
[2026-03-28T22:11:45.712+0000] {processor.py:830} INFO - Processing file /home/airflow/.local/lib/python3.8/site-packages/airflow/example_dags/example_short_circuit_operator.py for tasks to queue
[2026-03-28T22:11:45.714+0000] {logging_mixin.py:188} INFO - [2026-03-28T22:11:45.714+0000] {dagbag.py:538} INFO - Filling up the DagBag from /home/airflow/.local/lib/python3.8/site-packages/airflow/example_dags/example_short_circuit_operator.py
[2026-03-28T22:11:45.722+0000] {processor.py:840} INFO - DAG(s) 'example_short_circuit_operator' retrieved from /home/airflow/.local/lib/python3.8/site-packages/airflow/example_dags/example_short_circuit_operator.py
[2026-03-28T22:11:45.749+0000] {logging_mixin.py:188} INFO - [2026-03-28T22:11:45.749+0000] {dag.py:3036} INFO - Sync 1 DAGs
[2026-03-28T22:11:45.775+0000] {logging_mixin.py:188} INFO - [2026-03-28T22:11:45.774+0000] {dag.py:3823} INFO - Setting next_dagrun for example_short_circuit_operator to 2026-03-27 00:00:00+00:00, run_after=2026-03-28 00:00:00+00:00
[2026-03-28T22:11:45.796+0000] {processor.py:183} INFO - Processing /home/airflow/.local/lib/python3.8/site-packages/airflow/example_dags/example_short_circuit_operator.py took 0.090 seconds
[2026-03-28T22:12:15.892+0000] {processor.py:161} INFO - Started process (PID=383) to work on /home/airflow/.local/lib/python3.8/site-packages/airflow/example_dags/example_short_circuit_operator.py
[2026-03-28T22:12:15.894+0000] {processor.py:830} INFO - Processing file /home/airflow/.local/lib/python3.8/site-packages/airflow/example_dags/example_short_circuit_operator.py for tasks to queue
[2026-03-28T22:12:15.896+0000] {logging_mixin.py:188} INFO - [2026-03-28T22:12:15.895+0000] {dagbag.py:538} INFO - Filling up the DagBag from /home/airflow/.local/lib/python3.8/site-packages/airflow/example_dags/example_short_circuit_operator.py
[2026-03-28T22:12:15.903+0000] {processor.py:840} INFO - DAG(s) 'example_short_circuit_operator' retrieved from /home/airflow/.local/lib/python3.8/site-packages/airflow/example_dags/example_short_circuit_operator.py
[2026-03-28T22:12:15.928+0000] {logging_mixin.py:188} INFO - [2026-03-28T22:12:15.927+0000] {dag.py:3036} INFO - Sync 1 DAGs
[2026-03-28T22:12:15.951+0000] {logging_mixin.py:188} INFO - [2026-03-28T22:12:15.951+0000] {dag.py:3823} INFO - Setting next_dagrun for example_short_circuit_operator to 2026-03-27 00:00:00+00:00, run_after=2026-03-28 00:00:00+00:00
[2026-03-28T22:12:15.972+0000] {processor.py:183} INFO - Processing /home/airflow/.local/lib/python3.8/site-packages/airflow/example_dags/example_short_circuit_operator.py took 0.083 seconds
[2026-03-28T22:12:46.298+0000] {processor.py:161} INFO - Started process (PID=439) to work on /home/airflow/.local/lib/python3.8/site-packages/airflow/example_dags/example_short_circuit_operator.py
[2026-03-28T22:12:46.300+0000] {processor.py:830} INFO - Processing file /home/airflow/.local/lib/python3.8/site-packages/airflow/example_dags/example_short_circuit_operator.py for tasks to queue
[2026-03-28T22:12:46.302+0000] {logging_mixin.py:188} INFO - [2026-03-28T22:12:46.302+0000] {dagbag.py:538} INFO - Filling up the DagBag from /home/airflow/.local/lib/python3.8/site-packages/airflow/example_dags/example_short_circuit_operator.py
[2026-03-28T22:12:46.309+0000] {processor.py:840} INFO - DAG(s) 'example_short_circuit_operator' retrieved from /home/airflow/.local/lib/python3.8/site-packages/airflow/example_dags/example_short_circuit_operator.py
[2026-03-28T22:12:46.333+0000] {logging_mixin.py:188} INFO - [2026-03-28T22:12:46.333+0000] {dag.py:3036} INFO - Sync 1 DAGs
[2026-03-28T22:12:46.354+0000] {logging_mixin.py:188} INFO - [2026-03-28T22:12:46.354+0000] {dag.py:3823} INFO - Setting next_dagrun for example_short_circuit_operator to 2026-03-27 00:00:00+00:00, run_after=2026-03-28 00:00:00+00:00
[2026-03-28T22:12:46.376+0000] {processor.py:183} INFO - Processing /home/airflow/.local/lib/python3.8/site-packages/airflow/example_dags/example_short_circuit_operator.py took 0.081 seconds
[2026-03-28T22:13:16.561+0000] {processor.py:161} INFO - Started process (PID=496) to work on /home/airflow/.local/lib/python3.8/site-packages/airflow/example_dags/example_short_circuit_operator.py
[2026-03-28T22:13:16.562+0000] {processor.py:830} INFO - Processing file /home/airflow/.local/lib/python3.8/site-packages/airflow/example_dags/example_short_circuit_operator.py for tasks to queue
[2026-03-28T22:13:16.564+0000] {logging_mixin.py:188} INFO - [2026-03-28T22:13:16.564+0000] {dagbag.py:538} INFO - Filling up the DagBag from /home/airflow/.local/lib/python3.8/site-packages/airflow/example_dags/example_short_circuit_operator.py
[2026-03-28T22:13:16.571+0000] {processor.py:840} INFO - DAG(s) 'example_short_circuit_operator' retrieved from /home/airflow/.local/lib/python3.8/site-packages/airflow/example_dags/example_short_circuit_operator.py
[2026-03-28T22:13:16.596+0000] {logging_mixin.py:188} INFO - [2026-03-28T22:13:16.595+0000] {dag.py:3036} INFO - Sync 1 DAGs
[2026-03-28T22:13:16.614+0000] {logging_mixin.py:188} INFO - [2026-03-28T22:13:16.614+0000] {dag.py:3823} INFO - Setting next_dagrun for example_short_circuit_operator to 2026-03-27 00:00:00+00:00, run_after=2026-03-28 00:00:00+00:00
[2026-03-28T22:13:16.635+0000] {processor.py:183} INFO - Processing /home/airflow/.local/lib/python3.8/site-packages/airflow/example_dags/example_short_circuit_operator.py took 0.077 seconds
[2026-03-28T22:14:08.680+0000] {processor.py:161} INFO - Started process (PID=101) to work on /home/airflow/.local/lib/python3.8/site-packages/airflow/example_dags/example_short_circuit_operator.py
[2026-03-28T22:14:08.682+0000] {processor.py:830} INFO - Processing file /home/airflow/.local/lib/python3.8/site-packages/airflow/example_dags/example_short_circuit_operator.py for tasks to queue
[2026-03-28T22:14:08.684+0000] {logging_mixin.py:188} INFO - [2026-03-28T22:14:08.684+0000] {dagbag.py:538} INFO - Filling up the DagBag from /home/airflow/.local/lib/python3.8/site-packages/airflow/example_dags/example_short_circuit_operator.py
[2026-03-28T22:14:08.693+0000] {processor.py:840} INFO - DAG(s) 'example_short_circuit_operator' retrieved from /home/airflow/.local/lib/python3.8/site-packages/airflow/example_dags/example_short_circuit_operator.py
[2026-03-28T22:14:08.709+0000] {logging_mixin.py:188} INFO - [2026-03-28T22:14:08.708+0000] {dag.py:3036} INFO - Sync 1 DAGs
[2026-03-28T22:14:08.733+0000] {logging_mixin.py:188} INFO - [2026-03-28T22:14:08.733+0000] {dag.py:3823} INFO - Setting next_dagrun for example_short_circuit_operator to 2026-03-27 00:00:00+00:00, run_after=2026-03-28 00:00:00+00:00
[2026-03-28T22:14:08.773+0000] {processor.py:183} INFO - Processing /home/airflow/.local/lib/python3.8/site-packages/airflow/example_dags/example_short_circuit_operator.py took 0.096 seconds
[2026-03-28T22:14:39.280+0000] {processor.py:161} INFO - Started process (PID=157) to work on /home/airflow/.local/lib/python3.8/site-packages/airflow/example_dags/example_short_circuit_operator.py
[2026-03-28T22:14:39.282+0000] {processor.py:830} INFO - Processing file /home/airflow/.local/lib/python3.8/site-packages/airflow/example_dags/example_short_circuit_operator.py for tasks to queue
[2026-03-28T22:14:39.284+0000] {logging_mixin.py:188} INFO - [2026-03-28T22:14:39.284+0000] {dagbag.py:538} INFO - Filling up the DagBag from /home/airflow/.local/lib/python3.8/site-packages/airflow/example_dags/example_short_circuit_operator.py
[2026-03-28T22:14:39.293+0000] {processor.py:840} INFO - DAG(s) 'example_short_circuit_operator' retrieved from /home/airflow/.local/lib/python3.8/site-packages/airflow/example_dags/example_short_circuit_operator.py
[2026-03-28T22:14:39.393+0000] {logging_mixin.py:188} INFO - [2026-03-28T22:14:39.392+0000] {dag.py:3036} INFO - Sync 1 DAGs
[2026-03-28T22:14:39.413+0000] {logging_mixin.py:188} INFO - [2026-03-28T22:14:39.413+0000] {dag.py:3823} INFO - Setting next_dagrun for example_short_circuit_operator to 2026-03-27 00:00:00+00:00, run_after=2026-03-28 00:00:00+00:00
[2026-03-28T22:14:39.433+0000] {processor.py:183} INFO - Processing /home/airflow/.local/lib/python3.8/site-packages/airflow/example_dags/example_short_circuit_operator.py took 0.157 seconds
[2026-03-28T22:15:09.620+0000] {processor.py:161} INFO - Started process (PID=213) to work on /home/airflow/.local/lib/python3.8/site-packages/airflow/example_dags/example_short_circuit_operator.py
[2026-03-28T22:15:09.621+0000] {processor.py:830} INFO - Processing file /home/airflow/.local/lib/python3.8/site-packages/airflow/example_dags/example_short_circuit_operator.py for tasks to queue
[2026-03-28T22:15:09.623+0000] {logging_mixin.py:188} INFO - [2026-03-28T22:15:09.623+0000] {dagbag.py:538} INFO - Filling up the DagBag from /home/airflow/.local/lib/python3.8/site-packages/airflow/example_dags/example_short_circuit_operator.py
[2026-03-28T22:15:09.630+0000] {processor.py:840} INFO - DAG(s) 'example_short_circuit_operator' retrieved from /home/airflow/.local/lib/python3.8/site-packages/airflow/example_dags/example_short_circuit_operator.py
[2026-03-28T22:15:09.655+0000] {logging_mixin.py:188} INFO - [2026-03-28T22:15:09.655+0000] {dag.py:3036} INFO - Sync 1 DAGs
[2026-03-28T22:15:09.674+0000] {logging_mixin.py:188} INFO - [2026-03-28T22:15:09.674+0000] {dag.py:3823} INFO - Setting next_dagrun for example_short_circuit_operator to 2026-03-27 00:00:00+00:00, run_after=2026-03-28 00:00:00+00:00
[2026-03-28T22:15:09.696+0000] {processor.py:183} INFO - Processing /home/airflow/.local/lib/python3.8/site-packages/airflow/example_dags/example_short_circuit_operator.py took 0.080 seconds
[2026-03-28T22:15:39.948+0000] {processor.py:161} INFO - Started process (PID=269) to work on /home/airflow/.local/lib/python3.8/site-packages/airflow/example_dags/example_short_circuit_operator.py
[2026-03-28T22:15:39.950+0000] {processor.py:830} INFO - Processing file /home/airflow/.local/lib/python3.8/site-packages/airflow/example_dags/example_short_circuit_operator.py for tasks to queue
[2026-03-28T22:15:39.952+0000] {logging_mixin.py:188} INFO - [2026-03-28T22:15:39.952+0000] {dagbag.py:538} INFO - Filling up the DagBag from /home/airflow/.local/lib/python3.8/site-packages/airflow/example_dags/example_short_circuit_operator.py
[2026-03-28T22:15:39.962+0000] {processor.py:840} INFO - DAG(s) 'example_short_circuit_operator' retrieved from /home/airflow/.local/lib/python3.8/site-packages/airflow/example_dags/example_short_circuit_operator.py
[2026-03-28T22:15:39.990+0000] {logging_mixin.py:188} INFO - [2026-03-28T22:15:39.990+0000] {dag.py:3036} INFO - Sync 1 DAGs
[2026-03-28T22:15:40.010+0000] {logging_mixin.py:188} INFO - [2026-03-28T22:15:40.010+0000] {dag.py:3823} INFO - Setting next_dagrun for example_short_circuit_operator to 2026-03-27 00:00:00+00:00, run_after=2026-03-28 00:00:00+00:00
[2026-03-28T22:15:40.030+0000] {processor.py:183} INFO - Processing /home/airflow/.local/lib/python3.8/site-packages/airflow/example_dags/example_short_circuit_operator.py took 0.087 seconds
[2026-03-28T22:16:10.081+0000] {processor.py:161} INFO - Started process (PID=325) to work on /home/airflow/.local/lib/python3.8/site-packages/airflow/example_dags/example_short_circuit_operator.py
[2026-03-28T22:16:10.082+0000] {processor.py:830} INFO - Processing file /home/airflow/.local/lib/python3.8/site-packages/airflow/example_dags/example_short_circuit_operator.py for tasks to queue
[2026-03-28T22:16:10.084+0000] {logging_mixin.py:188} INFO - [2026-03-28T22:16:10.084+0000] {dagbag.py:538} INFO - Filling up the DagBag from /home/airflow/.local/lib/python3.8/site-packages/airflow/example_dags/example_short_circuit_operator.py
[2026-03-28T22:16:10.092+0000] {processor.py:840} INFO - DAG(s) 'example_short_circuit_operator' retrieved from /home/airflow/.local/lib/python3.8/site-packages/airflow/example_dags/example_short_circuit_operator.py
[2026-03-28T22:16:10.122+0000] {logging_mixin.py:188} INFO - [2026-03-28T22:16:10.121+0000] {dag.py:3036} INFO - Sync 1 DAGs
[2026-03-28T22:16:10.146+0000] {logging_mixin.py:188} INFO - [2026-03-28T22:16:10.146+0000] {dag.py:3823} INFO - Setting next_dagrun for example_short_circuit_operator to 2026-03-27 00:00:00+00:00, run_after=2026-03-28 00:00:00+00:00
[2026-03-28T22:16:10.170+0000] {processor.py:183} INFO - Processing /home/airflow/.local/lib/python3.8/site-packages/airflow/example_dags/example_short_circuit_operator.py took 0.093 seconds
[2026-03-28T22:16:40.455+0000] {processor.py:161} INFO - Started process (PID=381) to work on /home/airflow/.local/lib/python3.8/site-packages/airflow/example_dags/example_short_circuit_operator.py
[2026-03-28T22:16:40.456+0000] {processor.py:830} INFO - Processing file /home/airflow/.local/lib/python3.8/site-packages/airflow/example_dags/example_short_circuit_operator.py for tasks to queue
[2026-03-28T22:16:40.458+0000] {logging_mixin.py:188} INFO - [2026-03-28T22:16:40.458+0000] {dagbag.py:538} INFO - Filling up the DagBag from /home/airflow/.local/lib/python3.8/site-packages/airflow/example_dags/example_short_circuit_operator.py
[2026-03-28T22:16:40.468+0000] {processor.py:840} INFO - DAG(s) 'example_short_circuit_operator' retrieved from /home/airflow/.local/lib/python3.8/site-packages/airflow/example_dags/example_short_circuit_operator.py
[2026-03-28T22:16:40.498+0000] {logging_mixin.py:188} INFO - [2026-03-28T22:16:40.497+0000] {dag.py:3036} INFO - Sync 1 DAGs
[2026-03-28T22:16:40.523+0000] {logging_mixin.py:188} INFO - [2026-03-28T22:16:40.522+0000] {dag.py:3823} INFO - Setting next_dagrun for example_short_circuit_operator to 2026-03-27 00:00:00+00:00, run_after=2026-03-28 00:00:00+00:00
[2026-03-28T22:16:40.568+0000] {processor.py:183} INFO - Processing /home/airflow/.local/lib/python3.8/site-packages/airflow/example_dags/example_short_circuit_operator.py took 0.117 seconds
[2026-03-28T22:17:11.669+0000] {processor.py:161} INFO - Started process (PID=437) to work on /home/airflow/.local/lib/python3.8/site-packages/airflow/example_dags/example_short_circuit_operator.py
[2026-03-28T22:17:11.670+0000] {processor.py:830} INFO - Processing file /home/airflow/.local/lib/python3.8/site-packages/airflow/example_dags/example_short_circuit_operator.py for tasks to queue
[2026-03-28T22:17:11.672+0000] {logging_mixin.py:188} INFO - [2026-03-28T22:17:11.672+0000] {dagbag.py:538} INFO - Filling up the DagBag from /home/airflow/.local/lib/python3.8/site-packages/airflow/example_dags/example_short_circuit_operator.py
[2026-03-28T22:17:11.679+0000] {processor.py:840} INFO - DAG(s) 'example_short_circuit_operator' retrieved from /home/airflow/.local/lib/python3.8/site-packages/airflow/example_dags/example_short_circuit_operator.py
[2026-03-28T22:17:11.702+0000] {logging_mixin.py:188} INFO - [2026-03-28T22:17:11.702+0000] {dag.py:3036} INFO - Sync 1 DAGs
[2026-03-28T22:17:11.722+0000] {logging_mixin.py:188} INFO - [2026-03-28T22:17:11.722+0000] {dag.py:3823} INFO - Setting next_dagrun for example_short_circuit_operator to 2026-03-27 00:00:00+00:00, run_after=2026-03-28 00:00:00+00:00
[2026-03-28T22:17:11.790+0000] {processor.py:183} INFO - Processing /home/airflow/.local/lib/python3.8/site-packages/airflow/example_dags/example_short_circuit_operator.py took 0.125 seconds
[2026-03-28T22:17:43.368+0000] {processor.py:161} INFO - Started process (PID=493) to work on /home/airflow/.local/lib/python3.8/site-packages/airflow/example_dags/example_short_circuit_operator.py
[2026-03-28T22:17:43.370+0000] {processor.py:830} INFO - Processing file /home/airflow/.local/lib/python3.8/site-packages/airflow/example_dags/example_short_circuit_operator.py for tasks to queue
[2026-03-28T22:17:43.372+0000] {logging_mixin.py:188} INFO - [2026-03-28T22:17:43.371+0000] {dagbag.py:538} INFO - Filling up the DagBag from /home/airflow/.local/lib/python3.8/site-packages/airflow/example_dags/example_short_circuit_operator.py
[2026-03-28T22:17:43.379+0000] {processor.py:840} INFO - DAG(s) 'example_short_circuit_operator' retrieved from /home/airflow/.local/lib/python3.8/site-packages/airflow/example_dags/example_short_circuit_operator.py
[2026-03-28T22:17:43.403+0000] {logging_mixin.py:188} INFO - [2026-03-28T22:17:43.403+0000] {dag.py:3036} INFO - Sync 1 DAGs
[2026-03-28T22:17:43.421+0000] {logging_mixin.py:188} INFO - [2026-03-28T22:17:43.421+0000] {dag.py:3823} INFO - Setting next_dagrun for example_short_circuit_operator to 2026-03-27 00:00:00+00:00, run_after=2026-03-28 00:00:00+00:00
[2026-03-28T22:17:43.450+0000] {processor.py:183} INFO - Processing /home/airflow/.local/lib/python3.8/site-packages/airflow/example_dags/example_short_circuit_operator.py took 0.085 seconds
[2026-03-28T22:18:13.576+0000] {processor.py:161} INFO - Started process (PID=549) to work on /home/airflow/.local/lib/python3.8/site-packages/airflow/example_dags/example_short_circuit_operator.py
[2026-03-28T22:18:13.577+0000] {processor.py:830} INFO - Processing file /home/airflow/.local/lib/python3.8/site-packages/airflow/example_dags/example_short_circuit_operator.py for tasks to queue
[2026-03-28T22:18:13.579+0000] {logging_mixin.py:188} INFO - [2026-03-28T22:18:13.579+0000] {dagbag.py:538} INFO - Filling up the DagBag from /home/airflow/.local/lib/python3.8/site-packages/airflow/example_dags/example_short_circuit_operator.py
[2026-03-28T22:18:13.586+0000] {processor.py:840} INFO - DAG(s) 'example_short_circuit_operator' retrieved from /home/airflow/.local/lib/python3.8/site-packages/airflow/example_dags/example_short_circuit_operator.py
[2026-03-28T22:18:13.610+0000] {logging_mixin.py:188} INFO - [2026-03-28T22:18:13.610+0000] {dag.py:3036} INFO - Sync 1 DAGs
[2026-03-28T22:18:13.628+0000] {logging_mixin.py:188} INFO - [2026-03-28T22:18:13.628+0000] {dag.py:3823} INFO - Setting next_dagrun for example_short_circuit_operator to 2026-03-27 00:00:00+00:00, run_after=2026-03-28 00:00:00+00:00
[2026-03-28T22:18:13.649+0000] {processor.py:183} INFO - Processing /home/airflow/.local/lib/python3.8/site-packages/airflow/example_dags/example_short_circuit_operator.py took 0.076 seconds
[2026-03-28T22:18:43.818+0000] {processor.py:161} INFO - Started process (PID=605) to work on /home/airflow/.local/lib/python3.8/site-packages/airflow/example_dags/example_short_circuit_operator.py
[2026-03-28T22:18:43.820+0000] {processor.py:830} INFO - Processing file /home/airflow/.local/lib/python3.8/site-packages/airflow/example_dags/example_short_circuit_operator.py for tasks to queue
[2026-03-28T22:18:43.822+0000] {logging_mixin.py:188} INFO - [2026-03-28T22:18:43.821+0000] {dagbag.py:538} INFO - Filling up the DagBag from /home/airflow/.local/lib/python3.8/site-packages/airflow/example_dags/example_short_circuit_operator.py
[2026-03-28T22:18:43.829+0000] {processor.py:840} INFO - DAG(s) 'example_short_circuit_operator' retrieved from /home/airflow/.local/lib/python3.8/site-packages/airflow/example_dags/example_short_circuit_operator.py
[2026-03-28T22:18:43.856+0000] {logging_mixin.py:188} INFO - [2026-03-28T22:18:43.856+0000] {dag.py:3036} INFO - Sync 1 DAGs
[2026-03-28T22:18:43.878+0000] {logging_mixin.py:188} INFO - [2026-03-28T22:18:43.878+0000] {dag.py:3823} INFO - Setting next_dagrun for example_short_circuit_operator to 2026-03-27 00:00:00+00:00, run_after=2026-03-28 00:00:00+00:00
[2026-03-28T22:18:43.900+0000] {processor.py:183} INFO - Processing /home/airflow/.local/lib/python3.8/site-packages/airflow/example_dags/example_short_circuit_operator.py took 0.085 seconds
[2026-03-28T22:19:14.637+0000] {processor.py:161} INFO - Started process (PID=661) to work on /home/airflow/.local/lib/python3.8/site-packages/airflow/example_dags/example_short_circuit_operator.py
[2026-03-28T22:19:14.638+0000] {processor.py:830} INFO - Processing file /home/airflow/.local/lib/python3.8/site-packages/airflow/example_dags/example_short_circuit_operator.py for tasks to queue
[2026-03-28T22:19:14.641+0000] {logging_mixin.py:188} INFO - [2026-03-28T22:19:14.640+0000] {dagbag.py:538} INFO - Filling up the DagBag from /home/airflow/.local/lib/python3.8/site-packages/airflow/example_dags/example_short_circuit_operator.py
[2026-03-28T22:19:14.650+0000] {processor.py:840} INFO - DAG(s) 'example_short_circuit_operator' retrieved from /home/airflow/.local/lib/python3.8/site-packages/airflow/example_dags/example_short_circuit_operator.py
[2026-03-28T22:19:14.674+0000] {logging_mixin.py:188} INFO - [2026-03-28T22:19:14.674+0000] {dag.py:3036} INFO - Sync 1 DAGs
[2026-03-28T22:19:14.693+0000] {logging_mixin.py:188} INFO - [2026-03-28T22:19:14.693+0000] {dag.py:3823} INFO - Setting next_dagrun for example_short_circuit_operator to 2026-03-27 00:00:00+00:00, run_after=2026-03-28 00:00:00+00:00
[2026-03-28T22:19:14.730+0000] {processor.py:183} INFO - Processing /home/airflow/.local/lib/python3.8/site-packages/airflow/example_dags/example_short_circuit_operator.py took 0.097 seconds
[2026-03-28T22:19:46.837+0000] {processor.py:161} INFO - Started process (PID=717) to work on /home/airflow/.local/lib/python3.8/site-packages/airflow/example_dags/example_short_circuit_operator.py
[2026-03-28T22:19:46.838+0000] {processor.py:830} INFO - Processing file /home/airflow/.local/lib/python3.8/site-packages/airflow/example_dags/example_short_circuit_operator.py for tasks to queue
[2026-03-28T22:19:46.841+0000] {logging_mixin.py:188} INFO - [2026-03-28T22:19:46.840+0000] {dagbag.py:538} INFO - Filling up the DagBag from /home/airflow/.local/lib/python3.8/site-packages/airflow/example_dags/example_short_circuit_operator.py
[2026-03-28T22:19:46.848+0000] {processor.py:840} INFO - DAG(s) 'example_short_circuit_operator' retrieved from /home/airflow/.local/lib/python3.8/site-packages/airflow/example_dags/example_short_circuit_operator.py
[2026-03-28T22:19:46.875+0000] {logging_mixin.py:188} INFO - [2026-03-28T22:19:46.875+0000] {dag.py:3036} INFO - Sync 1 DAGs
[2026-03-28T22:19:46.903+0000] {logging_mixin.py:188} INFO - [2026-03-28T22:19:46.902+0000] {dag.py:3823} INFO - Setting next_dagrun for example_short_circuit_operator to 2026-03-27 00:00:00+00:00, run_after=2026-03-28 00:00:00+00:00
[2026-03-28T22:19:46.938+0000] {processor.py:183} INFO - Processing /home/airflow/.local/lib/python3.8/site-packages/airflow/example_dags/example_short_circuit_operator.py took 0.105 seconds
[2026-03-28T22:20:17.107+0000] {processor.py:161} INFO - Started process (PID=773) to work on /home/airflow/.local/lib/python3.8/site-packages/airflow/example_dags/example_short_circuit_operator.py
[2026-03-28T22:20:17.109+0000] {processor.py:830} INFO - Processing file /home/airflow/.local/lib/python3.8/site-packages/airflow/example_dags/example_short_circuit_operator.py for tasks to queue
[2026-03-28T22:20:17.112+0000] {logging_mixin.py:188} INFO - [2026-03-28T22:20:17.111+0000] {dagbag.py:538} INFO - Filling up the DagBag from /home/airflow/.local/lib/python3.8/site-packages/airflow/example_dags/example_short_circuit_operator.py
[2026-03-28T22:20:17.123+0000] {processor.py:840} INFO - DAG(s) 'example_short_circuit_operator' retrieved from /home/airflow/.local/lib/python3.8/site-packages/airflow/example_dags/example_short_circuit_operator.py
[2026-03-28T22:20:17.152+0000] {logging_mixin.py:188} INFO - [2026-03-28T22:20:17.152+0000] {dag.py:3036} INFO - Sync 1 DAGs
[2026-03-28T22:20:17.183+0000] {logging_mixin.py:188} INFO - [2026-03-28T22:20:17.182+0000] {dag.py:3823} INFO - Setting next_dagrun for example_short_circuit_operator to 2026-03-27 00:00:00+00:00, run_after=2026-03-28 00:00:00+00:00
[2026-03-28T22:20:17.215+0000] {processor.py:183} INFO - Processing /home/airflow/.local/lib/python3.8/site-packages/airflow/example_dags/example_short_circuit_operator.py took 0.112 seconds
[2026-03-28T22:20:47.295+0000] {processor.py:161} INFO - Started process (PID=830) to work on /home/airflow/.local/lib/python3.8/site-packages/airflow/example_dags/example_short_circuit_operator.py
[2026-03-28T22:20:47.297+0000] {processor.py:830} INFO - Processing file /home/airflow/.local/lib/python3.8/site-packages/airflow/example_dags/example_short_circuit_operator.py for tasks to queue
[2026-03-28T22:20:47.300+0000] {logging_mixin.py:188} INFO - [2026-03-28T22:20:47.299+0000] {dagbag.py:538} INFO - Filling up the DagBag from /home/airflow/.local/lib/python3.8/site-packages/airflow/example_dags/example_short_circuit_operator.py
[2026-03-28T22:20:47.310+0000] {processor.py:840} INFO - DAG(s) 'example_short_circuit_operator' retrieved from /home/airflow/.local/lib/python3.8/site-packages/airflow/example_dags/example_short_circuit_operator.py
[2026-03-28T22:20:47.335+0000] {logging_mixin.py:188} INFO - [2026-03-28T22:20:47.334+0000] {dag.py:3036} INFO - Sync 1 DAGs
[2026-03-28T22:20:47.360+0000] {logging_mixin.py:188} INFO - [2026-03-28T22:20:47.360+0000] {dag.py:3823} INFO - Setting next_dagrun for example_short_circuit_operator to 2026-03-27 00:00:00+00:00, run_after=2026-03-28 00:00:00+00:00
[2026-03-28T22:20:47.381+0000] {processor.py:183} INFO - Processing /home/airflow/.local/lib/python3.8/site-packages/airflow/example_dags/example_short_circuit_operator.py took 0.089 seconds
[2026-03-28T22:21:17.871+0000] {processor.py:161} INFO - Started process (PID=885) to work on /home/airflow/.local/lib/python3.8/site-packages/airflow/example_dags/example_short_circuit_operator.py
[2026-03-28T22:21:17.872+0000] {processor.py:830} INFO - Processing file /home/airflow/.local/lib/python3.8/site-packages/airflow/example_dags/example_short_circuit_operator.py for tasks to queue
[2026-03-28T22:21:17.875+0000] {logging_mixin.py:188} INFO - [2026-03-28T22:21:17.875+0000] {dagbag.py:538} INFO - Filling up the DagBag from /home/airflow/.local/lib/python3.8/site-packages/airflow/example_dags/example_short_circuit_operator.py
[2026-03-28T22:21:17.886+0000] {processor.py:840} INFO - DAG(s) 'example_short_circuit_operator' retrieved from /home/airflow/.local/lib/python3.8/site-packages/airflow/example_dags/example_short_circuit_operator.py
[2026-03-28T22:21:17.913+0000] {logging_mixin.py:188} INFO - [2026-03-28T22:21:17.913+0000] {dag.py:3036} INFO - Sync 1 DAGs
[2026-03-28T22:21:17.935+0000] {logging_mixin.py:188} INFO - [2026-03-28T22:21:17.935+0000] {dag.py:3823} INFO - Setting next_dagrun for example_short_circuit_operator to 2026-03-27 00:00:00+00:00, run_after=2026-03-28 00:00:00+00:00
[2026-03-28T22:21:17.957+0000] {processor.py:183} INFO - Processing /home/airflow/.local/lib/python3.8/site-packages/airflow/example_dags/example_short_circuit_operator.py took 0.090 seconds
[2026-03-28T22:21:48.138+0000] {processor.py:161} INFO - Started process (PID=941) to work on /home/airflow/.local/lib/python3.8/site-packages/airflow/example_dags/example_short_circuit_operator.py
[2026-03-28T22:21:48.139+0000] {processor.py:830} INFO - Processing file /home/airflow/.local/lib/python3.8/site-packages/airflow/example_dags/example_short_circuit_operator.py for tasks to queue
[2026-03-28T22:21:48.142+0000] {logging_mixin.py:188} INFO - [2026-03-28T22:21:48.141+0000] {dagbag.py:538} INFO - Filling up the DagBag from /home/airflow/.local/lib/python3.8/site-packages/airflow/example_dags/example_short_circuit_operator.py
[2026-03-28T22:21:48.151+0000] {processor.py:840} INFO - DAG(s) 'example_short_circuit_operator' retrieved from /home/airflow/.local/lib/python3.8/site-packages/airflow/example_dags/example_short_circuit_operator.py
[2026-03-28T22:21:48.177+0000] {logging_mixin.py:188} INFO - [2026-03-28T22:21:48.177+0000] {dag.py:3036} INFO - Sync 1 DAGs
[2026-03-28T22:21:48.198+0000] {logging_mixin.py:188} INFO - [2026-03-28T22:21:48.198+0000] {dag.py:3823} INFO - Setting next_dagrun for example_short_circuit_operator to 2026-03-27 00:00:00+00:00, run_after=2026-03-28 00:00:00+00:00
[2026-03-28T22:21:48.222+0000] {processor.py:183} INFO - Processing /home/airflow/.local/lib/python3.8/site-packages/airflow/example_dags/example_short_circuit_operator.py took 0.089 seconds
[2026-03-28T22:22:18.477+0000] {processor.py:161} INFO - Started process (PID=997) to work on /home/airflow/.local/lib/python3.8/site-packages/airflow/example_dags/example_short_circuit_operator.py
[2026-03-28T22:22:18.478+0000] {processor.py:830} INFO - Processing file /home/airflow/.local/lib/python3.8/site-packages/airflow/example_dags/example_short_circuit_operator.py for tasks to queue
[2026-03-28T22:22:18.481+0000] {logging_mixin.py:188} INFO - [2026-03-28T22:22:18.480+0000] {dagbag.py:538} INFO - Filling up the DagBag from /home/airflow/.local/lib/python3.8/site-packages/airflow/example_dags/example_short_circuit_operator.py
[2026-03-28T22:22:18.488+0000] {processor.py:840} INFO - DAG(s) 'example_short_circuit_operator' retrieved from /home/airflow/.local/lib/python3.8/site-packages/airflow/example_dags/example_short_circuit_operator.py
[2026-03-28T22:22:18.520+0000] {logging_mixin.py:188} INFO - [2026-03-28T22:22:18.519+0000] {dag.py:3036} INFO - Sync 1 DAGs
[2026-03-28T22:22:18.544+0000] {logging_mixin.py:188} INFO - [2026-03-28T22:22:18.544+0000] {dag.py:3823} INFO - Setting next_dagrun for example_short_circuit_operator to 2026-03-27 00:00:00+00:00, run_after=2026-03-28 00:00:00+00:00
[2026-03-28T22:22:18.567+0000] {processor.py:183} INFO - Processing /home/airflow/.local/lib/python3.8/site-packages/airflow/example_dags/example_short_circuit_operator.py took 0.093 seconds
[2026-03-28T22:22:48.749+0000] {processor.py:161} INFO - Started process (PID=1053) to work on /home/airflow/.local/lib/python3.8/site-packages/airflow/example_dags/example_short_circuit_operator.py
[2026-03-28T22:22:48.750+0000] {processor.py:830} INFO - Processing file /home/airflow/.local/lib/python3.8/site-packages/airflow/example_dags/example_short_circuit_operator.py for tasks to queue
[2026-03-28T22:22:48.752+0000] {logging_mixin.py:188} INFO - [2026-03-28T22:22:48.752+0000] {dagbag.py:538} INFO - Filling up the DagBag from /home/airflow/.local/lib/python3.8/site-packages/airflow/example_dags/example_short_circuit_operator.py
[2026-03-28T22:22:48.761+0000] {processor.py:840} INFO - DAG(s) 'example_short_circuit_operator' retrieved from /home/airflow/.local/lib/python3.8/site-packages/airflow/example_dags/example_short_circuit_operator.py
[2026-03-28T22:22:48.786+0000] {logging_mixin.py:188} INFO - [2026-03-28T22:22:48.786+0000] {dag.py:3036} INFO - Sync 1 DAGs
[2026-03-28T22:22:48.810+0000] {logging_mixin.py:188} INFO - [2026-03-28T22:22:48.809+0000] {dag.py:3823} INFO - Setting next_dagrun for example_short_circuit_operator to 2026-03-27 00:00:00+00:00, run_after=2026-03-28 00:00:00+00:00
[2026-03-28T22:22:48.830+0000] {processor.py:183} INFO - Processing /home/airflow/.local/lib/python3.8/site-packages/airflow/example_dags/example_short_circuit_operator.py took 0.085 seconds
[2026-03-28T22:23:19.026+0000] {processor.py:161} INFO - Started process (PID=1109) to work on /home/airflow/.local/lib/python3.8/site-packages/airflow/example_dags/example_short_circuit_operator.py
[2026-03-28T22:23:19.027+0000] {processor.py:830} INFO - Processing file /home/airflow/.local/lib/python3.8/site-packages/airflow/example_dags/example_short_circuit_operator.py for tasks to queue
[2026-03-28T22:23:19.030+0000] {logging_mixin.py:188} INFO - [2026-03-28T22:23:19.029+0000] {dagbag.py:538} INFO - Filling up the DagBag from /home/airflow/.local/lib/python3.8/site-packages/airflow/example_dags/example_short_circuit_operator.py
[2026-03-28T22:23:19.038+0000] {processor.py:840} INFO - DAG(s) 'example_short_circuit_operator' retrieved from /home/airflow/.local/lib/python3.8/site-packages/airflow/example_dags/example_short_circuit_operator.py
[2026-03-28T22:23:19.066+0000] {logging_mixin.py:188} INFO - [2026-03-28T22:23:19.065+0000] {dag.py:3036} INFO - Sync 1 DAGs
[2026-03-28T22:23:19.095+0000] {logging_mixin.py:188} INFO - [2026-03-28T22:23:19.095+0000] {dag.py:3823} INFO - Setting next_dagrun for example_short_circuit_operator to 2026-03-27 00:00:00+00:00, run_after=2026-03-28 00:00:00+00:00
[2026-03-28T22:23:19.125+0000] {processor.py:183} INFO - Processing /home/airflow/.local/lib/python3.8/site-packages/airflow/example_dags/example_short_circuit_operator.py took 0.102 seconds
[2026-03-28T22:23:49.342+0000] {processor.py:161} INFO - Started process (PID=1165) to work on /home/airflow/.local/lib/python3.8/site-packages/airflow/example_dags/example_short_circuit_operator.py
[2026-03-28T22:23:49.344+0000] {processor.py:830} INFO - Processing file /home/airflow/.local/lib/python3.8/site-packages/airflow/example_dags/example_short_circuit_operator.py for tasks to queue
[2026-03-28T22:23:49.347+0000] {logging_mixin.py:188} INFO - [2026-03-28T22:23:49.346+0000] {dagbag.py:538} INFO - Filling up the DagBag from /home/airflow/.local/lib/python3.8/site-packages/airflow/example_dags/example_short_circuit_operator.py
[2026-03-28T22:23:49.354+0000] {processor.py:840} INFO - DAG(s) 'example_short_circuit_operator' retrieved from /home/airflow/.local/lib/python3.8/site-packages/airflow/example_dags/example_short_circuit_operator.py
[2026-03-28T22:23:49.384+0000] {logging_mixin.py:188} INFO - [2026-03-28T22:23:49.383+0000] {dag.py:3036} INFO - Sync 1 DAGs
[2026-03-28T22:23:49.405+0000] {logging_mixin.py:188} INFO - [2026-03-28T22:23:49.405+0000] {dag.py:3823} INFO - Setting next_dagrun for example_short_circuit_operator to 2026-03-27 00:00:00+00:00, run_after=2026-03-28 00:00:00+00:00
[2026-03-28T22:23:49.429+0000] {processor.py:183} INFO - Processing /home/airflow/.local/lib/python3.8/site-packages/airflow/example_dags/example_short_circuit_operator.py took 0.091 seconds
[2026-03-28T22:24:19.729+0000] {processor.py:161} INFO - Started process (PID=1221) to work on /home/airflow/.local/lib/python3.8/site-packages/airflow/example_dags/example_short_circuit_operator.py
[2026-03-28T22:24:19.731+0000] {processor.py:830} INFO - Processing file /home/airflow/.local/lib/python3.8/site-packages/airflow/example_dags/example_short_circuit_operator.py for tasks to queue
[2026-03-28T22:24:19.733+0000] {logging_mixin.py:188} INFO - [2026-03-28T22:24:19.732+0000] {dagbag.py:538} INFO - Filling up the DagBag from /home/airflow/.local/lib/python3.8/site-packages/airflow/example_dags/example_short_circuit_operator.py
[2026-03-28T22:24:19.741+0000] {processor.py:840} INFO - DAG(s) 'example_short_circuit_operator' retrieved from /home/airflow/.local/lib/python3.8/site-packages/airflow/example_dags/example_short_circuit_operator.py
[2026-03-28T22:24:19.770+0000] {logging_mixin.py:188} INFO - [2026-03-28T22:24:19.770+0000] {dag.py:3036} INFO - Sync 1 DAGs
[2026-03-28T22:24:19.796+0000] {logging_mixin.py:188} INFO - [2026-03-28T22:24:19.796+0000] {dag.py:3823} INFO - Setting next_dagrun for example_short_circuit_operator to 2026-03-27 00:00:00+00:00, run_after=2026-03-28 00:00:00+00:00
[2026-03-28T22:24:19.818+0000] {processor.py:183} INFO - Processing /home/airflow/.local/lib/python3.8/site-packages/airflow/example_dags/example_short_circuit_operator.py took 0.092 seconds
[2026-03-28T22:24:49.860+0000] {processor.py:161} INFO - Started process (PID=1277) to work on /home/airflow/.local/lib/python3.8/site-packages/airflow/example_dags/example_short_circuit_operator.py
[2026-03-28T22:24:49.861+0000] {processor.py:830} INFO - Processing file /home/airflow/.local/lib/python3.8/site-packages/airflow/example_dags/example_short_circuit_operator.py for tasks to queue
[2026-03-28T22:24:49.864+0000] {logging_mixin.py:188} INFO - [2026-03-28T22:24:49.863+0000] {dagbag.py:538} INFO - Filling up the DagBag from /home/airflow/.local/lib/python3.8/site-packages/airflow/example_dags/example_short_circuit_operator.py
[2026-03-28T22:24:49.871+0000] {processor.py:840} INFO - DAG(s) 'example_short_circuit_operator' retrieved from /home/airflow/.local/lib/python3.8/site-packages/airflow/example_dags/example_short_circuit_operator.py
[2026-03-28T22:24:49.896+0000] {logging_mixin.py:188} INFO - [2026-03-28T22:24:49.896+0000] {dag.py:3036} INFO - Sync 1 DAGs
[2026-03-28T22:24:49.918+0000] {logging_mixin.py:188} INFO - [2026-03-28T22:24:49.918+0000] {dag.py:3823} INFO - Setting next_dagrun for example_short_circuit_operator to 2026-03-27 00:00:00+00:00, run_after=2026-03-28 00:00:00+00:00
[2026-03-28T22:24:49.941+0000] {processor.py:183} INFO - Processing /home/airflow/.local/lib/python3.8/site-packages/airflow/example_dags/example_short_circuit_operator.py took 0.085 seconds
[2026-03-28T22:25:20.225+0000] {processor.py:161} INFO - Started process (PID=1333) to work on /home/airflow/.local/lib/python3.8/site-packages/airflow/example_dags/example_short_circuit_operator.py
[2026-03-28T22:25:20.227+0000] {processor.py:830} INFO - Processing file /home/airflow/.local/lib/python3.8/site-packages/airflow/example_dags/example_short_circuit_operator.py for tasks to queue
[2026-03-28T22:25:20.230+0000] {logging_mixin.py:188} INFO - [2026-03-28T22:25:20.229+0000] {dagbag.py:538} INFO - Filling up the DagBag from /home/airflow/.local/lib/python3.8/site-packages/airflow/example_dags/example_short_circuit_operator.py
[2026-03-28T22:25:20.239+0000] {processor.py:840} INFO - DAG(s) 'example_short_circuit_operator' retrieved from /home/airflow/.local/lib/python3.8/site-packages/airflow/example_dags/example_short_circuit_operator.py
[2026-03-28T22:25:20.269+0000] {logging_mixin.py:188} INFO - [2026-03-28T22:25:20.269+0000] {dag.py:3036} INFO - Sync 1 DAGs
[2026-03-28T22:25:20.289+0000] {logging_mixin.py:188} INFO - [2026-03-28T22:25:20.289+0000] {dag.py:3823} INFO - Setting next_dagrun for example_short_circuit_operator to 2026-03-27 00:00:00+00:00, run_after=2026-03-28 00:00:00+00:00
[2026-03-28T22:25:20.311+0000] {processor.py:183} INFO - Processing /home/airflow/.local/lib/python3.8/site-packages/airflow/example_dags/example_short_circuit_operator.py took 0.089 seconds
[2026-03-28T22:25:50.607+0000] {processor.py:161} INFO - Started process (PID=1389) to work on /home/airflow/.local/lib/python3.8/site-packages/airflow/example_dags/example_short_circuit_operator.py
[2026-03-28T22:25:50.608+0000] {processor.py:830} INFO - Processing file /home/airflow/.local/lib/python3.8/site-packages/airflow/example_dags/example_short_circuit_operator.py for tasks to queue
[2026-03-28T22:25:50.611+0000] {logging_mixin.py:188} INFO - [2026-03-28T22:25:50.611+0000] {dagbag.py:538} INFO - Filling up the DagBag from /home/airflow/.local/lib/python3.8/site-packages/airflow/example_dags/example_short_circuit_operator.py
[2026-03-28T22:25:50.621+0000] {processor.py:840} INFO - DAG(s) 'example_short_circuit_operator' retrieved from /home/airflow/.local/lib/python3.8/site-packages/airflow/example_dags/example_short_circuit_operator.py
[2026-03-28T22:25:50.648+0000] {logging_mixin.py:188} INFO - [2026-03-28T22:25:50.647+0000] {dag.py:3036} INFO - Sync 1 DAGs
[2026-03-28T22:25:50.671+0000] {logging_mixin.py:188} INFO - [2026-03-28T22:25:50.671+0000] {dag.py:3823} INFO - Setting next_dagrun for example_short_circuit_operator to 2026-03-27 00:00:00+00:00, run_after=2026-03-28 00:00:00+00:00
[2026-03-28T22:25:50.693+0000] {processor.py:183} INFO - Processing /home/airflow/.local/lib/python3.8/site-packages/airflow/example_dags/example_short_circuit_operator.py took 0.089 seconds
[2026-03-28T22:26:20.776+0000] {processor.py:161} INFO - Started process (PID=1446) to work on /home/airflow/.local/lib/python3.8/site-packages/airflow/example_dags/example_short_circuit_operator.py
[2026-03-28T22:26:20.777+0000] {processor.py:830} INFO - Processing file /home/airflow/.local/lib/python3.8/site-packages/airflow/example_dags/example_short_circuit_operator.py for tasks to queue
[2026-03-28T22:26:20.779+0000] {logging_mixin.py:188} INFO - [2026-03-28T22:26:20.779+0000] {dagbag.py:538} INFO - Filling up the DagBag from /home/airflow/.local/lib/python3.8/site-packages/airflow/example_dags/example_short_circuit_operator.py
[2026-03-28T22:26:20.787+0000] {processor.py:840} INFO - DAG(s) 'example_short_circuit_operator' retrieved from /home/airflow/.local/lib/python3.8/site-packages/airflow/example_dags/example_short_circuit_operator.py
[2026-03-28T22:26:20.814+0000] {logging_mixin.py:188} INFO - [2026-03-28T22:26:20.814+0000] {dag.py:3036} INFO - Sync 1 DAGs
[2026-03-28T22:26:20.837+0000] {logging_mixin.py:188} INFO - [2026-03-28T22:26:20.836+0000] {dag.py:3823} INFO - Setting next_dagrun for example_short_circuit_operator to 2026-03-27 00:00:00+00:00, run_after=2026-03-28 00:00:00+00:00
[2026-03-28T22:26:20.859+0000] {processor.py:183} INFO - Processing /home/airflow/.local/lib/python3.8/site-packages/airflow/example_dags/example_short_circuit_operator.py took 0.087 seconds
[2026-03-28T22:26:51.165+0000] {processor.py:161} INFO - Started process (PID=1502) to work on /home/airflow/.local/lib/python3.8/site-packages/airflow/example_dags/example_short_circuit_operator.py
[2026-03-28T22:26:51.166+0000] {processor.py:830} INFO - Processing file /home/airflow/.local/lib/python3.8/site-packages/airflow/example_dags/example_short_circuit_operator.py for tasks to queue
[2026-03-28T22:26:51.169+0000] {logging_mixin.py:188} INFO - [2026-03-28T22:26:51.168+0000] {dagbag.py:538} INFO - Filling up the DagBag from /home/airflow/.local/lib/python3.8/site-packages/airflow/example_dags/example_short_circuit_operator.py
[2026-03-28T22:26:51.177+0000] {processor.py:840} INFO - DAG(s) 'example_short_circuit_operator' retrieved from /home/airflow/.local/lib/python3.8/site-packages/airflow/example_dags/example_short_circuit_operator.py
[2026-03-28T22:26:51.201+0000] {logging_mixin.py:188} INFO - [2026-03-28T22:26:51.201+0000] {dag.py:3036} INFO - Sync 1 DAGs
[2026-03-28T22:26:51.223+0000] {logging_mixin.py:188} INFO - [2026-03-28T22:26:51.223+0000] {dag.py:3823} INFO - Setting next_dagrun for example_short_circuit_operator to 2026-03-27 00:00:00+00:00, run_after=2026-03-28 00:00:00+00:00
[2026-03-28T22:26:51.243+0000] {processor.py:183} INFO - Processing /home/airflow/.local/lib/python3.8/site-packages/airflow/example_dags/example_short_circuit_operator.py took 0.081 seconds
[2026-03-28T22:27:21.864+0000] {processor.py:161} INFO - Started process (PID=1558) to work on /home/airflow/.local/lib/python3.8/site-packages/airflow/example_dags/example_short_circuit_operator.py
[2026-03-28T22:27:21.865+0000] {processor.py:830} INFO - Processing file /home/airflow/.local/lib/python3.8/site-packages/airflow/example_dags/example_short_circuit_operator.py for tasks to queue
[2026-03-28T22:27:21.867+0000] {logging_mixin.py:188} INFO - [2026-03-28T22:27:21.867+0000] {dagbag.py:538} INFO - Filling up the DagBag from /home/airflow/.local/lib/python3.8/site-packages/airflow/example_dags/example_short_circuit_operator.py
[2026-03-28T22:27:21.875+0000] {processor.py:840} INFO - DAG(s) 'example_short_circuit_operator' retrieved from /home/airflow/.local/lib/python3.8/site-packages/airflow/example_dags/example_short_circuit_operator.py
[2026-03-28T22:27:21.899+0000] {logging_mixin.py:188} INFO - [2026-03-28T22:27:21.899+0000] {dag.py:3036} INFO - Sync 1 DAGs
[2026-03-28T22:27:21.923+0000] {logging_mixin.py:188} INFO - [2026-03-28T22:27:21.923+0000] {dag.py:3823} INFO - Setting next_dagrun for example_short_circuit_operator to 2026-03-27 00:00:00+00:00, run_after=2026-03-28 00:00:00+00:00
[2026-03-28T22:27:21.943+0000] {processor.py:183} INFO - Processing /home/airflow/.local/lib/python3.8/site-packages/airflow/example_dags/example_short_circuit_operator.py took 0.082 seconds
[2026-03-28T22:27:52.391+0000] {processor.py:161} INFO - Started process (PID=1614) to work on /home/airflow/.local/lib/python3.8/site-packages/airflow/example_dags/example_short_circuit_operator.py
[2026-03-28T22:27:52.393+0000] {processor.py:830} INFO - Processing file /home/airflow/.local/lib/python3.8/site-packages/airflow/example_dags/example_short_circuit_operator.py for tasks to queue
[2026-03-28T22:27:52.396+0000] {logging_mixin.py:188} INFO - [2026-03-28T22:27:52.395+0000] {dagbag.py:538} INFO - Filling up the DagBag from /home/airflow/.local/lib/python3.8/site-packages/airflow/example_dags/example_short_circuit_operator.py
[2026-03-28T22:27:52.408+0000] {processor.py:840} INFO - DAG(s) 'example_short_circuit_operator' retrieved from /home/airflow/.local/lib/python3.8/site-packages/airflow/example_dags/example_short_circuit_operator.py
[2026-03-28T22:27:52.444+0000] {logging_mixin.py:188} INFO - [2026-03-28T22:27:52.443+0000] {dag.py:3036} INFO - Sync 1 DAGs
[2026-03-28T22:27:52.481+0000] {logging_mixin.py:188} INFO - [2026-03-28T22:27:52.480+0000] {dag.py:3823} INFO - Setting next_dagrun for example_short_circuit_operator to 2026-03-27 00:00:00+00:00, run_after=2026-03-28 00:00:00+00:00
[2026-03-28T22:27:52.510+0000] {processor.py:183} INFO - Processing /home/airflow/.local/lib/python3.8/site-packages/airflow/example_dags/example_short_circuit_operator.py took 0.124 seconds
[2026-03-28T22:28:22.593+0000] {processor.py:161} INFO - Started process (PID=1670) to work on /home/airflow/.local/lib/python3.8/site-packages/airflow/example_dags/example_short_circuit_operator.py
[2026-03-28T22:28:22.595+0000] {processor.py:830} INFO - Processing file /home/airflow/.local/lib/python3.8/site-packages/airflow/example_dags/example_short_circuit_operator.py for tasks to queue
[2026-03-28T22:28:22.598+0000] {logging_mixin.py:188} INFO - [2026-03-28T22:28:22.597+0000] {dagbag.py:538} INFO - Filling up the DagBag from /home/airflow/.local/lib/python3.8/site-packages/airflow/example_dags/example_short_circuit_operator.py
[2026-03-28T22:28:22.606+0000] {processor.py:840} INFO - DAG(s) 'example_short_circuit_operator' retrieved from /home/airflow/.local/lib/python3.8/site-packages/airflow/example_dags/example_short_circuit_operator.py
[2026-03-28T22:28:22.633+0000] {logging_mixin.py:188} INFO - [2026-03-28T22:28:22.633+0000] {dag.py:3036} INFO - Sync 1 DAGs
[2026-03-28T22:28:22.656+0000] {logging_mixin.py:188} INFO - [2026-03-28T22:28:22.655+0000] {dag.py:3823} INFO - Setting next_dagrun for example_short_circuit_operator to 2026-03-27 00:00:00+00:00, run_after=2026-03-28 00:00:00+00:00
[2026-03-28T22:28:22.678+0000] {processor.py:183} INFO - Processing /home/airflow/.local/lib/python3.8/site-packages/airflow/example_dags/example_short_circuit_operator.py took 0.088 seconds
[2026-03-28T22:28:53.053+0000] {processor.py:161} INFO - Started process (PID=1726) to work on /home/airflow/.local/lib/python3.8/site-packages/airflow/example_dags/example_short_circuit_operator.py
[2026-03-28T22:28:53.054+0000] {processor.py:830} INFO - Processing file /home/airflow/.local/lib/python3.8/site-packages/airflow/example_dags/example_short_circuit_operator.py for tasks to queue
[2026-03-28T22:28:53.057+0000] {logging_mixin.py:188} INFO - [2026-03-28T22:28:53.056+0000] {dagbag.py:538} INFO - Filling up the DagBag from /home/airflow/.local/lib/python3.8/site-packages/airflow/example_dags/example_short_circuit_operator.py
[2026-03-28T22:28:53.064+0000] {processor.py:840} INFO - DAG(s) 'example_short_circuit_operator' retrieved from /home/airflow/.local/lib/python3.8/site-packages/airflow/example_dags/example_short_circuit_operator.py
[2026-03-28T22:28:53.089+0000] {logging_mixin.py:188} INFO - [2026-03-28T22:28:53.089+0000] {dag.py:3036} INFO - Sync 1 DAGs
[2026-03-28T22:28:53.109+0000] {logging_mixin.py:188} INFO - [2026-03-28T22:28:53.109+0000] {dag.py:3823} INFO - Setting next_dagrun for example_short_circuit_operator to 2026-03-27 00:00:00+00:00, run_after=2026-03-28 00:00:00+00:00
[2026-03-28T22:28:53.142+0000] {processor.py:183} INFO - Processing /home/airflow/.local/lib/python3.8/site-packages/airflow/example_dags/example_short_circuit_operator.py took 0.092 seconds
[2026-03-28T22:29:23.591+0000] {processor.py:161} INFO - Started process (PID=1782) to work on /home/airflow/.local/lib/python3.8/site-packages/airflow/example_dags/example_short_circuit_operator.py
[2026-03-28T22:29:23.593+0000] {processor.py:830} INFO - Processing file /home/airflow/.local/lib/python3.8/site-packages/airflow/example_dags/example_short_circuit_operator.py for tasks to queue
[2026-03-28T22:29:23.596+0000] {logging_mixin.py:188} INFO - [2026-03-28T22:29:23.595+0000] {dagbag.py:538} INFO - Filling up the DagBag from /home/airflow/.local/lib/python3.8/site-packages/airflow/example_dags/example_short_circuit_operator.py
[2026-03-28T22:29:23.606+0000] {processor.py:840} INFO - DAG(s) 'example_short_circuit_operator' retrieved from /home/airflow/.local/lib/python3.8/site-packages/airflow/example_dags/example_short_circuit_operator.py
[2026-03-28T22:29:23.639+0000] {logging_mixin.py:188} INFO - [2026-03-28T22:29:23.639+0000] {dag.py:3036} INFO - Sync 1 DAGs
[2026-03-28T22:29:23.672+0000] {logging_mixin.py:188} INFO - [2026-03-28T22:29:23.672+0000] {dag.py:3823} INFO - Setting next_dagrun for example_short_circuit_operator to 2026-03-27 00:00:00+00:00, run_after=2026-03-28 00:00:00+00:00
[2026-03-28T22:29:23.699+0000] {processor.py:183} INFO - Processing /home/airflow/.local/lib/python3.8/site-packages/airflow/example_dags/example_short_circuit_operator.py took 0.113 seconds
[2026-03-28T22:29:53.861+0000] {processor.py:161} INFO - Started process (PID=1838) to work on /home/airflow/.local/lib/python3.8/site-packages/airflow/example_dags/example_short_circuit_operator.py
[2026-03-28T22:29:53.862+0000] {processor.py:830} INFO - Processing file /home/airflow/.local/lib/python3.8/site-packages/airflow/example_dags/example_short_circuit_operator.py for tasks to queue
[2026-03-28T22:29:53.864+0000] {logging_mixin.py:188} INFO - [2026-03-28T22:29:53.864+0000] {dagbag.py:538} INFO - Filling up the DagBag from /home/airflow/.local/lib/python3.8/site-packages/airflow/example_dags/example_short_circuit_operator.py
[2026-03-28T22:29:53.874+0000] {processor.py:840} INFO - DAG(s) 'example_short_circuit_operator' retrieved from /home/airflow/.local/lib/python3.8/site-packages/airflow/example_dags/example_short_circuit_operator.py
[2026-03-28T22:29:53.900+0000] {logging_mixin.py:188} INFO - [2026-03-28T22:29:53.900+0000] {dag.py:3036} INFO - Sync 1 DAGs
[2026-03-28T22:29:53.921+0000] {logging_mixin.py:188} INFO - [2026-03-28T22:29:53.921+0000] {dag.py:3823} INFO - Setting next_dagrun for example_short_circuit_operator to 2026-03-27 00:00:00+00:00, run_after=2026-03-28 00:00:00+00:00
[2026-03-28T22:29:53.942+0000] {processor.py:183} INFO - Processing /home/airflow/.local/lib/python3.8/site-packages/airflow/example_dags/example_short_circuit_operator.py took 0.085 seconds
[2026-03-28T22:30:25.083+0000] {processor.py:161} INFO - Started process (PID=1894) to work on /home/airflow/.local/lib/python3.8/site-packages/airflow/example_dags/example_short_circuit_operator.py
[2026-03-28T22:30:25.085+0000] {processor.py:830} INFO - Processing file /home/airflow/.local/lib/python3.8/site-packages/airflow/example_dags/example_short_circuit_operator.py for tasks to queue
[2026-03-28T22:30:25.087+0000] {logging_mixin.py:188} INFO - [2026-03-28T22:30:25.087+0000] {dagbag.py:538} INFO - Filling up the DagBag from /home/airflow/.local/lib/python3.8/site-packages/airflow/example_dags/example_short_circuit_operator.py
[2026-03-28T22:30:25.097+0000] {processor.py:840} INFO - DAG(s) 'example_short_circuit_operator' retrieved from /home/airflow/.local/lib/python3.8/site-packages/airflow/example_dags/example_short_circuit_operator.py
[2026-03-28T22:30:25.137+0000] {logging_mixin.py:188} INFO - [2026-03-28T22:30:25.136+0000] {dag.py:3036} INFO - Sync 1 DAGs
[2026-03-28T22:30:25.177+0000] {logging_mixin.py:188} INFO - [2026-03-28T22:30:25.177+0000] {dag.py:3823} INFO - Setting next_dagrun for example_short_circuit_operator to 2026-03-27 00:00:00+00:00, run_after=2026-03-28 00:00:00+00:00
[2026-03-28T22:30:25.386+0000] {processor.py:183} INFO - Processing /home/airflow/.local/lib/python3.8/site-packages/airflow/example_dags/example_short_circuit_operator.py took 0.308 seconds
[2026-03-28T22:30:56.081+0000] {processor.py:161} INFO - Started process (PID=1951) to work on /home/airflow/.local/lib/python3.8/site-packages/airflow/example_dags/example_short_circuit_operator.py
[2026-03-28T22:30:56.082+0000] {processor.py:830} INFO - Processing file /home/airflow/.local/lib/python3.8/site-packages/airflow/example_dags/example_short_circuit_operator.py for tasks to queue
[2026-03-28T22:30:56.085+0000] {logging_mixin.py:188} INFO - [2026-03-28T22:30:56.084+0000] {dagbag.py:538} INFO - Filling up the DagBag from /home/airflow/.local/lib/python3.8/site-packages/airflow/example_dags/example_short_circuit_operator.py
[2026-03-28T22:30:56.094+0000] {processor.py:840} INFO - DAG(s) 'example_short_circuit_operator' retrieved from /home/airflow/.local/lib/python3.8/site-packages/airflow/example_dags/example_short_circuit_operator.py
[2026-03-28T22:30:56.120+0000] {logging_mixin.py:188} INFO - [2026-03-28T22:30:56.119+0000] {dag.py:3036} INFO - Sync 1 DAGs
[2026-03-28T22:30:56.141+0000] {logging_mixin.py:188} INFO - [2026-03-28T22:30:56.141+0000] {dag.py:3823} INFO - Setting next_dagrun for example_short_circuit_operator to 2026-03-27 00:00:00+00:00, run_after=2026-03-28 00:00:00+00:00
[2026-03-28T22:30:56.305+0000] {processor.py:183} INFO - Processing /home/airflow/.local/lib/python3.8/site-packages/airflow/example_dags/example_short_circuit_operator.py took 0.228 seconds
[2026-03-28T22:31:39.745+0000] {processor.py:161} INFO - Started process (PID=102) to work on /home/airflow/.local/lib/python3.8/site-packages/airflow/example_dags/example_short_circuit_operator.py
[2026-03-28T22:31:39.747+0000] {processor.py:830} INFO - Processing file /home/airflow/.local/lib/python3.8/site-packages/airflow/example_dags/example_short_circuit_operator.py for tasks to queue
[2026-03-28T22:31:39.750+0000] {logging_mixin.py:188} INFO - [2026-03-28T22:31:39.750+0000] {dagbag.py:538} INFO - Filling up the DagBag from /home/airflow/.local/lib/python3.8/site-packages/airflow/example_dags/example_short_circuit_operator.py
[2026-03-28T22:31:39.765+0000] {processor.py:840} INFO - DAG(s) 'example_short_circuit_operator' retrieved from /home/airflow/.local/lib/python3.8/site-packages/airflow/example_dags/example_short_circuit_operator.py
[2026-03-28T22:31:39.788+0000] {logging_mixin.py:188} INFO - [2026-03-28T22:31:39.788+0000] {dag.py:3036} INFO - Sync 1 DAGs
[2026-03-28T22:31:39.821+0000] {logging_mixin.py:188} INFO - [2026-03-28T22:31:39.821+0000] {dag.py:3823} INFO - Setting next_dagrun for example_short_circuit_operator to 2026-03-27 00:00:00+00:00, run_after=2026-03-28 00:00:00+00:00
[2026-03-28T22:31:39.851+0000] {processor.py:183} INFO - Processing /home/airflow/.local/lib/python3.8/site-packages/airflow/example_dags/example_short_circuit_operator.py took 0.111 seconds
[2026-03-28T22:32:14.991+0000] {processor.py:161} INFO - Started process (PID=103) to work on /home/airflow/.local/lib/python3.8/site-packages/airflow/example_dags/example_short_circuit_operator.py
[2026-03-28T22:32:14.993+0000] {processor.py:830} INFO - Processing file /home/airflow/.local/lib/python3.8/site-packages/airflow/example_dags/example_short_circuit_operator.py for tasks to queue
[2026-03-28T22:32:14.996+0000] {logging_mixin.py:188} INFO - [2026-03-28T22:32:14.995+0000] {dagbag.py:538} INFO - Filling up the DagBag from /home/airflow/.local/lib/python3.8/site-packages/airflow/example_dags/example_short_circuit_operator.py
[2026-03-28T22:32:15.008+0000] {processor.py:840} INFO - DAG(s) 'example_short_circuit_operator' retrieved from /home/airflow/.local/lib/python3.8/site-packages/airflow/example_dags/example_short_circuit_operator.py
[2026-03-28T22:32:15.025+0000] {logging_mixin.py:188} INFO - [2026-03-28T22:32:15.025+0000] {dag.py:3036} INFO - Sync 1 DAGs
[2026-03-28T22:32:15.056+0000] {logging_mixin.py:188} INFO - [2026-03-28T22:32:15.056+0000] {dag.py:3823} INFO - Setting next_dagrun for example_short_circuit_operator to 2026-03-27 00:00:00+00:00, run_after=2026-03-28 00:00:00+00:00
[2026-03-28T22:32:15.084+0000] {processor.py:183} INFO - Processing /home/airflow/.local/lib/python3.8/site-packages/airflow/example_dags/example_short_circuit_operator.py took 0.097 seconds
[2026-03-28T22:32:47.733+0000] {processor.py:161} INFO - Started process (PID=159) to work on /home/airflow/.local/lib/python3.8/site-packages/airflow/example_dags/example_short_circuit_operator.py
[2026-03-28T22:32:47.734+0000] {processor.py:830} INFO - Processing file /home/airflow/.local/lib/python3.8/site-packages/airflow/example_dags/example_short_circuit_operator.py for tasks to queue
[2026-03-28T22:32:47.740+0000] {logging_mixin.py:188} INFO - [2026-03-28T22:32:47.740+0000] {dagbag.py:538} INFO - Filling up the DagBag from /home/airflow/.local/lib/python3.8/site-packages/airflow/example_dags/example_short_circuit_operator.py
[2026-03-28T22:32:47.750+0000] {processor.py:840} INFO - DAG(s) 'example_short_circuit_operator' retrieved from /home/airflow/.local/lib/python3.8/site-packages/airflow/example_dags/example_short_circuit_operator.py
[2026-03-28T22:32:47.910+0000] {logging_mixin.py:188} INFO - [2026-03-28T22:32:47.909+0000] {dag.py:3036} INFO - Sync 1 DAGs
[2026-03-28T22:32:47.941+0000] {logging_mixin.py:188} INFO - [2026-03-28T22:32:47.941+0000] {dag.py:3823} INFO - Setting next_dagrun for example_short_circuit_operator to 2026-03-27 00:00:00+00:00, run_after=2026-03-28 00:00:00+00:00
[2026-03-28T22:32:47.968+0000] {processor.py:183} INFO - Processing /home/airflow/.local/lib/python3.8/site-packages/airflow/example_dags/example_short_circuit_operator.py took 0.239 seconds
[2026-03-28T22:34:06.669+0000] {processor.py:161} INFO - Started process (PID=114) to work on /home/airflow/.local/lib/python3.8/site-packages/airflow/example_dags/example_short_circuit_operator.py
[2026-03-28T22:34:06.670+0000] {processor.py:830} INFO - Processing file /home/airflow/.local/lib/python3.8/site-packages/airflow/example_dags/example_short_circuit_operator.py for tasks to queue
[2026-03-28T22:34:06.673+0000] {logging_mixin.py:188} INFO - [2026-03-28T22:34:06.673+0000] {dagbag.py:538} INFO - Filling up the DagBag from /home/airflow/.local/lib/python3.8/site-packages/airflow/example_dags/example_short_circuit_operator.py
[2026-03-28T22:34:06.683+0000] {processor.py:840} INFO - DAG(s) 'example_short_circuit_operator' retrieved from /home/airflow/.local/lib/python3.8/site-packages/airflow/example_dags/example_short_circuit_operator.py
[2026-03-28T22:34:06.805+0000] {logging_mixin.py:188} INFO - [2026-03-28T22:34:06.805+0000] {dag.py:3036} INFO - Sync 1 DAGs
[2026-03-28T22:34:06.835+0000] {logging_mixin.py:188} INFO - [2026-03-28T22:34:06.835+0000] {dag.py:3823} INFO - Setting next_dagrun for example_short_circuit_operator to 2026-03-27 00:00:00+00:00, run_after=2026-03-28 00:00:00+00:00
[2026-03-28T22:34:06.867+0000] {processor.py:183} INFO - Processing /home/airflow/.local/lib/python3.8/site-packages/airflow/example_dags/example_short_circuit_operator.py took 0.202 seconds
[2026-03-28T22:34:37.477+0000] {processor.py:161} INFO - Started process (PID=170) to work on /home/airflow/.local/lib/python3.8/site-packages/airflow/example_dags/example_short_circuit_operator.py
[2026-03-28T22:34:37.479+0000] {processor.py:830} INFO - Processing file /home/airflow/.local/lib/python3.8/site-packages/airflow/example_dags/example_short_circuit_operator.py for tasks to queue
[2026-03-28T22:34:37.483+0000] {logging_mixin.py:188} INFO - [2026-03-28T22:34:37.482+0000] {dagbag.py:538} INFO - Filling up the DagBag from /home/airflow/.local/lib/python3.8/site-packages/airflow/example_dags/example_short_circuit_operator.py
[2026-03-28T22:34:37.496+0000] {processor.py:840} INFO - DAG(s) 'example_short_circuit_operator' retrieved from /home/airflow/.local/lib/python3.8/site-packages/airflow/example_dags/example_short_circuit_operator.py
[2026-03-28T22:34:37.552+0000] {logging_mixin.py:188} INFO - [2026-03-28T22:34:37.551+0000] {dag.py:3036} INFO - Sync 1 DAGs
[2026-03-28T22:34:37.605+0000] {logging_mixin.py:188} INFO - [2026-03-28T22:34:37.605+0000] {dag.py:3823} INFO - Setting next_dagrun for example_short_circuit_operator to 2026-03-27 00:00:00+00:00, run_after=2026-03-28 00:00:00+00:00
[2026-03-28T22:34:37.650+0000] {processor.py:183} INFO - Processing /home/airflow/.local/lib/python3.8/site-packages/airflow/example_dags/example_short_circuit_operator.py took 0.177 seconds
[2026-03-28T22:35:07.712+0000] {processor.py:161} INFO - Started process (PID=226) to work on /home/airflow/.local/lib/python3.8/site-packages/airflow/example_dags/example_short_circuit_operator.py
[2026-03-28T22:35:07.714+0000] {processor.py:830} INFO - Processing file /home/airflow/.local/lib/python3.8/site-packages/airflow/example_dags/example_short_circuit_operator.py for tasks to queue
[2026-03-28T22:35:07.716+0000] {logging_mixin.py:188} INFO - [2026-03-28T22:35:07.716+0000] {dagbag.py:538} INFO - Filling up the DagBag from /home/airflow/.local/lib/python3.8/site-packages/airflow/example_dags/example_short_circuit_operator.py
[2026-03-28T22:35:07.724+0000] {processor.py:840} INFO - DAG(s) 'example_short_circuit_operator' retrieved from /home/airflow/.local/lib/python3.8/site-packages/airflow/example_dags/example_short_circuit_operator.py
[2026-03-28T22:35:07.748+0000] {logging_mixin.py:188} INFO - [2026-03-28T22:35:07.748+0000] {dag.py:3036} INFO - Sync 1 DAGs
[2026-03-28T22:35:07.773+0000] {logging_mixin.py:188} INFO - [2026-03-28T22:35:07.772+0000] {dag.py:3823} INFO - Setting next_dagrun for example_short_circuit_operator to 2026-03-27 00:00:00+00:00, run_after=2026-03-28 00:00:00+00:00
[2026-03-28T22:35:07.796+0000] {processor.py:183} INFO - Processing /home/airflow/.local/lib/python3.8/site-packages/airflow/example_dags/example_short_circuit_operator.py took 0.087 seconds
[2026-03-28T22:35:38.063+0000] {processor.py:161} INFO - Started process (PID=282) to work on /home/airflow/.local/lib/python3.8/site-packages/airflow/example_dags/example_short_circuit_operator.py
[2026-03-28T22:35:38.065+0000] {processor.py:830} INFO - Processing file /home/airflow/.local/lib/python3.8/site-packages/airflow/example_dags/example_short_circuit_operator.py for tasks to queue
[2026-03-28T22:35:38.067+0000] {logging_mixin.py:188} INFO - [2026-03-28T22:35:38.067+0000] {dagbag.py:538} INFO - Filling up the DagBag from /home/airflow/.local/lib/python3.8/site-packages/airflow/example_dags/example_short_circuit_operator.py
[2026-03-28T22:35:38.077+0000] {processor.py:840} INFO - DAG(s) 'example_short_circuit_operator' retrieved from /home/airflow/.local/lib/python3.8/site-packages/airflow/example_dags/example_short_circuit_operator.py
[2026-03-28T22:35:38.102+0000] {logging_mixin.py:188} INFO - [2026-03-28T22:35:38.101+0000] {dag.py:3036} INFO - Sync 1 DAGs
[2026-03-28T22:35:38.123+0000] {logging_mixin.py:188} INFO - [2026-03-28T22:35:38.123+0000] {dag.py:3823} INFO - Setting next_dagrun for example_short_circuit_operator to 2026-03-27 00:00:00+00:00, run_after=2026-03-28 00:00:00+00:00
[2026-03-28T22:35:38.144+0000] {processor.py:183} INFO - Processing /home/airflow/.local/lib/python3.8/site-packages/airflow/example_dags/example_short_circuit_operator.py took 0.088 seconds
[2026-03-28T22:36:08.230+0000] {processor.py:161} INFO - Started process (PID=338) to work on /home/airflow/.local/lib/python3.8/site-packages/airflow/example_dags/example_short_circuit_operator.py
[2026-03-28T22:36:08.231+0000] {processor.py:830} INFO - Processing file /home/airflow/.local/lib/python3.8/site-packages/airflow/example_dags/example_short_circuit_operator.py for tasks to queue
[2026-03-28T22:36:08.234+0000] {logging_mixin.py:188} INFO - [2026-03-28T22:36:08.234+0000] {dagbag.py:538} INFO - Filling up the DagBag from /home/airflow/.local/lib/python3.8/site-packages/airflow/example_dags/example_short_circuit_operator.py
[2026-03-28T22:36:08.244+0000] {processor.py:840} INFO - DAG(s) 'example_short_circuit_operator' retrieved from /home/airflow/.local/lib/python3.8/site-packages/airflow/example_dags/example_short_circuit_operator.py
[2026-03-28T22:36:08.278+0000] {logging_mixin.py:188} INFO - [2026-03-28T22:36:08.277+0000] {dag.py:3036} INFO - Sync 1 DAGs
[2026-03-28T22:36:08.309+0000] {logging_mixin.py:188} INFO - [2026-03-28T22:36:08.308+0000] {dag.py:3823} INFO - Setting next_dagrun for example_short_circuit_operator to 2026-03-27 00:00:00+00:00, run_after=2026-03-28 00:00:00+00:00
[2026-03-28T22:36:08.343+0000] {processor.py:183} INFO - Processing /home/airflow/.local/lib/python3.8/site-packages/airflow/example_dags/example_short_circuit_operator.py took 0.116 seconds
[2026-03-28T22:36:38.856+0000] {processor.py:161} INFO - Started process (PID=394) to work on /home/airflow/.local/lib/python3.8/site-packages/airflow/example_dags/example_short_circuit_operator.py
[2026-03-28T22:36:38.858+0000] {processor.py:830} INFO - Processing file /home/airflow/.local/lib/python3.8/site-packages/airflow/example_dags/example_short_circuit_operator.py for tasks to queue
[2026-03-28T22:36:38.860+0000] {logging_mixin.py:188} INFO - [2026-03-28T22:36:38.860+0000] {dagbag.py:538} INFO - Filling up the DagBag from /home/airflow/.local/lib/python3.8/site-packages/airflow/example_dags/example_short_circuit_operator.py
[2026-03-28T22:36:38.867+0000] {processor.py:840} INFO - DAG(s) 'example_short_circuit_operator' retrieved from /home/airflow/.local/lib/python3.8/site-packages/airflow/example_dags/example_short_circuit_operator.py
[2026-03-28T22:36:38.890+0000] {logging_mixin.py:188} INFO - [2026-03-28T22:36:38.890+0000] {dag.py:3036} INFO - Sync 1 DAGs
[2026-03-28T22:36:38.912+0000] {logging_mixin.py:188} INFO - [2026-03-28T22:36:38.912+0000] {dag.py:3823} INFO - Setting next_dagrun for example_short_circuit_operator to 2026-03-27 00:00:00+00:00, run_after=2026-03-28 00:00:00+00:00
[2026-03-28T22:36:38.934+0000] {processor.py:183} INFO - Processing /home/airflow/.local/lib/python3.8/site-packages/airflow/example_dags/example_short_circuit_operator.py took 0.080 seconds
[2026-03-28T22:37:43.679+0000] {processor.py:161} INFO - Started process (PID=96) to work on /home/airflow/.local/lib/python3.8/site-packages/airflow/example_dags/example_short_circuit_operator.py
[2026-03-28T22:37:43.681+0000] {processor.py:830} INFO - Processing file /home/airflow/.local/lib/python3.8/site-packages/airflow/example_dags/example_short_circuit_operator.py for tasks to queue
[2026-03-28T22:37:43.683+0000] {logging_mixin.py:188} INFO - [2026-03-28T22:37:43.683+0000] {dagbag.py:538} INFO - Filling up the DagBag from /home/airflow/.local/lib/python3.8/site-packages/airflow/example_dags/example_short_circuit_operator.py
[2026-03-28T22:37:43.694+0000] {processor.py:840} INFO - DAG(s) 'example_short_circuit_operator' retrieved from /home/airflow/.local/lib/python3.8/site-packages/airflow/example_dags/example_short_circuit_operator.py
[2026-03-28T22:37:43.711+0000] {logging_mixin.py:188} INFO - [2026-03-28T22:37:43.711+0000] {dag.py:3036} INFO - Sync 1 DAGs
[2026-03-28T22:37:43.742+0000] {logging_mixin.py:188} INFO - [2026-03-28T22:37:43.742+0000] {dag.py:3823} INFO - Setting next_dagrun for example_short_circuit_operator to 2026-03-27 00:00:00+00:00, run_after=2026-03-28 00:00:00+00:00
[2026-03-28T22:37:43.771+0000] {processor.py:183} INFO - Processing /home/airflow/.local/lib/python3.8/site-packages/airflow/example_dags/example_short_circuit_operator.py took 0.098 seconds
[2026-03-28T22:38:15.860+0000] {processor.py:161} INFO - Started process (PID=152) to work on /home/airflow/.local/lib/python3.8/site-packages/airflow/example_dags/example_short_circuit_operator.py
[2026-03-28T22:38:15.862+0000] {processor.py:830} INFO - Processing file /home/airflow/.local/lib/python3.8/site-packages/airflow/example_dags/example_short_circuit_operator.py for tasks to queue
[2026-03-28T22:38:15.864+0000] {logging_mixin.py:188} INFO - [2026-03-28T22:38:15.864+0000] {dagbag.py:538} INFO - Filling up the DagBag from /home/airflow/.local/lib/python3.8/site-packages/airflow/example_dags/example_short_circuit_operator.py
[2026-03-28T22:38:15.874+0000] {processor.py:840} INFO - DAG(s) 'example_short_circuit_operator' retrieved from /home/airflow/.local/lib/python3.8/site-packages/airflow/example_dags/example_short_circuit_operator.py
[2026-03-28T22:38:16.006+0000] {logging_mixin.py:188} INFO - [2026-03-28T22:38:16.005+0000] {dag.py:3036} INFO - Sync 1 DAGs
[2026-03-28T22:38:16.033+0000] {logging_mixin.py:188} INFO - [2026-03-28T22:38:16.033+0000] {dag.py:3823} INFO - Setting next_dagrun for example_short_circuit_operator to 2026-03-27 00:00:00+00:00, run_after=2026-03-28 00:00:00+00:00
[2026-03-28T22:38:16.063+0000] {processor.py:183} INFO - Processing /home/airflow/.local/lib/python3.8/site-packages/airflow/example_dags/example_short_circuit_operator.py took 0.207 seconds
[2026-03-28T22:38:46.181+0000] {processor.py:161} INFO - Started process (PID=208) to work on /home/airflow/.local/lib/python3.8/site-packages/airflow/example_dags/example_short_circuit_operator.py
[2026-03-28T22:38:46.183+0000] {processor.py:830} INFO - Processing file /home/airflow/.local/lib/python3.8/site-packages/airflow/example_dags/example_short_circuit_operator.py for tasks to queue
[2026-03-28T22:38:46.189+0000] {logging_mixin.py:188} INFO - [2026-03-28T22:38:46.188+0000] {dagbag.py:538} INFO - Filling up the DagBag from /home/airflow/.local/lib/python3.8/site-packages/airflow/example_dags/example_short_circuit_operator.py
[2026-03-28T22:38:46.208+0000] {processor.py:840} INFO - DAG(s) 'example_short_circuit_operator' retrieved from /home/airflow/.local/lib/python3.8/site-packages/airflow/example_dags/example_short_circuit_operator.py
[2026-03-28T22:38:46.250+0000] {logging_mixin.py:188} INFO - [2026-03-28T22:38:46.249+0000] {dag.py:3036} INFO - Sync 1 DAGs
[2026-03-28T22:38:46.293+0000] {logging_mixin.py:188} INFO - [2026-03-28T22:38:46.293+0000] {dag.py:3823} INFO - Setting next_dagrun for example_short_circuit_operator to 2026-03-27 00:00:00+00:00, run_after=2026-03-28 00:00:00+00:00
[2026-03-28T22:38:46.326+0000] {processor.py:183} INFO - Processing /home/airflow/.local/lib/python3.8/site-packages/airflow/example_dags/example_short_circuit_operator.py took 0.151 seconds
[2026-03-28T22:39:16.408+0000] {processor.py:161} INFO - Started process (PID=266) to work on /home/airflow/.local/lib/python3.8/site-packages/airflow/example_dags/example_short_circuit_operator.py
[2026-03-28T22:39:16.410+0000] {processor.py:830} INFO - Processing file /home/airflow/.local/lib/python3.8/site-packages/airflow/example_dags/example_short_circuit_operator.py for tasks to queue
[2026-03-28T22:39:16.413+0000] {logging_mixin.py:188} INFO - [2026-03-28T22:39:16.412+0000] {dagbag.py:538} INFO - Filling up the DagBag from /home/airflow/.local/lib/python3.8/site-packages/airflow/example_dags/example_short_circuit_operator.py
[2026-03-28T22:39:16.422+0000] {processor.py:840} INFO - DAG(s) 'example_short_circuit_operator' retrieved from /home/airflow/.local/lib/python3.8/site-packages/airflow/example_dags/example_short_circuit_operator.py
[2026-03-28T22:39:16.451+0000] {logging_mixin.py:188} INFO - [2026-03-28T22:39:16.451+0000] {dag.py:3036} INFO - Sync 1 DAGs
[2026-03-28T22:39:16.475+0000] {logging_mixin.py:188} INFO - [2026-03-28T22:39:16.475+0000] {dag.py:3823} INFO - Setting next_dagrun for example_short_circuit_operator to 2026-03-27 00:00:00+00:00, run_after=2026-03-28 00:00:00+00:00
[2026-03-28T22:39:16.500+0000] {processor.py:183} INFO - Processing /home/airflow/.local/lib/python3.8/site-packages/airflow/example_dags/example_short_circuit_operator.py took 0.096 seconds
[2026-03-28T22:39:46.783+0000] {processor.py:161} INFO - Started process (PID=322) to work on /home/airflow/.local/lib/python3.8/site-packages/airflow/example_dags/example_short_circuit_operator.py
[2026-03-28T22:39:46.784+0000] {processor.py:830} INFO - Processing file /home/airflow/.local/lib/python3.8/site-packages/airflow/example_dags/example_short_circuit_operator.py for tasks to queue
[2026-03-28T22:39:46.788+0000] {logging_mixin.py:188} INFO - [2026-03-28T22:39:46.788+0000] {dagbag.py:538} INFO - Filling up the DagBag from /home/airflow/.local/lib/python3.8/site-packages/airflow/example_dags/example_short_circuit_operator.py
[2026-03-28T22:39:46.803+0000] {processor.py:840} INFO - DAG(s) 'example_short_circuit_operator' retrieved from /home/airflow/.local/lib/python3.8/site-packages/airflow/example_dags/example_short_circuit_operator.py
[2026-03-28T22:39:46.836+0000] {logging_mixin.py:188} INFO - [2026-03-28T22:39:46.836+0000] {dag.py:3036} INFO - Sync 1 DAGs
[2026-03-28T22:39:46.873+0000] {logging_mixin.py:188} INFO - [2026-03-28T22:39:46.873+0000] {dag.py:3823} INFO - Setting next_dagrun for example_short_circuit_operator to 2026-03-27 00:00:00+00:00, run_after=2026-03-28 00:00:00+00:00
[2026-03-28T22:39:46.900+0000] {processor.py:183} INFO - Processing /home/airflow/.local/lib/python3.8/site-packages/airflow/example_dags/example_short_circuit_operator.py took 0.121 seconds
[2026-03-28T22:40:17.338+0000] {processor.py:161} INFO - Started process (PID=376) to work on /home/airflow/.local/lib/python3.8/site-packages/airflow/example_dags/example_short_circuit_operator.py
[2026-03-28T22:40:17.339+0000] {processor.py:830} INFO - Processing file /home/airflow/.local/lib/python3.8/site-packages/airflow/example_dags/example_short_circuit_operator.py for tasks to queue
[2026-03-28T22:40:17.341+0000] {logging_mixin.py:188} INFO - [2026-03-28T22:40:17.341+0000] {dagbag.py:538} INFO - Filling up the DagBag from /home/airflow/.local/lib/python3.8/site-packages/airflow/example_dags/example_short_circuit_operator.py
[2026-03-28T22:40:17.351+0000] {processor.py:840} INFO - DAG(s) 'example_short_circuit_operator' retrieved from /home/airflow/.local/lib/python3.8/site-packages/airflow/example_dags/example_short_circuit_operator.py
[2026-03-28T22:40:17.383+0000] {logging_mixin.py:188} INFO - [2026-03-28T22:40:17.383+0000] {dag.py:3036} INFO - Sync 1 DAGs
[2026-03-28T22:40:17.410+0000] {logging_mixin.py:188} INFO - [2026-03-28T22:40:17.410+0000] {dag.py:3823} INFO - Setting next_dagrun for example_short_circuit_operator to 2026-03-27 00:00:00+00:00, run_after=2026-03-28 00:00:00+00:00
[2026-03-28T22:40:17.445+0000] {processor.py:183} INFO - Processing /home/airflow/.local/lib/python3.8/site-packages/airflow/example_dags/example_short_circuit_operator.py took 0.112 seconds
[2026-03-28T22:40:48.084+0000] {processor.py:161} INFO - Started process (PID=432) to work on /home/airflow/.local/lib/python3.8/site-packages/airflow/example_dags/example_short_circuit_operator.py
[2026-03-28T22:40:48.086+0000] {processor.py:830} INFO - Processing file /home/airflow/.local/lib/python3.8/site-packages/airflow/example_dags/example_short_circuit_operator.py for tasks to queue
[2026-03-28T22:40:48.090+0000] {logging_mixin.py:188} INFO - [2026-03-28T22:40:48.089+0000] {dagbag.py:538} INFO - Filling up the DagBag from /home/airflow/.local/lib/python3.8/site-packages/airflow/example_dags/example_short_circuit_operator.py
[2026-03-28T22:40:48.104+0000] {processor.py:840} INFO - DAG(s) 'example_short_circuit_operator' retrieved from /home/airflow/.local/lib/python3.8/site-packages/airflow/example_dags/example_short_circuit_operator.py
[2026-03-28T22:40:48.145+0000] {logging_mixin.py:188} INFO - [2026-03-28T22:40:48.144+0000] {dag.py:3036} INFO - Sync 1 DAGs
[2026-03-28T22:40:48.185+0000] {logging_mixin.py:188} INFO - [2026-03-28T22:40:48.184+0000] {dag.py:3823} INFO - Setting next_dagrun for example_short_circuit_operator to 2026-03-27 00:00:00+00:00, run_after=2026-03-28 00:00:00+00:00
[2026-03-28T22:40:48.223+0000] {processor.py:183} INFO - Processing /home/airflow/.local/lib/python3.8/site-packages/airflow/example_dags/example_short_circuit_operator.py took 0.144 seconds
[2026-03-28T22:41:19.111+0000] {processor.py:161} INFO - Started process (PID=488) to work on /home/airflow/.local/lib/python3.8/site-packages/airflow/example_dags/example_short_circuit_operator.py
[2026-03-28T22:41:19.113+0000] {processor.py:830} INFO - Processing file /home/airflow/.local/lib/python3.8/site-packages/airflow/example_dags/example_short_circuit_operator.py for tasks to queue
[2026-03-28T22:41:19.116+0000] {logging_mixin.py:188} INFO - [2026-03-28T22:41:19.116+0000] {dagbag.py:538} INFO - Filling up the DagBag from /home/airflow/.local/lib/python3.8/site-packages/airflow/example_dags/example_short_circuit_operator.py
[2026-03-28T22:41:19.131+0000] {processor.py:840} INFO - DAG(s) 'example_short_circuit_operator' retrieved from /home/airflow/.local/lib/python3.8/site-packages/airflow/example_dags/example_short_circuit_operator.py
[2026-03-28T22:41:19.155+0000] {logging_mixin.py:188} INFO - [2026-03-28T22:41:19.155+0000] {dag.py:3036} INFO - Sync 1 DAGs
[2026-03-28T22:41:19.187+0000] {logging_mixin.py:188} INFO - [2026-03-28T22:41:19.187+0000] {dag.py:3823} INFO - Setting next_dagrun for example_short_circuit_operator to 2026-03-27 00:00:00+00:00, run_after=2026-03-28 00:00:00+00:00
[2026-03-28T22:41:19.223+0000] {processor.py:183} INFO - Processing /home/airflow/.local/lib/python3.8/site-packages/airflow/example_dags/example_short_circuit_operator.py took 0.120 seconds
[2026-03-28T22:41:50.083+0000] {processor.py:161} INFO - Started process (PID=544) to work on /home/airflow/.local/lib/python3.8/site-packages/airflow/example_dags/example_short_circuit_operator.py
[2026-03-28T22:41:50.085+0000] {processor.py:830} INFO - Processing file /home/airflow/.local/lib/python3.8/site-packages/airflow/example_dags/example_short_circuit_operator.py for tasks to queue
[2026-03-28T22:41:50.090+0000] {logging_mixin.py:188} INFO - [2026-03-28T22:41:50.089+0000] {dagbag.py:538} INFO - Filling up the DagBag from /home/airflow/.local/lib/python3.8/site-packages/airflow/example_dags/example_short_circuit_operator.py
[2026-03-28T22:41:50.103+0000] {processor.py:840} INFO - DAG(s) 'example_short_circuit_operator' retrieved from /home/airflow/.local/lib/python3.8/site-packages/airflow/example_dags/example_short_circuit_operator.py
[2026-03-28T22:41:50.357+0000] {logging_mixin.py:188} INFO - [2026-03-28T22:41:50.357+0000] {dag.py:3036} INFO - Sync 1 DAGs
[2026-03-28T22:41:50.413+0000] {logging_mixin.py:188} INFO - [2026-03-28T22:41:50.413+0000] {dag.py:3823} INFO - Setting next_dagrun for example_short_circuit_operator to 2026-03-27 00:00:00+00:00, run_after=2026-03-28 00:00:00+00:00
[2026-03-28T22:41:50.495+0000] {processor.py:183} INFO - Processing /home/airflow/.local/lib/python3.8/site-packages/airflow/example_dags/example_short_circuit_operator.py took 0.421 seconds
[2026-03-28T22:42:21.490+0000] {processor.py:161} INFO - Started process (PID=601) to work on /home/airflow/.local/lib/python3.8/site-packages/airflow/example_dags/example_short_circuit_operator.py
[2026-03-28T22:42:21.491+0000] {processor.py:830} INFO - Processing file /home/airflow/.local/lib/python3.8/site-packages/airflow/example_dags/example_short_circuit_operator.py for tasks to queue
[2026-03-28T22:42:21.493+0000] {logging_mixin.py:188} INFO - [2026-03-28T22:42:21.493+0000] {dagbag.py:538} INFO - Filling up the DagBag from /home/airflow/.local/lib/python3.8/site-packages/airflow/example_dags/example_short_circuit_operator.py
[2026-03-28T22:42:21.503+0000] {processor.py:840} INFO - DAG(s) 'example_short_circuit_operator' retrieved from /home/airflow/.local/lib/python3.8/site-packages/airflow/example_dags/example_short_circuit_operator.py
[2026-03-28T22:42:21.533+0000] {logging_mixin.py:188} INFO - [2026-03-28T22:42:21.533+0000] {dag.py:3036} INFO - Sync 1 DAGs
[2026-03-28T22:42:21.579+0000] {logging_mixin.py:188} INFO - [2026-03-28T22:42:21.579+0000] {dag.py:3823} INFO - Setting next_dagrun for example_short_circuit_operator to 2026-03-27 00:00:00+00:00, run_after=2026-03-28 00:00:00+00:00
[2026-03-28T22:42:21.645+0000] {processor.py:183} INFO - Processing /home/airflow/.local/lib/python3.8/site-packages/airflow/example_dags/example_short_circuit_operator.py took 0.159 seconds
[2026-03-28T22:42:52.164+0000] {processor.py:161} INFO - Started process (PID=657) to work on /home/airflow/.local/lib/python3.8/site-packages/airflow/example_dags/example_short_circuit_operator.py
[2026-03-28T22:42:52.166+0000] {processor.py:830} INFO - Processing file /home/airflow/.local/lib/python3.8/site-packages/airflow/example_dags/example_short_circuit_operator.py for tasks to queue
[2026-03-28T22:42:52.168+0000] {logging_mixin.py:188} INFO - [2026-03-28T22:42:52.168+0000] {dagbag.py:538} INFO - Filling up the DagBag from /home/airflow/.local/lib/python3.8/site-packages/airflow/example_dags/example_short_circuit_operator.py
[2026-03-28T22:42:52.175+0000] {processor.py:840} INFO - DAG(s) 'example_short_circuit_operator' retrieved from /home/airflow/.local/lib/python3.8/site-packages/airflow/example_dags/example_short_circuit_operator.py
[2026-03-28T22:42:52.211+0000] {logging_mixin.py:188} INFO - [2026-03-28T22:42:52.211+0000] {dag.py:3036} INFO - Sync 1 DAGs
[2026-03-28T22:42:52.243+0000] {logging_mixin.py:188} INFO - [2026-03-28T22:42:52.242+0000] {dag.py:3823} INFO - Setting next_dagrun for example_short_circuit_operator to 2026-03-27 00:00:00+00:00, run_after=2026-03-28 00:00:00+00:00
[2026-03-28T22:42:52.304+0000] {processor.py:183} INFO - Processing /home/airflow/.local/lib/python3.8/site-packages/airflow/example_dags/example_short_circuit_operator.py took 0.143 seconds
[2026-03-28T22:43:22.870+0000] {processor.py:161} INFO - Started process (PID=713) to work on /home/airflow/.local/lib/python3.8/site-packages/airflow/example_dags/example_short_circuit_operator.py
[2026-03-28T22:43:22.871+0000] {processor.py:830} INFO - Processing file /home/airflow/.local/lib/python3.8/site-packages/airflow/example_dags/example_short_circuit_operator.py for tasks to queue
[2026-03-28T22:43:22.873+0000] {logging_mixin.py:188} INFO - [2026-03-28T22:43:22.872+0000] {dagbag.py:538} INFO - Filling up the DagBag from /home/airflow/.local/lib/python3.8/site-packages/airflow/example_dags/example_short_circuit_operator.py
[2026-03-28T22:43:22.880+0000] {processor.py:840} INFO - DAG(s) 'example_short_circuit_operator' retrieved from /home/airflow/.local/lib/python3.8/site-packages/airflow/example_dags/example_short_circuit_operator.py
[2026-03-28T22:43:22.904+0000] {logging_mixin.py:188} INFO - [2026-03-28T22:43:22.904+0000] {dag.py:3036} INFO - Sync 1 DAGs
[2026-03-28T22:43:22.926+0000] {logging_mixin.py:188} INFO - [2026-03-28T22:43:22.925+0000] {dag.py:3823} INFO - Setting next_dagrun for example_short_circuit_operator to 2026-03-27 00:00:00+00:00, run_after=2026-03-28 00:00:00+00:00
[2026-03-28T22:43:22.952+0000] {processor.py:183} INFO - Processing /home/airflow/.local/lib/python3.8/site-packages/airflow/example_dags/example_short_circuit_operator.py took 0.086 seconds
[2026-03-28T22:43:53.166+0000] {processor.py:161} INFO - Started process (PID=769) to work on /home/airflow/.local/lib/python3.8/site-packages/airflow/example_dags/example_short_circuit_operator.py
[2026-03-28T22:43:53.167+0000] {processor.py:830} INFO - Processing file /home/airflow/.local/lib/python3.8/site-packages/airflow/example_dags/example_short_circuit_operator.py for tasks to queue
[2026-03-28T22:43:53.171+0000] {logging_mixin.py:188} INFO - [2026-03-28T22:43:53.170+0000] {dagbag.py:538} INFO - Filling up the DagBag from /home/airflow/.local/lib/python3.8/site-packages/airflow/example_dags/example_short_circuit_operator.py
[2026-03-28T22:43:53.178+0000] {processor.py:840} INFO - DAG(s) 'example_short_circuit_operator' retrieved from /home/airflow/.local/lib/python3.8/site-packages/airflow/example_dags/example_short_circuit_operator.py
[2026-03-28T22:43:53.204+0000] {logging_mixin.py:188} INFO - [2026-03-28T22:43:53.204+0000] {dag.py:3036} INFO - Sync 1 DAGs
[2026-03-28T22:43:53.230+0000] {logging_mixin.py:188} INFO - [2026-03-28T22:43:53.229+0000] {dag.py:3823} INFO - Setting next_dagrun for example_short_circuit_operator to 2026-03-27 00:00:00+00:00, run_after=2026-03-28 00:00:00+00:00
[2026-03-28T22:43:53.254+0000] {processor.py:183} INFO - Processing /home/airflow/.local/lib/python3.8/site-packages/airflow/example_dags/example_short_circuit_operator.py took 0.092 seconds
[2026-03-28T22:44:23.675+0000] {processor.py:161} INFO - Started process (PID=825) to work on /home/airflow/.local/lib/python3.8/site-packages/airflow/example_dags/example_short_circuit_operator.py
[2026-03-28T22:44:23.676+0000] {processor.py:830} INFO - Processing file /home/airflow/.local/lib/python3.8/site-packages/airflow/example_dags/example_short_circuit_operator.py for tasks to queue
[2026-03-28T22:44:23.678+0000] {logging_mixin.py:188} INFO - [2026-03-28T22:44:23.678+0000] {dagbag.py:538} INFO - Filling up the DagBag from /home/airflow/.local/lib/python3.8/site-packages/airflow/example_dags/example_short_circuit_operator.py
[2026-03-28T22:44:23.690+0000] {processor.py:840} INFO - DAG(s) 'example_short_circuit_operator' retrieved from /home/airflow/.local/lib/python3.8/site-packages/airflow/example_dags/example_short_circuit_operator.py
[2026-03-28T22:44:23.722+0000] {logging_mixin.py:188} INFO - [2026-03-28T22:44:23.721+0000] {dag.py:3036} INFO - Sync 1 DAGs
[2026-03-28T22:44:23.745+0000] {logging_mixin.py:188} INFO - [2026-03-28T22:44:23.745+0000] {dag.py:3823} INFO - Setting next_dagrun for example_short_circuit_operator to 2026-03-27 00:00:00+00:00, run_after=2026-03-28 00:00:00+00:00
[2026-03-28T22:44:23.768+0000] {processor.py:183} INFO - Processing /home/airflow/.local/lib/python3.8/site-packages/airflow/example_dags/example_short_circuit_operator.py took 0.097 seconds
[2026-03-28T22:44:53.834+0000] {processor.py:161} INFO - Started process (PID=881) to work on /home/airflow/.local/lib/python3.8/site-packages/airflow/example_dags/example_short_circuit_operator.py
[2026-03-28T22:44:53.835+0000] {processor.py:830} INFO - Processing file /home/airflow/.local/lib/python3.8/site-packages/airflow/example_dags/example_short_circuit_operator.py for tasks to queue
[2026-03-28T22:44:53.837+0000] {logging_mixin.py:188} INFO - [2026-03-28T22:44:53.837+0000] {dagbag.py:538} INFO - Filling up the DagBag from /home/airflow/.local/lib/python3.8/site-packages/airflow/example_dags/example_short_circuit_operator.py
[2026-03-28T22:44:53.844+0000] {processor.py:840} INFO - DAG(s) 'example_short_circuit_operator' retrieved from /home/airflow/.local/lib/python3.8/site-packages/airflow/example_dags/example_short_circuit_operator.py
[2026-03-28T22:44:53.872+0000] {logging_mixin.py:188} INFO - [2026-03-28T22:44:53.872+0000] {dag.py:3036} INFO - Sync 1 DAGs
[2026-03-28T22:44:53.902+0000] {logging_mixin.py:188} INFO - [2026-03-28T22:44:53.902+0000] {dag.py:3823} INFO - Setting next_dagrun for example_short_circuit_operator to 2026-03-27 00:00:00+00:00, run_after=2026-03-28 00:00:00+00:00
[2026-03-28T22:44:53.923+0000] {processor.py:183} INFO - Processing /home/airflow/.local/lib/python3.8/site-packages/airflow/example_dags/example_short_circuit_operator.py took 0.095 seconds
[2026-03-28T22:45:24.584+0000] {processor.py:161} INFO - Started process (PID=937) to work on /home/airflow/.local/lib/python3.8/site-packages/airflow/example_dags/example_short_circuit_operator.py
[2026-03-28T22:45:24.585+0000] {processor.py:830} INFO - Processing file /home/airflow/.local/lib/python3.8/site-packages/airflow/example_dags/example_short_circuit_operator.py for tasks to queue
[2026-03-28T22:45:24.587+0000] {logging_mixin.py:188} INFO - [2026-03-28T22:45:24.586+0000] {dagbag.py:538} INFO - Filling up the DagBag from /home/airflow/.local/lib/python3.8/site-packages/airflow/example_dags/example_short_circuit_operator.py
[2026-03-28T22:45:24.597+0000] {processor.py:840} INFO - DAG(s) 'example_short_circuit_operator' retrieved from /home/airflow/.local/lib/python3.8/site-packages/airflow/example_dags/example_short_circuit_operator.py
[2026-03-28T22:45:24.630+0000] {logging_mixin.py:188} INFO - [2026-03-28T22:45:24.630+0000] {dag.py:3036} INFO - Sync 1 DAGs
[2026-03-28T22:45:24.661+0000] {logging_mixin.py:188} INFO - [2026-03-28T22:45:24.661+0000] {dag.py:3823} INFO - Setting next_dagrun for example_short_circuit_operator to 2026-03-27 00:00:00+00:00, run_after=2026-03-28 00:00:00+00:00
[2026-03-28T22:45:24.693+0000] {processor.py:183} INFO - Processing /home/airflow/.local/lib/python3.8/site-packages/airflow/example_dags/example_short_circuit_operator.py took 0.113 seconds
[2026-03-28T22:45:55.219+0000] {processor.py:161} INFO - Started process (PID=993) to work on /home/airflow/.local/lib/python3.8/site-packages/airflow/example_dags/example_short_circuit_operator.py
[2026-03-28T22:45:55.221+0000] {processor.py:830} INFO - Processing file /home/airflow/.local/lib/python3.8/site-packages/airflow/example_dags/example_short_circuit_operator.py for tasks to queue
[2026-03-28T22:45:55.223+0000] {logging_mixin.py:188} INFO - [2026-03-28T22:45:55.223+0000] {dagbag.py:538} INFO - Filling up the DagBag from /home/airflow/.local/lib/python3.8/site-packages/airflow/example_dags/example_short_circuit_operator.py
[2026-03-28T22:45:55.231+0000] {processor.py:840} INFO - DAG(s) 'example_short_circuit_operator' retrieved from /home/airflow/.local/lib/python3.8/site-packages/airflow/example_dags/example_short_circuit_operator.py
[2026-03-28T22:45:55.258+0000] {logging_mixin.py:188} INFO - [2026-03-28T22:45:55.258+0000] {dag.py:3036} INFO - Sync 1 DAGs
[2026-03-28T22:45:55.285+0000] {logging_mixin.py:188} INFO - [2026-03-28T22:45:55.285+0000] {dag.py:3823} INFO - Setting next_dagrun for example_short_circuit_operator to 2026-03-27 00:00:00+00:00, run_after=2026-03-28 00:00:00+00:00
[2026-03-28T22:45:55.309+0000] {processor.py:183} INFO - Processing /home/airflow/.local/lib/python3.8/site-packages/airflow/example_dags/example_short_circuit_operator.py took 0.094 seconds
[2026-03-28T22:46:42.243+0000] {processor.py:161} INFO - Started process (PID=1047) to work on /home/airflow/.local/lib/python3.8/site-packages/airflow/example_dags/example_short_circuit_operator.py
[2026-03-28T22:46:42.245+0000] {processor.py:830} INFO - Processing file /home/airflow/.local/lib/python3.8/site-packages/airflow/example_dags/example_short_circuit_operator.py for tasks to queue
[2026-03-28T22:46:42.247+0000] {logging_mixin.py:188} INFO - [2026-03-28T22:46:42.247+0000] {dagbag.py:538} INFO - Filling up the DagBag from /home/airflow/.local/lib/python3.8/site-packages/airflow/example_dags/example_short_circuit_operator.py
[2026-03-28T22:46:42.278+0000] {processor.py:840} INFO - DAG(s) 'example_short_circuit_operator' retrieved from /home/airflow/.local/lib/python3.8/site-packages/airflow/example_dags/example_short_circuit_operator.py
[2026-03-28T22:46:42.355+0000] {logging_mixin.py:188} INFO - [2026-03-28T22:46:42.355+0000] {dag.py:3036} INFO - Sync 1 DAGs
[2026-03-28T22:46:42.437+0000] {logging_mixin.py:188} INFO - [2026-03-28T22:46:42.437+0000] {dag.py:3823} INFO - Setting next_dagrun for example_short_circuit_operator to 2026-03-27 00:00:00+00:00, run_after=2026-03-28 00:00:00+00:00
[2026-03-28T22:46:42.532+0000] {processor.py:183} INFO - Processing /home/airflow/.local/lib/python3.8/site-packages/airflow/example_dags/example_short_circuit_operator.py took 0.304 seconds
