[2026-03-28T22:09:38.294+0000] {processor.py:161} INFO - Started process (PID=55) to work on /home/airflow/.local/lib/python3.8/site-packages/airflow/example_dags/example_nested_branch_dag.py
[2026-03-28T22:09:38.296+0000] {processor.py:830} INFO - Processing file /home/airflow/.local/lib/python3.8/site-packages/airflow/example_dags/example_nested_branch_dag.py for tasks to queue
[2026-03-28T22:09:38.298+0000] {logging_mixin.py:188} INFO - [2026-03-28T22:09:38.297+0000] {dagbag.py:538} INFO - Filling up the DagBag from /home/airflow/.local/lib/python3.8/site-packages/airflow/example_dags/example_nested_branch_dag.py
[2026-03-28T22:09:38.312+0000] {processor.py:840} INFO - DAG(s) 'example_nested_branch_dag' retrieved from /home/airflow/.local/lib/python3.8/site-packages/airflow/example_dags/example_nested_branch_dag.py
[2026-03-28T22:09:38.431+0000] {logging_mixin.py:188} INFO - [2026-03-28T22:09:38.430+0000] {override.py:1769} INFO - Created Permission View: can edit on DAG:example_nested_branch_dag
[2026-03-28T22:09:38.445+0000] {logging_mixin.py:188} INFO - [2026-03-28T22:09:38.445+0000] {override.py:1769} INFO - Created Permission View: can delete on DAG:example_nested_branch_dag
[2026-03-28T22:09:38.456+0000] {logging_mixin.py:188} INFO - [2026-03-28T22:09:38.455+0000] {override.py:1769} INFO - Created Permission View: can read on DAG:example_nested_branch_dag
[2026-03-28T22:09:38.457+0000] {logging_mixin.py:188} INFO - [2026-03-28T22:09:38.457+0000] {dag.py:3036} INFO - Sync 1 DAGs
[2026-03-28T22:09:38.467+0000] {logging_mixin.py:188} INFO - [2026-03-28T22:09:38.467+0000] {dag.py:3058} INFO - Creating ORM DAG for example_nested_branch_dag
[2026-03-28T22:09:38.478+0000] {logging_mixin.py:188} INFO - [2026-03-28T22:09:38.478+0000] {dag.py:3823} INFO - Setting next_dagrun for example_nested_branch_dag to 2026-03-27 00:00:00+00:00, run_after=2026-03-28 00:00:00+00:00
[2026-03-28T22:09:38.499+0000] {processor.py:183} INFO - Processing /home/airflow/.local/lib/python3.8/site-packages/airflow/example_dags/example_nested_branch_dag.py took 0.210 seconds
[2026-03-28T22:10:08.980+0000] {processor.py:161} INFO - Started process (PID=111) to work on /home/airflow/.local/lib/python3.8/site-packages/airflow/example_dags/example_nested_branch_dag.py
[2026-03-28T22:10:08.981+0000] {processor.py:830} INFO - Processing file /home/airflow/.local/lib/python3.8/site-packages/airflow/example_dags/example_nested_branch_dag.py for tasks to queue
[2026-03-28T22:10:08.983+0000] {logging_mixin.py:188} INFO - [2026-03-28T22:10:08.983+0000] {dagbag.py:538} INFO - Filling up the DagBag from /home/airflow/.local/lib/python3.8/site-packages/airflow/example_dags/example_nested_branch_dag.py
[2026-03-28T22:10:08.993+0000] {processor.py:840} INFO - DAG(s) 'example_nested_branch_dag' retrieved from /home/airflow/.local/lib/python3.8/site-packages/airflow/example_dags/example_nested_branch_dag.py
[2026-03-28T22:10:09.017+0000] {logging_mixin.py:188} INFO - [2026-03-28T22:10:09.017+0000] {dag.py:3036} INFO - Sync 1 DAGs
[2026-03-28T22:10:09.038+0000] {logging_mixin.py:188} INFO - [2026-03-28T22:10:09.038+0000] {dag.py:3823} INFO - Setting next_dagrun for example_nested_branch_dag to 2026-03-27 00:00:00+00:00, run_after=2026-03-28 00:00:00+00:00
[2026-03-28T22:10:09.060+0000] {processor.py:183} INFO - Processing /home/airflow/.local/lib/python3.8/site-packages/airflow/example_dags/example_nested_branch_dag.py took 0.083 seconds
[2026-03-28T22:10:39.304+0000] {processor.py:161} INFO - Started process (PID=167) to work on /home/airflow/.local/lib/python3.8/site-packages/airflow/example_dags/example_nested_branch_dag.py
[2026-03-28T22:10:39.305+0000] {processor.py:830} INFO - Processing file /home/airflow/.local/lib/python3.8/site-packages/airflow/example_dags/example_nested_branch_dag.py for tasks to queue
[2026-03-28T22:10:39.308+0000] {logging_mixin.py:188} INFO - [2026-03-28T22:10:39.307+0000] {dagbag.py:538} INFO - Filling up the DagBag from /home/airflow/.local/lib/python3.8/site-packages/airflow/example_dags/example_nested_branch_dag.py
[2026-03-28T22:10:39.336+0000] {processor.py:840} INFO - DAG(s) 'example_nested_branch_dag' retrieved from /home/airflow/.local/lib/python3.8/site-packages/airflow/example_dags/example_nested_branch_dag.py
[2026-03-28T22:10:39.359+0000] {logging_mixin.py:188} INFO - [2026-03-28T22:10:39.359+0000] {dag.py:3036} INFO - Sync 1 DAGs
[2026-03-28T22:10:39.381+0000] {logging_mixin.py:188} INFO - [2026-03-28T22:10:39.380+0000] {dag.py:3823} INFO - Setting next_dagrun for example_nested_branch_dag to 2026-03-27 00:00:00+00:00, run_after=2026-03-28 00:00:00+00:00
[2026-03-28T22:10:39.455+0000] {processor.py:183} INFO - Processing /home/airflow/.local/lib/python3.8/site-packages/airflow/example_dags/example_nested_branch_dag.py took 0.156 seconds
[2026-03-28T22:11:09.837+0000] {processor.py:161} INFO - Started process (PID=223) to work on /home/airflow/.local/lib/python3.8/site-packages/airflow/example_dags/example_nested_branch_dag.py
[2026-03-28T22:11:09.838+0000] {processor.py:830} INFO - Processing file /home/airflow/.local/lib/python3.8/site-packages/airflow/example_dags/example_nested_branch_dag.py for tasks to queue
[2026-03-28T22:11:09.840+0000] {logging_mixin.py:188} INFO - [2026-03-28T22:11:09.840+0000] {dagbag.py:538} INFO - Filling up the DagBag from /home/airflow/.local/lib/python3.8/site-packages/airflow/example_dags/example_nested_branch_dag.py
[2026-03-28T22:11:09.850+0000] {processor.py:840} INFO - DAG(s) 'example_nested_branch_dag' retrieved from /home/airflow/.local/lib/python3.8/site-packages/airflow/example_dags/example_nested_branch_dag.py
[2026-03-28T22:11:09.874+0000] {logging_mixin.py:188} INFO - [2026-03-28T22:11:09.874+0000] {dag.py:3036} INFO - Sync 1 DAGs
[2026-03-28T22:11:09.895+0000] {logging_mixin.py:188} INFO - [2026-03-28T22:11:09.895+0000] {dag.py:3823} INFO - Setting next_dagrun for example_nested_branch_dag to 2026-03-27 00:00:00+00:00, run_after=2026-03-28 00:00:00+00:00
[2026-03-28T22:11:09.916+0000] {processor.py:183} INFO - Processing /home/airflow/.local/lib/python3.8/site-packages/airflow/example_dags/example_nested_branch_dag.py took 0.082 seconds
[2026-03-28T22:11:40.090+0000] {processor.py:161} INFO - Started process (PID=279) to work on /home/airflow/.local/lib/python3.8/site-packages/airflow/example_dags/example_nested_branch_dag.py
[2026-03-28T22:11:40.092+0000] {processor.py:830} INFO - Processing file /home/airflow/.local/lib/python3.8/site-packages/airflow/example_dags/example_nested_branch_dag.py for tasks to queue
[2026-03-28T22:11:40.095+0000] {logging_mixin.py:188} INFO - [2026-03-28T22:11:40.094+0000] {dagbag.py:538} INFO - Filling up the DagBag from /home/airflow/.local/lib/python3.8/site-packages/airflow/example_dags/example_nested_branch_dag.py
[2026-03-28T22:11:40.103+0000] {processor.py:840} INFO - DAG(s) 'example_nested_branch_dag' retrieved from /home/airflow/.local/lib/python3.8/site-packages/airflow/example_dags/example_nested_branch_dag.py
[2026-03-28T22:11:40.126+0000] {logging_mixin.py:188} INFO - [2026-03-28T22:11:40.125+0000] {dag.py:3036} INFO - Sync 1 DAGs
[2026-03-28T22:11:40.146+0000] {logging_mixin.py:188} INFO - [2026-03-28T22:11:40.146+0000] {dag.py:3823} INFO - Setting next_dagrun for example_nested_branch_dag to 2026-03-27 00:00:00+00:00, run_after=2026-03-28 00:00:00+00:00
[2026-03-28T22:11:40.173+0000] {processor.py:183} INFO - Processing /home/airflow/.local/lib/python3.8/site-packages/airflow/example_dags/example_nested_branch_dag.py took 0.086 seconds
[2026-03-28T22:12:10.319+0000] {processor.py:161} INFO - Started process (PID=335) to work on /home/airflow/.local/lib/python3.8/site-packages/airflow/example_dags/example_nested_branch_dag.py
[2026-03-28T22:12:10.320+0000] {processor.py:830} INFO - Processing file /home/airflow/.local/lib/python3.8/site-packages/airflow/example_dags/example_nested_branch_dag.py for tasks to queue
[2026-03-28T22:12:10.324+0000] {logging_mixin.py:188} INFO - [2026-03-28T22:12:10.323+0000] {dagbag.py:538} INFO - Filling up the DagBag from /home/airflow/.local/lib/python3.8/site-packages/airflow/example_dags/example_nested_branch_dag.py
[2026-03-28T22:12:10.338+0000] {processor.py:840} INFO - DAG(s) 'example_nested_branch_dag' retrieved from /home/airflow/.local/lib/python3.8/site-packages/airflow/example_dags/example_nested_branch_dag.py
[2026-03-28T22:12:10.367+0000] {logging_mixin.py:188} INFO - [2026-03-28T22:12:10.367+0000] {dag.py:3036} INFO - Sync 1 DAGs
[2026-03-28T22:12:10.397+0000] {logging_mixin.py:188} INFO - [2026-03-28T22:12:10.396+0000] {dag.py:3823} INFO - Setting next_dagrun for example_nested_branch_dag to 2026-03-27 00:00:00+00:00, run_after=2026-03-28 00:00:00+00:00
[2026-03-28T22:12:10.424+0000] {processor.py:183} INFO - Processing /home/airflow/.local/lib/python3.8/site-packages/airflow/example_dags/example_nested_branch_dag.py took 0.109 seconds
[2026-03-28T22:12:40.468+0000] {processor.py:161} INFO - Started process (PID=391) to work on /home/airflow/.local/lib/python3.8/site-packages/airflow/example_dags/example_nested_branch_dag.py
[2026-03-28T22:12:40.469+0000] {processor.py:830} INFO - Processing file /home/airflow/.local/lib/python3.8/site-packages/airflow/example_dags/example_nested_branch_dag.py for tasks to queue
[2026-03-28T22:12:40.471+0000] {logging_mixin.py:188} INFO - [2026-03-28T22:12:40.471+0000] {dagbag.py:538} INFO - Filling up the DagBag from /home/airflow/.local/lib/python3.8/site-packages/airflow/example_dags/example_nested_branch_dag.py
[2026-03-28T22:12:40.480+0000] {processor.py:840} INFO - DAG(s) 'example_nested_branch_dag' retrieved from /home/airflow/.local/lib/python3.8/site-packages/airflow/example_dags/example_nested_branch_dag.py
[2026-03-28T22:12:40.503+0000] {logging_mixin.py:188} INFO - [2026-03-28T22:12:40.503+0000] {dag.py:3036} INFO - Sync 1 DAGs
[2026-03-28T22:12:40.522+0000] {logging_mixin.py:188} INFO - [2026-03-28T22:12:40.522+0000] {dag.py:3823} INFO - Setting next_dagrun for example_nested_branch_dag to 2026-03-27 00:00:00+00:00, run_after=2026-03-28 00:00:00+00:00
[2026-03-28T22:12:40.543+0000] {processor.py:183} INFO - Processing /home/airflow/.local/lib/python3.8/site-packages/airflow/example_dags/example_nested_branch_dag.py took 0.078 seconds
[2026-03-28T22:13:10.858+0000] {processor.py:161} INFO - Started process (PID=447) to work on /home/airflow/.local/lib/python3.8/site-packages/airflow/example_dags/example_nested_branch_dag.py
[2026-03-28T22:13:10.859+0000] {processor.py:830} INFO - Processing file /home/airflow/.local/lib/python3.8/site-packages/airflow/example_dags/example_nested_branch_dag.py for tasks to queue
[2026-03-28T22:13:10.861+0000] {logging_mixin.py:188} INFO - [2026-03-28T22:13:10.861+0000] {dagbag.py:538} INFO - Filling up the DagBag from /home/airflow/.local/lib/python3.8/site-packages/airflow/example_dags/example_nested_branch_dag.py
[2026-03-28T22:13:10.870+0000] {processor.py:840} INFO - DAG(s) 'example_nested_branch_dag' retrieved from /home/airflow/.local/lib/python3.8/site-packages/airflow/example_dags/example_nested_branch_dag.py
[2026-03-28T22:13:10.892+0000] {logging_mixin.py:188} INFO - [2026-03-28T22:13:10.892+0000] {dag.py:3036} INFO - Sync 1 DAGs
[2026-03-28T22:13:10.915+0000] {logging_mixin.py:188} INFO - [2026-03-28T22:13:10.915+0000] {dag.py:3823} INFO - Setting next_dagrun for example_nested_branch_dag to 2026-03-27 00:00:00+00:00, run_after=2026-03-28 00:00:00+00:00
[2026-03-28T22:13:10.936+0000] {processor.py:183} INFO - Processing /home/airflow/.local/lib/python3.8/site-packages/airflow/example_dags/example_nested_branch_dag.py took 0.081 seconds
[2026-03-28T22:14:04.499+0000] {processor.py:161} INFO - Started process (PID=54) to work on /home/airflow/.local/lib/python3.8/site-packages/airflow/example_dags/example_nested_branch_dag.py
[2026-03-28T22:14:04.501+0000] {processor.py:830} INFO - Processing file /home/airflow/.local/lib/python3.8/site-packages/airflow/example_dags/example_nested_branch_dag.py for tasks to queue
[2026-03-28T22:14:04.507+0000] {logging_mixin.py:188} INFO - [2026-03-28T22:14:04.506+0000] {dagbag.py:538} INFO - Filling up the DagBag from /home/airflow/.local/lib/python3.8/site-packages/airflow/example_dags/example_nested_branch_dag.py
[2026-03-28T22:14:04.534+0000] {processor.py:840} INFO - DAG(s) 'example_nested_branch_dag' retrieved from /home/airflow/.local/lib/python3.8/site-packages/airflow/example_dags/example_nested_branch_dag.py
[2026-03-28T22:14:04.564+0000] {logging_mixin.py:188} INFO - [2026-03-28T22:14:04.564+0000] {dag.py:3036} INFO - Sync 1 DAGs
[2026-03-28T22:14:04.617+0000] {logging_mixin.py:188} INFO - [2026-03-28T22:14:04.617+0000] {dag.py:3823} INFO - Setting next_dagrun for example_nested_branch_dag to 2026-03-27 00:00:00+00:00, run_after=2026-03-28 00:00:00+00:00
[2026-03-28T22:14:04.663+0000] {processor.py:183} INFO - Processing /home/airflow/.local/lib/python3.8/site-packages/airflow/example_dags/example_nested_branch_dag.py took 0.169 seconds
[2026-03-28T22:14:35.349+0000] {processor.py:161} INFO - Started process (PID=109) to work on /home/airflow/.local/lib/python3.8/site-packages/airflow/example_dags/example_nested_branch_dag.py
[2026-03-28T22:14:35.351+0000] {processor.py:830} INFO - Processing file /home/airflow/.local/lib/python3.8/site-packages/airflow/example_dags/example_nested_branch_dag.py for tasks to queue
[2026-03-28T22:14:35.353+0000] {logging_mixin.py:188} INFO - [2026-03-28T22:14:35.353+0000] {dagbag.py:538} INFO - Filling up the DagBag from /home/airflow/.local/lib/python3.8/site-packages/airflow/example_dags/example_nested_branch_dag.py
[2026-03-28T22:14:35.366+0000] {processor.py:840} INFO - DAG(s) 'example_nested_branch_dag' retrieved from /home/airflow/.local/lib/python3.8/site-packages/airflow/example_dags/example_nested_branch_dag.py
[2026-03-28T22:14:35.477+0000] {logging_mixin.py:188} INFO - [2026-03-28T22:14:35.477+0000] {dag.py:3036} INFO - Sync 1 DAGs
[2026-03-28T22:14:35.499+0000] {logging_mixin.py:188} INFO - [2026-03-28T22:14:35.499+0000] {dag.py:3823} INFO - Setting next_dagrun for example_nested_branch_dag to 2026-03-27 00:00:00+00:00, run_after=2026-03-28 00:00:00+00:00
[2026-03-28T22:14:35.523+0000] {processor.py:183} INFO - Processing /home/airflow/.local/lib/python3.8/site-packages/airflow/example_dags/example_nested_branch_dag.py took 0.177 seconds
[2026-03-28T22:15:05.879+0000] {processor.py:161} INFO - Started process (PID=171) to work on /home/airflow/.local/lib/python3.8/site-packages/airflow/example_dags/example_nested_branch_dag.py
[2026-03-28T22:15:05.880+0000] {processor.py:830} INFO - Processing file /home/airflow/.local/lib/python3.8/site-packages/airflow/example_dags/example_nested_branch_dag.py for tasks to queue
[2026-03-28T22:15:05.882+0000] {logging_mixin.py:188} INFO - [2026-03-28T22:15:05.881+0000] {dagbag.py:538} INFO - Filling up the DagBag from /home/airflow/.local/lib/python3.8/site-packages/airflow/example_dags/example_nested_branch_dag.py
[2026-03-28T22:15:05.891+0000] {processor.py:840} INFO - DAG(s) 'example_nested_branch_dag' retrieved from /home/airflow/.local/lib/python3.8/site-packages/airflow/example_dags/example_nested_branch_dag.py
[2026-03-28T22:15:05.913+0000] {logging_mixin.py:188} INFO - [2026-03-28T22:15:05.913+0000] {dag.py:3036} INFO - Sync 1 DAGs
[2026-03-28T22:15:05.937+0000] {logging_mixin.py:188} INFO - [2026-03-28T22:15:05.937+0000] {dag.py:3823} INFO - Setting next_dagrun for example_nested_branch_dag to 2026-03-27 00:00:00+00:00, run_after=2026-03-28 00:00:00+00:00
[2026-03-28T22:15:05.960+0000] {processor.py:183} INFO - Processing /home/airflow/.local/lib/python3.8/site-packages/airflow/example_dags/example_nested_branch_dag.py took 0.084 seconds
[2026-03-28T22:15:36.230+0000] {processor.py:161} INFO - Started process (PID=227) to work on /home/airflow/.local/lib/python3.8/site-packages/airflow/example_dags/example_nested_branch_dag.py
[2026-03-28T22:15:36.231+0000] {processor.py:830} INFO - Processing file /home/airflow/.local/lib/python3.8/site-packages/airflow/example_dags/example_nested_branch_dag.py for tasks to queue
[2026-03-28T22:15:36.233+0000] {logging_mixin.py:188} INFO - [2026-03-28T22:15:36.233+0000] {dagbag.py:538} INFO - Filling up the DagBag from /home/airflow/.local/lib/python3.8/site-packages/airflow/example_dags/example_nested_branch_dag.py
[2026-03-28T22:15:36.244+0000] {processor.py:840} INFO - DAG(s) 'example_nested_branch_dag' retrieved from /home/airflow/.local/lib/python3.8/site-packages/airflow/example_dags/example_nested_branch_dag.py
[2026-03-28T22:15:36.266+0000] {logging_mixin.py:188} INFO - [2026-03-28T22:15:36.266+0000] {dag.py:3036} INFO - Sync 1 DAGs
[2026-03-28T22:15:36.287+0000] {logging_mixin.py:188} INFO - [2026-03-28T22:15:36.287+0000] {dag.py:3823} INFO - Setting next_dagrun for example_nested_branch_dag to 2026-03-27 00:00:00+00:00, run_after=2026-03-28 00:00:00+00:00
[2026-03-28T22:15:36.308+0000] {processor.py:183} INFO - Processing /home/airflow/.local/lib/python3.8/site-packages/airflow/example_dags/example_nested_branch_dag.py took 0.081 seconds
[2026-03-28T22:16:06.540+0000] {processor.py:161} INFO - Started process (PID=283) to work on /home/airflow/.local/lib/python3.8/site-packages/airflow/example_dags/example_nested_branch_dag.py
[2026-03-28T22:16:06.541+0000] {processor.py:830} INFO - Processing file /home/airflow/.local/lib/python3.8/site-packages/airflow/example_dags/example_nested_branch_dag.py for tasks to queue
[2026-03-28T22:16:06.543+0000] {logging_mixin.py:188} INFO - [2026-03-28T22:16:06.542+0000] {dagbag.py:538} INFO - Filling up the DagBag from /home/airflow/.local/lib/python3.8/site-packages/airflow/example_dags/example_nested_branch_dag.py
[2026-03-28T22:16:06.552+0000] {processor.py:840} INFO - DAG(s) 'example_nested_branch_dag' retrieved from /home/airflow/.local/lib/python3.8/site-packages/airflow/example_dags/example_nested_branch_dag.py
[2026-03-28T22:16:06.574+0000] {logging_mixin.py:188} INFO - [2026-03-28T22:16:06.573+0000] {dag.py:3036} INFO - Sync 1 DAGs
[2026-03-28T22:16:06.595+0000] {logging_mixin.py:188} INFO - [2026-03-28T22:16:06.595+0000] {dag.py:3823} INFO - Setting next_dagrun for example_nested_branch_dag to 2026-03-27 00:00:00+00:00, run_after=2026-03-28 00:00:00+00:00
[2026-03-28T22:16:06.615+0000] {processor.py:183} INFO - Processing /home/airflow/.local/lib/python3.8/site-packages/airflow/example_dags/example_nested_branch_dag.py took 0.079 seconds
[2026-03-28T22:16:36.722+0000] {processor.py:161} INFO - Started process (PID=339) to work on /home/airflow/.local/lib/python3.8/site-packages/airflow/example_dags/example_nested_branch_dag.py
[2026-03-28T22:16:36.723+0000] {processor.py:830} INFO - Processing file /home/airflow/.local/lib/python3.8/site-packages/airflow/example_dags/example_nested_branch_dag.py for tasks to queue
[2026-03-28T22:16:36.726+0000] {logging_mixin.py:188} INFO - [2026-03-28T22:16:36.725+0000] {dagbag.py:538} INFO - Filling up the DagBag from /home/airflow/.local/lib/python3.8/site-packages/airflow/example_dags/example_nested_branch_dag.py
[2026-03-28T22:16:36.734+0000] {processor.py:840} INFO - DAG(s) 'example_nested_branch_dag' retrieved from /home/airflow/.local/lib/python3.8/site-packages/airflow/example_dags/example_nested_branch_dag.py
[2026-03-28T22:16:36.758+0000] {logging_mixin.py:188} INFO - [2026-03-28T22:16:36.758+0000] {dag.py:3036} INFO - Sync 1 DAGs
[2026-03-28T22:16:36.777+0000] {logging_mixin.py:188} INFO - [2026-03-28T22:16:36.777+0000] {dag.py:3823} INFO - Setting next_dagrun for example_nested_branch_dag to 2026-03-27 00:00:00+00:00, run_after=2026-03-28 00:00:00+00:00
[2026-03-28T22:16:36.802+0000] {processor.py:183} INFO - Processing /home/airflow/.local/lib/python3.8/site-packages/airflow/example_dags/example_nested_branch_dag.py took 0.083 seconds
[2026-03-28T22:17:07.021+0000] {processor.py:161} INFO - Started process (PID=395) to work on /home/airflow/.local/lib/python3.8/site-packages/airflow/example_dags/example_nested_branch_dag.py
[2026-03-28T22:17:07.022+0000] {processor.py:830} INFO - Processing file /home/airflow/.local/lib/python3.8/site-packages/airflow/example_dags/example_nested_branch_dag.py for tasks to queue
[2026-03-28T22:17:07.025+0000] {logging_mixin.py:188} INFO - [2026-03-28T22:17:07.025+0000] {dagbag.py:538} INFO - Filling up the DagBag from /home/airflow/.local/lib/python3.8/site-packages/airflow/example_dags/example_nested_branch_dag.py
[2026-03-28T22:17:07.034+0000] {processor.py:840} INFO - DAG(s) 'example_nested_branch_dag' retrieved from /home/airflow/.local/lib/python3.8/site-packages/airflow/example_dags/example_nested_branch_dag.py
[2026-03-28T22:17:07.057+0000] {logging_mixin.py:188} INFO - [2026-03-28T22:17:07.056+0000] {dag.py:3036} INFO - Sync 1 DAGs
[2026-03-28T22:17:07.080+0000] {logging_mixin.py:188} INFO - [2026-03-28T22:17:07.080+0000] {dag.py:3823} INFO - Setting next_dagrun for example_nested_branch_dag to 2026-03-27 00:00:00+00:00, run_after=2026-03-28 00:00:00+00:00
[2026-03-28T22:17:07.105+0000] {processor.py:183} INFO - Processing /home/airflow/.local/lib/python3.8/site-packages/airflow/example_dags/example_nested_branch_dag.py took 0.087 seconds
[2026-03-28T22:17:37.293+0000] {processor.py:161} INFO - Started process (PID=451) to work on /home/airflow/.local/lib/python3.8/site-packages/airflow/example_dags/example_nested_branch_dag.py
[2026-03-28T22:17:37.296+0000] {processor.py:830} INFO - Processing file /home/airflow/.local/lib/python3.8/site-packages/airflow/example_dags/example_nested_branch_dag.py for tasks to queue
[2026-03-28T22:17:37.298+0000] {logging_mixin.py:188} INFO - [2026-03-28T22:17:37.298+0000] {dagbag.py:538} INFO - Filling up the DagBag from /home/airflow/.local/lib/python3.8/site-packages/airflow/example_dags/example_nested_branch_dag.py
[2026-03-28T22:17:37.308+0000] {processor.py:840} INFO - DAG(s) 'example_nested_branch_dag' retrieved from /home/airflow/.local/lib/python3.8/site-packages/airflow/example_dags/example_nested_branch_dag.py
[2026-03-28T22:17:37.331+0000] {logging_mixin.py:188} INFO - [2026-03-28T22:17:37.331+0000] {dag.py:3036} INFO - Sync 1 DAGs
[2026-03-28T22:17:37.352+0000] {logging_mixin.py:188} INFO - [2026-03-28T22:17:37.352+0000] {dag.py:3823} INFO - Setting next_dagrun for example_nested_branch_dag to 2026-03-27 00:00:00+00:00, run_after=2026-03-28 00:00:00+00:00
[2026-03-28T22:17:37.373+0000] {processor.py:183} INFO - Processing /home/airflow/.local/lib/python3.8/site-packages/airflow/example_dags/example_nested_branch_dag.py took 0.084 seconds
[2026-03-28T22:18:07.933+0000] {processor.py:161} INFO - Started process (PID=507) to work on /home/airflow/.local/lib/python3.8/site-packages/airflow/example_dags/example_nested_branch_dag.py
[2026-03-28T22:18:07.934+0000] {processor.py:830} INFO - Processing file /home/airflow/.local/lib/python3.8/site-packages/airflow/example_dags/example_nested_branch_dag.py for tasks to queue
[2026-03-28T22:18:07.937+0000] {logging_mixin.py:188} INFO - [2026-03-28T22:18:07.936+0000] {dagbag.py:538} INFO - Filling up the DagBag from /home/airflow/.local/lib/python3.8/site-packages/airflow/example_dags/example_nested_branch_dag.py
[2026-03-28T22:18:07.947+0000] {processor.py:840} INFO - DAG(s) 'example_nested_branch_dag' retrieved from /home/airflow/.local/lib/python3.8/site-packages/airflow/example_dags/example_nested_branch_dag.py
[2026-03-28T22:18:07.968+0000] {logging_mixin.py:188} INFO - [2026-03-28T22:18:07.968+0000] {dag.py:3036} INFO - Sync 1 DAGs
[2026-03-28T22:18:07.990+0000] {logging_mixin.py:188} INFO - [2026-03-28T22:18:07.990+0000] {dag.py:3823} INFO - Setting next_dagrun for example_nested_branch_dag to 2026-03-27 00:00:00+00:00, run_after=2026-03-28 00:00:00+00:00
[2026-03-28T22:18:08.012+0000] {processor.py:183} INFO - Processing /home/airflow/.local/lib/python3.8/site-packages/airflow/example_dags/example_nested_branch_dag.py took 0.082 seconds
[2026-03-28T22:18:38.132+0000] {processor.py:161} INFO - Started process (PID=563) to work on /home/airflow/.local/lib/python3.8/site-packages/airflow/example_dags/example_nested_branch_dag.py
[2026-03-28T22:18:38.134+0000] {processor.py:830} INFO - Processing file /home/airflow/.local/lib/python3.8/site-packages/airflow/example_dags/example_nested_branch_dag.py for tasks to queue
[2026-03-28T22:18:38.136+0000] {logging_mixin.py:188} INFO - [2026-03-28T22:18:38.136+0000] {dagbag.py:538} INFO - Filling up the DagBag from /home/airflow/.local/lib/python3.8/site-packages/airflow/example_dags/example_nested_branch_dag.py
[2026-03-28T22:18:38.148+0000] {processor.py:840} INFO - DAG(s) 'example_nested_branch_dag' retrieved from /home/airflow/.local/lib/python3.8/site-packages/airflow/example_dags/example_nested_branch_dag.py
[2026-03-28T22:18:38.171+0000] {logging_mixin.py:188} INFO - [2026-03-28T22:18:38.171+0000] {dag.py:3036} INFO - Sync 1 DAGs
[2026-03-28T22:18:38.192+0000] {logging_mixin.py:188} INFO - [2026-03-28T22:18:38.191+0000] {dag.py:3823} INFO - Setting next_dagrun for example_nested_branch_dag to 2026-03-27 00:00:00+00:00, run_after=2026-03-28 00:00:00+00:00
[2026-03-28T22:18:38.212+0000] {processor.py:183} INFO - Processing /home/airflow/.local/lib/python3.8/site-packages/airflow/example_dags/example_nested_branch_dag.py took 0.084 seconds
[2026-03-28T22:19:08.455+0000] {processor.py:161} INFO - Started process (PID=619) to work on /home/airflow/.local/lib/python3.8/site-packages/airflow/example_dags/example_nested_branch_dag.py
[2026-03-28T22:19:08.456+0000] {processor.py:830} INFO - Processing file /home/airflow/.local/lib/python3.8/site-packages/airflow/example_dags/example_nested_branch_dag.py for tasks to queue
[2026-03-28T22:19:08.458+0000] {logging_mixin.py:188} INFO - [2026-03-28T22:19:08.458+0000] {dagbag.py:538} INFO - Filling up the DagBag from /home/airflow/.local/lib/python3.8/site-packages/airflow/example_dags/example_nested_branch_dag.py
[2026-03-28T22:19:08.470+0000] {processor.py:840} INFO - DAG(s) 'example_nested_branch_dag' retrieved from /home/airflow/.local/lib/python3.8/site-packages/airflow/example_dags/example_nested_branch_dag.py
[2026-03-28T22:19:08.493+0000] {logging_mixin.py:188} INFO - [2026-03-28T22:19:08.493+0000] {dag.py:3036} INFO - Sync 1 DAGs
[2026-03-28T22:19:08.513+0000] {logging_mixin.py:188} INFO - [2026-03-28T22:19:08.513+0000] {dag.py:3823} INFO - Setting next_dagrun for example_nested_branch_dag to 2026-03-27 00:00:00+00:00, run_after=2026-03-28 00:00:00+00:00
[2026-03-28T22:19:08.537+0000] {processor.py:183} INFO - Processing /home/airflow/.local/lib/python3.8/site-packages/airflow/example_dags/example_nested_branch_dag.py took 0.084 seconds
[2026-03-28T22:19:39.272+0000] {processor.py:161} INFO - Started process (PID=675) to work on /home/airflow/.local/lib/python3.8/site-packages/airflow/example_dags/example_nested_branch_dag.py
[2026-03-28T22:19:39.273+0000] {processor.py:830} INFO - Processing file /home/airflow/.local/lib/python3.8/site-packages/airflow/example_dags/example_nested_branch_dag.py for tasks to queue
[2026-03-28T22:19:39.276+0000] {logging_mixin.py:188} INFO - [2026-03-28T22:19:39.275+0000] {dagbag.py:538} INFO - Filling up the DagBag from /home/airflow/.local/lib/python3.8/site-packages/airflow/example_dags/example_nested_branch_dag.py
[2026-03-28T22:19:39.285+0000] {processor.py:840} INFO - DAG(s) 'example_nested_branch_dag' retrieved from /home/airflow/.local/lib/python3.8/site-packages/airflow/example_dags/example_nested_branch_dag.py
[2026-03-28T22:19:39.309+0000] {logging_mixin.py:188} INFO - [2026-03-28T22:19:39.309+0000] {dag.py:3036} INFO - Sync 1 DAGs
[2026-03-28T22:19:39.333+0000] {logging_mixin.py:188} INFO - [2026-03-28T22:19:39.333+0000] {dag.py:3823} INFO - Setting next_dagrun for example_nested_branch_dag to 2026-03-27 00:00:00+00:00, run_after=2026-03-28 00:00:00+00:00
[2026-03-28T22:19:39.368+0000] {processor.py:183} INFO - Processing /home/airflow/.local/lib/python3.8/site-packages/airflow/example_dags/example_nested_branch_dag.py took 0.100 seconds
[2026-03-28T22:20:09.908+0000] {processor.py:161} INFO - Started process (PID=731) to work on /home/airflow/.local/lib/python3.8/site-packages/airflow/example_dags/example_nested_branch_dag.py
[2026-03-28T22:20:09.910+0000] {processor.py:830} INFO - Processing file /home/airflow/.local/lib/python3.8/site-packages/airflow/example_dags/example_nested_branch_dag.py for tasks to queue
[2026-03-28T22:20:09.912+0000] {logging_mixin.py:188} INFO - [2026-03-28T22:20:09.911+0000] {dagbag.py:538} INFO - Filling up the DagBag from /home/airflow/.local/lib/python3.8/site-packages/airflow/example_dags/example_nested_branch_dag.py
[2026-03-28T22:20:09.921+0000] {processor.py:840} INFO - DAG(s) 'example_nested_branch_dag' retrieved from /home/airflow/.local/lib/python3.8/site-packages/airflow/example_dags/example_nested_branch_dag.py
[2026-03-28T22:20:09.945+0000] {logging_mixin.py:188} INFO - [2026-03-28T22:20:09.945+0000] {dag.py:3036} INFO - Sync 1 DAGs
[2026-03-28T22:20:09.968+0000] {logging_mixin.py:188} INFO - [2026-03-28T22:20:09.968+0000] {dag.py:3823} INFO - Setting next_dagrun for example_nested_branch_dag to 2026-03-27 00:00:00+00:00, run_after=2026-03-28 00:00:00+00:00
[2026-03-28T22:20:10.048+0000] {processor.py:183} INFO - Processing /home/airflow/.local/lib/python3.8/site-packages/airflow/example_dags/example_nested_branch_dag.py took 0.143 seconds
[2026-03-28T22:20:40.191+0000] {processor.py:161} INFO - Started process (PID=787) to work on /home/airflow/.local/lib/python3.8/site-packages/airflow/example_dags/example_nested_branch_dag.py
[2026-03-28T22:20:40.193+0000] {processor.py:830} INFO - Processing file /home/airflow/.local/lib/python3.8/site-packages/airflow/example_dags/example_nested_branch_dag.py for tasks to queue
[2026-03-28T22:20:40.195+0000] {logging_mixin.py:188} INFO - [2026-03-28T22:20:40.195+0000] {dagbag.py:538} INFO - Filling up the DagBag from /home/airflow/.local/lib/python3.8/site-packages/airflow/example_dags/example_nested_branch_dag.py
[2026-03-28T22:20:40.206+0000] {processor.py:840} INFO - DAG(s) 'example_nested_branch_dag' retrieved from /home/airflow/.local/lib/python3.8/site-packages/airflow/example_dags/example_nested_branch_dag.py
[2026-03-28T22:20:40.230+0000] {logging_mixin.py:188} INFO - [2026-03-28T22:20:40.230+0000] {dag.py:3036} INFO - Sync 1 DAGs
[2026-03-28T22:20:40.254+0000] {logging_mixin.py:188} INFO - [2026-03-28T22:20:40.254+0000] {dag.py:3823} INFO - Setting next_dagrun for example_nested_branch_dag to 2026-03-27 00:00:00+00:00, run_after=2026-03-28 00:00:00+00:00
[2026-03-28T22:20:40.280+0000] {processor.py:183} INFO - Processing /home/airflow/.local/lib/python3.8/site-packages/airflow/example_dags/example_nested_branch_dag.py took 0.092 seconds
[2026-03-28T22:21:10.816+0000] {processor.py:161} INFO - Started process (PID=843) to work on /home/airflow/.local/lib/python3.8/site-packages/airflow/example_dags/example_nested_branch_dag.py
[2026-03-28T22:21:10.817+0000] {processor.py:830} INFO - Processing file /home/airflow/.local/lib/python3.8/site-packages/airflow/example_dags/example_nested_branch_dag.py for tasks to queue
[2026-03-28T22:21:10.819+0000] {logging_mixin.py:188} INFO - [2026-03-28T22:21:10.819+0000] {dagbag.py:538} INFO - Filling up the DagBag from /home/airflow/.local/lib/python3.8/site-packages/airflow/example_dags/example_nested_branch_dag.py
[2026-03-28T22:21:10.829+0000] {processor.py:840} INFO - DAG(s) 'example_nested_branch_dag' retrieved from /home/airflow/.local/lib/python3.8/site-packages/airflow/example_dags/example_nested_branch_dag.py
[2026-03-28T22:21:10.851+0000] {logging_mixin.py:188} INFO - [2026-03-28T22:21:10.851+0000] {dag.py:3036} INFO - Sync 1 DAGs
[2026-03-28T22:21:10.871+0000] {logging_mixin.py:188} INFO - [2026-03-28T22:21:10.871+0000] {dag.py:3823} INFO - Setting next_dagrun for example_nested_branch_dag to 2026-03-27 00:00:00+00:00, run_after=2026-03-28 00:00:00+00:00
[2026-03-28T22:21:10.983+0000] {processor.py:183} INFO - Processing /home/airflow/.local/lib/python3.8/site-packages/airflow/example_dags/example_nested_branch_dag.py took 0.170 seconds
[2026-03-28T22:21:41.369+0000] {processor.py:161} INFO - Started process (PID=899) to work on /home/airflow/.local/lib/python3.8/site-packages/airflow/example_dags/example_nested_branch_dag.py
[2026-03-28T22:21:41.370+0000] {processor.py:830} INFO - Processing file /home/airflow/.local/lib/python3.8/site-packages/airflow/example_dags/example_nested_branch_dag.py for tasks to queue
[2026-03-28T22:21:41.373+0000] {logging_mixin.py:188} INFO - [2026-03-28T22:21:41.373+0000] {dagbag.py:538} INFO - Filling up the DagBag from /home/airflow/.local/lib/python3.8/site-packages/airflow/example_dags/example_nested_branch_dag.py
[2026-03-28T22:21:41.385+0000] {processor.py:840} INFO - DAG(s) 'example_nested_branch_dag' retrieved from /home/airflow/.local/lib/python3.8/site-packages/airflow/example_dags/example_nested_branch_dag.py
[2026-03-28T22:21:41.411+0000] {logging_mixin.py:188} INFO - [2026-03-28T22:21:41.411+0000] {dag.py:3036} INFO - Sync 1 DAGs
[2026-03-28T22:21:41.439+0000] {logging_mixin.py:188} INFO - [2026-03-28T22:21:41.438+0000] {dag.py:3823} INFO - Setting next_dagrun for example_nested_branch_dag to 2026-03-27 00:00:00+00:00, run_after=2026-03-28 00:00:00+00:00
[2026-03-28T22:21:41.465+0000] {processor.py:183} INFO - Processing /home/airflow/.local/lib/python3.8/site-packages/airflow/example_dags/example_nested_branch_dag.py took 0.100 seconds
[2026-03-28T22:22:11.658+0000] {processor.py:161} INFO - Started process (PID=955) to work on /home/airflow/.local/lib/python3.8/site-packages/airflow/example_dags/example_nested_branch_dag.py
[2026-03-28T22:22:11.659+0000] {processor.py:830} INFO - Processing file /home/airflow/.local/lib/python3.8/site-packages/airflow/example_dags/example_nested_branch_dag.py for tasks to queue
[2026-03-28T22:22:11.662+0000] {logging_mixin.py:188} INFO - [2026-03-28T22:22:11.662+0000] {dagbag.py:538} INFO - Filling up the DagBag from /home/airflow/.local/lib/python3.8/site-packages/airflow/example_dags/example_nested_branch_dag.py
[2026-03-28T22:22:11.672+0000] {processor.py:840} INFO - DAG(s) 'example_nested_branch_dag' retrieved from /home/airflow/.local/lib/python3.8/site-packages/airflow/example_dags/example_nested_branch_dag.py
[2026-03-28T22:22:11.695+0000] {logging_mixin.py:188} INFO - [2026-03-28T22:22:11.694+0000] {dag.py:3036} INFO - Sync 1 DAGs
[2026-03-28T22:22:11.715+0000] {logging_mixin.py:188} INFO - [2026-03-28T22:22:11.714+0000] {dag.py:3823} INFO - Setting next_dagrun for example_nested_branch_dag to 2026-03-27 00:00:00+00:00, run_after=2026-03-28 00:00:00+00:00
[2026-03-28T22:22:11.736+0000] {processor.py:183} INFO - Processing /home/airflow/.local/lib/python3.8/site-packages/airflow/example_dags/example_nested_branch_dag.py took 0.082 seconds
[2026-03-28T22:22:41.930+0000] {processor.py:161} INFO - Started process (PID=1011) to work on /home/airflow/.local/lib/python3.8/site-packages/airflow/example_dags/example_nested_branch_dag.py
[2026-03-28T22:22:41.931+0000] {processor.py:830} INFO - Processing file /home/airflow/.local/lib/python3.8/site-packages/airflow/example_dags/example_nested_branch_dag.py for tasks to queue
[2026-03-28T22:22:41.934+0000] {logging_mixin.py:188} INFO - [2026-03-28T22:22:41.934+0000] {dagbag.py:538} INFO - Filling up the DagBag from /home/airflow/.local/lib/python3.8/site-packages/airflow/example_dags/example_nested_branch_dag.py
[2026-03-28T22:22:41.945+0000] {processor.py:840} INFO - DAG(s) 'example_nested_branch_dag' retrieved from /home/airflow/.local/lib/python3.8/site-packages/airflow/example_dags/example_nested_branch_dag.py
[2026-03-28T22:22:41.969+0000] {logging_mixin.py:188} INFO - [2026-03-28T22:22:41.968+0000] {dag.py:3036} INFO - Sync 1 DAGs
[2026-03-28T22:22:41.993+0000] {logging_mixin.py:188} INFO - [2026-03-28T22:22:41.993+0000] {dag.py:3823} INFO - Setting next_dagrun for example_nested_branch_dag to 2026-03-27 00:00:00+00:00, run_after=2026-03-28 00:00:00+00:00
[2026-03-28T22:22:42.015+0000] {processor.py:183} INFO - Processing /home/airflow/.local/lib/python3.8/site-packages/airflow/example_dags/example_nested_branch_dag.py took 0.089 seconds
[2026-03-28T22:23:12.243+0000] {processor.py:161} INFO - Started process (PID=1067) to work on /home/airflow/.local/lib/python3.8/site-packages/airflow/example_dags/example_nested_branch_dag.py
[2026-03-28T22:23:12.244+0000] {processor.py:830} INFO - Processing file /home/airflow/.local/lib/python3.8/site-packages/airflow/example_dags/example_nested_branch_dag.py for tasks to queue
[2026-03-28T22:23:12.247+0000] {logging_mixin.py:188} INFO - [2026-03-28T22:23:12.246+0000] {dagbag.py:538} INFO - Filling up the DagBag from /home/airflow/.local/lib/python3.8/site-packages/airflow/example_dags/example_nested_branch_dag.py
[2026-03-28T22:23:12.257+0000] {processor.py:840} INFO - DAG(s) 'example_nested_branch_dag' retrieved from /home/airflow/.local/lib/python3.8/site-packages/airflow/example_dags/example_nested_branch_dag.py
[2026-03-28T22:23:12.280+0000] {logging_mixin.py:188} INFO - [2026-03-28T22:23:12.279+0000] {dag.py:3036} INFO - Sync 1 DAGs
[2026-03-28T22:23:12.307+0000] {logging_mixin.py:188} INFO - [2026-03-28T22:23:12.307+0000] {dag.py:3823} INFO - Setting next_dagrun for example_nested_branch_dag to 2026-03-27 00:00:00+00:00, run_after=2026-03-28 00:00:00+00:00
[2026-03-28T22:23:12.329+0000] {processor.py:183} INFO - Processing /home/airflow/.local/lib/python3.8/site-packages/airflow/example_dags/example_nested_branch_dag.py took 0.089 seconds
[2026-03-28T22:23:42.504+0000] {processor.py:161} INFO - Started process (PID=1123) to work on /home/airflow/.local/lib/python3.8/site-packages/airflow/example_dags/example_nested_branch_dag.py
[2026-03-28T22:23:42.505+0000] {processor.py:830} INFO - Processing file /home/airflow/.local/lib/python3.8/site-packages/airflow/example_dags/example_nested_branch_dag.py for tasks to queue
[2026-03-28T22:23:42.512+0000] {logging_mixin.py:188} INFO - [2026-03-28T22:23:42.512+0000] {dagbag.py:538} INFO - Filling up the DagBag from /home/airflow/.local/lib/python3.8/site-packages/airflow/example_dags/example_nested_branch_dag.py
[2026-03-28T22:23:42.524+0000] {processor.py:840} INFO - DAG(s) 'example_nested_branch_dag' retrieved from /home/airflow/.local/lib/python3.8/site-packages/airflow/example_dags/example_nested_branch_dag.py
[2026-03-28T22:23:42.551+0000] {logging_mixin.py:188} INFO - [2026-03-28T22:23:42.551+0000] {dag.py:3036} INFO - Sync 1 DAGs
[2026-03-28T22:23:42.576+0000] {logging_mixin.py:188} INFO - [2026-03-28T22:23:42.576+0000] {dag.py:3823} INFO - Setting next_dagrun for example_nested_branch_dag to 2026-03-27 00:00:00+00:00, run_after=2026-03-28 00:00:00+00:00
[2026-03-28T22:23:42.603+0000] {processor.py:183} INFO - Processing /home/airflow/.local/lib/python3.8/site-packages/airflow/example_dags/example_nested_branch_dag.py took 0.103 seconds
[2026-03-28T22:24:12.862+0000] {processor.py:161} INFO - Started process (PID=1179) to work on /home/airflow/.local/lib/python3.8/site-packages/airflow/example_dags/example_nested_branch_dag.py
[2026-03-28T22:24:12.864+0000] {processor.py:830} INFO - Processing file /home/airflow/.local/lib/python3.8/site-packages/airflow/example_dags/example_nested_branch_dag.py for tasks to queue
[2026-03-28T22:24:12.867+0000] {logging_mixin.py:188} INFO - [2026-03-28T22:24:12.867+0000] {dagbag.py:538} INFO - Filling up the DagBag from /home/airflow/.local/lib/python3.8/site-packages/airflow/example_dags/example_nested_branch_dag.py
[2026-03-28T22:24:12.877+0000] {processor.py:840} INFO - DAG(s) 'example_nested_branch_dag' retrieved from /home/airflow/.local/lib/python3.8/site-packages/airflow/example_dags/example_nested_branch_dag.py
[2026-03-28T22:24:12.902+0000] {logging_mixin.py:188} INFO - [2026-03-28T22:24:12.901+0000] {dag.py:3036} INFO - Sync 1 DAGs
[2026-03-28T22:24:12.922+0000] {logging_mixin.py:188} INFO - [2026-03-28T22:24:12.922+0000] {dag.py:3823} INFO - Setting next_dagrun for example_nested_branch_dag to 2026-03-27 00:00:00+00:00, run_after=2026-03-28 00:00:00+00:00
[2026-03-28T22:24:12.943+0000] {processor.py:183} INFO - Processing /home/airflow/.local/lib/python3.8/site-packages/airflow/example_dags/example_nested_branch_dag.py took 0.086 seconds
[2026-03-28T22:24:43.286+0000] {processor.py:161} INFO - Started process (PID=1235) to work on /home/airflow/.local/lib/python3.8/site-packages/airflow/example_dags/example_nested_branch_dag.py
[2026-03-28T22:24:43.288+0000] {processor.py:830} INFO - Processing file /home/airflow/.local/lib/python3.8/site-packages/airflow/example_dags/example_nested_branch_dag.py for tasks to queue
[2026-03-28T22:24:43.290+0000] {logging_mixin.py:188} INFO - [2026-03-28T22:24:43.289+0000] {dagbag.py:538} INFO - Filling up the DagBag from /home/airflow/.local/lib/python3.8/site-packages/airflow/example_dags/example_nested_branch_dag.py
[2026-03-28T22:24:43.299+0000] {processor.py:840} INFO - DAG(s) 'example_nested_branch_dag' retrieved from /home/airflow/.local/lib/python3.8/site-packages/airflow/example_dags/example_nested_branch_dag.py
[2026-03-28T22:24:43.326+0000] {logging_mixin.py:188} INFO - [2026-03-28T22:24:43.326+0000] {dag.py:3036} INFO - Sync 1 DAGs
[2026-03-28T22:24:43.348+0000] {logging_mixin.py:188} INFO - [2026-03-28T22:24:43.348+0000] {dag.py:3823} INFO - Setting next_dagrun for example_nested_branch_dag to 2026-03-27 00:00:00+00:00, run_after=2026-03-28 00:00:00+00:00
[2026-03-28T22:24:43.370+0000] {processor.py:183} INFO - Processing /home/airflow/.local/lib/python3.8/site-packages/airflow/example_dags/example_nested_branch_dag.py took 0.087 seconds
[2026-03-28T22:25:13.439+0000] {processor.py:161} INFO - Started process (PID=1291) to work on /home/airflow/.local/lib/python3.8/site-packages/airflow/example_dags/example_nested_branch_dag.py
[2026-03-28T22:25:13.440+0000] {processor.py:830} INFO - Processing file /home/airflow/.local/lib/python3.8/site-packages/airflow/example_dags/example_nested_branch_dag.py for tasks to queue
[2026-03-28T22:25:13.442+0000] {logging_mixin.py:188} INFO - [2026-03-28T22:25:13.442+0000] {dagbag.py:538} INFO - Filling up the DagBag from /home/airflow/.local/lib/python3.8/site-packages/airflow/example_dags/example_nested_branch_dag.py
[2026-03-28T22:25:13.451+0000] {processor.py:840} INFO - DAG(s) 'example_nested_branch_dag' retrieved from /home/airflow/.local/lib/python3.8/site-packages/airflow/example_dags/example_nested_branch_dag.py
[2026-03-28T22:25:13.475+0000] {logging_mixin.py:188} INFO - [2026-03-28T22:25:13.474+0000] {dag.py:3036} INFO - Sync 1 DAGs
[2026-03-28T22:25:13.495+0000] {logging_mixin.py:188} INFO - [2026-03-28T22:25:13.495+0000] {dag.py:3823} INFO - Setting next_dagrun for example_nested_branch_dag to 2026-03-27 00:00:00+00:00, run_after=2026-03-28 00:00:00+00:00
[2026-03-28T22:25:13.519+0000] {processor.py:183} INFO - Processing /home/airflow/.local/lib/python3.8/site-packages/airflow/example_dags/example_nested_branch_dag.py took 0.083 seconds
[2026-03-28T22:25:43.758+0000] {processor.py:161} INFO - Started process (PID=1347) to work on /home/airflow/.local/lib/python3.8/site-packages/airflow/example_dags/example_nested_branch_dag.py
[2026-03-28T22:25:43.759+0000] {processor.py:830} INFO - Processing file /home/airflow/.local/lib/python3.8/site-packages/airflow/example_dags/example_nested_branch_dag.py for tasks to queue
[2026-03-28T22:25:43.761+0000] {logging_mixin.py:188} INFO - [2026-03-28T22:25:43.761+0000] {dagbag.py:538} INFO - Filling up the DagBag from /home/airflow/.local/lib/python3.8/site-packages/airflow/example_dags/example_nested_branch_dag.py
[2026-03-28T22:25:43.770+0000] {processor.py:840} INFO - DAG(s) 'example_nested_branch_dag' retrieved from /home/airflow/.local/lib/python3.8/site-packages/airflow/example_dags/example_nested_branch_dag.py
[2026-03-28T22:25:43.793+0000] {logging_mixin.py:188} INFO - [2026-03-28T22:25:43.793+0000] {dag.py:3036} INFO - Sync 1 DAGs
[2026-03-28T22:25:43.813+0000] {logging_mixin.py:188} INFO - [2026-03-28T22:25:43.813+0000] {dag.py:3823} INFO - Setting next_dagrun for example_nested_branch_dag to 2026-03-27 00:00:00+00:00, run_after=2026-03-28 00:00:00+00:00
[2026-03-28T22:25:43.834+0000] {processor.py:183} INFO - Processing /home/airflow/.local/lib/python3.8/site-packages/airflow/example_dags/example_nested_branch_dag.py took 0.079 seconds
[2026-03-28T22:26:14.123+0000] {processor.py:161} INFO - Started process (PID=1404) to work on /home/airflow/.local/lib/python3.8/site-packages/airflow/example_dags/example_nested_branch_dag.py
[2026-03-28T22:26:14.124+0000] {processor.py:830} INFO - Processing file /home/airflow/.local/lib/python3.8/site-packages/airflow/example_dags/example_nested_branch_dag.py for tasks to queue
[2026-03-28T22:26:14.126+0000] {logging_mixin.py:188} INFO - [2026-03-28T22:26:14.126+0000] {dagbag.py:538} INFO - Filling up the DagBag from /home/airflow/.local/lib/python3.8/site-packages/airflow/example_dags/example_nested_branch_dag.py
[2026-03-28T22:26:14.139+0000] {processor.py:840} INFO - DAG(s) 'example_nested_branch_dag' retrieved from /home/airflow/.local/lib/python3.8/site-packages/airflow/example_dags/example_nested_branch_dag.py
[2026-03-28T22:26:14.163+0000] {logging_mixin.py:188} INFO - [2026-03-28T22:26:14.162+0000] {dag.py:3036} INFO - Sync 1 DAGs
[2026-03-28T22:26:14.183+0000] {logging_mixin.py:188} INFO - [2026-03-28T22:26:14.183+0000] {dag.py:3823} INFO - Setting next_dagrun for example_nested_branch_dag to 2026-03-27 00:00:00+00:00, run_after=2026-03-28 00:00:00+00:00
[2026-03-28T22:26:14.205+0000] {processor.py:183} INFO - Processing /home/airflow/.local/lib/python3.8/site-packages/airflow/example_dags/example_nested_branch_dag.py took 0.085 seconds
[2026-03-28T22:26:44.323+0000] {processor.py:161} INFO - Started process (PID=1460) to work on /home/airflow/.local/lib/python3.8/site-packages/airflow/example_dags/example_nested_branch_dag.py
[2026-03-28T22:26:44.324+0000] {processor.py:830} INFO - Processing file /home/airflow/.local/lib/python3.8/site-packages/airflow/example_dags/example_nested_branch_dag.py for tasks to queue
[2026-03-28T22:26:44.326+0000] {logging_mixin.py:188} INFO - [2026-03-28T22:26:44.326+0000] {dagbag.py:538} INFO - Filling up the DagBag from /home/airflow/.local/lib/python3.8/site-packages/airflow/example_dags/example_nested_branch_dag.py
[2026-03-28T22:26:44.336+0000] {processor.py:840} INFO - DAG(s) 'example_nested_branch_dag' retrieved from /home/airflow/.local/lib/python3.8/site-packages/airflow/example_dags/example_nested_branch_dag.py
[2026-03-28T22:26:44.358+0000] {logging_mixin.py:188} INFO - [2026-03-28T22:26:44.357+0000] {dag.py:3036} INFO - Sync 1 DAGs
[2026-03-28T22:26:44.378+0000] {logging_mixin.py:188} INFO - [2026-03-28T22:26:44.377+0000] {dag.py:3823} INFO - Setting next_dagrun for example_nested_branch_dag to 2026-03-27 00:00:00+00:00, run_after=2026-03-28 00:00:00+00:00
[2026-03-28T22:26:44.404+0000] {processor.py:183} INFO - Processing /home/airflow/.local/lib/python3.8/site-packages/airflow/example_dags/example_nested_branch_dag.py took 0.085 seconds
[2026-03-28T22:27:14.792+0000] {processor.py:161} INFO - Started process (PID=1516) to work on /home/airflow/.local/lib/python3.8/site-packages/airflow/example_dags/example_nested_branch_dag.py
[2026-03-28T22:27:14.794+0000] {processor.py:830} INFO - Processing file /home/airflow/.local/lib/python3.8/site-packages/airflow/example_dags/example_nested_branch_dag.py for tasks to queue
[2026-03-28T22:27:14.796+0000] {logging_mixin.py:188} INFO - [2026-03-28T22:27:14.796+0000] {dagbag.py:538} INFO - Filling up the DagBag from /home/airflow/.local/lib/python3.8/site-packages/airflow/example_dags/example_nested_branch_dag.py
[2026-03-28T22:27:14.810+0000] {processor.py:840} INFO - DAG(s) 'example_nested_branch_dag' retrieved from /home/airflow/.local/lib/python3.8/site-packages/airflow/example_dags/example_nested_branch_dag.py
[2026-03-28T22:27:14.834+0000] {logging_mixin.py:188} INFO - [2026-03-28T22:27:14.834+0000] {dag.py:3036} INFO - Sync 1 DAGs
[2026-03-28T22:27:14.858+0000] {logging_mixin.py:188} INFO - [2026-03-28T22:27:14.858+0000] {dag.py:3823} INFO - Setting next_dagrun for example_nested_branch_dag to 2026-03-27 00:00:00+00:00, run_after=2026-03-28 00:00:00+00:00
[2026-03-28T22:27:14.885+0000] {processor.py:183} INFO - Processing /home/airflow/.local/lib/python3.8/site-packages/airflow/example_dags/example_nested_branch_dag.py took 0.096 seconds
[2026-03-28T22:27:45.529+0000] {processor.py:161} INFO - Started process (PID=1572) to work on /home/airflow/.local/lib/python3.8/site-packages/airflow/example_dags/example_nested_branch_dag.py
[2026-03-28T22:27:45.530+0000] {processor.py:830} INFO - Processing file /home/airflow/.local/lib/python3.8/site-packages/airflow/example_dags/example_nested_branch_dag.py for tasks to queue
[2026-03-28T22:27:45.532+0000] {logging_mixin.py:188} INFO - [2026-03-28T22:27:45.532+0000] {dagbag.py:538} INFO - Filling up the DagBag from /home/airflow/.local/lib/python3.8/site-packages/airflow/example_dags/example_nested_branch_dag.py
[2026-03-28T22:27:45.549+0000] {processor.py:840} INFO - DAG(s) 'example_nested_branch_dag' retrieved from /home/airflow/.local/lib/python3.8/site-packages/airflow/example_dags/example_nested_branch_dag.py
[2026-03-28T22:27:45.574+0000] {logging_mixin.py:188} INFO - [2026-03-28T22:27:45.574+0000] {dag.py:3036} INFO - Sync 1 DAGs
[2026-03-28T22:27:45.601+0000] {logging_mixin.py:188} INFO - [2026-03-28T22:27:45.601+0000] {dag.py:3823} INFO - Setting next_dagrun for example_nested_branch_dag to 2026-03-27 00:00:00+00:00, run_after=2026-03-28 00:00:00+00:00
[2026-03-28T22:27:45.668+0000] {processor.py:183} INFO - Processing /home/airflow/.local/lib/python3.8/site-packages/airflow/example_dags/example_nested_branch_dag.py took 0.142 seconds
[2026-03-28T22:28:15.957+0000] {processor.py:161} INFO - Started process (PID=1628) to work on /home/airflow/.local/lib/python3.8/site-packages/airflow/example_dags/example_nested_branch_dag.py
[2026-03-28T22:28:15.958+0000] {processor.py:830} INFO - Processing file /home/airflow/.local/lib/python3.8/site-packages/airflow/example_dags/example_nested_branch_dag.py for tasks to queue
[2026-03-28T22:28:15.961+0000] {logging_mixin.py:188} INFO - [2026-03-28T22:28:15.961+0000] {dagbag.py:538} INFO - Filling up the DagBag from /home/airflow/.local/lib/python3.8/site-packages/airflow/example_dags/example_nested_branch_dag.py
[2026-03-28T22:28:15.973+0000] {processor.py:840} INFO - DAG(s) 'example_nested_branch_dag' retrieved from /home/airflow/.local/lib/python3.8/site-packages/airflow/example_dags/example_nested_branch_dag.py
[2026-03-28T22:28:15.995+0000] {logging_mixin.py:188} INFO - [2026-03-28T22:28:15.994+0000] {dag.py:3036} INFO - Sync 1 DAGs
[2026-03-28T22:28:16.015+0000] {logging_mixin.py:188} INFO - [2026-03-28T22:28:16.015+0000] {dag.py:3823} INFO - Setting next_dagrun for example_nested_branch_dag to 2026-03-27 00:00:00+00:00, run_after=2026-03-28 00:00:00+00:00
[2026-03-28T22:28:16.045+0000] {processor.py:183} INFO - Processing /home/airflow/.local/lib/python3.8/site-packages/airflow/example_dags/example_nested_branch_dag.py took 0.092 seconds
[2026-03-28T22:28:46.165+0000] {processor.py:161} INFO - Started process (PID=1684) to work on /home/airflow/.local/lib/python3.8/site-packages/airflow/example_dags/example_nested_branch_dag.py
[2026-03-28T22:28:46.168+0000] {processor.py:830} INFO - Processing file /home/airflow/.local/lib/python3.8/site-packages/airflow/example_dags/example_nested_branch_dag.py for tasks to queue
[2026-03-28T22:28:46.170+0000] {logging_mixin.py:188} INFO - [2026-03-28T22:28:46.170+0000] {dagbag.py:538} INFO - Filling up the DagBag from /home/airflow/.local/lib/python3.8/site-packages/airflow/example_dags/example_nested_branch_dag.py
[2026-03-28T22:28:46.180+0000] {processor.py:840} INFO - DAG(s) 'example_nested_branch_dag' retrieved from /home/airflow/.local/lib/python3.8/site-packages/airflow/example_dags/example_nested_branch_dag.py
[2026-03-28T22:28:46.206+0000] {logging_mixin.py:188} INFO - [2026-03-28T22:28:46.206+0000] {dag.py:3036} INFO - Sync 1 DAGs
[2026-03-28T22:28:46.232+0000] {logging_mixin.py:188} INFO - [2026-03-28T22:28:46.231+0000] {dag.py:3823} INFO - Setting next_dagrun for example_nested_branch_dag to 2026-03-27 00:00:00+00:00, run_after=2026-03-28 00:00:00+00:00
[2026-03-28T22:28:46.281+0000] {processor.py:183} INFO - Processing /home/airflow/.local/lib/python3.8/site-packages/airflow/example_dags/example_nested_branch_dag.py took 0.120 seconds
[2026-03-28T22:29:16.682+0000] {processor.py:161} INFO - Started process (PID=1740) to work on /home/airflow/.local/lib/python3.8/site-packages/airflow/example_dags/example_nested_branch_dag.py
[2026-03-28T22:29:16.684+0000] {processor.py:830} INFO - Processing file /home/airflow/.local/lib/python3.8/site-packages/airflow/example_dags/example_nested_branch_dag.py for tasks to queue
[2026-03-28T22:29:16.686+0000] {logging_mixin.py:188} INFO - [2026-03-28T22:29:16.686+0000] {dagbag.py:538} INFO - Filling up the DagBag from /home/airflow/.local/lib/python3.8/site-packages/airflow/example_dags/example_nested_branch_dag.py
[2026-03-28T22:29:16.699+0000] {processor.py:840} INFO - DAG(s) 'example_nested_branch_dag' retrieved from /home/airflow/.local/lib/python3.8/site-packages/airflow/example_dags/example_nested_branch_dag.py
[2026-03-28T22:29:16.722+0000] {logging_mixin.py:188} INFO - [2026-03-28T22:29:16.722+0000] {dag.py:3036} INFO - Sync 1 DAGs
[2026-03-28T22:29:16.749+0000] {logging_mixin.py:188} INFO - [2026-03-28T22:29:16.748+0000] {dag.py:3823} INFO - Setting next_dagrun for example_nested_branch_dag to 2026-03-27 00:00:00+00:00, run_after=2026-03-28 00:00:00+00:00
[2026-03-28T22:29:16.773+0000] {processor.py:183} INFO - Processing /home/airflow/.local/lib/python3.8/site-packages/airflow/example_dags/example_nested_branch_dag.py took 0.095 seconds
[2026-03-28T22:29:47.140+0000] {processor.py:161} INFO - Started process (PID=1796) to work on /home/airflow/.local/lib/python3.8/site-packages/airflow/example_dags/example_nested_branch_dag.py
[2026-03-28T22:29:47.141+0000] {processor.py:830} INFO - Processing file /home/airflow/.local/lib/python3.8/site-packages/airflow/example_dags/example_nested_branch_dag.py for tasks to queue
[2026-03-28T22:29:47.143+0000] {logging_mixin.py:188} INFO - [2026-03-28T22:29:47.143+0000] {dagbag.py:538} INFO - Filling up the DagBag from /home/airflow/.local/lib/python3.8/site-packages/airflow/example_dags/example_nested_branch_dag.py
[2026-03-28T22:29:47.152+0000] {processor.py:840} INFO - DAG(s) 'example_nested_branch_dag' retrieved from /home/airflow/.local/lib/python3.8/site-packages/airflow/example_dags/example_nested_branch_dag.py
[2026-03-28T22:29:47.174+0000] {logging_mixin.py:188} INFO - [2026-03-28T22:29:47.174+0000] {dag.py:3036} INFO - Sync 1 DAGs
[2026-03-28T22:29:47.194+0000] {logging_mixin.py:188} INFO - [2026-03-28T22:29:47.194+0000] {dag.py:3823} INFO - Setting next_dagrun for example_nested_branch_dag to 2026-03-27 00:00:00+00:00, run_after=2026-03-28 00:00:00+00:00
[2026-03-28T22:29:47.215+0000] {processor.py:183} INFO - Processing /home/airflow/.local/lib/python3.8/site-packages/airflow/example_dags/example_nested_branch_dag.py took 0.078 seconds
[2026-03-28T22:30:17.423+0000] {processor.py:161} INFO - Started process (PID=1852) to work on /home/airflow/.local/lib/python3.8/site-packages/airflow/example_dags/example_nested_branch_dag.py
[2026-03-28T22:30:17.424+0000] {processor.py:830} INFO - Processing file /home/airflow/.local/lib/python3.8/site-packages/airflow/example_dags/example_nested_branch_dag.py for tasks to queue
[2026-03-28T22:30:17.427+0000] {logging_mixin.py:188} INFO - [2026-03-28T22:30:17.426+0000] {dagbag.py:538} INFO - Filling up the DagBag from /home/airflow/.local/lib/python3.8/site-packages/airflow/example_dags/example_nested_branch_dag.py
[2026-03-28T22:30:17.439+0000] {processor.py:840} INFO - DAG(s) 'example_nested_branch_dag' retrieved from /home/airflow/.local/lib/python3.8/site-packages/airflow/example_dags/example_nested_branch_dag.py
[2026-03-28T22:30:17.462+0000] {logging_mixin.py:188} INFO - [2026-03-28T22:30:17.462+0000] {dag.py:3036} INFO - Sync 1 DAGs
[2026-03-28T22:30:17.485+0000] {logging_mixin.py:188} INFO - [2026-03-28T22:30:17.485+0000] {dag.py:3823} INFO - Setting next_dagrun for example_nested_branch_dag to 2026-03-27 00:00:00+00:00, run_after=2026-03-28 00:00:00+00:00
[2026-03-28T22:30:17.510+0000] {processor.py:183} INFO - Processing /home/airflow/.local/lib/python3.8/site-packages/airflow/example_dags/example_nested_branch_dag.py took 0.094 seconds
[2026-03-28T22:30:47.869+0000] {processor.py:161} INFO - Started process (PID=1909) to work on /home/airflow/.local/lib/python3.8/site-packages/airflow/example_dags/example_nested_branch_dag.py
[2026-03-28T22:30:47.870+0000] {processor.py:830} INFO - Processing file /home/airflow/.local/lib/python3.8/site-packages/airflow/example_dags/example_nested_branch_dag.py for tasks to queue
[2026-03-28T22:30:47.873+0000] {logging_mixin.py:188} INFO - [2026-03-28T22:30:47.872+0000] {dagbag.py:538} INFO - Filling up the DagBag from /home/airflow/.local/lib/python3.8/site-packages/airflow/example_dags/example_nested_branch_dag.py
[2026-03-28T22:30:47.885+0000] {processor.py:840} INFO - DAG(s) 'example_nested_branch_dag' retrieved from /home/airflow/.local/lib/python3.8/site-packages/airflow/example_dags/example_nested_branch_dag.py
[2026-03-28T22:30:47.912+0000] {logging_mixin.py:188} INFO - [2026-03-28T22:30:47.912+0000] {dag.py:3036} INFO - Sync 1 DAGs
[2026-03-28T22:30:47.937+0000] {logging_mixin.py:188} INFO - [2026-03-28T22:30:47.937+0000] {dag.py:3823} INFO - Setting next_dagrun for example_nested_branch_dag to 2026-03-27 00:00:00+00:00, run_after=2026-03-28 00:00:00+00:00
[2026-03-28T22:30:47.960+0000] {processor.py:183} INFO - Processing /home/airflow/.local/lib/python3.8/site-packages/airflow/example_dags/example_nested_branch_dag.py took 0.095 seconds
[2026-03-28T22:31:35.561+0000] {processor.py:161} INFO - Started process (PID=54) to work on /home/airflow/.local/lib/python3.8/site-packages/airflow/example_dags/example_nested_branch_dag.py
[2026-03-28T22:31:35.563+0000] {processor.py:830} INFO - Processing file /home/airflow/.local/lib/python3.8/site-packages/airflow/example_dags/example_nested_branch_dag.py for tasks to queue
[2026-03-28T22:31:35.566+0000] {logging_mixin.py:188} INFO - [2026-03-28T22:31:35.566+0000] {dagbag.py:538} INFO - Filling up the DagBag from /home/airflow/.local/lib/python3.8/site-packages/airflow/example_dags/example_nested_branch_dag.py
[2026-03-28T22:31:35.591+0000] {processor.py:840} INFO - DAG(s) 'example_nested_branch_dag' retrieved from /home/airflow/.local/lib/python3.8/site-packages/airflow/example_dags/example_nested_branch_dag.py
[2026-03-28T22:31:35.615+0000] {logging_mixin.py:188} INFO - [2026-03-28T22:31:35.614+0000] {dag.py:3036} INFO - Sync 1 DAGs
[2026-03-28T22:31:35.662+0000] {logging_mixin.py:188} INFO - [2026-03-28T22:31:35.662+0000] {dag.py:3823} INFO - Setting next_dagrun for example_nested_branch_dag to 2026-03-27 00:00:00+00:00, run_after=2026-03-28 00:00:00+00:00
[2026-03-28T22:31:35.712+0000] {processor.py:183} INFO - Processing /home/airflow/.local/lib/python3.8/site-packages/airflow/example_dags/example_nested_branch_dag.py took 0.157 seconds
[2026-03-28T22:32:11.818+0000] {processor.py:161} INFO - Started process (PID=55) to work on /home/airflow/.local/lib/python3.8/site-packages/airflow/example_dags/example_nested_branch_dag.py
[2026-03-28T22:32:11.820+0000] {processor.py:830} INFO - Processing file /home/airflow/.local/lib/python3.8/site-packages/airflow/example_dags/example_nested_branch_dag.py for tasks to queue
[2026-03-28T22:32:11.823+0000] {logging_mixin.py:188} INFO - [2026-03-28T22:32:11.822+0000] {dagbag.py:538} INFO - Filling up the DagBag from /home/airflow/.local/lib/python3.8/site-packages/airflow/example_dags/example_nested_branch_dag.py
[2026-03-28T22:32:11.840+0000] {processor.py:840} INFO - DAG(s) 'example_nested_branch_dag' retrieved from /home/airflow/.local/lib/python3.8/site-packages/airflow/example_dags/example_nested_branch_dag.py
[2026-03-28T22:32:11.861+0000] {logging_mixin.py:188} INFO - [2026-03-28T22:32:11.861+0000] {dag.py:3036} INFO - Sync 1 DAGs
[2026-03-28T22:32:11.900+0000] {logging_mixin.py:188} INFO - [2026-03-28T22:32:11.899+0000] {dag.py:3823} INFO - Setting next_dagrun for example_nested_branch_dag to 2026-03-27 00:00:00+00:00, run_after=2026-03-28 00:00:00+00:00
[2026-03-28T22:32:11.934+0000] {processor.py:183} INFO - Processing /home/airflow/.local/lib/python3.8/site-packages/airflow/example_dags/example_nested_branch_dag.py took 0.122 seconds
[2026-03-28T22:32:42.029+0000] {processor.py:161} INFO - Started process (PID=111) to work on /home/airflow/.local/lib/python3.8/site-packages/airflow/example_dags/example_nested_branch_dag.py
[2026-03-28T22:32:42.031+0000] {processor.py:830} INFO - Processing file /home/airflow/.local/lib/python3.8/site-packages/airflow/example_dags/example_nested_branch_dag.py for tasks to queue
[2026-03-28T22:32:42.033+0000] {logging_mixin.py:188} INFO - [2026-03-28T22:32:42.033+0000] {dagbag.py:538} INFO - Filling up the DagBag from /home/airflow/.local/lib/python3.8/site-packages/airflow/example_dags/example_nested_branch_dag.py
[2026-03-28T22:32:42.047+0000] {processor.py:840} INFO - DAG(s) 'example_nested_branch_dag' retrieved from /home/airflow/.local/lib/python3.8/site-packages/airflow/example_dags/example_nested_branch_dag.py
[2026-03-28T22:32:42.162+0000] {logging_mixin.py:188} INFO - [2026-03-28T22:32:42.161+0000] {dag.py:3036} INFO - Sync 1 DAGs
[2026-03-28T22:32:42.183+0000] {logging_mixin.py:188} INFO - [2026-03-28T22:32:42.183+0000] {dag.py:3823} INFO - Setting next_dagrun for example_nested_branch_dag to 2026-03-27 00:00:00+00:00, run_after=2026-03-28 00:00:00+00:00
[2026-03-28T22:32:42.266+0000] {processor.py:183} INFO - Processing /home/airflow/.local/lib/python3.8/site-packages/airflow/example_dags/example_nested_branch_dag.py took 0.241 seconds
[2026-03-28T22:33:56.621+0000] {processor.py:161} INFO - Started process (PID=66) to work on /home/airflow/.local/lib/python3.8/site-packages/airflow/example_dags/example_nested_branch_dag.py
[2026-03-28T22:33:56.623+0000] {processor.py:830} INFO - Processing file /home/airflow/.local/lib/python3.8/site-packages/airflow/example_dags/example_nested_branch_dag.py for tasks to queue
[2026-03-28T22:33:56.626+0000] {logging_mixin.py:188} INFO - [2026-03-28T22:33:56.626+0000] {dagbag.py:538} INFO - Filling up the DagBag from /home/airflow/.local/lib/python3.8/site-packages/airflow/example_dags/example_nested_branch_dag.py
[2026-03-28T22:33:56.643+0000] {processor.py:840} INFO - DAG(s) 'example_nested_branch_dag' retrieved from /home/airflow/.local/lib/python3.8/site-packages/airflow/example_dags/example_nested_branch_dag.py
[2026-03-28T22:33:56.795+0000] {logging_mixin.py:188} INFO - [2026-03-28T22:33:56.795+0000] {dag.py:3036} INFO - Sync 1 DAGs
[2026-03-28T22:33:56.824+0000] {logging_mixin.py:188} INFO - [2026-03-28T22:33:56.824+0000] {dag.py:3823} INFO - Setting next_dagrun for example_nested_branch_dag to 2026-03-27 00:00:00+00:00, run_after=2026-03-28 00:00:00+00:00
[2026-03-28T22:33:56.855+0000] {processor.py:183} INFO - Processing /home/airflow/.local/lib/python3.8/site-packages/airflow/example_dags/example_nested_branch_dag.py took 0.239 seconds
[2026-03-28T22:34:27.654+0000] {processor.py:161} INFO - Started process (PID=122) to work on /home/airflow/.local/lib/python3.8/site-packages/airflow/example_dags/example_nested_branch_dag.py
[2026-03-28T22:34:27.656+0000] {processor.py:830} INFO - Processing file /home/airflow/.local/lib/python3.8/site-packages/airflow/example_dags/example_nested_branch_dag.py for tasks to queue
[2026-03-28T22:34:27.668+0000] {logging_mixin.py:188} INFO - [2026-03-28T22:34:27.666+0000] {dagbag.py:538} INFO - Filling up the DagBag from /home/airflow/.local/lib/python3.8/site-packages/airflow/example_dags/example_nested_branch_dag.py
[2026-03-28T22:34:27.712+0000] {processor.py:840} INFO - DAG(s) 'example_nested_branch_dag' retrieved from /home/airflow/.local/lib/python3.8/site-packages/airflow/example_dags/example_nested_branch_dag.py
[2026-03-28T22:34:27.799+0000] {logging_mixin.py:188} INFO - [2026-03-28T22:34:27.799+0000] {dag.py:3036} INFO - Sync 1 DAGs
[2026-03-28T22:34:27.883+0000] {logging_mixin.py:188} INFO - [2026-03-28T22:34:27.882+0000] {dag.py:3823} INFO - Setting next_dagrun for example_nested_branch_dag to 2026-03-27 00:00:00+00:00, run_after=2026-03-28 00:00:00+00:00
[2026-03-28T22:34:27.985+0000] {processor.py:183} INFO - Processing /home/airflow/.local/lib/python3.8/site-packages/airflow/example_dags/example_nested_branch_dag.py took 0.337 seconds
[2026-03-28T22:34:58.056+0000] {processor.py:161} INFO - Started process (PID=178) to work on /home/airflow/.local/lib/python3.8/site-packages/airflow/example_dags/example_nested_branch_dag.py
[2026-03-28T22:34:58.058+0000] {processor.py:830} INFO - Processing file /home/airflow/.local/lib/python3.8/site-packages/airflow/example_dags/example_nested_branch_dag.py for tasks to queue
[2026-03-28T22:34:58.061+0000] {logging_mixin.py:188} INFO - [2026-03-28T22:34:58.060+0000] {dagbag.py:538} INFO - Filling up the DagBag from /home/airflow/.local/lib/python3.8/site-packages/airflow/example_dags/example_nested_branch_dag.py
[2026-03-28T22:34:58.071+0000] {processor.py:840} INFO - DAG(s) 'example_nested_branch_dag' retrieved from /home/airflow/.local/lib/python3.8/site-packages/airflow/example_dags/example_nested_branch_dag.py
[2026-03-28T22:34:58.095+0000] {logging_mixin.py:188} INFO - [2026-03-28T22:34:58.095+0000] {dag.py:3036} INFO - Sync 1 DAGs
[2026-03-28T22:34:58.115+0000] {logging_mixin.py:188} INFO - [2026-03-28T22:34:58.115+0000] {dag.py:3823} INFO - Setting next_dagrun for example_nested_branch_dag to 2026-03-27 00:00:00+00:00, run_after=2026-03-28 00:00:00+00:00
[2026-03-28T22:34:58.136+0000] {processor.py:183} INFO - Processing /home/airflow/.local/lib/python3.8/site-packages/airflow/example_dags/example_nested_branch_dag.py took 0.084 seconds
[2026-03-28T22:35:28.295+0000] {processor.py:161} INFO - Started process (PID=234) to work on /home/airflow/.local/lib/python3.8/site-packages/airflow/example_dags/example_nested_branch_dag.py
[2026-03-28T22:35:28.297+0000] {processor.py:830} INFO - Processing file /home/airflow/.local/lib/python3.8/site-packages/airflow/example_dags/example_nested_branch_dag.py for tasks to queue
[2026-03-28T22:35:28.299+0000] {logging_mixin.py:188} INFO - [2026-03-28T22:35:28.298+0000] {dagbag.py:538} INFO - Filling up the DagBag from /home/airflow/.local/lib/python3.8/site-packages/airflow/example_dags/example_nested_branch_dag.py
[2026-03-28T22:35:28.317+0000] {processor.py:840} INFO - DAG(s) 'example_nested_branch_dag' retrieved from /home/airflow/.local/lib/python3.8/site-packages/airflow/example_dags/example_nested_branch_dag.py
[2026-03-28T22:35:28.369+0000] {logging_mixin.py:188} INFO - [2026-03-28T22:35:28.369+0000] {dag.py:3036} INFO - Sync 1 DAGs
[2026-03-28T22:35:28.471+0000] {logging_mixin.py:188} INFO - [2026-03-28T22:35:28.470+0000] {dag.py:3823} INFO - Setting next_dagrun for example_nested_branch_dag to 2026-03-27 00:00:00+00:00, run_after=2026-03-28 00:00:00+00:00
[2026-03-28T22:35:28.541+0000] {processor.py:183} INFO - Processing /home/airflow/.local/lib/python3.8/site-packages/airflow/example_dags/example_nested_branch_dag.py took 0.251 seconds
[2026-03-28T22:35:58.584+0000] {processor.py:161} INFO - Started process (PID=290) to work on /home/airflow/.local/lib/python3.8/site-packages/airflow/example_dags/example_nested_branch_dag.py
[2026-03-28T22:35:58.585+0000] {processor.py:830} INFO - Processing file /home/airflow/.local/lib/python3.8/site-packages/airflow/example_dags/example_nested_branch_dag.py for tasks to queue
[2026-03-28T22:35:58.587+0000] {logging_mixin.py:188} INFO - [2026-03-28T22:35:58.587+0000] {dagbag.py:538} INFO - Filling up the DagBag from /home/airflow/.local/lib/python3.8/site-packages/airflow/example_dags/example_nested_branch_dag.py
[2026-03-28T22:35:58.597+0000] {processor.py:840} INFO - DAG(s) 'example_nested_branch_dag' retrieved from /home/airflow/.local/lib/python3.8/site-packages/airflow/example_dags/example_nested_branch_dag.py
[2026-03-28T22:35:58.623+0000] {logging_mixin.py:188} INFO - [2026-03-28T22:35:58.623+0000] {dag.py:3036} INFO - Sync 1 DAGs
[2026-03-28T22:35:58.644+0000] {logging_mixin.py:188} INFO - [2026-03-28T22:35:58.644+0000] {dag.py:3823} INFO - Setting next_dagrun for example_nested_branch_dag to 2026-03-27 00:00:00+00:00, run_after=2026-03-28 00:00:00+00:00
[2026-03-28T22:35:58.667+0000] {processor.py:183} INFO - Processing /home/airflow/.local/lib/python3.8/site-packages/airflow/example_dags/example_nested_branch_dag.py took 0.087 seconds
[2026-03-28T22:36:28.826+0000] {processor.py:161} INFO - Started process (PID=346) to work on /home/airflow/.local/lib/python3.8/site-packages/airflow/example_dags/example_nested_branch_dag.py
[2026-03-28T22:36:28.828+0000] {processor.py:830} INFO - Processing file /home/airflow/.local/lib/python3.8/site-packages/airflow/example_dags/example_nested_branch_dag.py for tasks to queue
[2026-03-28T22:36:28.833+0000] {logging_mixin.py:188} INFO - [2026-03-28T22:36:28.832+0000] {dagbag.py:538} INFO - Filling up the DagBag from /home/airflow/.local/lib/python3.8/site-packages/airflow/example_dags/example_nested_branch_dag.py
[2026-03-28T22:36:28.857+0000] {processor.py:840} INFO - DAG(s) 'example_nested_branch_dag' retrieved from /home/airflow/.local/lib/python3.8/site-packages/airflow/example_dags/example_nested_branch_dag.py
[2026-03-28T22:36:28.901+0000] {logging_mixin.py:188} INFO - [2026-03-28T22:36:28.900+0000] {dag.py:3036} INFO - Sync 1 DAGs
[2026-03-28T22:36:28.970+0000] {logging_mixin.py:188} INFO - [2026-03-28T22:36:28.970+0000] {dag.py:3823} INFO - Setting next_dagrun for example_nested_branch_dag to 2026-03-27 00:00:00+00:00, run_after=2026-03-28 00:00:00+00:00
[2026-03-28T22:36:29.029+0000] {processor.py:183} INFO - Processing /home/airflow/.local/lib/python3.8/site-packages/airflow/example_dags/example_nested_branch_dag.py took 0.209 seconds
[2026-03-28T22:36:59.237+0000] {processor.py:161} INFO - Started process (PID=402) to work on /home/airflow/.local/lib/python3.8/site-packages/airflow/example_dags/example_nested_branch_dag.py
[2026-03-28T22:36:59.238+0000] {processor.py:830} INFO - Processing file /home/airflow/.local/lib/python3.8/site-packages/airflow/example_dags/example_nested_branch_dag.py for tasks to queue
[2026-03-28T22:36:59.241+0000] {logging_mixin.py:188} INFO - [2026-03-28T22:36:59.240+0000] {dagbag.py:538} INFO - Filling up the DagBag from /home/airflow/.local/lib/python3.8/site-packages/airflow/example_dags/example_nested_branch_dag.py
[2026-03-28T22:36:59.249+0000] {processor.py:840} INFO - DAG(s) 'example_nested_branch_dag' retrieved from /home/airflow/.local/lib/python3.8/site-packages/airflow/example_dags/example_nested_branch_dag.py
[2026-03-28T22:36:59.272+0000] {logging_mixin.py:188} INFO - [2026-03-28T22:36:59.271+0000] {dag.py:3036} INFO - Sync 1 DAGs
[2026-03-28T22:36:59.293+0000] {logging_mixin.py:188} INFO - [2026-03-28T22:36:59.293+0000] {dag.py:3823} INFO - Setting next_dagrun for example_nested_branch_dag to 2026-03-27 00:00:00+00:00, run_after=2026-03-28 00:00:00+00:00
[2026-03-28T22:36:59.313+0000] {processor.py:183} INFO - Processing /home/airflow/.local/lib/python3.8/site-packages/airflow/example_dags/example_nested_branch_dag.py took 0.080 seconds
[2026-03-28T22:37:40.297+0000] {processor.py:161} INFO - Started process (PID=54) to work on /home/airflow/.local/lib/python3.8/site-packages/airflow/example_dags/example_nested_branch_dag.py
[2026-03-28T22:37:40.299+0000] {processor.py:830} INFO - Processing file /home/airflow/.local/lib/python3.8/site-packages/airflow/example_dags/example_nested_branch_dag.py for tasks to queue
[2026-03-28T22:37:40.302+0000] {logging_mixin.py:188} INFO - [2026-03-28T22:37:40.302+0000] {dagbag.py:538} INFO - Filling up the DagBag from /home/airflow/.local/lib/python3.8/site-packages/airflow/example_dags/example_nested_branch_dag.py
[2026-03-28T22:37:40.320+0000] {processor.py:840} INFO - DAG(s) 'example_nested_branch_dag' retrieved from /home/airflow/.local/lib/python3.8/site-packages/airflow/example_dags/example_nested_branch_dag.py
[2026-03-28T22:37:40.336+0000] {logging_mixin.py:188} INFO - [2026-03-28T22:37:40.336+0000] {dag.py:3036} INFO - Sync 1 DAGs
[2026-03-28T22:37:40.366+0000] {logging_mixin.py:188} INFO - [2026-03-28T22:37:40.366+0000] {dag.py:3823} INFO - Setting next_dagrun for example_nested_branch_dag to 2026-03-27 00:00:00+00:00, run_after=2026-03-28 00:00:00+00:00
[2026-03-28T22:37:40.397+0000] {processor.py:183} INFO - Processing /home/airflow/.local/lib/python3.8/site-packages/airflow/example_dags/example_nested_branch_dag.py took 0.106 seconds
[2026-03-28T22:38:10.622+0000] {processor.py:161} INFO - Started process (PID=110) to work on /home/airflow/.local/lib/python3.8/site-packages/airflow/example_dags/example_nested_branch_dag.py
[2026-03-28T22:38:10.624+0000] {processor.py:830} INFO - Processing file /home/airflow/.local/lib/python3.8/site-packages/airflow/example_dags/example_nested_branch_dag.py for tasks to queue
[2026-03-28T22:38:10.626+0000] {logging_mixin.py:188} INFO - [2026-03-28T22:38:10.626+0000] {dagbag.py:538} INFO - Filling up the DagBag from /home/airflow/.local/lib/python3.8/site-packages/airflow/example_dags/example_nested_branch_dag.py
[2026-03-28T22:38:10.636+0000] {processor.py:840} INFO - DAG(s) 'example_nested_branch_dag' retrieved from /home/airflow/.local/lib/python3.8/site-packages/airflow/example_dags/example_nested_branch_dag.py
[2026-03-28T22:38:10.741+0000] {logging_mixin.py:188} INFO - [2026-03-28T22:38:10.741+0000] {dag.py:3036} INFO - Sync 1 DAGs
[2026-03-28T22:38:10.765+0000] {logging_mixin.py:188} INFO - [2026-03-28T22:38:10.765+0000] {dag.py:3823} INFO - Setting next_dagrun for example_nested_branch_dag to 2026-03-27 00:00:00+00:00, run_after=2026-03-28 00:00:00+00:00
[2026-03-28T22:38:10.789+0000] {processor.py:183} INFO - Processing /home/airflow/.local/lib/python3.8/site-packages/airflow/example_dags/example_nested_branch_dag.py took 0.170 seconds
[2026-03-28T22:38:41.700+0000] {processor.py:161} INFO - Started process (PID=166) to work on /home/airflow/.local/lib/python3.8/site-packages/airflow/example_dags/example_nested_branch_dag.py
[2026-03-28T22:38:41.703+0000] {processor.py:830} INFO - Processing file /home/airflow/.local/lib/python3.8/site-packages/airflow/example_dags/example_nested_branch_dag.py for tasks to queue
[2026-03-28T22:38:41.710+0000] {logging_mixin.py:188} INFO - [2026-03-28T22:38:41.708+0000] {dagbag.py:538} INFO - Filling up the DagBag from /home/airflow/.local/lib/python3.8/site-packages/airflow/example_dags/example_nested_branch_dag.py
[2026-03-28T22:38:41.730+0000] {processor.py:840} INFO - DAG(s) 'example_nested_branch_dag' retrieved from /home/airflow/.local/lib/python3.8/site-packages/airflow/example_dags/example_nested_branch_dag.py
[2026-03-28T22:38:41.771+0000] {logging_mixin.py:188} INFO - [2026-03-28T22:38:41.771+0000] {dag.py:3036} INFO - Sync 1 DAGs
[2026-03-28T22:38:41.815+0000] {logging_mixin.py:188} INFO - [2026-03-28T22:38:41.815+0000] {dag.py:3823} INFO - Setting next_dagrun for example_nested_branch_dag to 2026-03-27 00:00:00+00:00, run_after=2026-03-28 00:00:00+00:00
[2026-03-28T22:38:41.849+0000] {processor.py:183} INFO - Processing /home/airflow/.local/lib/python3.8/site-packages/airflow/example_dags/example_nested_branch_dag.py took 0.153 seconds
[2026-03-28T22:39:12.220+0000] {processor.py:161} INFO - Started process (PID=222) to work on /home/airflow/.local/lib/python3.8/site-packages/airflow/example_dags/example_nested_branch_dag.py
[2026-03-28T22:39:12.222+0000] {processor.py:830} INFO - Processing file /home/airflow/.local/lib/python3.8/site-packages/airflow/example_dags/example_nested_branch_dag.py for tasks to queue
[2026-03-28T22:39:12.224+0000] {logging_mixin.py:188} INFO - [2026-03-28T22:39:12.224+0000] {dagbag.py:538} INFO - Filling up the DagBag from /home/airflow/.local/lib/python3.8/site-packages/airflow/example_dags/example_nested_branch_dag.py
[2026-03-28T22:39:12.235+0000] {processor.py:840} INFO - DAG(s) 'example_nested_branch_dag' retrieved from /home/airflow/.local/lib/python3.8/site-packages/airflow/example_dags/example_nested_branch_dag.py
[2026-03-28T22:39:12.261+0000] {logging_mixin.py:188} INFO - [2026-03-28T22:39:12.261+0000] {dag.py:3036} INFO - Sync 1 DAGs
[2026-03-28T22:39:12.285+0000] {logging_mixin.py:188} INFO - [2026-03-28T22:39:12.285+0000] {dag.py:3823} INFO - Setting next_dagrun for example_nested_branch_dag to 2026-03-27 00:00:00+00:00, run_after=2026-03-28 00:00:00+00:00
[2026-03-28T22:39:12.306+0000] {processor.py:183} INFO - Processing /home/airflow/.local/lib/python3.8/site-packages/airflow/example_dags/example_nested_branch_dag.py took 0.090 seconds
[2026-03-28T22:39:42.465+0000] {processor.py:161} INFO - Started process (PID=278) to work on /home/airflow/.local/lib/python3.8/site-packages/airflow/example_dags/example_nested_branch_dag.py
[2026-03-28T22:39:42.466+0000] {processor.py:830} INFO - Processing file /home/airflow/.local/lib/python3.8/site-packages/airflow/example_dags/example_nested_branch_dag.py for tasks to queue
[2026-03-28T22:39:42.469+0000] {logging_mixin.py:188} INFO - [2026-03-28T22:39:42.469+0000] {dagbag.py:538} INFO - Filling up the DagBag from /home/airflow/.local/lib/python3.8/site-packages/airflow/example_dags/example_nested_branch_dag.py
[2026-03-28T22:39:42.491+0000] {processor.py:840} INFO - DAG(s) 'example_nested_branch_dag' retrieved from /home/airflow/.local/lib/python3.8/site-packages/airflow/example_dags/example_nested_branch_dag.py
[2026-03-28T22:39:42.525+0000] {logging_mixin.py:188} INFO - [2026-03-28T22:39:42.525+0000] {dag.py:3036} INFO - Sync 1 DAGs
[2026-03-28T22:39:42.562+0000] {logging_mixin.py:188} INFO - [2026-03-28T22:39:42.562+0000] {dag.py:3823} INFO - Setting next_dagrun for example_nested_branch_dag to 2026-03-27 00:00:00+00:00, run_after=2026-03-28 00:00:00+00:00
[2026-03-28T22:39:42.591+0000] {processor.py:183} INFO - Processing /home/airflow/.local/lib/python3.8/site-packages/airflow/example_dags/example_nested_branch_dag.py took 0.131 seconds
[2026-03-28T22:40:12.740+0000] {processor.py:161} INFO - Started process (PID=334) to work on /home/airflow/.local/lib/python3.8/site-packages/airflow/example_dags/example_nested_branch_dag.py
[2026-03-28T22:40:12.741+0000] {processor.py:830} INFO - Processing file /home/airflow/.local/lib/python3.8/site-packages/airflow/example_dags/example_nested_branch_dag.py for tasks to queue
[2026-03-28T22:40:12.743+0000] {logging_mixin.py:188} INFO - [2026-03-28T22:40:12.743+0000] {dagbag.py:538} INFO - Filling up the DagBag from /home/airflow/.local/lib/python3.8/site-packages/airflow/example_dags/example_nested_branch_dag.py
[2026-03-28T22:40:12.753+0000] {processor.py:840} INFO - DAG(s) 'example_nested_branch_dag' retrieved from /home/airflow/.local/lib/python3.8/site-packages/airflow/example_dags/example_nested_branch_dag.py
[2026-03-28T22:40:12.779+0000] {logging_mixin.py:188} INFO - [2026-03-28T22:40:12.779+0000] {dag.py:3036} INFO - Sync 1 DAGs
[2026-03-28T22:40:12.801+0000] {logging_mixin.py:188} INFO - [2026-03-28T22:40:12.801+0000] {dag.py:3823} INFO - Setting next_dagrun for example_nested_branch_dag to 2026-03-27 00:00:00+00:00, run_after=2026-03-28 00:00:00+00:00
[2026-03-28T22:40:12.825+0000] {processor.py:183} INFO - Processing /home/airflow/.local/lib/python3.8/site-packages/airflow/example_dags/example_nested_branch_dag.py took 0.089 seconds
[2026-03-28T22:40:43.121+0000] {processor.py:161} INFO - Started process (PID=390) to work on /home/airflow/.local/lib/python3.8/site-packages/airflow/example_dags/example_nested_branch_dag.py
[2026-03-28T22:40:43.122+0000] {processor.py:830} INFO - Processing file /home/airflow/.local/lib/python3.8/site-packages/airflow/example_dags/example_nested_branch_dag.py for tasks to queue
[2026-03-28T22:40:43.126+0000] {logging_mixin.py:188} INFO - [2026-03-28T22:40:43.125+0000] {dagbag.py:538} INFO - Filling up the DagBag from /home/airflow/.local/lib/python3.8/site-packages/airflow/example_dags/example_nested_branch_dag.py
[2026-03-28T22:40:43.139+0000] {processor.py:840} INFO - DAG(s) 'example_nested_branch_dag' retrieved from /home/airflow/.local/lib/python3.8/site-packages/airflow/example_dags/example_nested_branch_dag.py
[2026-03-28T22:40:43.165+0000] {logging_mixin.py:188} INFO - [2026-03-28T22:40:43.164+0000] {dag.py:3036} INFO - Sync 1 DAGs
[2026-03-28T22:40:43.195+0000] {logging_mixin.py:188} INFO - [2026-03-28T22:40:43.194+0000] {dag.py:3823} INFO - Setting next_dagrun for example_nested_branch_dag to 2026-03-27 00:00:00+00:00, run_after=2026-03-28 00:00:00+00:00
[2026-03-28T22:40:43.221+0000] {processor.py:183} INFO - Processing /home/airflow/.local/lib/python3.8/site-packages/airflow/example_dags/example_nested_branch_dag.py took 0.106 seconds
[2026-03-28T22:41:13.560+0000] {processor.py:161} INFO - Started process (PID=446) to work on /home/airflow/.local/lib/python3.8/site-packages/airflow/example_dags/example_nested_branch_dag.py
[2026-03-28T22:41:13.561+0000] {processor.py:830} INFO - Processing file /home/airflow/.local/lib/python3.8/site-packages/airflow/example_dags/example_nested_branch_dag.py for tasks to queue
[2026-03-28T22:41:13.563+0000] {logging_mixin.py:188} INFO - [2026-03-28T22:41:13.563+0000] {dagbag.py:538} INFO - Filling up the DagBag from /home/airflow/.local/lib/python3.8/site-packages/airflow/example_dags/example_nested_branch_dag.py
[2026-03-28T22:41:13.572+0000] {processor.py:840} INFO - DAG(s) 'example_nested_branch_dag' retrieved from /home/airflow/.local/lib/python3.8/site-packages/airflow/example_dags/example_nested_branch_dag.py
[2026-03-28T22:41:13.586+0000] {logging_mixin.py:188} INFO - [2026-03-28T22:41:13.586+0000] {dag.py:3036} INFO - Sync 1 DAGs
[2026-03-28T22:41:13.611+0000] {logging_mixin.py:188} INFO - [2026-03-28T22:41:13.610+0000] {dag.py:3823} INFO - Setting next_dagrun for example_nested_branch_dag to 2026-03-27 00:00:00+00:00, run_after=2026-03-28 00:00:00+00:00
[2026-03-28T22:41:13.635+0000] {processor.py:183} INFO - Processing /home/airflow/.local/lib/python3.8/site-packages/airflow/example_dags/example_nested_branch_dag.py took 0.079 seconds
[2026-03-28T22:41:44.113+0000] {processor.py:161} INFO - Started process (PID=502) to work on /home/airflow/.local/lib/python3.8/site-packages/airflow/example_dags/example_nested_branch_dag.py
[2026-03-28T22:41:44.114+0000] {processor.py:830} INFO - Processing file /home/airflow/.local/lib/python3.8/site-packages/airflow/example_dags/example_nested_branch_dag.py for tasks to queue
[2026-03-28T22:41:44.117+0000] {logging_mixin.py:188} INFO - [2026-03-28T22:41:44.116+0000] {dagbag.py:538} INFO - Filling up the DagBag from /home/airflow/.local/lib/python3.8/site-packages/airflow/example_dags/example_nested_branch_dag.py
[2026-03-28T22:41:44.126+0000] {processor.py:840} INFO - DAG(s) 'example_nested_branch_dag' retrieved from /home/airflow/.local/lib/python3.8/site-packages/airflow/example_dags/example_nested_branch_dag.py
[2026-03-28T22:41:44.239+0000] {logging_mixin.py:188} INFO - [2026-03-28T22:41:44.238+0000] {dag.py:3036} INFO - Sync 1 DAGs
[2026-03-28T22:41:44.265+0000] {logging_mixin.py:188} INFO - [2026-03-28T22:41:44.265+0000] {dag.py:3823} INFO - Setting next_dagrun for example_nested_branch_dag to 2026-03-27 00:00:00+00:00, run_after=2026-03-28 00:00:00+00:00
[2026-03-28T22:41:44.287+0000] {processor.py:183} INFO - Processing /home/airflow/.local/lib/python3.8/site-packages/airflow/example_dags/example_nested_branch_dag.py took 0.178 seconds
[2026-03-28T22:42:14.391+0000] {processor.py:161} INFO - Started process (PID=558) to work on /home/airflow/.local/lib/python3.8/site-packages/airflow/example_dags/example_nested_branch_dag.py
[2026-03-28T22:42:14.392+0000] {processor.py:830} INFO - Processing file /home/airflow/.local/lib/python3.8/site-packages/airflow/example_dags/example_nested_branch_dag.py for tasks to queue
[2026-03-28T22:42:14.395+0000] {logging_mixin.py:188} INFO - [2026-03-28T22:42:14.394+0000] {dagbag.py:538} INFO - Filling up the DagBag from /home/airflow/.local/lib/python3.8/site-packages/airflow/example_dags/example_nested_branch_dag.py
[2026-03-28T22:42:14.408+0000] {processor.py:840} INFO - DAG(s) 'example_nested_branch_dag' retrieved from /home/airflow/.local/lib/python3.8/site-packages/airflow/example_dags/example_nested_branch_dag.py
[2026-03-28T22:42:14.434+0000] {logging_mixin.py:188} INFO - [2026-03-28T22:42:14.433+0000] {dag.py:3036} INFO - Sync 1 DAGs
[2026-03-28T22:42:14.458+0000] {logging_mixin.py:188} INFO - [2026-03-28T22:42:14.458+0000] {dag.py:3823} INFO - Setting next_dagrun for example_nested_branch_dag to 2026-03-27 00:00:00+00:00, run_after=2026-03-28 00:00:00+00:00
[2026-03-28T22:42:14.483+0000] {processor.py:183} INFO - Processing /home/airflow/.local/lib/python3.8/site-packages/airflow/example_dags/example_nested_branch_dag.py took 0.097 seconds
[2026-03-28T22:42:45.058+0000] {processor.py:161} INFO - Started process (PID=614) to work on /home/airflow/.local/lib/python3.8/site-packages/airflow/example_dags/example_nested_branch_dag.py
[2026-03-28T22:42:45.059+0000] {processor.py:830} INFO - Processing file /home/airflow/.local/lib/python3.8/site-packages/airflow/example_dags/example_nested_branch_dag.py for tasks to queue
[2026-03-28T22:42:45.061+0000] {logging_mixin.py:188} INFO - [2026-03-28T22:42:45.061+0000] {dagbag.py:538} INFO - Filling up the DagBag from /home/airflow/.local/lib/python3.8/site-packages/airflow/example_dags/example_nested_branch_dag.py
[2026-03-28T22:42:45.071+0000] {processor.py:840} INFO - DAG(s) 'example_nested_branch_dag' retrieved from /home/airflow/.local/lib/python3.8/site-packages/airflow/example_dags/example_nested_branch_dag.py
[2026-03-28T22:42:45.091+0000] {logging_mixin.py:188} INFO - [2026-03-28T22:42:45.091+0000] {dag.py:3036} INFO - Sync 1 DAGs
[2026-03-28T22:42:45.114+0000] {logging_mixin.py:188} INFO - [2026-03-28T22:42:45.114+0000] {dag.py:3823} INFO - Setting next_dagrun for example_nested_branch_dag to 2026-03-27 00:00:00+00:00, run_after=2026-03-28 00:00:00+00:00
[2026-03-28T22:42:45.137+0000] {processor.py:183} INFO - Processing /home/airflow/.local/lib/python3.8/site-packages/airflow/example_dags/example_nested_branch_dag.py took 0.082 seconds
[2026-03-28T22:43:15.742+0000] {processor.py:161} INFO - Started process (PID=670) to work on /home/airflow/.local/lib/python3.8/site-packages/airflow/example_dags/example_nested_branch_dag.py
[2026-03-28T22:43:15.743+0000] {processor.py:830} INFO - Processing file /home/airflow/.local/lib/python3.8/site-packages/airflow/example_dags/example_nested_branch_dag.py for tasks to queue
[2026-03-28T22:43:15.746+0000] {logging_mixin.py:188} INFO - [2026-03-28T22:43:15.746+0000] {dagbag.py:538} INFO - Filling up the DagBag from /home/airflow/.local/lib/python3.8/site-packages/airflow/example_dags/example_nested_branch_dag.py
[2026-03-28T22:43:15.760+0000] {processor.py:840} INFO - DAG(s) 'example_nested_branch_dag' retrieved from /home/airflow/.local/lib/python3.8/site-packages/airflow/example_dags/example_nested_branch_dag.py
[2026-03-28T22:43:15.807+0000] {logging_mixin.py:188} INFO - [2026-03-28T22:43:15.806+0000] {dag.py:3036} INFO - Sync 1 DAGs
[2026-03-28T22:43:15.835+0000] {logging_mixin.py:188} INFO - [2026-03-28T22:43:15.835+0000] {dag.py:3823} INFO - Setting next_dagrun for example_nested_branch_dag to 2026-03-27 00:00:00+00:00, run_after=2026-03-28 00:00:00+00:00
[2026-03-28T22:43:15.860+0000] {processor.py:183} INFO - Processing /home/airflow/.local/lib/python3.8/site-packages/airflow/example_dags/example_nested_branch_dag.py took 0.123 seconds
[2026-03-28T22:43:46.267+0000] {processor.py:161} INFO - Started process (PID=726) to work on /home/airflow/.local/lib/python3.8/site-packages/airflow/example_dags/example_nested_branch_dag.py
[2026-03-28T22:43:46.268+0000] {processor.py:830} INFO - Processing file /home/airflow/.local/lib/python3.8/site-packages/airflow/example_dags/example_nested_branch_dag.py for tasks to queue
[2026-03-28T22:43:46.271+0000] {logging_mixin.py:188} INFO - [2026-03-28T22:43:46.270+0000] {dagbag.py:538} INFO - Filling up the DagBag from /home/airflow/.local/lib/python3.8/site-packages/airflow/example_dags/example_nested_branch_dag.py
[2026-03-28T22:43:46.282+0000] {processor.py:840} INFO - DAG(s) 'example_nested_branch_dag' retrieved from /home/airflow/.local/lib/python3.8/site-packages/airflow/example_dags/example_nested_branch_dag.py
[2026-03-28T22:43:46.305+0000] {logging_mixin.py:188} INFO - [2026-03-28T22:43:46.304+0000] {dag.py:3036} INFO - Sync 1 DAGs
[2026-03-28T22:43:46.325+0000] {logging_mixin.py:188} INFO - [2026-03-28T22:43:46.325+0000] {dag.py:3823} INFO - Setting next_dagrun for example_nested_branch_dag to 2026-03-27 00:00:00+00:00, run_after=2026-03-28 00:00:00+00:00
[2026-03-28T22:43:46.348+0000] {processor.py:183} INFO - Processing /home/airflow/.local/lib/python3.8/site-packages/airflow/example_dags/example_nested_branch_dag.py took 0.085 seconds
[2026-03-28T22:44:16.635+0000] {processor.py:161} INFO - Started process (PID=782) to work on /home/airflow/.local/lib/python3.8/site-packages/airflow/example_dags/example_nested_branch_dag.py
[2026-03-28T22:44:16.637+0000] {processor.py:830} INFO - Processing file /home/airflow/.local/lib/python3.8/site-packages/airflow/example_dags/example_nested_branch_dag.py for tasks to queue
[2026-03-28T22:44:16.639+0000] {logging_mixin.py:188} INFO - [2026-03-28T22:44:16.638+0000] {dagbag.py:538} INFO - Filling up the DagBag from /home/airflow/.local/lib/python3.8/site-packages/airflow/example_dags/example_nested_branch_dag.py
[2026-03-28T22:44:16.649+0000] {processor.py:840} INFO - DAG(s) 'example_nested_branch_dag' retrieved from /home/airflow/.local/lib/python3.8/site-packages/airflow/example_dags/example_nested_branch_dag.py
[2026-03-28T22:44:16.674+0000] {logging_mixin.py:188} INFO - [2026-03-28T22:44:16.674+0000] {dag.py:3036} INFO - Sync 1 DAGs
[2026-03-28T22:44:16.697+0000] {logging_mixin.py:188} INFO - [2026-03-28T22:44:16.696+0000] {dag.py:3823} INFO - Setting next_dagrun for example_nested_branch_dag to 2026-03-27 00:00:00+00:00, run_after=2026-03-28 00:00:00+00:00
[2026-03-28T22:44:16.718+0000] {processor.py:183} INFO - Processing /home/airflow/.local/lib/python3.8/site-packages/airflow/example_dags/example_nested_branch_dag.py took 0.086 seconds
[2026-03-28T22:44:47.141+0000] {processor.py:161} INFO - Started process (PID=838) to work on /home/airflow/.local/lib/python3.8/site-packages/airflow/example_dags/example_nested_branch_dag.py
[2026-03-28T22:44:47.143+0000] {processor.py:830} INFO - Processing file /home/airflow/.local/lib/python3.8/site-packages/airflow/example_dags/example_nested_branch_dag.py for tasks to queue
[2026-03-28T22:44:47.145+0000] {logging_mixin.py:188} INFO - [2026-03-28T22:44:47.145+0000] {dagbag.py:538} INFO - Filling up the DagBag from /home/airflow/.local/lib/python3.8/site-packages/airflow/example_dags/example_nested_branch_dag.py
[2026-03-28T22:44:47.160+0000] {processor.py:840} INFO - DAG(s) 'example_nested_branch_dag' retrieved from /home/airflow/.local/lib/python3.8/site-packages/airflow/example_dags/example_nested_branch_dag.py
[2026-03-28T22:44:47.188+0000] {logging_mixin.py:188} INFO - [2026-03-28T22:44:47.188+0000] {dag.py:3036} INFO - Sync 1 DAGs
[2026-03-28T22:44:47.210+0000] {logging_mixin.py:188} INFO - [2026-03-28T22:44:47.210+0000] {dag.py:3823} INFO - Setting next_dagrun for example_nested_branch_dag to 2026-03-27 00:00:00+00:00, run_after=2026-03-28 00:00:00+00:00
[2026-03-28T22:44:47.233+0000] {processor.py:183} INFO - Processing /home/airflow/.local/lib/python3.8/site-packages/airflow/example_dags/example_nested_branch_dag.py took 0.096 seconds
[2026-03-28T22:45:17.740+0000] {processor.py:161} INFO - Started process (PID=894) to work on /home/airflow/.local/lib/python3.8/site-packages/airflow/example_dags/example_nested_branch_dag.py
[2026-03-28T22:45:17.741+0000] {processor.py:830} INFO - Processing file /home/airflow/.local/lib/python3.8/site-packages/airflow/example_dags/example_nested_branch_dag.py for tasks to queue
[2026-03-28T22:45:17.743+0000] {logging_mixin.py:188} INFO - [2026-03-28T22:45:17.743+0000] {dagbag.py:538} INFO - Filling up the DagBag from /home/airflow/.local/lib/python3.8/site-packages/airflow/example_dags/example_nested_branch_dag.py
[2026-03-28T22:45:17.753+0000] {processor.py:840} INFO - DAG(s) 'example_nested_branch_dag' retrieved from /home/airflow/.local/lib/python3.8/site-packages/airflow/example_dags/example_nested_branch_dag.py
[2026-03-28T22:45:17.774+0000] {logging_mixin.py:188} INFO - [2026-03-28T22:45:17.774+0000] {dag.py:3036} INFO - Sync 1 DAGs
[2026-03-28T22:45:17.798+0000] {logging_mixin.py:188} INFO - [2026-03-28T22:45:17.798+0000] {dag.py:3823} INFO - Setting next_dagrun for example_nested_branch_dag to 2026-03-27 00:00:00+00:00, run_after=2026-03-28 00:00:00+00:00
[2026-03-28T22:45:17.819+0000] {processor.py:183} INFO - Processing /home/airflow/.local/lib/python3.8/site-packages/airflow/example_dags/example_nested_branch_dag.py took 0.082 seconds
[2026-03-28T22:45:48.030+0000] {processor.py:161} INFO - Started process (PID=950) to work on /home/airflow/.local/lib/python3.8/site-packages/airflow/example_dags/example_nested_branch_dag.py
[2026-03-28T22:45:48.031+0000] {processor.py:830} INFO - Processing file /home/airflow/.local/lib/python3.8/site-packages/airflow/example_dags/example_nested_branch_dag.py for tasks to queue
[2026-03-28T22:45:48.032+0000] {logging_mixin.py:188} INFO - [2026-03-28T22:45:48.032+0000] {dagbag.py:538} INFO - Filling up the DagBag from /home/airflow/.local/lib/python3.8/site-packages/airflow/example_dags/example_nested_branch_dag.py
[2026-03-28T22:45:48.042+0000] {processor.py:840} INFO - DAG(s) 'example_nested_branch_dag' retrieved from /home/airflow/.local/lib/python3.8/site-packages/airflow/example_dags/example_nested_branch_dag.py
[2026-03-28T22:45:48.066+0000] {logging_mixin.py:188} INFO - [2026-03-28T22:45:48.066+0000] {dag.py:3036} INFO - Sync 1 DAGs
[2026-03-28T22:45:48.088+0000] {logging_mixin.py:188} INFO - [2026-03-28T22:45:48.088+0000] {dag.py:3823} INFO - Setting next_dagrun for example_nested_branch_dag to 2026-03-27 00:00:00+00:00, run_after=2026-03-28 00:00:00+00:00
[2026-03-28T22:45:48.109+0000] {processor.py:183} INFO - Processing /home/airflow/.local/lib/python3.8/site-packages/airflow/example_dags/example_nested_branch_dag.py took 0.083 seconds
[2026-03-28T22:46:35.461+0000] {processor.py:161} INFO - Started process (PID=1000) to work on /home/airflow/.local/lib/python3.8/site-packages/airflow/example_dags/example_nested_branch_dag.py
[2026-03-28T22:46:35.463+0000] {processor.py:830} INFO - Processing file /home/airflow/.local/lib/python3.8/site-packages/airflow/example_dags/example_nested_branch_dag.py for tasks to queue
[2026-03-28T22:46:35.466+0000] {logging_mixin.py:188} INFO - [2026-03-28T22:46:35.466+0000] {dagbag.py:538} INFO - Filling up the DagBag from /home/airflow/.local/lib/python3.8/site-packages/airflow/example_dags/example_nested_branch_dag.py
[2026-03-28T22:46:35.477+0000] {processor.py:840} INFO - DAG(s) 'example_nested_branch_dag' retrieved from /home/airflow/.local/lib/python3.8/site-packages/airflow/example_dags/example_nested_branch_dag.py
[2026-03-28T22:46:35.503+0000] {logging_mixin.py:188} INFO - [2026-03-28T22:46:35.502+0000] {dag.py:3036} INFO - Sync 1 DAGs
[2026-03-28T22:46:35.544+0000] {logging_mixin.py:188} INFO - [2026-03-28T22:46:35.544+0000] {dag.py:3823} INFO - Setting next_dagrun for example_nested_branch_dag to 2026-03-27 00:00:00+00:00, run_after=2026-03-28 00:00:00+00:00
[2026-03-28T22:46:35.615+0000] {processor.py:183} INFO - Processing /home/airflow/.local/lib/python3.8/site-packages/airflow/example_dags/example_nested_branch_dag.py took 0.158 seconds
