[2026-03-28T22:09:41.354+0000] {processor.py:161} INFO - Started process (PID=81) to work on /home/airflow/.local/lib/python3.8/site-packages/airflow/example_dags/example_skip_dag.py
[2026-03-28T22:09:41.356+0000] {processor.py:830} INFO - Processing file /home/airflow/.local/lib/python3.8/site-packages/airflow/example_dags/example_skip_dag.py for tasks to queue
[2026-03-28T22:09:41.359+0000] {logging_mixin.py:188} INFO - [2026-03-28T22:09:41.359+0000] {dagbag.py:538} INFO - Filling up the DagBag from /home/airflow/.local/lib/python3.8/site-packages/airflow/example_dags/example_skip_dag.py
[2026-03-28T22:09:41.370+0000] {processor.py:840} INFO - DAG(s) 'example_skip_dag' retrieved from /home/airflow/.local/lib/python3.8/site-packages/airflow/example_dags/example_skip_dag.py
[2026-03-28T22:09:41.499+0000] {logging_mixin.py:188} INFO - [2026-03-28T22:09:41.498+0000] {override.py:1769} INFO - Created Permission View: can edit on DAG:example_skip_dag
[2026-03-28T22:09:41.518+0000] {logging_mixin.py:188} INFO - [2026-03-28T22:09:41.517+0000] {override.py:1769} INFO - Created Permission View: can delete on DAG:example_skip_dag
[2026-03-28T22:09:41.532+0000] {logging_mixin.py:188} INFO - [2026-03-28T22:09:41.532+0000] {override.py:1769} INFO - Created Permission View: can read on DAG:example_skip_dag
[2026-03-28T22:09:41.534+0000] {logging_mixin.py:188} INFO - [2026-03-28T22:09:41.533+0000] {dag.py:3036} INFO - Sync 1 DAGs
[2026-03-28T22:09:41.557+0000] {logging_mixin.py:188} INFO - [2026-03-28T22:09:41.557+0000] {dag.py:3058} INFO - Creating ORM DAG for example_skip_dag
[2026-03-28T22:09:41.574+0000] {logging_mixin.py:188} INFO - [2026-03-28T22:09:41.573+0000] {dag.py:3823} INFO - Setting next_dagrun for example_skip_dag to 2026-03-27 00:00:00+00:00, run_after=2026-03-28 00:00:00+00:00
[2026-03-28T22:09:41.604+0000] {processor.py:183} INFO - Processing /home/airflow/.local/lib/python3.8/site-packages/airflow/example_dags/example_skip_dag.py took 0.254 seconds
[2026-03-28T22:10:12.172+0000] {processor.py:161} INFO - Started process (PID=137) to work on /home/airflow/.local/lib/python3.8/site-packages/airflow/example_dags/example_skip_dag.py
[2026-03-28T22:10:12.173+0000] {processor.py:830} INFO - Processing file /home/airflow/.local/lib/python3.8/site-packages/airflow/example_dags/example_skip_dag.py for tasks to queue
[2026-03-28T22:10:12.175+0000] {logging_mixin.py:188} INFO - [2026-03-28T22:10:12.175+0000] {dagbag.py:538} INFO - Filling up the DagBag from /home/airflow/.local/lib/python3.8/site-packages/airflow/example_dags/example_skip_dag.py
[2026-03-28T22:10:12.183+0000] {processor.py:840} INFO - DAG(s) 'example_skip_dag' retrieved from /home/airflow/.local/lib/python3.8/site-packages/airflow/example_dags/example_skip_dag.py
[2026-03-28T22:10:12.207+0000] {logging_mixin.py:188} INFO - [2026-03-28T22:10:12.207+0000] {dag.py:3036} INFO - Sync 1 DAGs
[2026-03-28T22:10:12.235+0000] {logging_mixin.py:188} INFO - [2026-03-28T22:10:12.234+0000] {dag.py:3823} INFO - Setting next_dagrun for example_skip_dag to 2026-03-27 00:00:00+00:00, run_after=2026-03-28 00:00:00+00:00
[2026-03-28T22:10:12.256+0000] {processor.py:183} INFO - Processing /home/airflow/.local/lib/python3.8/site-packages/airflow/example_dags/example_skip_dag.py took 0.089 seconds
[2026-03-28T22:10:42.725+0000] {processor.py:161} INFO - Started process (PID=193) to work on /home/airflow/.local/lib/python3.8/site-packages/airflow/example_dags/example_skip_dag.py
[2026-03-28T22:10:42.726+0000] {processor.py:830} INFO - Processing file /home/airflow/.local/lib/python3.8/site-packages/airflow/example_dags/example_skip_dag.py for tasks to queue
[2026-03-28T22:10:42.728+0000] {logging_mixin.py:188} INFO - [2026-03-28T22:10:42.728+0000] {dagbag.py:538} INFO - Filling up the DagBag from /home/airflow/.local/lib/python3.8/site-packages/airflow/example_dags/example_skip_dag.py
[2026-03-28T22:10:42.736+0000] {processor.py:840} INFO - DAG(s) 'example_skip_dag' retrieved from /home/airflow/.local/lib/python3.8/site-packages/airflow/example_dags/example_skip_dag.py
[2026-03-28T22:10:42.762+0000] {logging_mixin.py:188} INFO - [2026-03-28T22:10:42.762+0000] {dag.py:3036} INFO - Sync 1 DAGs
[2026-03-28T22:10:42.784+0000] {logging_mixin.py:188} INFO - [2026-03-28T22:10:42.784+0000] {dag.py:3823} INFO - Setting next_dagrun for example_skip_dag to 2026-03-27 00:00:00+00:00, run_after=2026-03-28 00:00:00+00:00
[2026-03-28T22:10:42.808+0000] {processor.py:183} INFO - Processing /home/airflow/.local/lib/python3.8/site-packages/airflow/example_dags/example_skip_dag.py took 0.087 seconds
[2026-03-28T22:11:13.209+0000] {processor.py:161} INFO - Started process (PID=249) to work on /home/airflow/.local/lib/python3.8/site-packages/airflow/example_dags/example_skip_dag.py
[2026-03-28T22:11:13.212+0000] {processor.py:830} INFO - Processing file /home/airflow/.local/lib/python3.8/site-packages/airflow/example_dags/example_skip_dag.py for tasks to queue
[2026-03-28T22:11:13.214+0000] {logging_mixin.py:188} INFO - [2026-03-28T22:11:13.214+0000] {dagbag.py:538} INFO - Filling up the DagBag from /home/airflow/.local/lib/python3.8/site-packages/airflow/example_dags/example_skip_dag.py
[2026-03-28T22:11:13.223+0000] {processor.py:840} INFO - DAG(s) 'example_skip_dag' retrieved from /home/airflow/.local/lib/python3.8/site-packages/airflow/example_dags/example_skip_dag.py
[2026-03-28T22:11:13.248+0000] {logging_mixin.py:188} INFO - [2026-03-28T22:11:13.248+0000] {dag.py:3036} INFO - Sync 1 DAGs
[2026-03-28T22:11:13.278+0000] {logging_mixin.py:188} INFO - [2026-03-28T22:11:13.278+0000] {dag.py:3823} INFO - Setting next_dagrun for example_skip_dag to 2026-03-27 00:00:00+00:00, run_after=2026-03-28 00:00:00+00:00
[2026-03-28T22:11:13.301+0000] {processor.py:183} INFO - Processing /home/airflow/.local/lib/python3.8/site-packages/airflow/example_dags/example_skip_dag.py took 0.096 seconds
[2026-03-28T22:11:43.347+0000] {processor.py:161} INFO - Started process (PID=305) to work on /home/airflow/.local/lib/python3.8/site-packages/airflow/example_dags/example_skip_dag.py
[2026-03-28T22:11:43.349+0000] {processor.py:830} INFO - Processing file /home/airflow/.local/lib/python3.8/site-packages/airflow/example_dags/example_skip_dag.py for tasks to queue
[2026-03-28T22:11:43.351+0000] {logging_mixin.py:188} INFO - [2026-03-28T22:11:43.350+0000] {dagbag.py:538} INFO - Filling up the DagBag from /home/airflow/.local/lib/python3.8/site-packages/airflow/example_dags/example_skip_dag.py
[2026-03-28T22:11:43.358+0000] {processor.py:840} INFO - DAG(s) 'example_skip_dag' retrieved from /home/airflow/.local/lib/python3.8/site-packages/airflow/example_dags/example_skip_dag.py
[2026-03-28T22:11:43.385+0000] {logging_mixin.py:188} INFO - [2026-03-28T22:11:43.384+0000] {dag.py:3036} INFO - Sync 1 DAGs
[2026-03-28T22:11:43.406+0000] {logging_mixin.py:188} INFO - [2026-03-28T22:11:43.406+0000] {dag.py:3823} INFO - Setting next_dagrun for example_skip_dag to 2026-03-27 00:00:00+00:00, run_after=2026-03-28 00:00:00+00:00
[2026-03-28T22:11:43.430+0000] {processor.py:183} INFO - Processing /home/airflow/.local/lib/python3.8/site-packages/airflow/example_dags/example_skip_dag.py took 0.086 seconds
[2026-03-28T22:12:13.642+0000] {processor.py:161} INFO - Started process (PID=361) to work on /home/airflow/.local/lib/python3.8/site-packages/airflow/example_dags/example_skip_dag.py
[2026-03-28T22:12:13.643+0000] {processor.py:830} INFO - Processing file /home/airflow/.local/lib/python3.8/site-packages/airflow/example_dags/example_skip_dag.py for tasks to queue
[2026-03-28T22:12:13.645+0000] {logging_mixin.py:188} INFO - [2026-03-28T22:12:13.645+0000] {dagbag.py:538} INFO - Filling up the DagBag from /home/airflow/.local/lib/python3.8/site-packages/airflow/example_dags/example_skip_dag.py
[2026-03-28T22:12:13.652+0000] {processor.py:840} INFO - DAG(s) 'example_skip_dag' retrieved from /home/airflow/.local/lib/python3.8/site-packages/airflow/example_dags/example_skip_dag.py
[2026-03-28T22:12:13.677+0000] {logging_mixin.py:188} INFO - [2026-03-28T22:12:13.677+0000] {dag.py:3036} INFO - Sync 1 DAGs
[2026-03-28T22:12:13.700+0000] {logging_mixin.py:188} INFO - [2026-03-28T22:12:13.700+0000] {dag.py:3823} INFO - Setting next_dagrun for example_skip_dag to 2026-03-27 00:00:00+00:00, run_after=2026-03-28 00:00:00+00:00
[2026-03-28T22:12:13.723+0000] {processor.py:183} INFO - Processing /home/airflow/.local/lib/python3.8/site-packages/airflow/example_dags/example_skip_dag.py took 0.084 seconds
[2026-03-28T22:12:43.923+0000] {processor.py:161} INFO - Started process (PID=417) to work on /home/airflow/.local/lib/python3.8/site-packages/airflow/example_dags/example_skip_dag.py
[2026-03-28T22:12:43.924+0000] {processor.py:830} INFO - Processing file /home/airflow/.local/lib/python3.8/site-packages/airflow/example_dags/example_skip_dag.py for tasks to queue
[2026-03-28T22:12:43.927+0000] {logging_mixin.py:188} INFO - [2026-03-28T22:12:43.926+0000] {dagbag.py:538} INFO - Filling up the DagBag from /home/airflow/.local/lib/python3.8/site-packages/airflow/example_dags/example_skip_dag.py
[2026-03-28T22:12:43.934+0000] {processor.py:840} INFO - DAG(s) 'example_skip_dag' retrieved from /home/airflow/.local/lib/python3.8/site-packages/airflow/example_dags/example_skip_dag.py
[2026-03-28T22:12:43.958+0000] {logging_mixin.py:188} INFO - [2026-03-28T22:12:43.958+0000] {dag.py:3036} INFO - Sync 1 DAGs
[2026-03-28T22:12:43.979+0000] {logging_mixin.py:188} INFO - [2026-03-28T22:12:43.979+0000] {dag.py:3823} INFO - Setting next_dagrun for example_skip_dag to 2026-03-27 00:00:00+00:00, run_after=2026-03-28 00:00:00+00:00
[2026-03-28T22:12:44.004+0000] {processor.py:183} INFO - Processing /home/airflow/.local/lib/python3.8/site-packages/airflow/example_dags/example_skip_dag.py took 0.084 seconds
[2026-03-28T22:13:14.257+0000] {processor.py:161} INFO - Started process (PID=473) to work on /home/airflow/.local/lib/python3.8/site-packages/airflow/example_dags/example_skip_dag.py
[2026-03-28T22:13:14.259+0000] {processor.py:830} INFO - Processing file /home/airflow/.local/lib/python3.8/site-packages/airflow/example_dags/example_skip_dag.py for tasks to queue
[2026-03-28T22:13:14.261+0000] {logging_mixin.py:188} INFO - [2026-03-28T22:13:14.261+0000] {dagbag.py:538} INFO - Filling up the DagBag from /home/airflow/.local/lib/python3.8/site-packages/airflow/example_dags/example_skip_dag.py
[2026-03-28T22:13:14.268+0000] {processor.py:840} INFO - DAG(s) 'example_skip_dag' retrieved from /home/airflow/.local/lib/python3.8/site-packages/airflow/example_dags/example_skip_dag.py
[2026-03-28T22:13:14.291+0000] {logging_mixin.py:188} INFO - [2026-03-28T22:13:14.291+0000] {dag.py:3036} INFO - Sync 1 DAGs
[2026-03-28T22:13:14.314+0000] {logging_mixin.py:188} INFO - [2026-03-28T22:13:14.314+0000] {dag.py:3823} INFO - Setting next_dagrun for example_skip_dag to 2026-03-27 00:00:00+00:00, run_after=2026-03-28 00:00:00+00:00
[2026-03-28T22:13:14.336+0000] {processor.py:183} INFO - Processing /home/airflow/.local/lib/python3.8/site-packages/airflow/example_dags/example_skip_dag.py took 0.082 seconds
[2026-03-28T22:14:06.836+0000] {processor.py:161} INFO - Started process (PID=79) to work on /home/airflow/.local/lib/python3.8/site-packages/airflow/example_dags/example_skip_dag.py
[2026-03-28T22:14:06.837+0000] {processor.py:830} INFO - Processing file /home/airflow/.local/lib/python3.8/site-packages/airflow/example_dags/example_skip_dag.py for tasks to queue
[2026-03-28T22:14:06.840+0000] {logging_mixin.py:188} INFO - [2026-03-28T22:14:06.839+0000] {dagbag.py:538} INFO - Filling up the DagBag from /home/airflow/.local/lib/python3.8/site-packages/airflow/example_dags/example_skip_dag.py
[2026-03-28T22:14:06.857+0000] {processor.py:840} INFO - DAG(s) 'example_skip_dag' retrieved from /home/airflow/.local/lib/python3.8/site-packages/airflow/example_dags/example_skip_dag.py
[2026-03-28T22:14:06.880+0000] {logging_mixin.py:188} INFO - [2026-03-28T22:14:06.880+0000] {dag.py:3036} INFO - Sync 1 DAGs
[2026-03-28T22:14:06.922+0000] {logging_mixin.py:188} INFO - [2026-03-28T22:14:06.921+0000] {dag.py:3823} INFO - Setting next_dagrun for example_skip_dag to 2026-03-27 00:00:00+00:00, run_after=2026-03-28 00:00:00+00:00
[2026-03-28T22:14:06.968+0000] {processor.py:183} INFO - Processing /home/airflow/.local/lib/python3.8/site-packages/airflow/example_dags/example_skip_dag.py took 0.138 seconds
[2026-03-28T22:14:37.325+0000] {processor.py:161} INFO - Started process (PID=135) to work on /home/airflow/.local/lib/python3.8/site-packages/airflow/example_dags/example_skip_dag.py
[2026-03-28T22:14:37.327+0000] {processor.py:830} INFO - Processing file /home/airflow/.local/lib/python3.8/site-packages/airflow/example_dags/example_skip_dag.py for tasks to queue
[2026-03-28T22:14:37.330+0000] {logging_mixin.py:188} INFO - [2026-03-28T22:14:37.329+0000] {dagbag.py:538} INFO - Filling up the DagBag from /home/airflow/.local/lib/python3.8/site-packages/airflow/example_dags/example_skip_dag.py
[2026-03-28T22:14:37.338+0000] {processor.py:840} INFO - DAG(s) 'example_skip_dag' retrieved from /home/airflow/.local/lib/python3.8/site-packages/airflow/example_dags/example_skip_dag.py
[2026-03-28T22:14:37.431+0000] {logging_mixin.py:188} INFO - [2026-03-28T22:14:37.431+0000] {dag.py:3036} INFO - Sync 1 DAGs
[2026-03-28T22:14:37.450+0000] {logging_mixin.py:188} INFO - [2026-03-28T22:14:37.450+0000] {dag.py:3823} INFO - Setting next_dagrun for example_skip_dag to 2026-03-27 00:00:00+00:00, run_after=2026-03-28 00:00:00+00:00
[2026-03-28T22:14:37.472+0000] {processor.py:183} INFO - Processing /home/airflow/.local/lib/python3.8/site-packages/airflow/example_dags/example_skip_dag.py took 0.150 seconds
[2026-03-28T22:15:07.641+0000] {processor.py:161} INFO - Started process (PID=191) to work on /home/airflow/.local/lib/python3.8/site-packages/airflow/example_dags/example_skip_dag.py
[2026-03-28T22:15:07.642+0000] {processor.py:830} INFO - Processing file /home/airflow/.local/lib/python3.8/site-packages/airflow/example_dags/example_skip_dag.py for tasks to queue
[2026-03-28T22:15:07.644+0000] {logging_mixin.py:188} INFO - [2026-03-28T22:15:07.644+0000] {dagbag.py:538} INFO - Filling up the DagBag from /home/airflow/.local/lib/python3.8/site-packages/airflow/example_dags/example_skip_dag.py
[2026-03-28T22:15:07.650+0000] {processor.py:840} INFO - DAG(s) 'example_skip_dag' retrieved from /home/airflow/.local/lib/python3.8/site-packages/airflow/example_dags/example_skip_dag.py
[2026-03-28T22:15:07.673+0000] {logging_mixin.py:188} INFO - [2026-03-28T22:15:07.673+0000] {dag.py:3036} INFO - Sync 1 DAGs
[2026-03-28T22:15:07.698+0000] {logging_mixin.py:188} INFO - [2026-03-28T22:15:07.698+0000] {dag.py:3823} INFO - Setting next_dagrun for example_skip_dag to 2026-03-27 00:00:00+00:00, run_after=2026-03-28 00:00:00+00:00
[2026-03-28T22:15:07.736+0000] {processor.py:183} INFO - Processing /home/airflow/.local/lib/python3.8/site-packages/airflow/example_dags/example_skip_dag.py took 0.099 seconds
[2026-03-28T22:15:38.557+0000] {processor.py:161} INFO - Started process (PID=247) to work on /home/airflow/.local/lib/python3.8/site-packages/airflow/example_dags/example_skip_dag.py
[2026-03-28T22:15:38.559+0000] {processor.py:830} INFO - Processing file /home/airflow/.local/lib/python3.8/site-packages/airflow/example_dags/example_skip_dag.py for tasks to queue
[2026-03-28T22:15:38.561+0000] {logging_mixin.py:188} INFO - [2026-03-28T22:15:38.560+0000] {dagbag.py:538} INFO - Filling up the DagBag from /home/airflow/.local/lib/python3.8/site-packages/airflow/example_dags/example_skip_dag.py
[2026-03-28T22:15:38.567+0000] {processor.py:840} INFO - DAG(s) 'example_skip_dag' retrieved from /home/airflow/.local/lib/python3.8/site-packages/airflow/example_dags/example_skip_dag.py
[2026-03-28T22:15:38.590+0000] {logging_mixin.py:188} INFO - [2026-03-28T22:15:38.590+0000] {dag.py:3036} INFO - Sync 1 DAGs
[2026-03-28T22:15:38.614+0000] {logging_mixin.py:188} INFO - [2026-03-28T22:15:38.614+0000] {dag.py:3823} INFO - Setting next_dagrun for example_skip_dag to 2026-03-27 00:00:00+00:00, run_after=2026-03-28 00:00:00+00:00
[2026-03-28T22:15:38.638+0000] {processor.py:183} INFO - Processing /home/airflow/.local/lib/python3.8/site-packages/airflow/example_dags/example_skip_dag.py took 0.084 seconds
[2026-03-28T22:16:08.832+0000] {processor.py:161} INFO - Started process (PID=303) to work on /home/airflow/.local/lib/python3.8/site-packages/airflow/example_dags/example_skip_dag.py
[2026-03-28T22:16:08.833+0000] {processor.py:830} INFO - Processing file /home/airflow/.local/lib/python3.8/site-packages/airflow/example_dags/example_skip_dag.py for tasks to queue
[2026-03-28T22:16:08.838+0000] {logging_mixin.py:188} INFO - [2026-03-28T22:16:08.838+0000] {dagbag.py:538} INFO - Filling up the DagBag from /home/airflow/.local/lib/python3.8/site-packages/airflow/example_dags/example_skip_dag.py
[2026-03-28T22:16:08.846+0000] {processor.py:840} INFO - DAG(s) 'example_skip_dag' retrieved from /home/airflow/.local/lib/python3.8/site-packages/airflow/example_dags/example_skip_dag.py
[2026-03-28T22:16:08.866+0000] {logging_mixin.py:188} INFO - [2026-03-28T22:16:08.866+0000] {dag.py:3036} INFO - Sync 1 DAGs
[2026-03-28T22:16:08.889+0000] {logging_mixin.py:188} INFO - [2026-03-28T22:16:08.888+0000] {dag.py:3823} INFO - Setting next_dagrun for example_skip_dag to 2026-03-27 00:00:00+00:00, run_after=2026-03-28 00:00:00+00:00
[2026-03-28T22:16:08.911+0000] {processor.py:183} INFO - Processing /home/airflow/.local/lib/python3.8/site-packages/airflow/example_dags/example_skip_dag.py took 0.083 seconds
[2026-03-28T22:16:39.221+0000] {processor.py:161} INFO - Started process (PID=359) to work on /home/airflow/.local/lib/python3.8/site-packages/airflow/example_dags/example_skip_dag.py
[2026-03-28T22:16:39.223+0000] {processor.py:830} INFO - Processing file /home/airflow/.local/lib/python3.8/site-packages/airflow/example_dags/example_skip_dag.py for tasks to queue
[2026-03-28T22:16:39.230+0000] {logging_mixin.py:188} INFO - [2026-03-28T22:16:39.230+0000] {dagbag.py:538} INFO - Filling up the DagBag from /home/airflow/.local/lib/python3.8/site-packages/airflow/example_dags/example_skip_dag.py
[2026-03-28T22:16:39.236+0000] {processor.py:840} INFO - DAG(s) 'example_skip_dag' retrieved from /home/airflow/.local/lib/python3.8/site-packages/airflow/example_dags/example_skip_dag.py
[2026-03-28T22:16:39.257+0000] {logging_mixin.py:188} INFO - [2026-03-28T22:16:39.257+0000] {dag.py:3036} INFO - Sync 1 DAGs
[2026-03-28T22:16:39.277+0000] {logging_mixin.py:188} INFO - [2026-03-28T22:16:39.277+0000] {dag.py:3823} INFO - Setting next_dagrun for example_skip_dag to 2026-03-27 00:00:00+00:00, run_after=2026-03-28 00:00:00+00:00
[2026-03-28T22:16:39.302+0000] {processor.py:183} INFO - Processing /home/airflow/.local/lib/python3.8/site-packages/airflow/example_dags/example_skip_dag.py took 0.085 seconds
[2026-03-28T22:17:09.602+0000] {processor.py:161} INFO - Started process (PID=415) to work on /home/airflow/.local/lib/python3.8/site-packages/airflow/example_dags/example_skip_dag.py
[2026-03-28T22:17:09.603+0000] {processor.py:830} INFO - Processing file /home/airflow/.local/lib/python3.8/site-packages/airflow/example_dags/example_skip_dag.py for tasks to queue
[2026-03-28T22:17:09.606+0000] {logging_mixin.py:188} INFO - [2026-03-28T22:17:09.605+0000] {dagbag.py:538} INFO - Filling up the DagBag from /home/airflow/.local/lib/python3.8/site-packages/airflow/example_dags/example_skip_dag.py
[2026-03-28T22:17:09.613+0000] {processor.py:840} INFO - DAG(s) 'example_skip_dag' retrieved from /home/airflow/.local/lib/python3.8/site-packages/airflow/example_dags/example_skip_dag.py
[2026-03-28T22:17:09.635+0000] {logging_mixin.py:188} INFO - [2026-03-28T22:17:09.634+0000] {dag.py:3036} INFO - Sync 1 DAGs
[2026-03-28T22:17:09.655+0000] {logging_mixin.py:188} INFO - [2026-03-28T22:17:09.655+0000] {dag.py:3823} INFO - Setting next_dagrun for example_skip_dag to 2026-03-27 00:00:00+00:00, run_after=2026-03-28 00:00:00+00:00
[2026-03-28T22:17:09.724+0000] {processor.py:183} INFO - Processing /home/airflow/.local/lib/python3.8/site-packages/airflow/example_dags/example_skip_dag.py took 0.126 seconds
[2026-03-28T22:17:39.874+0000] {processor.py:161} INFO - Started process (PID=471) to work on /home/airflow/.local/lib/python3.8/site-packages/airflow/example_dags/example_skip_dag.py
[2026-03-28T22:17:39.875+0000] {processor.py:830} INFO - Processing file /home/airflow/.local/lib/python3.8/site-packages/airflow/example_dags/example_skip_dag.py for tasks to queue
[2026-03-28T22:17:39.877+0000] {logging_mixin.py:188} INFO - [2026-03-28T22:17:39.877+0000] {dagbag.py:538} INFO - Filling up the DagBag from /home/airflow/.local/lib/python3.8/site-packages/airflow/example_dags/example_skip_dag.py
[2026-03-28T22:17:39.883+0000] {processor.py:840} INFO - DAG(s) 'example_skip_dag' retrieved from /home/airflow/.local/lib/python3.8/site-packages/airflow/example_dags/example_skip_dag.py
[2026-03-28T22:17:39.905+0000] {logging_mixin.py:188} INFO - [2026-03-28T22:17:39.905+0000] {dag.py:3036} INFO - Sync 1 DAGs
[2026-03-28T22:17:39.924+0000] {logging_mixin.py:188} INFO - [2026-03-28T22:17:39.924+0000] {dag.py:3823} INFO - Setting next_dagrun for example_skip_dag to 2026-03-27 00:00:00+00:00, run_after=2026-03-28 00:00:00+00:00
[2026-03-28T22:17:39.954+0000] {processor.py:183} INFO - Processing /home/airflow/.local/lib/python3.8/site-packages/airflow/example_dags/example_skip_dag.py took 0.083 seconds
[2026-03-28T22:18:10.116+0000] {processor.py:161} INFO - Started process (PID=527) to work on /home/airflow/.local/lib/python3.8/site-packages/airflow/example_dags/example_skip_dag.py
[2026-03-28T22:18:10.118+0000] {processor.py:830} INFO - Processing file /home/airflow/.local/lib/python3.8/site-packages/airflow/example_dags/example_skip_dag.py for tasks to queue
[2026-03-28T22:18:10.120+0000] {logging_mixin.py:188} INFO - [2026-03-28T22:18:10.119+0000] {dagbag.py:538} INFO - Filling up the DagBag from /home/airflow/.local/lib/python3.8/site-packages/airflow/example_dags/example_skip_dag.py
[2026-03-28T22:18:10.126+0000] {processor.py:840} INFO - DAG(s) 'example_skip_dag' retrieved from /home/airflow/.local/lib/python3.8/site-packages/airflow/example_dags/example_skip_dag.py
[2026-03-28T22:18:10.146+0000] {logging_mixin.py:188} INFO - [2026-03-28T22:18:10.146+0000] {dag.py:3036} INFO - Sync 1 DAGs
[2026-03-28T22:18:10.165+0000] {logging_mixin.py:188} INFO - [2026-03-28T22:18:10.165+0000] {dag.py:3823} INFO - Setting next_dagrun for example_skip_dag to 2026-03-27 00:00:00+00:00, run_after=2026-03-28 00:00:00+00:00
[2026-03-28T22:18:10.185+0000] {processor.py:183} INFO - Processing /home/airflow/.local/lib/python3.8/site-packages/airflow/example_dags/example_skip_dag.py took 0.073 seconds
[2026-03-28T22:18:40.542+0000] {processor.py:161} INFO - Started process (PID=583) to work on /home/airflow/.local/lib/python3.8/site-packages/airflow/example_dags/example_skip_dag.py
[2026-03-28T22:18:40.544+0000] {processor.py:830} INFO - Processing file /home/airflow/.local/lib/python3.8/site-packages/airflow/example_dags/example_skip_dag.py for tasks to queue
[2026-03-28T22:18:40.546+0000] {logging_mixin.py:188} INFO - [2026-03-28T22:18:40.546+0000] {dagbag.py:538} INFO - Filling up the DagBag from /home/airflow/.local/lib/python3.8/site-packages/airflow/example_dags/example_skip_dag.py
[2026-03-28T22:18:40.552+0000] {processor.py:840} INFO - DAG(s) 'example_skip_dag' retrieved from /home/airflow/.local/lib/python3.8/site-packages/airflow/example_dags/example_skip_dag.py
[2026-03-28T22:18:40.576+0000] {logging_mixin.py:188} INFO - [2026-03-28T22:18:40.576+0000] {dag.py:3036} INFO - Sync 1 DAGs
[2026-03-28T22:18:40.597+0000] {logging_mixin.py:188} INFO - [2026-03-28T22:18:40.597+0000] {dag.py:3823} INFO - Setting next_dagrun for example_skip_dag to 2026-03-27 00:00:00+00:00, run_after=2026-03-28 00:00:00+00:00
[2026-03-28T22:18:40.620+0000] {processor.py:183} INFO - Processing /home/airflow/.local/lib/python3.8/site-packages/airflow/example_dags/example_skip_dag.py took 0.081 seconds
[2026-03-28T22:19:10.974+0000] {processor.py:161} INFO - Started process (PID=639) to work on /home/airflow/.local/lib/python3.8/site-packages/airflow/example_dags/example_skip_dag.py
[2026-03-28T22:19:10.976+0000] {processor.py:830} INFO - Processing file /home/airflow/.local/lib/python3.8/site-packages/airflow/example_dags/example_skip_dag.py for tasks to queue
[2026-03-28T22:19:10.978+0000] {logging_mixin.py:188} INFO - [2026-03-28T22:19:10.977+0000] {dagbag.py:538} INFO - Filling up the DagBag from /home/airflow/.local/lib/python3.8/site-packages/airflow/example_dags/example_skip_dag.py
[2026-03-28T22:19:10.984+0000] {processor.py:840} INFO - DAG(s) 'example_skip_dag' retrieved from /home/airflow/.local/lib/python3.8/site-packages/airflow/example_dags/example_skip_dag.py
[2026-03-28T22:19:11.005+0000] {logging_mixin.py:188} INFO - [2026-03-28T22:19:11.005+0000] {dag.py:3036} INFO - Sync 1 DAGs
[2026-03-28T22:19:11.027+0000] {logging_mixin.py:188} INFO - [2026-03-28T22:19:11.027+0000] {dag.py:3823} INFO - Setting next_dagrun for example_skip_dag to 2026-03-27 00:00:00+00:00, run_after=2026-03-28 00:00:00+00:00
[2026-03-28T22:19:11.080+0000] {processor.py:183} INFO - Processing /home/airflow/.local/lib/python3.8/site-packages/airflow/example_dags/example_skip_dag.py took 0.109 seconds
[2026-03-28T22:19:41.126+0000] {processor.py:161} INFO - Started process (PID=695) to work on /home/airflow/.local/lib/python3.8/site-packages/airflow/example_dags/example_skip_dag.py
[2026-03-28T22:19:41.128+0000] {processor.py:830} INFO - Processing file /home/airflow/.local/lib/python3.8/site-packages/airflow/example_dags/example_skip_dag.py for tasks to queue
[2026-03-28T22:19:41.130+0000] {logging_mixin.py:188} INFO - [2026-03-28T22:19:41.130+0000] {dagbag.py:538} INFO - Filling up the DagBag from /home/airflow/.local/lib/python3.8/site-packages/airflow/example_dags/example_skip_dag.py
[2026-03-28T22:19:41.138+0000] {processor.py:840} INFO - DAG(s) 'example_skip_dag' retrieved from /home/airflow/.local/lib/python3.8/site-packages/airflow/example_dags/example_skip_dag.py
[2026-03-28T22:19:41.164+0000] {logging_mixin.py:188} INFO - [2026-03-28T22:19:41.164+0000] {dag.py:3036} INFO - Sync 1 DAGs
[2026-03-28T22:19:41.192+0000] {logging_mixin.py:188} INFO - [2026-03-28T22:19:41.192+0000] {dag.py:3823} INFO - Setting next_dagrun for example_skip_dag to 2026-03-27 00:00:00+00:00, run_after=2026-03-28 00:00:00+00:00
[2026-03-28T22:19:41.219+0000] {processor.py:183} INFO - Processing /home/airflow/.local/lib/python3.8/site-packages/airflow/example_dags/example_skip_dag.py took 0.097 seconds
[2026-03-28T22:20:11.616+0000] {processor.py:161} INFO - Started process (PID=751) to work on /home/airflow/.local/lib/python3.8/site-packages/airflow/example_dags/example_skip_dag.py
[2026-03-28T22:20:11.617+0000] {processor.py:830} INFO - Processing file /home/airflow/.local/lib/python3.8/site-packages/airflow/example_dags/example_skip_dag.py for tasks to queue
[2026-03-28T22:20:11.620+0000] {logging_mixin.py:188} INFO - [2026-03-28T22:20:11.619+0000] {dagbag.py:538} INFO - Filling up the DagBag from /home/airflow/.local/lib/python3.8/site-packages/airflow/example_dags/example_skip_dag.py
[2026-03-28T22:20:11.629+0000] {processor.py:840} INFO - DAG(s) 'example_skip_dag' retrieved from /home/airflow/.local/lib/python3.8/site-packages/airflow/example_dags/example_skip_dag.py
[2026-03-28T22:20:11.654+0000] {logging_mixin.py:188} INFO - [2026-03-28T22:20:11.653+0000] {dag.py:3036} INFO - Sync 1 DAGs
[2026-03-28T22:20:11.683+0000] {logging_mixin.py:188} INFO - [2026-03-28T22:20:11.683+0000] {dag.py:3823} INFO - Setting next_dagrun for example_skip_dag to 2026-03-27 00:00:00+00:00, run_after=2026-03-28 00:00:00+00:00
[2026-03-28T22:20:11.710+0000] {processor.py:183} INFO - Processing /home/airflow/.local/lib/python3.8/site-packages/airflow/example_dags/example_skip_dag.py took 0.097 seconds
[2026-03-28T22:20:41.912+0000] {processor.py:161} INFO - Started process (PID=807) to work on /home/airflow/.local/lib/python3.8/site-packages/airflow/example_dags/example_skip_dag.py
[2026-03-28T22:20:41.913+0000] {processor.py:830} INFO - Processing file /home/airflow/.local/lib/python3.8/site-packages/airflow/example_dags/example_skip_dag.py for tasks to queue
[2026-03-28T22:20:41.915+0000] {logging_mixin.py:188} INFO - [2026-03-28T22:20:41.915+0000] {dagbag.py:538} INFO - Filling up the DagBag from /home/airflow/.local/lib/python3.8/site-packages/airflow/example_dags/example_skip_dag.py
[2026-03-28T22:20:41.924+0000] {processor.py:840} INFO - DAG(s) 'example_skip_dag' retrieved from /home/airflow/.local/lib/python3.8/site-packages/airflow/example_dags/example_skip_dag.py
[2026-03-28T22:20:41.947+0000] {logging_mixin.py:188} INFO - [2026-03-28T22:20:41.947+0000] {dag.py:3036} INFO - Sync 1 DAGs
[2026-03-28T22:20:41.972+0000] {logging_mixin.py:188} INFO - [2026-03-28T22:20:41.971+0000] {dag.py:3823} INFO - Setting next_dagrun for example_skip_dag to 2026-03-27 00:00:00+00:00, run_after=2026-03-28 00:00:00+00:00
[2026-03-28T22:20:41.998+0000] {processor.py:183} INFO - Processing /home/airflow/.local/lib/python3.8/site-packages/airflow/example_dags/example_skip_dag.py took 0.090 seconds
[2026-03-28T22:21:12.626+0000] {processor.py:161} INFO - Started process (PID=863) to work on /home/airflow/.local/lib/python3.8/site-packages/airflow/example_dags/example_skip_dag.py
[2026-03-28T22:21:12.627+0000] {processor.py:830} INFO - Processing file /home/airflow/.local/lib/python3.8/site-packages/airflow/example_dags/example_skip_dag.py for tasks to queue
[2026-03-28T22:21:12.630+0000] {logging_mixin.py:188} INFO - [2026-03-28T22:21:12.629+0000] {dagbag.py:538} INFO - Filling up the DagBag from /home/airflow/.local/lib/python3.8/site-packages/airflow/example_dags/example_skip_dag.py
[2026-03-28T22:21:12.637+0000] {processor.py:840} INFO - DAG(s) 'example_skip_dag' retrieved from /home/airflow/.local/lib/python3.8/site-packages/airflow/example_dags/example_skip_dag.py
[2026-03-28T22:21:12.660+0000] {logging_mixin.py:188} INFO - [2026-03-28T22:21:12.659+0000] {dag.py:3036} INFO - Sync 1 DAGs
[2026-03-28T22:21:12.685+0000] {logging_mixin.py:188} INFO - [2026-03-28T22:21:12.684+0000] {dag.py:3823} INFO - Setting next_dagrun for example_skip_dag to 2026-03-27 00:00:00+00:00, run_after=2026-03-28 00:00:00+00:00
[2026-03-28T22:21:12.711+0000] {processor.py:183} INFO - Processing /home/airflow/.local/lib/python3.8/site-packages/airflow/example_dags/example_skip_dag.py took 0.089 seconds
[2026-03-28T22:21:42.886+0000] {processor.py:161} INFO - Started process (PID=919) to work on /home/airflow/.local/lib/python3.8/site-packages/airflow/example_dags/example_skip_dag.py
[2026-03-28T22:21:42.888+0000] {processor.py:830} INFO - Processing file /home/airflow/.local/lib/python3.8/site-packages/airflow/example_dags/example_skip_dag.py for tasks to queue
[2026-03-28T22:21:42.891+0000] {logging_mixin.py:188} INFO - [2026-03-28T22:21:42.890+0000] {dagbag.py:538} INFO - Filling up the DagBag from /home/airflow/.local/lib/python3.8/site-packages/airflow/example_dags/example_skip_dag.py
[2026-03-28T22:21:42.898+0000] {processor.py:840} INFO - DAG(s) 'example_skip_dag' retrieved from /home/airflow/.local/lib/python3.8/site-packages/airflow/example_dags/example_skip_dag.py
[2026-03-28T22:21:42.920+0000] {logging_mixin.py:188} INFO - [2026-03-28T22:21:42.920+0000] {dag.py:3036} INFO - Sync 1 DAGs
[2026-03-28T22:21:42.943+0000] {logging_mixin.py:188} INFO - [2026-03-28T22:21:42.943+0000] {dag.py:3823} INFO - Setting next_dagrun for example_skip_dag to 2026-03-27 00:00:00+00:00, run_after=2026-03-28 00:00:00+00:00
[2026-03-28T22:21:42.964+0000] {processor.py:183} INFO - Processing /home/airflow/.local/lib/python3.8/site-packages/airflow/example_dags/example_skip_dag.py took 0.082 seconds
[2026-03-28T22:22:13.119+0000] {processor.py:161} INFO - Started process (PID=975) to work on /home/airflow/.local/lib/python3.8/site-packages/airflow/example_dags/example_skip_dag.py
[2026-03-28T22:22:13.121+0000] {processor.py:830} INFO - Processing file /home/airflow/.local/lib/python3.8/site-packages/airflow/example_dags/example_skip_dag.py for tasks to queue
[2026-03-28T22:22:13.123+0000] {logging_mixin.py:188} INFO - [2026-03-28T22:22:13.123+0000] {dagbag.py:538} INFO - Filling up the DagBag from /home/airflow/.local/lib/python3.8/site-packages/airflow/example_dags/example_skip_dag.py
[2026-03-28T22:22:13.130+0000] {processor.py:840} INFO - DAG(s) 'example_skip_dag' retrieved from /home/airflow/.local/lib/python3.8/site-packages/airflow/example_dags/example_skip_dag.py
[2026-03-28T22:22:13.154+0000] {logging_mixin.py:188} INFO - [2026-03-28T22:22:13.154+0000] {dag.py:3036} INFO - Sync 1 DAGs
[2026-03-28T22:22:13.178+0000] {logging_mixin.py:188} INFO - [2026-03-28T22:22:13.178+0000] {dag.py:3823} INFO - Setting next_dagrun for example_skip_dag to 2026-03-27 00:00:00+00:00, run_after=2026-03-28 00:00:00+00:00
[2026-03-28T22:22:13.202+0000] {processor.py:183} INFO - Processing /home/airflow/.local/lib/python3.8/site-packages/airflow/example_dags/example_skip_dag.py took 0.087 seconds
[2026-03-28T22:22:43.431+0000] {processor.py:161} INFO - Started process (PID=1031) to work on /home/airflow/.local/lib/python3.8/site-packages/airflow/example_dags/example_skip_dag.py
[2026-03-28T22:22:43.432+0000] {processor.py:830} INFO - Processing file /home/airflow/.local/lib/python3.8/site-packages/airflow/example_dags/example_skip_dag.py for tasks to queue
[2026-03-28T22:22:43.435+0000] {logging_mixin.py:188} INFO - [2026-03-28T22:22:43.435+0000] {dagbag.py:538} INFO - Filling up the DagBag from /home/airflow/.local/lib/python3.8/site-packages/airflow/example_dags/example_skip_dag.py
[2026-03-28T22:22:43.444+0000] {processor.py:840} INFO - DAG(s) 'example_skip_dag' retrieved from /home/airflow/.local/lib/python3.8/site-packages/airflow/example_dags/example_skip_dag.py
[2026-03-28T22:22:43.474+0000] {logging_mixin.py:188} INFO - [2026-03-28T22:22:43.473+0000] {dag.py:3036} INFO - Sync 1 DAGs
[2026-03-28T22:22:43.505+0000] {logging_mixin.py:188} INFO - [2026-03-28T22:22:43.504+0000] {dag.py:3823} INFO - Setting next_dagrun for example_skip_dag to 2026-03-27 00:00:00+00:00, run_after=2026-03-28 00:00:00+00:00
[2026-03-28T22:22:43.532+0000] {processor.py:183} INFO - Processing /home/airflow/.local/lib/python3.8/site-packages/airflow/example_dags/example_skip_dag.py took 0.105 seconds
[2026-03-28T22:23:13.618+0000] {processor.py:161} INFO - Started process (PID=1087) to work on /home/airflow/.local/lib/python3.8/site-packages/airflow/example_dags/example_skip_dag.py
[2026-03-28T22:23:13.619+0000] {processor.py:830} INFO - Processing file /home/airflow/.local/lib/python3.8/site-packages/airflow/example_dags/example_skip_dag.py for tasks to queue
[2026-03-28T22:23:13.621+0000] {logging_mixin.py:188} INFO - [2026-03-28T22:23:13.620+0000] {dagbag.py:538} INFO - Filling up the DagBag from /home/airflow/.local/lib/python3.8/site-packages/airflow/example_dags/example_skip_dag.py
[2026-03-28T22:23:13.627+0000] {processor.py:840} INFO - DAG(s) 'example_skip_dag' retrieved from /home/airflow/.local/lib/python3.8/site-packages/airflow/example_dags/example_skip_dag.py
[2026-03-28T22:23:13.656+0000] {logging_mixin.py:188} INFO - [2026-03-28T22:23:13.656+0000] {dag.py:3036} INFO - Sync 1 DAGs
[2026-03-28T22:23:13.677+0000] {logging_mixin.py:188} INFO - [2026-03-28T22:23:13.677+0000] {dag.py:3823} INFO - Setting next_dagrun for example_skip_dag to 2026-03-27 00:00:00+00:00, run_after=2026-03-28 00:00:00+00:00
[2026-03-28T22:23:13.702+0000] {processor.py:183} INFO - Processing /home/airflow/.local/lib/python3.8/site-packages/airflow/example_dags/example_skip_dag.py took 0.087 seconds
[2026-03-28T22:23:43.896+0000] {processor.py:161} INFO - Started process (PID=1142) to work on /home/airflow/.local/lib/python3.8/site-packages/airflow/example_dags/example_skip_dag.py
[2026-03-28T22:23:43.898+0000] {processor.py:830} INFO - Processing file /home/airflow/.local/lib/python3.8/site-packages/airflow/example_dags/example_skip_dag.py for tasks to queue
[2026-03-28T22:23:43.902+0000] {logging_mixin.py:188} INFO - [2026-03-28T22:23:43.901+0000] {dagbag.py:538} INFO - Filling up the DagBag from /home/airflow/.local/lib/python3.8/site-packages/airflow/example_dags/example_skip_dag.py
[2026-03-28T22:23:43.912+0000] {processor.py:840} INFO - DAG(s) 'example_skip_dag' retrieved from /home/airflow/.local/lib/python3.8/site-packages/airflow/example_dags/example_skip_dag.py
[2026-03-28T22:23:43.939+0000] {logging_mixin.py:188} INFO - [2026-03-28T22:23:43.938+0000] {dag.py:3036} INFO - Sync 1 DAGs
[2026-03-28T22:23:43.965+0000] {logging_mixin.py:188} INFO - [2026-03-28T22:23:43.965+0000] {dag.py:3823} INFO - Setting next_dagrun for example_skip_dag to 2026-03-27 00:00:00+00:00, run_after=2026-03-28 00:00:00+00:00
[2026-03-28T22:23:43.991+0000] {processor.py:183} INFO - Processing /home/airflow/.local/lib/python3.8/site-packages/airflow/example_dags/example_skip_dag.py took 0.100 seconds
[2026-03-28T22:24:14.342+0000] {processor.py:161} INFO - Started process (PID=1199) to work on /home/airflow/.local/lib/python3.8/site-packages/airflow/example_dags/example_skip_dag.py
[2026-03-28T22:24:14.344+0000] {processor.py:830} INFO - Processing file /home/airflow/.local/lib/python3.8/site-packages/airflow/example_dags/example_skip_dag.py for tasks to queue
[2026-03-28T22:24:14.346+0000] {logging_mixin.py:188} INFO - [2026-03-28T22:24:14.345+0000] {dagbag.py:538} INFO - Filling up the DagBag from /home/airflow/.local/lib/python3.8/site-packages/airflow/example_dags/example_skip_dag.py
[2026-03-28T22:24:14.353+0000] {processor.py:840} INFO - DAG(s) 'example_skip_dag' retrieved from /home/airflow/.local/lib/python3.8/site-packages/airflow/example_dags/example_skip_dag.py
[2026-03-28T22:24:14.375+0000] {logging_mixin.py:188} INFO - [2026-03-28T22:24:14.375+0000] {dag.py:3036} INFO - Sync 1 DAGs
[2026-03-28T22:24:14.400+0000] {logging_mixin.py:188} INFO - [2026-03-28T22:24:14.399+0000] {dag.py:3823} INFO - Setting next_dagrun for example_skip_dag to 2026-03-27 00:00:00+00:00, run_after=2026-03-28 00:00:00+00:00
[2026-03-28T22:24:14.423+0000] {processor.py:183} INFO - Processing /home/airflow/.local/lib/python3.8/site-packages/airflow/example_dags/example_skip_dag.py took 0.084 seconds
[2026-03-28T22:24:44.866+0000] {processor.py:161} INFO - Started process (PID=1255) to work on /home/airflow/.local/lib/python3.8/site-packages/airflow/example_dags/example_skip_dag.py
[2026-03-28T22:24:44.867+0000] {processor.py:830} INFO - Processing file /home/airflow/.local/lib/python3.8/site-packages/airflow/example_dags/example_skip_dag.py for tasks to queue
[2026-03-28T22:24:44.869+0000] {logging_mixin.py:188} INFO - [2026-03-28T22:24:44.869+0000] {dagbag.py:538} INFO - Filling up the DagBag from /home/airflow/.local/lib/python3.8/site-packages/airflow/example_dags/example_skip_dag.py
[2026-03-28T22:24:44.875+0000] {processor.py:840} INFO - DAG(s) 'example_skip_dag' retrieved from /home/airflow/.local/lib/python3.8/site-packages/airflow/example_dags/example_skip_dag.py
[2026-03-28T22:24:44.897+0000] {logging_mixin.py:188} INFO - [2026-03-28T22:24:44.897+0000] {dag.py:3036} INFO - Sync 1 DAGs
[2026-03-28T22:24:44.919+0000] {logging_mixin.py:188} INFO - [2026-03-28T22:24:44.919+0000] {dag.py:3823} INFO - Setting next_dagrun for example_skip_dag to 2026-03-27 00:00:00+00:00, run_after=2026-03-28 00:00:00+00:00
[2026-03-28T22:24:44.984+0000] {processor.py:183} INFO - Processing /home/airflow/.local/lib/python3.8/site-packages/airflow/example_dags/example_skip_dag.py took 0.121 seconds
[2026-03-28T22:25:15.888+0000] {processor.py:161} INFO - Started process (PID=1311) to work on /home/airflow/.local/lib/python3.8/site-packages/airflow/example_dags/example_skip_dag.py
[2026-03-28T22:25:15.889+0000] {processor.py:830} INFO - Processing file /home/airflow/.local/lib/python3.8/site-packages/airflow/example_dags/example_skip_dag.py for tasks to queue
[2026-03-28T22:25:15.891+0000] {logging_mixin.py:188} INFO - [2026-03-28T22:25:15.891+0000] {dagbag.py:538} INFO - Filling up the DagBag from /home/airflow/.local/lib/python3.8/site-packages/airflow/example_dags/example_skip_dag.py
[2026-03-28T22:25:15.897+0000] {processor.py:840} INFO - DAG(s) 'example_skip_dag' retrieved from /home/airflow/.local/lib/python3.8/site-packages/airflow/example_dags/example_skip_dag.py
[2026-03-28T22:25:15.918+0000] {logging_mixin.py:188} INFO - [2026-03-28T22:25:15.918+0000] {dag.py:3036} INFO - Sync 1 DAGs
[2026-03-28T22:25:15.937+0000] {logging_mixin.py:188} INFO - [2026-03-28T22:25:15.936+0000] {dag.py:3823} INFO - Setting next_dagrun for example_skip_dag to 2026-03-27 00:00:00+00:00, run_after=2026-03-28 00:00:00+00:00
[2026-03-28T22:25:15.959+0000] {processor.py:183} INFO - Processing /home/airflow/.local/lib/python3.8/site-packages/airflow/example_dags/example_skip_dag.py took 0.075 seconds
[2026-03-28T22:25:46.263+0000] {processor.py:161} INFO - Started process (PID=1367) to work on /home/airflow/.local/lib/python3.8/site-packages/airflow/example_dags/example_skip_dag.py
[2026-03-28T22:25:46.265+0000] {processor.py:830} INFO - Processing file /home/airflow/.local/lib/python3.8/site-packages/airflow/example_dags/example_skip_dag.py for tasks to queue
[2026-03-28T22:25:46.267+0000] {logging_mixin.py:188} INFO - [2026-03-28T22:25:46.267+0000] {dagbag.py:538} INFO - Filling up the DagBag from /home/airflow/.local/lib/python3.8/site-packages/airflow/example_dags/example_skip_dag.py
[2026-03-28T22:25:46.277+0000] {processor.py:840} INFO - DAG(s) 'example_skip_dag' retrieved from /home/airflow/.local/lib/python3.8/site-packages/airflow/example_dags/example_skip_dag.py
[2026-03-28T22:25:46.302+0000] {logging_mixin.py:188} INFO - [2026-03-28T22:25:46.302+0000] {dag.py:3036} INFO - Sync 1 DAGs
[2026-03-28T22:25:46.326+0000] {logging_mixin.py:188} INFO - [2026-03-28T22:25:46.325+0000] {dag.py:3823} INFO - Setting next_dagrun for example_skip_dag to 2026-03-27 00:00:00+00:00, run_after=2026-03-28 00:00:00+00:00
[2026-03-28T22:25:46.348+0000] {processor.py:183} INFO - Processing /home/airflow/.local/lib/python3.8/site-packages/airflow/example_dags/example_skip_dag.py took 0.090 seconds
[2026-03-28T22:26:16.439+0000] {processor.py:161} INFO - Started process (PID=1424) to work on /home/airflow/.local/lib/python3.8/site-packages/airflow/example_dags/example_skip_dag.py
[2026-03-28T22:26:16.440+0000] {processor.py:830} INFO - Processing file /home/airflow/.local/lib/python3.8/site-packages/airflow/example_dags/example_skip_dag.py for tasks to queue
[2026-03-28T22:26:16.442+0000] {logging_mixin.py:188} INFO - [2026-03-28T22:26:16.442+0000] {dagbag.py:538} INFO - Filling up the DagBag from /home/airflow/.local/lib/python3.8/site-packages/airflow/example_dags/example_skip_dag.py
[2026-03-28T22:26:16.449+0000] {processor.py:840} INFO - DAG(s) 'example_skip_dag' retrieved from /home/airflow/.local/lib/python3.8/site-packages/airflow/example_dags/example_skip_dag.py
[2026-03-28T22:26:16.472+0000] {logging_mixin.py:188} INFO - [2026-03-28T22:26:16.472+0000] {dag.py:3036} INFO - Sync 1 DAGs
[2026-03-28T22:26:16.494+0000] {logging_mixin.py:188} INFO - [2026-03-28T22:26:16.494+0000] {dag.py:3823} INFO - Setting next_dagrun for example_skip_dag to 2026-03-27 00:00:00+00:00, run_after=2026-03-28 00:00:00+00:00
[2026-03-28T22:26:16.517+0000] {processor.py:183} INFO - Processing /home/airflow/.local/lib/python3.8/site-packages/airflow/example_dags/example_skip_dag.py took 0.081 seconds
[2026-03-28T22:26:46.919+0000] {processor.py:161} INFO - Started process (PID=1479) to work on /home/airflow/.local/lib/python3.8/site-packages/airflow/example_dags/example_skip_dag.py
[2026-03-28T22:26:46.921+0000] {processor.py:830} INFO - Processing file /home/airflow/.local/lib/python3.8/site-packages/airflow/example_dags/example_skip_dag.py for tasks to queue
[2026-03-28T22:26:46.923+0000] {logging_mixin.py:188} INFO - [2026-03-28T22:26:46.922+0000] {dagbag.py:538} INFO - Filling up the DagBag from /home/airflow/.local/lib/python3.8/site-packages/airflow/example_dags/example_skip_dag.py
[2026-03-28T22:26:46.929+0000] {processor.py:840} INFO - DAG(s) 'example_skip_dag' retrieved from /home/airflow/.local/lib/python3.8/site-packages/airflow/example_dags/example_skip_dag.py
[2026-03-28T22:26:46.953+0000] {logging_mixin.py:188} INFO - [2026-03-28T22:26:46.953+0000] {dag.py:3036} INFO - Sync 1 DAGs
[2026-03-28T22:26:46.978+0000] {logging_mixin.py:188} INFO - [2026-03-28T22:26:46.978+0000] {dag.py:3823} INFO - Setting next_dagrun for example_skip_dag to 2026-03-27 00:00:00+00:00, run_after=2026-03-28 00:00:00+00:00
[2026-03-28T22:26:47.014+0000] {processor.py:183} INFO - Processing /home/airflow/.local/lib/python3.8/site-packages/airflow/example_dags/example_skip_dag.py took 0.098 seconds
[2026-03-28T22:27:17.303+0000] {processor.py:161} INFO - Started process (PID=1535) to work on /home/airflow/.local/lib/python3.8/site-packages/airflow/example_dags/example_skip_dag.py
[2026-03-28T22:27:17.304+0000] {processor.py:830} INFO - Processing file /home/airflow/.local/lib/python3.8/site-packages/airflow/example_dags/example_skip_dag.py for tasks to queue
[2026-03-28T22:27:17.308+0000] {logging_mixin.py:188} INFO - [2026-03-28T22:27:17.307+0000] {dagbag.py:538} INFO - Filling up the DagBag from /home/airflow/.local/lib/python3.8/site-packages/airflow/example_dags/example_skip_dag.py
[2026-03-28T22:27:17.315+0000] {processor.py:840} INFO - DAG(s) 'example_skip_dag' retrieved from /home/airflow/.local/lib/python3.8/site-packages/airflow/example_dags/example_skip_dag.py
[2026-03-28T22:27:17.339+0000] {logging_mixin.py:188} INFO - [2026-03-28T22:27:17.339+0000] {dag.py:3036} INFO - Sync 1 DAGs
[2026-03-28T22:27:17.359+0000] {logging_mixin.py:188} INFO - [2026-03-28T22:27:17.359+0000] {dag.py:3823} INFO - Setting next_dagrun for example_skip_dag to 2026-03-27 00:00:00+00:00, run_after=2026-03-28 00:00:00+00:00
[2026-03-28T22:27:17.382+0000] {processor.py:183} INFO - Processing /home/airflow/.local/lib/python3.8/site-packages/airflow/example_dags/example_skip_dag.py took 0.084 seconds
[2026-03-28T22:27:47.947+0000] {processor.py:161} INFO - Started process (PID=1591) to work on /home/airflow/.local/lib/python3.8/site-packages/airflow/example_dags/example_skip_dag.py
[2026-03-28T22:27:47.948+0000] {processor.py:830} INFO - Processing file /home/airflow/.local/lib/python3.8/site-packages/airflow/example_dags/example_skip_dag.py for tasks to queue
[2026-03-28T22:27:47.952+0000] {logging_mixin.py:188} INFO - [2026-03-28T22:27:47.951+0000] {dagbag.py:538} INFO - Filling up the DagBag from /home/airflow/.local/lib/python3.8/site-packages/airflow/example_dags/example_skip_dag.py
[2026-03-28T22:27:47.961+0000] {processor.py:840} INFO - DAG(s) 'example_skip_dag' retrieved from /home/airflow/.local/lib/python3.8/site-packages/airflow/example_dags/example_skip_dag.py
[2026-03-28T22:27:47.987+0000] {logging_mixin.py:188} INFO - [2026-03-28T22:27:47.986+0000] {dag.py:3036} INFO - Sync 1 DAGs
[2026-03-28T22:27:48.006+0000] {logging_mixin.py:188} INFO - [2026-03-28T22:27:48.006+0000] {dag.py:3823} INFO - Setting next_dagrun for example_skip_dag to 2026-03-27 00:00:00+00:00, run_after=2026-03-28 00:00:00+00:00
[2026-03-28T22:27:48.026+0000] {processor.py:183} INFO - Processing /home/airflow/.local/lib/python3.8/site-packages/airflow/example_dags/example_skip_dag.py took 0.084 seconds
[2026-03-28T22:28:18.272+0000] {processor.py:161} INFO - Started process (PID=1647) to work on /home/airflow/.local/lib/python3.8/site-packages/airflow/example_dags/example_skip_dag.py
[2026-03-28T22:28:18.273+0000] {processor.py:830} INFO - Processing file /home/airflow/.local/lib/python3.8/site-packages/airflow/example_dags/example_skip_dag.py for tasks to queue
[2026-03-28T22:28:18.276+0000] {logging_mixin.py:188} INFO - [2026-03-28T22:28:18.275+0000] {dagbag.py:538} INFO - Filling up the DagBag from /home/airflow/.local/lib/python3.8/site-packages/airflow/example_dags/example_skip_dag.py
[2026-03-28T22:28:18.286+0000] {processor.py:840} INFO - DAG(s) 'example_skip_dag' retrieved from /home/airflow/.local/lib/python3.8/site-packages/airflow/example_dags/example_skip_dag.py
[2026-03-28T22:28:18.309+0000] {logging_mixin.py:188} INFO - [2026-03-28T22:28:18.309+0000] {dag.py:3036} INFO - Sync 1 DAGs
[2026-03-28T22:28:18.330+0000] {logging_mixin.py:188} INFO - [2026-03-28T22:28:18.330+0000] {dag.py:3823} INFO - Setting next_dagrun for example_skip_dag to 2026-03-27 00:00:00+00:00, run_after=2026-03-28 00:00:00+00:00
[2026-03-28T22:28:18.353+0000] {processor.py:183} INFO - Processing /home/airflow/.local/lib/python3.8/site-packages/airflow/example_dags/example_skip_dag.py took 0.085 seconds
[2026-03-28T22:28:49.065+0000] {processor.py:161} INFO - Started process (PID=1703) to work on /home/airflow/.local/lib/python3.8/site-packages/airflow/example_dags/example_skip_dag.py
[2026-03-28T22:28:49.066+0000] {processor.py:830} INFO - Processing file /home/airflow/.local/lib/python3.8/site-packages/airflow/example_dags/example_skip_dag.py for tasks to queue
[2026-03-28T22:28:49.068+0000] {logging_mixin.py:188} INFO - [2026-03-28T22:28:49.068+0000] {dagbag.py:538} INFO - Filling up the DagBag from /home/airflow/.local/lib/python3.8/site-packages/airflow/example_dags/example_skip_dag.py
[2026-03-28T22:28:49.075+0000] {processor.py:840} INFO - DAG(s) 'example_skip_dag' retrieved from /home/airflow/.local/lib/python3.8/site-packages/airflow/example_dags/example_skip_dag.py
[2026-03-28T22:28:49.098+0000] {logging_mixin.py:188} INFO - [2026-03-28T22:28:49.098+0000] {dag.py:3036} INFO - Sync 1 DAGs
[2026-03-28T22:28:49.120+0000] {logging_mixin.py:188} INFO - [2026-03-28T22:28:49.120+0000] {dag.py:3823} INFO - Setting next_dagrun for example_skip_dag to 2026-03-27 00:00:00+00:00, run_after=2026-03-28 00:00:00+00:00
[2026-03-28T22:28:49.171+0000] {processor.py:183} INFO - Processing /home/airflow/.local/lib/python3.8/site-packages/airflow/example_dags/example_skip_dag.py took 0.110 seconds
[2026-03-28T22:29:19.801+0000] {processor.py:161} INFO - Started process (PID=1759) to work on /home/airflow/.local/lib/python3.8/site-packages/airflow/example_dags/example_skip_dag.py
[2026-03-28T22:29:19.802+0000] {processor.py:830} INFO - Processing file /home/airflow/.local/lib/python3.8/site-packages/airflow/example_dags/example_skip_dag.py for tasks to queue
[2026-03-28T22:29:19.805+0000] {logging_mixin.py:188} INFO - [2026-03-28T22:29:19.805+0000] {dagbag.py:538} INFO - Filling up the DagBag from /home/airflow/.local/lib/python3.8/site-packages/airflow/example_dags/example_skip_dag.py
[2026-03-28T22:29:19.811+0000] {processor.py:840} INFO - DAG(s) 'example_skip_dag' retrieved from /home/airflow/.local/lib/python3.8/site-packages/airflow/example_dags/example_skip_dag.py
[2026-03-28T22:29:19.833+0000] {logging_mixin.py:188} INFO - [2026-03-28T22:29:19.833+0000] {dag.py:3036} INFO - Sync 1 DAGs
[2026-03-28T22:29:19.853+0000] {logging_mixin.py:188} INFO - [2026-03-28T22:29:19.853+0000] {dag.py:3823} INFO - Setting next_dagrun for example_skip_dag to 2026-03-27 00:00:00+00:00, run_after=2026-03-28 00:00:00+00:00
[2026-03-28T22:29:19.874+0000] {processor.py:183} INFO - Processing /home/airflow/.local/lib/python3.8/site-packages/airflow/example_dags/example_skip_dag.py took 0.077 seconds
[2026-03-28T22:29:50.267+0000] {processor.py:161} INFO - Started process (PID=1815) to work on /home/airflow/.local/lib/python3.8/site-packages/airflow/example_dags/example_skip_dag.py
[2026-03-28T22:29:50.268+0000] {processor.py:830} INFO - Processing file /home/airflow/.local/lib/python3.8/site-packages/airflow/example_dags/example_skip_dag.py for tasks to queue
[2026-03-28T22:29:50.271+0000] {logging_mixin.py:188} INFO - [2026-03-28T22:29:50.270+0000] {dagbag.py:538} INFO - Filling up the DagBag from /home/airflow/.local/lib/python3.8/site-packages/airflow/example_dags/example_skip_dag.py
[2026-03-28T22:29:50.278+0000] {processor.py:840} INFO - DAG(s) 'example_skip_dag' retrieved from /home/airflow/.local/lib/python3.8/site-packages/airflow/example_dags/example_skip_dag.py
[2026-03-28T22:29:50.299+0000] {logging_mixin.py:188} INFO - [2026-03-28T22:29:50.299+0000] {dag.py:3036} INFO - Sync 1 DAGs
[2026-03-28T22:29:50.319+0000] {logging_mixin.py:188} INFO - [2026-03-28T22:29:50.319+0000] {dag.py:3823} INFO - Setting next_dagrun for example_skip_dag to 2026-03-27 00:00:00+00:00, run_after=2026-03-28 00:00:00+00:00
[2026-03-28T22:29:50.341+0000] {processor.py:183} INFO - Processing /home/airflow/.local/lib/python3.8/site-packages/airflow/example_dags/example_skip_dag.py took 0.078 seconds
[2026-03-28T22:30:20.740+0000] {processor.py:161} INFO - Started process (PID=1871) to work on /home/airflow/.local/lib/python3.8/site-packages/airflow/example_dags/example_skip_dag.py
[2026-03-28T22:30:20.742+0000] {processor.py:830} INFO - Processing file /home/airflow/.local/lib/python3.8/site-packages/airflow/example_dags/example_skip_dag.py for tasks to queue
[2026-03-28T22:30:20.744+0000] {logging_mixin.py:188} INFO - [2026-03-28T22:30:20.744+0000] {dagbag.py:538} INFO - Filling up the DagBag from /home/airflow/.local/lib/python3.8/site-packages/airflow/example_dags/example_skip_dag.py
[2026-03-28T22:30:20.753+0000] {processor.py:840} INFO - DAG(s) 'example_skip_dag' retrieved from /home/airflow/.local/lib/python3.8/site-packages/airflow/example_dags/example_skip_dag.py
[2026-03-28T22:30:20.776+0000] {logging_mixin.py:188} INFO - [2026-03-28T22:30:20.775+0000] {dag.py:3036} INFO - Sync 1 DAGs
[2026-03-28T22:30:20.798+0000] {logging_mixin.py:188} INFO - [2026-03-28T22:30:20.798+0000] {dag.py:3823} INFO - Setting next_dagrun for example_skip_dag to 2026-03-27 00:00:00+00:00, run_after=2026-03-28 00:00:00+00:00
[2026-03-28T22:30:20.818+0000] {processor.py:183} INFO - Processing /home/airflow/.local/lib/python3.8/site-packages/airflow/example_dags/example_skip_dag.py took 0.082 seconds
[2026-03-28T22:30:51.140+0000] {processor.py:161} INFO - Started process (PID=1928) to work on /home/airflow/.local/lib/python3.8/site-packages/airflow/example_dags/example_skip_dag.py
[2026-03-28T22:30:51.142+0000] {processor.py:830} INFO - Processing file /home/airflow/.local/lib/python3.8/site-packages/airflow/example_dags/example_skip_dag.py for tasks to queue
[2026-03-28T22:30:51.144+0000] {logging_mixin.py:188} INFO - [2026-03-28T22:30:51.143+0000] {dagbag.py:538} INFO - Filling up the DagBag from /home/airflow/.local/lib/python3.8/site-packages/airflow/example_dags/example_skip_dag.py
[2026-03-28T22:30:51.151+0000] {processor.py:840} INFO - DAG(s) 'example_skip_dag' retrieved from /home/airflow/.local/lib/python3.8/site-packages/airflow/example_dags/example_skip_dag.py
[2026-03-28T22:30:51.173+0000] {logging_mixin.py:188} INFO - [2026-03-28T22:30:51.173+0000] {dag.py:3036} INFO - Sync 1 DAGs
[2026-03-28T22:30:51.192+0000] {logging_mixin.py:188} INFO - [2026-03-28T22:30:51.192+0000] {dag.py:3823} INFO - Setting next_dagrun for example_skip_dag to 2026-03-27 00:00:00+00:00, run_after=2026-03-28 00:00:00+00:00
[2026-03-28T22:30:51.213+0000] {processor.py:183} INFO - Processing /home/airflow/.local/lib/python3.8/site-packages/airflow/example_dags/example_skip_dag.py took 0.077 seconds
[2026-03-28T22:31:37.809+0000] {processor.py:161} INFO - Started process (PID=80) to work on /home/airflow/.local/lib/python3.8/site-packages/airflow/example_dags/example_skip_dag.py
[2026-03-28T22:31:37.811+0000] {processor.py:830} INFO - Processing file /home/airflow/.local/lib/python3.8/site-packages/airflow/example_dags/example_skip_dag.py for tasks to queue
[2026-03-28T22:31:37.815+0000] {logging_mixin.py:188} INFO - [2026-03-28T22:31:37.814+0000] {dagbag.py:538} INFO - Filling up the DagBag from /home/airflow/.local/lib/python3.8/site-packages/airflow/example_dags/example_skip_dag.py
[2026-03-28T22:31:37.834+0000] {processor.py:840} INFO - DAG(s) 'example_skip_dag' retrieved from /home/airflow/.local/lib/python3.8/site-packages/airflow/example_dags/example_skip_dag.py
[2026-03-28T22:31:37.859+0000] {logging_mixin.py:188} INFO - [2026-03-28T22:31:37.858+0000] {dag.py:3036} INFO - Sync 1 DAGs
[2026-03-28T22:31:37.907+0000] {logging_mixin.py:188} INFO - [2026-03-28T22:31:37.907+0000] {dag.py:3823} INFO - Setting next_dagrun for example_skip_dag to 2026-03-27 00:00:00+00:00, run_after=2026-03-28 00:00:00+00:00
[2026-03-28T22:31:37.946+0000] {processor.py:183} INFO - Processing /home/airflow/.local/lib/python3.8/site-packages/airflow/example_dags/example_skip_dag.py took 0.144 seconds
[2026-03-28T22:32:13.403+0000] {processor.py:161} INFO - Started process (PID=81) to work on /home/airflow/.local/lib/python3.8/site-packages/airflow/example_dags/example_skip_dag.py
[2026-03-28T22:32:13.405+0000] {processor.py:830} INFO - Processing file /home/airflow/.local/lib/python3.8/site-packages/airflow/example_dags/example_skip_dag.py for tasks to queue
[2026-03-28T22:32:13.408+0000] {logging_mixin.py:188} INFO - [2026-03-28T22:32:13.407+0000] {dagbag.py:538} INFO - Filling up the DagBag from /home/airflow/.local/lib/python3.8/site-packages/airflow/example_dags/example_skip_dag.py
[2026-03-28T22:32:13.419+0000] {processor.py:840} INFO - DAG(s) 'example_skip_dag' retrieved from /home/airflow/.local/lib/python3.8/site-packages/airflow/example_dags/example_skip_dag.py
[2026-03-28T22:32:13.436+0000] {logging_mixin.py:188} INFO - [2026-03-28T22:32:13.436+0000] {dag.py:3036} INFO - Sync 1 DAGs
[2026-03-28T22:32:13.463+0000] {logging_mixin.py:188} INFO - [2026-03-28T22:32:13.463+0000] {dag.py:3823} INFO - Setting next_dagrun for example_skip_dag to 2026-03-27 00:00:00+00:00, run_after=2026-03-28 00:00:00+00:00
[2026-03-28T22:32:13.489+0000] {processor.py:183} INFO - Processing /home/airflow/.local/lib/python3.8/site-packages/airflow/example_dags/example_skip_dag.py took 0.092 seconds
[2026-03-28T22:32:44.942+0000] {processor.py:161} INFO - Started process (PID=137) to work on /home/airflow/.local/lib/python3.8/site-packages/airflow/example_dags/example_skip_dag.py
[2026-03-28T22:32:44.943+0000] {processor.py:830} INFO - Processing file /home/airflow/.local/lib/python3.8/site-packages/airflow/example_dags/example_skip_dag.py for tasks to queue
[2026-03-28T22:32:44.946+0000] {logging_mixin.py:188} INFO - [2026-03-28T22:32:44.946+0000] {dagbag.py:538} INFO - Filling up the DagBag from /home/airflow/.local/lib/python3.8/site-packages/airflow/example_dags/example_skip_dag.py
[2026-03-28T22:32:44.954+0000] {processor.py:840} INFO - DAG(s) 'example_skip_dag' retrieved from /home/airflow/.local/lib/python3.8/site-packages/airflow/example_dags/example_skip_dag.py
[2026-03-28T22:32:45.086+0000] {logging_mixin.py:188} INFO - [2026-03-28T22:32:45.086+0000] {dag.py:3036} INFO - Sync 1 DAGs
[2026-03-28T22:32:45.109+0000] {logging_mixin.py:188} INFO - [2026-03-28T22:32:45.109+0000] {dag.py:3823} INFO - Setting next_dagrun for example_skip_dag to 2026-03-27 00:00:00+00:00, run_after=2026-03-28 00:00:00+00:00
[2026-03-28T22:32:45.145+0000] {processor.py:183} INFO - Processing /home/airflow/.local/lib/python3.8/site-packages/airflow/example_dags/example_skip_dag.py took 0.207 seconds
[2026-03-28T22:34:02.874+0000] {processor.py:161} INFO - Started process (PID=92) to work on /home/airflow/.local/lib/python3.8/site-packages/airflow/example_dags/example_skip_dag.py
[2026-03-28T22:34:02.876+0000] {processor.py:830} INFO - Processing file /home/airflow/.local/lib/python3.8/site-packages/airflow/example_dags/example_skip_dag.py for tasks to queue
[2026-03-28T22:34:02.881+0000] {logging_mixin.py:188} INFO - [2026-03-28T22:34:02.880+0000] {dagbag.py:538} INFO - Filling up the DagBag from /home/airflow/.local/lib/python3.8/site-packages/airflow/example_dags/example_skip_dag.py
[2026-03-28T22:34:02.900+0000] {processor.py:840} INFO - DAG(s) 'example_skip_dag' retrieved from /home/airflow/.local/lib/python3.8/site-packages/airflow/example_dags/example_skip_dag.py
[2026-03-28T22:34:03.115+0000] {logging_mixin.py:188} INFO - [2026-03-28T22:34:03.114+0000] {dag.py:3036} INFO - Sync 1 DAGs
[2026-03-28T22:34:03.166+0000] {logging_mixin.py:188} INFO - [2026-03-28T22:34:03.165+0000] {dag.py:3823} INFO - Setting next_dagrun for example_skip_dag to 2026-03-27 00:00:00+00:00, run_after=2026-03-28 00:00:00+00:00
[2026-03-28T22:34:03.215+0000] {processor.py:183} INFO - Processing /home/airflow/.local/lib/python3.8/site-packages/airflow/example_dags/example_skip_dag.py took 0.345 seconds
[2026-03-28T22:34:33.524+0000] {processor.py:161} INFO - Started process (PID=148) to work on /home/airflow/.local/lib/python3.8/site-packages/airflow/example_dags/example_skip_dag.py
[2026-03-28T22:34:33.526+0000] {processor.py:830} INFO - Processing file /home/airflow/.local/lib/python3.8/site-packages/airflow/example_dags/example_skip_dag.py for tasks to queue
[2026-03-28T22:34:33.529+0000] {logging_mixin.py:188} INFO - [2026-03-28T22:34:33.529+0000] {dagbag.py:538} INFO - Filling up the DagBag from /home/airflow/.local/lib/python3.8/site-packages/airflow/example_dags/example_skip_dag.py
[2026-03-28T22:34:33.538+0000] {processor.py:840} INFO - DAG(s) 'example_skip_dag' retrieved from /home/airflow/.local/lib/python3.8/site-packages/airflow/example_dags/example_skip_dag.py
[2026-03-28T22:34:33.570+0000] {logging_mixin.py:188} INFO - [2026-03-28T22:34:33.570+0000] {dag.py:3036} INFO - Sync 1 DAGs
[2026-03-28T22:34:33.607+0000] {logging_mixin.py:188} INFO - [2026-03-28T22:34:33.606+0000] {dag.py:3823} INFO - Setting next_dagrun for example_skip_dag to 2026-03-27 00:00:00+00:00, run_after=2026-03-28 00:00:00+00:00
[2026-03-28T22:34:33.638+0000] {processor.py:183} INFO - Processing /home/airflow/.local/lib/python3.8/site-packages/airflow/example_dags/example_skip_dag.py took 0.118 seconds
[2026-03-28T22:35:04.306+0000] {processor.py:161} INFO - Started process (PID=204) to work on /home/airflow/.local/lib/python3.8/site-packages/airflow/example_dags/example_skip_dag.py
[2026-03-28T22:35:04.308+0000] {processor.py:830} INFO - Processing file /home/airflow/.local/lib/python3.8/site-packages/airflow/example_dags/example_skip_dag.py for tasks to queue
[2026-03-28T22:35:04.310+0000] {logging_mixin.py:188} INFO - [2026-03-28T22:35:04.310+0000] {dagbag.py:538} INFO - Filling up the DagBag from /home/airflow/.local/lib/python3.8/site-packages/airflow/example_dags/example_skip_dag.py
[2026-03-28T22:35:04.317+0000] {processor.py:840} INFO - DAG(s) 'example_skip_dag' retrieved from /home/airflow/.local/lib/python3.8/site-packages/airflow/example_dags/example_skip_dag.py
[2026-03-28T22:35:04.342+0000] {logging_mixin.py:188} INFO - [2026-03-28T22:35:04.342+0000] {dag.py:3036} INFO - Sync 1 DAGs
[2026-03-28T22:35:04.367+0000] {logging_mixin.py:188} INFO - [2026-03-28T22:35:04.367+0000] {dag.py:3823} INFO - Setting next_dagrun for example_skip_dag to 2026-03-27 00:00:00+00:00, run_after=2026-03-28 00:00:00+00:00
[2026-03-28T22:35:04.389+0000] {processor.py:183} INFO - Processing /home/airflow/.local/lib/python3.8/site-packages/airflow/example_dags/example_skip_dag.py took 0.086 seconds
[2026-03-28T22:35:34.452+0000] {processor.py:161} INFO - Started process (PID=260) to work on /home/airflow/.local/lib/python3.8/site-packages/airflow/example_dags/example_skip_dag.py
[2026-03-28T22:35:34.454+0000] {processor.py:830} INFO - Processing file /home/airflow/.local/lib/python3.8/site-packages/airflow/example_dags/example_skip_dag.py for tasks to queue
[2026-03-28T22:35:34.456+0000] {logging_mixin.py:188} INFO - [2026-03-28T22:35:34.456+0000] {dagbag.py:538} INFO - Filling up the DagBag from /home/airflow/.local/lib/python3.8/site-packages/airflow/example_dags/example_skip_dag.py
[2026-03-28T22:35:34.463+0000] {processor.py:840} INFO - DAG(s) 'example_skip_dag' retrieved from /home/airflow/.local/lib/python3.8/site-packages/airflow/example_dags/example_skip_dag.py
[2026-03-28T22:35:34.491+0000] {logging_mixin.py:188} INFO - [2026-03-28T22:35:34.491+0000] {dag.py:3036} INFO - Sync 1 DAGs
[2026-03-28T22:35:34.518+0000] {logging_mixin.py:188} INFO - [2026-03-28T22:35:34.517+0000] {dag.py:3823} INFO - Setting next_dagrun for example_skip_dag to 2026-03-27 00:00:00+00:00, run_after=2026-03-28 00:00:00+00:00
[2026-03-28T22:35:34.561+0000] {processor.py:183} INFO - Processing /home/airflow/.local/lib/python3.8/site-packages/airflow/example_dags/example_skip_dag.py took 0.112 seconds
[2026-03-28T22:36:04.674+0000] {processor.py:161} INFO - Started process (PID=316) to work on /home/airflow/.local/lib/python3.8/site-packages/airflow/example_dags/example_skip_dag.py
[2026-03-28T22:36:04.676+0000] {processor.py:830} INFO - Processing file /home/airflow/.local/lib/python3.8/site-packages/airflow/example_dags/example_skip_dag.py for tasks to queue
[2026-03-28T22:36:04.678+0000] {logging_mixin.py:188} INFO - [2026-03-28T22:36:04.678+0000] {dagbag.py:538} INFO - Filling up the DagBag from /home/airflow/.local/lib/python3.8/site-packages/airflow/example_dags/example_skip_dag.py
[2026-03-28T22:36:04.685+0000] {processor.py:840} INFO - DAG(s) 'example_skip_dag' retrieved from /home/airflow/.local/lib/python3.8/site-packages/airflow/example_dags/example_skip_dag.py
[2026-03-28T22:36:04.711+0000] {logging_mixin.py:188} INFO - [2026-03-28T22:36:04.710+0000] {dag.py:3036} INFO - Sync 1 DAGs
[2026-03-28T22:36:04.731+0000] {logging_mixin.py:188} INFO - [2026-03-28T22:36:04.731+0000] {dag.py:3823} INFO - Setting next_dagrun for example_skip_dag to 2026-03-27 00:00:00+00:00, run_after=2026-03-28 00:00:00+00:00
[2026-03-28T22:36:04.753+0000] {processor.py:183} INFO - Processing /home/airflow/.local/lib/python3.8/site-packages/airflow/example_dags/example_skip_dag.py took 0.082 seconds
[2026-03-28T22:36:35.340+0000] {processor.py:161} INFO - Started process (PID=372) to work on /home/airflow/.local/lib/python3.8/site-packages/airflow/example_dags/example_skip_dag.py
[2026-03-28T22:36:35.341+0000] {processor.py:830} INFO - Processing file /home/airflow/.local/lib/python3.8/site-packages/airflow/example_dags/example_skip_dag.py for tasks to queue
[2026-03-28T22:36:35.345+0000] {logging_mixin.py:188} INFO - [2026-03-28T22:36:35.344+0000] {dagbag.py:538} INFO - Filling up the DagBag from /home/airflow/.local/lib/python3.8/site-packages/airflow/example_dags/example_skip_dag.py
[2026-03-28T22:36:35.351+0000] {processor.py:840} INFO - DAG(s) 'example_skip_dag' retrieved from /home/airflow/.local/lib/python3.8/site-packages/airflow/example_dags/example_skip_dag.py
[2026-03-28T22:36:35.379+0000] {logging_mixin.py:188} INFO - [2026-03-28T22:36:35.379+0000] {dag.py:3036} INFO - Sync 1 DAGs
[2026-03-28T22:36:35.402+0000] {logging_mixin.py:188} INFO - [2026-03-28T22:36:35.402+0000] {dag.py:3823} INFO - Setting next_dagrun for example_skip_dag to 2026-03-27 00:00:00+00:00, run_after=2026-03-28 00:00:00+00:00
[2026-03-28T22:36:35.429+0000] {processor.py:183} INFO - Processing /home/airflow/.local/lib/python3.8/site-packages/airflow/example_dags/example_skip_dag.py took 0.093 seconds
[2026-03-28T22:37:42.003+0000] {processor.py:161} INFO - Started process (PID=74) to work on /home/airflow/.local/lib/python3.8/site-packages/airflow/example_dags/example_skip_dag.py
[2026-03-28T22:37:42.004+0000] {processor.py:830} INFO - Processing file /home/airflow/.local/lib/python3.8/site-packages/airflow/example_dags/example_skip_dag.py for tasks to queue
[2026-03-28T22:37:42.008+0000] {logging_mixin.py:188} INFO - [2026-03-28T22:37:42.007+0000] {dagbag.py:538} INFO - Filling up the DagBag from /home/airflow/.local/lib/python3.8/site-packages/airflow/example_dags/example_skip_dag.py
[2026-03-28T22:37:42.018+0000] {processor.py:840} INFO - DAG(s) 'example_skip_dag' retrieved from /home/airflow/.local/lib/python3.8/site-packages/airflow/example_dags/example_skip_dag.py
[2026-03-28T22:37:42.036+0000] {logging_mixin.py:188} INFO - [2026-03-28T22:37:42.036+0000] {dag.py:3036} INFO - Sync 1 DAGs
[2026-03-28T22:37:42.070+0000] {logging_mixin.py:188} INFO - [2026-03-28T22:37:42.070+0000] {dag.py:3823} INFO - Setting next_dagrun for example_skip_dag to 2026-03-27 00:00:00+00:00, run_after=2026-03-28 00:00:00+00:00
[2026-03-28T22:37:42.098+0000] {processor.py:183} INFO - Processing /home/airflow/.local/lib/python3.8/site-packages/airflow/example_dags/example_skip_dag.py took 0.099 seconds
[2026-03-28T22:38:13.148+0000] {processor.py:161} INFO - Started process (PID=130) to work on /home/airflow/.local/lib/python3.8/site-packages/airflow/example_dags/example_skip_dag.py
[2026-03-28T22:38:13.150+0000] {processor.py:830} INFO - Processing file /home/airflow/.local/lib/python3.8/site-packages/airflow/example_dags/example_skip_dag.py for tasks to queue
[2026-03-28T22:38:13.153+0000] {logging_mixin.py:188} INFO - [2026-03-28T22:38:13.152+0000] {dagbag.py:538} INFO - Filling up the DagBag from /home/airflow/.local/lib/python3.8/site-packages/airflow/example_dags/example_skip_dag.py
[2026-03-28T22:38:13.163+0000] {processor.py:840} INFO - DAG(s) 'example_skip_dag' retrieved from /home/airflow/.local/lib/python3.8/site-packages/airflow/example_dags/example_skip_dag.py
[2026-03-28T22:38:13.300+0000] {logging_mixin.py:188} INFO - [2026-03-28T22:38:13.300+0000] {dag.py:3036} INFO - Sync 1 DAGs
[2026-03-28T22:38:13.333+0000] {logging_mixin.py:188} INFO - [2026-03-28T22:38:13.333+0000] {dag.py:3823} INFO - Setting next_dagrun for example_skip_dag to 2026-03-27 00:00:00+00:00, run_after=2026-03-28 00:00:00+00:00
[2026-03-28T22:38:13.379+0000] {processor.py:183} INFO - Processing /home/airflow/.local/lib/python3.8/site-packages/airflow/example_dags/example_skip_dag.py took 0.235 seconds
[2026-03-28T22:38:43.669+0000] {processor.py:161} INFO - Started process (PID=186) to work on /home/airflow/.local/lib/python3.8/site-packages/airflow/example_dags/example_skip_dag.py
[2026-03-28T22:38:43.671+0000] {processor.py:830} INFO - Processing file /home/airflow/.local/lib/python3.8/site-packages/airflow/example_dags/example_skip_dag.py for tasks to queue
[2026-03-28T22:38:43.676+0000] {logging_mixin.py:188} INFO - [2026-03-28T22:38:43.675+0000] {dagbag.py:538} INFO - Filling up the DagBag from /home/airflow/.local/lib/python3.8/site-packages/airflow/example_dags/example_skip_dag.py
[2026-03-28T22:38:43.684+0000] {processor.py:840} INFO - DAG(s) 'example_skip_dag' retrieved from /home/airflow/.local/lib/python3.8/site-packages/airflow/example_dags/example_skip_dag.py
[2026-03-28T22:38:43.722+0000] {logging_mixin.py:188} INFO - [2026-03-28T22:38:43.721+0000] {dag.py:3036} INFO - Sync 1 DAGs
[2026-03-28T22:38:43.753+0000] {logging_mixin.py:188} INFO - [2026-03-28T22:38:43.752+0000] {dag.py:3823} INFO - Setting next_dagrun for example_skip_dag to 2026-03-27 00:00:00+00:00, run_after=2026-03-28 00:00:00+00:00
[2026-03-28T22:38:43.783+0000] {processor.py:183} INFO - Processing /home/airflow/.local/lib/python3.8/site-packages/airflow/example_dags/example_skip_dag.py took 0.118 seconds
[2026-03-28T22:39:13.963+0000] {processor.py:161} INFO - Started process (PID=242) to work on /home/airflow/.local/lib/python3.8/site-packages/airflow/example_dags/example_skip_dag.py
[2026-03-28T22:39:13.965+0000] {processor.py:830} INFO - Processing file /home/airflow/.local/lib/python3.8/site-packages/airflow/example_dags/example_skip_dag.py for tasks to queue
[2026-03-28T22:39:13.968+0000] {logging_mixin.py:188} INFO - [2026-03-28T22:39:13.967+0000] {dagbag.py:538} INFO - Filling up the DagBag from /home/airflow/.local/lib/python3.8/site-packages/airflow/example_dags/example_skip_dag.py
[2026-03-28T22:39:13.979+0000] {processor.py:840} INFO - DAG(s) 'example_skip_dag' retrieved from /home/airflow/.local/lib/python3.8/site-packages/airflow/example_dags/example_skip_dag.py
[2026-03-28T22:39:14.027+0000] {logging_mixin.py:188} INFO - [2026-03-28T22:39:14.027+0000] {dag.py:3036} INFO - Sync 1 DAGs
[2026-03-28T22:39:14.059+0000] {logging_mixin.py:188} INFO - [2026-03-28T22:39:14.059+0000] {dag.py:3823} INFO - Setting next_dagrun for example_skip_dag to 2026-03-27 00:00:00+00:00, run_after=2026-03-28 00:00:00+00:00
[2026-03-28T22:39:14.087+0000] {processor.py:183} INFO - Processing /home/airflow/.local/lib/python3.8/site-packages/airflow/example_dags/example_skip_dag.py took 0.129 seconds
[2026-03-28T22:39:44.349+0000] {processor.py:161} INFO - Started process (PID=298) to work on /home/airflow/.local/lib/python3.8/site-packages/airflow/example_dags/example_skip_dag.py
[2026-03-28T22:39:44.351+0000] {processor.py:830} INFO - Processing file /home/airflow/.local/lib/python3.8/site-packages/airflow/example_dags/example_skip_dag.py for tasks to queue
[2026-03-28T22:39:44.354+0000] {logging_mixin.py:188} INFO - [2026-03-28T22:39:44.354+0000] {dagbag.py:538} INFO - Filling up the DagBag from /home/airflow/.local/lib/python3.8/site-packages/airflow/example_dags/example_skip_dag.py
[2026-03-28T22:39:44.365+0000] {processor.py:840} INFO - DAG(s) 'example_skip_dag' retrieved from /home/airflow/.local/lib/python3.8/site-packages/airflow/example_dags/example_skip_dag.py
[2026-03-28T22:39:44.399+0000] {logging_mixin.py:188} INFO - [2026-03-28T22:39:44.399+0000] {dag.py:3036} INFO - Sync 1 DAGs
[2026-03-28T22:39:44.439+0000] {logging_mixin.py:188} INFO - [2026-03-28T22:39:44.439+0000] {dag.py:3823} INFO - Setting next_dagrun for example_skip_dag to 2026-03-27 00:00:00+00:00, run_after=2026-03-28 00:00:00+00:00
[2026-03-28T22:39:44.477+0000] {processor.py:183} INFO - Processing /home/airflow/.local/lib/python3.8/site-packages/airflow/example_dags/example_skip_dag.py took 0.134 seconds
[2026-03-28T22:40:14.676+0000] {processor.py:161} INFO - Started process (PID=354) to work on /home/airflow/.local/lib/python3.8/site-packages/airflow/example_dags/example_skip_dag.py
[2026-03-28T22:40:14.677+0000] {processor.py:830} INFO - Processing file /home/airflow/.local/lib/python3.8/site-packages/airflow/example_dags/example_skip_dag.py for tasks to queue
[2026-03-28T22:40:14.681+0000] {logging_mixin.py:188} INFO - [2026-03-28T22:40:14.681+0000] {dagbag.py:538} INFO - Filling up the DagBag from /home/airflow/.local/lib/python3.8/site-packages/airflow/example_dags/example_skip_dag.py
[2026-03-28T22:40:14.691+0000] {processor.py:840} INFO - DAG(s) 'example_skip_dag' retrieved from /home/airflow/.local/lib/python3.8/site-packages/airflow/example_dags/example_skip_dag.py
[2026-03-28T22:40:14.717+0000] {logging_mixin.py:188} INFO - [2026-03-28T22:40:14.717+0000] {dag.py:3036} INFO - Sync 1 DAGs
[2026-03-28T22:40:14.743+0000] {logging_mixin.py:188} INFO - [2026-03-28T22:40:14.743+0000] {dag.py:3823} INFO - Setting next_dagrun for example_skip_dag to 2026-03-27 00:00:00+00:00, run_after=2026-03-28 00:00:00+00:00
[2026-03-28T22:40:14.766+0000] {processor.py:183} INFO - Processing /home/airflow/.local/lib/python3.8/site-packages/airflow/example_dags/example_skip_dag.py took 0.096 seconds
[2026-03-28T22:40:44.965+0000] {processor.py:161} INFO - Started process (PID=410) to work on /home/airflow/.local/lib/python3.8/site-packages/airflow/example_dags/example_skip_dag.py
[2026-03-28T22:40:44.967+0000] {processor.py:830} INFO - Processing file /home/airflow/.local/lib/python3.8/site-packages/airflow/example_dags/example_skip_dag.py for tasks to queue
[2026-03-28T22:40:44.969+0000] {logging_mixin.py:188} INFO - [2026-03-28T22:40:44.968+0000] {dagbag.py:538} INFO - Filling up the DagBag from /home/airflow/.local/lib/python3.8/site-packages/airflow/example_dags/example_skip_dag.py
[2026-03-28T22:40:44.977+0000] {processor.py:840} INFO - DAG(s) 'example_skip_dag' retrieved from /home/airflow/.local/lib/python3.8/site-packages/airflow/example_dags/example_skip_dag.py
[2026-03-28T22:40:45.003+0000] {logging_mixin.py:188} INFO - [2026-03-28T22:40:45.002+0000] {dag.py:3036} INFO - Sync 1 DAGs
[2026-03-28T22:40:45.040+0000] {logging_mixin.py:188} INFO - [2026-03-28T22:40:45.039+0000] {dag.py:3823} INFO - Setting next_dagrun for example_skip_dag to 2026-03-27 00:00:00+00:00, run_after=2026-03-28 00:00:00+00:00
[2026-03-28T22:40:45.075+0000] {processor.py:183} INFO - Processing /home/airflow/.local/lib/python3.8/site-packages/airflow/example_dags/example_skip_dag.py took 0.114 seconds
[2026-03-28T22:41:15.710+0000] {processor.py:161} INFO - Started process (PID=466) to work on /home/airflow/.local/lib/python3.8/site-packages/airflow/example_dags/example_skip_dag.py
[2026-03-28T22:41:15.709+0000] {processor.py:830} INFO - Processing file /home/airflow/.local/lib/python3.8/site-packages/airflow/example_dags/example_skip_dag.py for tasks to queue
[2026-03-28T22:41:15.711+0000] {logging_mixin.py:188} INFO - [2026-03-28T22:41:15.711+0000] {dagbag.py:538} INFO - Filling up the DagBag from /home/airflow/.local/lib/python3.8/site-packages/airflow/example_dags/example_skip_dag.py
[2026-03-28T22:41:15.720+0000] {processor.py:840} INFO - DAG(s) 'example_skip_dag' retrieved from /home/airflow/.local/lib/python3.8/site-packages/airflow/example_dags/example_skip_dag.py
[2026-03-28T22:41:15.733+0000] {logging_mixin.py:188} INFO - [2026-03-28T22:41:15.733+0000] {dag.py:3036} INFO - Sync 1 DAGs
[2026-03-28T22:41:15.764+0000] {logging_mixin.py:188} INFO - [2026-03-28T22:41:15.763+0000] {dag.py:3823} INFO - Setting next_dagrun for example_skip_dag to 2026-03-27 00:00:00+00:00, run_after=2026-03-28 00:00:00+00:00
[2026-03-28T22:41:15.790+0000] {processor.py:183} INFO - Processing /home/airflow/.local/lib/python3.8/site-packages/airflow/example_dags/example_skip_dag.py took 0.087 seconds
[2026-03-28T22:41:46.612+0000] {processor.py:161} INFO - Started process (PID=522) to work on /home/airflow/.local/lib/python3.8/site-packages/airflow/example_dags/example_skip_dag.py
[2026-03-28T22:41:46.614+0000] {processor.py:830} INFO - Processing file /home/airflow/.local/lib/python3.8/site-packages/airflow/example_dags/example_skip_dag.py for tasks to queue
[2026-03-28T22:41:46.618+0000] {logging_mixin.py:188} INFO - [2026-03-28T22:41:46.617+0000] {dagbag.py:538} INFO - Filling up the DagBag from /home/airflow/.local/lib/python3.8/site-packages/airflow/example_dags/example_skip_dag.py
[2026-03-28T22:41:46.627+0000] {processor.py:840} INFO - DAG(s) 'example_skip_dag' retrieved from /home/airflow/.local/lib/python3.8/site-packages/airflow/example_dags/example_skip_dag.py
[2026-03-28T22:41:46.825+0000] {logging_mixin.py:188} INFO - [2026-03-28T22:41:46.824+0000] {dag.py:3036} INFO - Sync 1 DAGs
[2026-03-28T22:41:46.853+0000] {logging_mixin.py:188} INFO - [2026-03-28T22:41:46.852+0000] {dag.py:3823} INFO - Setting next_dagrun for example_skip_dag to 2026-03-27 00:00:00+00:00, run_after=2026-03-28 00:00:00+00:00
[2026-03-28T22:41:46.890+0000] {processor.py:183} INFO - Processing /home/airflow/.local/lib/python3.8/site-packages/airflow/example_dags/example_skip_dag.py took 0.283 seconds
[2026-03-28T22:42:17.177+0000] {processor.py:161} INFO - Started process (PID=578) to work on /home/airflow/.local/lib/python3.8/site-packages/airflow/example_dags/example_skip_dag.py
[2026-03-28T22:42:17.180+0000] {processor.py:830} INFO - Processing file /home/airflow/.local/lib/python3.8/site-packages/airflow/example_dags/example_skip_dag.py for tasks to queue
[2026-03-28T22:42:17.183+0000] {logging_mixin.py:188} INFO - [2026-03-28T22:42:17.182+0000] {dagbag.py:538} INFO - Filling up the DagBag from /home/airflow/.local/lib/python3.8/site-packages/airflow/example_dags/example_skip_dag.py
[2026-03-28T22:42:17.193+0000] {processor.py:840} INFO - DAG(s) 'example_skip_dag' retrieved from /home/airflow/.local/lib/python3.8/site-packages/airflow/example_dags/example_skip_dag.py
[2026-03-28T22:42:17.223+0000] {logging_mixin.py:188} INFO - [2026-03-28T22:42:17.222+0000] {dag.py:3036} INFO - Sync 1 DAGs
[2026-03-28T22:42:17.258+0000] {logging_mixin.py:188} INFO - [2026-03-28T22:42:17.257+0000] {dag.py:3823} INFO - Setting next_dagrun for example_skip_dag to 2026-03-27 00:00:00+00:00, run_after=2026-03-28 00:00:00+00:00
[2026-03-28T22:42:17.324+0000] {processor.py:183} INFO - Processing /home/airflow/.local/lib/python3.8/site-packages/airflow/example_dags/example_skip_dag.py took 0.152 seconds
[2026-03-28T22:42:48.335+0000] {processor.py:161} INFO - Started process (PID=634) to work on /home/airflow/.local/lib/python3.8/site-packages/airflow/example_dags/example_skip_dag.py
[2026-03-28T22:42:48.337+0000] {processor.py:830} INFO - Processing file /home/airflow/.local/lib/python3.8/site-packages/airflow/example_dags/example_skip_dag.py for tasks to queue
[2026-03-28T22:42:48.339+0000] {logging_mixin.py:188} INFO - [2026-03-28T22:42:48.338+0000] {dagbag.py:538} INFO - Filling up the DagBag from /home/airflow/.local/lib/python3.8/site-packages/airflow/example_dags/example_skip_dag.py
[2026-03-28T22:42:48.345+0000] {processor.py:840} INFO - DAG(s) 'example_skip_dag' retrieved from /home/airflow/.local/lib/python3.8/site-packages/airflow/example_dags/example_skip_dag.py
[2026-03-28T22:42:48.369+0000] {logging_mixin.py:188} INFO - [2026-03-28T22:42:48.369+0000] {dag.py:3036} INFO - Sync 1 DAGs
[2026-03-28T22:42:48.392+0000] {logging_mixin.py:188} INFO - [2026-03-28T22:42:48.392+0000] {dag.py:3823} INFO - Setting next_dagrun for example_skip_dag to 2026-03-27 00:00:00+00:00, run_after=2026-03-28 00:00:00+00:00
[2026-03-28T22:42:48.415+0000] {processor.py:183} INFO - Processing /home/airflow/.local/lib/python3.8/site-packages/airflow/example_dags/example_skip_dag.py took 0.084 seconds
[2026-03-28T22:43:18.494+0000] {processor.py:161} INFO - Started process (PID=690) to work on /home/airflow/.local/lib/python3.8/site-packages/airflow/example_dags/example_skip_dag.py
[2026-03-28T22:43:18.496+0000] {processor.py:830} INFO - Processing file /home/airflow/.local/lib/python3.8/site-packages/airflow/example_dags/example_skip_dag.py for tasks to queue
[2026-03-28T22:43:18.502+0000] {logging_mixin.py:188} INFO - [2026-03-28T22:43:18.501+0000] {dagbag.py:538} INFO - Filling up the DagBag from /home/airflow/.local/lib/python3.8/site-packages/airflow/example_dags/example_skip_dag.py
[2026-03-28T22:43:18.515+0000] {processor.py:840} INFO - DAG(s) 'example_skip_dag' retrieved from /home/airflow/.local/lib/python3.8/site-packages/airflow/example_dags/example_skip_dag.py
[2026-03-28T22:43:18.564+0000] {logging_mixin.py:188} INFO - [2026-03-28T22:43:18.563+0000] {dag.py:3036} INFO - Sync 1 DAGs
[2026-03-28T22:43:18.625+0000] {logging_mixin.py:188} INFO - [2026-03-28T22:43:18.624+0000] {dag.py:3823} INFO - Setting next_dagrun for example_skip_dag to 2026-03-27 00:00:00+00:00, run_after=2026-03-28 00:00:00+00:00
[2026-03-28T22:43:18.661+0000] {processor.py:183} INFO - Processing /home/airflow/.local/lib/python3.8/site-packages/airflow/example_dags/example_skip_dag.py took 0.173 seconds
[2026-03-28T22:43:48.752+0000] {processor.py:161} INFO - Started process (PID=746) to work on /home/airflow/.local/lib/python3.8/site-packages/airflow/example_dags/example_skip_dag.py
[2026-03-28T22:43:48.753+0000] {processor.py:830} INFO - Processing file /home/airflow/.local/lib/python3.8/site-packages/airflow/example_dags/example_skip_dag.py for tasks to queue
[2026-03-28T22:43:48.755+0000] {logging_mixin.py:188} INFO - [2026-03-28T22:43:48.755+0000] {dagbag.py:538} INFO - Filling up the DagBag from /home/airflow/.local/lib/python3.8/site-packages/airflow/example_dags/example_skip_dag.py
[2026-03-28T22:43:48.761+0000] {processor.py:840} INFO - DAG(s) 'example_skip_dag' retrieved from /home/airflow/.local/lib/python3.8/site-packages/airflow/example_dags/example_skip_dag.py
[2026-03-28T22:43:48.783+0000] {logging_mixin.py:188} INFO - [2026-03-28T22:43:48.783+0000] {dag.py:3036} INFO - Sync 1 DAGs
[2026-03-28T22:43:48.804+0000] {logging_mixin.py:188} INFO - [2026-03-28T22:43:48.804+0000] {dag.py:3823} INFO - Setting next_dagrun for example_skip_dag to 2026-03-27 00:00:00+00:00, run_after=2026-03-28 00:00:00+00:00
[2026-03-28T22:43:48.827+0000] {processor.py:183} INFO - Processing /home/airflow/.local/lib/python3.8/site-packages/airflow/example_dags/example_skip_dag.py took 0.079 seconds
[2026-03-28T22:44:19.244+0000] {processor.py:161} INFO - Started process (PID=802) to work on /home/airflow/.local/lib/python3.8/site-packages/airflow/example_dags/example_skip_dag.py
[2026-03-28T22:44:19.246+0000] {processor.py:830} INFO - Processing file /home/airflow/.local/lib/python3.8/site-packages/airflow/example_dags/example_skip_dag.py for tasks to queue
[2026-03-28T22:44:19.249+0000] {logging_mixin.py:188} INFO - [2026-03-28T22:44:19.249+0000] {dagbag.py:538} INFO - Filling up the DagBag from /home/airflow/.local/lib/python3.8/site-packages/airflow/example_dags/example_skip_dag.py
[2026-03-28T22:44:19.256+0000] {processor.py:840} INFO - DAG(s) 'example_skip_dag' retrieved from /home/airflow/.local/lib/python3.8/site-packages/airflow/example_dags/example_skip_dag.py
[2026-03-28T22:44:19.280+0000] {logging_mixin.py:188} INFO - [2026-03-28T22:44:19.280+0000] {dag.py:3036} INFO - Sync 1 DAGs
[2026-03-28T22:44:19.301+0000] {logging_mixin.py:188} INFO - [2026-03-28T22:44:19.301+0000] {dag.py:3823} INFO - Setting next_dagrun for example_skip_dag to 2026-03-27 00:00:00+00:00, run_after=2026-03-28 00:00:00+00:00
[2026-03-28T22:44:19.325+0000] {processor.py:183} INFO - Processing /home/airflow/.local/lib/python3.8/site-packages/airflow/example_dags/example_skip_dag.py took 0.084 seconds
[2026-03-28T22:44:49.438+0000] {processor.py:161} INFO - Started process (PID=858) to work on /home/airflow/.local/lib/python3.8/site-packages/airflow/example_dags/example_skip_dag.py
[2026-03-28T22:44:49.439+0000] {processor.py:830} INFO - Processing file /home/airflow/.local/lib/python3.8/site-packages/airflow/example_dags/example_skip_dag.py for tasks to queue
[2026-03-28T22:44:49.441+0000] {logging_mixin.py:188} INFO - [2026-03-28T22:44:49.441+0000] {dagbag.py:538} INFO - Filling up the DagBag from /home/airflow/.local/lib/python3.8/site-packages/airflow/example_dags/example_skip_dag.py
[2026-03-28T22:44:49.447+0000] {processor.py:840} INFO - DAG(s) 'example_skip_dag' retrieved from /home/airflow/.local/lib/python3.8/site-packages/airflow/example_dags/example_skip_dag.py
[2026-03-28T22:44:49.471+0000] {logging_mixin.py:188} INFO - [2026-03-28T22:44:49.471+0000] {dag.py:3036} INFO - Sync 1 DAGs
[2026-03-28T22:44:49.492+0000] {logging_mixin.py:188} INFO - [2026-03-28T22:44:49.492+0000] {dag.py:3823} INFO - Setting next_dagrun for example_skip_dag to 2026-03-27 00:00:00+00:00, run_after=2026-03-28 00:00:00+00:00
[2026-03-28T22:44:49.514+0000] {processor.py:183} INFO - Processing /home/airflow/.local/lib/python3.8/site-packages/airflow/example_dags/example_skip_dag.py took 0.079 seconds
[2026-03-28T22:45:20.184+0000] {processor.py:161} INFO - Started process (PID=914) to work on /home/airflow/.local/lib/python3.8/site-packages/airflow/example_dags/example_skip_dag.py
[2026-03-28T22:45:20.186+0000] {processor.py:830} INFO - Processing file /home/airflow/.local/lib/python3.8/site-packages/airflow/example_dags/example_skip_dag.py for tasks to queue
[2026-03-28T22:45:20.189+0000] {logging_mixin.py:188} INFO - [2026-03-28T22:45:20.188+0000] {dagbag.py:538} INFO - Filling up the DagBag from /home/airflow/.local/lib/python3.8/site-packages/airflow/example_dags/example_skip_dag.py
[2026-03-28T22:45:20.198+0000] {processor.py:840} INFO - DAG(s) 'example_skip_dag' retrieved from /home/airflow/.local/lib/python3.8/site-packages/airflow/example_dags/example_skip_dag.py
[2026-03-28T22:45:20.225+0000] {logging_mixin.py:188} INFO - [2026-03-28T22:45:20.224+0000] {dag.py:3036} INFO - Sync 1 DAGs
[2026-03-28T22:45:20.251+0000] {logging_mixin.py:188} INFO - [2026-03-28T22:45:20.250+0000] {dag.py:3823} INFO - Setting next_dagrun for example_skip_dag to 2026-03-27 00:00:00+00:00, run_after=2026-03-28 00:00:00+00:00
[2026-03-28T22:45:20.276+0000] {processor.py:183} INFO - Processing /home/airflow/.local/lib/python3.8/site-packages/airflow/example_dags/example_skip_dag.py took 0.096 seconds
[2026-03-28T22:45:50.689+0000] {processor.py:161} INFO - Started process (PID=970) to work on /home/airflow/.local/lib/python3.8/site-packages/airflow/example_dags/example_skip_dag.py
[2026-03-28T22:45:50.691+0000] {processor.py:830} INFO - Processing file /home/airflow/.local/lib/python3.8/site-packages/airflow/example_dags/example_skip_dag.py for tasks to queue
[2026-03-28T22:45:50.695+0000] {logging_mixin.py:188} INFO - [2026-03-28T22:45:50.694+0000] {dagbag.py:538} INFO - Filling up the DagBag from /home/airflow/.local/lib/python3.8/site-packages/airflow/example_dags/example_skip_dag.py
[2026-03-28T22:45:50.705+0000] {processor.py:840} INFO - DAG(s) 'example_skip_dag' retrieved from /home/airflow/.local/lib/python3.8/site-packages/airflow/example_dags/example_skip_dag.py
[2026-03-28T22:45:50.729+0000] {logging_mixin.py:188} INFO - [2026-03-28T22:45:50.728+0000] {dag.py:3036} INFO - Sync 1 DAGs
[2026-03-28T22:45:50.753+0000] {logging_mixin.py:188} INFO - [2026-03-28T22:45:50.753+0000] {dag.py:3823} INFO - Setting next_dagrun for example_skip_dag to 2026-03-27 00:00:00+00:00, run_after=2026-03-28 00:00:00+00:00
[2026-03-28T22:45:50.780+0000] {processor.py:183} INFO - Processing /home/airflow/.local/lib/python3.8/site-packages/airflow/example_dags/example_skip_dag.py took 0.094 seconds
[2026-03-28T22:46:38.265+0000] {processor.py:161} INFO - Started process (PID=1020) to work on /home/airflow/.local/lib/python3.8/site-packages/airflow/example_dags/example_skip_dag.py
[2026-03-28T22:46:38.268+0000] {processor.py:830} INFO - Processing file /home/airflow/.local/lib/python3.8/site-packages/airflow/example_dags/example_skip_dag.py for tasks to queue
[2026-03-28T22:46:38.273+0000] {logging_mixin.py:188} INFO - [2026-03-28T22:46:38.272+0000] {dagbag.py:538} INFO - Filling up the DagBag from /home/airflow/.local/lib/python3.8/site-packages/airflow/example_dags/example_skip_dag.py
[2026-03-28T22:46:38.295+0000] {processor.py:840} INFO - DAG(s) 'example_skip_dag' retrieved from /home/airflow/.local/lib/python3.8/site-packages/airflow/example_dags/example_skip_dag.py
[2026-03-28T22:46:38.339+0000] {logging_mixin.py:188} INFO - [2026-03-28T22:46:38.338+0000] {dag.py:3036} INFO - Sync 1 DAGs
[2026-03-28T22:46:38.371+0000] {logging_mixin.py:188} INFO - [2026-03-28T22:46:38.370+0000] {dag.py:3823} INFO - Setting next_dagrun for example_skip_dag to 2026-03-27 00:00:00+00:00, run_after=2026-03-28 00:00:00+00:00
[2026-03-28T22:46:38.421+0000] {processor.py:183} INFO - Processing /home/airflow/.local/lib/python3.8/site-packages/airflow/example_dags/example_skip_dag.py took 0.165 seconds
