[2026-03-28T22:09:44.165+0000] {processor.py:161} INFO - Started process (PID=101) to work on /home/airflow/.local/lib/python3.8/site-packages/airflow/example_dags/example_python_operator.py
[2026-03-28T22:09:44.166+0000] {processor.py:830} INFO - Processing file /home/airflow/.local/lib/python3.8/site-packages/airflow/example_dags/example_python_operator.py for tasks to queue
[2026-03-28T22:09:44.169+0000] {logging_mixin.py:188} INFO - [2026-03-28T22:09:44.168+0000] {dagbag.py:538} INFO - Filling up the DagBag from /home/airflow/.local/lib/python3.8/site-packages/airflow/example_dags/example_python_operator.py
[2026-03-28T22:09:44.186+0000] {processor.py:840} INFO - DAG(s) 'example_python_operator' retrieved from /home/airflow/.local/lib/python3.8/site-packages/airflow/example_dags/example_python_operator.py
[2026-03-28T22:09:44.309+0000] {logging_mixin.py:188} INFO - [2026-03-28T22:09:44.308+0000] {override.py:1769} INFO - Created Permission View: can edit on DAG:example_python_operator
[2026-03-28T22:09:44.323+0000] {logging_mixin.py:188} INFO - [2026-03-28T22:09:44.322+0000] {override.py:1769} INFO - Created Permission View: can delete on DAG:example_python_operator
[2026-03-28T22:09:44.331+0000] {logging_mixin.py:188} INFO - [2026-03-28T22:09:44.330+0000] {override.py:1769} INFO - Created Permission View: can read on DAG:example_python_operator
[2026-03-28T22:09:44.331+0000] {logging_mixin.py:188} INFO - [2026-03-28T22:09:44.331+0000] {dag.py:3036} INFO - Sync 1 DAGs
[2026-03-28T22:09:44.345+0000] {logging_mixin.py:188} INFO - [2026-03-28T22:09:44.345+0000] {dag.py:3058} INFO - Creating ORM DAG for example_python_operator
[2026-03-28T22:09:44.347+0000] {logging_mixin.py:188} INFO - [2026-03-28T22:09:44.346+0000] {dag.py:3823} INFO - Setting next_dagrun for example_python_operator to None, run_after=None
[2026-03-28T22:09:44.370+0000] {processor.py:183} INFO - Processing /home/airflow/.local/lib/python3.8/site-packages/airflow/example_dags/example_python_operator.py took 0.211 seconds
[2026-03-28T22:10:14.473+0000] {processor.py:161} INFO - Started process (PID=157) to work on /home/airflow/.local/lib/python3.8/site-packages/airflow/example_dags/example_python_operator.py
[2026-03-28T22:10:14.474+0000] {processor.py:830} INFO - Processing file /home/airflow/.local/lib/python3.8/site-packages/airflow/example_dags/example_python_operator.py for tasks to queue
[2026-03-28T22:10:14.476+0000] {logging_mixin.py:188} INFO - [2026-03-28T22:10:14.476+0000] {dagbag.py:538} INFO - Filling up the DagBag from /home/airflow/.local/lib/python3.8/site-packages/airflow/example_dags/example_python_operator.py
[2026-03-28T22:10:14.487+0000] {processor.py:840} INFO - DAG(s) 'example_python_operator' retrieved from /home/airflow/.local/lib/python3.8/site-packages/airflow/example_dags/example_python_operator.py
[2026-03-28T22:10:14.513+0000] {logging_mixin.py:188} INFO - [2026-03-28T22:10:14.512+0000] {dag.py:3036} INFO - Sync 1 DAGs
[2026-03-28T22:10:14.524+0000] {logging_mixin.py:188} INFO - [2026-03-28T22:10:14.524+0000] {dag.py:3823} INFO - Setting next_dagrun for example_python_operator to None, run_after=None
[2026-03-28T22:10:14.544+0000] {processor.py:183} INFO - Processing /home/airflow/.local/lib/python3.8/site-packages/airflow/example_dags/example_python_operator.py took 0.075 seconds
[2026-03-28T22:10:45.160+0000] {processor.py:161} INFO - Started process (PID=213) to work on /home/airflow/.local/lib/python3.8/site-packages/airflow/example_dags/example_python_operator.py
[2026-03-28T22:10:45.162+0000] {processor.py:830} INFO - Processing file /home/airflow/.local/lib/python3.8/site-packages/airflow/example_dags/example_python_operator.py for tasks to queue
[2026-03-28T22:10:45.164+0000] {logging_mixin.py:188} INFO - [2026-03-28T22:10:45.164+0000] {dagbag.py:538} INFO - Filling up the DagBag from /home/airflow/.local/lib/python3.8/site-packages/airflow/example_dags/example_python_operator.py
[2026-03-28T22:10:45.178+0000] {processor.py:840} INFO - DAG(s) 'example_python_operator' retrieved from /home/airflow/.local/lib/python3.8/site-packages/airflow/example_dags/example_python_operator.py
[2026-03-28T22:10:45.205+0000] {logging_mixin.py:188} INFO - [2026-03-28T22:10:45.205+0000] {dag.py:3036} INFO - Sync 1 DAGs
[2026-03-28T22:10:45.219+0000] {logging_mixin.py:188} INFO - [2026-03-28T22:10:45.218+0000] {dag.py:3823} INFO - Setting next_dagrun for example_python_operator to None, run_after=None
[2026-03-28T22:10:45.239+0000] {processor.py:183} INFO - Processing /home/airflow/.local/lib/python3.8/site-packages/airflow/example_dags/example_python_operator.py took 0.084 seconds
[2026-03-28T22:11:15.443+0000] {processor.py:161} INFO - Started process (PID=269) to work on /home/airflow/.local/lib/python3.8/site-packages/airflow/example_dags/example_python_operator.py
[2026-03-28T22:11:15.444+0000] {processor.py:830} INFO - Processing file /home/airflow/.local/lib/python3.8/site-packages/airflow/example_dags/example_python_operator.py for tasks to queue
[2026-03-28T22:11:15.446+0000] {logging_mixin.py:188} INFO - [2026-03-28T22:11:15.446+0000] {dagbag.py:538} INFO - Filling up the DagBag from /home/airflow/.local/lib/python3.8/site-packages/airflow/example_dags/example_python_operator.py
[2026-03-28T22:11:15.458+0000] {processor.py:840} INFO - DAG(s) 'example_python_operator' retrieved from /home/airflow/.local/lib/python3.8/site-packages/airflow/example_dags/example_python_operator.py
[2026-03-28T22:11:15.484+0000] {logging_mixin.py:188} INFO - [2026-03-28T22:11:15.484+0000] {dag.py:3036} INFO - Sync 1 DAGs
[2026-03-28T22:11:15.496+0000] {logging_mixin.py:188} INFO - [2026-03-28T22:11:15.496+0000] {dag.py:3823} INFO - Setting next_dagrun for example_python_operator to None, run_after=None
[2026-03-28T22:11:15.518+0000] {processor.py:183} INFO - Processing /home/airflow/.local/lib/python3.8/site-packages/airflow/example_dags/example_python_operator.py took 0.080 seconds
[2026-03-28T22:11:45.600+0000] {processor.py:161} INFO - Started process (PID=325) to work on /home/airflow/.local/lib/python3.8/site-packages/airflow/example_dags/example_python_operator.py
[2026-03-28T22:11:45.601+0000] {processor.py:830} INFO - Processing file /home/airflow/.local/lib/python3.8/site-packages/airflow/example_dags/example_python_operator.py for tasks to queue
[2026-03-28T22:11:45.603+0000] {logging_mixin.py:188} INFO - [2026-03-28T22:11:45.603+0000] {dagbag.py:538} INFO - Filling up the DagBag from /home/airflow/.local/lib/python3.8/site-packages/airflow/example_dags/example_python_operator.py
[2026-03-28T22:11:45.615+0000] {processor.py:840} INFO - DAG(s) 'example_python_operator' retrieved from /home/airflow/.local/lib/python3.8/site-packages/airflow/example_dags/example_python_operator.py
[2026-03-28T22:11:45.644+0000] {logging_mixin.py:188} INFO - [2026-03-28T22:11:45.644+0000] {dag.py:3036} INFO - Sync 1 DAGs
[2026-03-28T22:11:45.656+0000] {logging_mixin.py:188} INFO - [2026-03-28T22:11:45.656+0000] {dag.py:3823} INFO - Setting next_dagrun for example_python_operator to None, run_after=None
[2026-03-28T22:11:45.679+0000] {processor.py:183} INFO - Processing /home/airflow/.local/lib/python3.8/site-packages/airflow/example_dags/example_python_operator.py took 0.085 seconds
[2026-03-28T22:12:15.786+0000] {processor.py:161} INFO - Started process (PID=381) to work on /home/airflow/.local/lib/python3.8/site-packages/airflow/example_dags/example_python_operator.py
[2026-03-28T22:12:15.788+0000] {processor.py:830} INFO - Processing file /home/airflow/.local/lib/python3.8/site-packages/airflow/example_dags/example_python_operator.py for tasks to queue
[2026-03-28T22:12:15.791+0000] {logging_mixin.py:188} INFO - [2026-03-28T22:12:15.790+0000] {dagbag.py:538} INFO - Filling up the DagBag from /home/airflow/.local/lib/python3.8/site-packages/airflow/example_dags/example_python_operator.py
[2026-03-28T22:12:15.801+0000] {processor.py:840} INFO - DAG(s) 'example_python_operator' retrieved from /home/airflow/.local/lib/python3.8/site-packages/airflow/example_dags/example_python_operator.py
[2026-03-28T22:12:15.831+0000] {logging_mixin.py:188} INFO - [2026-03-28T22:12:15.831+0000] {dag.py:3036} INFO - Sync 1 DAGs
[2026-03-28T22:12:15.843+0000] {logging_mixin.py:188} INFO - [2026-03-28T22:12:15.843+0000] {dag.py:3823} INFO - Setting next_dagrun for example_python_operator to None, run_after=None
[2026-03-28T22:12:15.865+0000] {processor.py:183} INFO - Processing /home/airflow/.local/lib/python3.8/site-packages/airflow/example_dags/example_python_operator.py took 0.082 seconds
[2026-03-28T22:12:46.196+0000] {processor.py:161} INFO - Started process (PID=437) to work on /home/airflow/.local/lib/python3.8/site-packages/airflow/example_dags/example_python_operator.py
[2026-03-28T22:12:46.198+0000] {processor.py:830} INFO - Processing file /home/airflow/.local/lib/python3.8/site-packages/airflow/example_dags/example_python_operator.py for tasks to queue
[2026-03-28T22:12:46.200+0000] {logging_mixin.py:188} INFO - [2026-03-28T22:12:46.200+0000] {dagbag.py:538} INFO - Filling up the DagBag from /home/airflow/.local/lib/python3.8/site-packages/airflow/example_dags/example_python_operator.py
[2026-03-28T22:12:46.212+0000] {processor.py:840} INFO - DAG(s) 'example_python_operator' retrieved from /home/airflow/.local/lib/python3.8/site-packages/airflow/example_dags/example_python_operator.py
[2026-03-28T22:12:46.235+0000] {logging_mixin.py:188} INFO - [2026-03-28T22:12:46.235+0000] {dag.py:3036} INFO - Sync 1 DAGs
[2026-03-28T22:12:46.247+0000] {logging_mixin.py:188} INFO - [2026-03-28T22:12:46.246+0000] {dag.py:3823} INFO - Setting next_dagrun for example_python_operator to None, run_after=None
[2026-03-28T22:12:46.269+0000] {processor.py:183} INFO - Processing /home/airflow/.local/lib/python3.8/site-packages/airflow/example_dags/example_python_operator.py took 0.076 seconds
[2026-03-28T22:13:16.400+0000] {processor.py:161} INFO - Started process (PID=493) to work on /home/airflow/.local/lib/python3.8/site-packages/airflow/example_dags/example_python_operator.py
[2026-03-28T22:13:16.401+0000] {processor.py:830} INFO - Processing file /home/airflow/.local/lib/python3.8/site-packages/airflow/example_dags/example_python_operator.py for tasks to queue
[2026-03-28T22:13:16.403+0000] {logging_mixin.py:188} INFO - [2026-03-28T22:13:16.403+0000] {dagbag.py:538} INFO - Filling up the DagBag from /home/airflow/.local/lib/python3.8/site-packages/airflow/example_dags/example_python_operator.py
[2026-03-28T22:13:16.415+0000] {processor.py:840} INFO - DAG(s) 'example_python_operator' retrieved from /home/airflow/.local/lib/python3.8/site-packages/airflow/example_dags/example_python_operator.py
[2026-03-28T22:13:16.443+0000] {logging_mixin.py:188} INFO - [2026-03-28T22:13:16.442+0000] {dag.py:3036} INFO - Sync 1 DAGs
[2026-03-28T22:13:16.455+0000] {logging_mixin.py:188} INFO - [2026-03-28T22:13:16.455+0000] {dag.py:3823} INFO - Setting next_dagrun for example_python_operator to None, run_after=None
[2026-03-28T22:13:16.479+0000] {processor.py:183} INFO - Processing /home/airflow/.local/lib/python3.8/site-packages/airflow/example_dags/example_python_operator.py took 0.084 seconds
[2026-03-28T22:14:08.565+0000] {processor.py:161} INFO - Started process (PID=99) to work on /home/airflow/.local/lib/python3.8/site-packages/airflow/example_dags/example_python_operator.py
[2026-03-28T22:14:08.566+0000] {processor.py:830} INFO - Processing file /home/airflow/.local/lib/python3.8/site-packages/airflow/example_dags/example_python_operator.py for tasks to queue
[2026-03-28T22:14:08.569+0000] {logging_mixin.py:188} INFO - [2026-03-28T22:14:08.569+0000] {dagbag.py:538} INFO - Filling up the DagBag from /home/airflow/.local/lib/python3.8/site-packages/airflow/example_dags/example_python_operator.py
[2026-03-28T22:14:08.584+0000] {processor.py:840} INFO - DAG(s) 'example_python_operator' retrieved from /home/airflow/.local/lib/python3.8/site-packages/airflow/example_dags/example_python_operator.py
[2026-03-28T22:14:08.600+0000] {logging_mixin.py:188} INFO - [2026-03-28T22:14:08.600+0000] {dag.py:3036} INFO - Sync 1 DAGs
[2026-03-28T22:14:08.619+0000] {logging_mixin.py:188} INFO - [2026-03-28T22:14:08.619+0000] {dag.py:3823} INFO - Setting next_dagrun for example_python_operator to None, run_after=None
[2026-03-28T22:14:08.647+0000] {processor.py:183} INFO - Processing /home/airflow/.local/lib/python3.8/site-packages/airflow/example_dags/example_python_operator.py took 0.088 seconds
[2026-03-28T22:14:39.101+0000] {processor.py:161} INFO - Started process (PID=155) to work on /home/airflow/.local/lib/python3.8/site-packages/airflow/example_dags/example_python_operator.py
[2026-03-28T22:14:39.103+0000] {processor.py:830} INFO - Processing file /home/airflow/.local/lib/python3.8/site-packages/airflow/example_dags/example_python_operator.py for tasks to queue
[2026-03-28T22:14:39.105+0000] {logging_mixin.py:188} INFO - [2026-03-28T22:14:39.104+0000] {dagbag.py:538} INFO - Filling up the DagBag from /home/airflow/.local/lib/python3.8/site-packages/airflow/example_dags/example_python_operator.py
[2026-03-28T22:14:39.115+0000] {processor.py:840} INFO - DAG(s) 'example_python_operator' retrieved from /home/airflow/.local/lib/python3.8/site-packages/airflow/example_dags/example_python_operator.py
[2026-03-28T22:14:39.202+0000] {logging_mixin.py:188} INFO - [2026-03-28T22:14:39.202+0000] {dag.py:3036} INFO - Sync 1 DAGs
[2026-03-28T22:14:39.214+0000] {logging_mixin.py:188} INFO - [2026-03-28T22:14:39.214+0000] {dag.py:3823} INFO - Setting next_dagrun for example_python_operator to None, run_after=None
[2026-03-28T22:14:39.236+0000] {processor.py:183} INFO - Processing /home/airflow/.local/lib/python3.8/site-packages/airflow/example_dags/example_python_operator.py took 0.139 seconds
[2026-03-28T22:15:09.513+0000] {processor.py:161} INFO - Started process (PID=211) to work on /home/airflow/.local/lib/python3.8/site-packages/airflow/example_dags/example_python_operator.py
[2026-03-28T22:15:09.515+0000] {processor.py:830} INFO - Processing file /home/airflow/.local/lib/python3.8/site-packages/airflow/example_dags/example_python_operator.py for tasks to queue
[2026-03-28T22:15:09.517+0000] {logging_mixin.py:188} INFO - [2026-03-28T22:15:09.517+0000] {dagbag.py:538} INFO - Filling up the DagBag from /home/airflow/.local/lib/python3.8/site-packages/airflow/example_dags/example_python_operator.py
[2026-03-28T22:15:09.528+0000] {processor.py:840} INFO - DAG(s) 'example_python_operator' retrieved from /home/airflow/.local/lib/python3.8/site-packages/airflow/example_dags/example_python_operator.py
[2026-03-28T22:15:09.551+0000] {logging_mixin.py:188} INFO - [2026-03-28T22:15:09.551+0000] {dag.py:3036} INFO - Sync 1 DAGs
[2026-03-28T22:15:09.562+0000] {logging_mixin.py:188} INFO - [2026-03-28T22:15:09.562+0000] {dag.py:3823} INFO - Setting next_dagrun for example_python_operator to None, run_after=None
[2026-03-28T22:15:09.583+0000] {processor.py:183} INFO - Processing /home/airflow/.local/lib/python3.8/site-packages/airflow/example_dags/example_python_operator.py took 0.074 seconds
[2026-03-28T22:15:39.730+0000] {processor.py:161} INFO - Started process (PID=267) to work on /home/airflow/.local/lib/python3.8/site-packages/airflow/example_dags/example_python_operator.py
[2026-03-28T22:15:39.731+0000] {processor.py:830} INFO - Processing file /home/airflow/.local/lib/python3.8/site-packages/airflow/example_dags/example_python_operator.py for tasks to queue
[2026-03-28T22:15:39.733+0000] {logging_mixin.py:188} INFO - [2026-03-28T22:15:39.733+0000] {dagbag.py:538} INFO - Filling up the DagBag from /home/airflow/.local/lib/python3.8/site-packages/airflow/example_dags/example_python_operator.py
[2026-03-28T22:15:39.743+0000] {processor.py:840} INFO - DAG(s) 'example_python_operator' retrieved from /home/airflow/.local/lib/python3.8/site-packages/airflow/example_dags/example_python_operator.py
[2026-03-28T22:15:39.767+0000] {logging_mixin.py:188} INFO - [2026-03-28T22:15:39.767+0000] {dag.py:3036} INFO - Sync 1 DAGs
[2026-03-28T22:15:39.779+0000] {logging_mixin.py:188} INFO - [2026-03-28T22:15:39.779+0000] {dag.py:3823} INFO - Setting next_dagrun for example_python_operator to None, run_after=None
[2026-03-28T22:15:39.802+0000] {processor.py:183} INFO - Processing /home/airflow/.local/lib/python3.8/site-packages/airflow/example_dags/example_python_operator.py took 0.075 seconds
[2026-03-28T22:16:09.974+0000] {processor.py:161} INFO - Started process (PID=323) to work on /home/airflow/.local/lib/python3.8/site-packages/airflow/example_dags/example_python_operator.py
[2026-03-28T22:16:09.975+0000] {processor.py:830} INFO - Processing file /home/airflow/.local/lib/python3.8/site-packages/airflow/example_dags/example_python_operator.py for tasks to queue
[2026-03-28T22:16:09.977+0000] {logging_mixin.py:188} INFO - [2026-03-28T22:16:09.977+0000] {dagbag.py:538} INFO - Filling up the DagBag from /home/airflow/.local/lib/python3.8/site-packages/airflow/example_dags/example_python_operator.py
[2026-03-28T22:16:09.989+0000] {processor.py:840} INFO - DAG(s) 'example_python_operator' retrieved from /home/airflow/.local/lib/python3.8/site-packages/airflow/example_dags/example_python_operator.py
[2026-03-28T22:16:10.017+0000] {logging_mixin.py:188} INFO - [2026-03-28T22:16:10.016+0000] {dag.py:3036} INFO - Sync 1 DAGs
[2026-03-28T22:16:10.029+0000] {logging_mixin.py:188} INFO - [2026-03-28T22:16:10.028+0000] {dag.py:3823} INFO - Setting next_dagrun for example_python_operator to None, run_after=None
[2026-03-28T22:16:10.050+0000] {processor.py:183} INFO - Processing /home/airflow/.local/lib/python3.8/site-packages/airflow/example_dags/example_python_operator.py took 0.080 seconds
[2026-03-28T22:16:40.353+0000] {processor.py:161} INFO - Started process (PID=379) to work on /home/airflow/.local/lib/python3.8/site-packages/airflow/example_dags/example_python_operator.py
[2026-03-28T22:16:40.355+0000] {processor.py:830} INFO - Processing file /home/airflow/.local/lib/python3.8/site-packages/airflow/example_dags/example_python_operator.py for tasks to queue
[2026-03-28T22:16:40.357+0000] {logging_mixin.py:188} INFO - [2026-03-28T22:16:40.356+0000] {dagbag.py:538} INFO - Filling up the DagBag from /home/airflow/.local/lib/python3.8/site-packages/airflow/example_dags/example_python_operator.py
[2026-03-28T22:16:40.368+0000] {processor.py:840} INFO - DAG(s) 'example_python_operator' retrieved from /home/airflow/.local/lib/python3.8/site-packages/airflow/example_dags/example_python_operator.py
[2026-03-28T22:16:40.390+0000] {logging_mixin.py:188} INFO - [2026-03-28T22:16:40.390+0000] {dag.py:3036} INFO - Sync 1 DAGs
[2026-03-28T22:16:40.402+0000] {logging_mixin.py:188} INFO - [2026-03-28T22:16:40.402+0000] {dag.py:3823} INFO - Setting next_dagrun for example_python_operator to None, run_after=None
[2026-03-28T22:16:40.424+0000] {processor.py:183} INFO - Processing /home/airflow/.local/lib/python3.8/site-packages/airflow/example_dags/example_python_operator.py took 0.074 seconds
[2026-03-28T22:17:11.530+0000] {processor.py:161} INFO - Started process (PID=435) to work on /home/airflow/.local/lib/python3.8/site-packages/airflow/example_dags/example_python_operator.py
[2026-03-28T22:17:11.531+0000] {processor.py:830} INFO - Processing file /home/airflow/.local/lib/python3.8/site-packages/airflow/example_dags/example_python_operator.py for tasks to queue
[2026-03-28T22:17:11.533+0000] {logging_mixin.py:188} INFO - [2026-03-28T22:17:11.533+0000] {dagbag.py:538} INFO - Filling up the DagBag from /home/airflow/.local/lib/python3.8/site-packages/airflow/example_dags/example_python_operator.py
[2026-03-28T22:17:11.543+0000] {processor.py:840} INFO - DAG(s) 'example_python_operator' retrieved from /home/airflow/.local/lib/python3.8/site-packages/airflow/example_dags/example_python_operator.py
[2026-03-28T22:17:11.567+0000] {logging_mixin.py:188} INFO - [2026-03-28T22:17:11.567+0000] {dag.py:3036} INFO - Sync 1 DAGs
[2026-03-28T22:17:11.578+0000] {logging_mixin.py:188} INFO - [2026-03-28T22:17:11.577+0000] {dag.py:3823} INFO - Setting next_dagrun for example_python_operator to None, run_after=None
[2026-03-28T22:17:11.635+0000] {processor.py:183} INFO - Processing /home/airflow/.local/lib/python3.8/site-packages/airflow/example_dags/example_python_operator.py took 0.108 seconds
[2026-03-28T22:17:42.840+0000] {processor.py:161} INFO - Started process (PID=491) to work on /home/airflow/.local/lib/python3.8/site-packages/airflow/example_dags/example_python_operator.py
[2026-03-28T22:17:42.841+0000] {processor.py:830} INFO - Processing file /home/airflow/.local/lib/python3.8/site-packages/airflow/example_dags/example_python_operator.py for tasks to queue
[2026-03-28T22:17:42.843+0000] {logging_mixin.py:188} INFO - [2026-03-28T22:17:42.843+0000] {dagbag.py:538} INFO - Filling up the DagBag from /home/airflow/.local/lib/python3.8/site-packages/airflow/example_dags/example_python_operator.py
[2026-03-28T22:17:42.854+0000] {processor.py:840} INFO - DAG(s) 'example_python_operator' retrieved from /home/airflow/.local/lib/python3.8/site-packages/airflow/example_dags/example_python_operator.py
[2026-03-28T22:17:42.876+0000] {logging_mixin.py:188} INFO - [2026-03-28T22:17:42.876+0000] {dag.py:3036} INFO - Sync 1 DAGs
[2026-03-28T22:17:42.888+0000] {logging_mixin.py:188} INFO - [2026-03-28T22:17:42.887+0000] {dag.py:3823} INFO - Setting next_dagrun for example_python_operator to None, run_after=None
[2026-03-28T22:17:43.337+0000] {processor.py:183} INFO - Processing /home/airflow/.local/lib/python3.8/site-packages/airflow/example_dags/example_python_operator.py took 0.501 seconds
[2026-03-28T22:18:13.472+0000] {processor.py:161} INFO - Started process (PID=547) to work on /home/airflow/.local/lib/python3.8/site-packages/airflow/example_dags/example_python_operator.py
[2026-03-28T22:18:13.473+0000] {processor.py:830} INFO - Processing file /home/airflow/.local/lib/python3.8/site-packages/airflow/example_dags/example_python_operator.py for tasks to queue
[2026-03-28T22:18:13.475+0000] {logging_mixin.py:188} INFO - [2026-03-28T22:18:13.475+0000] {dagbag.py:538} INFO - Filling up the DagBag from /home/airflow/.local/lib/python3.8/site-packages/airflow/example_dags/example_python_operator.py
[2026-03-28T22:18:13.485+0000] {processor.py:840} INFO - DAG(s) 'example_python_operator' retrieved from /home/airflow/.local/lib/python3.8/site-packages/airflow/example_dags/example_python_operator.py
[2026-03-28T22:18:13.508+0000] {logging_mixin.py:188} INFO - [2026-03-28T22:18:13.508+0000] {dag.py:3036} INFO - Sync 1 DAGs
[2026-03-28T22:18:13.519+0000] {logging_mixin.py:188} INFO - [2026-03-28T22:18:13.518+0000] {dag.py:3823} INFO - Setting next_dagrun for example_python_operator to None, run_after=None
[2026-03-28T22:18:13.541+0000] {processor.py:183} INFO - Processing /home/airflow/.local/lib/python3.8/site-packages/airflow/example_dags/example_python_operator.py took 0.072 seconds
[2026-03-28T22:18:43.716+0000] {processor.py:161} INFO - Started process (PID=603) to work on /home/airflow/.local/lib/python3.8/site-packages/airflow/example_dags/example_python_operator.py
[2026-03-28T22:18:43.718+0000] {processor.py:830} INFO - Processing file /home/airflow/.local/lib/python3.8/site-packages/airflow/example_dags/example_python_operator.py for tasks to queue
[2026-03-28T22:18:43.720+0000] {logging_mixin.py:188} INFO - [2026-03-28T22:18:43.720+0000] {dagbag.py:538} INFO - Filling up the DagBag from /home/airflow/.local/lib/python3.8/site-packages/airflow/example_dags/example_python_operator.py
[2026-03-28T22:18:43.733+0000] {processor.py:840} INFO - DAG(s) 'example_python_operator' retrieved from /home/airflow/.local/lib/python3.8/site-packages/airflow/example_dags/example_python_operator.py
[2026-03-28T22:18:43.758+0000] {logging_mixin.py:188} INFO - [2026-03-28T22:18:43.758+0000] {dag.py:3036} INFO - Sync 1 DAGs
[2026-03-28T22:18:43.770+0000] {logging_mixin.py:188} INFO - [2026-03-28T22:18:43.769+0000] {dag.py:3823} INFO - Setting next_dagrun for example_python_operator to None, run_after=None
[2026-03-28T22:18:43.792+0000] {processor.py:183} INFO - Processing /home/airflow/.local/lib/python3.8/site-packages/airflow/example_dags/example_python_operator.py took 0.080 seconds
[2026-03-28T22:19:14.526+0000] {processor.py:161} INFO - Started process (PID=659) to work on /home/airflow/.local/lib/python3.8/site-packages/airflow/example_dags/example_python_operator.py
[2026-03-28T22:19:14.527+0000] {processor.py:830} INFO - Processing file /home/airflow/.local/lib/python3.8/site-packages/airflow/example_dags/example_python_operator.py for tasks to queue
[2026-03-28T22:19:14.529+0000] {logging_mixin.py:188} INFO - [2026-03-28T22:19:14.529+0000] {dagbag.py:538} INFO - Filling up the DagBag from /home/airflow/.local/lib/python3.8/site-packages/airflow/example_dags/example_python_operator.py
[2026-03-28T22:19:14.539+0000] {processor.py:840} INFO - DAG(s) 'example_python_operator' retrieved from /home/airflow/.local/lib/python3.8/site-packages/airflow/example_dags/example_python_operator.py
[2026-03-28T22:19:14.563+0000] {logging_mixin.py:188} INFO - [2026-03-28T22:19:14.563+0000] {dag.py:3036} INFO - Sync 1 DAGs
[2026-03-28T22:19:14.574+0000] {logging_mixin.py:188} INFO - [2026-03-28T22:19:14.574+0000] {dag.py:3823} INFO - Setting next_dagrun for example_python_operator to None, run_after=None
[2026-03-28T22:19:14.599+0000] {processor.py:183} INFO - Processing /home/airflow/.local/lib/python3.8/site-packages/airflow/example_dags/example_python_operator.py took 0.077 seconds
[2026-03-28T22:19:46.708+0000] {processor.py:161} INFO - Started process (PID=715) to work on /home/airflow/.local/lib/python3.8/site-packages/airflow/example_dags/example_python_operator.py
[2026-03-28T22:19:46.710+0000] {processor.py:830} INFO - Processing file /home/airflow/.local/lib/python3.8/site-packages/airflow/example_dags/example_python_operator.py for tasks to queue
[2026-03-28T22:19:46.713+0000] {logging_mixin.py:188} INFO - [2026-03-28T22:19:46.713+0000] {dagbag.py:538} INFO - Filling up the DagBag from /home/airflow/.local/lib/python3.8/site-packages/airflow/example_dags/example_python_operator.py
[2026-03-28T22:19:46.724+0000] {processor.py:840} INFO - DAG(s) 'example_python_operator' retrieved from /home/airflow/.local/lib/python3.8/site-packages/airflow/example_dags/example_python_operator.py
[2026-03-28T22:19:46.753+0000] {logging_mixin.py:188} INFO - [2026-03-28T22:19:46.752+0000] {dag.py:3036} INFO - Sync 1 DAGs
[2026-03-28T22:19:46.771+0000] {logging_mixin.py:188} INFO - [2026-03-28T22:19:46.770+0000] {dag.py:3823} INFO - Setting next_dagrun for example_python_operator to None, run_after=None
[2026-03-28T22:19:46.805+0000] {processor.py:183} INFO - Processing /home/airflow/.local/lib/python3.8/site-packages/airflow/example_dags/example_python_operator.py took 0.102 seconds
[2026-03-28T22:20:16.986+0000] {processor.py:161} INFO - Started process (PID=771) to work on /home/airflow/.local/lib/python3.8/site-packages/airflow/example_dags/example_python_operator.py
[2026-03-28T22:20:16.987+0000] {processor.py:830} INFO - Processing file /home/airflow/.local/lib/python3.8/site-packages/airflow/example_dags/example_python_operator.py for tasks to queue
[2026-03-28T22:20:16.989+0000] {logging_mixin.py:188} INFO - [2026-03-28T22:20:16.989+0000] {dagbag.py:538} INFO - Filling up the DagBag from /home/airflow/.local/lib/python3.8/site-packages/airflow/example_dags/example_python_operator.py
[2026-03-28T22:20:17.001+0000] {processor.py:840} INFO - DAG(s) 'example_python_operator' retrieved from /home/airflow/.local/lib/python3.8/site-packages/airflow/example_dags/example_python_operator.py
[2026-03-28T22:20:17.030+0000] {logging_mixin.py:188} INFO - [2026-03-28T22:20:17.030+0000] {dag.py:3036} INFO - Sync 1 DAGs
[2026-03-28T22:20:17.048+0000] {logging_mixin.py:188} INFO - [2026-03-28T22:20:17.047+0000] {dag.py:3823} INFO - Setting next_dagrun for example_python_operator to None, run_after=None
[2026-03-28T22:20:17.074+0000] {processor.py:183} INFO - Processing /home/airflow/.local/lib/python3.8/site-packages/airflow/example_dags/example_python_operator.py took 0.094 seconds
[2026-03-28T22:20:47.133+0000] {processor.py:161} INFO - Started process (PID=827) to work on /home/airflow/.local/lib/python3.8/site-packages/airflow/example_dags/example_python_operator.py
[2026-03-28T22:20:47.134+0000] {processor.py:830} INFO - Processing file /home/airflow/.local/lib/python3.8/site-packages/airflow/example_dags/example_python_operator.py for tasks to queue
[2026-03-28T22:20:47.137+0000] {logging_mixin.py:188} INFO - [2026-03-28T22:20:47.136+0000] {dagbag.py:538} INFO - Filling up the DagBag from /home/airflow/.local/lib/python3.8/site-packages/airflow/example_dags/example_python_operator.py
[2026-03-28T22:20:47.148+0000] {processor.py:840} INFO - DAG(s) 'example_python_operator' retrieved from /home/airflow/.local/lib/python3.8/site-packages/airflow/example_dags/example_python_operator.py
[2026-03-28T22:20:47.173+0000] {logging_mixin.py:188} INFO - [2026-03-28T22:20:47.172+0000] {dag.py:3036} INFO - Sync 1 DAGs
[2026-03-28T22:20:47.188+0000] {logging_mixin.py:188} INFO - [2026-03-28T22:20:47.188+0000] {dag.py:3823} INFO - Setting next_dagrun for example_python_operator to None, run_after=None
[2026-03-28T22:20:47.210+0000] {processor.py:183} INFO - Processing /home/airflow/.local/lib/python3.8/site-packages/airflow/example_dags/example_python_operator.py took 0.080 seconds
[2026-03-28T22:21:17.753+0000] {processor.py:161} INFO - Started process (PID=883) to work on /home/airflow/.local/lib/python3.8/site-packages/airflow/example_dags/example_python_operator.py
[2026-03-28T22:21:17.754+0000] {processor.py:830} INFO - Processing file /home/airflow/.local/lib/python3.8/site-packages/airflow/example_dags/example_python_operator.py for tasks to queue
[2026-03-28T22:21:17.756+0000] {logging_mixin.py:188} INFO - [2026-03-28T22:21:17.756+0000] {dagbag.py:538} INFO - Filling up the DagBag from /home/airflow/.local/lib/python3.8/site-packages/airflow/example_dags/example_python_operator.py
[2026-03-28T22:21:17.768+0000] {processor.py:840} INFO - DAG(s) 'example_python_operator' retrieved from /home/airflow/.local/lib/python3.8/site-packages/airflow/example_dags/example_python_operator.py
[2026-03-28T22:21:17.798+0000] {logging_mixin.py:188} INFO - [2026-03-28T22:21:17.798+0000] {dag.py:3036} INFO - Sync 1 DAGs
[2026-03-28T22:21:17.814+0000] {logging_mixin.py:188} INFO - [2026-03-28T22:21:17.814+0000] {dag.py:3823} INFO - Setting next_dagrun for example_python_operator to None, run_after=None
[2026-03-28T22:21:17.840+0000] {processor.py:183} INFO - Processing /home/airflow/.local/lib/python3.8/site-packages/airflow/example_dags/example_python_operator.py took 0.091 seconds
[2026-03-28T22:21:48.029+0000] {processor.py:161} INFO - Started process (PID=939) to work on /home/airflow/.local/lib/python3.8/site-packages/airflow/example_dags/example_python_operator.py
[2026-03-28T22:21:48.030+0000] {processor.py:830} INFO - Processing file /home/airflow/.local/lib/python3.8/site-packages/airflow/example_dags/example_python_operator.py for tasks to queue
[2026-03-28T22:21:48.032+0000] {logging_mixin.py:188} INFO - [2026-03-28T22:21:48.032+0000] {dagbag.py:538} INFO - Filling up the DagBag from /home/airflow/.local/lib/python3.8/site-packages/airflow/example_dags/example_python_operator.py
[2026-03-28T22:21:48.044+0000] {processor.py:840} INFO - DAG(s) 'example_python_operator' retrieved from /home/airflow/.local/lib/python3.8/site-packages/airflow/example_dags/example_python_operator.py
[2026-03-28T22:21:48.070+0000] {logging_mixin.py:188} INFO - [2026-03-28T22:21:48.069+0000] {dag.py:3036} INFO - Sync 1 DAGs
[2026-03-28T22:21:48.081+0000] {logging_mixin.py:188} INFO - [2026-03-28T22:21:48.081+0000] {dag.py:3823} INFO - Setting next_dagrun for example_python_operator to None, run_after=None
[2026-03-28T22:21:48.104+0000] {processor.py:183} INFO - Processing /home/airflow/.local/lib/python3.8/site-packages/airflow/example_dags/example_python_operator.py took 0.078 seconds
[2026-03-28T22:22:18.373+0000] {processor.py:161} INFO - Started process (PID=995) to work on /home/airflow/.local/lib/python3.8/site-packages/airflow/example_dags/example_python_operator.py
[2026-03-28T22:22:18.374+0000] {processor.py:830} INFO - Processing file /home/airflow/.local/lib/python3.8/site-packages/airflow/example_dags/example_python_operator.py for tasks to queue
[2026-03-28T22:22:18.376+0000] {logging_mixin.py:188} INFO - [2026-03-28T22:22:18.376+0000] {dagbag.py:538} INFO - Filling up the DagBag from /home/airflow/.local/lib/python3.8/site-packages/airflow/example_dags/example_python_operator.py
[2026-03-28T22:22:18.387+0000] {processor.py:840} INFO - DAG(s) 'example_python_operator' retrieved from /home/airflow/.local/lib/python3.8/site-packages/airflow/example_dags/example_python_operator.py
[2026-03-28T22:22:18.416+0000] {logging_mixin.py:188} INFO - [2026-03-28T22:22:18.415+0000] {dag.py:3036} INFO - Sync 1 DAGs
[2026-03-28T22:22:18.430+0000] {logging_mixin.py:188} INFO - [2026-03-28T22:22:18.430+0000] {dag.py:3823} INFO - Setting next_dagrun for example_python_operator to None, run_after=None
[2026-03-28T22:22:18.449+0000] {processor.py:183} INFO - Processing /home/airflow/.local/lib/python3.8/site-packages/airflow/example_dags/example_python_operator.py took 0.079 seconds
[2026-03-28T22:22:48.638+0000] {processor.py:161} INFO - Started process (PID=1051) to work on /home/airflow/.local/lib/python3.8/site-packages/airflow/example_dags/example_python_operator.py
[2026-03-28T22:22:48.640+0000] {processor.py:830} INFO - Processing file /home/airflow/.local/lib/python3.8/site-packages/airflow/example_dags/example_python_operator.py for tasks to queue
[2026-03-28T22:22:48.642+0000] {logging_mixin.py:188} INFO - [2026-03-28T22:22:48.642+0000] {dagbag.py:538} INFO - Filling up the DagBag from /home/airflow/.local/lib/python3.8/site-packages/airflow/example_dags/example_python_operator.py
[2026-03-28T22:22:48.653+0000] {processor.py:840} INFO - DAG(s) 'example_python_operator' retrieved from /home/airflow/.local/lib/python3.8/site-packages/airflow/example_dags/example_python_operator.py
[2026-03-28T22:22:48.679+0000] {logging_mixin.py:188} INFO - [2026-03-28T22:22:48.678+0000] {dag.py:3036} INFO - Sync 1 DAGs
[2026-03-28T22:22:48.694+0000] {logging_mixin.py:188} INFO - [2026-03-28T22:22:48.693+0000] {dag.py:3823} INFO - Setting next_dagrun for example_python_operator to None, run_after=None
[2026-03-28T22:22:48.717+0000] {processor.py:183} INFO - Processing /home/airflow/.local/lib/python3.8/site-packages/airflow/example_dags/example_python_operator.py took 0.082 seconds
[2026-03-28T22:23:18.906+0000] {processor.py:161} INFO - Started process (PID=1107) to work on /home/airflow/.local/lib/python3.8/site-packages/airflow/example_dags/example_python_operator.py
[2026-03-28T22:23:18.908+0000] {processor.py:830} INFO - Processing file /home/airflow/.local/lib/python3.8/site-packages/airflow/example_dags/example_python_operator.py for tasks to queue
[2026-03-28T22:23:18.910+0000] {logging_mixin.py:188} INFO - [2026-03-28T22:23:18.910+0000] {dagbag.py:538} INFO - Filling up the DagBag from /home/airflow/.local/lib/python3.8/site-packages/airflow/example_dags/example_python_operator.py
[2026-03-28T22:23:18.923+0000] {processor.py:840} INFO - DAG(s) 'example_python_operator' retrieved from /home/airflow/.local/lib/python3.8/site-packages/airflow/example_dags/example_python_operator.py
[2026-03-28T22:23:18.950+0000] {logging_mixin.py:188} INFO - [2026-03-28T22:23:18.950+0000] {dag.py:3036} INFO - Sync 1 DAGs
[2026-03-28T22:23:18.962+0000] {logging_mixin.py:188} INFO - [2026-03-28T22:23:18.962+0000] {dag.py:3823} INFO - Setting next_dagrun for example_python_operator to None, run_after=None
[2026-03-28T22:23:18.984+0000] {processor.py:183} INFO - Processing /home/airflow/.local/lib/python3.8/site-packages/airflow/example_dags/example_python_operator.py took 0.083 seconds
[2026-03-28T22:23:49.233+0000] {processor.py:161} INFO - Started process (PID=1163) to work on /home/airflow/.local/lib/python3.8/site-packages/airflow/example_dags/example_python_operator.py
[2026-03-28T22:23:49.234+0000] {processor.py:830} INFO - Processing file /home/airflow/.local/lib/python3.8/site-packages/airflow/example_dags/example_python_operator.py for tasks to queue
[2026-03-28T22:23:49.236+0000] {logging_mixin.py:188} INFO - [2026-03-28T22:23:49.236+0000] {dagbag.py:538} INFO - Filling up the DagBag from /home/airflow/.local/lib/python3.8/site-packages/airflow/example_dags/example_python_operator.py
[2026-03-28T22:23:49.248+0000] {processor.py:840} INFO - DAG(s) 'example_python_operator' retrieved from /home/airflow/.local/lib/python3.8/site-packages/airflow/example_dags/example_python_operator.py
[2026-03-28T22:23:49.277+0000] {logging_mixin.py:188} INFO - [2026-03-28T22:23:49.277+0000] {dag.py:3036} INFO - Sync 1 DAGs
[2026-03-28T22:23:49.290+0000] {logging_mixin.py:188} INFO - [2026-03-28T22:23:49.290+0000] {dag.py:3823} INFO - Setting next_dagrun for example_python_operator to None, run_after=None
[2026-03-28T22:23:49.312+0000] {processor.py:183} INFO - Processing /home/airflow/.local/lib/python3.8/site-packages/airflow/example_dags/example_python_operator.py took 0.083 seconds
[2026-03-28T22:24:19.618+0000] {processor.py:161} INFO - Started process (PID=1219) to work on /home/airflow/.local/lib/python3.8/site-packages/airflow/example_dags/example_python_operator.py
[2026-03-28T22:24:19.619+0000] {processor.py:830} INFO - Processing file /home/airflow/.local/lib/python3.8/site-packages/airflow/example_dags/example_python_operator.py for tasks to queue
[2026-03-28T22:24:19.621+0000] {logging_mixin.py:188} INFO - [2026-03-28T22:24:19.621+0000] {dagbag.py:538} INFO - Filling up the DagBag from /home/airflow/.local/lib/python3.8/site-packages/airflow/example_dags/example_python_operator.py
[2026-03-28T22:24:19.634+0000] {processor.py:840} INFO - DAG(s) 'example_python_operator' retrieved from /home/airflow/.local/lib/python3.8/site-packages/airflow/example_dags/example_python_operator.py
[2026-03-28T22:24:19.660+0000] {logging_mixin.py:188} INFO - [2026-03-28T22:24:19.660+0000] {dag.py:3036} INFO - Sync 1 DAGs
[2026-03-28T22:24:19.676+0000] {logging_mixin.py:188} INFO - [2026-03-28T22:24:19.676+0000] {dag.py:3823} INFO - Setting next_dagrun for example_python_operator to None, run_after=None
[2026-03-28T22:24:19.701+0000] {processor.py:183} INFO - Processing /home/airflow/.local/lib/python3.8/site-packages/airflow/example_dags/example_python_operator.py took 0.087 seconds
[2026-03-28T22:24:49.755+0000] {processor.py:161} INFO - Started process (PID=1275) to work on /home/airflow/.local/lib/python3.8/site-packages/airflow/example_dags/example_python_operator.py
[2026-03-28T22:24:49.756+0000] {processor.py:830} INFO - Processing file /home/airflow/.local/lib/python3.8/site-packages/airflow/example_dags/example_python_operator.py for tasks to queue
[2026-03-28T22:24:49.758+0000] {logging_mixin.py:188} INFO - [2026-03-28T22:24:49.758+0000] {dagbag.py:538} INFO - Filling up the DagBag from /home/airflow/.local/lib/python3.8/site-packages/airflow/example_dags/example_python_operator.py
[2026-03-28T22:24:49.770+0000] {processor.py:840} INFO - DAG(s) 'example_python_operator' retrieved from /home/airflow/.local/lib/python3.8/site-packages/airflow/example_dags/example_python_operator.py
[2026-03-28T22:24:49.793+0000] {logging_mixin.py:188} INFO - [2026-03-28T22:24:49.793+0000] {dag.py:3036} INFO - Sync 1 DAGs
[2026-03-28T22:24:49.804+0000] {logging_mixin.py:188} INFO - [2026-03-28T22:24:49.804+0000] {dag.py:3823} INFO - Setting next_dagrun for example_python_operator to None, run_after=None
[2026-03-28T22:24:49.826+0000] {processor.py:183} INFO - Processing /home/airflow/.local/lib/python3.8/site-packages/airflow/example_dags/example_python_operator.py took 0.075 seconds
[2026-03-28T22:25:20.053+0000] {processor.py:161} INFO - Started process (PID=1331) to work on /home/airflow/.local/lib/python3.8/site-packages/airflow/example_dags/example_python_operator.py
[2026-03-28T22:25:20.055+0000] {processor.py:830} INFO - Processing file /home/airflow/.local/lib/python3.8/site-packages/airflow/example_dags/example_python_operator.py for tasks to queue
[2026-03-28T22:25:20.057+0000] {logging_mixin.py:188} INFO - [2026-03-28T22:25:20.057+0000] {dagbag.py:538} INFO - Filling up the DagBag from /home/airflow/.local/lib/python3.8/site-packages/airflow/example_dags/example_python_operator.py
[2026-03-28T22:25:20.067+0000] {processor.py:840} INFO - DAG(s) 'example_python_operator' retrieved from /home/airflow/.local/lib/python3.8/site-packages/airflow/example_dags/example_python_operator.py
[2026-03-28T22:25:20.094+0000] {logging_mixin.py:188} INFO - [2026-03-28T22:25:20.094+0000] {dag.py:3036} INFO - Sync 1 DAGs
[2026-03-28T22:25:20.108+0000] {logging_mixin.py:188} INFO - [2026-03-28T22:25:20.107+0000] {dag.py:3823} INFO - Setting next_dagrun for example_python_operator to None, run_after=None
[2026-03-28T22:25:20.186+0000] {processor.py:183} INFO - Processing /home/airflow/.local/lib/python3.8/site-packages/airflow/example_dags/example_python_operator.py took 0.136 seconds
[2026-03-28T22:25:50.502+0000] {processor.py:161} INFO - Started process (PID=1387) to work on /home/airflow/.local/lib/python3.8/site-packages/airflow/example_dags/example_python_operator.py
[2026-03-28T22:25:50.503+0000] {processor.py:830} INFO - Processing file /home/airflow/.local/lib/python3.8/site-packages/airflow/example_dags/example_python_operator.py for tasks to queue
[2026-03-28T22:25:50.506+0000] {logging_mixin.py:188} INFO - [2026-03-28T22:25:50.506+0000] {dagbag.py:538} INFO - Filling up the DagBag from /home/airflow/.local/lib/python3.8/site-packages/airflow/example_dags/example_python_operator.py
[2026-03-28T22:25:50.517+0000] {processor.py:840} INFO - DAG(s) 'example_python_operator' retrieved from /home/airflow/.local/lib/python3.8/site-packages/airflow/example_dags/example_python_operator.py
[2026-03-28T22:25:50.542+0000] {logging_mixin.py:188} INFO - [2026-03-28T22:25:50.542+0000] {dag.py:3036} INFO - Sync 1 DAGs
[2026-03-28T22:25:50.554+0000] {logging_mixin.py:188} INFO - [2026-03-28T22:25:50.554+0000] {dag.py:3823} INFO - Setting next_dagrun for example_python_operator to None, run_after=None
[2026-03-28T22:25:50.577+0000] {processor.py:183} INFO - Processing /home/airflow/.local/lib/python3.8/site-packages/airflow/example_dags/example_python_operator.py took 0.079 seconds
[2026-03-28T22:26:20.666+0000] {processor.py:161} INFO - Started process (PID=1444) to work on /home/airflow/.local/lib/python3.8/site-packages/airflow/example_dags/example_python_operator.py
[2026-03-28T22:26:20.668+0000] {processor.py:830} INFO - Processing file /home/airflow/.local/lib/python3.8/site-packages/airflow/example_dags/example_python_operator.py for tasks to queue
[2026-03-28T22:26:20.671+0000] {logging_mixin.py:188} INFO - [2026-03-28T22:26:20.670+0000] {dagbag.py:538} INFO - Filling up the DagBag from /home/airflow/.local/lib/python3.8/site-packages/airflow/example_dags/example_python_operator.py
[2026-03-28T22:26:20.683+0000] {processor.py:840} INFO - DAG(s) 'example_python_operator' retrieved from /home/airflow/.local/lib/python3.8/site-packages/airflow/example_dags/example_python_operator.py
[2026-03-28T22:26:20.711+0000] {logging_mixin.py:188} INFO - [2026-03-28T22:26:20.710+0000] {dag.py:3036} INFO - Sync 1 DAGs
[2026-03-28T22:26:20.722+0000] {logging_mixin.py:188} INFO - [2026-03-28T22:26:20.722+0000] {dag.py:3823} INFO - Setting next_dagrun for example_python_operator to None, run_after=None
[2026-03-28T22:26:20.744+0000] {processor.py:183} INFO - Processing /home/airflow/.local/lib/python3.8/site-packages/airflow/example_dags/example_python_operator.py took 0.082 seconds
[2026-03-28T22:26:51.059+0000] {processor.py:161} INFO - Started process (PID=1500) to work on /home/airflow/.local/lib/python3.8/site-packages/airflow/example_dags/example_python_operator.py
[2026-03-28T22:26:51.060+0000] {processor.py:830} INFO - Processing file /home/airflow/.local/lib/python3.8/site-packages/airflow/example_dags/example_python_operator.py for tasks to queue
[2026-03-28T22:26:51.062+0000] {logging_mixin.py:188} INFO - [2026-03-28T22:26:51.062+0000] {dagbag.py:538} INFO - Filling up the DagBag from /home/airflow/.local/lib/python3.8/site-packages/airflow/example_dags/example_python_operator.py
[2026-03-28T22:26:51.074+0000] {processor.py:840} INFO - DAG(s) 'example_python_operator' retrieved from /home/airflow/.local/lib/python3.8/site-packages/airflow/example_dags/example_python_operator.py
[2026-03-28T22:26:51.099+0000] {logging_mixin.py:188} INFO - [2026-03-28T22:26:51.098+0000] {dag.py:3036} INFO - Sync 1 DAGs
[2026-03-28T22:26:51.112+0000] {logging_mixin.py:188} INFO - [2026-03-28T22:26:51.111+0000] {dag.py:3823} INFO - Setting next_dagrun for example_python_operator to None, run_after=None
[2026-03-28T22:26:51.133+0000] {processor.py:183} INFO - Processing /home/airflow/.local/lib/python3.8/site-packages/airflow/example_dags/example_python_operator.py took 0.078 seconds
[2026-03-28T22:27:21.756+0000] {processor.py:161} INFO - Started process (PID=1556) to work on /home/airflow/.local/lib/python3.8/site-packages/airflow/example_dags/example_python_operator.py
[2026-03-28T22:27:21.758+0000] {processor.py:830} INFO - Processing file /home/airflow/.local/lib/python3.8/site-packages/airflow/example_dags/example_python_operator.py for tasks to queue
[2026-03-28T22:27:21.760+0000] {logging_mixin.py:188} INFO - [2026-03-28T22:27:21.759+0000] {dagbag.py:538} INFO - Filling up the DagBag from /home/airflow/.local/lib/python3.8/site-packages/airflow/example_dags/example_python_operator.py
[2026-03-28T22:27:21.773+0000] {processor.py:840} INFO - DAG(s) 'example_python_operator' retrieved from /home/airflow/.local/lib/python3.8/site-packages/airflow/example_dags/example_python_operator.py
[2026-03-28T22:27:21.801+0000] {logging_mixin.py:188} INFO - [2026-03-28T22:27:21.801+0000] {dag.py:3036} INFO - Sync 1 DAGs
[2026-03-28T22:27:21.813+0000] {logging_mixin.py:188} INFO - [2026-03-28T22:27:21.813+0000] {dag.py:3823} INFO - Setting next_dagrun for example_python_operator to None, run_after=None
[2026-03-28T22:27:21.836+0000] {processor.py:183} INFO - Processing /home/airflow/.local/lib/python3.8/site-packages/airflow/example_dags/example_python_operator.py took 0.084 seconds
[2026-03-28T22:27:52.275+0000] {processor.py:161} INFO - Started process (PID=1612) to work on /home/airflow/.local/lib/python3.8/site-packages/airflow/example_dags/example_python_operator.py
[2026-03-28T22:27:52.277+0000] {processor.py:830} INFO - Processing file /home/airflow/.local/lib/python3.8/site-packages/airflow/example_dags/example_python_operator.py for tasks to queue
[2026-03-28T22:27:52.280+0000] {logging_mixin.py:188} INFO - [2026-03-28T22:27:52.279+0000] {dagbag.py:538} INFO - Filling up the DagBag from /home/airflow/.local/lib/python3.8/site-packages/airflow/example_dags/example_python_operator.py
[2026-03-28T22:27:52.291+0000] {processor.py:840} INFO - DAG(s) 'example_python_operator' retrieved from /home/airflow/.local/lib/python3.8/site-packages/airflow/example_dags/example_python_operator.py
[2026-03-28T22:27:52.317+0000] {logging_mixin.py:188} INFO - [2026-03-28T22:27:52.316+0000] {dag.py:3036} INFO - Sync 1 DAGs
[2026-03-28T22:27:52.331+0000] {logging_mixin.py:188} INFO - [2026-03-28T22:27:52.330+0000] {dag.py:3823} INFO - Setting next_dagrun for example_python_operator to None, run_after=None
[2026-03-28T22:27:52.353+0000] {processor.py:183} INFO - Processing /home/airflow/.local/lib/python3.8/site-packages/airflow/example_dags/example_python_operator.py took 0.082 seconds
[2026-03-28T22:28:22.465+0000] {processor.py:161} INFO - Started process (PID=1668) to work on /home/airflow/.local/lib/python3.8/site-packages/airflow/example_dags/example_python_operator.py
[2026-03-28T22:28:22.467+0000] {processor.py:830} INFO - Processing file /home/airflow/.local/lib/python3.8/site-packages/airflow/example_dags/example_python_operator.py for tasks to queue
[2026-03-28T22:28:22.469+0000] {logging_mixin.py:188} INFO - [2026-03-28T22:28:22.469+0000] {dagbag.py:538} INFO - Filling up the DagBag from /home/airflow/.local/lib/python3.8/site-packages/airflow/example_dags/example_python_operator.py
[2026-03-28T22:28:22.479+0000] {processor.py:840} INFO - DAG(s) 'example_python_operator' retrieved from /home/airflow/.local/lib/python3.8/site-packages/airflow/example_dags/example_python_operator.py
[2026-03-28T22:28:22.504+0000] {logging_mixin.py:188} INFO - [2026-03-28T22:28:22.504+0000] {dag.py:3036} INFO - Sync 1 DAGs
[2026-03-28T22:28:22.525+0000] {logging_mixin.py:188} INFO - [2026-03-28T22:28:22.525+0000] {dag.py:3823} INFO - Setting next_dagrun for example_python_operator to None, run_after=None
[2026-03-28T22:28:22.548+0000] {processor.py:183} INFO - Processing /home/airflow/.local/lib/python3.8/site-packages/airflow/example_dags/example_python_operator.py took 0.086 seconds
[2026-03-28T22:28:52.907+0000] {processor.py:161} INFO - Started process (PID=1724) to work on /home/airflow/.local/lib/python3.8/site-packages/airflow/example_dags/example_python_operator.py
[2026-03-28T22:28:52.909+0000] {processor.py:830} INFO - Processing file /home/airflow/.local/lib/python3.8/site-packages/airflow/example_dags/example_python_operator.py for tasks to queue
[2026-03-28T22:28:52.912+0000] {logging_mixin.py:188} INFO - [2026-03-28T22:28:52.911+0000] {dagbag.py:538} INFO - Filling up the DagBag from /home/airflow/.local/lib/python3.8/site-packages/airflow/example_dags/example_python_operator.py
[2026-03-28T22:28:52.922+0000] {processor.py:840} INFO - DAG(s) 'example_python_operator' retrieved from /home/airflow/.local/lib/python3.8/site-packages/airflow/example_dags/example_python_operator.py
[2026-03-28T22:28:52.947+0000] {logging_mixin.py:188} INFO - [2026-03-28T22:28:52.946+0000] {dag.py:3036} INFO - Sync 1 DAGs
[2026-03-28T22:28:52.961+0000] {logging_mixin.py:188} INFO - [2026-03-28T22:28:52.961+0000] {dag.py:3823} INFO - Setting next_dagrun for example_python_operator to None, run_after=None
[2026-03-28T22:28:53.018+0000] {processor.py:183} INFO - Processing /home/airflow/.local/lib/python3.8/site-packages/airflow/example_dags/example_python_operator.py took 0.115 seconds
[2026-03-28T22:29:23.452+0000] {processor.py:161} INFO - Started process (PID=1780) to work on /home/airflow/.local/lib/python3.8/site-packages/airflow/example_dags/example_python_operator.py
[2026-03-28T22:29:23.454+0000] {processor.py:830} INFO - Processing file /home/airflow/.local/lib/python3.8/site-packages/airflow/example_dags/example_python_operator.py for tasks to queue
[2026-03-28T22:29:23.457+0000] {logging_mixin.py:188} INFO - [2026-03-28T22:29:23.456+0000] {dagbag.py:538} INFO - Filling up the DagBag from /home/airflow/.local/lib/python3.8/site-packages/airflow/example_dags/example_python_operator.py
[2026-03-28T22:29:23.472+0000] {processor.py:840} INFO - DAG(s) 'example_python_operator' retrieved from /home/airflow/.local/lib/python3.8/site-packages/airflow/example_dags/example_python_operator.py
[2026-03-28T22:29:23.501+0000] {logging_mixin.py:188} INFO - [2026-03-28T22:29:23.501+0000] {dag.py:3036} INFO - Sync 1 DAGs
[2026-03-28T22:29:23.521+0000] {logging_mixin.py:188} INFO - [2026-03-28T22:29:23.521+0000] {dag.py:3823} INFO - Setting next_dagrun for example_python_operator to None, run_after=None
[2026-03-28T22:29:23.553+0000] {processor.py:183} INFO - Processing /home/airflow/.local/lib/python3.8/site-packages/airflow/example_dags/example_python_operator.py took 0.105 seconds
[2026-03-28T22:29:53.651+0000] {processor.py:161} INFO - Started process (PID=1836) to work on /home/airflow/.local/lib/python3.8/site-packages/airflow/example_dags/example_python_operator.py
[2026-03-28T22:29:53.652+0000] {processor.py:830} INFO - Processing file /home/airflow/.local/lib/python3.8/site-packages/airflow/example_dags/example_python_operator.py for tasks to queue
[2026-03-28T22:29:53.654+0000] {logging_mixin.py:188} INFO - [2026-03-28T22:29:53.654+0000] {dagbag.py:538} INFO - Filling up the DagBag from /home/airflow/.local/lib/python3.8/site-packages/airflow/example_dags/example_python_operator.py
[2026-03-28T22:29:53.664+0000] {processor.py:840} INFO - DAG(s) 'example_python_operator' retrieved from /home/airflow/.local/lib/python3.8/site-packages/airflow/example_dags/example_python_operator.py
[2026-03-28T22:29:53.685+0000] {logging_mixin.py:188} INFO - [2026-03-28T22:29:53.685+0000] {dag.py:3036} INFO - Sync 1 DAGs
[2026-03-28T22:29:53.696+0000] {logging_mixin.py:188} INFO - [2026-03-28T22:29:53.696+0000] {dag.py:3823} INFO - Setting next_dagrun for example_python_operator to None, run_after=None
[2026-03-28T22:29:53.718+0000] {processor.py:183} INFO - Processing /home/airflow/.local/lib/python3.8/site-packages/airflow/example_dags/example_python_operator.py took 0.070 seconds
[2026-03-28T22:30:24.933+0000] {processor.py:161} INFO - Started process (PID=1892) to work on /home/airflow/.local/lib/python3.8/site-packages/airflow/example_dags/example_python_operator.py
[2026-03-28T22:30:24.935+0000] {processor.py:830} INFO - Processing file /home/airflow/.local/lib/python3.8/site-packages/airflow/example_dags/example_python_operator.py for tasks to queue
[2026-03-28T22:30:24.939+0000] {logging_mixin.py:188} INFO - [2026-03-28T22:30:24.938+0000] {dagbag.py:538} INFO - Filling up the DagBag from /home/airflow/.local/lib/python3.8/site-packages/airflow/example_dags/example_python_operator.py
[2026-03-28T22:30:24.960+0000] {processor.py:840} INFO - DAG(s) 'example_python_operator' retrieved from /home/airflow/.local/lib/python3.8/site-packages/airflow/example_dags/example_python_operator.py
[2026-03-28T22:30:24.997+0000] {logging_mixin.py:188} INFO - [2026-03-28T22:30:24.996+0000] {dag.py:3036} INFO - Sync 1 DAGs
[2026-03-28T22:30:25.014+0000] {logging_mixin.py:188} INFO - [2026-03-28T22:30:25.013+0000] {dag.py:3823} INFO - Setting next_dagrun for example_python_operator to None, run_after=None
[2026-03-28T22:30:25.046+0000] {processor.py:183} INFO - Processing /home/airflow/.local/lib/python3.8/site-packages/airflow/example_dags/example_python_operator.py took 0.118 seconds
[2026-03-28T22:30:55.980+0000] {processor.py:161} INFO - Started process (PID=1949) to work on /home/airflow/.local/lib/python3.8/site-packages/airflow/example_dags/example_python_operator.py
[2026-03-28T22:30:55.981+0000] {processor.py:830} INFO - Processing file /home/airflow/.local/lib/python3.8/site-packages/airflow/example_dags/example_python_operator.py for tasks to queue
[2026-03-28T22:30:55.983+0000] {logging_mixin.py:188} INFO - [2026-03-28T22:30:55.983+0000] {dagbag.py:538} INFO - Filling up the DagBag from /home/airflow/.local/lib/python3.8/site-packages/airflow/example_dags/example_python_operator.py
[2026-03-28T22:30:55.993+0000] {processor.py:840} INFO - DAG(s) 'example_python_operator' retrieved from /home/airflow/.local/lib/python3.8/site-packages/airflow/example_dags/example_python_operator.py
[2026-03-28T22:30:56.016+0000] {logging_mixin.py:188} INFO - [2026-03-28T22:30:56.016+0000] {dag.py:3036} INFO - Sync 1 DAGs
[2026-03-28T22:30:56.027+0000] {logging_mixin.py:188} INFO - [2026-03-28T22:30:56.027+0000] {dag.py:3823} INFO - Setting next_dagrun for example_python_operator to None, run_after=None
[2026-03-28T22:30:56.053+0000] {processor.py:183} INFO - Processing /home/airflow/.local/lib/python3.8/site-packages/airflow/example_dags/example_python_operator.py took 0.076 seconds
[2026-03-28T22:31:39.568+0000] {processor.py:161} INFO - Started process (PID=100) to work on /home/airflow/.local/lib/python3.8/site-packages/airflow/example_dags/example_python_operator.py
[2026-03-28T22:31:39.570+0000] {processor.py:830} INFO - Processing file /home/airflow/.local/lib/python3.8/site-packages/airflow/example_dags/example_python_operator.py for tasks to queue
[2026-03-28T22:31:39.574+0000] {logging_mixin.py:188} INFO - [2026-03-28T22:31:39.573+0000] {dagbag.py:538} INFO - Filling up the DagBag from /home/airflow/.local/lib/python3.8/site-packages/airflow/example_dags/example_python_operator.py
[2026-03-28T22:31:39.598+0000] {processor.py:840} INFO - DAG(s) 'example_python_operator' retrieved from /home/airflow/.local/lib/python3.8/site-packages/airflow/example_dags/example_python_operator.py
[2026-03-28T22:31:39.624+0000] {logging_mixin.py:188} INFO - [2026-03-28T22:31:39.624+0000] {dag.py:3036} INFO - Sync 1 DAGs
[2026-03-28T22:31:39.652+0000] {logging_mixin.py:188} INFO - [2026-03-28T22:31:39.651+0000] {dag.py:3823} INFO - Setting next_dagrun for example_python_operator to None, run_after=None
[2026-03-28T22:31:39.693+0000] {processor.py:183} INFO - Processing /home/airflow/.local/lib/python3.8/site-packages/airflow/example_dags/example_python_operator.py took 0.132 seconds
[2026-03-28T22:32:14.867+0000] {processor.py:161} INFO - Started process (PID=101) to work on /home/airflow/.local/lib/python3.8/site-packages/airflow/example_dags/example_python_operator.py
[2026-03-28T22:32:14.868+0000] {processor.py:830} INFO - Processing file /home/airflow/.local/lib/python3.8/site-packages/airflow/example_dags/example_python_operator.py for tasks to queue
[2026-03-28T22:32:14.871+0000] {logging_mixin.py:188} INFO - [2026-03-28T22:32:14.871+0000] {dagbag.py:538} INFO - Filling up the DagBag from /home/airflow/.local/lib/python3.8/site-packages/airflow/example_dags/example_python_operator.py
[2026-03-28T22:32:14.888+0000] {processor.py:840} INFO - DAG(s) 'example_python_operator' retrieved from /home/airflow/.local/lib/python3.8/site-packages/airflow/example_dags/example_python_operator.py
[2026-03-28T22:32:14.908+0000] {logging_mixin.py:188} INFO - [2026-03-28T22:32:14.907+0000] {dag.py:3036} INFO - Sync 1 DAGs
[2026-03-28T22:32:14.931+0000] {logging_mixin.py:188} INFO - [2026-03-28T22:32:14.930+0000] {dag.py:3823} INFO - Setting next_dagrun for example_python_operator to None, run_after=None
[2026-03-28T22:32:14.958+0000] {processor.py:183} INFO - Processing /home/airflow/.local/lib/python3.8/site-packages/airflow/example_dags/example_python_operator.py took 0.098 seconds
[2026-03-28T22:32:47.297+0000] {processor.py:161} INFO - Started process (PID=157) to work on /home/airflow/.local/lib/python3.8/site-packages/airflow/example_dags/example_python_operator.py
[2026-03-28T22:32:47.298+0000] {processor.py:830} INFO - Processing file /home/airflow/.local/lib/python3.8/site-packages/airflow/example_dags/example_python_operator.py for tasks to queue
[2026-03-28T22:32:47.301+0000] {logging_mixin.py:188} INFO - [2026-03-28T22:32:47.300+0000] {dagbag.py:538} INFO - Filling up the DagBag from /home/airflow/.local/lib/python3.8/site-packages/airflow/example_dags/example_python_operator.py
[2026-03-28T22:32:47.312+0000] {processor.py:840} INFO - DAG(s) 'example_python_operator' retrieved from /home/airflow/.local/lib/python3.8/site-packages/airflow/example_dags/example_python_operator.py
[2026-03-28T22:32:47.428+0000] {logging_mixin.py:188} INFO - [2026-03-28T22:32:47.428+0000] {dag.py:3036} INFO - Sync 1 DAGs
[2026-03-28T22:32:47.442+0000] {logging_mixin.py:188} INFO - [2026-03-28T22:32:47.442+0000] {dag.py:3823} INFO - Setting next_dagrun for example_python_operator to None, run_after=None
[2026-03-28T22:32:47.469+0000] {processor.py:183} INFO - Processing /home/airflow/.local/lib/python3.8/site-packages/airflow/example_dags/example_python_operator.py took 0.175 seconds
[2026-03-28T22:34:06.427+0000] {processor.py:161} INFO - Started process (PID=112) to work on /home/airflow/.local/lib/python3.8/site-packages/airflow/example_dags/example_python_operator.py
[2026-03-28T22:34:06.429+0000] {processor.py:830} INFO - Processing file /home/airflow/.local/lib/python3.8/site-packages/airflow/example_dags/example_python_operator.py for tasks to queue
[2026-03-28T22:34:06.432+0000] {logging_mixin.py:188} INFO - [2026-03-28T22:34:06.431+0000] {dagbag.py:538} INFO - Filling up the DagBag from /home/airflow/.local/lib/python3.8/site-packages/airflow/example_dags/example_python_operator.py
[2026-03-28T22:34:06.446+0000] {processor.py:840} INFO - DAG(s) 'example_python_operator' retrieved from /home/airflow/.local/lib/python3.8/site-packages/airflow/example_dags/example_python_operator.py
[2026-03-28T22:34:06.595+0000] {logging_mixin.py:188} INFO - [2026-03-28T22:34:06.595+0000] {dag.py:3036} INFO - Sync 1 DAGs
[2026-03-28T22:34:06.608+0000] {logging_mixin.py:188} INFO - [2026-03-28T22:34:06.608+0000] {dag.py:3823} INFO - Setting next_dagrun for example_python_operator to None, run_after=None
[2026-03-28T22:34:06.635+0000] {processor.py:183} INFO - Processing /home/airflow/.local/lib/python3.8/site-packages/airflow/example_dags/example_python_operator.py took 0.214 seconds
[2026-03-28T22:34:37.321+0000] {processor.py:161} INFO - Started process (PID=168) to work on /home/airflow/.local/lib/python3.8/site-packages/airflow/example_dags/example_python_operator.py
[2026-03-28T22:34:37.323+0000] {processor.py:830} INFO - Processing file /home/airflow/.local/lib/python3.8/site-packages/airflow/example_dags/example_python_operator.py for tasks to queue
[2026-03-28T22:34:37.326+0000] {logging_mixin.py:188} INFO - [2026-03-28T22:34:37.325+0000] {dagbag.py:538} INFO - Filling up the DagBag from /home/airflow/.local/lib/python3.8/site-packages/airflow/example_dags/example_python_operator.py
[2026-03-28T22:34:37.345+0000] {processor.py:840} INFO - DAG(s) 'example_python_operator' retrieved from /home/airflow/.local/lib/python3.8/site-packages/airflow/example_dags/example_python_operator.py
[2026-03-28T22:34:37.379+0000] {logging_mixin.py:188} INFO - [2026-03-28T22:34:37.379+0000] {dag.py:3036} INFO - Sync 1 DAGs
[2026-03-28T22:34:37.399+0000] {logging_mixin.py:188} INFO - [2026-03-28T22:34:37.399+0000] {dag.py:3823} INFO - Setting next_dagrun for example_python_operator to None, run_after=None
[2026-03-28T22:34:37.434+0000] {processor.py:183} INFO - Processing /home/airflow/.local/lib/python3.8/site-packages/airflow/example_dags/example_python_operator.py took 0.118 seconds
[2026-03-28T22:35:07.602+0000] {processor.py:161} INFO - Started process (PID=224) to work on /home/airflow/.local/lib/python3.8/site-packages/airflow/example_dags/example_python_operator.py
[2026-03-28T22:35:07.603+0000] {processor.py:830} INFO - Processing file /home/airflow/.local/lib/python3.8/site-packages/airflow/example_dags/example_python_operator.py for tasks to queue
[2026-03-28T22:35:07.605+0000] {logging_mixin.py:188} INFO - [2026-03-28T22:35:07.605+0000] {dagbag.py:538} INFO - Filling up the DagBag from /home/airflow/.local/lib/python3.8/site-packages/airflow/example_dags/example_python_operator.py
[2026-03-28T22:35:07.618+0000] {processor.py:840} INFO - DAG(s) 'example_python_operator' retrieved from /home/airflow/.local/lib/python3.8/site-packages/airflow/example_dags/example_python_operator.py
[2026-03-28T22:35:07.643+0000] {logging_mixin.py:188} INFO - [2026-03-28T22:35:07.643+0000] {dag.py:3036} INFO - Sync 1 DAGs
[2026-03-28T22:35:07.655+0000] {logging_mixin.py:188} INFO - [2026-03-28T22:35:07.655+0000] {dag.py:3823} INFO - Setting next_dagrun for example_python_operator to None, run_after=None
[2026-03-28T22:35:07.679+0000] {processor.py:183} INFO - Processing /home/airflow/.local/lib/python3.8/site-packages/airflow/example_dags/example_python_operator.py took 0.081 seconds
[2026-03-28T22:35:37.923+0000] {processor.py:161} INFO - Started process (PID=280) to work on /home/airflow/.local/lib/python3.8/site-packages/airflow/example_dags/example_python_operator.py
[2026-03-28T22:35:37.924+0000] {processor.py:830} INFO - Processing file /home/airflow/.local/lib/python3.8/site-packages/airflow/example_dags/example_python_operator.py for tasks to queue
[2026-03-28T22:35:37.927+0000] {logging_mixin.py:188} INFO - [2026-03-28T22:35:37.927+0000] {dagbag.py:538} INFO - Filling up the DagBag from /home/airflow/.local/lib/python3.8/site-packages/airflow/example_dags/example_python_operator.py
[2026-03-28T22:35:37.939+0000] {processor.py:840} INFO - DAG(s) 'example_python_operator' retrieved from /home/airflow/.local/lib/python3.8/site-packages/airflow/example_dags/example_python_operator.py
[2026-03-28T22:35:37.971+0000] {logging_mixin.py:188} INFO - [2026-03-28T22:35:37.970+0000] {dag.py:3036} INFO - Sync 1 DAGs
[2026-03-28T22:35:37.986+0000] {logging_mixin.py:188} INFO - [2026-03-28T22:35:37.985+0000] {dag.py:3823} INFO - Setting next_dagrun for example_python_operator to None, run_after=None
[2026-03-28T22:35:38.012+0000] {processor.py:183} INFO - Processing /home/airflow/.local/lib/python3.8/site-packages/airflow/example_dags/example_python_operator.py took 0.094 seconds
[2026-03-28T22:36:08.105+0000] {processor.py:161} INFO - Started process (PID=336) to work on /home/airflow/.local/lib/python3.8/site-packages/airflow/example_dags/example_python_operator.py
[2026-03-28T22:36:08.106+0000] {processor.py:830} INFO - Processing file /home/airflow/.local/lib/python3.8/site-packages/airflow/example_dags/example_python_operator.py for tasks to queue
[2026-03-28T22:36:08.109+0000] {logging_mixin.py:188} INFO - [2026-03-28T22:36:08.108+0000] {dagbag.py:538} INFO - Filling up the DagBag from /home/airflow/.local/lib/python3.8/site-packages/airflow/example_dags/example_python_operator.py
[2026-03-28T22:36:08.118+0000] {processor.py:840} INFO - DAG(s) 'example_python_operator' retrieved from /home/airflow/.local/lib/python3.8/site-packages/airflow/example_dags/example_python_operator.py
[2026-03-28T22:36:08.143+0000] {logging_mixin.py:188} INFO - [2026-03-28T22:36:08.143+0000] {dag.py:3036} INFO - Sync 1 DAGs
[2026-03-28T22:36:08.155+0000] {logging_mixin.py:188} INFO - [2026-03-28T22:36:08.155+0000] {dag.py:3823} INFO - Setting next_dagrun for example_python_operator to None, run_after=None
[2026-03-28T22:36:08.179+0000] {processor.py:183} INFO - Processing /home/airflow/.local/lib/python3.8/site-packages/airflow/example_dags/example_python_operator.py took 0.077 seconds
[2026-03-28T22:36:38.756+0000] {processor.py:161} INFO - Started process (PID=392) to work on /home/airflow/.local/lib/python3.8/site-packages/airflow/example_dags/example_python_operator.py
[2026-03-28T22:36:38.757+0000] {processor.py:830} INFO - Processing file /home/airflow/.local/lib/python3.8/site-packages/airflow/example_dags/example_python_operator.py for tasks to queue
[2026-03-28T22:36:38.759+0000] {logging_mixin.py:188} INFO - [2026-03-28T22:36:38.759+0000] {dagbag.py:538} INFO - Filling up the DagBag from /home/airflow/.local/lib/python3.8/site-packages/airflow/example_dags/example_python_operator.py
[2026-03-28T22:36:38.769+0000] {processor.py:840} INFO - DAG(s) 'example_python_operator' retrieved from /home/airflow/.local/lib/python3.8/site-packages/airflow/example_dags/example_python_operator.py
[2026-03-28T22:36:38.791+0000] {logging_mixin.py:188} INFO - [2026-03-28T22:36:38.791+0000] {dag.py:3036} INFO - Sync 1 DAGs
[2026-03-28T22:36:38.802+0000] {logging_mixin.py:188} INFO - [2026-03-28T22:36:38.801+0000] {dag.py:3823} INFO - Setting next_dagrun for example_python_operator to None, run_after=None
[2026-03-28T22:36:38.824+0000] {processor.py:183} INFO - Processing /home/airflow/.local/lib/python3.8/site-packages/airflow/example_dags/example_python_operator.py took 0.071 seconds
[2026-03-28T22:37:43.539+0000] {processor.py:161} INFO - Started process (PID=94) to work on /home/airflow/.local/lib/python3.8/site-packages/airflow/example_dags/example_python_operator.py
[2026-03-28T22:37:43.541+0000] {processor.py:830} INFO - Processing file /home/airflow/.local/lib/python3.8/site-packages/airflow/example_dags/example_python_operator.py for tasks to queue
[2026-03-28T22:37:43.544+0000] {logging_mixin.py:188} INFO - [2026-03-28T22:37:43.543+0000] {dagbag.py:538} INFO - Filling up the DagBag from /home/airflow/.local/lib/python3.8/site-packages/airflow/example_dags/example_python_operator.py
[2026-03-28T22:37:43.568+0000] {processor.py:840} INFO - DAG(s) 'example_python_operator' retrieved from /home/airflow/.local/lib/python3.8/site-packages/airflow/example_dags/example_python_operator.py
[2026-03-28T22:37:43.589+0000] {logging_mixin.py:188} INFO - [2026-03-28T22:37:43.588+0000] {dag.py:3036} INFO - Sync 1 DAGs
[2026-03-28T22:37:43.614+0000] {logging_mixin.py:188} INFO - [2026-03-28T22:37:43.614+0000] {dag.py:3823} INFO - Setting next_dagrun for example_python_operator to None, run_after=None
[2026-03-28T22:37:43.645+0000] {processor.py:183} INFO - Processing /home/airflow/.local/lib/python3.8/site-packages/airflow/example_dags/example_python_operator.py took 0.111 seconds
[2026-03-28T22:38:15.645+0000] {processor.py:161} INFO - Started process (PID=150) to work on /home/airflow/.local/lib/python3.8/site-packages/airflow/example_dags/example_python_operator.py
[2026-03-28T22:38:15.647+0000] {processor.py:830} INFO - Processing file /home/airflow/.local/lib/python3.8/site-packages/airflow/example_dags/example_python_operator.py for tasks to queue
[2026-03-28T22:38:15.650+0000] {logging_mixin.py:188} INFO - [2026-03-28T22:38:15.650+0000] {dagbag.py:538} INFO - Filling up the DagBag from /home/airflow/.local/lib/python3.8/site-packages/airflow/example_dags/example_python_operator.py
[2026-03-28T22:38:15.663+0000] {processor.py:840} INFO - DAG(s) 'example_python_operator' retrieved from /home/airflow/.local/lib/python3.8/site-packages/airflow/example_dags/example_python_operator.py
[2026-03-28T22:38:15.785+0000] {logging_mixin.py:188} INFO - [2026-03-28T22:38:15.785+0000] {dag.py:3036} INFO - Sync 1 DAGs
[2026-03-28T22:38:15.797+0000] {logging_mixin.py:188} INFO - [2026-03-28T22:38:15.797+0000] {dag.py:3823} INFO - Setting next_dagrun for example_python_operator to None, run_after=None
[2026-03-28T22:38:15.825+0000] {processor.py:183} INFO - Processing /home/airflow/.local/lib/python3.8/site-packages/airflow/example_dags/example_python_operator.py took 0.192 seconds
[2026-03-28T22:38:45.902+0000] {processor.py:161} INFO - Started process (PID=206) to work on /home/airflow/.local/lib/python3.8/site-packages/airflow/example_dags/example_python_operator.py
[2026-03-28T22:38:45.904+0000] {processor.py:830} INFO - Processing file /home/airflow/.local/lib/python3.8/site-packages/airflow/example_dags/example_python_operator.py for tasks to queue
[2026-03-28T22:38:45.906+0000] {logging_mixin.py:188} INFO - [2026-03-28T22:38:45.906+0000] {dagbag.py:538} INFO - Filling up the DagBag from /home/airflow/.local/lib/python3.8/site-packages/airflow/example_dags/example_python_operator.py
[2026-03-28T22:38:45.925+0000] {processor.py:840} INFO - DAG(s) 'example_python_operator' retrieved from /home/airflow/.local/lib/python3.8/site-packages/airflow/example_dags/example_python_operator.py
[2026-03-28T22:38:45.951+0000] {logging_mixin.py:188} INFO - [2026-03-28T22:38:45.951+0000] {dag.py:3036} INFO - Sync 1 DAGs
[2026-03-28T22:38:45.965+0000] {logging_mixin.py:188} INFO - [2026-03-28T22:38:45.965+0000] {dag.py:3823} INFO - Setting next_dagrun for example_python_operator to None, run_after=None
[2026-03-28T22:38:45.991+0000] {processor.py:183} INFO - Processing /home/airflow/.local/lib/python3.8/site-packages/airflow/example_dags/example_python_operator.py took 0.093 seconds
[2026-03-28T22:39:16.059+0000] {processor.py:161} INFO - Started process (PID=262) to work on /home/airflow/.local/lib/python3.8/site-packages/airflow/example_dags/example_python_operator.py
[2026-03-28T22:39:16.060+0000] {processor.py:830} INFO - Processing file /home/airflow/.local/lib/python3.8/site-packages/airflow/example_dags/example_python_operator.py for tasks to queue
[2026-03-28T22:39:16.063+0000] {logging_mixin.py:188} INFO - [2026-03-28T22:39:16.063+0000] {dagbag.py:538} INFO - Filling up the DagBag from /home/airflow/.local/lib/python3.8/site-packages/airflow/example_dags/example_python_operator.py
[2026-03-28T22:39:16.079+0000] {processor.py:840} INFO - DAG(s) 'example_python_operator' retrieved from /home/airflow/.local/lib/python3.8/site-packages/airflow/example_dags/example_python_operator.py
[2026-03-28T22:39:16.117+0000] {logging_mixin.py:188} INFO - [2026-03-28T22:39:16.117+0000] {dag.py:3036} INFO - Sync 1 DAGs
[2026-03-28T22:39:16.131+0000] {logging_mixin.py:188} INFO - [2026-03-28T22:39:16.131+0000] {dag.py:3823} INFO - Setting next_dagrun for example_python_operator to None, run_after=None
[2026-03-28T22:39:16.157+0000] {processor.py:183} INFO - Processing /home/airflow/.local/lib/python3.8/site-packages/airflow/example_dags/example_python_operator.py took 0.102 seconds
[2026-03-28T22:39:46.437+0000] {processor.py:161} INFO - Started process (PID=318) to work on /home/airflow/.local/lib/python3.8/site-packages/airflow/example_dags/example_python_operator.py
[2026-03-28T22:39:46.439+0000] {processor.py:830} INFO - Processing file /home/airflow/.local/lib/python3.8/site-packages/airflow/example_dags/example_python_operator.py for tasks to queue
[2026-03-28T22:39:46.443+0000] {logging_mixin.py:188} INFO - [2026-03-28T22:39:46.442+0000] {dagbag.py:538} INFO - Filling up the DagBag from /home/airflow/.local/lib/python3.8/site-packages/airflow/example_dags/example_python_operator.py
[2026-03-28T22:39:46.465+0000] {processor.py:840} INFO - DAG(s) 'example_python_operator' retrieved from /home/airflow/.local/lib/python3.8/site-packages/airflow/example_dags/example_python_operator.py
[2026-03-28T22:39:46.508+0000] {logging_mixin.py:188} INFO - [2026-03-28T22:39:46.508+0000] {dag.py:3036} INFO - Sync 1 DAGs
[2026-03-28T22:39:46.530+0000] {logging_mixin.py:188} INFO - [2026-03-28T22:39:46.529+0000] {dag.py:3823} INFO - Setting next_dagrun for example_python_operator to None, run_after=None
[2026-03-28T22:39:46.570+0000] {processor.py:183} INFO - Processing /home/airflow/.local/lib/python3.8/site-packages/airflow/example_dags/example_python_operator.py took 0.140 seconds
[2026-03-28T22:40:17.157+0000] {processor.py:161} INFO - Started process (PID=374) to work on /home/airflow/.local/lib/python3.8/site-packages/airflow/example_dags/example_python_operator.py
[2026-03-28T22:40:17.161+0000] {processor.py:830} INFO - Processing file /home/airflow/.local/lib/python3.8/site-packages/airflow/example_dags/example_python_operator.py for tasks to queue
[2026-03-28T22:40:17.165+0000] {logging_mixin.py:188} INFO - [2026-03-28T22:40:17.164+0000] {dagbag.py:538} INFO - Filling up the DagBag from /home/airflow/.local/lib/python3.8/site-packages/airflow/example_dags/example_python_operator.py
[2026-03-28T22:40:17.188+0000] {processor.py:840} INFO - DAG(s) 'example_python_operator' retrieved from /home/airflow/.local/lib/python3.8/site-packages/airflow/example_dags/example_python_operator.py
[2026-03-28T22:40:17.240+0000] {logging_mixin.py:188} INFO - [2026-03-28T22:40:17.240+0000] {dag.py:3036} INFO - Sync 1 DAGs
[2026-03-28T22:40:17.265+0000] {logging_mixin.py:188} INFO - [2026-03-28T22:40:17.264+0000] {dag.py:3823} INFO - Setting next_dagrun for example_python_operator to None, run_after=None
[2026-03-28T22:40:17.299+0000] {processor.py:183} INFO - Processing /home/airflow/.local/lib/python3.8/site-packages/airflow/example_dags/example_python_operator.py took 0.148 seconds
[2026-03-28T22:40:47.898+0000] {processor.py:161} INFO - Started process (PID=430) to work on /home/airflow/.local/lib/python3.8/site-packages/airflow/example_dags/example_python_operator.py
[2026-03-28T22:40:47.901+0000] {processor.py:830} INFO - Processing file /home/airflow/.local/lib/python3.8/site-packages/airflow/example_dags/example_python_operator.py for tasks to queue
[2026-03-28T22:40:47.905+0000] {logging_mixin.py:188} INFO - [2026-03-28T22:40:47.904+0000] {dagbag.py:538} INFO - Filling up the DagBag from /home/airflow/.local/lib/python3.8/site-packages/airflow/example_dags/example_python_operator.py
[2026-03-28T22:40:47.925+0000] {processor.py:840} INFO - DAG(s) 'example_python_operator' retrieved from /home/airflow/.local/lib/python3.8/site-packages/airflow/example_dags/example_python_operator.py
[2026-03-28T22:40:47.962+0000] {logging_mixin.py:188} INFO - [2026-03-28T22:40:47.962+0000] {dag.py:3036} INFO - Sync 1 DAGs
[2026-03-28T22:40:47.996+0000] {logging_mixin.py:188} INFO - [2026-03-28T22:40:47.996+0000] {dag.py:3823} INFO - Setting next_dagrun for example_python_operator to None, run_after=None
[2026-03-28T22:40:48.035+0000] {processor.py:183} INFO - Processing /home/airflow/.local/lib/python3.8/site-packages/airflow/example_dags/example_python_operator.py took 0.146 seconds
[2026-03-28T22:41:18.920+0000] {processor.py:161} INFO - Started process (PID=486) to work on /home/airflow/.local/lib/python3.8/site-packages/airflow/example_dags/example_python_operator.py
[2026-03-28T22:41:18.922+0000] {processor.py:830} INFO - Processing file /home/airflow/.local/lib/python3.8/site-packages/airflow/example_dags/example_python_operator.py for tasks to queue
[2026-03-28T22:41:18.929+0000] {logging_mixin.py:188} INFO - [2026-03-28T22:41:18.928+0000] {dagbag.py:538} INFO - Filling up the DagBag from /home/airflow/.local/lib/python3.8/site-packages/airflow/example_dags/example_python_operator.py
[2026-03-28T22:41:18.961+0000] {processor.py:840} INFO - DAG(s) 'example_python_operator' retrieved from /home/airflow/.local/lib/python3.8/site-packages/airflow/example_dags/example_python_operator.py
[2026-03-28T22:41:18.984+0000] {logging_mixin.py:188} INFO - [2026-03-28T22:41:18.983+0000] {dag.py:3036} INFO - Sync 1 DAGs
[2026-03-28T22:41:19.011+0000] {logging_mixin.py:188} INFO - [2026-03-28T22:41:19.010+0000] {dag.py:3823} INFO - Setting next_dagrun for example_python_operator to None, run_after=None
[2026-03-28T22:41:19.059+0000] {processor.py:183} INFO - Processing /home/airflow/.local/lib/python3.8/site-packages/airflow/example_dags/example_python_operator.py took 0.147 seconds
[2026-03-28T22:41:49.781+0000] {processor.py:161} INFO - Started process (PID=542) to work on /home/airflow/.local/lib/python3.8/site-packages/airflow/example_dags/example_python_operator.py
[2026-03-28T22:41:49.783+0000] {processor.py:830} INFO - Processing file /home/airflow/.local/lib/python3.8/site-packages/airflow/example_dags/example_python_operator.py for tasks to queue
[2026-03-28T22:41:49.788+0000] {logging_mixin.py:188} INFO - [2026-03-28T22:41:49.787+0000] {dagbag.py:538} INFO - Filling up the DagBag from /home/airflow/.local/lib/python3.8/site-packages/airflow/example_dags/example_python_operator.py
[2026-03-28T22:41:49.803+0000] {processor.py:840} INFO - DAG(s) 'example_python_operator' retrieved from /home/airflow/.local/lib/python3.8/site-packages/airflow/example_dags/example_python_operator.py
[2026-03-28T22:41:49.976+0000] {logging_mixin.py:188} INFO - [2026-03-28T22:41:49.975+0000] {dag.py:3036} INFO - Sync 1 DAGs
[2026-03-28T22:41:49.994+0000] {logging_mixin.py:188} INFO - [2026-03-28T22:41:49.994+0000] {dag.py:3823} INFO - Setting next_dagrun for example_python_operator to None, run_after=None
[2026-03-28T22:41:50.030+0000] {processor.py:183} INFO - Processing /home/airflow/.local/lib/python3.8/site-packages/airflow/example_dags/example_python_operator.py took 0.253 seconds
[2026-03-28T22:42:20.303+0000] {processor.py:161} INFO - Started process (PID=598) to work on /home/airflow/.local/lib/python3.8/site-packages/airflow/example_dags/example_python_operator.py
[2026-03-28T22:42:20.305+0000] {processor.py:830} INFO - Processing file /home/airflow/.local/lib/python3.8/site-packages/airflow/example_dags/example_python_operator.py for tasks to queue
[2026-03-28T22:42:20.308+0000] {logging_mixin.py:188} INFO - [2026-03-28T22:42:20.307+0000] {dagbag.py:538} INFO - Filling up the DagBag from /home/airflow/.local/lib/python3.8/site-packages/airflow/example_dags/example_python_operator.py
[2026-03-28T22:42:20.329+0000] {processor.py:840} INFO - DAG(s) 'example_python_operator' retrieved from /home/airflow/.local/lib/python3.8/site-packages/airflow/example_dags/example_python_operator.py
[2026-03-28T22:42:20.364+0000] {logging_mixin.py:188} INFO - [2026-03-28T22:42:20.364+0000] {dag.py:3036} INFO - Sync 1 DAGs
[2026-03-28T22:42:20.381+0000] {logging_mixin.py:188} INFO - [2026-03-28T22:42:20.381+0000] {dag.py:3823} INFO - Setting next_dagrun for example_python_operator to None, run_after=None
[2026-03-28T22:42:20.412+0000] {processor.py:183} INFO - Processing /home/airflow/.local/lib/python3.8/site-packages/airflow/example_dags/example_python_operator.py took 0.117 seconds
[2026-03-28T22:42:50.865+0000] {processor.py:161} INFO - Started process (PID=654) to work on /home/airflow/.local/lib/python3.8/site-packages/airflow/example_dags/example_python_operator.py
[2026-03-28T22:42:50.866+0000] {processor.py:830} INFO - Processing file /home/airflow/.local/lib/python3.8/site-packages/airflow/example_dags/example_python_operator.py for tasks to queue
[2026-03-28T22:42:50.868+0000] {logging_mixin.py:188} INFO - [2026-03-28T22:42:50.868+0000] {dagbag.py:538} INFO - Filling up the DagBag from /home/airflow/.local/lib/python3.8/site-packages/airflow/example_dags/example_python_operator.py
[2026-03-28T22:42:50.883+0000] {processor.py:840} INFO - DAG(s) 'example_python_operator' retrieved from /home/airflow/.local/lib/python3.8/site-packages/airflow/example_dags/example_python_operator.py
[2026-03-28T22:42:50.915+0000] {logging_mixin.py:188} INFO - [2026-03-28T22:42:50.914+0000] {dag.py:3036} INFO - Sync 1 DAGs
[2026-03-28T22:42:50.933+0000] {logging_mixin.py:188} INFO - [2026-03-28T22:42:50.932+0000] {dag.py:3823} INFO - Setting next_dagrun for example_python_operator to None, run_after=None
[2026-03-28T22:42:51.002+0000] {processor.py:183} INFO - Processing /home/airflow/.local/lib/python3.8/site-packages/airflow/example_dags/example_python_operator.py took 0.141 seconds
[2026-03-28T22:43:21.612+0000] {processor.py:161} INFO - Started process (PID=709) to work on /home/airflow/.local/lib/python3.8/site-packages/airflow/example_dags/example_python_operator.py
[2026-03-28T22:43:21.613+0000] {processor.py:830} INFO - Processing file /home/airflow/.local/lib/python3.8/site-packages/airflow/example_dags/example_python_operator.py for tasks to queue
[2026-03-28T22:43:21.616+0000] {logging_mixin.py:188} INFO - [2026-03-28T22:43:21.616+0000] {dagbag.py:538} INFO - Filling up the DagBag from /home/airflow/.local/lib/python3.8/site-packages/airflow/example_dags/example_python_operator.py
[2026-03-28T22:43:21.626+0000] {processor.py:840} INFO - DAG(s) 'example_python_operator' retrieved from /home/airflow/.local/lib/python3.8/site-packages/airflow/example_dags/example_python_operator.py
[2026-03-28T22:43:21.651+0000] {logging_mixin.py:188} INFO - [2026-03-28T22:43:21.651+0000] {dag.py:3036} INFO - Sync 1 DAGs
[2026-03-28T22:43:21.664+0000] {logging_mixin.py:188} INFO - [2026-03-28T22:43:21.663+0000] {dag.py:3823} INFO - Setting next_dagrun for example_python_operator to None, run_after=None
[2026-03-28T22:43:21.687+0000] {processor.py:183} INFO - Processing /home/airflow/.local/lib/python3.8/site-packages/airflow/example_dags/example_python_operator.py took 0.079 seconds
[2026-03-28T22:43:51.975+0000] {processor.py:161} INFO - Started process (PID=765) to work on /home/airflow/.local/lib/python3.8/site-packages/airflow/example_dags/example_python_operator.py
[2026-03-28T22:43:51.976+0000] {processor.py:830} INFO - Processing file /home/airflow/.local/lib/python3.8/site-packages/airflow/example_dags/example_python_operator.py for tasks to queue
[2026-03-28T22:43:51.979+0000] {logging_mixin.py:188} INFO - [2026-03-28T22:43:51.978+0000] {dagbag.py:538} INFO - Filling up the DagBag from /home/airflow/.local/lib/python3.8/site-packages/airflow/example_dags/example_python_operator.py
[2026-03-28T22:43:51.989+0000] {processor.py:840} INFO - DAG(s) 'example_python_operator' retrieved from /home/airflow/.local/lib/python3.8/site-packages/airflow/example_dags/example_python_operator.py
[2026-03-28T22:43:52.013+0000] {logging_mixin.py:188} INFO - [2026-03-28T22:43:52.013+0000] {dag.py:3036} INFO - Sync 1 DAGs
[2026-03-28T22:43:52.026+0000] {logging_mixin.py:188} INFO - [2026-03-28T22:43:52.025+0000] {dag.py:3823} INFO - Setting next_dagrun for example_python_operator to None, run_after=None
[2026-03-28T22:43:52.044+0000] {processor.py:183} INFO - Processing /home/airflow/.local/lib/python3.8/site-packages/airflow/example_dags/example_python_operator.py took 0.073 seconds
[2026-03-28T22:44:22.545+0000] {processor.py:161} INFO - Started process (PID=822) to work on /home/airflow/.local/lib/python3.8/site-packages/airflow/example_dags/example_python_operator.py
[2026-03-28T22:44:22.546+0000] {processor.py:830} INFO - Processing file /home/airflow/.local/lib/python3.8/site-packages/airflow/example_dags/example_python_operator.py for tasks to queue
[2026-03-28T22:44:22.548+0000] {logging_mixin.py:188} INFO - [2026-03-28T22:44:22.548+0000] {dagbag.py:538} INFO - Filling up the DagBag from /home/airflow/.local/lib/python3.8/site-packages/airflow/example_dags/example_python_operator.py
[2026-03-28T22:44:22.557+0000] {processor.py:840} INFO - DAG(s) 'example_python_operator' retrieved from /home/airflow/.local/lib/python3.8/site-packages/airflow/example_dags/example_python_operator.py
[2026-03-28T22:44:22.581+0000] {logging_mixin.py:188} INFO - [2026-03-28T22:44:22.580+0000] {dag.py:3036} INFO - Sync 1 DAGs
[2026-03-28T22:44:22.592+0000] {logging_mixin.py:188} INFO - [2026-03-28T22:44:22.592+0000] {dag.py:3823} INFO - Setting next_dagrun for example_python_operator to None, run_after=None
[2026-03-28T22:44:22.617+0000] {processor.py:183} INFO - Processing /home/airflow/.local/lib/python3.8/site-packages/airflow/example_dags/example_python_operator.py took 0.076 seconds
[2026-03-28T22:44:52.649+0000] {processor.py:161} INFO - Started process (PID=878) to work on /home/airflow/.local/lib/python3.8/site-packages/airflow/example_dags/example_python_operator.py
[2026-03-28T22:44:52.650+0000] {processor.py:830} INFO - Processing file /home/airflow/.local/lib/python3.8/site-packages/airflow/example_dags/example_python_operator.py for tasks to queue
[2026-03-28T22:44:52.652+0000] {logging_mixin.py:188} INFO - [2026-03-28T22:44:52.651+0000] {dagbag.py:538} INFO - Filling up the DagBag from /home/airflow/.local/lib/python3.8/site-packages/airflow/example_dags/example_python_operator.py
[2026-03-28T22:44:52.662+0000] {processor.py:840} INFO - DAG(s) 'example_python_operator' retrieved from /home/airflow/.local/lib/python3.8/site-packages/airflow/example_dags/example_python_operator.py
[2026-03-28T22:44:52.686+0000] {logging_mixin.py:188} INFO - [2026-03-28T22:44:52.686+0000] {dag.py:3036} INFO - Sync 1 DAGs
[2026-03-28T22:44:52.698+0000] {logging_mixin.py:188} INFO - [2026-03-28T22:44:52.697+0000] {dag.py:3823} INFO - Setting next_dagrun for example_python_operator to None, run_after=None
[2026-03-28T22:44:52.719+0000] {processor.py:183} INFO - Processing /home/airflow/.local/lib/python3.8/site-packages/airflow/example_dags/example_python_operator.py took 0.075 seconds
[2026-03-28T22:45:23.451+0000] {processor.py:161} INFO - Started process (PID=934) to work on /home/airflow/.local/lib/python3.8/site-packages/airflow/example_dags/example_python_operator.py
[2026-03-28T22:45:23.453+0000] {processor.py:830} INFO - Processing file /home/airflow/.local/lib/python3.8/site-packages/airflow/example_dags/example_python_operator.py for tasks to queue
[2026-03-28T22:45:23.455+0000] {logging_mixin.py:188} INFO - [2026-03-28T22:45:23.455+0000] {dagbag.py:538} INFO - Filling up the DagBag from /home/airflow/.local/lib/python3.8/site-packages/airflow/example_dags/example_python_operator.py
[2026-03-28T22:45:23.470+0000] {processor.py:840} INFO - DAG(s) 'example_python_operator' retrieved from /home/airflow/.local/lib/python3.8/site-packages/airflow/example_dags/example_python_operator.py
[2026-03-28T22:45:23.497+0000] {logging_mixin.py:188} INFO - [2026-03-28T22:45:23.496+0000] {dag.py:3036} INFO - Sync 1 DAGs
[2026-03-28T22:45:23.511+0000] {logging_mixin.py:188} INFO - [2026-03-28T22:45:23.510+0000] {dag.py:3823} INFO - Setting next_dagrun for example_python_operator to None, run_after=None
[2026-03-28T22:45:23.540+0000] {processor.py:183} INFO - Processing /home/airflow/.local/lib/python3.8/site-packages/airflow/example_dags/example_python_operator.py took 0.092 seconds
[2026-03-28T22:45:54.054+0000] {processor.py:161} INFO - Started process (PID=990) to work on /home/airflow/.local/lib/python3.8/site-packages/airflow/example_dags/example_python_operator.py
[2026-03-28T22:45:54.056+0000] {processor.py:830} INFO - Processing file /home/airflow/.local/lib/python3.8/site-packages/airflow/example_dags/example_python_operator.py for tasks to queue
[2026-03-28T22:45:54.059+0000] {logging_mixin.py:188} INFO - [2026-03-28T22:45:54.059+0000] {dagbag.py:538} INFO - Filling up the DagBag from /home/airflow/.local/lib/python3.8/site-packages/airflow/example_dags/example_python_operator.py
[2026-03-28T22:45:54.074+0000] {processor.py:840} INFO - DAG(s) 'example_python_operator' retrieved from /home/airflow/.local/lib/python3.8/site-packages/airflow/example_dags/example_python_operator.py
[2026-03-28T22:45:54.102+0000] {logging_mixin.py:188} INFO - [2026-03-28T22:45:54.101+0000] {dag.py:3036} INFO - Sync 1 DAGs
[2026-03-28T22:45:54.116+0000] {logging_mixin.py:188} INFO - [2026-03-28T22:45:54.115+0000] {dag.py:3823} INFO - Setting next_dagrun for example_python_operator to None, run_after=None
[2026-03-28T22:45:54.141+0000] {processor.py:183} INFO - Processing /home/airflow/.local/lib/python3.8/site-packages/airflow/example_dags/example_python_operator.py took 0.090 seconds
[2026-03-28T22:46:41.902+0000] {processor.py:161} INFO - Started process (PID=1045) to work on /home/airflow/.local/lib/python3.8/site-packages/airflow/example_dags/example_python_operator.py
[2026-03-28T22:46:41.907+0000] {processor.py:830} INFO - Processing file /home/airflow/.local/lib/python3.8/site-packages/airflow/example_dags/example_python_operator.py for tasks to queue
[2026-03-28T22:46:41.916+0000] {logging_mixin.py:188} INFO - [2026-03-28T22:46:41.916+0000] {dagbag.py:538} INFO - Filling up the DagBag from /home/airflow/.local/lib/python3.8/site-packages/airflow/example_dags/example_python_operator.py
[2026-03-28T22:46:41.961+0000] {processor.py:840} INFO - DAG(s) 'example_python_operator' retrieved from /home/airflow/.local/lib/python3.8/site-packages/airflow/example_dags/example_python_operator.py
[2026-03-28T22:46:42.036+0000] {logging_mixin.py:188} INFO - [2026-03-28T22:46:42.036+0000] {dag.py:3036} INFO - Sync 1 DAGs
[2026-03-28T22:46:42.082+0000] {logging_mixin.py:188} INFO - [2026-03-28T22:46:42.082+0000] {dag.py:3823} INFO - Setting next_dagrun for example_python_operator to None, run_after=None
[2026-03-28T22:46:42.150+0000] {processor.py:183} INFO - Processing /home/airflow/.local/lib/python3.8/site-packages/airflow/example_dags/example_python_operator.py took 0.254 seconds
