[2026-03-28T22:09:44.075+0000] {processor.py:161} INFO - Started process (PID=100) to work on /home/airflow/.local/lib/python3.8/site-packages/airflow/example_dags/example_task_group.py
[2026-03-28T22:09:44.077+0000] {processor.py:830} INFO - Processing file /home/airflow/.local/lib/python3.8/site-packages/airflow/example_dags/example_task_group.py for tasks to queue
[2026-03-28T22:09:44.079+0000] {logging_mixin.py:188} INFO - [2026-03-28T22:09:44.079+0000] {dagbag.py:538} INFO - Filling up the DagBag from /home/airflow/.local/lib/python3.8/site-packages/airflow/example_dags/example_task_group.py
[2026-03-28T22:09:44.090+0000] {processor.py:840} INFO - DAG(s) 'example_task_group' retrieved from /home/airflow/.local/lib/python3.8/site-packages/airflow/example_dags/example_task_group.py
[2026-03-28T22:09:44.203+0000] {logging_mixin.py:188} INFO - [2026-03-28T22:09:44.202+0000] {override.py:1769} INFO - Created Permission View: can edit on DAG:example_task_group
[2026-03-28T22:09:44.219+0000] {logging_mixin.py:188} INFO - [2026-03-28T22:09:44.218+0000] {override.py:1769} INFO - Created Permission View: can delete on DAG:example_task_group
[2026-03-28T22:09:44.229+0000] {logging_mixin.py:188} INFO - [2026-03-28T22:09:44.229+0000] {override.py:1769} INFO - Created Permission View: can read on DAG:example_task_group
[2026-03-28T22:09:44.230+0000] {logging_mixin.py:188} INFO - [2026-03-28T22:09:44.230+0000] {dag.py:3036} INFO - Sync 1 DAGs
[2026-03-28T22:09:44.245+0000] {logging_mixin.py:188} INFO - [2026-03-28T22:09:44.245+0000] {dag.py:3058} INFO - Creating ORM DAG for example_task_group
[2026-03-28T22:09:44.259+0000] {logging_mixin.py:188} INFO - [2026-03-28T22:09:44.259+0000] {dag.py:3823} INFO - Setting next_dagrun for example_task_group to 2026-03-27 00:00:00+00:00, run_after=2026-03-28 00:00:00+00:00
[2026-03-28T22:09:44.285+0000] {processor.py:183} INFO - Processing /home/airflow/.local/lib/python3.8/site-packages/airflow/example_dags/example_task_group.py took 0.214 seconds
[2026-03-28T22:10:14.371+0000] {processor.py:161} INFO - Started process (PID=156) to work on /home/airflow/.local/lib/python3.8/site-packages/airflow/example_dags/example_task_group.py
[2026-03-28T22:10:14.373+0000] {processor.py:830} INFO - Processing file /home/airflow/.local/lib/python3.8/site-packages/airflow/example_dags/example_task_group.py for tasks to queue
[2026-03-28T22:10:14.375+0000] {logging_mixin.py:188} INFO - [2026-03-28T22:10:14.375+0000] {dagbag.py:538} INFO - Filling up the DagBag from /home/airflow/.local/lib/python3.8/site-packages/airflow/example_dags/example_task_group.py
[2026-03-28T22:10:14.382+0000] {processor.py:840} INFO - DAG(s) 'example_task_group' retrieved from /home/airflow/.local/lib/python3.8/site-packages/airflow/example_dags/example_task_group.py
[2026-03-28T22:10:14.404+0000] {logging_mixin.py:188} INFO - [2026-03-28T22:10:14.403+0000] {dag.py:3036} INFO - Sync 1 DAGs
[2026-03-28T22:10:14.423+0000] {logging_mixin.py:188} INFO - [2026-03-28T22:10:14.423+0000] {dag.py:3823} INFO - Setting next_dagrun for example_task_group to 2026-03-27 00:00:00+00:00, run_after=2026-03-28 00:00:00+00:00
[2026-03-28T22:10:14.442+0000] {processor.py:183} INFO - Processing /home/airflow/.local/lib/python3.8/site-packages/airflow/example_dags/example_task_group.py took 0.075 seconds
[2026-03-28T22:10:45.090+0000] {processor.py:161} INFO - Started process (PID=212) to work on /home/airflow/.local/lib/python3.8/site-packages/airflow/example_dags/example_task_group.py
[2026-03-28T22:10:45.092+0000] {processor.py:830} INFO - Processing file /home/airflow/.local/lib/python3.8/site-packages/airflow/example_dags/example_task_group.py for tasks to queue
[2026-03-28T22:10:45.094+0000] {logging_mixin.py:188} INFO - [2026-03-28T22:10:45.094+0000] {dagbag.py:538} INFO - Filling up the DagBag from /home/airflow/.local/lib/python3.8/site-packages/airflow/example_dags/example_task_group.py
[2026-03-28T22:10:45.102+0000] {processor.py:840} INFO - DAG(s) 'example_task_group' retrieved from /home/airflow/.local/lib/python3.8/site-packages/airflow/example_dags/example_task_group.py
[2026-03-28T22:10:45.126+0000] {logging_mixin.py:188} INFO - [2026-03-28T22:10:45.126+0000] {dag.py:3036} INFO - Sync 1 DAGs
[2026-03-28T22:10:45.156+0000] {logging_mixin.py:188} INFO - [2026-03-28T22:10:45.155+0000] {dag.py:3823} INFO - Setting next_dagrun for example_task_group to 2026-03-27 00:00:00+00:00, run_after=2026-03-28 00:00:00+00:00
[2026-03-28T22:10:45.177+0000] {processor.py:183} INFO - Processing /home/airflow/.local/lib/python3.8/site-packages/airflow/example_dags/example_task_group.py took 0.090 seconds
[2026-03-28T22:11:15.363+0000] {processor.py:161} INFO - Started process (PID=268) to work on /home/airflow/.local/lib/python3.8/site-packages/airflow/example_dags/example_task_group.py
[2026-03-28T22:11:15.365+0000] {processor.py:830} INFO - Processing file /home/airflow/.local/lib/python3.8/site-packages/airflow/example_dags/example_task_group.py for tasks to queue
[2026-03-28T22:11:15.368+0000] {logging_mixin.py:188} INFO - [2026-03-28T22:11:15.367+0000] {dagbag.py:538} INFO - Filling up the DagBag from /home/airflow/.local/lib/python3.8/site-packages/airflow/example_dags/example_task_group.py
[2026-03-28T22:11:15.376+0000] {processor.py:840} INFO - DAG(s) 'example_task_group' retrieved from /home/airflow/.local/lib/python3.8/site-packages/airflow/example_dags/example_task_group.py
[2026-03-28T22:11:15.400+0000] {logging_mixin.py:188} INFO - [2026-03-28T22:11:15.400+0000] {dag.py:3036} INFO - Sync 1 DAGs
[2026-03-28T22:11:15.424+0000] {logging_mixin.py:188} INFO - [2026-03-28T22:11:15.424+0000] {dag.py:3823} INFO - Setting next_dagrun for example_task_group to 2026-03-27 00:00:00+00:00, run_after=2026-03-28 00:00:00+00:00
[2026-03-28T22:11:15.448+0000] {processor.py:183} INFO - Processing /home/airflow/.local/lib/python3.8/site-packages/airflow/example_dags/example_task_group.py took 0.089 seconds
[2026-03-28T22:11:45.529+0000] {processor.py:161} INFO - Started process (PID=324) to work on /home/airflow/.local/lib/python3.8/site-packages/airflow/example_dags/example_task_group.py
[2026-03-28T22:11:45.534+0000] {processor.py:830} INFO - Processing file /home/airflow/.local/lib/python3.8/site-packages/airflow/example_dags/example_task_group.py for tasks to queue
[2026-03-28T22:11:45.536+0000] {logging_mixin.py:188} INFO - [2026-03-28T22:11:45.536+0000] {dagbag.py:538} INFO - Filling up the DagBag from /home/airflow/.local/lib/python3.8/site-packages/airflow/example_dags/example_task_group.py
[2026-03-28T22:11:45.544+0000] {processor.py:840} INFO - DAG(s) 'example_task_group' retrieved from /home/airflow/.local/lib/python3.8/site-packages/airflow/example_dags/example_task_group.py
[2026-03-28T22:11:45.569+0000] {logging_mixin.py:188} INFO - [2026-03-28T22:11:45.569+0000] {dag.py:3036} INFO - Sync 1 DAGs
[2026-03-28T22:11:45.596+0000] {logging_mixin.py:188} INFO - [2026-03-28T22:11:45.595+0000] {dag.py:3823} INFO - Setting next_dagrun for example_task_group to 2026-03-27 00:00:00+00:00, run_after=2026-03-28 00:00:00+00:00
[2026-03-28T22:11:45.619+0000] {processor.py:183} INFO - Processing /home/airflow/.local/lib/python3.8/site-packages/airflow/example_dags/example_task_group.py took 0.093 seconds
[2026-03-28T22:12:15.721+0000] {processor.py:161} INFO - Started process (PID=380) to work on /home/airflow/.local/lib/python3.8/site-packages/airflow/example_dags/example_task_group.py
[2026-03-28T22:12:15.723+0000] {processor.py:830} INFO - Processing file /home/airflow/.local/lib/python3.8/site-packages/airflow/example_dags/example_task_group.py for tasks to queue
[2026-03-28T22:12:15.725+0000] {logging_mixin.py:188} INFO - [2026-03-28T22:12:15.725+0000] {dagbag.py:538} INFO - Filling up the DagBag from /home/airflow/.local/lib/python3.8/site-packages/airflow/example_dags/example_task_group.py
[2026-03-28T22:12:15.735+0000] {processor.py:840} INFO - DAG(s) 'example_task_group' retrieved from /home/airflow/.local/lib/python3.8/site-packages/airflow/example_dags/example_task_group.py
[2026-03-28T22:12:15.761+0000] {logging_mixin.py:188} INFO - [2026-03-28T22:12:15.760+0000] {dag.py:3036} INFO - Sync 1 DAGs
[2026-03-28T22:12:15.792+0000] {logging_mixin.py:188} INFO - [2026-03-28T22:12:15.792+0000] {dag.py:3823} INFO - Setting next_dagrun for example_task_group to 2026-03-27 00:00:00+00:00, run_after=2026-03-28 00:00:00+00:00
[2026-03-28T22:12:15.814+0000] {processor.py:183} INFO - Processing /home/airflow/.local/lib/python3.8/site-packages/airflow/example_dags/example_task_group.py took 0.097 seconds
[2026-03-28T22:12:46.117+0000] {processor.py:161} INFO - Started process (PID=436) to work on /home/airflow/.local/lib/python3.8/site-packages/airflow/example_dags/example_task_group.py
[2026-03-28T22:12:46.119+0000] {processor.py:830} INFO - Processing file /home/airflow/.local/lib/python3.8/site-packages/airflow/example_dags/example_task_group.py for tasks to queue
[2026-03-28T22:12:46.121+0000] {logging_mixin.py:188} INFO - [2026-03-28T22:12:46.121+0000] {dagbag.py:538} INFO - Filling up the DagBag from /home/airflow/.local/lib/python3.8/site-packages/airflow/example_dags/example_task_group.py
[2026-03-28T22:12:46.128+0000] {processor.py:840} INFO - DAG(s) 'example_task_group' retrieved from /home/airflow/.local/lib/python3.8/site-packages/airflow/example_dags/example_task_group.py
[2026-03-28T22:12:46.153+0000] {logging_mixin.py:188} INFO - [2026-03-28T22:12:46.152+0000] {dag.py:3036} INFO - Sync 1 DAGs
[2026-03-28T22:12:46.177+0000] {logging_mixin.py:188} INFO - [2026-03-28T22:12:46.177+0000] {dag.py:3823} INFO - Setting next_dagrun for example_task_group to 2026-03-27 00:00:00+00:00, run_after=2026-03-28 00:00:00+00:00
[2026-03-28T22:12:46.200+0000] {processor.py:183} INFO - Processing /home/airflow/.local/lib/python3.8/site-packages/airflow/example_dags/example_task_group.py took 0.086 seconds
[2026-03-28T22:13:16.342+0000] {processor.py:161} INFO - Started process (PID=492) to work on /home/airflow/.local/lib/python3.8/site-packages/airflow/example_dags/example_task_group.py
[2026-03-28T22:13:16.343+0000] {processor.py:830} INFO - Processing file /home/airflow/.local/lib/python3.8/site-packages/airflow/example_dags/example_task_group.py for tasks to queue
[2026-03-28T22:13:16.345+0000] {logging_mixin.py:188} INFO - [2026-03-28T22:13:16.345+0000] {dagbag.py:538} INFO - Filling up the DagBag from /home/airflow/.local/lib/python3.8/site-packages/airflow/example_dags/example_task_group.py
[2026-03-28T22:13:16.353+0000] {processor.py:840} INFO - DAG(s) 'example_task_group' retrieved from /home/airflow/.local/lib/python3.8/site-packages/airflow/example_dags/example_task_group.py
[2026-03-28T22:13:16.377+0000] {logging_mixin.py:188} INFO - [2026-03-28T22:13:16.377+0000] {dag.py:3036} INFO - Sync 1 DAGs
[2026-03-28T22:13:16.404+0000] {logging_mixin.py:188} INFO - [2026-03-28T22:13:16.403+0000] {dag.py:3823} INFO - Setting next_dagrun for example_task_group to 2026-03-27 00:00:00+00:00, run_after=2026-03-28 00:00:00+00:00
[2026-03-28T22:13:16.424+0000] {processor.py:183} INFO - Processing /home/airflow/.local/lib/python3.8/site-packages/airflow/example_dags/example_task_group.py took 0.086 seconds
[2026-03-28T22:14:08.529+0000] {processor.py:161} INFO - Started process (PID=98) to work on /home/airflow/.local/lib/python3.8/site-packages/airflow/example_dags/example_task_group.py
[2026-03-28T22:14:08.530+0000] {processor.py:830} INFO - Processing file /home/airflow/.local/lib/python3.8/site-packages/airflow/example_dags/example_task_group.py for tasks to queue
[2026-03-28T22:14:08.533+0000] {logging_mixin.py:188} INFO - [2026-03-28T22:14:08.532+0000] {dagbag.py:538} INFO - Filling up the DagBag from /home/airflow/.local/lib/python3.8/site-packages/airflow/example_dags/example_task_group.py
[2026-03-28T22:14:08.545+0000] {processor.py:840} INFO - DAG(s) 'example_task_group' retrieved from /home/airflow/.local/lib/python3.8/site-packages/airflow/example_dags/example_task_group.py
[2026-03-28T22:14:08.561+0000] {logging_mixin.py:188} INFO - [2026-03-28T22:14:08.561+0000] {dag.py:3036} INFO - Sync 1 DAGs
[2026-03-28T22:14:08.585+0000] {logging_mixin.py:188} INFO - [2026-03-28T22:14:08.585+0000] {dag.py:3823} INFO - Setting next_dagrun for example_task_group to 2026-03-27 00:00:00+00:00, run_after=2026-03-28 00:00:00+00:00
[2026-03-28T22:14:08.607+0000] {processor.py:183} INFO - Processing /home/airflow/.local/lib/python3.8/site-packages/airflow/example_dags/example_task_group.py took 0.082 seconds
[2026-03-28T22:14:38.971+0000] {processor.py:161} INFO - Started process (PID=154) to work on /home/airflow/.local/lib/python3.8/site-packages/airflow/example_dags/example_task_group.py
[2026-03-28T22:14:38.972+0000] {processor.py:830} INFO - Processing file /home/airflow/.local/lib/python3.8/site-packages/airflow/example_dags/example_task_group.py for tasks to queue
[2026-03-28T22:14:38.974+0000] {logging_mixin.py:188} INFO - [2026-03-28T22:14:38.974+0000] {dagbag.py:538} INFO - Filling up the DagBag from /home/airflow/.local/lib/python3.8/site-packages/airflow/example_dags/example_task_group.py
[2026-03-28T22:14:38.981+0000] {processor.py:840} INFO - DAG(s) 'example_task_group' retrieved from /home/airflow/.local/lib/python3.8/site-packages/airflow/example_dags/example_task_group.py
[2026-03-28T22:14:39.070+0000] {logging_mixin.py:188} INFO - [2026-03-28T22:14:39.070+0000] {dag.py:3036} INFO - Sync 1 DAGs
[2026-03-28T22:14:39.091+0000] {logging_mixin.py:188} INFO - [2026-03-28T22:14:39.091+0000] {dag.py:3823} INFO - Setting next_dagrun for example_task_group to 2026-03-27 00:00:00+00:00, run_after=2026-03-28 00:00:00+00:00
[2026-03-28T22:14:39.114+0000] {processor.py:183} INFO - Processing /home/airflow/.local/lib/python3.8/site-packages/airflow/example_dags/example_task_group.py took 0.146 seconds
[2026-03-28T22:15:09.296+0000] {processor.py:161} INFO - Started process (PID=210) to work on /home/airflow/.local/lib/python3.8/site-packages/airflow/example_dags/example_task_group.py
[2026-03-28T22:15:09.297+0000] {processor.py:830} INFO - Processing file /home/airflow/.local/lib/python3.8/site-packages/airflow/example_dags/example_task_group.py for tasks to queue
[2026-03-28T22:15:09.299+0000] {logging_mixin.py:188} INFO - [2026-03-28T22:15:09.299+0000] {dagbag.py:538} INFO - Filling up the DagBag from /home/airflow/.local/lib/python3.8/site-packages/airflow/example_dags/example_task_group.py
[2026-03-28T22:15:09.307+0000] {processor.py:840} INFO - DAG(s) 'example_task_group' retrieved from /home/airflow/.local/lib/python3.8/site-packages/airflow/example_dags/example_task_group.py
[2026-03-28T22:15:09.328+0000] {logging_mixin.py:188} INFO - [2026-03-28T22:15:09.328+0000] {dag.py:3036} INFO - Sync 1 DAGs
[2026-03-28T22:15:09.348+0000] {logging_mixin.py:188} INFO - [2026-03-28T22:15:09.348+0000] {dag.py:3823} INFO - Setting next_dagrun for example_task_group to 2026-03-27 00:00:00+00:00, run_after=2026-03-28 00:00:00+00:00
[2026-03-28T22:15:09.479+0000] {processor.py:183} INFO - Processing /home/airflow/.local/lib/python3.8/site-packages/airflow/example_dags/example_task_group.py took 0.187 seconds
[2026-03-28T22:15:39.730+0000] {processor.py:161} INFO - Started process (PID=266) to work on /home/airflow/.local/lib/python3.8/site-packages/airflow/example_dags/example_task_group.py
[2026-03-28T22:15:39.731+0000] {processor.py:830} INFO - Processing file /home/airflow/.local/lib/python3.8/site-packages/airflow/example_dags/example_task_group.py for tasks to queue
[2026-03-28T22:15:39.733+0000] {logging_mixin.py:188} INFO - [2026-03-28T22:15:39.733+0000] {dagbag.py:538} INFO - Filling up the DagBag from /home/airflow/.local/lib/python3.8/site-packages/airflow/example_dags/example_task_group.py
[2026-03-28T22:15:39.740+0000] {processor.py:840} INFO - DAG(s) 'example_task_group' retrieved from /home/airflow/.local/lib/python3.8/site-packages/airflow/example_dags/example_task_group.py
[2026-03-28T22:15:39.763+0000] {logging_mixin.py:188} INFO - [2026-03-28T22:15:39.763+0000] {dag.py:3036} INFO - Sync 1 DAGs
[2026-03-28T22:15:39.783+0000] {logging_mixin.py:188} INFO - [2026-03-28T22:15:39.783+0000] {dag.py:3823} INFO - Setting next_dagrun for example_task_group to 2026-03-27 00:00:00+00:00, run_after=2026-03-28 00:00:00+00:00
[2026-03-28T22:15:39.805+0000] {processor.py:183} INFO - Processing /home/airflow/.local/lib/python3.8/site-packages/airflow/example_dags/example_task_group.py took 0.079 seconds
[2026-03-28T22:16:09.899+0000] {processor.py:161} INFO - Started process (PID=322) to work on /home/airflow/.local/lib/python3.8/site-packages/airflow/example_dags/example_task_group.py
[2026-03-28T22:16:09.900+0000] {processor.py:830} INFO - Processing file /home/airflow/.local/lib/python3.8/site-packages/airflow/example_dags/example_task_group.py for tasks to queue
[2026-03-28T22:16:09.902+0000] {logging_mixin.py:188} INFO - [2026-03-28T22:16:09.902+0000] {dagbag.py:538} INFO - Filling up the DagBag from /home/airflow/.local/lib/python3.8/site-packages/airflow/example_dags/example_task_group.py
[2026-03-28T22:16:09.910+0000] {processor.py:840} INFO - DAG(s) 'example_task_group' retrieved from /home/airflow/.local/lib/python3.8/site-packages/airflow/example_dags/example_task_group.py
[2026-03-28T22:16:09.935+0000] {logging_mixin.py:188} INFO - [2026-03-28T22:16:09.935+0000] {dag.py:3036} INFO - Sync 1 DAGs
[2026-03-28T22:16:09.960+0000] {logging_mixin.py:188} INFO - [2026-03-28T22:16:09.959+0000] {dag.py:3823} INFO - Setting next_dagrun for example_task_group to 2026-03-27 00:00:00+00:00, run_after=2026-03-28 00:00:00+00:00
[2026-03-28T22:16:09.979+0000] {processor.py:183} INFO - Processing /home/airflow/.local/lib/python3.8/site-packages/airflow/example_dags/example_task_group.py took 0.085 seconds
[2026-03-28T22:16:40.272+0000] {processor.py:161} INFO - Started process (PID=378) to work on /home/airflow/.local/lib/python3.8/site-packages/airflow/example_dags/example_task_group.py
[2026-03-28T22:16:40.273+0000] {processor.py:830} INFO - Processing file /home/airflow/.local/lib/python3.8/site-packages/airflow/example_dags/example_task_group.py for tasks to queue
[2026-03-28T22:16:40.276+0000] {logging_mixin.py:188} INFO - [2026-03-28T22:16:40.275+0000] {dagbag.py:538} INFO - Filling up the DagBag from /home/airflow/.local/lib/python3.8/site-packages/airflow/example_dags/example_task_group.py
[2026-03-28T22:16:40.286+0000] {processor.py:840} INFO - DAG(s) 'example_task_group' retrieved from /home/airflow/.local/lib/python3.8/site-packages/airflow/example_dags/example_task_group.py
[2026-03-28T22:16:40.310+0000] {logging_mixin.py:188} INFO - [2026-03-28T22:16:40.310+0000] {dag.py:3036} INFO - Sync 1 DAGs
[2026-03-28T22:16:40.332+0000] {logging_mixin.py:188} INFO - [2026-03-28T22:16:40.332+0000] {dag.py:3823} INFO - Setting next_dagrun for example_task_group to 2026-03-27 00:00:00+00:00, run_after=2026-03-28 00:00:00+00:00
[2026-03-28T22:16:40.351+0000] {processor.py:183} INFO - Processing /home/airflow/.local/lib/python3.8/site-packages/airflow/example_dags/example_task_group.py took 0.084 seconds
[2026-03-28T22:17:11.394+0000] {processor.py:161} INFO - Started process (PID=434) to work on /home/airflow/.local/lib/python3.8/site-packages/airflow/example_dags/example_task_group.py
[2026-03-28T22:17:11.395+0000] {processor.py:830} INFO - Processing file /home/airflow/.local/lib/python3.8/site-packages/airflow/example_dags/example_task_group.py for tasks to queue
[2026-03-28T22:17:11.397+0000] {logging_mixin.py:188} INFO - [2026-03-28T22:17:11.397+0000] {dagbag.py:538} INFO - Filling up the DagBag from /home/airflow/.local/lib/python3.8/site-packages/airflow/example_dags/example_task_group.py
[2026-03-28T22:17:11.404+0000] {processor.py:840} INFO - DAG(s) 'example_task_group' retrieved from /home/airflow/.local/lib/python3.8/site-packages/airflow/example_dags/example_task_group.py
[2026-03-28T22:17:11.427+0000] {logging_mixin.py:188} INFO - [2026-03-28T22:17:11.426+0000] {dag.py:3036} INFO - Sync 1 DAGs
[2026-03-28T22:17:11.446+0000] {logging_mixin.py:188} INFO - [2026-03-28T22:17:11.445+0000] {dag.py:3823} INFO - Setting next_dagrun for example_task_group to 2026-03-27 00:00:00+00:00, run_after=2026-03-28 00:00:00+00:00
[2026-03-28T22:17:11.497+0000] {processor.py:183} INFO - Processing /home/airflow/.local/lib/python3.8/site-packages/airflow/example_dags/example_task_group.py took 0.107 seconds
[2026-03-28T22:17:42.637+0000] {processor.py:161} INFO - Started process (PID=490) to work on /home/airflow/.local/lib/python3.8/site-packages/airflow/example_dags/example_task_group.py
[2026-03-28T22:17:42.638+0000] {processor.py:830} INFO - Processing file /home/airflow/.local/lib/python3.8/site-packages/airflow/example_dags/example_task_group.py for tasks to queue
[2026-03-28T22:17:42.640+0000] {logging_mixin.py:188} INFO - [2026-03-28T22:17:42.640+0000] {dagbag.py:538} INFO - Filling up the DagBag from /home/airflow/.local/lib/python3.8/site-packages/airflow/example_dags/example_task_group.py
[2026-03-28T22:17:42.647+0000] {processor.py:840} INFO - DAG(s) 'example_task_group' retrieved from /home/airflow/.local/lib/python3.8/site-packages/airflow/example_dags/example_task_group.py
[2026-03-28T22:17:42.669+0000] {logging_mixin.py:188} INFO - [2026-03-28T22:17:42.669+0000] {dag.py:3036} INFO - Sync 1 DAGs
[2026-03-28T22:17:42.689+0000] {logging_mixin.py:188} INFO - [2026-03-28T22:17:42.689+0000] {dag.py:3823} INFO - Setting next_dagrun for example_task_group to 2026-03-27 00:00:00+00:00, run_after=2026-03-28 00:00:00+00:00
[2026-03-28T22:17:42.808+0000] {processor.py:183} INFO - Processing /home/airflow/.local/lib/python3.8/site-packages/airflow/example_dags/example_task_group.py took 0.174 seconds
[2026-03-28T22:18:13.363+0000] {processor.py:161} INFO - Started process (PID=546) to work on /home/airflow/.local/lib/python3.8/site-packages/airflow/example_dags/example_task_group.py
[2026-03-28T22:18:13.365+0000] {processor.py:830} INFO - Processing file /home/airflow/.local/lib/python3.8/site-packages/airflow/example_dags/example_task_group.py for tasks to queue
[2026-03-28T22:18:13.367+0000] {logging_mixin.py:188} INFO - [2026-03-28T22:18:13.367+0000] {dagbag.py:538} INFO - Filling up the DagBag from /home/airflow/.local/lib/python3.8/site-packages/airflow/example_dags/example_task_group.py
[2026-03-28T22:18:13.375+0000] {processor.py:840} INFO - DAG(s) 'example_task_group' retrieved from /home/airflow/.local/lib/python3.8/site-packages/airflow/example_dags/example_task_group.py
[2026-03-28T22:18:13.399+0000] {logging_mixin.py:188} INFO - [2026-03-28T22:18:13.399+0000] {dag.py:3036} INFO - Sync 1 DAGs
[2026-03-28T22:18:13.418+0000] {logging_mixin.py:188} INFO - [2026-03-28T22:18:13.417+0000] {dag.py:3823} INFO - Setting next_dagrun for example_task_group to 2026-03-27 00:00:00+00:00, run_after=2026-03-28 00:00:00+00:00
[2026-03-28T22:18:13.438+0000] {processor.py:183} INFO - Processing /home/airflow/.local/lib/python3.8/site-packages/airflow/example_dags/example_task_group.py took 0.079 seconds
[2026-03-28T22:18:43.650+0000] {processor.py:161} INFO - Started process (PID=602) to work on /home/airflow/.local/lib/python3.8/site-packages/airflow/example_dags/example_task_group.py
[2026-03-28T22:18:43.652+0000] {processor.py:830} INFO - Processing file /home/airflow/.local/lib/python3.8/site-packages/airflow/example_dags/example_task_group.py for tasks to queue
[2026-03-28T22:18:43.654+0000] {logging_mixin.py:188} INFO - [2026-03-28T22:18:43.654+0000] {dagbag.py:538} INFO - Filling up the DagBag from /home/airflow/.local/lib/python3.8/site-packages/airflow/example_dags/example_task_group.py
[2026-03-28T22:18:43.661+0000] {processor.py:840} INFO - DAG(s) 'example_task_group' retrieved from /home/airflow/.local/lib/python3.8/site-packages/airflow/example_dags/example_task_group.py
[2026-03-28T22:18:43.686+0000] {logging_mixin.py:188} INFO - [2026-03-28T22:18:43.685+0000] {dag.py:3036} INFO - Sync 1 DAGs
[2026-03-28T22:18:43.708+0000] {logging_mixin.py:188} INFO - [2026-03-28T22:18:43.707+0000] {dag.py:3823} INFO - Setting next_dagrun for example_task_group to 2026-03-27 00:00:00+00:00, run_after=2026-03-28 00:00:00+00:00
[2026-03-28T22:18:43.729+0000] {processor.py:183} INFO - Processing /home/airflow/.local/lib/python3.8/site-packages/airflow/example_dags/example_task_group.py took 0.082 seconds
[2026-03-28T22:19:14.378+0000] {processor.py:161} INFO - Started process (PID=658) to work on /home/airflow/.local/lib/python3.8/site-packages/airflow/example_dags/example_task_group.py
[2026-03-28T22:19:14.379+0000] {processor.py:830} INFO - Processing file /home/airflow/.local/lib/python3.8/site-packages/airflow/example_dags/example_task_group.py for tasks to queue
[2026-03-28T22:19:14.381+0000] {logging_mixin.py:188} INFO - [2026-03-28T22:19:14.381+0000] {dagbag.py:538} INFO - Filling up the DagBag from /home/airflow/.local/lib/python3.8/site-packages/airflow/example_dags/example_task_group.py
[2026-03-28T22:19:14.388+0000] {processor.py:840} INFO - DAG(s) 'example_task_group' retrieved from /home/airflow/.local/lib/python3.8/site-packages/airflow/example_dags/example_task_group.py
[2026-03-28T22:19:14.412+0000] {logging_mixin.py:188} INFO - [2026-03-28T22:19:14.412+0000] {dag.py:3036} INFO - Sync 1 DAGs
[2026-03-28T22:19:14.432+0000] {logging_mixin.py:188} INFO - [2026-03-28T22:19:14.432+0000] {dag.py:3823} INFO - Setting next_dagrun for example_task_group to 2026-03-27 00:00:00+00:00, run_after=2026-03-28 00:00:00+00:00
[2026-03-28T22:19:14.495+0000] {processor.py:183} INFO - Processing /home/airflow/.local/lib/python3.8/site-packages/airflow/example_dags/example_task_group.py took 0.120 seconds
[2026-03-28T22:19:46.617+0000] {processor.py:161} INFO - Started process (PID=714) to work on /home/airflow/.local/lib/python3.8/site-packages/airflow/example_dags/example_task_group.py
[2026-03-28T22:19:46.618+0000] {processor.py:830} INFO - Processing file /home/airflow/.local/lib/python3.8/site-packages/airflow/example_dags/example_task_group.py for tasks to queue
[2026-03-28T22:19:46.621+0000] {logging_mixin.py:188} INFO - [2026-03-28T22:19:46.621+0000] {dagbag.py:538} INFO - Filling up the DagBag from /home/airflow/.local/lib/python3.8/site-packages/airflow/example_dags/example_task_group.py
[2026-03-28T22:19:46.629+0000] {processor.py:840} INFO - DAG(s) 'example_task_group' retrieved from /home/airflow/.local/lib/python3.8/site-packages/airflow/example_dags/example_task_group.py
[2026-03-28T22:19:46.655+0000] {logging_mixin.py:188} INFO - [2026-03-28T22:19:46.655+0000] {dag.py:3036} INFO - Sync 1 DAGs
[2026-03-28T22:19:46.678+0000] {logging_mixin.py:188} INFO - [2026-03-28T22:19:46.677+0000] {dag.py:3823} INFO - Setting next_dagrun for example_task_group to 2026-03-27 00:00:00+00:00, run_after=2026-03-28 00:00:00+00:00
[2026-03-28T22:19:46.719+0000] {processor.py:183} INFO - Processing /home/airflow/.local/lib/python3.8/site-packages/airflow/example_dags/example_task_group.py took 0.106 seconds
[2026-03-28T22:20:16.921+0000] {processor.py:161} INFO - Started process (PID=770) to work on /home/airflow/.local/lib/python3.8/site-packages/airflow/example_dags/example_task_group.py
[2026-03-28T22:20:16.922+0000] {processor.py:830} INFO - Processing file /home/airflow/.local/lib/python3.8/site-packages/airflow/example_dags/example_task_group.py for tasks to queue
[2026-03-28T22:20:16.925+0000] {logging_mixin.py:188} INFO - [2026-03-28T22:20:16.925+0000] {dagbag.py:538} INFO - Filling up the DagBag from /home/airflow/.local/lib/python3.8/site-packages/airflow/example_dags/example_task_group.py
[2026-03-28T22:20:16.933+0000] {processor.py:840} INFO - DAG(s) 'example_task_group' retrieved from /home/airflow/.local/lib/python3.8/site-packages/airflow/example_dags/example_task_group.py
[2026-03-28T22:20:16.961+0000] {logging_mixin.py:188} INFO - [2026-03-28T22:20:16.961+0000] {dag.py:3036} INFO - Sync 1 DAGs
[2026-03-28T22:20:16.988+0000] {logging_mixin.py:188} INFO - [2026-03-28T22:20:16.987+0000] {dag.py:3823} INFO - Setting next_dagrun for example_task_group to 2026-03-27 00:00:00+00:00, run_after=2026-03-28 00:00:00+00:00
[2026-03-28T22:20:17.011+0000] {processor.py:183} INFO - Processing /home/airflow/.local/lib/python3.8/site-packages/airflow/example_dags/example_task_group.py took 0.094 seconds
[2026-03-28T22:20:47.091+0000] {processor.py:161} INFO - Started process (PID=826) to work on /home/airflow/.local/lib/python3.8/site-packages/airflow/example_dags/example_task_group.py
[2026-03-28T22:20:47.093+0000] {processor.py:830} INFO - Processing file /home/airflow/.local/lib/python3.8/site-packages/airflow/example_dags/example_task_group.py for tasks to queue
[2026-03-28T22:20:47.095+0000] {logging_mixin.py:188} INFO - [2026-03-28T22:20:47.095+0000] {dagbag.py:538} INFO - Filling up the DagBag from /home/airflow/.local/lib/python3.8/site-packages/airflow/example_dags/example_task_group.py
[2026-03-28T22:20:47.103+0000] {processor.py:840} INFO - DAG(s) 'example_task_group' retrieved from /home/airflow/.local/lib/python3.8/site-packages/airflow/example_dags/example_task_group.py
[2026-03-28T22:20:47.127+0000] {logging_mixin.py:188} INFO - [2026-03-28T22:20:47.127+0000] {dag.py:3036} INFO - Sync 1 DAGs
[2026-03-28T22:20:47.148+0000] {logging_mixin.py:188} INFO - [2026-03-28T22:20:47.148+0000] {dag.py:3823} INFO - Setting next_dagrun for example_task_group to 2026-03-27 00:00:00+00:00, run_after=2026-03-28 00:00:00+00:00
[2026-03-28T22:20:47.170+0000] {processor.py:183} INFO - Processing /home/airflow/.local/lib/python3.8/site-packages/airflow/example_dags/example_task_group.py took 0.082 seconds
[2026-03-28T22:21:17.690+0000] {processor.py:161} INFO - Started process (PID=882) to work on /home/airflow/.local/lib/python3.8/site-packages/airflow/example_dags/example_task_group.py
[2026-03-28T22:21:17.691+0000] {processor.py:830} INFO - Processing file /home/airflow/.local/lib/python3.8/site-packages/airflow/example_dags/example_task_group.py for tasks to queue
[2026-03-28T22:21:17.694+0000] {logging_mixin.py:188} INFO - [2026-03-28T22:21:17.693+0000] {dagbag.py:538} INFO - Filling up the DagBag from /home/airflow/.local/lib/python3.8/site-packages/airflow/example_dags/example_task_group.py
[2026-03-28T22:21:17.701+0000] {processor.py:840} INFO - DAG(s) 'example_task_group' retrieved from /home/airflow/.local/lib/python3.8/site-packages/airflow/example_dags/example_task_group.py
[2026-03-28T22:21:17.728+0000] {logging_mixin.py:188} INFO - [2026-03-28T22:21:17.728+0000] {dag.py:3036} INFO - Sync 1 DAGs
[2026-03-28T22:21:17.755+0000] {logging_mixin.py:188} INFO - [2026-03-28T22:21:17.755+0000] {dag.py:3823} INFO - Setting next_dagrun for example_task_group to 2026-03-27 00:00:00+00:00, run_after=2026-03-28 00:00:00+00:00
[2026-03-28T22:21:17.778+0000] {processor.py:183} INFO - Processing /home/airflow/.local/lib/python3.8/site-packages/airflow/example_dags/example_task_group.py took 0.092 seconds
[2026-03-28T22:21:47.962+0000] {processor.py:161} INFO - Started process (PID=938) to work on /home/airflow/.local/lib/python3.8/site-packages/airflow/example_dags/example_task_group.py
[2026-03-28T22:21:47.963+0000] {processor.py:830} INFO - Processing file /home/airflow/.local/lib/python3.8/site-packages/airflow/example_dags/example_task_group.py for tasks to queue
[2026-03-28T22:21:47.966+0000] {logging_mixin.py:188} INFO - [2026-03-28T22:21:47.966+0000] {dagbag.py:538} INFO - Filling up the DagBag from /home/airflow/.local/lib/python3.8/site-packages/airflow/example_dags/example_task_group.py
[2026-03-28T22:21:47.975+0000] {processor.py:840} INFO - DAG(s) 'example_task_group' retrieved from /home/airflow/.local/lib/python3.8/site-packages/airflow/example_dags/example_task_group.py
[2026-03-28T22:21:48.002+0000] {logging_mixin.py:188} INFO - [2026-03-28T22:21:48.001+0000] {dag.py:3036} INFO - Sync 1 DAGs
[2026-03-28T22:21:48.024+0000] {logging_mixin.py:188} INFO - [2026-03-28T22:21:48.024+0000] {dag.py:3823} INFO - Setting next_dagrun for example_task_group to 2026-03-27 00:00:00+00:00, run_after=2026-03-28 00:00:00+00:00
[2026-03-28T22:21:48.046+0000] {processor.py:183} INFO - Processing /home/airflow/.local/lib/python3.8/site-packages/airflow/example_dags/example_task_group.py took 0.088 seconds
[2026-03-28T22:22:18.312+0000] {processor.py:161} INFO - Started process (PID=994) to work on /home/airflow/.local/lib/python3.8/site-packages/airflow/example_dags/example_task_group.py
[2026-03-28T22:22:18.314+0000] {processor.py:830} INFO - Processing file /home/airflow/.local/lib/python3.8/site-packages/airflow/example_dags/example_task_group.py for tasks to queue
[2026-03-28T22:22:18.317+0000] {logging_mixin.py:188} INFO - [2026-03-28T22:22:18.317+0000] {dagbag.py:538} INFO - Filling up the DagBag from /home/airflow/.local/lib/python3.8/site-packages/airflow/example_dags/example_task_group.py
[2026-03-28T22:22:18.325+0000] {processor.py:840} INFO - DAG(s) 'example_task_group' retrieved from /home/airflow/.local/lib/python3.8/site-packages/airflow/example_dags/example_task_group.py
[2026-03-28T22:22:18.348+0000] {logging_mixin.py:188} INFO - [2026-03-28T22:22:18.348+0000] {dag.py:3036} INFO - Sync 1 DAGs
[2026-03-28T22:22:18.371+0000] {logging_mixin.py:188} INFO - [2026-03-28T22:22:18.371+0000] {dag.py:3823} INFO - Setting next_dagrun for example_task_group to 2026-03-27 00:00:00+00:00, run_after=2026-03-28 00:00:00+00:00
[2026-03-28T22:22:18.391+0000] {processor.py:183} INFO - Processing /home/airflow/.local/lib/python3.8/site-packages/airflow/example_dags/example_task_group.py took 0.084 seconds
[2026-03-28T22:22:48.586+0000] {processor.py:161} INFO - Started process (PID=1050) to work on /home/airflow/.local/lib/python3.8/site-packages/airflow/example_dags/example_task_group.py
[2026-03-28T22:22:48.588+0000] {processor.py:830} INFO - Processing file /home/airflow/.local/lib/python3.8/site-packages/airflow/example_dags/example_task_group.py for tasks to queue
[2026-03-28T22:22:48.590+0000] {logging_mixin.py:188} INFO - [2026-03-28T22:22:48.589+0000] {dagbag.py:538} INFO - Filling up the DagBag from /home/airflow/.local/lib/python3.8/site-packages/airflow/example_dags/example_task_group.py
[2026-03-28T22:22:48.598+0000] {processor.py:840} INFO - DAG(s) 'example_task_group' retrieved from /home/airflow/.local/lib/python3.8/site-packages/airflow/example_dags/example_task_group.py
[2026-03-28T22:22:48.624+0000] {logging_mixin.py:188} INFO - [2026-03-28T22:22:48.624+0000] {dag.py:3036} INFO - Sync 1 DAGs
[2026-03-28T22:22:48.648+0000] {logging_mixin.py:188} INFO - [2026-03-28T22:22:48.648+0000] {dag.py:3823} INFO - Setting next_dagrun for example_task_group to 2026-03-27 00:00:00+00:00, run_after=2026-03-28 00:00:00+00:00
[2026-03-28T22:22:48.670+0000] {processor.py:183} INFO - Processing /home/airflow/.local/lib/python3.8/site-packages/airflow/example_dags/example_task_group.py took 0.088 seconds
[2026-03-28T22:23:18.847+0000] {processor.py:161} INFO - Started process (PID=1106) to work on /home/airflow/.local/lib/python3.8/site-packages/airflow/example_dags/example_task_group.py
[2026-03-28T22:23:18.849+0000] {processor.py:830} INFO - Processing file /home/airflow/.local/lib/python3.8/site-packages/airflow/example_dags/example_task_group.py for tasks to queue
[2026-03-28T22:23:18.851+0000] {logging_mixin.py:188} INFO - [2026-03-28T22:23:18.851+0000] {dagbag.py:538} INFO - Filling up the DagBag from /home/airflow/.local/lib/python3.8/site-packages/airflow/example_dags/example_task_group.py
[2026-03-28T22:23:18.858+0000] {processor.py:840} INFO - DAG(s) 'example_task_group' retrieved from /home/airflow/.local/lib/python3.8/site-packages/airflow/example_dags/example_task_group.py
[2026-03-28T22:23:18.883+0000] {logging_mixin.py:188} INFO - [2026-03-28T22:23:18.883+0000] {dag.py:3036} INFO - Sync 1 DAGs
[2026-03-28T22:23:18.909+0000] {logging_mixin.py:188} INFO - [2026-03-28T22:23:18.909+0000] {dag.py:3823} INFO - Setting next_dagrun for example_task_group to 2026-03-27 00:00:00+00:00, run_after=2026-03-28 00:00:00+00:00
[2026-03-28T22:23:18.930+0000] {processor.py:183} INFO - Processing /home/airflow/.local/lib/python3.8/site-packages/airflow/example_dags/example_task_group.py took 0.087 seconds
[2026-03-28T22:23:49.162+0000] {processor.py:161} INFO - Started process (PID=1162) to work on /home/airflow/.local/lib/python3.8/site-packages/airflow/example_dags/example_task_group.py
[2026-03-28T22:23:49.163+0000] {processor.py:830} INFO - Processing file /home/airflow/.local/lib/python3.8/site-packages/airflow/example_dags/example_task_group.py for tasks to queue
[2026-03-28T22:23:49.165+0000] {logging_mixin.py:188} INFO - [2026-03-28T22:23:49.165+0000] {dagbag.py:538} INFO - Filling up the DagBag from /home/airflow/.local/lib/python3.8/site-packages/airflow/example_dags/example_task_group.py
[2026-03-28T22:23:49.173+0000] {processor.py:840} INFO - DAG(s) 'example_task_group' retrieved from /home/airflow/.local/lib/python3.8/site-packages/airflow/example_dags/example_task_group.py
[2026-03-28T22:23:49.198+0000] {logging_mixin.py:188} INFO - [2026-03-28T22:23:49.198+0000] {dag.py:3036} INFO - Sync 1 DAGs
[2026-03-28T22:23:49.222+0000] {logging_mixin.py:188} INFO - [2026-03-28T22:23:49.221+0000] {dag.py:3823} INFO - Setting next_dagrun for example_task_group to 2026-03-27 00:00:00+00:00, run_after=2026-03-28 00:00:00+00:00
[2026-03-28T22:23:49.243+0000] {processor.py:183} INFO - Processing /home/airflow/.local/lib/python3.8/site-packages/airflow/example_dags/example_task_group.py took 0.085 seconds
[2026-03-28T22:24:19.548+0000] {processor.py:161} INFO - Started process (PID=1218) to work on /home/airflow/.local/lib/python3.8/site-packages/airflow/example_dags/example_task_group.py
[2026-03-28T22:24:19.550+0000] {processor.py:830} INFO - Processing file /home/airflow/.local/lib/python3.8/site-packages/airflow/example_dags/example_task_group.py for tasks to queue
[2026-03-28T22:24:19.552+0000] {logging_mixin.py:188} INFO - [2026-03-28T22:24:19.552+0000] {dagbag.py:538} INFO - Filling up the DagBag from /home/airflow/.local/lib/python3.8/site-packages/airflow/example_dags/example_task_group.py
[2026-03-28T22:24:19.560+0000] {processor.py:840} INFO - DAG(s) 'example_task_group' retrieved from /home/airflow/.local/lib/python3.8/site-packages/airflow/example_dags/example_task_group.py
[2026-03-28T22:24:19.586+0000] {logging_mixin.py:188} INFO - [2026-03-28T22:24:19.586+0000] {dag.py:3036} INFO - Sync 1 DAGs
[2026-03-28T22:24:19.611+0000] {logging_mixin.py:188} INFO - [2026-03-28T22:24:19.611+0000] {dag.py:3823} INFO - Setting next_dagrun for example_task_group to 2026-03-27 00:00:00+00:00, run_after=2026-03-28 00:00:00+00:00
[2026-03-28T22:24:19.632+0000] {processor.py:183} INFO - Processing /home/airflow/.local/lib/python3.8/site-packages/airflow/example_dags/example_task_group.py took 0.087 seconds
[2026-03-28T22:24:49.688+0000] {processor.py:161} INFO - Started process (PID=1274) to work on /home/airflow/.local/lib/python3.8/site-packages/airflow/example_dags/example_task_group.py
[2026-03-28T22:24:49.689+0000] {processor.py:830} INFO - Processing file /home/airflow/.local/lib/python3.8/site-packages/airflow/example_dags/example_task_group.py for tasks to queue
[2026-03-28T22:24:49.691+0000] {logging_mixin.py:188} INFO - [2026-03-28T22:24:49.691+0000] {dagbag.py:538} INFO - Filling up the DagBag from /home/airflow/.local/lib/python3.8/site-packages/airflow/example_dags/example_task_group.py
[2026-03-28T22:24:49.698+0000] {processor.py:840} INFO - DAG(s) 'example_task_group' retrieved from /home/airflow/.local/lib/python3.8/site-packages/airflow/example_dags/example_task_group.py
[2026-03-28T22:24:49.721+0000] {logging_mixin.py:188} INFO - [2026-03-28T22:24:49.721+0000] {dag.py:3036} INFO - Sync 1 DAGs
[2026-03-28T22:24:49.744+0000] {logging_mixin.py:188} INFO - [2026-03-28T22:24:49.743+0000] {dag.py:3823} INFO - Setting next_dagrun for example_task_group to 2026-03-27 00:00:00+00:00, run_after=2026-03-28 00:00:00+00:00
[2026-03-28T22:24:49.766+0000] {processor.py:183} INFO - Processing /home/airflow/.local/lib/python3.8/site-packages/airflow/example_dags/example_task_group.py took 0.081 seconds
[2026-03-28T22:25:19.989+0000] {processor.py:161} INFO - Started process (PID=1330) to work on /home/airflow/.local/lib/python3.8/site-packages/airflow/example_dags/example_task_group.py
[2026-03-28T22:25:19.990+0000] {processor.py:830} INFO - Processing file /home/airflow/.local/lib/python3.8/site-packages/airflow/example_dags/example_task_group.py for tasks to queue
[2026-03-28T22:25:19.996+0000] {logging_mixin.py:188} INFO - [2026-03-28T22:25:19.995+0000] {dagbag.py:538} INFO - Filling up the DagBag from /home/airflow/.local/lib/python3.8/site-packages/airflow/example_dags/example_task_group.py
[2026-03-28T22:25:20.003+0000] {processor.py:840} INFO - DAG(s) 'example_task_group' retrieved from /home/airflow/.local/lib/python3.8/site-packages/airflow/example_dags/example_task_group.py
[2026-03-28T22:25:20.029+0000] {logging_mixin.py:188} INFO - [2026-03-28T22:25:20.029+0000] {dag.py:3036} INFO - Sync 1 DAGs
[2026-03-28T22:25:20.051+0000] {logging_mixin.py:188} INFO - [2026-03-28T22:25:20.051+0000] {dag.py:3823} INFO - Setting next_dagrun for example_task_group to 2026-03-27 00:00:00+00:00, run_after=2026-03-28 00:00:00+00:00
[2026-03-28T22:25:20.122+0000] {processor.py:183} INFO - Processing /home/airflow/.local/lib/python3.8/site-packages/airflow/example_dags/example_task_group.py took 0.136 seconds
[2026-03-28T22:25:50.439+0000] {processor.py:161} INFO - Started process (PID=1386) to work on /home/airflow/.local/lib/python3.8/site-packages/airflow/example_dags/example_task_group.py
[2026-03-28T22:25:50.441+0000] {processor.py:830} INFO - Processing file /home/airflow/.local/lib/python3.8/site-packages/airflow/example_dags/example_task_group.py for tasks to queue
[2026-03-28T22:25:50.444+0000] {logging_mixin.py:188} INFO - [2026-03-28T22:25:50.443+0000] {dagbag.py:538} INFO - Filling up the DagBag from /home/airflow/.local/lib/python3.8/site-packages/airflow/example_dags/example_task_group.py
[2026-03-28T22:25:50.455+0000] {processor.py:840} INFO - DAG(s) 'example_task_group' retrieved from /home/airflow/.local/lib/python3.8/site-packages/airflow/example_dags/example_task_group.py
[2026-03-28T22:25:50.481+0000] {logging_mixin.py:188} INFO - [2026-03-28T22:25:50.480+0000] {dag.py:3036} INFO - Sync 1 DAGs
[2026-03-28T22:25:50.505+0000] {logging_mixin.py:188} INFO - [2026-03-28T22:25:50.505+0000] {dag.py:3823} INFO - Setting next_dagrun for example_task_group to 2026-03-27 00:00:00+00:00, run_after=2026-03-28 00:00:00+00:00
[2026-03-28T22:25:50.527+0000] {processor.py:183} INFO - Processing /home/airflow/.local/lib/python3.8/site-packages/airflow/example_dags/example_task_group.py took 0.091 seconds
[2026-03-28T22:26:20.608+0000] {processor.py:161} INFO - Started process (PID=1443) to work on /home/airflow/.local/lib/python3.8/site-packages/airflow/example_dags/example_task_group.py
[2026-03-28T22:26:20.609+0000] {processor.py:830} INFO - Processing file /home/airflow/.local/lib/python3.8/site-packages/airflow/example_dags/example_task_group.py for tasks to queue
[2026-03-28T22:26:20.611+0000] {logging_mixin.py:188} INFO - [2026-03-28T22:26:20.611+0000] {dagbag.py:538} INFO - Filling up the DagBag from /home/airflow/.local/lib/python3.8/site-packages/airflow/example_dags/example_task_group.py
[2026-03-28T22:26:20.619+0000] {processor.py:840} INFO - DAG(s) 'example_task_group' retrieved from /home/airflow/.local/lib/python3.8/site-packages/airflow/example_dags/example_task_group.py
[2026-03-28T22:26:20.641+0000] {logging_mixin.py:188} INFO - [2026-03-28T22:26:20.641+0000] {dag.py:3036} INFO - Sync 1 DAGs
[2026-03-28T22:26:20.664+0000] {logging_mixin.py:188} INFO - [2026-03-28T22:26:20.664+0000] {dag.py:3823} INFO - Setting next_dagrun for example_task_group to 2026-03-27 00:00:00+00:00, run_after=2026-03-28 00:00:00+00:00
[2026-03-28T22:26:20.689+0000] {processor.py:183} INFO - Processing /home/airflow/.local/lib/python3.8/site-packages/airflow/example_dags/example_task_group.py took 0.084 seconds
[2026-03-28T22:26:51.001+0000] {processor.py:161} INFO - Started process (PID=1499) to work on /home/airflow/.local/lib/python3.8/site-packages/airflow/example_dags/example_task_group.py
[2026-03-28T22:26:51.002+0000] {processor.py:830} INFO - Processing file /home/airflow/.local/lib/python3.8/site-packages/airflow/example_dags/example_task_group.py for tasks to queue
[2026-03-28T22:26:51.005+0000] {logging_mixin.py:188} INFO - [2026-03-28T22:26:51.004+0000] {dagbag.py:538} INFO - Filling up the DagBag from /home/airflow/.local/lib/python3.8/site-packages/airflow/example_dags/example_task_group.py
[2026-03-28T22:26:51.012+0000] {processor.py:840} INFO - DAG(s) 'example_task_group' retrieved from /home/airflow/.local/lib/python3.8/site-packages/airflow/example_dags/example_task_group.py
[2026-03-28T22:26:51.035+0000] {logging_mixin.py:188} INFO - [2026-03-28T22:26:51.035+0000] {dag.py:3036} INFO - Sync 1 DAGs
[2026-03-28T22:26:51.058+0000] {logging_mixin.py:188} INFO - [2026-03-28T22:26:51.057+0000] {dag.py:3823} INFO - Setting next_dagrun for example_task_group to 2026-03-27 00:00:00+00:00, run_after=2026-03-28 00:00:00+00:00
[2026-03-28T22:26:51.079+0000] {processor.py:183} INFO - Processing /home/airflow/.local/lib/python3.8/site-packages/airflow/example_dags/example_task_group.py took 0.081 seconds
[2026-03-28T22:27:21.696+0000] {processor.py:161} INFO - Started process (PID=1555) to work on /home/airflow/.local/lib/python3.8/site-packages/airflow/example_dags/example_task_group.py
[2026-03-28T22:27:21.697+0000] {processor.py:830} INFO - Processing file /home/airflow/.local/lib/python3.8/site-packages/airflow/example_dags/example_task_group.py for tasks to queue
[2026-03-28T22:27:21.699+0000] {logging_mixin.py:188} INFO - [2026-03-28T22:27:21.699+0000] {dagbag.py:538} INFO - Filling up the DagBag from /home/airflow/.local/lib/python3.8/site-packages/airflow/example_dags/example_task_group.py
[2026-03-28T22:27:21.707+0000] {processor.py:840} INFO - DAG(s) 'example_task_group' retrieved from /home/airflow/.local/lib/python3.8/site-packages/airflow/example_dags/example_task_group.py
[2026-03-28T22:27:21.732+0000] {logging_mixin.py:188} INFO - [2026-03-28T22:27:21.731+0000] {dag.py:3036} INFO - Sync 1 DAGs
[2026-03-28T22:27:21.756+0000] {logging_mixin.py:188} INFO - [2026-03-28T22:27:21.756+0000] {dag.py:3823} INFO - Setting next_dagrun for example_task_group to 2026-03-27 00:00:00+00:00, run_after=2026-03-28 00:00:00+00:00
[2026-03-28T22:27:21.777+0000] {processor.py:183} INFO - Processing /home/airflow/.local/lib/python3.8/site-packages/airflow/example_dags/example_task_group.py took 0.085 seconds
[2026-03-28T22:27:52.207+0000] {processor.py:161} INFO - Started process (PID=1611) to work on /home/airflow/.local/lib/python3.8/site-packages/airflow/example_dags/example_task_group.py
[2026-03-28T22:27:52.208+0000] {processor.py:830} INFO - Processing file /home/airflow/.local/lib/python3.8/site-packages/airflow/example_dags/example_task_group.py for tasks to queue
[2026-03-28T22:27:52.211+0000] {logging_mixin.py:188} INFO - [2026-03-28T22:27:52.210+0000] {dagbag.py:538} INFO - Filling up the DagBag from /home/airflow/.local/lib/python3.8/site-packages/airflow/example_dags/example_task_group.py
[2026-03-28T22:27:52.222+0000] {processor.py:840} INFO - DAG(s) 'example_task_group' retrieved from /home/airflow/.local/lib/python3.8/site-packages/airflow/example_dags/example_task_group.py
[2026-03-28T22:27:52.250+0000] {logging_mixin.py:188} INFO - [2026-03-28T22:27:52.250+0000] {dag.py:3036} INFO - Sync 1 DAGs
[2026-03-28T22:27:52.280+0000] {logging_mixin.py:188} INFO - [2026-03-28T22:27:52.280+0000] {dag.py:3823} INFO - Setting next_dagrun for example_task_group to 2026-03-27 00:00:00+00:00, run_after=2026-03-28 00:00:00+00:00
[2026-03-28T22:27:52.301+0000] {processor.py:183} INFO - Processing /home/airflow/.local/lib/python3.8/site-packages/airflow/example_dags/example_task_group.py took 0.098 seconds
[2026-03-28T22:28:22.409+0000] {processor.py:161} INFO - Started process (PID=1667) to work on /home/airflow/.local/lib/python3.8/site-packages/airflow/example_dags/example_task_group.py
[2026-03-28T22:28:22.410+0000] {processor.py:830} INFO - Processing file /home/airflow/.local/lib/python3.8/site-packages/airflow/example_dags/example_task_group.py for tasks to queue
[2026-03-28T22:28:22.413+0000] {logging_mixin.py:188} INFO - [2026-03-28T22:28:22.412+0000] {dagbag.py:538} INFO - Filling up the DagBag from /home/airflow/.local/lib/python3.8/site-packages/airflow/example_dags/example_task_group.py
[2026-03-28T22:28:22.421+0000] {processor.py:840} INFO - DAG(s) 'example_task_group' retrieved from /home/airflow/.local/lib/python3.8/site-packages/airflow/example_dags/example_task_group.py
[2026-03-28T22:28:22.447+0000] {logging_mixin.py:188} INFO - [2026-03-28T22:28:22.446+0000] {dag.py:3036} INFO - Sync 1 DAGs
[2026-03-28T22:28:22.471+0000] {logging_mixin.py:188} INFO - [2026-03-28T22:28:22.471+0000] {dag.py:3823} INFO - Setting next_dagrun for example_task_group to 2026-03-27 00:00:00+00:00, run_after=2026-03-28 00:00:00+00:00
[2026-03-28T22:28:22.492+0000] {processor.py:183} INFO - Processing /home/airflow/.local/lib/python3.8/site-packages/airflow/example_dags/example_task_group.py took 0.087 seconds
[2026-03-28T22:28:52.826+0000] {processor.py:161} INFO - Started process (PID=1723) to work on /home/airflow/.local/lib/python3.8/site-packages/airflow/example_dags/example_task_group.py
[2026-03-28T22:28:52.828+0000] {processor.py:830} INFO - Processing file /home/airflow/.local/lib/python3.8/site-packages/airflow/example_dags/example_task_group.py for tasks to queue
[2026-03-28T22:28:52.830+0000] {logging_mixin.py:188} INFO - [2026-03-28T22:28:52.830+0000] {dagbag.py:538} INFO - Filling up the DagBag from /home/airflow/.local/lib/python3.8/site-packages/airflow/example_dags/example_task_group.py
[2026-03-28T22:28:52.837+0000] {processor.py:840} INFO - DAG(s) 'example_task_group' retrieved from /home/airflow/.local/lib/python3.8/site-packages/airflow/example_dags/example_task_group.py
[2026-03-28T22:28:52.862+0000] {logging_mixin.py:188} INFO - [2026-03-28T22:28:52.862+0000] {dag.py:3036} INFO - Sync 1 DAGs
[2026-03-28T22:28:52.890+0000] {logging_mixin.py:188} INFO - [2026-03-28T22:28:52.890+0000] {dag.py:3823} INFO - Setting next_dagrun for example_task_group to 2026-03-27 00:00:00+00:00, run_after=2026-03-28 00:00:00+00:00
[2026-03-28T22:28:52.949+0000] {processor.py:183} INFO - Processing /home/airflow/.local/lib/python3.8/site-packages/airflow/example_dags/example_task_group.py took 0.128 seconds
[2026-03-28T22:29:23.393+0000] {processor.py:161} INFO - Started process (PID=1779) to work on /home/airflow/.local/lib/python3.8/site-packages/airflow/example_dags/example_task_group.py
[2026-03-28T22:29:23.395+0000] {processor.py:830} INFO - Processing file /home/airflow/.local/lib/python3.8/site-packages/airflow/example_dags/example_task_group.py for tasks to queue
[2026-03-28T22:29:23.400+0000] {logging_mixin.py:188} INFO - [2026-03-28T22:29:23.397+0000] {dagbag.py:538} INFO - Filling up the DagBag from /home/airflow/.local/lib/python3.8/site-packages/airflow/example_dags/example_task_group.py
[2026-03-28T22:29:23.411+0000] {processor.py:840} INFO - DAG(s) 'example_task_group' retrieved from /home/airflow/.local/lib/python3.8/site-packages/airflow/example_dags/example_task_group.py
[2026-03-28T22:29:23.444+0000] {logging_mixin.py:188} INFO - [2026-03-28T22:29:23.444+0000] {dag.py:3036} INFO - Sync 1 DAGs
[2026-03-28T22:29:23.474+0000] {logging_mixin.py:188} INFO - [2026-03-28T22:29:23.474+0000] {dag.py:3823} INFO - Setting next_dagrun for example_task_group to 2026-03-27 00:00:00+00:00, run_after=2026-03-28 00:00:00+00:00
[2026-03-28T22:29:23.498+0000] {processor.py:183} INFO - Processing /home/airflow/.local/lib/python3.8/site-packages/airflow/example_dags/example_task_group.py took 0.110 seconds
[2026-03-28T22:29:53.651+0000] {processor.py:161} INFO - Started process (PID=1835) to work on /home/airflow/.local/lib/python3.8/site-packages/airflow/example_dags/example_task_group.py
[2026-03-28T22:29:53.652+0000] {processor.py:830} INFO - Processing file /home/airflow/.local/lib/python3.8/site-packages/airflow/example_dags/example_task_group.py for tasks to queue
[2026-03-28T22:29:53.654+0000] {logging_mixin.py:188} INFO - [2026-03-28T22:29:53.653+0000] {dagbag.py:538} INFO - Filling up the DagBag from /home/airflow/.local/lib/python3.8/site-packages/airflow/example_dags/example_task_group.py
[2026-03-28T22:29:53.661+0000] {processor.py:840} INFO - DAG(s) 'example_task_group' retrieved from /home/airflow/.local/lib/python3.8/site-packages/airflow/example_dags/example_task_group.py
[2026-03-28T22:29:53.683+0000] {logging_mixin.py:188} INFO - [2026-03-28T22:29:53.683+0000] {dag.py:3036} INFO - Sync 1 DAGs
[2026-03-28T22:29:53.703+0000] {logging_mixin.py:188} INFO - [2026-03-28T22:29:53.703+0000] {dag.py:3823} INFO - Setting next_dagrun for example_task_group to 2026-03-27 00:00:00+00:00, run_after=2026-03-28 00:00:00+00:00
[2026-03-28T22:29:53.726+0000] {processor.py:183} INFO - Processing /home/airflow/.local/lib/python3.8/site-packages/airflow/example_dags/example_task_group.py took 0.078 seconds
[2026-03-28T22:30:24.550+0000] {processor.py:161} INFO - Started process (PID=1891) to work on /home/airflow/.local/lib/python3.8/site-packages/airflow/example_dags/example_task_group.py
[2026-03-28T22:30:24.552+0000] {processor.py:830} INFO - Processing file /home/airflow/.local/lib/python3.8/site-packages/airflow/example_dags/example_task_group.py for tasks to queue
[2026-03-28T22:30:24.554+0000] {logging_mixin.py:188} INFO - [2026-03-28T22:30:24.554+0000] {dagbag.py:538} INFO - Filling up the DagBag from /home/airflow/.local/lib/python3.8/site-packages/airflow/example_dags/example_task_group.py
[2026-03-28T22:30:24.569+0000] {processor.py:840} INFO - DAG(s) 'example_task_group' retrieved from /home/airflow/.local/lib/python3.8/site-packages/airflow/example_dags/example_task_group.py
[2026-03-28T22:30:24.636+0000] {logging_mixin.py:188} INFO - [2026-03-28T22:30:24.636+0000] {dag.py:3036} INFO - Sync 1 DAGs
[2026-03-28T22:30:24.688+0000] {logging_mixin.py:188} INFO - [2026-03-28T22:30:24.688+0000] {dag.py:3823} INFO - Setting next_dagrun for example_task_group to 2026-03-27 00:00:00+00:00, run_after=2026-03-28 00:00:00+00:00
[2026-03-28T22:30:24.885+0000] {processor.py:183} INFO - Processing /home/airflow/.local/lib/python3.8/site-packages/airflow/example_dags/example_task_group.py took 0.340 seconds
[2026-03-28T22:30:54.961+0000] {processor.py:161} INFO - Started process (PID=1948) to work on /home/airflow/.local/lib/python3.8/site-packages/airflow/example_dags/example_task_group.py
[2026-03-28T22:30:54.963+0000] {processor.py:830} INFO - Processing file /home/airflow/.local/lib/python3.8/site-packages/airflow/example_dags/example_task_group.py for tasks to queue
[2026-03-28T22:30:54.965+0000] {logging_mixin.py:188} INFO - [2026-03-28T22:30:54.964+0000] {dagbag.py:538} INFO - Filling up the DagBag from /home/airflow/.local/lib/python3.8/site-packages/airflow/example_dags/example_task_group.py
[2026-03-28T22:30:54.973+0000] {processor.py:840} INFO - DAG(s) 'example_task_group' retrieved from /home/airflow/.local/lib/python3.8/site-packages/airflow/example_dags/example_task_group.py
[2026-03-28T22:30:54.998+0000] {logging_mixin.py:188} INFO - [2026-03-28T22:30:54.998+0000] {dag.py:3036} INFO - Sync 1 DAGs
[2026-03-28T22:30:55.017+0000] {logging_mixin.py:188} INFO - [2026-03-28T22:30:55.017+0000] {dag.py:3823} INFO - Setting next_dagrun for example_task_group to 2026-03-27 00:00:00+00:00, run_after=2026-03-28 00:00:00+00:00
[2026-03-28T22:30:55.038+0000] {processor.py:183} INFO - Processing /home/airflow/.local/lib/python3.8/site-packages/airflow/example_dags/example_task_group.py took 0.082 seconds
[2026-03-28T22:31:39.463+0000] {processor.py:161} INFO - Started process (PID=99) to work on /home/airflow/.local/lib/python3.8/site-packages/airflow/example_dags/example_task_group.py
[2026-03-28T22:31:39.466+0000] {processor.py:830} INFO - Processing file /home/airflow/.local/lib/python3.8/site-packages/airflow/example_dags/example_task_group.py for tasks to queue
[2026-03-28T22:31:39.469+0000] {logging_mixin.py:188} INFO - [2026-03-28T22:31:39.469+0000] {dagbag.py:538} INFO - Filling up the DagBag from /home/airflow/.local/lib/python3.8/site-packages/airflow/example_dags/example_task_group.py
[2026-03-28T22:31:39.483+0000] {processor.py:840} INFO - DAG(s) 'example_task_group' retrieved from /home/airflow/.local/lib/python3.8/site-packages/airflow/example_dags/example_task_group.py
[2026-03-28T22:31:39.504+0000] {logging_mixin.py:188} INFO - [2026-03-28T22:31:39.503+0000] {dag.py:3036} INFO - Sync 1 DAGs
[2026-03-28T22:31:39.543+0000] {logging_mixin.py:188} INFO - [2026-03-28T22:31:39.543+0000] {dag.py:3823} INFO - Setting next_dagrun for example_task_group to 2026-03-27 00:00:00+00:00, run_after=2026-03-28 00:00:00+00:00
[2026-03-28T22:31:39.589+0000] {processor.py:183} INFO - Processing /home/airflow/.local/lib/python3.8/site-packages/airflow/example_dags/example_task_group.py took 0.131 seconds
[2026-03-28T22:32:14.755+0000] {processor.py:161} INFO - Started process (PID=100) to work on /home/airflow/.local/lib/python3.8/site-packages/airflow/example_dags/example_task_group.py
[2026-03-28T22:32:14.756+0000] {processor.py:830} INFO - Processing file /home/airflow/.local/lib/python3.8/site-packages/airflow/example_dags/example_task_group.py for tasks to queue
[2026-03-28T22:32:14.764+0000] {logging_mixin.py:188} INFO - [2026-03-28T22:32:14.762+0000] {dagbag.py:538} INFO - Filling up the DagBag from /home/airflow/.local/lib/python3.8/site-packages/airflow/example_dags/example_task_group.py
[2026-03-28T22:32:14.782+0000] {processor.py:840} INFO - DAG(s) 'example_task_group' retrieved from /home/airflow/.local/lib/python3.8/site-packages/airflow/example_dags/example_task_group.py
[2026-03-28T22:32:14.803+0000] {logging_mixin.py:188} INFO - [2026-03-28T22:32:14.803+0000] {dag.py:3036} INFO - Sync 1 DAGs
[2026-03-28T22:32:14.841+0000] {logging_mixin.py:188} INFO - [2026-03-28T22:32:14.841+0000] {dag.py:3823} INFO - Setting next_dagrun for example_task_group to 2026-03-27 00:00:00+00:00, run_after=2026-03-28 00:00:00+00:00
[2026-03-28T22:32:14.877+0000] {processor.py:183} INFO - Processing /home/airflow/.local/lib/python3.8/site-packages/airflow/example_dags/example_task_group.py took 0.127 seconds
[2026-03-28T22:32:47.297+0000] {processor.py:161} INFO - Started process (PID=156) to work on /home/airflow/.local/lib/python3.8/site-packages/airflow/example_dags/example_task_group.py
[2026-03-28T22:32:47.298+0000] {processor.py:830} INFO - Processing file /home/airflow/.local/lib/python3.8/site-packages/airflow/example_dags/example_task_group.py for tasks to queue
[2026-03-28T22:32:47.301+0000] {logging_mixin.py:188} INFO - [2026-03-28T22:32:47.300+0000] {dagbag.py:538} INFO - Filling up the DagBag from /home/airflow/.local/lib/python3.8/site-packages/airflow/example_dags/example_task_group.py
[2026-03-28T22:32:47.308+0000] {processor.py:840} INFO - DAG(s) 'example_task_group' retrieved from /home/airflow/.local/lib/python3.8/site-packages/airflow/example_dags/example_task_group.py
[2026-03-28T22:32:47.428+0000] {logging_mixin.py:188} INFO - [2026-03-28T22:32:47.428+0000] {dag.py:3036} INFO - Sync 1 DAGs
[2026-03-28T22:32:47.447+0000] {logging_mixin.py:188} INFO - [2026-03-28T22:32:47.447+0000] {dag.py:3823} INFO - Setting next_dagrun for example_task_group to 2026-03-27 00:00:00+00:00, run_after=2026-03-28 00:00:00+00:00
[2026-03-28T22:32:47.473+0000] {processor.py:183} INFO - Processing /home/airflow/.local/lib/python3.8/site-packages/airflow/example_dags/example_task_group.py took 0.180 seconds
[2026-03-28T22:34:06.340+0000] {processor.py:161} INFO - Started process (PID=111) to work on /home/airflow/.local/lib/python3.8/site-packages/airflow/example_dags/example_task_group.py
[2026-03-28T22:34:06.342+0000] {processor.py:830} INFO - Processing file /home/airflow/.local/lib/python3.8/site-packages/airflow/example_dags/example_task_group.py for tasks to queue
[2026-03-28T22:34:06.346+0000] {logging_mixin.py:188} INFO - [2026-03-28T22:34:06.345+0000] {dagbag.py:538} INFO - Filling up the DagBag from /home/airflow/.local/lib/python3.8/site-packages/airflow/example_dags/example_task_group.py
[2026-03-28T22:34:06.361+0000] {processor.py:840} INFO - DAG(s) 'example_task_group' retrieved from /home/airflow/.local/lib/python3.8/site-packages/airflow/example_dags/example_task_group.py
[2026-03-28T22:34:06.501+0000] {logging_mixin.py:188} INFO - [2026-03-28T22:34:06.500+0000] {dag.py:3036} INFO - Sync 1 DAGs
[2026-03-28T22:34:06.527+0000] {logging_mixin.py:188} INFO - [2026-03-28T22:34:06.526+0000] {dag.py:3823} INFO - Setting next_dagrun for example_task_group to 2026-03-27 00:00:00+00:00, run_after=2026-03-28 00:00:00+00:00
[2026-03-28T22:34:06.555+0000] {processor.py:183} INFO - Processing /home/airflow/.local/lib/python3.8/site-packages/airflow/example_dags/example_task_group.py took 0.221 seconds
[2026-03-28T22:34:37.188+0000] {processor.py:161} INFO - Started process (PID=167) to work on /home/airflow/.local/lib/python3.8/site-packages/airflow/example_dags/example_task_group.py
[2026-03-28T22:34:37.190+0000] {processor.py:830} INFO - Processing file /home/airflow/.local/lib/python3.8/site-packages/airflow/example_dags/example_task_group.py for tasks to queue
[2026-03-28T22:34:37.193+0000] {logging_mixin.py:188} INFO - [2026-03-28T22:34:37.193+0000] {dagbag.py:538} INFO - Filling up the DagBag from /home/airflow/.local/lib/python3.8/site-packages/airflow/example_dags/example_task_group.py
[2026-03-28T22:34:37.208+0000] {processor.py:840} INFO - DAG(s) 'example_task_group' retrieved from /home/airflow/.local/lib/python3.8/site-packages/airflow/example_dags/example_task_group.py
[2026-03-28T22:34:37.246+0000] {logging_mixin.py:188} INFO - [2026-03-28T22:34:37.245+0000] {dag.py:3036} INFO - Sync 1 DAGs
[2026-03-28T22:34:37.284+0000] {logging_mixin.py:188} INFO - [2026-03-28T22:34:37.283+0000] {dag.py:3823} INFO - Setting next_dagrun for example_task_group to 2026-03-27 00:00:00+00:00, run_after=2026-03-28 00:00:00+00:00
[2026-03-28T22:34:37.317+0000] {processor.py:183} INFO - Processing /home/airflow/.local/lib/python3.8/site-packages/airflow/example_dags/example_task_group.py took 0.133 seconds
[2026-03-28T22:35:07.581+0000] {processor.py:161} INFO - Started process (PID=223) to work on /home/airflow/.local/lib/python3.8/site-packages/airflow/example_dags/example_task_group.py
[2026-03-28T22:35:07.584+0000] {processor.py:830} INFO - Processing file /home/airflow/.local/lib/python3.8/site-packages/airflow/example_dags/example_task_group.py for tasks to queue
[2026-03-28T22:35:07.589+0000] {logging_mixin.py:188} INFO - [2026-03-28T22:35:07.588+0000] {dagbag.py:538} INFO - Filling up the DagBag from /home/airflow/.local/lib/python3.8/site-packages/airflow/example_dags/example_task_group.py
[2026-03-28T22:35:07.597+0000] {processor.py:840} INFO - DAG(s) 'example_task_group' retrieved from /home/airflow/.local/lib/python3.8/site-packages/airflow/example_dags/example_task_group.py
[2026-03-28T22:35:07.624+0000] {logging_mixin.py:188} INFO - [2026-03-28T22:35:07.624+0000] {dag.py:3036} INFO - Sync 1 DAGs
[2026-03-28T22:35:07.647+0000] {logging_mixin.py:188} INFO - [2026-03-28T22:35:07.647+0000] {dag.py:3823} INFO - Setting next_dagrun for example_task_group to 2026-03-27 00:00:00+00:00, run_after=2026-03-28 00:00:00+00:00
[2026-03-28T22:35:07.669+0000] {processor.py:183} INFO - Processing /home/airflow/.local/lib/python3.8/site-packages/airflow/example_dags/example_task_group.py took 0.093 seconds
[2026-03-28T22:35:37.805+0000] {processor.py:161} INFO - Started process (PID=279) to work on /home/airflow/.local/lib/python3.8/site-packages/airflow/example_dags/example_task_group.py
[2026-03-28T22:35:37.806+0000] {processor.py:830} INFO - Processing file /home/airflow/.local/lib/python3.8/site-packages/airflow/example_dags/example_task_group.py for tasks to queue
[2026-03-28T22:35:37.810+0000] {logging_mixin.py:188} INFO - [2026-03-28T22:35:37.809+0000] {dagbag.py:538} INFO - Filling up the DagBag from /home/airflow/.local/lib/python3.8/site-packages/airflow/example_dags/example_task_group.py
[2026-03-28T22:35:37.818+0000] {processor.py:840} INFO - DAG(s) 'example_task_group' retrieved from /home/airflow/.local/lib/python3.8/site-packages/airflow/example_dags/example_task_group.py
[2026-03-28T22:35:37.843+0000] {logging_mixin.py:188} INFO - [2026-03-28T22:35:37.843+0000] {dag.py:3036} INFO - Sync 1 DAGs
[2026-03-28T22:35:37.864+0000] {logging_mixin.py:188} INFO - [2026-03-28T22:35:37.864+0000] {dag.py:3823} INFO - Setting next_dagrun for example_task_group to 2026-03-27 00:00:00+00:00, run_after=2026-03-28 00:00:00+00:00
[2026-03-28T22:35:37.885+0000] {processor.py:183} INFO - Processing /home/airflow/.local/lib/python3.8/site-packages/airflow/example_dags/example_task_group.py took 0.085 seconds
[2026-03-28T22:36:07.997+0000] {processor.py:161} INFO - Started process (PID=335) to work on /home/airflow/.local/lib/python3.8/site-packages/airflow/example_dags/example_task_group.py
[2026-03-28T22:36:07.998+0000] {processor.py:830} INFO - Processing file /home/airflow/.local/lib/python3.8/site-packages/airflow/example_dags/example_task_group.py for tasks to queue
[2026-03-28T22:36:08.000+0000] {logging_mixin.py:188} INFO - [2026-03-28T22:36:07.999+0000] {dagbag.py:538} INFO - Filling up the DagBag from /home/airflow/.local/lib/python3.8/site-packages/airflow/example_dags/example_task_group.py
[2026-03-28T22:36:08.006+0000] {processor.py:840} INFO - DAG(s) 'example_task_group' retrieved from /home/airflow/.local/lib/python3.8/site-packages/airflow/example_dags/example_task_group.py
[2026-03-28T22:36:08.031+0000] {logging_mixin.py:188} INFO - [2026-03-28T22:36:08.031+0000] {dag.py:3036} INFO - Sync 1 DAGs
[2026-03-28T22:36:08.051+0000] {logging_mixin.py:188} INFO - [2026-03-28T22:36:08.051+0000] {dag.py:3823} INFO - Setting next_dagrun for example_task_group to 2026-03-27 00:00:00+00:00, run_after=2026-03-28 00:00:00+00:00
[2026-03-28T22:36:08.071+0000] {processor.py:183} INFO - Processing /home/airflow/.local/lib/python3.8/site-packages/airflow/example_dags/example_task_group.py took 0.079 seconds
[2026-03-28T22:36:38.649+0000] {processor.py:161} INFO - Started process (PID=391) to work on /home/airflow/.local/lib/python3.8/site-packages/airflow/example_dags/example_task_group.py
[2026-03-28T22:36:38.651+0000] {processor.py:830} INFO - Processing file /home/airflow/.local/lib/python3.8/site-packages/airflow/example_dags/example_task_group.py for tasks to queue
[2026-03-28T22:36:38.653+0000] {logging_mixin.py:188} INFO - [2026-03-28T22:36:38.652+0000] {dagbag.py:538} INFO - Filling up the DagBag from /home/airflow/.local/lib/python3.8/site-packages/airflow/example_dags/example_task_group.py
[2026-03-28T22:36:38.659+0000] {processor.py:840} INFO - DAG(s) 'example_task_group' retrieved from /home/airflow/.local/lib/python3.8/site-packages/airflow/example_dags/example_task_group.py
[2026-03-28T22:36:38.684+0000] {logging_mixin.py:188} INFO - [2026-03-28T22:36:38.684+0000] {dag.py:3036} INFO - Sync 1 DAGs
[2026-03-28T22:36:38.703+0000] {logging_mixin.py:188} INFO - [2026-03-28T22:36:38.703+0000] {dag.py:3823} INFO - Setting next_dagrun for example_task_group to 2026-03-27 00:00:00+00:00, run_after=2026-03-28 00:00:00+00:00
[2026-03-28T22:36:38.724+0000] {processor.py:183} INFO - Processing /home/airflow/.local/lib/python3.8/site-packages/airflow/example_dags/example_task_group.py took 0.078 seconds
[2026-03-28T22:37:43.456+0000] {processor.py:161} INFO - Started process (PID=93) to work on /home/airflow/.local/lib/python3.8/site-packages/airflow/example_dags/example_task_group.py
[2026-03-28T22:37:43.458+0000] {processor.py:830} INFO - Processing file /home/airflow/.local/lib/python3.8/site-packages/airflow/example_dags/example_task_group.py for tasks to queue
[2026-03-28T22:37:43.461+0000] {logging_mixin.py:188} INFO - [2026-03-28T22:37:43.461+0000] {dagbag.py:538} INFO - Filling up the DagBag from /home/airflow/.local/lib/python3.8/site-packages/airflow/example_dags/example_task_group.py
[2026-03-28T22:37:43.473+0000] {processor.py:840} INFO - DAG(s) 'example_task_group' retrieved from /home/airflow/.local/lib/python3.8/site-packages/airflow/example_dags/example_task_group.py
[2026-03-28T22:37:43.502+0000] {logging_mixin.py:188} INFO - [2026-03-28T22:37:43.501+0000] {dag.py:3036} INFO - Sync 1 DAGs
[2026-03-28T22:37:43.539+0000] {logging_mixin.py:188} INFO - [2026-03-28T22:37:43.539+0000] {dag.py:3823} INFO - Setting next_dagrun for example_task_group to 2026-03-27 00:00:00+00:00, run_after=2026-03-28 00:00:00+00:00
[2026-03-28T22:37:43.583+0000] {processor.py:183} INFO - Processing /home/airflow/.local/lib/python3.8/site-packages/airflow/example_dags/example_task_group.py took 0.130 seconds
[2026-03-28T22:38:15.507+0000] {processor.py:161} INFO - Started process (PID=149) to work on /home/airflow/.local/lib/python3.8/site-packages/airflow/example_dags/example_task_group.py
[2026-03-28T22:38:15.508+0000] {processor.py:830} INFO - Processing file /home/airflow/.local/lib/python3.8/site-packages/airflow/example_dags/example_task_group.py for tasks to queue
[2026-03-28T22:38:15.511+0000] {logging_mixin.py:188} INFO - [2026-03-28T22:38:15.511+0000] {dagbag.py:538} INFO - Filling up the DagBag from /home/airflow/.local/lib/python3.8/site-packages/airflow/example_dags/example_task_group.py
[2026-03-28T22:38:15.520+0000] {processor.py:840} INFO - DAG(s) 'example_task_group' retrieved from /home/airflow/.local/lib/python3.8/site-packages/airflow/example_dags/example_task_group.py
[2026-03-28T22:38:15.645+0000] {logging_mixin.py:188} INFO - [2026-03-28T22:38:15.644+0000] {dag.py:3036} INFO - Sync 1 DAGs
[2026-03-28T22:38:15.668+0000] {logging_mixin.py:188} INFO - [2026-03-28T22:38:15.668+0000] {dag.py:3823} INFO - Setting next_dagrun for example_task_group to 2026-03-27 00:00:00+00:00, run_after=2026-03-28 00:00:00+00:00
[2026-03-28T22:38:15.694+0000] {processor.py:183} INFO - Processing /home/airflow/.local/lib/python3.8/site-packages/airflow/example_dags/example_task_group.py took 0.192 seconds
[2026-03-28T22:38:45.749+0000] {processor.py:161} INFO - Started process (PID=205) to work on /home/airflow/.local/lib/python3.8/site-packages/airflow/example_dags/example_task_group.py
[2026-03-28T22:38:45.750+0000] {processor.py:830} INFO - Processing file /home/airflow/.local/lib/python3.8/site-packages/airflow/example_dags/example_task_group.py for tasks to queue
[2026-03-28T22:38:45.753+0000] {logging_mixin.py:188} INFO - [2026-03-28T22:38:45.752+0000] {dagbag.py:538} INFO - Filling up the DagBag from /home/airflow/.local/lib/python3.8/site-packages/airflow/example_dags/example_task_group.py
[2026-03-28T22:38:45.765+0000] {processor.py:840} INFO - DAG(s) 'example_task_group' retrieved from /home/airflow/.local/lib/python3.8/site-packages/airflow/example_dags/example_task_group.py
[2026-03-28T22:38:45.805+0000] {logging_mixin.py:188} INFO - [2026-03-28T22:38:45.804+0000] {dag.py:3036} INFO - Sync 1 DAGs
[2026-03-28T22:38:45.838+0000] {logging_mixin.py:188} INFO - [2026-03-28T22:38:45.837+0000] {dag.py:3823} INFO - Setting next_dagrun for example_task_group to 2026-03-27 00:00:00+00:00, run_after=2026-03-28 00:00:00+00:00
[2026-03-28T22:38:45.861+0000] {processor.py:183} INFO - Processing /home/airflow/.local/lib/python3.8/site-packages/airflow/example_dags/example_task_group.py took 0.117 seconds
[2026-03-28T22:39:15.985+0000] {processor.py:161} INFO - Started process (PID=261) to work on /home/airflow/.local/lib/python3.8/site-packages/airflow/example_dags/example_task_group.py
[2026-03-28T22:39:15.987+0000] {processor.py:830} INFO - Processing file /home/airflow/.local/lib/python3.8/site-packages/airflow/example_dags/example_task_group.py for tasks to queue
[2026-03-28T22:39:15.991+0000] {logging_mixin.py:188} INFO - [2026-03-28T22:39:15.990+0000] {dagbag.py:538} INFO - Filling up the DagBag from /home/airflow/.local/lib/python3.8/site-packages/airflow/example_dags/example_task_group.py
[2026-03-28T22:39:16.000+0000] {processor.py:840} INFO - DAG(s) 'example_task_group' retrieved from /home/airflow/.local/lib/python3.8/site-packages/airflow/example_dags/example_task_group.py
[2026-03-28T22:39:16.028+0000] {logging_mixin.py:188} INFO - [2026-03-28T22:39:16.028+0000] {dag.py:3036} INFO - Sync 1 DAGs
[2026-03-28T22:39:16.055+0000] {logging_mixin.py:188} INFO - [2026-03-28T22:39:16.055+0000] {dag.py:3823} INFO - Setting next_dagrun for example_task_group to 2026-03-27 00:00:00+00:00, run_after=2026-03-28 00:00:00+00:00
[2026-03-28T22:39:16.089+0000] {processor.py:183} INFO - Processing /home/airflow/.local/lib/python3.8/site-packages/airflow/example_dags/example_task_group.py took 0.108 seconds
[2026-03-28T22:39:46.376+0000] {processor.py:161} INFO - Started process (PID=317) to work on /home/airflow/.local/lib/python3.8/site-packages/airflow/example_dags/example_task_group.py
[2026-03-28T22:39:46.379+0000] {processor.py:830} INFO - Processing file /home/airflow/.local/lib/python3.8/site-packages/airflow/example_dags/example_task_group.py for tasks to queue
[2026-03-28T22:39:46.384+0000] {logging_mixin.py:188} INFO - [2026-03-28T22:39:46.382+0000] {dagbag.py:538} INFO - Filling up the DagBag from /home/airflow/.local/lib/python3.8/site-packages/airflow/example_dags/example_task_group.py
[2026-03-28T22:39:46.406+0000] {processor.py:840} INFO - DAG(s) 'example_task_group' retrieved from /home/airflow/.local/lib/python3.8/site-packages/airflow/example_dags/example_task_group.py
[2026-03-28T22:39:46.451+0000] {logging_mixin.py:188} INFO - [2026-03-28T22:39:46.451+0000] {dag.py:3036} INFO - Sync 1 DAGs
[2026-03-28T22:39:46.498+0000] {logging_mixin.py:188} INFO - [2026-03-28T22:39:46.498+0000] {dag.py:3823} INFO - Setting next_dagrun for example_task_group to 2026-03-27 00:00:00+00:00, run_after=2026-03-28 00:00:00+00:00
[2026-03-28T22:39:46.545+0000] {processor.py:183} INFO - Processing /home/airflow/.local/lib/python3.8/site-packages/airflow/example_dags/example_task_group.py took 0.178 seconds
[2026-03-28T22:40:17.122+0000] {processor.py:161} INFO - Started process (PID=373) to work on /home/airflow/.local/lib/python3.8/site-packages/airflow/example_dags/example_task_group.py
[2026-03-28T22:40:17.123+0000] {processor.py:830} INFO - Processing file /home/airflow/.local/lib/python3.8/site-packages/airflow/example_dags/example_task_group.py for tasks to queue
[2026-03-28T22:40:17.127+0000] {logging_mixin.py:188} INFO - [2026-03-28T22:40:17.126+0000] {dagbag.py:538} INFO - Filling up the DagBag from /home/airflow/.local/lib/python3.8/site-packages/airflow/example_dags/example_task_group.py
[2026-03-28T22:40:17.138+0000] {processor.py:840} INFO - DAG(s) 'example_task_group' retrieved from /home/airflow/.local/lib/python3.8/site-packages/airflow/example_dags/example_task_group.py
[2026-03-28T22:40:17.171+0000] {logging_mixin.py:188} INFO - [2026-03-28T22:40:17.170+0000] {dag.py:3036} INFO - Sync 1 DAGs
[2026-03-28T22:40:17.215+0000] {logging_mixin.py:188} INFO - [2026-03-28T22:40:17.215+0000] {dag.py:3823} INFO - Setting next_dagrun for example_task_group to 2026-03-27 00:00:00+00:00, run_after=2026-03-28 00:00:00+00:00
[2026-03-28T22:40:17.258+0000] {processor.py:183} INFO - Processing /home/airflow/.local/lib/python3.8/site-packages/airflow/example_dags/example_task_group.py took 0.141 seconds
[2026-03-28T22:40:47.811+0000] {processor.py:161} INFO - Started process (PID=429) to work on /home/airflow/.local/lib/python3.8/site-packages/airflow/example_dags/example_task_group.py
[2026-03-28T22:40:47.813+0000] {processor.py:830} INFO - Processing file /home/airflow/.local/lib/python3.8/site-packages/airflow/example_dags/example_task_group.py for tasks to queue
[2026-03-28T22:40:47.817+0000] {logging_mixin.py:188} INFO - [2026-03-28T22:40:47.816+0000] {dagbag.py:538} INFO - Filling up the DagBag from /home/airflow/.local/lib/python3.8/site-packages/airflow/example_dags/example_task_group.py
[2026-03-28T22:40:47.831+0000] {processor.py:840} INFO - DAG(s) 'example_task_group' retrieved from /home/airflow/.local/lib/python3.8/site-packages/airflow/example_dags/example_task_group.py
[2026-03-28T22:40:47.879+0000] {logging_mixin.py:188} INFO - [2026-03-28T22:40:47.878+0000] {dag.py:3036} INFO - Sync 1 DAGs
[2026-03-28T22:40:47.924+0000] {logging_mixin.py:188} INFO - [2026-03-28T22:40:47.924+0000] {dag.py:3823} INFO - Setting next_dagrun for example_task_group to 2026-03-27 00:00:00+00:00, run_after=2026-03-28 00:00:00+00:00
[2026-03-28T22:40:47.956+0000] {processor.py:183} INFO - Processing /home/airflow/.local/lib/python3.8/site-packages/airflow/example_dags/example_task_group.py took 0.152 seconds
[2026-03-28T22:41:18.865+0000] {processor.py:161} INFO - Started process (PID=485) to work on /home/airflow/.local/lib/python3.8/site-packages/airflow/example_dags/example_task_group.py
[2026-03-28T22:41:18.866+0000] {processor.py:830} INFO - Processing file /home/airflow/.local/lib/python3.8/site-packages/airflow/example_dags/example_task_group.py for tasks to queue
[2026-03-28T22:41:18.870+0000] {logging_mixin.py:188} INFO - [2026-03-28T22:41:18.870+0000] {dagbag.py:538} INFO - Filling up the DagBag from /home/airflow/.local/lib/python3.8/site-packages/airflow/example_dags/example_task_group.py
[2026-03-28T22:41:18.881+0000] {processor.py:840} INFO - DAG(s) 'example_task_group' retrieved from /home/airflow/.local/lib/python3.8/site-packages/airflow/example_dags/example_task_group.py
[2026-03-28T22:41:18.907+0000] {logging_mixin.py:188} INFO - [2026-03-28T22:41:18.906+0000] {dag.py:3036} INFO - Sync 1 DAGs
[2026-03-28T22:41:18.969+0000] {logging_mixin.py:188} INFO - [2026-03-28T22:41:18.968+0000] {dag.py:3823} INFO - Setting next_dagrun for example_task_group to 2026-03-27 00:00:00+00:00, run_after=2026-03-28 00:00:00+00:00
[2026-03-28T22:41:19.009+0000] {processor.py:183} INFO - Processing /home/airflow/.local/lib/python3.8/site-packages/airflow/example_dags/example_task_group.py took 0.148 seconds
[2026-03-28T22:41:49.615+0000] {processor.py:161} INFO - Started process (PID=541) to work on /home/airflow/.local/lib/python3.8/site-packages/airflow/example_dags/example_task_group.py
[2026-03-28T22:41:49.618+0000] {processor.py:830} INFO - Processing file /home/airflow/.local/lib/python3.8/site-packages/airflow/example_dags/example_task_group.py for tasks to queue
[2026-03-28T22:41:49.623+0000] {logging_mixin.py:188} INFO - [2026-03-28T22:41:49.622+0000] {dagbag.py:538} INFO - Filling up the DagBag from /home/airflow/.local/lib/python3.8/site-packages/airflow/example_dags/example_task_group.py
[2026-03-28T22:41:49.632+0000] {processor.py:840} INFO - DAG(s) 'example_task_group' retrieved from /home/airflow/.local/lib/python3.8/site-packages/airflow/example_dags/example_task_group.py
[2026-03-28T22:41:49.801+0000] {logging_mixin.py:188} INFO - [2026-03-28T22:41:49.801+0000] {dag.py:3036} INFO - Sync 1 DAGs
[2026-03-28T22:41:49.831+0000] {logging_mixin.py:188} INFO - [2026-03-28T22:41:49.831+0000] {dag.py:3823} INFO - Setting next_dagrun for example_task_group to 2026-03-27 00:00:00+00:00, run_after=2026-03-28 00:00:00+00:00
[2026-03-28T22:41:49.866+0000] {processor.py:183} INFO - Processing /home/airflow/.local/lib/python3.8/site-packages/airflow/example_dags/example_task_group.py took 0.255 seconds
[2026-03-28T22:42:20.150+0000] {processor.py:161} INFO - Started process (PID=597) to work on /home/airflow/.local/lib/python3.8/site-packages/airflow/example_dags/example_task_group.py
[2026-03-28T22:42:20.153+0000] {processor.py:830} INFO - Processing file /home/airflow/.local/lib/python3.8/site-packages/airflow/example_dags/example_task_group.py for tasks to queue
[2026-03-28T22:42:20.156+0000] {logging_mixin.py:188} INFO - [2026-03-28T22:42:20.156+0000] {dagbag.py:538} INFO - Filling up the DagBag from /home/airflow/.local/lib/python3.8/site-packages/airflow/example_dags/example_task_group.py
[2026-03-28T22:42:20.165+0000] {processor.py:840} INFO - DAG(s) 'example_task_group' retrieved from /home/airflow/.local/lib/python3.8/site-packages/airflow/example_dags/example_task_group.py
[2026-03-28T22:42:20.205+0000] {logging_mixin.py:188} INFO - [2026-03-28T22:42:20.205+0000] {dag.py:3036} INFO - Sync 1 DAGs
[2026-03-28T22:42:20.262+0000] {logging_mixin.py:188} INFO - [2026-03-28T22:42:20.262+0000] {dag.py:3823} INFO - Setting next_dagrun for example_task_group to 2026-03-27 00:00:00+00:00, run_after=2026-03-28 00:00:00+00:00
[2026-03-28T22:42:20.310+0000] {processor.py:183} INFO - Processing /home/airflow/.local/lib/python3.8/site-packages/airflow/example_dags/example_task_group.py took 0.165 seconds
[2026-03-28T22:42:50.865+0000] {processor.py:161} INFO - Started process (PID=653) to work on /home/airflow/.local/lib/python3.8/site-packages/airflow/example_dags/example_task_group.py
[2026-03-28T22:42:50.866+0000] {processor.py:830} INFO - Processing file /home/airflow/.local/lib/python3.8/site-packages/airflow/example_dags/example_task_group.py for tasks to queue
[2026-03-28T22:42:50.868+0000] {logging_mixin.py:188} INFO - [2026-03-28T22:42:50.868+0000] {dagbag.py:538} INFO - Filling up the DagBag from /home/airflow/.local/lib/python3.8/site-packages/airflow/example_dags/example_task_group.py
[2026-03-28T22:42:50.876+0000] {processor.py:840} INFO - DAG(s) 'example_task_group' retrieved from /home/airflow/.local/lib/python3.8/site-packages/airflow/example_dags/example_task_group.py
[2026-03-28T22:42:50.912+0000] {logging_mixin.py:188} INFO - [2026-03-28T22:42:50.911+0000] {dag.py:3036} INFO - Sync 1 DAGs
[2026-03-28T22:42:50.952+0000] {logging_mixin.py:188} INFO - [2026-03-28T22:42:50.952+0000] {dag.py:3823} INFO - Setting next_dagrun for example_task_group to 2026-03-27 00:00:00+00:00, run_after=2026-03-28 00:00:00+00:00
[2026-03-28T22:42:51.023+0000] {processor.py:183} INFO - Processing /home/airflow/.local/lib/python3.8/site-packages/airflow/example_dags/example_task_group.py took 0.161 seconds
[2026-03-28T22:43:21.719+0000] {processor.py:161} INFO - Started process (PID=710) to work on /home/airflow/.local/lib/python3.8/site-packages/airflow/example_dags/example_task_group.py
[2026-03-28T22:43:21.721+0000] {processor.py:830} INFO - Processing file /home/airflow/.local/lib/python3.8/site-packages/airflow/example_dags/example_task_group.py for tasks to queue
[2026-03-28T22:43:21.723+0000] {logging_mixin.py:188} INFO - [2026-03-28T22:43:21.723+0000] {dagbag.py:538} INFO - Filling up the DagBag from /home/airflow/.local/lib/python3.8/site-packages/airflow/example_dags/example_task_group.py
[2026-03-28T22:43:21.731+0000] {processor.py:840} INFO - DAG(s) 'example_task_group' retrieved from /home/airflow/.local/lib/python3.8/site-packages/airflow/example_dags/example_task_group.py
[2026-03-28T22:43:21.756+0000] {logging_mixin.py:188} INFO - [2026-03-28T22:43:21.756+0000] {dag.py:3036} INFO - Sync 1 DAGs
[2026-03-28T22:43:21.779+0000] {logging_mixin.py:188} INFO - [2026-03-28T22:43:21.778+0000] {dag.py:3823} INFO - Setting next_dagrun for example_task_group to 2026-03-27 00:00:00+00:00, run_after=2026-03-28 00:00:00+00:00
[2026-03-28T22:43:21.804+0000] {processor.py:183} INFO - Processing /home/airflow/.local/lib/python3.8/site-packages/airflow/example_dags/example_task_group.py took 0.088 seconds
[2026-03-28T22:43:52.031+0000] {processor.py:161} INFO - Started process (PID=766) to work on /home/airflow/.local/lib/python3.8/site-packages/airflow/example_dags/example_task_group.py
[2026-03-28T22:43:52.032+0000] {processor.py:830} INFO - Processing file /home/airflow/.local/lib/python3.8/site-packages/airflow/example_dags/example_task_group.py for tasks to queue
[2026-03-28T22:43:52.034+0000] {logging_mixin.py:188} INFO - [2026-03-28T22:43:52.034+0000] {dagbag.py:538} INFO - Filling up the DagBag from /home/airflow/.local/lib/python3.8/site-packages/airflow/example_dags/example_task_group.py
[2026-03-28T22:43:52.041+0000] {processor.py:840} INFO - DAG(s) 'example_task_group' retrieved from /home/airflow/.local/lib/python3.8/site-packages/airflow/example_dags/example_task_group.py
[2026-03-28T22:43:52.069+0000] {logging_mixin.py:188} INFO - [2026-03-28T22:43:52.068+0000] {dag.py:3036} INFO - Sync 1 DAGs
[2026-03-28T22:43:52.091+0000] {logging_mixin.py:188} INFO - [2026-03-28T22:43:52.090+0000] {dag.py:3823} INFO - Setting next_dagrun for example_task_group to 2026-03-27 00:00:00+00:00, run_after=2026-03-28 00:00:00+00:00
[2026-03-28T22:43:52.112+0000] {processor.py:183} INFO - Processing /home/airflow/.local/lib/python3.8/site-packages/airflow/example_dags/example_task_group.py took 0.084 seconds
[2026-03-28T22:44:22.431+0000] {processor.py:161} INFO - Started process (PID=821) to work on /home/airflow/.local/lib/python3.8/site-packages/airflow/example_dags/example_task_group.py
[2026-03-28T22:44:22.432+0000] {processor.py:830} INFO - Processing file /home/airflow/.local/lib/python3.8/site-packages/airflow/example_dags/example_task_group.py for tasks to queue
[2026-03-28T22:44:22.436+0000] {logging_mixin.py:188} INFO - [2026-03-28T22:44:22.435+0000] {dagbag.py:538} INFO - Filling up the DagBag from /home/airflow/.local/lib/python3.8/site-packages/airflow/example_dags/example_task_group.py
[2026-03-28T22:44:22.443+0000] {processor.py:840} INFO - DAG(s) 'example_task_group' retrieved from /home/airflow/.local/lib/python3.8/site-packages/airflow/example_dags/example_task_group.py
[2026-03-28T22:44:22.468+0000] {logging_mixin.py:188} INFO - [2026-03-28T22:44:22.468+0000] {dag.py:3036} INFO - Sync 1 DAGs
[2026-03-28T22:44:22.489+0000] {logging_mixin.py:188} INFO - [2026-03-28T22:44:22.489+0000] {dag.py:3823} INFO - Setting next_dagrun for example_task_group to 2026-03-27 00:00:00+00:00, run_after=2026-03-28 00:00:00+00:00
[2026-03-28T22:44:22.511+0000] {processor.py:183} INFO - Processing /home/airflow/.local/lib/python3.8/site-packages/airflow/example_dags/example_task_group.py took 0.083 seconds
[2026-03-28T22:44:52.635+0000] {processor.py:161} INFO - Started process (PID=877) to work on /home/airflow/.local/lib/python3.8/site-packages/airflow/example_dags/example_task_group.py
[2026-03-28T22:44:52.636+0000] {processor.py:830} INFO - Processing file /home/airflow/.local/lib/python3.8/site-packages/airflow/example_dags/example_task_group.py for tasks to queue
[2026-03-28T22:44:52.638+0000] {logging_mixin.py:188} INFO - [2026-03-28T22:44:52.638+0000] {dagbag.py:538} INFO - Filling up the DagBag from /home/airflow/.local/lib/python3.8/site-packages/airflow/example_dags/example_task_group.py
[2026-03-28T22:44:52.645+0000] {processor.py:840} INFO - DAG(s) 'example_task_group' retrieved from /home/airflow/.local/lib/python3.8/site-packages/airflow/example_dags/example_task_group.py
[2026-03-28T22:44:52.666+0000] {logging_mixin.py:188} INFO - [2026-03-28T22:44:52.665+0000] {dag.py:3036} INFO - Sync 1 DAGs
[2026-03-28T22:44:52.687+0000] {logging_mixin.py:188} INFO - [2026-03-28T22:44:52.687+0000] {dag.py:3823} INFO - Setting next_dagrun for example_task_group to 2026-03-27 00:00:00+00:00, run_after=2026-03-28 00:00:00+00:00
[2026-03-28T22:44:52.707+0000] {processor.py:183} INFO - Processing /home/airflow/.local/lib/python3.8/site-packages/airflow/example_dags/example_task_group.py took 0.077 seconds
[2026-03-28T22:45:23.368+0000] {processor.py:161} INFO - Started process (PID=933) to work on /home/airflow/.local/lib/python3.8/site-packages/airflow/example_dags/example_task_group.py
[2026-03-28T22:45:23.369+0000] {processor.py:830} INFO - Processing file /home/airflow/.local/lib/python3.8/site-packages/airflow/example_dags/example_task_group.py for tasks to queue
[2026-03-28T22:45:23.371+0000] {logging_mixin.py:188} INFO - [2026-03-28T22:45:23.371+0000] {dagbag.py:538} INFO - Filling up the DagBag from /home/airflow/.local/lib/python3.8/site-packages/airflow/example_dags/example_task_group.py
[2026-03-28T22:45:23.380+0000] {processor.py:840} INFO - DAG(s) 'example_task_group' retrieved from /home/airflow/.local/lib/python3.8/site-packages/airflow/example_dags/example_task_group.py
[2026-03-28T22:45:23.403+0000] {logging_mixin.py:188} INFO - [2026-03-28T22:45:23.403+0000] {dag.py:3036} INFO - Sync 1 DAGs
[2026-03-28T22:45:23.426+0000] {logging_mixin.py:188} INFO - [2026-03-28T22:45:23.426+0000] {dag.py:3823} INFO - Setting next_dagrun for example_task_group to 2026-03-27 00:00:00+00:00, run_after=2026-03-28 00:00:00+00:00
[2026-03-28T22:45:23.448+0000] {processor.py:183} INFO - Processing /home/airflow/.local/lib/python3.8/site-packages/airflow/example_dags/example_task_group.py took 0.084 seconds
[2026-03-28T22:45:53.950+0000] {processor.py:161} INFO - Started process (PID=989) to work on /home/airflow/.local/lib/python3.8/site-packages/airflow/example_dags/example_task_group.py
[2026-03-28T22:45:53.951+0000] {processor.py:830} INFO - Processing file /home/airflow/.local/lib/python3.8/site-packages/airflow/example_dags/example_task_group.py for tasks to queue
[2026-03-28T22:45:53.953+0000] {logging_mixin.py:188} INFO - [2026-03-28T22:45:53.953+0000] {dagbag.py:538} INFO - Filling up the DagBag from /home/airflow/.local/lib/python3.8/site-packages/airflow/example_dags/example_task_group.py
[2026-03-28T22:45:53.960+0000] {processor.py:840} INFO - DAG(s) 'example_task_group' retrieved from /home/airflow/.local/lib/python3.8/site-packages/airflow/example_dags/example_task_group.py
[2026-03-28T22:45:53.986+0000] {logging_mixin.py:188} INFO - [2026-03-28T22:45:53.986+0000] {dag.py:3036} INFO - Sync 1 DAGs
[2026-03-28T22:45:54.010+0000] {logging_mixin.py:188} INFO - [2026-03-28T22:45:54.010+0000] {dag.py:3823} INFO - Setting next_dagrun for example_task_group to 2026-03-27 00:00:00+00:00, run_after=2026-03-28 00:00:00+00:00
[2026-03-28T22:45:54.037+0000] {processor.py:183} INFO - Processing /home/airflow/.local/lib/python3.8/site-packages/airflow/example_dags/example_task_group.py took 0.092 seconds
[2026-03-28T22:46:41.673+0000] {processor.py:161} INFO - Started process (PID=1044) to work on /home/airflow/.local/lib/python3.8/site-packages/airflow/example_dags/example_task_group.py
[2026-03-28T22:46:41.685+0000] {processor.py:830} INFO - Processing file /home/airflow/.local/lib/python3.8/site-packages/airflow/example_dags/example_task_group.py for tasks to queue
[2026-03-28T22:46:41.689+0000] {logging_mixin.py:188} INFO - [2026-03-28T22:46:41.688+0000] {dagbag.py:538} INFO - Filling up the DagBag from /home/airflow/.local/lib/python3.8/site-packages/airflow/example_dags/example_task_group.py
[2026-03-28T22:46:41.720+0000] {processor.py:840} INFO - DAG(s) 'example_task_group' retrieved from /home/airflow/.local/lib/python3.8/site-packages/airflow/example_dags/example_task_group.py
[2026-03-28T22:46:41.788+0000] {logging_mixin.py:188} INFO - [2026-03-28T22:46:41.788+0000] {dag.py:3036} INFO - Sync 1 DAGs
[2026-03-28T22:46:41.877+0000] {logging_mixin.py:188} INFO - [2026-03-28T22:46:41.877+0000] {dag.py:3823} INFO - Setting next_dagrun for example_task_group to 2026-03-27 00:00:00+00:00, run_after=2026-03-28 00:00:00+00:00
[2026-03-28T22:46:41.952+0000] {processor.py:183} INFO - Processing /home/airflow/.local/lib/python3.8/site-packages/airflow/example_dags/example_task_group.py took 0.288 seconds
