[2026-03-28T22:09:39.502+0000] {processor.py:161} INFO - Started process (PID=62) to work on /home/airflow/.local/lib/python3.8/site-packages/airflow/example_dags/example_branch_operator.py
[2026-03-28T22:09:39.503+0000] {processor.py:830} INFO - Processing file /home/airflow/.local/lib/python3.8/site-packages/airflow/example_dags/example_branch_operator.py for tasks to queue
[2026-03-28T22:09:39.506+0000] {logging_mixin.py:188} INFO - [2026-03-28T22:09:39.505+0000] {dagbag.py:538} INFO - Filling up the DagBag from /home/airflow/.local/lib/python3.8/site-packages/airflow/example_dags/example_branch_operator.py
[2026-03-28T22:09:39.532+0000] {processor.py:840} INFO - DAG(s) 'example_branch_operator' retrieved from /home/airflow/.local/lib/python3.8/site-packages/airflow/example_dags/example_branch_operator.py
[2026-03-28T22:09:39.665+0000] {logging_mixin.py:188} INFO - [2026-03-28T22:09:39.665+0000] {override.py:1769} INFO - Created Permission View: can edit on DAG:example_branch_operator
[2026-03-28T22:09:39.678+0000] {logging_mixin.py:188} INFO - [2026-03-28T22:09:39.677+0000] {override.py:1769} INFO - Created Permission View: can delete on DAG:example_branch_operator
[2026-03-28T22:09:39.687+0000] {logging_mixin.py:188} INFO - [2026-03-28T22:09:39.687+0000] {override.py:1769} INFO - Created Permission View: can read on DAG:example_branch_operator
[2026-03-28T22:09:39.688+0000] {logging_mixin.py:188} INFO - [2026-03-28T22:09:39.688+0000] {dag.py:3036} INFO - Sync 1 DAGs
[2026-03-28T22:09:39.701+0000] {logging_mixin.py:188} INFO - [2026-03-28T22:09:39.701+0000] {dag.py:3058} INFO - Creating ORM DAG for example_branch_operator
[2026-03-28T22:09:39.713+0000] {logging_mixin.py:188} INFO - [2026-03-28T22:09:39.712+0000] {dag.py:3823} INFO - Setting next_dagrun for example_branch_operator to 2026-03-27 00:00:00+00:00, run_after=2026-03-28 00:00:00+00:00
[2026-03-28T22:09:39.740+0000] {processor.py:183} INFO - Processing /home/airflow/.local/lib/python3.8/site-packages/airflow/example_dags/example_branch_operator.py took 0.242 seconds
[2026-03-28T22:10:10.331+0000] {processor.py:161} INFO - Started process (PID=118) to work on /home/airflow/.local/lib/python3.8/site-packages/airflow/example_dags/example_branch_operator.py
[2026-03-28T22:10:10.332+0000] {processor.py:830} INFO - Processing file /home/airflow/.local/lib/python3.8/site-packages/airflow/example_dags/example_branch_operator.py for tasks to queue
[2026-03-28T22:10:10.334+0000] {logging_mixin.py:188} INFO - [2026-03-28T22:10:10.334+0000] {dagbag.py:538} INFO - Filling up the DagBag from /home/airflow/.local/lib/python3.8/site-packages/airflow/example_dags/example_branch_operator.py
[2026-03-28T22:10:10.354+0000] {processor.py:840} INFO - DAG(s) 'example_branch_operator' retrieved from /home/airflow/.local/lib/python3.8/site-packages/airflow/example_dags/example_branch_operator.py
[2026-03-28T22:10:10.386+0000] {logging_mixin.py:188} INFO - [2026-03-28T22:10:10.386+0000] {dag.py:3036} INFO - Sync 1 DAGs
[2026-03-28T22:10:10.413+0000] {logging_mixin.py:188} INFO - [2026-03-28T22:10:10.412+0000] {dag.py:3823} INFO - Setting next_dagrun for example_branch_operator to 2026-03-27 00:00:00+00:00, run_after=2026-03-28 00:00:00+00:00
[2026-03-28T22:10:10.435+0000] {processor.py:183} INFO - Processing /home/airflow/.local/lib/python3.8/site-packages/airflow/example_dags/example_branch_operator.py took 0.108 seconds
[2026-03-28T22:10:40.820+0000] {processor.py:161} INFO - Started process (PID=180) to work on /home/airflow/.local/lib/python3.8/site-packages/airflow/example_dags/example_branch_operator.py
[2026-03-28T22:10:40.822+0000] {processor.py:830} INFO - Processing file /home/airflow/.local/lib/python3.8/site-packages/airflow/example_dags/example_branch_operator.py for tasks to queue
[2026-03-28T22:10:40.825+0000] {logging_mixin.py:188} INFO - [2026-03-28T22:10:40.825+0000] {dagbag.py:538} INFO - Filling up the DagBag from /home/airflow/.local/lib/python3.8/site-packages/airflow/example_dags/example_branch_operator.py
[2026-03-28T22:10:40.850+0000] {processor.py:840} INFO - DAG(s) 'example_branch_operator' retrieved from /home/airflow/.local/lib/python3.8/site-packages/airflow/example_dags/example_branch_operator.py
[2026-03-28T22:10:40.885+0000] {logging_mixin.py:188} INFO - [2026-03-28T22:10:40.884+0000] {dag.py:3036} INFO - Sync 1 DAGs
[2026-03-28T22:10:40.914+0000] {logging_mixin.py:188} INFO - [2026-03-28T22:10:40.914+0000] {dag.py:3823} INFO - Setting next_dagrun for example_branch_operator to 2026-03-27 00:00:00+00:00, run_after=2026-03-28 00:00:00+00:00
[2026-03-28T22:10:40.943+0000] {processor.py:183} INFO - Processing /home/airflow/.local/lib/python3.8/site-packages/airflow/example_dags/example_branch_operator.py took 0.128 seconds
[2026-03-28T22:11:11.186+0000] {processor.py:161} INFO - Started process (PID=236) to work on /home/airflow/.local/lib/python3.8/site-packages/airflow/example_dags/example_branch_operator.py
[2026-03-28T22:11:11.187+0000] {processor.py:830} INFO - Processing file /home/airflow/.local/lib/python3.8/site-packages/airflow/example_dags/example_branch_operator.py for tasks to queue
[2026-03-28T22:11:11.189+0000] {logging_mixin.py:188} INFO - [2026-03-28T22:11:11.189+0000] {dagbag.py:538} INFO - Filling up the DagBag from /home/airflow/.local/lib/python3.8/site-packages/airflow/example_dags/example_branch_operator.py
[2026-03-28T22:11:11.205+0000] {processor.py:840} INFO - DAG(s) 'example_branch_operator' retrieved from /home/airflow/.local/lib/python3.8/site-packages/airflow/example_dags/example_branch_operator.py
[2026-03-28T22:11:11.235+0000] {logging_mixin.py:188} INFO - [2026-03-28T22:11:11.235+0000] {dag.py:3036} INFO - Sync 1 DAGs
[2026-03-28T22:11:11.261+0000] {logging_mixin.py:188} INFO - [2026-03-28T22:11:11.261+0000] {dag.py:3823} INFO - Setting next_dagrun for example_branch_operator to 2026-03-27 00:00:00+00:00, run_after=2026-03-28 00:00:00+00:00
[2026-03-28T22:11:11.284+0000] {processor.py:183} INFO - Processing /home/airflow/.local/lib/python3.8/site-packages/airflow/example_dags/example_branch_operator.py took 0.102 seconds
[2026-03-28T22:11:41.455+0000] {processor.py:161} INFO - Started process (PID=292) to work on /home/airflow/.local/lib/python3.8/site-packages/airflow/example_dags/example_branch_operator.py
[2026-03-28T22:11:41.457+0000] {processor.py:830} INFO - Processing file /home/airflow/.local/lib/python3.8/site-packages/airflow/example_dags/example_branch_operator.py for tasks to queue
[2026-03-28T22:11:41.459+0000] {logging_mixin.py:188} INFO - [2026-03-28T22:11:41.459+0000] {dagbag.py:538} INFO - Filling up the DagBag from /home/airflow/.local/lib/python3.8/site-packages/airflow/example_dags/example_branch_operator.py
[2026-03-28T22:11:41.476+0000] {processor.py:840} INFO - DAG(s) 'example_branch_operator' retrieved from /home/airflow/.local/lib/python3.8/site-packages/airflow/example_dags/example_branch_operator.py
[2026-03-28T22:11:41.503+0000] {logging_mixin.py:188} INFO - [2026-03-28T22:11:41.503+0000] {dag.py:3036} INFO - Sync 1 DAGs
[2026-03-28T22:11:41.525+0000] {logging_mixin.py:188} INFO - [2026-03-28T22:11:41.524+0000] {dag.py:3823} INFO - Setting next_dagrun for example_branch_operator to 2026-03-27 00:00:00+00:00, run_after=2026-03-28 00:00:00+00:00
[2026-03-28T22:11:41.556+0000] {processor.py:183} INFO - Processing /home/airflow/.local/lib/python3.8/site-packages/airflow/example_dags/example_branch_operator.py took 0.105 seconds
[2026-03-28T22:12:11.784+0000] {processor.py:161} INFO - Started process (PID=348) to work on /home/airflow/.local/lib/python3.8/site-packages/airflow/example_dags/example_branch_operator.py
[2026-03-28T22:12:11.785+0000] {processor.py:830} INFO - Processing file /home/airflow/.local/lib/python3.8/site-packages/airflow/example_dags/example_branch_operator.py for tasks to queue
[2026-03-28T22:12:11.787+0000] {logging_mixin.py:188} INFO - [2026-03-28T22:12:11.787+0000] {dagbag.py:538} INFO - Filling up the DagBag from /home/airflow/.local/lib/python3.8/site-packages/airflow/example_dags/example_branch_operator.py
[2026-03-28T22:12:11.805+0000] {processor.py:840} INFO - DAG(s) 'example_branch_operator' retrieved from /home/airflow/.local/lib/python3.8/site-packages/airflow/example_dags/example_branch_operator.py
[2026-03-28T22:12:11.836+0000] {logging_mixin.py:188} INFO - [2026-03-28T22:12:11.836+0000] {dag.py:3036} INFO - Sync 1 DAGs
[2026-03-28T22:12:11.867+0000] {logging_mixin.py:188} INFO - [2026-03-28T22:12:11.867+0000] {dag.py:3823} INFO - Setting next_dagrun for example_branch_operator to 2026-03-27 00:00:00+00:00, run_after=2026-03-28 00:00:00+00:00
[2026-03-28T22:12:11.891+0000] {processor.py:183} INFO - Processing /home/airflow/.local/lib/python3.8/site-packages/airflow/example_dags/example_branch_operator.py took 0.110 seconds
[2026-03-28T22:12:42.012+0000] {processor.py:161} INFO - Started process (PID=404) to work on /home/airflow/.local/lib/python3.8/site-packages/airflow/example_dags/example_branch_operator.py
[2026-03-28T22:12:42.013+0000] {processor.py:830} INFO - Processing file /home/airflow/.local/lib/python3.8/site-packages/airflow/example_dags/example_branch_operator.py for tasks to queue
[2026-03-28T22:12:42.015+0000] {logging_mixin.py:188} INFO - [2026-03-28T22:12:42.015+0000] {dagbag.py:538} INFO - Filling up the DagBag from /home/airflow/.local/lib/python3.8/site-packages/airflow/example_dags/example_branch_operator.py
[2026-03-28T22:12:42.032+0000] {processor.py:840} INFO - DAG(s) 'example_branch_operator' retrieved from /home/airflow/.local/lib/python3.8/site-packages/airflow/example_dags/example_branch_operator.py
[2026-03-28T22:12:42.061+0000] {logging_mixin.py:188} INFO - [2026-03-28T22:12:42.060+0000] {dag.py:3036} INFO - Sync 1 DAGs
[2026-03-28T22:12:42.082+0000] {logging_mixin.py:188} INFO - [2026-03-28T22:12:42.082+0000] {dag.py:3823} INFO - Setting next_dagrun for example_branch_operator to 2026-03-27 00:00:00+00:00, run_after=2026-03-28 00:00:00+00:00
[2026-03-28T22:12:42.106+0000] {processor.py:183} INFO - Processing /home/airflow/.local/lib/python3.8/site-packages/airflow/example_dags/example_branch_operator.py took 0.097 seconds
[2026-03-28T22:13:12.187+0000] {processor.py:161} INFO - Started process (PID=460) to work on /home/airflow/.local/lib/python3.8/site-packages/airflow/example_dags/example_branch_operator.py
[2026-03-28T22:13:12.188+0000] {processor.py:830} INFO - Processing file /home/airflow/.local/lib/python3.8/site-packages/airflow/example_dags/example_branch_operator.py for tasks to queue
[2026-03-28T22:13:12.190+0000] {logging_mixin.py:188} INFO - [2026-03-28T22:13:12.190+0000] {dagbag.py:538} INFO - Filling up the DagBag from /home/airflow/.local/lib/python3.8/site-packages/airflow/example_dags/example_branch_operator.py
[2026-03-28T22:13:12.206+0000] {processor.py:840} INFO - DAG(s) 'example_branch_operator' retrieved from /home/airflow/.local/lib/python3.8/site-packages/airflow/example_dags/example_branch_operator.py
[2026-03-28T22:13:12.233+0000] {logging_mixin.py:188} INFO - [2026-03-28T22:13:12.233+0000] {dag.py:3036} INFO - Sync 1 DAGs
[2026-03-28T22:13:12.259+0000] {logging_mixin.py:188} INFO - [2026-03-28T22:13:12.259+0000] {dag.py:3823} INFO - Setting next_dagrun for example_branch_operator to 2026-03-27 00:00:00+00:00, run_after=2026-03-28 00:00:00+00:00
[2026-03-28T22:13:12.284+0000] {processor.py:183} INFO - Processing /home/airflow/.local/lib/python3.8/site-packages/airflow/example_dags/example_branch_operator.py took 0.101 seconds
[2026-03-28T22:14:05.383+0000] {processor.py:161} INFO - Started process (PID=61) to work on /home/airflow/.local/lib/python3.8/site-packages/airflow/example_dags/example_branch_operator.py
[2026-03-28T22:14:05.385+0000] {processor.py:830} INFO - Processing file /home/airflow/.local/lib/python3.8/site-packages/airflow/example_dags/example_branch_operator.py for tasks to queue
[2026-03-28T22:14:05.388+0000] {logging_mixin.py:188} INFO - [2026-03-28T22:14:05.387+0000] {dagbag.py:538} INFO - Filling up the DagBag from /home/airflow/.local/lib/python3.8/site-packages/airflow/example_dags/example_branch_operator.py
[2026-03-28T22:14:05.432+0000] {processor.py:840} INFO - DAG(s) 'example_branch_operator' retrieved from /home/airflow/.local/lib/python3.8/site-packages/airflow/example_dags/example_branch_operator.py
[2026-03-28T22:14:05.451+0000] {logging_mixin.py:188} INFO - [2026-03-28T22:14:05.451+0000] {dag.py:3036} INFO - Sync 1 DAGs
[2026-03-28T22:14:05.493+0000] {logging_mixin.py:188} INFO - [2026-03-28T22:14:05.493+0000] {dag.py:3823} INFO - Setting next_dagrun for example_branch_operator to 2026-03-27 00:00:00+00:00, run_after=2026-03-28 00:00:00+00:00
[2026-03-28T22:14:05.528+0000] {processor.py:183} INFO - Processing /home/airflow/.local/lib/python3.8/site-packages/airflow/example_dags/example_branch_operator.py took 0.150 seconds
[2026-03-28T22:14:35.968+0000] {processor.py:161} INFO - Started process (PID=122) to work on /home/airflow/.local/lib/python3.8/site-packages/airflow/example_dags/example_branch_operator.py
[2026-03-28T22:14:35.969+0000] {processor.py:830} INFO - Processing file /home/airflow/.local/lib/python3.8/site-packages/airflow/example_dags/example_branch_operator.py for tasks to queue
[2026-03-28T22:14:35.972+0000] {logging_mixin.py:188} INFO - [2026-03-28T22:14:35.971+0000] {dagbag.py:538} INFO - Filling up the DagBag from /home/airflow/.local/lib/python3.8/site-packages/airflow/example_dags/example_branch_operator.py
[2026-03-28T22:14:35.986+0000] {processor.py:840} INFO - DAG(s) 'example_branch_operator' retrieved from /home/airflow/.local/lib/python3.8/site-packages/airflow/example_dags/example_branch_operator.py
[2026-03-28T22:14:36.085+0000] {logging_mixin.py:188} INFO - [2026-03-28T22:14:36.084+0000] {dag.py:3036} INFO - Sync 1 DAGs
[2026-03-28T22:14:36.103+0000] {logging_mixin.py:188} INFO - [2026-03-28T22:14:36.103+0000] {dag.py:3823} INFO - Setting next_dagrun for example_branch_operator to 2026-03-27 00:00:00+00:00, run_after=2026-03-28 00:00:00+00:00
[2026-03-28T22:14:36.126+0000] {processor.py:183} INFO - Processing /home/airflow/.local/lib/python3.8/site-packages/airflow/example_dags/example_branch_operator.py took 0.161 seconds
[2026-03-28T22:15:06.338+0000] {processor.py:161} INFO - Started process (PID=178) to work on /home/airflow/.local/lib/python3.8/site-packages/airflow/example_dags/example_branch_operator.py
[2026-03-28T22:15:06.339+0000] {processor.py:830} INFO - Processing file /home/airflow/.local/lib/python3.8/site-packages/airflow/example_dags/example_branch_operator.py for tasks to queue
[2026-03-28T22:15:06.341+0000] {logging_mixin.py:188} INFO - [2026-03-28T22:15:06.341+0000] {dagbag.py:538} INFO - Filling up the DagBag from /home/airflow/.local/lib/python3.8/site-packages/airflow/example_dags/example_branch_operator.py
[2026-03-28T22:15:06.359+0000] {processor.py:840} INFO - DAG(s) 'example_branch_operator' retrieved from /home/airflow/.local/lib/python3.8/site-packages/airflow/example_dags/example_branch_operator.py
[2026-03-28T22:15:06.388+0000] {logging_mixin.py:188} INFO - [2026-03-28T22:15:06.388+0000] {dag.py:3036} INFO - Sync 1 DAGs
[2026-03-28T22:15:06.415+0000] {logging_mixin.py:188} INFO - [2026-03-28T22:15:06.414+0000] {dag.py:3823} INFO - Setting next_dagrun for example_branch_operator to 2026-03-27 00:00:00+00:00, run_after=2026-03-28 00:00:00+00:00
[2026-03-28T22:15:06.435+0000] {processor.py:183} INFO - Processing /home/airflow/.local/lib/python3.8/site-packages/airflow/example_dags/example_branch_operator.py took 0.103 seconds
[2026-03-28T22:15:36.668+0000] {processor.py:161} INFO - Started process (PID=234) to work on /home/airflow/.local/lib/python3.8/site-packages/airflow/example_dags/example_branch_operator.py
[2026-03-28T22:15:36.669+0000] {processor.py:830} INFO - Processing file /home/airflow/.local/lib/python3.8/site-packages/airflow/example_dags/example_branch_operator.py for tasks to queue
[2026-03-28T22:15:36.671+0000] {logging_mixin.py:188} INFO - [2026-03-28T22:15:36.671+0000] {dagbag.py:538} INFO - Filling up the DagBag from /home/airflow/.local/lib/python3.8/site-packages/airflow/example_dags/example_branch_operator.py
[2026-03-28T22:15:36.693+0000] {processor.py:840} INFO - DAG(s) 'example_branch_operator' retrieved from /home/airflow/.local/lib/python3.8/site-packages/airflow/example_dags/example_branch_operator.py
[2026-03-28T22:15:36.727+0000] {logging_mixin.py:188} INFO - [2026-03-28T22:15:36.727+0000] {dag.py:3036} INFO - Sync 1 DAGs
[2026-03-28T22:15:36.753+0000] {logging_mixin.py:188} INFO - [2026-03-28T22:15:36.753+0000] {dag.py:3823} INFO - Setting next_dagrun for example_branch_operator to 2026-03-27 00:00:00+00:00, run_after=2026-03-28 00:00:00+00:00
[2026-03-28T22:15:36.777+0000] {processor.py:183} INFO - Processing /home/airflow/.local/lib/python3.8/site-packages/airflow/example_dags/example_branch_operator.py took 0.113 seconds
[2026-03-28T22:16:06.988+0000] {processor.py:161} INFO - Started process (PID=290) to work on /home/airflow/.local/lib/python3.8/site-packages/airflow/example_dags/example_branch_operator.py
[2026-03-28T22:16:06.990+0000] {processor.py:830} INFO - Processing file /home/airflow/.local/lib/python3.8/site-packages/airflow/example_dags/example_branch_operator.py for tasks to queue
[2026-03-28T22:16:06.992+0000] {logging_mixin.py:188} INFO - [2026-03-28T22:16:06.992+0000] {dagbag.py:538} INFO - Filling up the DagBag from /home/airflow/.local/lib/python3.8/site-packages/airflow/example_dags/example_branch_operator.py
[2026-03-28T22:16:07.008+0000] {processor.py:840} INFO - DAG(s) 'example_branch_operator' retrieved from /home/airflow/.local/lib/python3.8/site-packages/airflow/example_dags/example_branch_operator.py
[2026-03-28T22:16:07.036+0000] {logging_mixin.py:188} INFO - [2026-03-28T22:16:07.036+0000] {dag.py:3036} INFO - Sync 1 DAGs
[2026-03-28T22:16:07.060+0000] {logging_mixin.py:188} INFO - [2026-03-28T22:16:07.059+0000] {dag.py:3823} INFO - Setting next_dagrun for example_branch_operator to 2026-03-27 00:00:00+00:00, run_after=2026-03-28 00:00:00+00:00
[2026-03-28T22:16:07.082+0000] {processor.py:183} INFO - Processing /home/airflow/.local/lib/python3.8/site-packages/airflow/example_dags/example_branch_operator.py took 0.097 seconds
[2026-03-28T22:16:37.279+0000] {processor.py:161} INFO - Started process (PID=346) to work on /home/airflow/.local/lib/python3.8/site-packages/airflow/example_dags/example_branch_operator.py
[2026-03-28T22:16:37.280+0000] {processor.py:830} INFO - Processing file /home/airflow/.local/lib/python3.8/site-packages/airflow/example_dags/example_branch_operator.py for tasks to queue
[2026-03-28T22:16:37.282+0000] {logging_mixin.py:188} INFO - [2026-03-28T22:16:37.282+0000] {dagbag.py:538} INFO - Filling up the DagBag from /home/airflow/.local/lib/python3.8/site-packages/airflow/example_dags/example_branch_operator.py
[2026-03-28T22:16:37.297+0000] {processor.py:840} INFO - DAG(s) 'example_branch_operator' retrieved from /home/airflow/.local/lib/python3.8/site-packages/airflow/example_dags/example_branch_operator.py
[2026-03-28T22:16:37.324+0000] {logging_mixin.py:188} INFO - [2026-03-28T22:16:37.324+0000] {dag.py:3036} INFO - Sync 1 DAGs
[2026-03-28T22:16:37.343+0000] {logging_mixin.py:188} INFO - [2026-03-28T22:16:37.343+0000] {dag.py:3823} INFO - Setting next_dagrun for example_branch_operator to 2026-03-27 00:00:00+00:00, run_after=2026-03-28 00:00:00+00:00
[2026-03-28T22:16:37.365+0000] {processor.py:183} INFO - Processing /home/airflow/.local/lib/python3.8/site-packages/airflow/example_dags/example_branch_operator.py took 0.089 seconds
[2026-03-28T22:17:07.421+0000] {processor.py:161} INFO - Started process (PID=402) to work on /home/airflow/.local/lib/python3.8/site-packages/airflow/example_dags/example_branch_operator.py
[2026-03-28T22:17:07.422+0000] {processor.py:830} INFO - Processing file /home/airflow/.local/lib/python3.8/site-packages/airflow/example_dags/example_branch_operator.py for tasks to queue
[2026-03-28T22:17:07.424+0000] {logging_mixin.py:188} INFO - [2026-03-28T22:17:07.424+0000] {dagbag.py:538} INFO - Filling up the DagBag from /home/airflow/.local/lib/python3.8/site-packages/airflow/example_dags/example_branch_operator.py
[2026-03-28T22:17:07.440+0000] {processor.py:840} INFO - DAG(s) 'example_branch_operator' retrieved from /home/airflow/.local/lib/python3.8/site-packages/airflow/example_dags/example_branch_operator.py
[2026-03-28T22:17:07.467+0000] {logging_mixin.py:188} INFO - [2026-03-28T22:17:07.467+0000] {dag.py:3036} INFO - Sync 1 DAGs
[2026-03-28T22:17:07.487+0000] {logging_mixin.py:188} INFO - [2026-03-28T22:17:07.487+0000] {dag.py:3823} INFO - Setting next_dagrun for example_branch_operator to 2026-03-27 00:00:00+00:00, run_after=2026-03-28 00:00:00+00:00
[2026-03-28T22:17:07.570+0000] {processor.py:183} INFO - Processing /home/airflow/.local/lib/python3.8/site-packages/airflow/example_dags/example_branch_operator.py took 0.152 seconds
[2026-03-28T22:17:37.635+0000] {processor.py:161} INFO - Started process (PID=458) to work on /home/airflow/.local/lib/python3.8/site-packages/airflow/example_dags/example_branch_operator.py
[2026-03-28T22:17:37.636+0000] {processor.py:830} INFO - Processing file /home/airflow/.local/lib/python3.8/site-packages/airflow/example_dags/example_branch_operator.py for tasks to queue
[2026-03-28T22:17:37.638+0000] {logging_mixin.py:188} INFO - [2026-03-28T22:17:37.638+0000] {dagbag.py:538} INFO - Filling up the DagBag from /home/airflow/.local/lib/python3.8/site-packages/airflow/example_dags/example_branch_operator.py
[2026-03-28T22:17:37.653+0000] {processor.py:840} INFO - DAG(s) 'example_branch_operator' retrieved from /home/airflow/.local/lib/python3.8/site-packages/airflow/example_dags/example_branch_operator.py
[2026-03-28T22:17:37.682+0000] {logging_mixin.py:188} INFO - [2026-03-28T22:17:37.682+0000] {dag.py:3036} INFO - Sync 1 DAGs
[2026-03-28T22:17:37.702+0000] {logging_mixin.py:188} INFO - [2026-03-28T22:17:37.701+0000] {dag.py:3823} INFO - Setting next_dagrun for example_branch_operator to 2026-03-27 00:00:00+00:00, run_after=2026-03-28 00:00:00+00:00
[2026-03-28T22:17:37.766+0000] {processor.py:183} INFO - Processing /home/airflow/.local/lib/python3.8/site-packages/airflow/example_dags/example_branch_operator.py took 0.135 seconds
[2026-03-28T22:18:08.282+0000] {processor.py:161} INFO - Started process (PID=514) to work on /home/airflow/.local/lib/python3.8/site-packages/airflow/example_dags/example_branch_operator.py
[2026-03-28T22:18:08.283+0000] {processor.py:830} INFO - Processing file /home/airflow/.local/lib/python3.8/site-packages/airflow/example_dags/example_branch_operator.py for tasks to queue
[2026-03-28T22:18:08.289+0000] {logging_mixin.py:188} INFO - [2026-03-28T22:18:08.289+0000] {dagbag.py:538} INFO - Filling up the DagBag from /home/airflow/.local/lib/python3.8/site-packages/airflow/example_dags/example_branch_operator.py
[2026-03-28T22:18:08.305+0000] {processor.py:840} INFO - DAG(s) 'example_branch_operator' retrieved from /home/airflow/.local/lib/python3.8/site-packages/airflow/example_dags/example_branch_operator.py
[2026-03-28T22:18:08.333+0000] {logging_mixin.py:188} INFO - [2026-03-28T22:18:08.333+0000] {dag.py:3036} INFO - Sync 1 DAGs
[2026-03-28T22:18:08.358+0000] {logging_mixin.py:188} INFO - [2026-03-28T22:18:08.358+0000] {dag.py:3823} INFO - Setting next_dagrun for example_branch_operator to 2026-03-27 00:00:00+00:00, run_after=2026-03-28 00:00:00+00:00
[2026-03-28T22:18:08.381+0000] {processor.py:183} INFO - Processing /home/airflow/.local/lib/python3.8/site-packages/airflow/example_dags/example_branch_operator.py took 0.103 seconds
[2026-03-28T22:18:38.673+0000] {processor.py:161} INFO - Started process (PID=570) to work on /home/airflow/.local/lib/python3.8/site-packages/airflow/example_dags/example_branch_operator.py
[2026-03-28T22:18:38.674+0000] {processor.py:830} INFO - Processing file /home/airflow/.local/lib/python3.8/site-packages/airflow/example_dags/example_branch_operator.py for tasks to queue
[2026-03-28T22:18:38.676+0000] {logging_mixin.py:188} INFO - [2026-03-28T22:18:38.676+0000] {dagbag.py:538} INFO - Filling up the DagBag from /home/airflow/.local/lib/python3.8/site-packages/airflow/example_dags/example_branch_operator.py
[2026-03-28T22:18:38.692+0000] {processor.py:840} INFO - DAG(s) 'example_branch_operator' retrieved from /home/airflow/.local/lib/python3.8/site-packages/airflow/example_dags/example_branch_operator.py
[2026-03-28T22:18:38.719+0000] {logging_mixin.py:188} INFO - [2026-03-28T22:18:38.719+0000] {dag.py:3036} INFO - Sync 1 DAGs
[2026-03-28T22:18:38.741+0000] {logging_mixin.py:188} INFO - [2026-03-28T22:18:38.741+0000] {dag.py:3823} INFO - Setting next_dagrun for example_branch_operator to 2026-03-27 00:00:00+00:00, run_after=2026-03-28 00:00:00+00:00
[2026-03-28T22:18:38.764+0000] {processor.py:183} INFO - Processing /home/airflow/.local/lib/python3.8/site-packages/airflow/example_dags/example_branch_operator.py took 0.094 seconds
[2026-03-28T22:19:08.887+0000] {processor.py:161} INFO - Started process (PID=626) to work on /home/airflow/.local/lib/python3.8/site-packages/airflow/example_dags/example_branch_operator.py
[2026-03-28T22:19:08.888+0000] {processor.py:830} INFO - Processing file /home/airflow/.local/lib/python3.8/site-packages/airflow/example_dags/example_branch_operator.py for tasks to queue
[2026-03-28T22:19:08.890+0000] {logging_mixin.py:188} INFO - [2026-03-28T22:19:08.890+0000] {dagbag.py:538} INFO - Filling up the DagBag from /home/airflow/.local/lib/python3.8/site-packages/airflow/example_dags/example_branch_operator.py
[2026-03-28T22:19:08.909+0000] {processor.py:840} INFO - DAG(s) 'example_branch_operator' retrieved from /home/airflow/.local/lib/python3.8/site-packages/airflow/example_dags/example_branch_operator.py
[2026-03-28T22:19:08.936+0000] {logging_mixin.py:188} INFO - [2026-03-28T22:19:08.936+0000] {dag.py:3036} INFO - Sync 1 DAGs
[2026-03-28T22:19:08.955+0000] {logging_mixin.py:188} INFO - [2026-03-28T22:19:08.955+0000] {dag.py:3823} INFO - Setting next_dagrun for example_branch_operator to 2026-03-27 00:00:00+00:00, run_after=2026-03-28 00:00:00+00:00
[2026-03-28T22:19:08.977+0000] {processor.py:183} INFO - Processing /home/airflow/.local/lib/python3.8/site-packages/airflow/example_dags/example_branch_operator.py took 0.094 seconds
[2026-03-28T22:19:39.919+0000] {processor.py:161} INFO - Started process (PID=682) to work on /home/airflow/.local/lib/python3.8/site-packages/airflow/example_dags/example_branch_operator.py
[2026-03-28T22:19:39.920+0000] {processor.py:830} INFO - Processing file /home/airflow/.local/lib/python3.8/site-packages/airflow/example_dags/example_branch_operator.py for tasks to queue
[2026-03-28T22:19:39.922+0000] {logging_mixin.py:188} INFO - [2026-03-28T22:19:39.922+0000] {dagbag.py:538} INFO - Filling up the DagBag from /home/airflow/.local/lib/python3.8/site-packages/airflow/example_dags/example_branch_operator.py
[2026-03-28T22:19:39.939+0000] {processor.py:840} INFO - DAG(s) 'example_branch_operator' retrieved from /home/airflow/.local/lib/python3.8/site-packages/airflow/example_dags/example_branch_operator.py
[2026-03-28T22:19:39.968+0000] {logging_mixin.py:188} INFO - [2026-03-28T22:19:39.968+0000] {dag.py:3036} INFO - Sync 1 DAGs
[2026-03-28T22:19:39.994+0000] {logging_mixin.py:188} INFO - [2026-03-28T22:19:39.994+0000] {dag.py:3823} INFO - Setting next_dagrun for example_branch_operator to 2026-03-27 00:00:00+00:00, run_after=2026-03-28 00:00:00+00:00
[2026-03-28T22:19:40.031+0000] {processor.py:183} INFO - Processing /home/airflow/.local/lib/python3.8/site-packages/airflow/example_dags/example_branch_operator.py took 0.116 seconds
[2026-03-28T22:20:10.476+0000] {processor.py:161} INFO - Started process (PID=738) to work on /home/airflow/.local/lib/python3.8/site-packages/airflow/example_dags/example_branch_operator.py
[2026-03-28T22:20:10.477+0000] {processor.py:830} INFO - Processing file /home/airflow/.local/lib/python3.8/site-packages/airflow/example_dags/example_branch_operator.py for tasks to queue
[2026-03-28T22:20:10.481+0000] {logging_mixin.py:188} INFO - [2026-03-28T22:20:10.480+0000] {dagbag.py:538} INFO - Filling up the DagBag from /home/airflow/.local/lib/python3.8/site-packages/airflow/example_dags/example_branch_operator.py
[2026-03-28T22:20:10.502+0000] {processor.py:840} INFO - DAG(s) 'example_branch_operator' retrieved from /home/airflow/.local/lib/python3.8/site-packages/airflow/example_dags/example_branch_operator.py
[2026-03-28T22:20:10.535+0000] {logging_mixin.py:188} INFO - [2026-03-28T22:20:10.534+0000] {dag.py:3036} INFO - Sync 1 DAGs
[2026-03-28T22:20:10.564+0000] {logging_mixin.py:188} INFO - [2026-03-28T22:20:10.564+0000] {dag.py:3823} INFO - Setting next_dagrun for example_branch_operator to 2026-03-27 00:00:00+00:00, run_after=2026-03-28 00:00:00+00:00
[2026-03-28T22:20:10.588+0000] {processor.py:183} INFO - Processing /home/airflow/.local/lib/python3.8/site-packages/airflow/example_dags/example_branch_operator.py took 0.116 seconds
[2026-03-28T22:20:40.698+0000] {processor.py:161} INFO - Started process (PID=794) to work on /home/airflow/.local/lib/python3.8/site-packages/airflow/example_dags/example_branch_operator.py
[2026-03-28T22:20:40.699+0000] {processor.py:830} INFO - Processing file /home/airflow/.local/lib/python3.8/site-packages/airflow/example_dags/example_branch_operator.py for tasks to queue
[2026-03-28T22:20:40.702+0000] {logging_mixin.py:188} INFO - [2026-03-28T22:20:40.701+0000] {dagbag.py:538} INFO - Filling up the DagBag from /home/airflow/.local/lib/python3.8/site-packages/airflow/example_dags/example_branch_operator.py
[2026-03-28T22:20:40.719+0000] {processor.py:840} INFO - DAG(s) 'example_branch_operator' retrieved from /home/airflow/.local/lib/python3.8/site-packages/airflow/example_dags/example_branch_operator.py
[2026-03-28T22:20:40.748+0000] {logging_mixin.py:188} INFO - [2026-03-28T22:20:40.748+0000] {dag.py:3036} INFO - Sync 1 DAGs
[2026-03-28T22:20:40.771+0000] {logging_mixin.py:188} INFO - [2026-03-28T22:20:40.770+0000] {dag.py:3823} INFO - Setting next_dagrun for example_branch_operator to 2026-03-27 00:00:00+00:00, run_after=2026-03-28 00:00:00+00:00
[2026-03-28T22:20:40.796+0000] {processor.py:183} INFO - Processing /home/airflow/.local/lib/python3.8/site-packages/airflow/example_dags/example_branch_operator.py took 0.102 seconds
[2026-03-28T22:21:11.652+0000] {processor.py:161} INFO - Started process (PID=850) to work on /home/airflow/.local/lib/python3.8/site-packages/airflow/example_dags/example_branch_operator.py
[2026-03-28T22:21:11.653+0000] {processor.py:830} INFO - Processing file /home/airflow/.local/lib/python3.8/site-packages/airflow/example_dags/example_branch_operator.py for tasks to queue
[2026-03-28T22:21:11.656+0000] {logging_mixin.py:188} INFO - [2026-03-28T22:21:11.655+0000] {dagbag.py:538} INFO - Filling up the DagBag from /home/airflow/.local/lib/python3.8/site-packages/airflow/example_dags/example_branch_operator.py
[2026-03-28T22:21:11.675+0000] {processor.py:840} INFO - DAG(s) 'example_branch_operator' retrieved from /home/airflow/.local/lib/python3.8/site-packages/airflow/example_dags/example_branch_operator.py
[2026-03-28T22:21:11.707+0000] {logging_mixin.py:188} INFO - [2026-03-28T22:21:11.706+0000] {dag.py:3036} INFO - Sync 1 DAGs
[2026-03-28T22:21:11.733+0000] {logging_mixin.py:188} INFO - [2026-03-28T22:21:11.732+0000] {dag.py:3823} INFO - Setting next_dagrun for example_branch_operator to 2026-03-27 00:00:00+00:00, run_after=2026-03-28 00:00:00+00:00
[2026-03-28T22:21:11.763+0000] {processor.py:183} INFO - Processing /home/airflow/.local/lib/python3.8/site-packages/airflow/example_dags/example_branch_operator.py took 0.114 seconds
[2026-03-28T22:21:41.965+0000] {processor.py:161} INFO - Started process (PID=906) to work on /home/airflow/.local/lib/python3.8/site-packages/airflow/example_dags/example_branch_operator.py
[2026-03-28T22:21:41.966+0000] {processor.py:830} INFO - Processing file /home/airflow/.local/lib/python3.8/site-packages/airflow/example_dags/example_branch_operator.py for tasks to queue
[2026-03-28T22:21:41.968+0000] {logging_mixin.py:188} INFO - [2026-03-28T22:21:41.968+0000] {dagbag.py:538} INFO - Filling up the DagBag from /home/airflow/.local/lib/python3.8/site-packages/airflow/example_dags/example_branch_operator.py
[2026-03-28T22:21:41.984+0000] {processor.py:840} INFO - DAG(s) 'example_branch_operator' retrieved from /home/airflow/.local/lib/python3.8/site-packages/airflow/example_dags/example_branch_operator.py
[2026-03-28T22:21:42.012+0000] {logging_mixin.py:188} INFO - [2026-03-28T22:21:42.011+0000] {dag.py:3036} INFO - Sync 1 DAGs
[2026-03-28T22:21:42.033+0000] {logging_mixin.py:188} INFO - [2026-03-28T22:21:42.033+0000] {dag.py:3823} INFO - Setting next_dagrun for example_branch_operator to 2026-03-27 00:00:00+00:00, run_after=2026-03-28 00:00:00+00:00
[2026-03-28T22:21:42.056+0000] {processor.py:183} INFO - Processing /home/airflow/.local/lib/python3.8/site-packages/airflow/example_dags/example_branch_operator.py took 0.095 seconds
[2026-03-28T22:22:12.219+0000] {processor.py:161} INFO - Started process (PID=962) to work on /home/airflow/.local/lib/python3.8/site-packages/airflow/example_dags/example_branch_operator.py
[2026-03-28T22:22:12.221+0000] {processor.py:830} INFO - Processing file /home/airflow/.local/lib/python3.8/site-packages/airflow/example_dags/example_branch_operator.py for tasks to queue
[2026-03-28T22:22:12.223+0000] {logging_mixin.py:188} INFO - [2026-03-28T22:22:12.222+0000] {dagbag.py:538} INFO - Filling up the DagBag from /home/airflow/.local/lib/python3.8/site-packages/airflow/example_dags/example_branch_operator.py
[2026-03-28T22:22:12.239+0000] {processor.py:840} INFO - DAG(s) 'example_branch_operator' retrieved from /home/airflow/.local/lib/python3.8/site-packages/airflow/example_dags/example_branch_operator.py
[2026-03-28T22:22:12.269+0000] {logging_mixin.py:188} INFO - [2026-03-28T22:22:12.269+0000] {dag.py:3036} INFO - Sync 1 DAGs
[2026-03-28T22:22:12.291+0000] {logging_mixin.py:188} INFO - [2026-03-28T22:22:12.291+0000] {dag.py:3823} INFO - Setting next_dagrun for example_branch_operator to 2026-03-27 00:00:00+00:00, run_after=2026-03-28 00:00:00+00:00
[2026-03-28T22:22:12.316+0000] {processor.py:183} INFO - Processing /home/airflow/.local/lib/python3.8/site-packages/airflow/example_dags/example_branch_operator.py took 0.100 seconds
[2026-03-28T22:22:42.382+0000] {processor.py:161} INFO - Started process (PID=1018) to work on /home/airflow/.local/lib/python3.8/site-packages/airflow/example_dags/example_branch_operator.py
[2026-03-28T22:22:42.383+0000] {processor.py:830} INFO - Processing file /home/airflow/.local/lib/python3.8/site-packages/airflow/example_dags/example_branch_operator.py for tasks to queue
[2026-03-28T22:22:42.385+0000] {logging_mixin.py:188} INFO - [2026-03-28T22:22:42.385+0000] {dagbag.py:538} INFO - Filling up the DagBag from /home/airflow/.local/lib/python3.8/site-packages/airflow/example_dags/example_branch_operator.py
[2026-03-28T22:22:42.402+0000] {processor.py:840} INFO - DAG(s) 'example_branch_operator' retrieved from /home/airflow/.local/lib/python3.8/site-packages/airflow/example_dags/example_branch_operator.py
[2026-03-28T22:22:42.438+0000] {logging_mixin.py:188} INFO - [2026-03-28T22:22:42.437+0000] {dag.py:3036} INFO - Sync 1 DAGs
[2026-03-28T22:22:42.465+0000] {logging_mixin.py:188} INFO - [2026-03-28T22:22:42.464+0000] {dag.py:3823} INFO - Setting next_dagrun for example_branch_operator to 2026-03-27 00:00:00+00:00, run_after=2026-03-28 00:00:00+00:00
[2026-03-28T22:22:42.488+0000] {processor.py:183} INFO - Processing /home/airflow/.local/lib/python3.8/site-packages/airflow/example_dags/example_branch_operator.py took 0.109 seconds
[2026-03-28T22:23:12.704+0000] {processor.py:161} INFO - Started process (PID=1074) to work on /home/airflow/.local/lib/python3.8/site-packages/airflow/example_dags/example_branch_operator.py
[2026-03-28T22:23:12.705+0000] {processor.py:830} INFO - Processing file /home/airflow/.local/lib/python3.8/site-packages/airflow/example_dags/example_branch_operator.py for tasks to queue
[2026-03-28T22:23:12.707+0000] {logging_mixin.py:188} INFO - [2026-03-28T22:23:12.707+0000] {dagbag.py:538} INFO - Filling up the DagBag from /home/airflow/.local/lib/python3.8/site-packages/airflow/example_dags/example_branch_operator.py
[2026-03-28T22:23:12.724+0000] {processor.py:840} INFO - DAG(s) 'example_branch_operator' retrieved from /home/airflow/.local/lib/python3.8/site-packages/airflow/example_dags/example_branch_operator.py
[2026-03-28T22:23:12.753+0000] {logging_mixin.py:188} INFO - [2026-03-28T22:23:12.753+0000] {dag.py:3036} INFO - Sync 1 DAGs
[2026-03-28T22:23:12.776+0000] {logging_mixin.py:188} INFO - [2026-03-28T22:23:12.776+0000] {dag.py:3823} INFO - Setting next_dagrun for example_branch_operator to 2026-03-27 00:00:00+00:00, run_after=2026-03-28 00:00:00+00:00
[2026-03-28T22:23:12.802+0000] {processor.py:183} INFO - Processing /home/airflow/.local/lib/python3.8/site-packages/airflow/example_dags/example_branch_operator.py took 0.102 seconds
[2026-03-28T22:23:43.000+0000] {processor.py:161} INFO - Started process (PID=1130) to work on /home/airflow/.local/lib/python3.8/site-packages/airflow/example_dags/example_branch_operator.py
[2026-03-28T22:23:43.001+0000] {processor.py:830} INFO - Processing file /home/airflow/.local/lib/python3.8/site-packages/airflow/example_dags/example_branch_operator.py for tasks to queue
[2026-03-28T22:23:43.004+0000] {logging_mixin.py:188} INFO - [2026-03-28T22:23:43.003+0000] {dagbag.py:538} INFO - Filling up the DagBag from /home/airflow/.local/lib/python3.8/site-packages/airflow/example_dags/example_branch_operator.py
[2026-03-28T22:23:43.023+0000] {processor.py:840} INFO - DAG(s) 'example_branch_operator' retrieved from /home/airflow/.local/lib/python3.8/site-packages/airflow/example_dags/example_branch_operator.py
[2026-03-28T22:23:43.056+0000] {logging_mixin.py:188} INFO - [2026-03-28T22:23:43.055+0000] {dag.py:3036} INFO - Sync 1 DAGs
[2026-03-28T22:23:43.082+0000] {logging_mixin.py:188} INFO - [2026-03-28T22:23:43.082+0000] {dag.py:3823} INFO - Setting next_dagrun for example_branch_operator to 2026-03-27 00:00:00+00:00, run_after=2026-03-28 00:00:00+00:00
[2026-03-28T22:23:43.105+0000] {processor.py:183} INFO - Processing /home/airflow/.local/lib/python3.8/site-packages/airflow/example_dags/example_branch_operator.py took 0.109 seconds
[2026-03-28T22:24:13.426+0000] {processor.py:161} INFO - Started process (PID=1186) to work on /home/airflow/.local/lib/python3.8/site-packages/airflow/example_dags/example_branch_operator.py
[2026-03-28T22:24:13.427+0000] {processor.py:830} INFO - Processing file /home/airflow/.local/lib/python3.8/site-packages/airflow/example_dags/example_branch_operator.py for tasks to queue
[2026-03-28T22:24:13.429+0000] {logging_mixin.py:188} INFO - [2026-03-28T22:24:13.429+0000] {dagbag.py:538} INFO - Filling up the DagBag from /home/airflow/.local/lib/python3.8/site-packages/airflow/example_dags/example_branch_operator.py
[2026-03-28T22:24:13.444+0000] {processor.py:840} INFO - DAG(s) 'example_branch_operator' retrieved from /home/airflow/.local/lib/python3.8/site-packages/airflow/example_dags/example_branch_operator.py
[2026-03-28T22:24:13.472+0000] {logging_mixin.py:188} INFO - [2026-03-28T22:24:13.472+0000] {dag.py:3036} INFO - Sync 1 DAGs
[2026-03-28T22:24:13.495+0000] {logging_mixin.py:188} INFO - [2026-03-28T22:24:13.494+0000] {dag.py:3823} INFO - Setting next_dagrun for example_branch_operator to 2026-03-27 00:00:00+00:00, run_after=2026-03-28 00:00:00+00:00
[2026-03-28T22:24:13.518+0000] {processor.py:183} INFO - Processing /home/airflow/.local/lib/python3.8/site-packages/airflow/example_dags/example_branch_operator.py took 0.095 seconds
[2026-03-28T22:24:43.749+0000] {processor.py:161} INFO - Started process (PID=1242) to work on /home/airflow/.local/lib/python3.8/site-packages/airflow/example_dags/example_branch_operator.py
[2026-03-28T22:24:43.750+0000] {processor.py:830} INFO - Processing file /home/airflow/.local/lib/python3.8/site-packages/airflow/example_dags/example_branch_operator.py for tasks to queue
[2026-03-28T22:24:43.752+0000] {logging_mixin.py:188} INFO - [2026-03-28T22:24:43.752+0000] {dagbag.py:538} INFO - Filling up the DagBag from /home/airflow/.local/lib/python3.8/site-packages/airflow/example_dags/example_branch_operator.py
[2026-03-28T22:24:43.767+0000] {processor.py:840} INFO - DAG(s) 'example_branch_operator' retrieved from /home/airflow/.local/lib/python3.8/site-packages/airflow/example_dags/example_branch_operator.py
[2026-03-28T22:24:43.793+0000] {logging_mixin.py:188} INFO - [2026-03-28T22:24:43.792+0000] {dag.py:3036} INFO - Sync 1 DAGs
[2026-03-28T22:24:43.814+0000] {logging_mixin.py:188} INFO - [2026-03-28T22:24:43.813+0000] {dag.py:3823} INFO - Setting next_dagrun for example_branch_operator to 2026-03-27 00:00:00+00:00, run_after=2026-03-28 00:00:00+00:00
[2026-03-28T22:24:43.882+0000] {processor.py:183} INFO - Processing /home/airflow/.local/lib/python3.8/site-packages/airflow/example_dags/example_branch_operator.py took 0.137 seconds
[2026-03-28T22:25:14.003+0000] {processor.py:161} INFO - Started process (PID=1298) to work on /home/airflow/.local/lib/python3.8/site-packages/airflow/example_dags/example_branch_operator.py
[2026-03-28T22:25:14.004+0000] {processor.py:830} INFO - Processing file /home/airflow/.local/lib/python3.8/site-packages/airflow/example_dags/example_branch_operator.py for tasks to queue
[2026-03-28T22:25:14.006+0000] {logging_mixin.py:188} INFO - [2026-03-28T22:25:14.006+0000] {dagbag.py:538} INFO - Filling up the DagBag from /home/airflow/.local/lib/python3.8/site-packages/airflow/example_dags/example_branch_operator.py
[2026-03-28T22:25:14.020+0000] {processor.py:840} INFO - DAG(s) 'example_branch_operator' retrieved from /home/airflow/.local/lib/python3.8/site-packages/airflow/example_dags/example_branch_operator.py
[2026-03-28T22:25:14.047+0000] {logging_mixin.py:188} INFO - [2026-03-28T22:25:14.046+0000] {dag.py:3036} INFO - Sync 1 DAGs
[2026-03-28T22:25:14.065+0000] {logging_mixin.py:188} INFO - [2026-03-28T22:25:14.065+0000] {dag.py:3823} INFO - Setting next_dagrun for example_branch_operator to 2026-03-27 00:00:00+00:00, run_after=2026-03-28 00:00:00+00:00
[2026-03-28T22:25:14.092+0000] {processor.py:183} INFO - Processing /home/airflow/.local/lib/python3.8/site-packages/airflow/example_dags/example_branch_operator.py took 0.092 seconds
[2026-03-28T22:25:44.283+0000] {processor.py:161} INFO - Started process (PID=1354) to work on /home/airflow/.local/lib/python3.8/site-packages/airflow/example_dags/example_branch_operator.py
[2026-03-28T22:25:44.285+0000] {processor.py:830} INFO - Processing file /home/airflow/.local/lib/python3.8/site-packages/airflow/example_dags/example_branch_operator.py for tasks to queue
[2026-03-28T22:25:44.286+0000] {logging_mixin.py:188} INFO - [2026-03-28T22:25:44.286+0000] {dagbag.py:538} INFO - Filling up the DagBag from /home/airflow/.local/lib/python3.8/site-packages/airflow/example_dags/example_branch_operator.py
[2026-03-28T22:25:44.302+0000] {processor.py:840} INFO - DAG(s) 'example_branch_operator' retrieved from /home/airflow/.local/lib/python3.8/site-packages/airflow/example_dags/example_branch_operator.py
[2026-03-28T22:25:44.334+0000] {logging_mixin.py:188} INFO - [2026-03-28T22:25:44.334+0000] {dag.py:3036} INFO - Sync 1 DAGs
[2026-03-28T22:25:44.361+0000] {logging_mixin.py:188} INFO - [2026-03-28T22:25:44.361+0000] {dag.py:3823} INFO - Setting next_dagrun for example_branch_operator to 2026-03-27 00:00:00+00:00, run_after=2026-03-28 00:00:00+00:00
[2026-03-28T22:25:44.384+0000] {processor.py:183} INFO - Processing /home/airflow/.local/lib/python3.8/site-packages/airflow/example_dags/example_branch_operator.py took 0.104 seconds
[2026-03-28T22:26:14.560+0000] {processor.py:161} INFO - Started process (PID=1411) to work on /home/airflow/.local/lib/python3.8/site-packages/airflow/example_dags/example_branch_operator.py
[2026-03-28T22:26:14.561+0000] {processor.py:830} INFO - Processing file /home/airflow/.local/lib/python3.8/site-packages/airflow/example_dags/example_branch_operator.py for tasks to queue
[2026-03-28T22:26:14.563+0000] {logging_mixin.py:188} INFO - [2026-03-28T22:26:14.563+0000] {dagbag.py:538} INFO - Filling up the DagBag from /home/airflow/.local/lib/python3.8/site-packages/airflow/example_dags/example_branch_operator.py
[2026-03-28T22:26:14.578+0000] {processor.py:840} INFO - DAG(s) 'example_branch_operator' retrieved from /home/airflow/.local/lib/python3.8/site-packages/airflow/example_dags/example_branch_operator.py
[2026-03-28T22:26:14.604+0000] {logging_mixin.py:188} INFO - [2026-03-28T22:26:14.604+0000] {dag.py:3036} INFO - Sync 1 DAGs
[2026-03-28T22:26:14.622+0000] {logging_mixin.py:188} INFO - [2026-03-28T22:26:14.622+0000] {dag.py:3823} INFO - Setting next_dagrun for example_branch_operator to 2026-03-27 00:00:00+00:00, run_after=2026-03-28 00:00:00+00:00
[2026-03-28T22:26:14.643+0000] {processor.py:183} INFO - Processing /home/airflow/.local/lib/python3.8/site-packages/airflow/example_dags/example_branch_operator.py took 0.086 seconds
[2026-03-28T22:26:44.960+0000] {processor.py:161} INFO - Started process (PID=1467) to work on /home/airflow/.local/lib/python3.8/site-packages/airflow/example_dags/example_branch_operator.py
[2026-03-28T22:26:44.961+0000] {processor.py:830} INFO - Processing file /home/airflow/.local/lib/python3.8/site-packages/airflow/example_dags/example_branch_operator.py for tasks to queue
[2026-03-28T22:26:44.964+0000] {logging_mixin.py:188} INFO - [2026-03-28T22:26:44.964+0000] {dagbag.py:538} INFO - Filling up the DagBag from /home/airflow/.local/lib/python3.8/site-packages/airflow/example_dags/example_branch_operator.py
[2026-03-28T22:26:44.981+0000] {processor.py:840} INFO - DAG(s) 'example_branch_operator' retrieved from /home/airflow/.local/lib/python3.8/site-packages/airflow/example_dags/example_branch_operator.py
[2026-03-28T22:26:45.014+0000] {logging_mixin.py:188} INFO - [2026-03-28T22:26:45.014+0000] {dag.py:3036} INFO - Sync 1 DAGs
[2026-03-28T22:26:45.039+0000] {logging_mixin.py:188} INFO - [2026-03-28T22:26:45.039+0000] {dag.py:3823} INFO - Setting next_dagrun for example_branch_operator to 2026-03-27 00:00:00+00:00, run_after=2026-03-28 00:00:00+00:00
[2026-03-28T22:26:45.084+0000] {processor.py:183} INFO - Processing /home/airflow/.local/lib/python3.8/site-packages/airflow/example_dags/example_branch_operator.py took 0.128 seconds
[2026-03-28T22:27:15.528+0000] {processor.py:161} INFO - Started process (PID=1523) to work on /home/airflow/.local/lib/python3.8/site-packages/airflow/example_dags/example_branch_operator.py
[2026-03-28T22:27:15.529+0000] {processor.py:830} INFO - Processing file /home/airflow/.local/lib/python3.8/site-packages/airflow/example_dags/example_branch_operator.py for tasks to queue
[2026-03-28T22:27:15.531+0000] {logging_mixin.py:188} INFO - [2026-03-28T22:27:15.531+0000] {dagbag.py:538} INFO - Filling up the DagBag from /home/airflow/.local/lib/python3.8/site-packages/airflow/example_dags/example_branch_operator.py
[2026-03-28T22:27:15.548+0000] {processor.py:840} INFO - DAG(s) 'example_branch_operator' retrieved from /home/airflow/.local/lib/python3.8/site-packages/airflow/example_dags/example_branch_operator.py
[2026-03-28T22:27:15.575+0000] {logging_mixin.py:188} INFO - [2026-03-28T22:27:15.575+0000] {dag.py:3036} INFO - Sync 1 DAGs
[2026-03-28T22:27:15.594+0000] {logging_mixin.py:188} INFO - [2026-03-28T22:27:15.594+0000] {dag.py:3823} INFO - Setting next_dagrun for example_branch_operator to 2026-03-27 00:00:00+00:00, run_after=2026-03-28 00:00:00+00:00
[2026-03-28T22:27:15.613+0000] {processor.py:183} INFO - Processing /home/airflow/.local/lib/python3.8/site-packages/airflow/example_dags/example_branch_operator.py took 0.088 seconds
[2026-03-28T22:27:46.081+0000] {processor.py:161} INFO - Started process (PID=1579) to work on /home/airflow/.local/lib/python3.8/site-packages/airflow/example_dags/example_branch_operator.py
[2026-03-28T22:27:46.083+0000] {processor.py:830} INFO - Processing file /home/airflow/.local/lib/python3.8/site-packages/airflow/example_dags/example_branch_operator.py for tasks to queue
[2026-03-28T22:27:46.088+0000] {logging_mixin.py:188} INFO - [2026-03-28T22:27:46.087+0000] {dagbag.py:538} INFO - Filling up the DagBag from /home/airflow/.local/lib/python3.8/site-packages/airflow/example_dags/example_branch_operator.py
[2026-03-28T22:27:46.119+0000] {processor.py:840} INFO - DAG(s) 'example_branch_operator' retrieved from /home/airflow/.local/lib/python3.8/site-packages/airflow/example_dags/example_branch_operator.py
[2026-03-28T22:27:46.153+0000] {logging_mixin.py:188} INFO - [2026-03-28T22:27:46.153+0000] {dag.py:3036} INFO - Sync 1 DAGs
[2026-03-28T22:27:46.179+0000] {logging_mixin.py:188} INFO - [2026-03-28T22:27:46.179+0000] {dag.py:3823} INFO - Setting next_dagrun for example_branch_operator to 2026-03-27 00:00:00+00:00, run_after=2026-03-28 00:00:00+00:00
[2026-03-28T22:27:46.206+0000] {processor.py:183} INFO - Processing /home/airflow/.local/lib/python3.8/site-packages/airflow/example_dags/example_branch_operator.py took 0.129 seconds
[2026-03-28T22:28:16.446+0000] {processor.py:161} INFO - Started process (PID=1635) to work on /home/airflow/.local/lib/python3.8/site-packages/airflow/example_dags/example_branch_operator.py
[2026-03-28T22:28:16.447+0000] {processor.py:830} INFO - Processing file /home/airflow/.local/lib/python3.8/site-packages/airflow/example_dags/example_branch_operator.py for tasks to queue
[2026-03-28T22:28:16.449+0000] {logging_mixin.py:188} INFO - [2026-03-28T22:28:16.449+0000] {dagbag.py:538} INFO - Filling up the DagBag from /home/airflow/.local/lib/python3.8/site-packages/airflow/example_dags/example_branch_operator.py
[2026-03-28T22:28:16.465+0000] {processor.py:840} INFO - DAG(s) 'example_branch_operator' retrieved from /home/airflow/.local/lib/python3.8/site-packages/airflow/example_dags/example_branch_operator.py
[2026-03-28T22:28:16.500+0000] {logging_mixin.py:188} INFO - [2026-03-28T22:28:16.500+0000] {dag.py:3036} INFO - Sync 1 DAGs
[2026-03-28T22:28:16.526+0000] {logging_mixin.py:188} INFO - [2026-03-28T22:28:16.525+0000] {dag.py:3823} INFO - Setting next_dagrun for example_branch_operator to 2026-03-27 00:00:00+00:00, run_after=2026-03-28 00:00:00+00:00
[2026-03-28T22:28:16.555+0000] {processor.py:183} INFO - Processing /home/airflow/.local/lib/python3.8/site-packages/airflow/example_dags/example_branch_operator.py took 0.112 seconds
[2026-03-28T22:28:46.987+0000] {processor.py:161} INFO - Started process (PID=1691) to work on /home/airflow/.local/lib/python3.8/site-packages/airflow/example_dags/example_branch_operator.py
[2026-03-28T22:28:46.988+0000] {processor.py:830} INFO - Processing file /home/airflow/.local/lib/python3.8/site-packages/airflow/example_dags/example_branch_operator.py for tasks to queue
[2026-03-28T22:28:46.991+0000] {logging_mixin.py:188} INFO - [2026-03-28T22:28:46.990+0000] {dagbag.py:538} INFO - Filling up the DagBag from /home/airflow/.local/lib/python3.8/site-packages/airflow/example_dags/example_branch_operator.py
[2026-03-28T22:28:47.011+0000] {processor.py:840} INFO - DAG(s) 'example_branch_operator' retrieved from /home/airflow/.local/lib/python3.8/site-packages/airflow/example_dags/example_branch_operator.py
[2026-03-28T22:28:47.040+0000] {logging_mixin.py:188} INFO - [2026-03-28T22:28:47.039+0000] {dag.py:3036} INFO - Sync 1 DAGs
[2026-03-28T22:28:47.075+0000] {logging_mixin.py:188} INFO - [2026-03-28T22:28:47.074+0000] {dag.py:3823} INFO - Setting next_dagrun for example_branch_operator to 2026-03-27 00:00:00+00:00, run_after=2026-03-28 00:00:00+00:00
[2026-03-28T22:28:47.152+0000] {processor.py:183} INFO - Processing /home/airflow/.local/lib/python3.8/site-packages/airflow/example_dags/example_branch_operator.py took 0.169 seconds
[2026-03-28T22:29:18.091+0000] {processor.py:161} INFO - Started process (PID=1747) to work on /home/airflow/.local/lib/python3.8/site-packages/airflow/example_dags/example_branch_operator.py
[2026-03-28T22:29:18.092+0000] {processor.py:830} INFO - Processing file /home/airflow/.local/lib/python3.8/site-packages/airflow/example_dags/example_branch_operator.py for tasks to queue
[2026-03-28T22:29:18.094+0000] {logging_mixin.py:188} INFO - [2026-03-28T22:29:18.094+0000] {dagbag.py:538} INFO - Filling up the DagBag from /home/airflow/.local/lib/python3.8/site-packages/airflow/example_dags/example_branch_operator.py
[2026-03-28T22:29:18.110+0000] {processor.py:840} INFO - DAG(s) 'example_branch_operator' retrieved from /home/airflow/.local/lib/python3.8/site-packages/airflow/example_dags/example_branch_operator.py
[2026-03-28T22:29:18.137+0000] {logging_mixin.py:188} INFO - [2026-03-28T22:29:18.137+0000] {dag.py:3036} INFO - Sync 1 DAGs
[2026-03-28T22:29:18.168+0000] {logging_mixin.py:188} INFO - [2026-03-28T22:29:18.168+0000] {dag.py:3823} INFO - Setting next_dagrun for example_branch_operator to 2026-03-27 00:00:00+00:00, run_after=2026-03-28 00:00:00+00:00
[2026-03-28T22:29:18.202+0000] {processor.py:183} INFO - Processing /home/airflow/.local/lib/python3.8/site-packages/airflow/example_dags/example_branch_operator.py took 0.115 seconds
[2026-03-28T22:29:48.576+0000] {processor.py:161} INFO - Started process (PID=1803) to work on /home/airflow/.local/lib/python3.8/site-packages/airflow/example_dags/example_branch_operator.py
[2026-03-28T22:29:48.578+0000] {processor.py:830} INFO - Processing file /home/airflow/.local/lib/python3.8/site-packages/airflow/example_dags/example_branch_operator.py for tasks to queue
[2026-03-28T22:29:48.580+0000] {logging_mixin.py:188} INFO - [2026-03-28T22:29:48.579+0000] {dagbag.py:538} INFO - Filling up the DagBag from /home/airflow/.local/lib/python3.8/site-packages/airflow/example_dags/example_branch_operator.py
[2026-03-28T22:29:48.595+0000] {processor.py:840} INFO - DAG(s) 'example_branch_operator' retrieved from /home/airflow/.local/lib/python3.8/site-packages/airflow/example_dags/example_branch_operator.py
[2026-03-28T22:29:48.627+0000] {logging_mixin.py:188} INFO - [2026-03-28T22:29:48.627+0000] {dag.py:3036} INFO - Sync 1 DAGs
[2026-03-28T22:29:48.652+0000] {logging_mixin.py:188} INFO - [2026-03-28T22:29:48.651+0000] {dag.py:3823} INFO - Setting next_dagrun for example_branch_operator to 2026-03-27 00:00:00+00:00, run_after=2026-03-28 00:00:00+00:00
[2026-03-28T22:29:48.678+0000] {processor.py:183} INFO - Processing /home/airflow/.local/lib/python3.8/site-packages/airflow/example_dags/example_branch_operator.py took 0.106 seconds
[2026-03-28T22:30:18.862+0000] {processor.py:161} INFO - Started process (PID=1859) to work on /home/airflow/.local/lib/python3.8/site-packages/airflow/example_dags/example_branch_operator.py
[2026-03-28T22:30:18.863+0000] {processor.py:830} INFO - Processing file /home/airflow/.local/lib/python3.8/site-packages/airflow/example_dags/example_branch_operator.py for tasks to queue
[2026-03-28T22:30:18.867+0000] {logging_mixin.py:188} INFO - [2026-03-28T22:30:18.867+0000] {dagbag.py:538} INFO - Filling up the DagBag from /home/airflow/.local/lib/python3.8/site-packages/airflow/example_dags/example_branch_operator.py
[2026-03-28T22:30:18.889+0000] {processor.py:840} INFO - DAG(s) 'example_branch_operator' retrieved from /home/airflow/.local/lib/python3.8/site-packages/airflow/example_dags/example_branch_operator.py
[2026-03-28T22:30:18.925+0000] {logging_mixin.py:188} INFO - [2026-03-28T22:30:18.925+0000] {dag.py:3036} INFO - Sync 1 DAGs
[2026-03-28T22:30:18.957+0000] {logging_mixin.py:188} INFO - [2026-03-28T22:30:18.957+0000] {dag.py:3823} INFO - Setting next_dagrun for example_branch_operator to 2026-03-27 00:00:00+00:00, run_after=2026-03-28 00:00:00+00:00
[2026-03-28T22:30:18.988+0000] {processor.py:183} INFO - Processing /home/airflow/.local/lib/python3.8/site-packages/airflow/example_dags/example_branch_operator.py took 0.131 seconds
[2026-03-28T22:30:49.331+0000] {processor.py:161} INFO - Started process (PID=1916) to work on /home/airflow/.local/lib/python3.8/site-packages/airflow/example_dags/example_branch_operator.py
[2026-03-28T22:30:49.332+0000] {processor.py:830} INFO - Processing file /home/airflow/.local/lib/python3.8/site-packages/airflow/example_dags/example_branch_operator.py for tasks to queue
[2026-03-28T22:30:49.334+0000] {logging_mixin.py:188} INFO - [2026-03-28T22:30:49.334+0000] {dagbag.py:538} INFO - Filling up the DagBag from /home/airflow/.local/lib/python3.8/site-packages/airflow/example_dags/example_branch_operator.py
[2026-03-28T22:30:49.349+0000] {processor.py:840} INFO - DAG(s) 'example_branch_operator' retrieved from /home/airflow/.local/lib/python3.8/site-packages/airflow/example_dags/example_branch_operator.py
[2026-03-28T22:30:49.375+0000] {logging_mixin.py:188} INFO - [2026-03-28T22:30:49.375+0000] {dag.py:3036} INFO - Sync 1 DAGs
[2026-03-28T22:30:49.396+0000] {logging_mixin.py:188} INFO - [2026-03-28T22:30:49.396+0000] {dag.py:3823} INFO - Setting next_dagrun for example_branch_operator to 2026-03-27 00:00:00+00:00, run_after=2026-03-28 00:00:00+00:00
[2026-03-28T22:30:49.419+0000] {processor.py:183} INFO - Processing /home/airflow/.local/lib/python3.8/site-packages/airflow/example_dags/example_branch_operator.py took 0.092 seconds
[2026-03-28T22:31:36.252+0000] {processor.py:161} INFO - Started process (PID=61) to work on /home/airflow/.local/lib/python3.8/site-packages/airflow/example_dags/example_branch_operator.py
[2026-03-28T22:31:36.254+0000] {processor.py:830} INFO - Processing file /home/airflow/.local/lib/python3.8/site-packages/airflow/example_dags/example_branch_operator.py for tasks to queue
[2026-03-28T22:31:36.258+0000] {logging_mixin.py:188} INFO - [2026-03-28T22:31:36.257+0000] {dagbag.py:538} INFO - Filling up the DagBag from /home/airflow/.local/lib/python3.8/site-packages/airflow/example_dags/example_branch_operator.py
[2026-03-28T22:31:36.293+0000] {processor.py:840} INFO - DAG(s) 'example_branch_operator' retrieved from /home/airflow/.local/lib/python3.8/site-packages/airflow/example_dags/example_branch_operator.py
[2026-03-28T22:31:36.313+0000] {logging_mixin.py:188} INFO - [2026-03-28T22:31:36.313+0000] {dag.py:3036} INFO - Sync 1 DAGs
[2026-03-28T22:31:36.355+0000] {logging_mixin.py:188} INFO - [2026-03-28T22:31:36.354+0000] {dag.py:3823} INFO - Setting next_dagrun for example_branch_operator to 2026-03-27 00:00:00+00:00, run_after=2026-03-28 00:00:00+00:00
[2026-03-28T22:31:36.408+0000] {processor.py:183} INFO - Processing /home/airflow/.local/lib/python3.8/site-packages/airflow/example_dags/example_branch_operator.py took 0.162 seconds
[2026-03-28T22:32:12.309+0000] {processor.py:161} INFO - Started process (PID=62) to work on /home/airflow/.local/lib/python3.8/site-packages/airflow/example_dags/example_branch_operator.py
[2026-03-28T22:32:12.310+0000] {processor.py:830} INFO - Processing file /home/airflow/.local/lib/python3.8/site-packages/airflow/example_dags/example_branch_operator.py for tasks to queue
[2026-03-28T22:32:12.313+0000] {logging_mixin.py:188} INFO - [2026-03-28T22:32:12.313+0000] {dagbag.py:538} INFO - Filling up the DagBag from /home/airflow/.local/lib/python3.8/site-packages/airflow/example_dags/example_branch_operator.py
[2026-03-28T22:32:12.345+0000] {processor.py:840} INFO - DAG(s) 'example_branch_operator' retrieved from /home/airflow/.local/lib/python3.8/site-packages/airflow/example_dags/example_branch_operator.py
[2026-03-28T22:32:12.359+0000] {logging_mixin.py:188} INFO - [2026-03-28T22:32:12.359+0000] {dag.py:3036} INFO - Sync 1 DAGs
[2026-03-28T22:32:12.387+0000] {logging_mixin.py:188} INFO - [2026-03-28T22:32:12.387+0000] {dag.py:3823} INFO - Setting next_dagrun for example_branch_operator to 2026-03-27 00:00:00+00:00, run_after=2026-03-28 00:00:00+00:00
[2026-03-28T22:32:12.413+0000] {processor.py:183} INFO - Processing /home/airflow/.local/lib/python3.8/site-packages/airflow/example_dags/example_branch_operator.py took 0.109 seconds
[2026-03-28T22:32:42.876+0000] {processor.py:161} INFO - Started process (PID=118) to work on /home/airflow/.local/lib/python3.8/site-packages/airflow/example_dags/example_branch_operator.py
[2026-03-28T22:32:42.877+0000] {processor.py:830} INFO - Processing file /home/airflow/.local/lib/python3.8/site-packages/airflow/example_dags/example_branch_operator.py for tasks to queue
[2026-03-28T22:32:42.880+0000] {logging_mixin.py:188} INFO - [2026-03-28T22:32:42.880+0000] {dagbag.py:538} INFO - Filling up the DagBag from /home/airflow/.local/lib/python3.8/site-packages/airflow/example_dags/example_branch_operator.py
[2026-03-28T22:32:42.904+0000] {processor.py:840} INFO - DAG(s) 'example_branch_operator' retrieved from /home/airflow/.local/lib/python3.8/site-packages/airflow/example_dags/example_branch_operator.py
[2026-03-28T22:32:43.029+0000] {logging_mixin.py:188} INFO - [2026-03-28T22:32:43.028+0000] {dag.py:3036} INFO - Sync 1 DAGs
[2026-03-28T22:32:43.060+0000] {logging_mixin.py:188} INFO - [2026-03-28T22:32:43.059+0000] {dag.py:3823} INFO - Setting next_dagrun for example_branch_operator to 2026-03-27 00:00:00+00:00, run_after=2026-03-28 00:00:00+00:00
[2026-03-28T22:32:43.098+0000] {processor.py:183} INFO - Processing /home/airflow/.local/lib/python3.8/site-packages/airflow/example_dags/example_branch_operator.py took 0.225 seconds
[2026-03-28T22:34:00.786+0000] {processor.py:161} INFO - Started process (PID=79) to work on /home/airflow/.local/lib/python3.8/site-packages/airflow/example_dags/example_branch_operator.py
[2026-03-28T22:34:00.841+0000] {processor.py:830} INFO - Processing file /home/airflow/.local/lib/python3.8/site-packages/airflow/example_dags/example_branch_operator.py for tasks to queue
[2026-03-28T22:34:00.845+0000] {logging_mixin.py:188} INFO - [2026-03-28T22:34:00.845+0000] {dagbag.py:538} INFO - Filling up the DagBag from /home/airflow/.local/lib/python3.8/site-packages/airflow/example_dags/example_branch_operator.py
[2026-03-28T22:34:00.915+0000] {processor.py:840} INFO - DAG(s) 'example_branch_operator' retrieved from /home/airflow/.local/lib/python3.8/site-packages/airflow/example_dags/example_branch_operator.py
[2026-03-28T22:34:01.046+0000] {logging_mixin.py:188} INFO - [2026-03-28T22:34:01.046+0000] {dag.py:3036} INFO - Sync 1 DAGs
[2026-03-28T22:34:01.071+0000] {logging_mixin.py:188} INFO - [2026-03-28T22:34:01.071+0000] {dag.py:3823} INFO - Setting next_dagrun for example_branch_operator to 2026-03-27 00:00:00+00:00, run_after=2026-03-28 00:00:00+00:00
[2026-03-28T22:34:01.096+0000] {processor.py:183} INFO - Processing /home/airflow/.local/lib/python3.8/site-packages/airflow/example_dags/example_branch_operator.py took 0.315 seconds
[2026-03-28T22:34:31.235+0000] {processor.py:161} INFO - Started process (PID=135) to work on /home/airflow/.local/lib/python3.8/site-packages/airflow/example_dags/example_branch_operator.py
[2026-03-28T22:34:31.236+0000] {processor.py:830} INFO - Processing file /home/airflow/.local/lib/python3.8/site-packages/airflow/example_dags/example_branch_operator.py for tasks to queue
[2026-03-28T22:34:31.239+0000] {logging_mixin.py:188} INFO - [2026-03-28T22:34:31.239+0000] {dagbag.py:538} INFO - Filling up the DagBag from /home/airflow/.local/lib/python3.8/site-packages/airflow/example_dags/example_branch_operator.py
[2026-03-28T22:34:31.275+0000] {processor.py:840} INFO - DAG(s) 'example_branch_operator' retrieved from /home/airflow/.local/lib/python3.8/site-packages/airflow/example_dags/example_branch_operator.py
[2026-03-28T22:34:31.329+0000] {logging_mixin.py:188} INFO - [2026-03-28T22:34:31.329+0000] {dag.py:3036} INFO - Sync 1 DAGs
[2026-03-28T22:34:31.370+0000] {logging_mixin.py:188} INFO - [2026-03-28T22:34:31.369+0000] {dag.py:3823} INFO - Setting next_dagrun for example_branch_operator to 2026-03-27 00:00:00+00:00, run_after=2026-03-28 00:00:00+00:00
[2026-03-28T22:34:31.402+0000] {processor.py:183} INFO - Processing /home/airflow/.local/lib/python3.8/site-packages/airflow/example_dags/example_branch_operator.py took 0.172 seconds
[2026-03-28T22:35:02.441+0000] {processor.py:161} INFO - Started process (PID=191) to work on /home/airflow/.local/lib/python3.8/site-packages/airflow/example_dags/example_branch_operator.py
[2026-03-28T22:35:02.443+0000] {processor.py:830} INFO - Processing file /home/airflow/.local/lib/python3.8/site-packages/airflow/example_dags/example_branch_operator.py for tasks to queue
[2026-03-28T22:35:02.445+0000] {logging_mixin.py:188} INFO - [2026-03-28T22:35:02.445+0000] {dagbag.py:538} INFO - Filling up the DagBag from /home/airflow/.local/lib/python3.8/site-packages/airflow/example_dags/example_branch_operator.py
[2026-03-28T22:35:02.462+0000] {processor.py:840} INFO - DAG(s) 'example_branch_operator' retrieved from /home/airflow/.local/lib/python3.8/site-packages/airflow/example_dags/example_branch_operator.py
[2026-03-28T22:35:02.488+0000] {logging_mixin.py:188} INFO - [2026-03-28T22:35:02.488+0000] {dag.py:3036} INFO - Sync 1 DAGs
[2026-03-28T22:35:02.509+0000] {logging_mixin.py:188} INFO - [2026-03-28T22:35:02.509+0000] {dag.py:3823} INFO - Setting next_dagrun for example_branch_operator to 2026-03-27 00:00:00+00:00, run_after=2026-03-28 00:00:00+00:00
[2026-03-28T22:35:02.535+0000] {processor.py:183} INFO - Processing /home/airflow/.local/lib/python3.8/site-packages/airflow/example_dags/example_branch_operator.py took 0.098 seconds
[2026-03-28T22:35:32.625+0000] {processor.py:161} INFO - Started process (PID=247) to work on /home/airflow/.local/lib/python3.8/site-packages/airflow/example_dags/example_branch_operator.py
[2026-03-28T22:35:32.627+0000] {processor.py:830} INFO - Processing file /home/airflow/.local/lib/python3.8/site-packages/airflow/example_dags/example_branch_operator.py for tasks to queue
[2026-03-28T22:35:32.629+0000] {logging_mixin.py:188} INFO - [2026-03-28T22:35:32.628+0000] {dagbag.py:538} INFO - Filling up the DagBag from /home/airflow/.local/lib/python3.8/site-packages/airflow/example_dags/example_branch_operator.py
[2026-03-28T22:35:32.644+0000] {processor.py:840} INFO - DAG(s) 'example_branch_operator' retrieved from /home/airflow/.local/lib/python3.8/site-packages/airflow/example_dags/example_branch_operator.py
[2026-03-28T22:35:32.668+0000] {logging_mixin.py:188} INFO - [2026-03-28T22:35:32.668+0000] {dag.py:3036} INFO - Sync 1 DAGs
[2026-03-28T22:35:32.692+0000] {logging_mixin.py:188} INFO - [2026-03-28T22:35:32.692+0000] {dag.py:3823} INFO - Setting next_dagrun for example_branch_operator to 2026-03-27 00:00:00+00:00, run_after=2026-03-28 00:00:00+00:00
[2026-03-28T22:35:32.719+0000] {processor.py:183} INFO - Processing /home/airflow/.local/lib/python3.8/site-packages/airflow/example_dags/example_branch_operator.py took 0.097 seconds
[2026-03-28T22:36:02.903+0000] {processor.py:161} INFO - Started process (PID=303) to work on /home/airflow/.local/lib/python3.8/site-packages/airflow/example_dags/example_branch_operator.py
[2026-03-28T22:36:02.904+0000] {processor.py:830} INFO - Processing file /home/airflow/.local/lib/python3.8/site-packages/airflow/example_dags/example_branch_operator.py for tasks to queue
[2026-03-28T22:36:02.906+0000] {logging_mixin.py:188} INFO - [2026-03-28T22:36:02.906+0000] {dagbag.py:538} INFO - Filling up the DagBag from /home/airflow/.local/lib/python3.8/site-packages/airflow/example_dags/example_branch_operator.py
[2026-03-28T22:36:02.924+0000] {processor.py:840} INFO - DAG(s) 'example_branch_operator' retrieved from /home/airflow/.local/lib/python3.8/site-packages/airflow/example_dags/example_branch_operator.py
[2026-03-28T22:36:02.949+0000] {logging_mixin.py:188} INFO - [2026-03-28T22:36:02.949+0000] {dag.py:3036} INFO - Sync 1 DAGs
[2026-03-28T22:36:02.969+0000] {logging_mixin.py:188} INFO - [2026-03-28T22:36:02.968+0000] {dag.py:3823} INFO - Setting next_dagrun for example_branch_operator to 2026-03-27 00:00:00+00:00, run_after=2026-03-28 00:00:00+00:00
[2026-03-28T22:36:02.992+0000] {processor.py:183} INFO - Processing /home/airflow/.local/lib/python3.8/site-packages/airflow/example_dags/example_branch_operator.py took 0.093 seconds
[2026-03-28T22:36:33.376+0000] {processor.py:161} INFO - Started process (PID=359) to work on /home/airflow/.local/lib/python3.8/site-packages/airflow/example_dags/example_branch_operator.py
[2026-03-28T22:36:33.377+0000] {processor.py:830} INFO - Processing file /home/airflow/.local/lib/python3.8/site-packages/airflow/example_dags/example_branch_operator.py for tasks to queue
[2026-03-28T22:36:33.379+0000] {logging_mixin.py:188} INFO - [2026-03-28T22:36:33.379+0000] {dagbag.py:538} INFO - Filling up the DagBag from /home/airflow/.local/lib/python3.8/site-packages/airflow/example_dags/example_branch_operator.py
[2026-03-28T22:36:33.394+0000] {processor.py:840} INFO - DAG(s) 'example_branch_operator' retrieved from /home/airflow/.local/lib/python3.8/site-packages/airflow/example_dags/example_branch_operator.py
[2026-03-28T22:36:33.420+0000] {logging_mixin.py:188} INFO - [2026-03-28T22:36:33.420+0000] {dag.py:3036} INFO - Sync 1 DAGs
[2026-03-28T22:36:33.440+0000] {logging_mixin.py:188} INFO - [2026-03-28T22:36:33.439+0000] {dag.py:3823} INFO - Setting next_dagrun for example_branch_operator to 2026-03-27 00:00:00+00:00, run_after=2026-03-28 00:00:00+00:00
[2026-03-28T22:36:33.461+0000] {processor.py:183} INFO - Processing /home/airflow/.local/lib/python3.8/site-packages/airflow/example_dags/example_branch_operator.py took 0.088 seconds
[2026-03-28T22:37:03.635+0000] {processor.py:161} INFO - Started process (PID=415) to work on /home/airflow/.local/lib/python3.8/site-packages/airflow/example_dags/example_branch_operator.py
[2026-03-28T22:37:03.637+0000] {processor.py:830} INFO - Processing file /home/airflow/.local/lib/python3.8/site-packages/airflow/example_dags/example_branch_operator.py for tasks to queue
[2026-03-28T22:37:03.641+0000] {logging_mixin.py:188} INFO - [2026-03-28T22:37:03.641+0000] {dagbag.py:538} INFO - Filling up the DagBag from /home/airflow/.local/lib/python3.8/site-packages/airflow/example_dags/example_branch_operator.py
[2026-03-28T22:37:03.675+0000] {processor.py:840} INFO - DAG(s) 'example_branch_operator' retrieved from /home/airflow/.local/lib/python3.8/site-packages/airflow/example_dags/example_branch_operator.py
[2026-03-28T22:37:03.721+0000] {logging_mixin.py:188} INFO - [2026-03-28T22:37:03.721+0000] {dag.py:3036} INFO - Sync 1 DAGs
[2026-03-28T22:37:03.762+0000] {logging_mixin.py:188} INFO - [2026-03-28T22:37:03.761+0000] {dag.py:3823} INFO - Setting next_dagrun for example_branch_operator to 2026-03-27 00:00:00+00:00, run_after=2026-03-28 00:00:00+00:00
[2026-03-28T22:37:03.795+0000] {processor.py:183} INFO - Processing /home/airflow/.local/lib/python3.8/site-packages/airflow/example_dags/example_branch_operator.py took 0.167 seconds
[2026-03-28T22:37:40.955+0000] {processor.py:161} INFO - Started process (PID=61) to work on /home/airflow/.local/lib/python3.8/site-packages/airflow/example_dags/example_branch_operator.py
[2026-03-28T22:37:40.957+0000] {processor.py:830} INFO - Processing file /home/airflow/.local/lib/python3.8/site-packages/airflow/example_dags/example_branch_operator.py for tasks to queue
[2026-03-28T22:37:40.961+0000] {logging_mixin.py:188} INFO - [2026-03-28T22:37:40.960+0000] {dagbag.py:538} INFO - Filling up the DagBag from /home/airflow/.local/lib/python3.8/site-packages/airflow/example_dags/example_branch_operator.py
[2026-03-28T22:37:40.995+0000] {processor.py:840} INFO - DAG(s) 'example_branch_operator' retrieved from /home/airflow/.local/lib/python3.8/site-packages/airflow/example_dags/example_branch_operator.py
[2026-03-28T22:37:41.012+0000] {logging_mixin.py:188} INFO - [2026-03-28T22:37:41.012+0000] {dag.py:3036} INFO - Sync 1 DAGs
[2026-03-28T22:37:41.045+0000] {logging_mixin.py:188} INFO - [2026-03-28T22:37:41.044+0000] {dag.py:3823} INFO - Setting next_dagrun for example_branch_operator to 2026-03-27 00:00:00+00:00, run_after=2026-03-28 00:00:00+00:00
[2026-03-28T22:37:41.073+0000] {processor.py:183} INFO - Processing /home/airflow/.local/lib/python3.8/site-packages/airflow/example_dags/example_branch_operator.py took 0.123 seconds
[2026-03-28T22:38:11.397+0000] {processor.py:161} INFO - Started process (PID=117) to work on /home/airflow/.local/lib/python3.8/site-packages/airflow/example_dags/example_branch_operator.py
[2026-03-28T22:38:11.399+0000] {processor.py:830} INFO - Processing file /home/airflow/.local/lib/python3.8/site-packages/airflow/example_dags/example_branch_operator.py for tasks to queue
[2026-03-28T22:38:11.402+0000] {logging_mixin.py:188} INFO - [2026-03-28T22:38:11.401+0000] {dagbag.py:538} INFO - Filling up the DagBag from /home/airflow/.local/lib/python3.8/site-packages/airflow/example_dags/example_branch_operator.py
[2026-03-28T22:38:11.424+0000] {processor.py:840} INFO - DAG(s) 'example_branch_operator' retrieved from /home/airflow/.local/lib/python3.8/site-packages/airflow/example_dags/example_branch_operator.py
[2026-03-28T22:38:11.569+0000] {logging_mixin.py:188} INFO - [2026-03-28T22:38:11.568+0000] {dag.py:3036} INFO - Sync 1 DAGs
[2026-03-28T22:38:11.598+0000] {logging_mixin.py:188} INFO - [2026-03-28T22:38:11.597+0000] {dag.py:3823} INFO - Setting next_dagrun for example_branch_operator to 2026-03-27 00:00:00+00:00, run_after=2026-03-28 00:00:00+00:00
[2026-03-28T22:38:11.626+0000] {processor.py:183} INFO - Processing /home/airflow/.local/lib/python3.8/site-packages/airflow/example_dags/example_branch_operator.py took 0.234 seconds
[2026-03-28T22:38:42.336+0000] {processor.py:161} INFO - Started process (PID=173) to work on /home/airflow/.local/lib/python3.8/site-packages/airflow/example_dags/example_branch_operator.py
[2026-03-28T22:38:42.337+0000] {processor.py:830} INFO - Processing file /home/airflow/.local/lib/python3.8/site-packages/airflow/example_dags/example_branch_operator.py for tasks to queue
[2026-03-28T22:38:42.341+0000] {logging_mixin.py:188} INFO - [2026-03-28T22:38:42.340+0000] {dagbag.py:538} INFO - Filling up the DagBag from /home/airflow/.local/lib/python3.8/site-packages/airflow/example_dags/example_branch_operator.py
[2026-03-28T22:38:42.371+0000] {processor.py:840} INFO - DAG(s) 'example_branch_operator' retrieved from /home/airflow/.local/lib/python3.8/site-packages/airflow/example_dags/example_branch_operator.py
[2026-03-28T22:38:42.430+0000] {logging_mixin.py:188} INFO - [2026-03-28T22:38:42.429+0000] {dag.py:3036} INFO - Sync 1 DAGs
[2026-03-28T22:38:42.480+0000] {logging_mixin.py:188} INFO - [2026-03-28T22:38:42.480+0000] {dag.py:3823} INFO - Setting next_dagrun for example_branch_operator to 2026-03-27 00:00:00+00:00, run_after=2026-03-28 00:00:00+00:00
[2026-03-28T22:38:42.516+0000] {processor.py:183} INFO - Processing /home/airflow/.local/lib/python3.8/site-packages/airflow/example_dags/example_branch_operator.py took 0.185 seconds
[2026-03-28T22:39:12.768+0000] {processor.py:161} INFO - Started process (PID=229) to work on /home/airflow/.local/lib/python3.8/site-packages/airflow/example_dags/example_branch_operator.py
[2026-03-28T22:39:12.769+0000] {processor.py:830} INFO - Processing file /home/airflow/.local/lib/python3.8/site-packages/airflow/example_dags/example_branch_operator.py for tasks to queue
[2026-03-28T22:39:12.771+0000] {logging_mixin.py:188} INFO - [2026-03-28T22:39:12.771+0000] {dagbag.py:538} INFO - Filling up the DagBag from /home/airflow/.local/lib/python3.8/site-packages/airflow/example_dags/example_branch_operator.py
[2026-03-28T22:39:12.796+0000] {processor.py:840} INFO - DAG(s) 'example_branch_operator' retrieved from /home/airflow/.local/lib/python3.8/site-packages/airflow/example_dags/example_branch_operator.py
[2026-03-28T22:39:12.827+0000] {logging_mixin.py:188} INFO - [2026-03-28T22:39:12.827+0000] {dag.py:3036} INFO - Sync 1 DAGs
[2026-03-28T22:39:12.855+0000] {logging_mixin.py:188} INFO - [2026-03-28T22:39:12.854+0000] {dag.py:3823} INFO - Setting next_dagrun for example_branch_operator to 2026-03-27 00:00:00+00:00, run_after=2026-03-28 00:00:00+00:00
[2026-03-28T22:39:12.880+0000] {processor.py:183} INFO - Processing /home/airflow/.local/lib/python3.8/site-packages/airflow/example_dags/example_branch_operator.py took 0.116 seconds
[2026-03-28T22:39:43.003+0000] {processor.py:161} INFO - Started process (PID=285) to work on /home/airflow/.local/lib/python3.8/site-packages/airflow/example_dags/example_branch_operator.py
[2026-03-28T22:39:43.005+0000] {processor.py:830} INFO - Processing file /home/airflow/.local/lib/python3.8/site-packages/airflow/example_dags/example_branch_operator.py for tasks to queue
[2026-03-28T22:39:43.009+0000] {logging_mixin.py:188} INFO - [2026-03-28T22:39:43.008+0000] {dagbag.py:538} INFO - Filling up the DagBag from /home/airflow/.local/lib/python3.8/site-packages/airflow/example_dags/example_branch_operator.py
[2026-03-28T22:39:43.032+0000] {processor.py:840} INFO - DAG(s) 'example_branch_operator' retrieved from /home/airflow/.local/lib/python3.8/site-packages/airflow/example_dags/example_branch_operator.py
[2026-03-28T22:39:43.081+0000] {logging_mixin.py:188} INFO - [2026-03-28T22:39:43.081+0000] {dag.py:3036} INFO - Sync 1 DAGs
[2026-03-28T22:39:43.120+0000] {logging_mixin.py:188} INFO - [2026-03-28T22:39:43.120+0000] {dag.py:3823} INFO - Setting next_dagrun for example_branch_operator to 2026-03-27 00:00:00+00:00, run_after=2026-03-28 00:00:00+00:00
[2026-03-28T22:39:43.157+0000] {processor.py:183} INFO - Processing /home/airflow/.local/lib/python3.8/site-packages/airflow/example_dags/example_branch_operator.py took 0.160 seconds
[2026-03-28T22:40:13.392+0000] {processor.py:161} INFO - Started process (PID=341) to work on /home/airflow/.local/lib/python3.8/site-packages/airflow/example_dags/example_branch_operator.py
[2026-03-28T22:40:13.393+0000] {processor.py:830} INFO - Processing file /home/airflow/.local/lib/python3.8/site-packages/airflow/example_dags/example_branch_operator.py for tasks to queue
[2026-03-28T22:40:13.398+0000] {logging_mixin.py:188} INFO - [2026-03-28T22:40:13.397+0000] {dagbag.py:538} INFO - Filling up the DagBag from /home/airflow/.local/lib/python3.8/site-packages/airflow/example_dags/example_branch_operator.py
[2026-03-28T22:40:13.428+0000] {processor.py:840} INFO - DAG(s) 'example_branch_operator' retrieved from /home/airflow/.local/lib/python3.8/site-packages/airflow/example_dags/example_branch_operator.py
[2026-03-28T22:40:13.475+0000] {logging_mixin.py:188} INFO - [2026-03-28T22:40:13.475+0000] {dag.py:3036} INFO - Sync 1 DAGs
[2026-03-28T22:40:13.511+0000] {logging_mixin.py:188} INFO - [2026-03-28T22:40:13.510+0000] {dag.py:3823} INFO - Setting next_dagrun for example_branch_operator to 2026-03-27 00:00:00+00:00, run_after=2026-03-28 00:00:00+00:00
[2026-03-28T22:40:13.544+0000] {processor.py:183} INFO - Processing /home/airflow/.local/lib/python3.8/site-packages/airflow/example_dags/example_branch_operator.py took 0.158 seconds
[2026-03-28T22:40:43.590+0000] {processor.py:161} INFO - Started process (PID=397) to work on /home/airflow/.local/lib/python3.8/site-packages/airflow/example_dags/example_branch_operator.py
[2026-03-28T22:40:43.592+0000] {processor.py:830} INFO - Processing file /home/airflow/.local/lib/python3.8/site-packages/airflow/example_dags/example_branch_operator.py for tasks to queue
[2026-03-28T22:40:43.595+0000] {logging_mixin.py:188} INFO - [2026-03-28T22:40:43.594+0000] {dagbag.py:538} INFO - Filling up the DagBag from /home/airflow/.local/lib/python3.8/site-packages/airflow/example_dags/example_branch_operator.py
[2026-03-28T22:40:43.615+0000] {processor.py:840} INFO - DAG(s) 'example_branch_operator' retrieved from /home/airflow/.local/lib/python3.8/site-packages/airflow/example_dags/example_branch_operator.py
[2026-03-28T22:40:43.652+0000] {logging_mixin.py:188} INFO - [2026-03-28T22:40:43.652+0000] {dag.py:3036} INFO - Sync 1 DAGs
[2026-03-28T22:40:43.684+0000] {logging_mixin.py:188} INFO - [2026-03-28T22:40:43.683+0000] {dag.py:3823} INFO - Setting next_dagrun for example_branch_operator to 2026-03-27 00:00:00+00:00, run_after=2026-03-28 00:00:00+00:00
[2026-03-28T22:40:43.710+0000] {processor.py:183} INFO - Processing /home/airflow/.local/lib/python3.8/site-packages/airflow/example_dags/example_branch_operator.py took 0.126 seconds
[2026-03-28T22:41:13.933+0000] {processor.py:161} INFO - Started process (PID=453) to work on /home/airflow/.local/lib/python3.8/site-packages/airflow/example_dags/example_branch_operator.py
[2026-03-28T22:41:13.934+0000] {processor.py:830} INFO - Processing file /home/airflow/.local/lib/python3.8/site-packages/airflow/example_dags/example_branch_operator.py for tasks to queue
[2026-03-28T22:41:13.937+0000] {logging_mixin.py:188} INFO - [2026-03-28T22:41:13.937+0000] {dagbag.py:538} INFO - Filling up the DagBag from /home/airflow/.local/lib/python3.8/site-packages/airflow/example_dags/example_branch_operator.py
[2026-03-28T22:41:13.961+0000] {processor.py:840} INFO - DAG(s) 'example_branch_operator' retrieved from /home/airflow/.local/lib/python3.8/site-packages/airflow/example_dags/example_branch_operator.py
[2026-03-28T22:41:13.975+0000] {logging_mixin.py:188} INFO - [2026-03-28T22:41:13.975+0000] {dag.py:3036} INFO - Sync 1 DAGs
[2026-03-28T22:41:14.003+0000] {logging_mixin.py:188} INFO - [2026-03-28T22:41:14.002+0000] {dag.py:3823} INFO - Setting next_dagrun for example_branch_operator to 2026-03-27 00:00:00+00:00, run_after=2026-03-28 00:00:00+00:00
[2026-03-28T22:41:14.025+0000] {processor.py:183} INFO - Processing /home/airflow/.local/lib/python3.8/site-packages/airflow/example_dags/example_branch_operator.py took 0.096 seconds
[2026-03-28T22:41:44.826+0000] {processor.py:161} INFO - Started process (PID=509) to work on /home/airflow/.local/lib/python3.8/site-packages/airflow/example_dags/example_branch_operator.py
[2026-03-28T22:41:44.827+0000] {processor.py:830} INFO - Processing file /home/airflow/.local/lib/python3.8/site-packages/airflow/example_dags/example_branch_operator.py for tasks to queue
[2026-03-28T22:41:44.830+0000] {logging_mixin.py:188} INFO - [2026-03-28T22:41:44.830+0000] {dagbag.py:538} INFO - Filling up the DagBag from /home/airflow/.local/lib/python3.8/site-packages/airflow/example_dags/example_branch_operator.py
[2026-03-28T22:41:44.855+0000] {processor.py:840} INFO - DAG(s) 'example_branch_operator' retrieved from /home/airflow/.local/lib/python3.8/site-packages/airflow/example_dags/example_branch_operator.py
[2026-03-28T22:41:44.979+0000] {logging_mixin.py:188} INFO - [2026-03-28T22:41:44.978+0000] {dag.py:3036} INFO - Sync 1 DAGs
[2026-03-28T22:41:45.002+0000] {logging_mixin.py:188} INFO - [2026-03-28T22:41:45.001+0000] {dag.py:3823} INFO - Setting next_dagrun for example_branch_operator to 2026-03-27 00:00:00+00:00, run_after=2026-03-28 00:00:00+00:00
[2026-03-28T22:41:45.027+0000] {processor.py:183} INFO - Processing /home/airflow/.local/lib/python3.8/site-packages/airflow/example_dags/example_branch_operator.py took 0.206 seconds
[2026-03-28T22:42:15.115+0000] {processor.py:161} INFO - Started process (PID=565) to work on /home/airflow/.local/lib/python3.8/site-packages/airflow/example_dags/example_branch_operator.py
[2026-03-28T22:42:15.116+0000] {processor.py:830} INFO - Processing file /home/airflow/.local/lib/python3.8/site-packages/airflow/example_dags/example_branch_operator.py for tasks to queue
[2026-03-28T22:42:15.119+0000] {logging_mixin.py:188} INFO - [2026-03-28T22:42:15.118+0000] {dagbag.py:538} INFO - Filling up the DagBag from /home/airflow/.local/lib/python3.8/site-packages/airflow/example_dags/example_branch_operator.py
[2026-03-28T22:42:15.135+0000] {processor.py:840} INFO - DAG(s) 'example_branch_operator' retrieved from /home/airflow/.local/lib/python3.8/site-packages/airflow/example_dags/example_branch_operator.py
[2026-03-28T22:42:15.163+0000] {logging_mixin.py:188} INFO - [2026-03-28T22:42:15.162+0000] {dag.py:3036} INFO - Sync 1 DAGs
[2026-03-28T22:42:15.184+0000] {logging_mixin.py:188} INFO - [2026-03-28T22:42:15.184+0000] {dag.py:3823} INFO - Setting next_dagrun for example_branch_operator to 2026-03-27 00:00:00+00:00, run_after=2026-03-28 00:00:00+00:00
[2026-03-28T22:42:15.205+0000] {processor.py:183} INFO - Processing /home/airflow/.local/lib/python3.8/site-packages/airflow/example_dags/example_branch_operator.py took 0.095 seconds
[2026-03-28T22:42:45.497+0000] {processor.py:161} INFO - Started process (PID=621) to work on /home/airflow/.local/lib/python3.8/site-packages/airflow/example_dags/example_branch_operator.py
[2026-03-28T22:42:45.498+0000] {processor.py:830} INFO - Processing file /home/airflow/.local/lib/python3.8/site-packages/airflow/example_dags/example_branch_operator.py for tasks to queue
[2026-03-28T22:42:45.500+0000] {logging_mixin.py:188} INFO - [2026-03-28T22:42:45.500+0000] {dagbag.py:538} INFO - Filling up the DagBag from /home/airflow/.local/lib/python3.8/site-packages/airflow/example_dags/example_branch_operator.py
[2026-03-28T22:42:45.520+0000] {processor.py:840} INFO - DAG(s) 'example_branch_operator' retrieved from /home/airflow/.local/lib/python3.8/site-packages/airflow/example_dags/example_branch_operator.py
[2026-03-28T22:42:45.545+0000] {logging_mixin.py:188} INFO - [2026-03-28T22:42:45.545+0000] {dag.py:3036} INFO - Sync 1 DAGs
[2026-03-28T22:42:45.566+0000] {logging_mixin.py:188} INFO - [2026-03-28T22:42:45.566+0000] {dag.py:3823} INFO - Setting next_dagrun for example_branch_operator to 2026-03-27 00:00:00+00:00, run_after=2026-03-28 00:00:00+00:00
[2026-03-28T22:42:45.590+0000] {processor.py:183} INFO - Processing /home/airflow/.local/lib/python3.8/site-packages/airflow/example_dags/example_branch_operator.py took 0.095 seconds
[2026-03-28T22:43:16.258+0000] {processor.py:161} INFO - Started process (PID=677) to work on /home/airflow/.local/lib/python3.8/site-packages/airflow/example_dags/example_branch_operator.py
[2026-03-28T22:43:16.259+0000] {processor.py:830} INFO - Processing file /home/airflow/.local/lib/python3.8/site-packages/airflow/example_dags/example_branch_operator.py for tasks to queue
[2026-03-28T22:43:16.262+0000] {logging_mixin.py:188} INFO - [2026-03-28T22:43:16.261+0000] {dagbag.py:538} INFO - Filling up the DagBag from /home/airflow/.local/lib/python3.8/site-packages/airflow/example_dags/example_branch_operator.py
[2026-03-28T22:43:16.279+0000] {processor.py:840} INFO - DAG(s) 'example_branch_operator' retrieved from /home/airflow/.local/lib/python3.8/site-packages/airflow/example_dags/example_branch_operator.py
[2026-03-28T22:43:16.309+0000] {logging_mixin.py:188} INFO - [2026-03-28T22:43:16.308+0000] {dag.py:3036} INFO - Sync 1 DAGs
[2026-03-28T22:43:16.334+0000] {logging_mixin.py:188} INFO - [2026-03-28T22:43:16.333+0000] {dag.py:3823} INFO - Setting next_dagrun for example_branch_operator to 2026-03-27 00:00:00+00:00, run_after=2026-03-28 00:00:00+00:00
[2026-03-28T22:43:16.359+0000] {processor.py:183} INFO - Processing /home/airflow/.local/lib/python3.8/site-packages/airflow/example_dags/example_branch_operator.py took 0.107 seconds
[2026-03-28T22:43:46.816+0000] {processor.py:161} INFO - Started process (PID=733) to work on /home/airflow/.local/lib/python3.8/site-packages/airflow/example_dags/example_branch_operator.py
[2026-03-28T22:43:46.818+0000] {processor.py:830} INFO - Processing file /home/airflow/.local/lib/python3.8/site-packages/airflow/example_dags/example_branch_operator.py for tasks to queue
[2026-03-28T22:43:46.819+0000] {logging_mixin.py:188} INFO - [2026-03-28T22:43:46.819+0000] {dagbag.py:538} INFO - Filling up the DagBag from /home/airflow/.local/lib/python3.8/site-packages/airflow/example_dags/example_branch_operator.py
[2026-03-28T22:43:46.837+0000] {processor.py:840} INFO - DAG(s) 'example_branch_operator' retrieved from /home/airflow/.local/lib/python3.8/site-packages/airflow/example_dags/example_branch_operator.py
[2026-03-28T22:43:46.864+0000] {logging_mixin.py:188} INFO - [2026-03-28T22:43:46.863+0000] {dag.py:3036} INFO - Sync 1 DAGs
[2026-03-28T22:43:46.884+0000] {logging_mixin.py:188} INFO - [2026-03-28T22:43:46.884+0000] {dag.py:3823} INFO - Setting next_dagrun for example_branch_operator to 2026-03-27 00:00:00+00:00, run_after=2026-03-28 00:00:00+00:00
[2026-03-28T22:43:46.906+0000] {processor.py:183} INFO - Processing /home/airflow/.local/lib/python3.8/site-packages/airflow/example_dags/example_branch_operator.py took 0.093 seconds
[2026-03-28T22:44:17.225+0000] {processor.py:161} INFO - Started process (PID=789) to work on /home/airflow/.local/lib/python3.8/site-packages/airflow/example_dags/example_branch_operator.py
[2026-03-28T22:44:17.227+0000] {processor.py:830} INFO - Processing file /home/airflow/.local/lib/python3.8/site-packages/airflow/example_dags/example_branch_operator.py for tasks to queue
[2026-03-28T22:44:17.229+0000] {logging_mixin.py:188} INFO - [2026-03-28T22:44:17.228+0000] {dagbag.py:538} INFO - Filling up the DagBag from /home/airflow/.local/lib/python3.8/site-packages/airflow/example_dags/example_branch_operator.py
[2026-03-28T22:44:17.247+0000] {processor.py:840} INFO - DAG(s) 'example_branch_operator' retrieved from /home/airflow/.local/lib/python3.8/site-packages/airflow/example_dags/example_branch_operator.py
[2026-03-28T22:44:17.274+0000] {logging_mixin.py:188} INFO - [2026-03-28T22:44:17.273+0000] {dag.py:3036} INFO - Sync 1 DAGs
[2026-03-28T22:44:17.294+0000] {logging_mixin.py:188} INFO - [2026-03-28T22:44:17.294+0000] {dag.py:3823} INFO - Setting next_dagrun for example_branch_operator to 2026-03-27 00:00:00+00:00, run_after=2026-03-28 00:00:00+00:00
[2026-03-28T22:44:17.315+0000] {processor.py:183} INFO - Processing /home/airflow/.local/lib/python3.8/site-packages/airflow/example_dags/example_branch_operator.py took 0.095 seconds
[2026-03-28T22:44:47.631+0000] {processor.py:161} INFO - Started process (PID=845) to work on /home/airflow/.local/lib/python3.8/site-packages/airflow/example_dags/example_branch_operator.py
[2026-03-28T22:44:47.634+0000] {processor.py:830} INFO - Processing file /home/airflow/.local/lib/python3.8/site-packages/airflow/example_dags/example_branch_operator.py for tasks to queue
[2026-03-28T22:44:47.637+0000] {logging_mixin.py:188} INFO - [2026-03-28T22:44:47.637+0000] {dagbag.py:538} INFO - Filling up the DagBag from /home/airflow/.local/lib/python3.8/site-packages/airflow/example_dags/example_branch_operator.py
[2026-03-28T22:44:47.659+0000] {processor.py:840} INFO - DAG(s) 'example_branch_operator' retrieved from /home/airflow/.local/lib/python3.8/site-packages/airflow/example_dags/example_branch_operator.py
[2026-03-28T22:44:47.706+0000] {logging_mixin.py:188} INFO - [2026-03-28T22:44:47.705+0000] {dag.py:3036} INFO - Sync 1 DAGs
[2026-03-28T22:44:47.737+0000] {logging_mixin.py:188} INFO - [2026-03-28T22:44:47.736+0000] {dag.py:3823} INFO - Setting next_dagrun for example_branch_operator to 2026-03-27 00:00:00+00:00, run_after=2026-03-28 00:00:00+00:00
[2026-03-28T22:44:47.763+0000] {processor.py:183} INFO - Processing /home/airflow/.local/lib/python3.8/site-packages/airflow/example_dags/example_branch_operator.py took 0.137 seconds
[2026-03-28T22:45:18.174+0000] {processor.py:161} INFO - Started process (PID=901) to work on /home/airflow/.local/lib/python3.8/site-packages/airflow/example_dags/example_branch_operator.py
[2026-03-28T22:45:18.175+0000] {processor.py:830} INFO - Processing file /home/airflow/.local/lib/python3.8/site-packages/airflow/example_dags/example_branch_operator.py for tasks to queue
[2026-03-28T22:45:18.177+0000] {logging_mixin.py:188} INFO - [2026-03-28T22:45:18.177+0000] {dagbag.py:538} INFO - Filling up the DagBag from /home/airflow/.local/lib/python3.8/site-packages/airflow/example_dags/example_branch_operator.py
[2026-03-28T22:45:18.193+0000] {processor.py:840} INFO - DAG(s) 'example_branch_operator' retrieved from /home/airflow/.local/lib/python3.8/site-packages/airflow/example_dags/example_branch_operator.py
[2026-03-28T22:45:18.221+0000] {logging_mixin.py:188} INFO - [2026-03-28T22:45:18.221+0000] {dag.py:3036} INFO - Sync 1 DAGs
[2026-03-28T22:45:18.244+0000] {logging_mixin.py:188} INFO - [2026-03-28T22:45:18.244+0000] {dag.py:3823} INFO - Setting next_dagrun for example_branch_operator to 2026-03-27 00:00:00+00:00, run_after=2026-03-28 00:00:00+00:00
[2026-03-28T22:45:18.269+0000] {processor.py:183} INFO - Processing /home/airflow/.local/lib/python3.8/site-packages/airflow/example_dags/example_branch_operator.py took 0.098 seconds
[2026-03-28T22:45:48.593+0000] {processor.py:161} INFO - Started process (PID=957) to work on /home/airflow/.local/lib/python3.8/site-packages/airflow/example_dags/example_branch_operator.py
[2026-03-28T22:45:48.594+0000] {processor.py:830} INFO - Processing file /home/airflow/.local/lib/python3.8/site-packages/airflow/example_dags/example_branch_operator.py for tasks to queue
[2026-03-28T22:45:48.596+0000] {logging_mixin.py:188} INFO - [2026-03-28T22:45:48.596+0000] {dagbag.py:538} INFO - Filling up the DagBag from /home/airflow/.local/lib/python3.8/site-packages/airflow/example_dags/example_branch_operator.py
[2026-03-28T22:45:48.613+0000] {processor.py:840} INFO - DAG(s) 'example_branch_operator' retrieved from /home/airflow/.local/lib/python3.8/site-packages/airflow/example_dags/example_branch_operator.py
[2026-03-28T22:45:48.640+0000] {logging_mixin.py:188} INFO - [2026-03-28T22:45:48.639+0000] {dag.py:3036} INFO - Sync 1 DAGs
[2026-03-28T22:45:48.665+0000] {logging_mixin.py:188} INFO - [2026-03-28T22:45:48.665+0000] {dag.py:3823} INFO - Setting next_dagrun for example_branch_operator to 2026-03-27 00:00:00+00:00, run_after=2026-03-28 00:00:00+00:00
[2026-03-28T22:45:48.688+0000] {processor.py:183} INFO - Processing /home/airflow/.local/lib/python3.8/site-packages/airflow/example_dags/example_branch_operator.py took 0.098 seconds
[2026-03-28T22:46:36.653+0000] {processor.py:161} INFO - Started process (PID=1007) to work on /home/airflow/.local/lib/python3.8/site-packages/airflow/example_dags/example_branch_operator.py
[2026-03-28T22:46:36.655+0000] {processor.py:830} INFO - Processing file /home/airflow/.local/lib/python3.8/site-packages/airflow/example_dags/example_branch_operator.py for tasks to queue
[2026-03-28T22:46:36.657+0000] {logging_mixin.py:188} INFO - [2026-03-28T22:46:36.657+0000] {dagbag.py:538} INFO - Filling up the DagBag from /home/airflow/.local/lib/python3.8/site-packages/airflow/example_dags/example_branch_operator.py
[2026-03-28T22:46:36.679+0000] {processor.py:840} INFO - DAG(s) 'example_branch_operator' retrieved from /home/airflow/.local/lib/python3.8/site-packages/airflow/example_dags/example_branch_operator.py
[2026-03-28T22:46:36.750+0000] {logging_mixin.py:188} INFO - [2026-03-28T22:46:36.750+0000] {dag.py:3036} INFO - Sync 1 DAGs
[2026-03-28T22:46:36.802+0000] {logging_mixin.py:188} INFO - [2026-03-28T22:46:36.802+0000] {dag.py:3823} INFO - Setting next_dagrun for example_branch_operator to 2026-03-27 00:00:00+00:00, run_after=2026-03-28 00:00:00+00:00
[2026-03-28T22:46:36.853+0000] {processor.py:183} INFO - Processing /home/airflow/.local/lib/python3.8/site-packages/airflow/example_dags/example_branch_operator.py took 0.205 seconds
