[2026-03-28T22:09:43.337+0000] {processor.py:161} INFO - Started process (PID=94) to work on /home/airflow/.local/lib/python3.8/site-packages/airflow/example_dags/example_python_decorator.py
[2026-03-28T22:09:43.339+0000] {processor.py:830} INFO - Processing file /home/airflow/.local/lib/python3.8/site-packages/airflow/example_dags/example_python_decorator.py for tasks to queue
[2026-03-28T22:09:43.342+0000] {logging_mixin.py:188} INFO - [2026-03-28T22:09:43.342+0000] {dagbag.py:538} INFO - Filling up the DagBag from /home/airflow/.local/lib/python3.8/site-packages/airflow/example_dags/example_python_decorator.py
[2026-03-28T22:09:43.364+0000] {processor.py:840} INFO - DAG(s) 'example_python_decorator' retrieved from /home/airflow/.local/lib/python3.8/site-packages/airflow/example_dags/example_python_decorator.py
[2026-03-28T22:09:43.484+0000] {logging_mixin.py:188} INFO - [2026-03-28T22:09:43.483+0000] {override.py:1769} INFO - Created Permission View: can edit on DAG:example_python_decorator
[2026-03-28T22:09:43.498+0000] {logging_mixin.py:188} INFO - [2026-03-28T22:09:43.497+0000] {override.py:1769} INFO - Created Permission View: can delete on DAG:example_python_decorator
[2026-03-28T22:09:43.507+0000] {logging_mixin.py:188} INFO - [2026-03-28T22:09:43.507+0000] {override.py:1769} INFO - Created Permission View: can read on DAG:example_python_decorator
[2026-03-28T22:09:43.508+0000] {logging_mixin.py:188} INFO - [2026-03-28T22:09:43.508+0000] {dag.py:3036} INFO - Sync 1 DAGs
[2026-03-28T22:09:43.520+0000] {logging_mixin.py:188} INFO - [2026-03-28T22:09:43.519+0000] {dag.py:3058} INFO - Creating ORM DAG for example_python_decorator
[2026-03-28T22:09:43.521+0000] {logging_mixin.py:188} INFO - [2026-03-28T22:09:43.520+0000] {dag.py:3823} INFO - Setting next_dagrun for example_python_decorator to None, run_after=None
[2026-03-28T22:09:43.542+0000] {processor.py:183} INFO - Processing /home/airflow/.local/lib/python3.8/site-packages/airflow/example_dags/example_python_decorator.py took 0.211 seconds
[2026-03-28T22:10:13.929+0000] {processor.py:161} INFO - Started process (PID=150) to work on /home/airflow/.local/lib/python3.8/site-packages/airflow/example_dags/example_python_decorator.py
[2026-03-28T22:10:13.931+0000] {processor.py:830} INFO - Processing file /home/airflow/.local/lib/python3.8/site-packages/airflow/example_dags/example_python_decorator.py for tasks to queue
[2026-03-28T22:10:13.935+0000] {logging_mixin.py:188} INFO - [2026-03-28T22:10:13.934+0000] {dagbag.py:538} INFO - Filling up the DagBag from /home/airflow/.local/lib/python3.8/site-packages/airflow/example_dags/example_python_decorator.py
[2026-03-28T22:10:13.950+0000] {processor.py:840} INFO - DAG(s) 'example_python_decorator' retrieved from /home/airflow/.local/lib/python3.8/site-packages/airflow/example_dags/example_python_decorator.py
[2026-03-28T22:10:13.980+0000] {logging_mixin.py:188} INFO - [2026-03-28T22:10:13.980+0000] {dag.py:3036} INFO - Sync 1 DAGs
[2026-03-28T22:10:13.996+0000] {logging_mixin.py:188} INFO - [2026-03-28T22:10:13.996+0000] {dag.py:3823} INFO - Setting next_dagrun for example_python_decorator to None, run_after=None
[2026-03-28T22:10:14.020+0000] {processor.py:183} INFO - Processing /home/airflow/.local/lib/python3.8/site-packages/airflow/example_dags/example_python_decorator.py took 0.094 seconds
[2026-03-28T22:10:44.520+0000] {processor.py:161} INFO - Started process (PID=206) to work on /home/airflow/.local/lib/python3.8/site-packages/airflow/example_dags/example_python_decorator.py
[2026-03-28T22:10:44.522+0000] {processor.py:830} INFO - Processing file /home/airflow/.local/lib/python3.8/site-packages/airflow/example_dags/example_python_decorator.py for tasks to queue
[2026-03-28T22:10:44.524+0000] {logging_mixin.py:188} INFO - [2026-03-28T22:10:44.524+0000] {dagbag.py:538} INFO - Filling up the DagBag from /home/airflow/.local/lib/python3.8/site-packages/airflow/example_dags/example_python_decorator.py
[2026-03-28T22:10:44.538+0000] {processor.py:840} INFO - DAG(s) 'example_python_decorator' retrieved from /home/airflow/.local/lib/python3.8/site-packages/airflow/example_dags/example_python_decorator.py
[2026-03-28T22:10:44.562+0000] {logging_mixin.py:188} INFO - [2026-03-28T22:10:44.562+0000] {dag.py:3036} INFO - Sync 1 DAGs
[2026-03-28T22:10:44.573+0000] {logging_mixin.py:188} INFO - [2026-03-28T22:10:44.572+0000] {dag.py:3823} INFO - Setting next_dagrun for example_python_decorator to None, run_after=None
[2026-03-28T22:10:44.754+0000] {processor.py:183} INFO - Processing /home/airflow/.local/lib/python3.8/site-packages/airflow/example_dags/example_python_decorator.py took 0.238 seconds
[2026-03-28T22:11:15.016+0000] {processor.py:161} INFO - Started process (PID=262) to work on /home/airflow/.local/lib/python3.8/site-packages/airflow/example_dags/example_python_decorator.py
[2026-03-28T22:11:15.017+0000] {processor.py:830} INFO - Processing file /home/airflow/.local/lib/python3.8/site-packages/airflow/example_dags/example_python_decorator.py for tasks to queue
[2026-03-28T22:11:15.020+0000] {logging_mixin.py:188} INFO - [2026-03-28T22:11:15.019+0000] {dagbag.py:538} INFO - Filling up the DagBag from /home/airflow/.local/lib/python3.8/site-packages/airflow/example_dags/example_python_decorator.py
[2026-03-28T22:11:15.038+0000] {processor.py:840} INFO - DAG(s) 'example_python_decorator' retrieved from /home/airflow/.local/lib/python3.8/site-packages/airflow/example_dags/example_python_decorator.py
[2026-03-28T22:11:15.063+0000] {logging_mixin.py:188} INFO - [2026-03-28T22:11:15.063+0000] {dag.py:3036} INFO - Sync 1 DAGs
[2026-03-28T22:11:15.074+0000] {logging_mixin.py:188} INFO - [2026-03-28T22:11:15.074+0000] {dag.py:3823} INFO - Setting next_dagrun for example_python_decorator to None, run_after=None
[2026-03-28T22:11:15.095+0000] {processor.py:183} INFO - Processing /home/airflow/.local/lib/python3.8/site-packages/airflow/example_dags/example_python_decorator.py took 0.082 seconds
[2026-03-28T22:11:45.166+0000] {processor.py:161} INFO - Started process (PID=318) to work on /home/airflow/.local/lib/python3.8/site-packages/airflow/example_dags/example_python_decorator.py
[2026-03-28T22:11:45.167+0000] {processor.py:830} INFO - Processing file /home/airflow/.local/lib/python3.8/site-packages/airflow/example_dags/example_python_decorator.py for tasks to queue
[2026-03-28T22:11:45.170+0000] {logging_mixin.py:188} INFO - [2026-03-28T22:11:45.169+0000] {dagbag.py:538} INFO - Filling up the DagBag from /home/airflow/.local/lib/python3.8/site-packages/airflow/example_dags/example_python_decorator.py
[2026-03-28T22:11:45.183+0000] {processor.py:840} INFO - DAG(s) 'example_python_decorator' retrieved from /home/airflow/.local/lib/python3.8/site-packages/airflow/example_dags/example_python_decorator.py
[2026-03-28T22:11:45.206+0000] {logging_mixin.py:188} INFO - [2026-03-28T22:11:45.206+0000] {dag.py:3036} INFO - Sync 1 DAGs
[2026-03-28T22:11:45.222+0000] {logging_mixin.py:188} INFO - [2026-03-28T22:11:45.222+0000] {dag.py:3823} INFO - Setting next_dagrun for example_python_decorator to None, run_after=None
[2026-03-28T22:11:45.248+0000] {processor.py:183} INFO - Processing /home/airflow/.local/lib/python3.8/site-packages/airflow/example_dags/example_python_decorator.py took 0.086 seconds
[2026-03-28T22:12:15.372+0000] {processor.py:161} INFO - Started process (PID=374) to work on /home/airflow/.local/lib/python3.8/site-packages/airflow/example_dags/example_python_decorator.py
[2026-03-28T22:12:15.374+0000] {processor.py:830} INFO - Processing file /home/airflow/.local/lib/python3.8/site-packages/airflow/example_dags/example_python_decorator.py for tasks to queue
[2026-03-28T22:12:15.377+0000] {logging_mixin.py:188} INFO - [2026-03-28T22:12:15.376+0000] {dagbag.py:538} INFO - Filling up the DagBag from /home/airflow/.local/lib/python3.8/site-packages/airflow/example_dags/example_python_decorator.py
[2026-03-28T22:12:15.391+0000] {processor.py:840} INFO - DAG(s) 'example_python_decorator' retrieved from /home/airflow/.local/lib/python3.8/site-packages/airflow/example_dags/example_python_decorator.py
[2026-03-28T22:12:15.417+0000] {logging_mixin.py:188} INFO - [2026-03-28T22:12:15.417+0000] {dag.py:3036} INFO - Sync 1 DAGs
[2026-03-28T22:12:15.432+0000] {logging_mixin.py:188} INFO - [2026-03-28T22:12:15.431+0000] {dag.py:3823} INFO - Setting next_dagrun for example_python_decorator to None, run_after=None
[2026-03-28T22:12:15.452+0000] {processor.py:183} INFO - Processing /home/airflow/.local/lib/python3.8/site-packages/airflow/example_dags/example_python_decorator.py took 0.084 seconds
[2026-03-28T22:12:45.675+0000] {processor.py:161} INFO - Started process (PID=430) to work on /home/airflow/.local/lib/python3.8/site-packages/airflow/example_dags/example_python_decorator.py
[2026-03-28T22:12:45.676+0000] {processor.py:830} INFO - Processing file /home/airflow/.local/lib/python3.8/site-packages/airflow/example_dags/example_python_decorator.py for tasks to queue
[2026-03-28T22:12:45.678+0000] {logging_mixin.py:188} INFO - [2026-03-28T22:12:45.678+0000] {dagbag.py:538} INFO - Filling up the DagBag from /home/airflow/.local/lib/python3.8/site-packages/airflow/example_dags/example_python_decorator.py
[2026-03-28T22:12:45.694+0000] {processor.py:840} INFO - DAG(s) 'example_python_decorator' retrieved from /home/airflow/.local/lib/python3.8/site-packages/airflow/example_dags/example_python_decorator.py
[2026-03-28T22:12:45.720+0000] {logging_mixin.py:188} INFO - [2026-03-28T22:12:45.719+0000] {dag.py:3036} INFO - Sync 1 DAGs
[2026-03-28T22:12:45.735+0000] {logging_mixin.py:188} INFO - [2026-03-28T22:12:45.735+0000] {dag.py:3823} INFO - Setting next_dagrun for example_python_decorator to None, run_after=None
[2026-03-28T22:12:45.759+0000] {processor.py:183} INFO - Processing /home/airflow/.local/lib/python3.8/site-packages/airflow/example_dags/example_python_decorator.py took 0.088 seconds
[2026-03-28T22:13:16.007+0000] {processor.py:161} INFO - Started process (PID=486) to work on /home/airflow/.local/lib/python3.8/site-packages/airflow/example_dags/example_python_decorator.py
[2026-03-28T22:13:16.009+0000] {processor.py:830} INFO - Processing file /home/airflow/.local/lib/python3.8/site-packages/airflow/example_dags/example_python_decorator.py for tasks to queue
[2026-03-28T22:13:16.011+0000] {logging_mixin.py:188} INFO - [2026-03-28T22:13:16.011+0000] {dagbag.py:538} INFO - Filling up the DagBag from /home/airflow/.local/lib/python3.8/site-packages/airflow/example_dags/example_python_decorator.py
[2026-03-28T22:13:16.023+0000] {processor.py:840} INFO - DAG(s) 'example_python_decorator' retrieved from /home/airflow/.local/lib/python3.8/site-packages/airflow/example_dags/example_python_decorator.py
[2026-03-28T22:13:16.048+0000] {logging_mixin.py:188} INFO - [2026-03-28T22:13:16.047+0000] {dag.py:3036} INFO - Sync 1 DAGs
[2026-03-28T22:13:16.060+0000] {logging_mixin.py:188} INFO - [2026-03-28T22:13:16.059+0000] {dag.py:3823} INFO - Setting next_dagrun for example_python_decorator to None, run_after=None
[2026-03-28T22:13:16.081+0000] {processor.py:183} INFO - Processing /home/airflow/.local/lib/python3.8/site-packages/airflow/example_dags/example_python_decorator.py took 0.077 seconds
[2026-03-28T22:14:08.085+0000] {processor.py:161} INFO - Started process (PID=92) to work on /home/airflow/.local/lib/python3.8/site-packages/airflow/example_dags/example_python_decorator.py
[2026-03-28T22:14:08.086+0000] {processor.py:830} INFO - Processing file /home/airflow/.local/lib/python3.8/site-packages/airflow/example_dags/example_python_decorator.py for tasks to queue
[2026-03-28T22:14:08.089+0000] {logging_mixin.py:188} INFO - [2026-03-28T22:14:08.089+0000] {dagbag.py:538} INFO - Filling up the DagBag from /home/airflow/.local/lib/python3.8/site-packages/airflow/example_dags/example_python_decorator.py
[2026-03-28T22:14:08.109+0000] {processor.py:840} INFO - DAG(s) 'example_python_decorator' retrieved from /home/airflow/.local/lib/python3.8/site-packages/airflow/example_dags/example_python_decorator.py
[2026-03-28T22:14:08.124+0000] {logging_mixin.py:188} INFO - [2026-03-28T22:14:08.124+0000] {dag.py:3036} INFO - Sync 1 DAGs
[2026-03-28T22:14:08.141+0000] {logging_mixin.py:188} INFO - [2026-03-28T22:14:08.140+0000] {dag.py:3823} INFO - Setting next_dagrun for example_python_decorator to None, run_after=None
[2026-03-28T22:14:08.166+0000] {processor.py:183} INFO - Processing /home/airflow/.local/lib/python3.8/site-packages/airflow/example_dags/example_python_decorator.py took 0.086 seconds
[2026-03-28T22:14:38.422+0000] {processor.py:161} INFO - Started process (PID=148) to work on /home/airflow/.local/lib/python3.8/site-packages/airflow/example_dags/example_python_decorator.py
[2026-03-28T22:14:38.424+0000] {processor.py:830} INFO - Processing file /home/airflow/.local/lib/python3.8/site-packages/airflow/example_dags/example_python_decorator.py for tasks to queue
[2026-03-28T22:14:38.426+0000] {logging_mixin.py:188} INFO - [2026-03-28T22:14:38.425+0000] {dagbag.py:538} INFO - Filling up the DagBag from /home/airflow/.local/lib/python3.8/site-packages/airflow/example_dags/example_python_decorator.py
[2026-03-28T22:14:38.439+0000] {processor.py:840} INFO - DAG(s) 'example_python_decorator' retrieved from /home/airflow/.local/lib/python3.8/site-packages/airflow/example_dags/example_python_decorator.py
[2026-03-28T22:14:38.525+0000] {logging_mixin.py:188} INFO - [2026-03-28T22:14:38.525+0000] {dag.py:3036} INFO - Sync 1 DAGs
[2026-03-28T22:14:38.535+0000] {logging_mixin.py:188} INFO - [2026-03-28T22:14:38.535+0000] {dag.py:3823} INFO - Setting next_dagrun for example_python_decorator to None, run_after=None
[2026-03-28T22:14:38.561+0000] {processor.py:183} INFO - Processing /home/airflow/.local/lib/python3.8/site-packages/airflow/example_dags/example_python_decorator.py took 0.142 seconds
[2026-03-28T22:15:08.668+0000] {processor.py:161} INFO - Started process (PID=204) to work on /home/airflow/.local/lib/python3.8/site-packages/airflow/example_dags/example_python_decorator.py
[2026-03-28T22:15:08.670+0000] {processor.py:830} INFO - Processing file /home/airflow/.local/lib/python3.8/site-packages/airflow/example_dags/example_python_decorator.py for tasks to queue
[2026-03-28T22:15:08.672+0000] {logging_mixin.py:188} INFO - [2026-03-28T22:15:08.671+0000] {dagbag.py:538} INFO - Filling up the DagBag from /home/airflow/.local/lib/python3.8/site-packages/airflow/example_dags/example_python_decorator.py
[2026-03-28T22:15:08.684+0000] {processor.py:840} INFO - DAG(s) 'example_python_decorator' retrieved from /home/airflow/.local/lib/python3.8/site-packages/airflow/example_dags/example_python_decorator.py
[2026-03-28T22:15:08.708+0000] {logging_mixin.py:188} INFO - [2026-03-28T22:15:08.708+0000] {dag.py:3036} INFO - Sync 1 DAGs
[2026-03-28T22:15:08.719+0000] {logging_mixin.py:188} INFO - [2026-03-28T22:15:08.719+0000] {dag.py:3823} INFO - Setting next_dagrun for example_python_decorator to None, run_after=None
[2026-03-28T22:15:08.820+0000] {processor.py:183} INFO - Processing /home/airflow/.local/lib/python3.8/site-packages/airflow/example_dags/example_python_decorator.py took 0.156 seconds
[2026-03-28T22:15:39.287+0000] {processor.py:161} INFO - Started process (PID=260) to work on /home/airflow/.local/lib/python3.8/site-packages/airflow/example_dags/example_python_decorator.py
[2026-03-28T22:15:39.289+0000] {processor.py:830} INFO - Processing file /home/airflow/.local/lib/python3.8/site-packages/airflow/example_dags/example_python_decorator.py for tasks to queue
[2026-03-28T22:15:39.291+0000] {logging_mixin.py:188} INFO - [2026-03-28T22:15:39.291+0000] {dagbag.py:538} INFO - Filling up the DagBag from /home/airflow/.local/lib/python3.8/site-packages/airflow/example_dags/example_python_decorator.py
[2026-03-28T22:15:39.307+0000] {processor.py:840} INFO - DAG(s) 'example_python_decorator' retrieved from /home/airflow/.local/lib/python3.8/site-packages/airflow/example_dags/example_python_decorator.py
[2026-03-28T22:15:39.332+0000] {logging_mixin.py:188} INFO - [2026-03-28T22:15:39.332+0000] {dag.py:3036} INFO - Sync 1 DAGs
[2026-03-28T22:15:39.346+0000] {logging_mixin.py:188} INFO - [2026-03-28T22:15:39.345+0000] {dag.py:3823} INFO - Setting next_dagrun for example_python_decorator to None, run_after=None
[2026-03-28T22:15:39.372+0000] {processor.py:183} INFO - Processing /home/airflow/.local/lib/python3.8/site-packages/airflow/example_dags/example_python_decorator.py took 0.089 seconds
[2026-03-28T22:16:09.554+0000] {processor.py:161} INFO - Started process (PID=316) to work on /home/airflow/.local/lib/python3.8/site-packages/airflow/example_dags/example_python_decorator.py
[2026-03-28T22:16:09.556+0000] {processor.py:830} INFO - Processing file /home/airflow/.local/lib/python3.8/site-packages/airflow/example_dags/example_python_decorator.py for tasks to queue
[2026-03-28T22:16:09.558+0000] {logging_mixin.py:188} INFO - [2026-03-28T22:16:09.558+0000] {dagbag.py:538} INFO - Filling up the DagBag from /home/airflow/.local/lib/python3.8/site-packages/airflow/example_dags/example_python_decorator.py
[2026-03-28T22:16:09.574+0000] {processor.py:840} INFO - DAG(s) 'example_python_decorator' retrieved from /home/airflow/.local/lib/python3.8/site-packages/airflow/example_dags/example_python_decorator.py
[2026-03-28T22:16:09.596+0000] {logging_mixin.py:188} INFO - [2026-03-28T22:16:09.596+0000] {dag.py:3036} INFO - Sync 1 DAGs
[2026-03-28T22:16:09.612+0000] {logging_mixin.py:188} INFO - [2026-03-28T22:16:09.612+0000] {dag.py:3823} INFO - Setting next_dagrun for example_python_decorator to None, run_after=None
[2026-03-28T22:16:09.634+0000] {processor.py:183} INFO - Processing /home/airflow/.local/lib/python3.8/site-packages/airflow/example_dags/example_python_decorator.py took 0.086 seconds
[2026-03-28T22:16:39.926+0000] {processor.py:161} INFO - Started process (PID=372) to work on /home/airflow/.local/lib/python3.8/site-packages/airflow/example_dags/example_python_decorator.py
[2026-03-28T22:16:39.928+0000] {processor.py:830} INFO - Processing file /home/airflow/.local/lib/python3.8/site-packages/airflow/example_dags/example_python_decorator.py for tasks to queue
[2026-03-28T22:16:39.930+0000] {logging_mixin.py:188} INFO - [2026-03-28T22:16:39.930+0000] {dagbag.py:538} INFO - Filling up the DagBag from /home/airflow/.local/lib/python3.8/site-packages/airflow/example_dags/example_python_decorator.py
[2026-03-28T22:16:39.948+0000] {processor.py:840} INFO - DAG(s) 'example_python_decorator' retrieved from /home/airflow/.local/lib/python3.8/site-packages/airflow/example_dags/example_python_decorator.py
[2026-03-28T22:16:39.971+0000] {logging_mixin.py:188} INFO - [2026-03-28T22:16:39.970+0000] {dag.py:3036} INFO - Sync 1 DAGs
[2026-03-28T22:16:39.982+0000] {logging_mixin.py:188} INFO - [2026-03-28T22:16:39.982+0000] {dag.py:3823} INFO - Setting next_dagrun for example_python_decorator to None, run_after=None
[2026-03-28T22:16:40.005+0000] {processor.py:183} INFO - Processing /home/airflow/.local/lib/python3.8/site-packages/airflow/example_dags/example_python_decorator.py took 0.083 seconds
[2026-03-28T22:17:10.788+0000] {processor.py:161} INFO - Started process (PID=428) to work on /home/airflow/.local/lib/python3.8/site-packages/airflow/example_dags/example_python_decorator.py
[2026-03-28T22:17:10.790+0000] {processor.py:830} INFO - Processing file /home/airflow/.local/lib/python3.8/site-packages/airflow/example_dags/example_python_decorator.py for tasks to queue
[2026-03-28T22:17:10.792+0000] {logging_mixin.py:188} INFO - [2026-03-28T22:17:10.792+0000] {dagbag.py:538} INFO - Filling up the DagBag from /home/airflow/.local/lib/python3.8/site-packages/airflow/example_dags/example_python_decorator.py
[2026-03-28T22:17:10.807+0000] {processor.py:840} INFO - DAG(s) 'example_python_decorator' retrieved from /home/airflow/.local/lib/python3.8/site-packages/airflow/example_dags/example_python_decorator.py
[2026-03-28T22:17:10.833+0000] {logging_mixin.py:188} INFO - [2026-03-28T22:17:10.832+0000] {dag.py:3036} INFO - Sync 1 DAGs
[2026-03-28T22:17:10.844+0000] {logging_mixin.py:188} INFO - [2026-03-28T22:17:10.843+0000] {dag.py:3823} INFO - Setting next_dagrun for example_python_decorator to None, run_after=None
[2026-03-28T22:17:10.936+0000] {processor.py:183} INFO - Processing /home/airflow/.local/lib/python3.8/site-packages/airflow/example_dags/example_python_decorator.py took 0.152 seconds
[2026-03-28T22:17:41.901+0000] {processor.py:161} INFO - Started process (PID=484) to work on /home/airflow/.local/lib/python3.8/site-packages/airflow/example_dags/example_python_decorator.py
[2026-03-28T22:17:41.902+0000] {processor.py:830} INFO - Processing file /home/airflow/.local/lib/python3.8/site-packages/airflow/example_dags/example_python_decorator.py for tasks to queue
[2026-03-28T22:17:41.904+0000] {logging_mixin.py:188} INFO - [2026-03-28T22:17:41.904+0000] {dagbag.py:538} INFO - Filling up the DagBag from /home/airflow/.local/lib/python3.8/site-packages/airflow/example_dags/example_python_decorator.py
[2026-03-28T22:17:41.917+0000] {processor.py:840} INFO - DAG(s) 'example_python_decorator' retrieved from /home/airflow/.local/lib/python3.8/site-packages/airflow/example_dags/example_python_decorator.py
[2026-03-28T22:17:41.939+0000] {logging_mixin.py:188} INFO - [2026-03-28T22:17:41.939+0000] {dag.py:3036} INFO - Sync 1 DAGs
[2026-03-28T22:17:41.950+0000] {logging_mixin.py:188} INFO - [2026-03-28T22:17:41.950+0000] {dag.py:3823} INFO - Setting next_dagrun for example_python_decorator to None, run_after=None
[2026-03-28T22:17:42.005+0000] {processor.py:183} INFO - Processing /home/airflow/.local/lib/python3.8/site-packages/airflow/example_dags/example_python_decorator.py took 0.106 seconds
[2026-03-28T22:18:12.843+0000] {processor.py:161} INFO - Started process (PID=540) to work on /home/airflow/.local/lib/python3.8/site-packages/airflow/example_dags/example_python_decorator.py
[2026-03-28T22:18:12.844+0000] {processor.py:830} INFO - Processing file /home/airflow/.local/lib/python3.8/site-packages/airflow/example_dags/example_python_decorator.py for tasks to queue
[2026-03-28T22:18:12.846+0000] {logging_mixin.py:188} INFO - [2026-03-28T22:18:12.846+0000] {dagbag.py:538} INFO - Filling up the DagBag from /home/airflow/.local/lib/python3.8/site-packages/airflow/example_dags/example_python_decorator.py
[2026-03-28T22:18:12.858+0000] {processor.py:840} INFO - DAG(s) 'example_python_decorator' retrieved from /home/airflow/.local/lib/python3.8/site-packages/airflow/example_dags/example_python_decorator.py
[2026-03-28T22:18:12.879+0000] {logging_mixin.py:188} INFO - [2026-03-28T22:18:12.879+0000] {dag.py:3036} INFO - Sync 1 DAGs
[2026-03-28T22:18:12.889+0000] {logging_mixin.py:188} INFO - [2026-03-28T22:18:12.889+0000] {dag.py:3823} INFO - Setting next_dagrun for example_python_decorator to None, run_after=None
[2026-03-28T22:18:12.915+0000] {processor.py:183} INFO - Processing /home/airflow/.local/lib/python3.8/site-packages/airflow/example_dags/example_python_decorator.py took 0.075 seconds
[2026-03-28T22:18:43.189+0000] {processor.py:161} INFO - Started process (PID=596) to work on /home/airflow/.local/lib/python3.8/site-packages/airflow/example_dags/example_python_decorator.py
[2026-03-28T22:18:43.190+0000] {processor.py:830} INFO - Processing file /home/airflow/.local/lib/python3.8/site-packages/airflow/example_dags/example_python_decorator.py for tasks to queue
[2026-03-28T22:18:43.192+0000] {logging_mixin.py:188} INFO - [2026-03-28T22:18:43.192+0000] {dagbag.py:538} INFO - Filling up the DagBag from /home/airflow/.local/lib/python3.8/site-packages/airflow/example_dags/example_python_decorator.py
[2026-03-28T22:18:43.208+0000] {processor.py:840} INFO - DAG(s) 'example_python_decorator' retrieved from /home/airflow/.local/lib/python3.8/site-packages/airflow/example_dags/example_python_decorator.py
[2026-03-28T22:18:43.230+0000] {logging_mixin.py:188} INFO - [2026-03-28T22:18:43.230+0000] {dag.py:3036} INFO - Sync 1 DAGs
[2026-03-28T22:18:43.242+0000] {logging_mixin.py:188} INFO - [2026-03-28T22:18:43.242+0000] {dag.py:3823} INFO - Setting next_dagrun for example_python_decorator to None, run_after=None
[2026-03-28T22:18:43.265+0000] {processor.py:183} INFO - Processing /home/airflow/.local/lib/python3.8/site-packages/airflow/example_dags/example_python_decorator.py took 0.079 seconds
[2026-03-28T22:19:13.851+0000] {processor.py:161} INFO - Started process (PID=652) to work on /home/airflow/.local/lib/python3.8/site-packages/airflow/example_dags/example_python_decorator.py
[2026-03-28T22:19:13.852+0000] {processor.py:830} INFO - Processing file /home/airflow/.local/lib/python3.8/site-packages/airflow/example_dags/example_python_decorator.py for tasks to queue
[2026-03-28T22:19:13.854+0000] {logging_mixin.py:188} INFO - [2026-03-28T22:19:13.854+0000] {dagbag.py:538} INFO - Filling up the DagBag from /home/airflow/.local/lib/python3.8/site-packages/airflow/example_dags/example_python_decorator.py
[2026-03-28T22:19:13.867+0000] {processor.py:840} INFO - DAG(s) 'example_python_decorator' retrieved from /home/airflow/.local/lib/python3.8/site-packages/airflow/example_dags/example_python_decorator.py
[2026-03-28T22:19:13.891+0000] {logging_mixin.py:188} INFO - [2026-03-28T22:19:13.890+0000] {dag.py:3036} INFO - Sync 1 DAGs
[2026-03-28T22:19:13.902+0000] {logging_mixin.py:188} INFO - [2026-03-28T22:19:13.902+0000] {dag.py:3823} INFO - Setting next_dagrun for example_python_decorator to None, run_after=None
[2026-03-28T22:19:13.956+0000] {processor.py:183} INFO - Processing /home/airflow/.local/lib/python3.8/site-packages/airflow/example_dags/example_python_decorator.py took 0.107 seconds
[2026-03-28T22:19:44.202+0000] {processor.py:161} INFO - Started process (PID=708) to work on /home/airflow/.local/lib/python3.8/site-packages/airflow/example_dags/example_python_decorator.py
[2026-03-28T22:19:44.203+0000] {processor.py:830} INFO - Processing file /home/airflow/.local/lib/python3.8/site-packages/airflow/example_dags/example_python_decorator.py for tasks to queue
[2026-03-28T22:19:44.206+0000] {logging_mixin.py:188} INFO - [2026-03-28T22:19:44.206+0000] {dagbag.py:538} INFO - Filling up the DagBag from /home/airflow/.local/lib/python3.8/site-packages/airflow/example_dags/example_python_decorator.py
[2026-03-28T22:19:44.226+0000] {processor.py:840} INFO - DAG(s) 'example_python_decorator' retrieved from /home/airflow/.local/lib/python3.8/site-packages/airflow/example_dags/example_python_decorator.py
[2026-03-28T22:19:44.259+0000] {logging_mixin.py:188} INFO - [2026-03-28T22:19:44.258+0000] {dag.py:3036} INFO - Sync 1 DAGs
[2026-03-28T22:19:44.275+0000] {logging_mixin.py:188} INFO - [2026-03-28T22:19:44.275+0000] {dag.py:3823} INFO - Setting next_dagrun for example_python_decorator to None, run_after=None
[2026-03-28T22:19:44.316+0000] {processor.py:183} INFO - Processing /home/airflow/.local/lib/python3.8/site-packages/airflow/example_dags/example_python_decorator.py took 0.118 seconds
[2026-03-28T22:20:14.481+0000] {processor.py:161} INFO - Started process (PID=764) to work on /home/airflow/.local/lib/python3.8/site-packages/airflow/example_dags/example_python_decorator.py
[2026-03-28T22:20:14.482+0000] {processor.py:830} INFO - Processing file /home/airflow/.local/lib/python3.8/site-packages/airflow/example_dags/example_python_decorator.py for tasks to queue
[2026-03-28T22:20:14.485+0000] {logging_mixin.py:188} INFO - [2026-03-28T22:20:14.484+0000] {dagbag.py:538} INFO - Filling up the DagBag from /home/airflow/.local/lib/python3.8/site-packages/airflow/example_dags/example_python_decorator.py
[2026-03-28T22:20:14.505+0000] {processor.py:840} INFO - DAG(s) 'example_python_decorator' retrieved from /home/airflow/.local/lib/python3.8/site-packages/airflow/example_dags/example_python_decorator.py
[2026-03-28T22:20:14.534+0000] {logging_mixin.py:188} INFO - [2026-03-28T22:20:14.533+0000] {dag.py:3036} INFO - Sync 1 DAGs
[2026-03-28T22:20:14.550+0000] {logging_mixin.py:188} INFO - [2026-03-28T22:20:14.550+0000] {dag.py:3823} INFO - Setting next_dagrun for example_python_decorator to None, run_after=None
[2026-03-28T22:20:14.584+0000] {processor.py:183} INFO - Processing /home/airflow/.local/lib/python3.8/site-packages/airflow/example_dags/example_python_decorator.py took 0.109 seconds
[2026-03-28T22:20:44.640+0000] {processor.py:161} INFO - Started process (PID=820) to work on /home/airflow/.local/lib/python3.8/site-packages/airflow/example_dags/example_python_decorator.py
[2026-03-28T22:20:44.641+0000] {processor.py:830} INFO - Processing file /home/airflow/.local/lib/python3.8/site-packages/airflow/example_dags/example_python_decorator.py for tasks to queue
[2026-03-28T22:20:44.643+0000] {logging_mixin.py:188} INFO - [2026-03-28T22:20:44.643+0000] {dagbag.py:538} INFO - Filling up the DagBag from /home/airflow/.local/lib/python3.8/site-packages/airflow/example_dags/example_python_decorator.py
[2026-03-28T22:20:44.656+0000] {processor.py:840} INFO - DAG(s) 'example_python_decorator' retrieved from /home/airflow/.local/lib/python3.8/site-packages/airflow/example_dags/example_python_decorator.py
[2026-03-28T22:20:44.679+0000] {logging_mixin.py:188} INFO - [2026-03-28T22:20:44.679+0000] {dag.py:3036} INFO - Sync 1 DAGs
[2026-03-28T22:20:44.691+0000] {logging_mixin.py:188} INFO - [2026-03-28T22:20:44.690+0000] {dag.py:3823} INFO - Setting next_dagrun for example_python_decorator to None, run_after=None
[2026-03-28T22:20:44.713+0000] {processor.py:183} INFO - Processing /home/airflow/.local/lib/python3.8/site-packages/airflow/example_dags/example_python_decorator.py took 0.076 seconds
[2026-03-28T22:21:15.309+0000] {processor.py:161} INFO - Started process (PID=876) to work on /home/airflow/.local/lib/python3.8/site-packages/airflow/example_dags/example_python_decorator.py
[2026-03-28T22:21:15.311+0000] {processor.py:830} INFO - Processing file /home/airflow/.local/lib/python3.8/site-packages/airflow/example_dags/example_python_decorator.py for tasks to queue
[2026-03-28T22:21:15.313+0000] {logging_mixin.py:188} INFO - [2026-03-28T22:21:15.313+0000] {dagbag.py:538} INFO - Filling up the DagBag from /home/airflow/.local/lib/python3.8/site-packages/airflow/example_dags/example_python_decorator.py
[2026-03-28T22:21:15.329+0000] {processor.py:840} INFO - DAG(s) 'example_python_decorator' retrieved from /home/airflow/.local/lib/python3.8/site-packages/airflow/example_dags/example_python_decorator.py
[2026-03-28T22:21:15.359+0000] {logging_mixin.py:188} INFO - [2026-03-28T22:21:15.358+0000] {dag.py:3036} INFO - Sync 1 DAGs
[2026-03-28T22:21:15.374+0000] {logging_mixin.py:188} INFO - [2026-03-28T22:21:15.373+0000] {dag.py:3823} INFO - Setting next_dagrun for example_python_decorator to None, run_after=None
[2026-03-28T22:21:15.401+0000] {processor.py:183} INFO - Processing /home/airflow/.local/lib/python3.8/site-packages/airflow/example_dags/example_python_decorator.py took 0.095 seconds
[2026-03-28T22:21:45.594+0000] {processor.py:161} INFO - Started process (PID=932) to work on /home/airflow/.local/lib/python3.8/site-packages/airflow/example_dags/example_python_decorator.py
[2026-03-28T22:21:45.595+0000] {processor.py:830} INFO - Processing file /home/airflow/.local/lib/python3.8/site-packages/airflow/example_dags/example_python_decorator.py for tasks to queue
[2026-03-28T22:21:45.597+0000] {logging_mixin.py:188} INFO - [2026-03-28T22:21:45.597+0000] {dagbag.py:538} INFO - Filling up the DagBag from /home/airflow/.local/lib/python3.8/site-packages/airflow/example_dags/example_python_decorator.py
[2026-03-28T22:21:45.610+0000] {processor.py:840} INFO - DAG(s) 'example_python_decorator' retrieved from /home/airflow/.local/lib/python3.8/site-packages/airflow/example_dags/example_python_decorator.py
[2026-03-28T22:21:45.634+0000] {logging_mixin.py:188} INFO - [2026-03-28T22:21:45.634+0000] {dag.py:3036} INFO - Sync 1 DAGs
[2026-03-28T22:21:45.646+0000] {logging_mixin.py:188} INFO - [2026-03-28T22:21:45.646+0000] {dag.py:3823} INFO - Setting next_dagrun for example_python_decorator to None, run_after=None
[2026-03-28T22:21:45.670+0000] {processor.py:183} INFO - Processing /home/airflow/.local/lib/python3.8/site-packages/airflow/example_dags/example_python_decorator.py took 0.080 seconds
[2026-03-28T22:22:15.863+0000] {processor.py:161} INFO - Started process (PID=988) to work on /home/airflow/.local/lib/python3.8/site-packages/airflow/example_dags/example_python_decorator.py
[2026-03-28T22:22:15.865+0000] {processor.py:830} INFO - Processing file /home/airflow/.local/lib/python3.8/site-packages/airflow/example_dags/example_python_decorator.py for tasks to queue
[2026-03-28T22:22:15.867+0000] {logging_mixin.py:188} INFO - [2026-03-28T22:22:15.866+0000] {dagbag.py:538} INFO - Filling up the DagBag from /home/airflow/.local/lib/python3.8/site-packages/airflow/example_dags/example_python_decorator.py
[2026-03-28T22:22:15.880+0000] {processor.py:840} INFO - DAG(s) 'example_python_decorator' retrieved from /home/airflow/.local/lib/python3.8/site-packages/airflow/example_dags/example_python_decorator.py
[2026-03-28T22:22:15.904+0000] {logging_mixin.py:188} INFO - [2026-03-28T22:22:15.903+0000] {dag.py:3036} INFO - Sync 1 DAGs
[2026-03-28T22:22:15.919+0000] {logging_mixin.py:188} INFO - [2026-03-28T22:22:15.918+0000] {dag.py:3823} INFO - Setting next_dagrun for example_python_decorator to None, run_after=None
[2026-03-28T22:22:15.948+0000] {processor.py:183} INFO - Processing /home/airflow/.local/lib/python3.8/site-packages/airflow/example_dags/example_python_decorator.py took 0.088 seconds
[2026-03-28T22:22:46.206+0000] {processor.py:161} INFO - Started process (PID=1044) to work on /home/airflow/.local/lib/python3.8/site-packages/airflow/example_dags/example_python_decorator.py
[2026-03-28T22:22:46.208+0000] {processor.py:830} INFO - Processing file /home/airflow/.local/lib/python3.8/site-packages/airflow/example_dags/example_python_decorator.py for tasks to queue
[2026-03-28T22:22:46.210+0000] {logging_mixin.py:188} INFO - [2026-03-28T22:22:46.209+0000] {dagbag.py:538} INFO - Filling up the DagBag from /home/airflow/.local/lib/python3.8/site-packages/airflow/example_dags/example_python_decorator.py
[2026-03-28T22:22:46.222+0000] {processor.py:840} INFO - DAG(s) 'example_python_decorator' retrieved from /home/airflow/.local/lib/python3.8/site-packages/airflow/example_dags/example_python_decorator.py
[2026-03-28T22:22:46.249+0000] {logging_mixin.py:188} INFO - [2026-03-28T22:22:46.249+0000] {dag.py:3036} INFO - Sync 1 DAGs
[2026-03-28T22:22:46.261+0000] {logging_mixin.py:188} INFO - [2026-03-28T22:22:46.261+0000] {dag.py:3823} INFO - Setting next_dagrun for example_python_decorator to None, run_after=None
[2026-03-28T22:22:46.284+0000] {processor.py:183} INFO - Processing /home/airflow/.local/lib/python3.8/site-packages/airflow/example_dags/example_python_decorator.py took 0.081 seconds
[2026-03-28T22:23:16.464+0000] {processor.py:161} INFO - Started process (PID=1100) to work on /home/airflow/.local/lib/python3.8/site-packages/airflow/example_dags/example_python_decorator.py
[2026-03-28T22:23:16.465+0000] {processor.py:830} INFO - Processing file /home/airflow/.local/lib/python3.8/site-packages/airflow/example_dags/example_python_decorator.py for tasks to queue
[2026-03-28T22:23:16.467+0000] {logging_mixin.py:188} INFO - [2026-03-28T22:23:16.467+0000] {dagbag.py:538} INFO - Filling up the DagBag from /home/airflow/.local/lib/python3.8/site-packages/airflow/example_dags/example_python_decorator.py
[2026-03-28T22:23:16.482+0000] {processor.py:840} INFO - DAG(s) 'example_python_decorator' retrieved from /home/airflow/.local/lib/python3.8/site-packages/airflow/example_dags/example_python_decorator.py
[2026-03-28T22:23:16.506+0000] {logging_mixin.py:188} INFO - [2026-03-28T22:23:16.505+0000] {dag.py:3036} INFO - Sync 1 DAGs
[2026-03-28T22:23:16.518+0000] {logging_mixin.py:188} INFO - [2026-03-28T22:23:16.517+0000] {dag.py:3823} INFO - Setting next_dagrun for example_python_decorator to None, run_after=None
[2026-03-28T22:23:16.541+0000] {processor.py:183} INFO - Processing /home/airflow/.local/lib/python3.8/site-packages/airflow/example_dags/example_python_decorator.py took 0.080 seconds
[2026-03-28T22:23:46.784+0000] {processor.py:161} INFO - Started process (PID=1156) to work on /home/airflow/.local/lib/python3.8/site-packages/airflow/example_dags/example_python_decorator.py
[2026-03-28T22:23:46.785+0000] {processor.py:830} INFO - Processing file /home/airflow/.local/lib/python3.8/site-packages/airflow/example_dags/example_python_decorator.py for tasks to queue
[2026-03-28T22:23:46.787+0000] {logging_mixin.py:188} INFO - [2026-03-28T22:23:46.787+0000] {dagbag.py:538} INFO - Filling up the DagBag from /home/airflow/.local/lib/python3.8/site-packages/airflow/example_dags/example_python_decorator.py
[2026-03-28T22:23:46.801+0000] {processor.py:840} INFO - DAG(s) 'example_python_decorator' retrieved from /home/airflow/.local/lib/python3.8/site-packages/airflow/example_dags/example_python_decorator.py
[2026-03-28T22:23:46.831+0000] {logging_mixin.py:188} INFO - [2026-03-28T22:23:46.830+0000] {dag.py:3036} INFO - Sync 1 DAGs
[2026-03-28T22:23:46.846+0000] {logging_mixin.py:188} INFO - [2026-03-28T22:23:46.846+0000] {dag.py:3823} INFO - Setting next_dagrun for example_python_decorator to None, run_after=None
[2026-03-28T22:23:46.871+0000] {processor.py:183} INFO - Processing /home/airflow/.local/lib/python3.8/site-packages/airflow/example_dags/example_python_decorator.py took 0.090 seconds
[2026-03-28T22:24:17.152+0000] {processor.py:161} INFO - Started process (PID=1212) to work on /home/airflow/.local/lib/python3.8/site-packages/airflow/example_dags/example_python_decorator.py
[2026-03-28T22:24:17.153+0000] {processor.py:830} INFO - Processing file /home/airflow/.local/lib/python3.8/site-packages/airflow/example_dags/example_python_decorator.py for tasks to queue
[2026-03-28T22:24:17.155+0000] {logging_mixin.py:188} INFO - [2026-03-28T22:24:17.155+0000] {dagbag.py:538} INFO - Filling up the DagBag from /home/airflow/.local/lib/python3.8/site-packages/airflow/example_dags/example_python_decorator.py
[2026-03-28T22:24:17.171+0000] {processor.py:840} INFO - DAG(s) 'example_python_decorator' retrieved from /home/airflow/.local/lib/python3.8/site-packages/airflow/example_dags/example_python_decorator.py
[2026-03-28T22:24:17.194+0000] {logging_mixin.py:188} INFO - [2026-03-28T22:24:17.193+0000] {dag.py:3036} INFO - Sync 1 DAGs
[2026-03-28T22:24:17.206+0000] {logging_mixin.py:188} INFO - [2026-03-28T22:24:17.206+0000] {dag.py:3823} INFO - Setting next_dagrun for example_python_decorator to None, run_after=None
[2026-03-28T22:24:17.229+0000] {processor.py:183} INFO - Processing /home/airflow/.local/lib/python3.8/site-packages/airflow/example_dags/example_python_decorator.py took 0.081 seconds
[2026-03-28T22:24:47.337+0000] {processor.py:161} INFO - Started process (PID=1268) to work on /home/airflow/.local/lib/python3.8/site-packages/airflow/example_dags/example_python_decorator.py
[2026-03-28T22:24:47.339+0000] {processor.py:830} INFO - Processing file /home/airflow/.local/lib/python3.8/site-packages/airflow/example_dags/example_python_decorator.py for tasks to queue
[2026-03-28T22:24:47.341+0000] {logging_mixin.py:188} INFO - [2026-03-28T22:24:47.341+0000] {dagbag.py:538} INFO - Filling up the DagBag from /home/airflow/.local/lib/python3.8/site-packages/airflow/example_dags/example_python_decorator.py
[2026-03-28T22:24:47.354+0000] {processor.py:840} INFO - DAG(s) 'example_python_decorator' retrieved from /home/airflow/.local/lib/python3.8/site-packages/airflow/example_dags/example_python_decorator.py
[2026-03-28T22:24:47.377+0000] {logging_mixin.py:188} INFO - [2026-03-28T22:24:47.376+0000] {dag.py:3036} INFO - Sync 1 DAGs
[2026-03-28T22:24:47.391+0000] {logging_mixin.py:188} INFO - [2026-03-28T22:24:47.390+0000] {dag.py:3823} INFO - Setting next_dagrun for example_python_decorator to None, run_after=None
[2026-03-28T22:24:47.414+0000] {processor.py:183} INFO - Processing /home/airflow/.local/lib/python3.8/site-packages/airflow/example_dags/example_python_decorator.py took 0.081 seconds
[2026-03-28T22:25:17.686+0000] {processor.py:161} INFO - Started process (PID=1324) to work on /home/airflow/.local/lib/python3.8/site-packages/airflow/example_dags/example_python_decorator.py
[2026-03-28T22:25:17.687+0000] {processor.py:830} INFO - Processing file /home/airflow/.local/lib/python3.8/site-packages/airflow/example_dags/example_python_decorator.py for tasks to queue
[2026-03-28T22:25:17.689+0000] {logging_mixin.py:188} INFO - [2026-03-28T22:25:17.689+0000] {dagbag.py:538} INFO - Filling up the DagBag from /home/airflow/.local/lib/python3.8/site-packages/airflow/example_dags/example_python_decorator.py
[2026-03-28T22:25:17.703+0000] {processor.py:840} INFO - DAG(s) 'example_python_decorator' retrieved from /home/airflow/.local/lib/python3.8/site-packages/airflow/example_dags/example_python_decorator.py
[2026-03-28T22:25:17.728+0000] {logging_mixin.py:188} INFO - [2026-03-28T22:25:17.727+0000] {dag.py:3036} INFO - Sync 1 DAGs
[2026-03-28T22:25:17.739+0000] {logging_mixin.py:188} INFO - [2026-03-28T22:25:17.739+0000] {dag.py:3823} INFO - Setting next_dagrun for example_python_decorator to None, run_after=None
[2026-03-28T22:25:17.764+0000] {processor.py:183} INFO - Processing /home/airflow/.local/lib/python3.8/site-packages/airflow/example_dags/example_python_decorator.py took 0.081 seconds
[2026-03-28T22:25:48.061+0000] {processor.py:161} INFO - Started process (PID=1380) to work on /home/airflow/.local/lib/python3.8/site-packages/airflow/example_dags/example_python_decorator.py
[2026-03-28T22:25:48.062+0000] {processor.py:830} INFO - Processing file /home/airflow/.local/lib/python3.8/site-packages/airflow/example_dags/example_python_decorator.py for tasks to queue
[2026-03-28T22:25:48.065+0000] {logging_mixin.py:188} INFO - [2026-03-28T22:25:48.064+0000] {dagbag.py:538} INFO - Filling up the DagBag from /home/airflow/.local/lib/python3.8/site-packages/airflow/example_dags/example_python_decorator.py
[2026-03-28T22:25:48.077+0000] {processor.py:840} INFO - DAG(s) 'example_python_decorator' retrieved from /home/airflow/.local/lib/python3.8/site-packages/airflow/example_dags/example_python_decorator.py
[2026-03-28T22:25:48.102+0000] {logging_mixin.py:188} INFO - [2026-03-28T22:25:48.101+0000] {dag.py:3036} INFO - Sync 1 DAGs
[2026-03-28T22:25:48.115+0000] {logging_mixin.py:188} INFO - [2026-03-28T22:25:48.115+0000] {dag.py:3823} INFO - Setting next_dagrun for example_python_decorator to None, run_after=None
[2026-03-28T22:25:48.138+0000] {processor.py:183} INFO - Processing /home/airflow/.local/lib/python3.8/site-packages/airflow/example_dags/example_python_decorator.py took 0.080 seconds
[2026-03-28T22:26:18.290+0000] {processor.py:161} INFO - Started process (PID=1437) to work on /home/airflow/.local/lib/python3.8/site-packages/airflow/example_dags/example_python_decorator.py
[2026-03-28T22:26:18.291+0000] {processor.py:830} INFO - Processing file /home/airflow/.local/lib/python3.8/site-packages/airflow/example_dags/example_python_decorator.py for tasks to queue
[2026-03-28T22:26:18.294+0000] {logging_mixin.py:188} INFO - [2026-03-28T22:26:18.293+0000] {dagbag.py:538} INFO - Filling up the DagBag from /home/airflow/.local/lib/python3.8/site-packages/airflow/example_dags/example_python_decorator.py
[2026-03-28T22:26:18.307+0000] {processor.py:840} INFO - DAG(s) 'example_python_decorator' retrieved from /home/airflow/.local/lib/python3.8/site-packages/airflow/example_dags/example_python_decorator.py
[2026-03-28T22:26:18.333+0000] {logging_mixin.py:188} INFO - [2026-03-28T22:26:18.333+0000] {dag.py:3036} INFO - Sync 1 DAGs
[2026-03-28T22:26:18.345+0000] {logging_mixin.py:188} INFO - [2026-03-28T22:26:18.345+0000] {dag.py:3823} INFO - Setting next_dagrun for example_python_decorator to None, run_after=None
[2026-03-28T22:26:18.368+0000] {processor.py:183} INFO - Processing /home/airflow/.local/lib/python3.8/site-packages/airflow/example_dags/example_python_decorator.py took 0.081 seconds
[2026-03-28T22:26:49.565+0000] {processor.py:161} INFO - Started process (PID=1493) to work on /home/airflow/.local/lib/python3.8/site-packages/airflow/example_dags/example_python_decorator.py
[2026-03-28T22:26:49.566+0000] {processor.py:830} INFO - Processing file /home/airflow/.local/lib/python3.8/site-packages/airflow/example_dags/example_python_decorator.py for tasks to queue
[2026-03-28T22:26:49.568+0000] {logging_mixin.py:188} INFO - [2026-03-28T22:26:49.568+0000] {dagbag.py:538} INFO - Filling up the DagBag from /home/airflow/.local/lib/python3.8/site-packages/airflow/example_dags/example_python_decorator.py
[2026-03-28T22:26:49.582+0000] {processor.py:840} INFO - DAG(s) 'example_python_decorator' retrieved from /home/airflow/.local/lib/python3.8/site-packages/airflow/example_dags/example_python_decorator.py
[2026-03-28T22:26:49.607+0000] {logging_mixin.py:188} INFO - [2026-03-28T22:26:49.607+0000] {dag.py:3036} INFO - Sync 1 DAGs
[2026-03-28T22:26:49.618+0000] {logging_mixin.py:188} INFO - [2026-03-28T22:26:49.618+0000] {dag.py:3823} INFO - Setting next_dagrun for example_python_decorator to None, run_after=None
[2026-03-28T22:26:49.660+0000] {processor.py:183} INFO - Processing /home/airflow/.local/lib/python3.8/site-packages/airflow/example_dags/example_python_decorator.py took 0.098 seconds
[2026-03-28T22:27:20.364+0000] {processor.py:161} INFO - Started process (PID=1549) to work on /home/airflow/.local/lib/python3.8/site-packages/airflow/example_dags/example_python_decorator.py
[2026-03-28T22:27:20.365+0000] {processor.py:830} INFO - Processing file /home/airflow/.local/lib/python3.8/site-packages/airflow/example_dags/example_python_decorator.py for tasks to queue
[2026-03-28T22:27:20.368+0000] {logging_mixin.py:188} INFO - [2026-03-28T22:27:20.367+0000] {dagbag.py:538} INFO - Filling up the DagBag from /home/airflow/.local/lib/python3.8/site-packages/airflow/example_dags/example_python_decorator.py
[2026-03-28T22:27:20.391+0000] {processor.py:840} INFO - DAG(s) 'example_python_decorator' retrieved from /home/airflow/.local/lib/python3.8/site-packages/airflow/example_dags/example_python_decorator.py
[2026-03-28T22:27:20.423+0000] {logging_mixin.py:188} INFO - [2026-03-28T22:27:20.422+0000] {dag.py:3036} INFO - Sync 1 DAGs
[2026-03-28T22:27:20.434+0000] {logging_mixin.py:188} INFO - [2026-03-28T22:27:20.434+0000] {dag.py:3823} INFO - Setting next_dagrun for example_python_decorator to None, run_after=None
[2026-03-28T22:27:20.460+0000] {processor.py:183} INFO - Processing /home/airflow/.local/lib/python3.8/site-packages/airflow/example_dags/example_python_decorator.py took 0.099 seconds
[2026-03-28T22:27:50.860+0000] {processor.py:161} INFO - Started process (PID=1605) to work on /home/airflow/.local/lib/python3.8/site-packages/airflow/example_dags/example_python_decorator.py
[2026-03-28T22:27:50.861+0000] {processor.py:830} INFO - Processing file /home/airflow/.local/lib/python3.8/site-packages/airflow/example_dags/example_python_decorator.py for tasks to queue
[2026-03-28T22:27:50.866+0000] {logging_mixin.py:188} INFO - [2026-03-28T22:27:50.864+0000] {dagbag.py:538} INFO - Filling up the DagBag from /home/airflow/.local/lib/python3.8/site-packages/airflow/example_dags/example_python_decorator.py
[2026-03-28T22:27:50.881+0000] {processor.py:840} INFO - DAG(s) 'example_python_decorator' retrieved from /home/airflow/.local/lib/python3.8/site-packages/airflow/example_dags/example_python_decorator.py
[2026-03-28T22:27:50.907+0000] {logging_mixin.py:188} INFO - [2026-03-28T22:27:50.906+0000] {dag.py:3036} INFO - Sync 1 DAGs
[2026-03-28T22:27:50.919+0000] {logging_mixin.py:188} INFO - [2026-03-28T22:27:50.918+0000] {dag.py:3823} INFO - Setting next_dagrun for example_python_decorator to None, run_after=None
[2026-03-28T22:27:50.939+0000] {processor.py:183} INFO - Processing /home/airflow/.local/lib/python3.8/site-packages/airflow/example_dags/example_python_decorator.py took 0.083 seconds
[2026-03-28T22:28:21.115+0000] {processor.py:161} INFO - Started process (PID=1661) to work on /home/airflow/.local/lib/python3.8/site-packages/airflow/example_dags/example_python_decorator.py
[2026-03-28T22:28:21.117+0000] {processor.py:830} INFO - Processing file /home/airflow/.local/lib/python3.8/site-packages/airflow/example_dags/example_python_decorator.py for tasks to queue
[2026-03-28T22:28:21.119+0000] {logging_mixin.py:188} INFO - [2026-03-28T22:28:21.118+0000] {dagbag.py:538} INFO - Filling up the DagBag from /home/airflow/.local/lib/python3.8/site-packages/airflow/example_dags/example_python_decorator.py
[2026-03-28T22:28:21.131+0000] {processor.py:840} INFO - DAG(s) 'example_python_decorator' retrieved from /home/airflow/.local/lib/python3.8/site-packages/airflow/example_dags/example_python_decorator.py
[2026-03-28T22:28:21.154+0000] {logging_mixin.py:188} INFO - [2026-03-28T22:28:21.154+0000] {dag.py:3036} INFO - Sync 1 DAGs
[2026-03-28T22:28:21.166+0000] {logging_mixin.py:188} INFO - [2026-03-28T22:28:21.165+0000] {dag.py:3823} INFO - Setting next_dagrun for example_python_decorator to None, run_after=None
[2026-03-28T22:28:21.186+0000] {processor.py:183} INFO - Processing /home/airflow/.local/lib/python3.8/site-packages/airflow/example_dags/example_python_decorator.py took 0.074 seconds
[2026-03-28T22:28:52.266+0000] {processor.py:161} INFO - Started process (PID=1717) to work on /home/airflow/.local/lib/python3.8/site-packages/airflow/example_dags/example_python_decorator.py
[2026-03-28T22:28:52.267+0000] {processor.py:830} INFO - Processing file /home/airflow/.local/lib/python3.8/site-packages/airflow/example_dags/example_python_decorator.py for tasks to queue
[2026-03-28T22:28:52.270+0000] {logging_mixin.py:188} INFO - [2026-03-28T22:28:52.269+0000] {dagbag.py:538} INFO - Filling up the DagBag from /home/airflow/.local/lib/python3.8/site-packages/airflow/example_dags/example_python_decorator.py
[2026-03-28T22:28:52.282+0000] {processor.py:840} INFO - DAG(s) 'example_python_decorator' retrieved from /home/airflow/.local/lib/python3.8/site-packages/airflow/example_dags/example_python_decorator.py
[2026-03-28T22:28:52.304+0000] {logging_mixin.py:188} INFO - [2026-03-28T22:28:52.303+0000] {dag.py:3036} INFO - Sync 1 DAGs
[2026-03-28T22:28:52.315+0000] {logging_mixin.py:188} INFO - [2026-03-28T22:28:52.315+0000] {dag.py:3823} INFO - Setting next_dagrun for example_python_decorator to None, run_after=None
[2026-03-28T22:28:52.398+0000] {processor.py:183} INFO - Processing /home/airflow/.local/lib/python3.8/site-packages/airflow/example_dags/example_python_decorator.py took 0.136 seconds
[2026-03-28T22:29:22.941+0000] {processor.py:161} INFO - Started process (PID=1773) to work on /home/airflow/.local/lib/python3.8/site-packages/airflow/example_dags/example_python_decorator.py
[2026-03-28T22:29:22.943+0000] {processor.py:830} INFO - Processing file /home/airflow/.local/lib/python3.8/site-packages/airflow/example_dags/example_python_decorator.py for tasks to queue
[2026-03-28T22:29:22.947+0000] {logging_mixin.py:188} INFO - [2026-03-28T22:29:22.946+0000] {dagbag.py:538} INFO - Filling up the DagBag from /home/airflow/.local/lib/python3.8/site-packages/airflow/example_dags/example_python_decorator.py
[2026-03-28T22:29:22.974+0000] {processor.py:840} INFO - DAG(s) 'example_python_decorator' retrieved from /home/airflow/.local/lib/python3.8/site-packages/airflow/example_dags/example_python_decorator.py
[2026-03-28T22:29:23.007+0000] {logging_mixin.py:188} INFO - [2026-03-28T22:29:23.007+0000] {dag.py:3036} INFO - Sync 1 DAGs
[2026-03-28T22:29:23.022+0000] {logging_mixin.py:188} INFO - [2026-03-28T22:29:23.021+0000] {dag.py:3823} INFO - Setting next_dagrun for example_python_decorator to None, run_after=None
[2026-03-28T22:29:23.048+0000] {processor.py:183} INFO - Processing /home/airflow/.local/lib/python3.8/site-packages/airflow/example_dags/example_python_decorator.py took 0.113 seconds
[2026-03-28T22:29:53.115+0000] {processor.py:161} INFO - Started process (PID=1829) to work on /home/airflow/.local/lib/python3.8/site-packages/airflow/example_dags/example_python_decorator.py
[2026-03-28T22:29:53.117+0000] {processor.py:830} INFO - Processing file /home/airflow/.local/lib/python3.8/site-packages/airflow/example_dags/example_python_decorator.py for tasks to queue
[2026-03-28T22:29:53.119+0000] {logging_mixin.py:188} INFO - [2026-03-28T22:29:53.118+0000] {dagbag.py:538} INFO - Filling up the DagBag from /home/airflow/.local/lib/python3.8/site-packages/airflow/example_dags/example_python_decorator.py
[2026-03-28T22:29:53.130+0000] {processor.py:840} INFO - DAG(s) 'example_python_decorator' retrieved from /home/airflow/.local/lib/python3.8/site-packages/airflow/example_dags/example_python_decorator.py
[2026-03-28T22:29:53.152+0000] {logging_mixin.py:188} INFO - [2026-03-28T22:29:53.152+0000] {dag.py:3036} INFO - Sync 1 DAGs
[2026-03-28T22:29:53.162+0000] {logging_mixin.py:188} INFO - [2026-03-28T22:29:53.162+0000] {dag.py:3823} INFO - Setting next_dagrun for example_python_decorator to None, run_after=None
[2026-03-28T22:29:53.184+0000] {processor.py:183} INFO - Processing /home/airflow/.local/lib/python3.8/site-packages/airflow/example_dags/example_python_decorator.py took 0.072 seconds
[2026-03-28T22:30:23.550+0000] {processor.py:161} INFO - Started process (PID=1885) to work on /home/airflow/.local/lib/python3.8/site-packages/airflow/example_dags/example_python_decorator.py
[2026-03-28T22:30:23.552+0000] {processor.py:830} INFO - Processing file /home/airflow/.local/lib/python3.8/site-packages/airflow/example_dags/example_python_decorator.py for tasks to queue
[2026-03-28T22:30:23.555+0000] {logging_mixin.py:188} INFO - [2026-03-28T22:30:23.554+0000] {dagbag.py:538} INFO - Filling up the DagBag from /home/airflow/.local/lib/python3.8/site-packages/airflow/example_dags/example_python_decorator.py
[2026-03-28T22:30:23.579+0000] {processor.py:840} INFO - DAG(s) 'example_python_decorator' retrieved from /home/airflow/.local/lib/python3.8/site-packages/airflow/example_dags/example_python_decorator.py
[2026-03-28T22:30:23.628+0000] {logging_mixin.py:188} INFO - [2026-03-28T22:30:23.628+0000] {dag.py:3036} INFO - Sync 1 DAGs
[2026-03-28T22:30:23.698+0000] {logging_mixin.py:188} INFO - [2026-03-28T22:30:23.698+0000] {dag.py:3823} INFO - Setting next_dagrun for example_python_decorator to None, run_after=None
[2026-03-28T22:30:23.814+0000] {processor.py:183} INFO - Processing /home/airflow/.local/lib/python3.8/site-packages/airflow/example_dags/example_python_decorator.py took 0.270 seconds
[2026-03-28T22:30:54.415+0000] {processor.py:161} INFO - Started process (PID=1942) to work on /home/airflow/.local/lib/python3.8/site-packages/airflow/example_dags/example_python_decorator.py
[2026-03-28T22:30:54.416+0000] {processor.py:830} INFO - Processing file /home/airflow/.local/lib/python3.8/site-packages/airflow/example_dags/example_python_decorator.py for tasks to queue
[2026-03-28T22:30:54.418+0000] {logging_mixin.py:188} INFO - [2026-03-28T22:30:54.418+0000] {dagbag.py:538} INFO - Filling up the DagBag from /home/airflow/.local/lib/python3.8/site-packages/airflow/example_dags/example_python_decorator.py
[2026-03-28T22:30:54.432+0000] {processor.py:840} INFO - DAG(s) 'example_python_decorator' retrieved from /home/airflow/.local/lib/python3.8/site-packages/airflow/example_dags/example_python_decorator.py
[2026-03-28T22:30:54.457+0000] {logging_mixin.py:188} INFO - [2026-03-28T22:30:54.457+0000] {dag.py:3036} INFO - Sync 1 DAGs
[2026-03-28T22:30:54.469+0000] {logging_mixin.py:188} INFO - [2026-03-28T22:30:54.468+0000] {dag.py:3823} INFO - Setting next_dagrun for example_python_decorator to None, run_after=None
[2026-03-28T22:30:54.491+0000] {processor.py:183} INFO - Processing /home/airflow/.local/lib/python3.8/site-packages/airflow/example_dags/example_python_decorator.py took 0.080 seconds
[2026-03-28T22:31:39.048+0000] {processor.py:161} INFO - Started process (PID=93) to work on /home/airflow/.local/lib/python3.8/site-packages/airflow/example_dags/example_python_decorator.py
[2026-03-28T22:31:39.050+0000] {processor.py:830} INFO - Processing file /home/airflow/.local/lib/python3.8/site-packages/airflow/example_dags/example_python_decorator.py for tasks to queue
[2026-03-28T22:31:39.054+0000] {logging_mixin.py:188} INFO - [2026-03-28T22:31:39.054+0000] {dagbag.py:538} INFO - Filling up the DagBag from /home/airflow/.local/lib/python3.8/site-packages/airflow/example_dags/example_python_decorator.py
[2026-03-28T22:31:39.081+0000] {processor.py:840} INFO - DAG(s) 'example_python_decorator' retrieved from /home/airflow/.local/lib/python3.8/site-packages/airflow/example_dags/example_python_decorator.py
[2026-03-28T22:31:39.099+0000] {logging_mixin.py:188} INFO - [2026-03-28T22:31:39.099+0000] {dag.py:3036} INFO - Sync 1 DAGs
[2026-03-28T22:31:39.131+0000] {logging_mixin.py:188} INFO - [2026-03-28T22:31:39.130+0000] {dag.py:3823} INFO - Setting next_dagrun for example_python_decorator to None, run_after=None
[2026-03-28T22:31:39.161+0000] {processor.py:183} INFO - Processing /home/airflow/.local/lib/python3.8/site-packages/airflow/example_dags/example_python_decorator.py took 0.119 seconds
[2026-03-28T22:32:14.356+0000] {processor.py:161} INFO - Started process (PID=94) to work on /home/airflow/.local/lib/python3.8/site-packages/airflow/example_dags/example_python_decorator.py
[2026-03-28T22:32:14.357+0000] {processor.py:830} INFO - Processing file /home/airflow/.local/lib/python3.8/site-packages/airflow/example_dags/example_python_decorator.py for tasks to queue
[2026-03-28T22:32:14.360+0000] {logging_mixin.py:188} INFO - [2026-03-28T22:32:14.360+0000] {dagbag.py:538} INFO - Filling up the DagBag from /home/airflow/.local/lib/python3.8/site-packages/airflow/example_dags/example_python_decorator.py
[2026-03-28T22:32:14.383+0000] {processor.py:840} INFO - DAG(s) 'example_python_decorator' retrieved from /home/airflow/.local/lib/python3.8/site-packages/airflow/example_dags/example_python_decorator.py
[2026-03-28T22:32:14.402+0000] {logging_mixin.py:188} INFO - [2026-03-28T22:32:14.401+0000] {dag.py:3036} INFO - Sync 1 DAGs
[2026-03-28T22:32:14.416+0000] {logging_mixin.py:188} INFO - [2026-03-28T22:32:14.416+0000] {dag.py:3823} INFO - Setting next_dagrun for example_python_decorator to None, run_after=None
[2026-03-28T22:32:14.443+0000] {processor.py:183} INFO - Processing /home/airflow/.local/lib/python3.8/site-packages/airflow/example_dags/example_python_decorator.py took 0.091 seconds
[2026-03-28T22:32:46.490+0000] {processor.py:161} INFO - Started process (PID=150) to work on /home/airflow/.local/lib/python3.8/site-packages/airflow/example_dags/example_python_decorator.py
[2026-03-28T22:32:46.491+0000] {processor.py:830} INFO - Processing file /home/airflow/.local/lib/python3.8/site-packages/airflow/example_dags/example_python_decorator.py for tasks to queue
[2026-03-28T22:32:46.494+0000] {logging_mixin.py:188} INFO - [2026-03-28T22:32:46.494+0000] {dagbag.py:538} INFO - Filling up the DagBag from /home/airflow/.local/lib/python3.8/site-packages/airflow/example_dags/example_python_decorator.py
[2026-03-28T22:32:46.512+0000] {processor.py:840} INFO - DAG(s) 'example_python_decorator' retrieved from /home/airflow/.local/lib/python3.8/site-packages/airflow/example_dags/example_python_decorator.py
[2026-03-28T22:32:46.622+0000] {logging_mixin.py:188} INFO - [2026-03-28T22:32:46.621+0000] {dag.py:3036} INFO - Sync 1 DAGs
[2026-03-28T22:32:46.633+0000] {logging_mixin.py:188} INFO - [2026-03-28T22:32:46.633+0000] {dag.py:3823} INFO - Setting next_dagrun for example_python_decorator to None, run_after=None
[2026-03-28T22:32:46.662+0000] {processor.py:183} INFO - Processing /home/airflow/.local/lib/python3.8/site-packages/airflow/example_dags/example_python_decorator.py took 0.176 seconds
[2026-03-28T22:34:05.316+0000] {processor.py:161} INFO - Started process (PID=105) to work on /home/airflow/.local/lib/python3.8/site-packages/airflow/example_dags/example_python_decorator.py
[2026-03-28T22:34:05.318+0000] {processor.py:830} INFO - Processing file /home/airflow/.local/lib/python3.8/site-packages/airflow/example_dags/example_python_decorator.py for tasks to queue
[2026-03-28T22:34:05.322+0000] {logging_mixin.py:188} INFO - [2026-03-28T22:34:05.321+0000] {dagbag.py:538} INFO - Filling up the DagBag from /home/airflow/.local/lib/python3.8/site-packages/airflow/example_dags/example_python_decorator.py
[2026-03-28T22:34:05.352+0000] {processor.py:840} INFO - DAG(s) 'example_python_decorator' retrieved from /home/airflow/.local/lib/python3.8/site-packages/airflow/example_dags/example_python_decorator.py
[2026-03-28T22:34:05.533+0000] {logging_mixin.py:188} INFO - [2026-03-28T22:34:05.532+0000] {dag.py:3036} INFO - Sync 1 DAGs
[2026-03-28T22:34:05.555+0000] {logging_mixin.py:188} INFO - [2026-03-28T22:34:05.555+0000] {dag.py:3823} INFO - Setting next_dagrun for example_python_decorator to None, run_after=None
[2026-03-28T22:34:05.607+0000] {processor.py:183} INFO - Processing /home/airflow/.local/lib/python3.8/site-packages/airflow/example_dags/example_python_decorator.py took 0.298 seconds
[2026-03-28T22:34:35.681+0000] {processor.py:161} INFO - Started process (PID=161) to work on /home/airflow/.local/lib/python3.8/site-packages/airflow/example_dags/example_python_decorator.py
[2026-03-28T22:34:35.682+0000] {processor.py:830} INFO - Processing file /home/airflow/.local/lib/python3.8/site-packages/airflow/example_dags/example_python_decorator.py for tasks to queue
[2026-03-28T22:34:35.685+0000] {logging_mixin.py:188} INFO - [2026-03-28T22:34:35.684+0000] {dagbag.py:538} INFO - Filling up the DagBag from /home/airflow/.local/lib/python3.8/site-packages/airflow/example_dags/example_python_decorator.py
[2026-03-28T22:34:35.699+0000] {processor.py:840} INFO - DAG(s) 'example_python_decorator' retrieved from /home/airflow/.local/lib/python3.8/site-packages/airflow/example_dags/example_python_decorator.py
[2026-03-28T22:34:35.725+0000] {logging_mixin.py:188} INFO - [2026-03-28T22:34:35.725+0000] {dag.py:3036} INFO - Sync 1 DAGs
[2026-03-28T22:34:35.738+0000] {logging_mixin.py:188} INFO - [2026-03-28T22:34:35.738+0000] {dag.py:3823} INFO - Setting next_dagrun for example_python_decorator to None, run_after=None
[2026-03-28T22:34:35.763+0000] {processor.py:183} INFO - Processing /home/airflow/.local/lib/python3.8/site-packages/airflow/example_dags/example_python_decorator.py took 0.087 seconds
[2026-03-28T22:35:06.201+0000] {processor.py:161} INFO - Started process (PID=217) to work on /home/airflow/.local/lib/python3.8/site-packages/airflow/example_dags/example_python_decorator.py
[2026-03-28T22:35:06.203+0000] {processor.py:830} INFO - Processing file /home/airflow/.local/lib/python3.8/site-packages/airflow/example_dags/example_python_decorator.py for tasks to queue
[2026-03-28T22:35:06.205+0000] {logging_mixin.py:188} INFO - [2026-03-28T22:35:06.205+0000] {dagbag.py:538} INFO - Filling up the DagBag from /home/airflow/.local/lib/python3.8/site-packages/airflow/example_dags/example_python_decorator.py
[2026-03-28T22:35:06.220+0000] {processor.py:840} INFO - DAG(s) 'example_python_decorator' retrieved from /home/airflow/.local/lib/python3.8/site-packages/airflow/example_dags/example_python_decorator.py
[2026-03-28T22:35:06.248+0000] {logging_mixin.py:188} INFO - [2026-03-28T22:35:06.248+0000] {dag.py:3036} INFO - Sync 1 DAGs
[2026-03-28T22:35:06.263+0000] {logging_mixin.py:188} INFO - [2026-03-28T22:35:06.263+0000] {dag.py:3823} INFO - Setting next_dagrun for example_python_decorator to None, run_after=None
[2026-03-28T22:35:06.290+0000] {processor.py:183} INFO - Processing /home/airflow/.local/lib/python3.8/site-packages/airflow/example_dags/example_python_decorator.py took 0.092 seconds
[2026-03-28T22:35:36.526+0000] {processor.py:161} INFO - Started process (PID=273) to work on /home/airflow/.local/lib/python3.8/site-packages/airflow/example_dags/example_python_decorator.py
[2026-03-28T22:35:36.527+0000] {processor.py:830} INFO - Processing file /home/airflow/.local/lib/python3.8/site-packages/airflow/example_dags/example_python_decorator.py for tasks to queue
[2026-03-28T22:35:36.529+0000] {logging_mixin.py:188} INFO - [2026-03-28T22:35:36.528+0000] {dagbag.py:538} INFO - Filling up the DagBag from /home/airflow/.local/lib/python3.8/site-packages/airflow/example_dags/example_python_decorator.py
[2026-03-28T22:35:36.542+0000] {processor.py:840} INFO - DAG(s) 'example_python_decorator' retrieved from /home/airflow/.local/lib/python3.8/site-packages/airflow/example_dags/example_python_decorator.py
[2026-03-28T22:35:36.566+0000] {logging_mixin.py:188} INFO - [2026-03-28T22:35:36.566+0000] {dag.py:3036} INFO - Sync 1 DAGs
[2026-03-28T22:35:36.578+0000] {logging_mixin.py:188} INFO - [2026-03-28T22:35:36.577+0000] {dag.py:3823} INFO - Setting next_dagrun for example_python_decorator to None, run_after=None
[2026-03-28T22:35:36.601+0000] {processor.py:183} INFO - Processing /home/airflow/.local/lib/python3.8/site-packages/airflow/example_dags/example_python_decorator.py took 0.079 seconds
[2026-03-28T22:36:06.737+0000] {processor.py:161} INFO - Started process (PID=329) to work on /home/airflow/.local/lib/python3.8/site-packages/airflow/example_dags/example_python_decorator.py
[2026-03-28T22:36:06.739+0000] {processor.py:830} INFO - Processing file /home/airflow/.local/lib/python3.8/site-packages/airflow/example_dags/example_python_decorator.py for tasks to queue
[2026-03-28T22:36:06.742+0000] {logging_mixin.py:188} INFO - [2026-03-28T22:36:06.742+0000] {dagbag.py:538} INFO - Filling up the DagBag from /home/airflow/.local/lib/python3.8/site-packages/airflow/example_dags/example_python_decorator.py
[2026-03-28T22:36:06.755+0000] {processor.py:840} INFO - DAG(s) 'example_python_decorator' retrieved from /home/airflow/.local/lib/python3.8/site-packages/airflow/example_dags/example_python_decorator.py
[2026-03-28T22:36:06.779+0000] {logging_mixin.py:188} INFO - [2026-03-28T22:36:06.779+0000] {dag.py:3036} INFO - Sync 1 DAGs
[2026-03-28T22:36:06.795+0000] {logging_mixin.py:188} INFO - [2026-03-28T22:36:06.794+0000] {dag.py:3823} INFO - Setting next_dagrun for example_python_decorator to None, run_after=None
[2026-03-28T22:36:06.818+0000] {processor.py:183} INFO - Processing /home/airflow/.local/lib/python3.8/site-packages/airflow/example_dags/example_python_decorator.py took 0.084 seconds
[2026-03-28T22:36:37.394+0000] {processor.py:161} INFO - Started process (PID=385) to work on /home/airflow/.local/lib/python3.8/site-packages/airflow/example_dags/example_python_decorator.py
[2026-03-28T22:36:37.395+0000] {processor.py:830} INFO - Processing file /home/airflow/.local/lib/python3.8/site-packages/airflow/example_dags/example_python_decorator.py for tasks to queue
[2026-03-28T22:36:37.397+0000] {logging_mixin.py:188} INFO - [2026-03-28T22:36:37.397+0000] {dagbag.py:538} INFO - Filling up the DagBag from /home/airflow/.local/lib/python3.8/site-packages/airflow/example_dags/example_python_decorator.py
[2026-03-28T22:36:37.409+0000] {processor.py:840} INFO - DAG(s) 'example_python_decorator' retrieved from /home/airflow/.local/lib/python3.8/site-packages/airflow/example_dags/example_python_decorator.py
[2026-03-28T22:36:37.434+0000] {logging_mixin.py:188} INFO - [2026-03-28T22:36:37.434+0000] {dag.py:3036} INFO - Sync 1 DAGs
[2026-03-28T22:36:37.446+0000] {logging_mixin.py:188} INFO - [2026-03-28T22:36:37.446+0000] {dag.py:3823} INFO - Setting next_dagrun for example_python_decorator to None, run_after=None
[2026-03-28T22:36:37.469+0000] {processor.py:183} INFO - Processing /home/airflow/.local/lib/python3.8/site-packages/airflow/example_dags/example_python_decorator.py took 0.078 seconds
[2026-03-28T22:37:43.085+0000] {processor.py:161} INFO - Started process (PID=87) to work on /home/airflow/.local/lib/python3.8/site-packages/airflow/example_dags/example_python_decorator.py
[2026-03-28T22:37:43.086+0000] {processor.py:830} INFO - Processing file /home/airflow/.local/lib/python3.8/site-packages/airflow/example_dags/example_python_decorator.py for tasks to queue
[2026-03-28T22:37:43.089+0000] {logging_mixin.py:188} INFO - [2026-03-28T22:37:43.088+0000] {dagbag.py:538} INFO - Filling up the DagBag from /home/airflow/.local/lib/python3.8/site-packages/airflow/example_dags/example_python_decorator.py
[2026-03-28T22:37:43.108+0000] {processor.py:840} INFO - DAG(s) 'example_python_decorator' retrieved from /home/airflow/.local/lib/python3.8/site-packages/airflow/example_dags/example_python_decorator.py
[2026-03-28T22:37:43.126+0000] {logging_mixin.py:188} INFO - [2026-03-28T22:37:43.126+0000] {dag.py:3036} INFO - Sync 1 DAGs
[2026-03-28T22:37:43.141+0000] {logging_mixin.py:188} INFO - [2026-03-28T22:37:43.140+0000] {dag.py:3823} INFO - Setting next_dagrun for example_python_decorator to None, run_after=None
[2026-03-28T22:37:43.165+0000] {processor.py:183} INFO - Processing /home/airflow/.local/lib/python3.8/site-packages/airflow/example_dags/example_python_decorator.py took 0.084 seconds
[2026-03-28T22:38:14.831+0000] {processor.py:161} INFO - Started process (PID=143) to work on /home/airflow/.local/lib/python3.8/site-packages/airflow/example_dags/example_python_decorator.py
[2026-03-28T22:38:14.832+0000] {processor.py:830} INFO - Processing file /home/airflow/.local/lib/python3.8/site-packages/airflow/example_dags/example_python_decorator.py for tasks to queue
[2026-03-28T22:38:14.835+0000] {logging_mixin.py:188} INFO - [2026-03-28T22:38:14.835+0000] {dagbag.py:538} INFO - Filling up the DagBag from /home/airflow/.local/lib/python3.8/site-packages/airflow/example_dags/example_python_decorator.py
[2026-03-28T22:38:14.849+0000] {processor.py:840} INFO - DAG(s) 'example_python_decorator' retrieved from /home/airflow/.local/lib/python3.8/site-packages/airflow/example_dags/example_python_decorator.py
[2026-03-28T22:38:14.972+0000] {logging_mixin.py:188} INFO - [2026-03-28T22:38:14.972+0000] {dag.py:3036} INFO - Sync 1 DAGs
[2026-03-28T22:38:14.982+0000] {logging_mixin.py:188} INFO - [2026-03-28T22:38:14.982+0000] {dag.py:3823} INFO - Setting next_dagrun for example_python_decorator to None, run_after=None
[2026-03-28T22:38:15.010+0000] {processor.py:183} INFO - Processing /home/airflow/.local/lib/python3.8/site-packages/airflow/example_dags/example_python_decorator.py took 0.183 seconds
[2026-03-28T22:38:45.087+0000] {processor.py:161} INFO - Started process (PID=199) to work on /home/airflow/.local/lib/python3.8/site-packages/airflow/example_dags/example_python_decorator.py
[2026-03-28T22:38:45.089+0000] {processor.py:830} INFO - Processing file /home/airflow/.local/lib/python3.8/site-packages/airflow/example_dags/example_python_decorator.py for tasks to queue
[2026-03-28T22:38:45.092+0000] {logging_mixin.py:188} INFO - [2026-03-28T22:38:45.092+0000] {dagbag.py:538} INFO - Filling up the DagBag from /home/airflow/.local/lib/python3.8/site-packages/airflow/example_dags/example_python_decorator.py
[2026-03-28T22:38:45.110+0000] {processor.py:840} INFO - DAG(s) 'example_python_decorator' retrieved from /home/airflow/.local/lib/python3.8/site-packages/airflow/example_dags/example_python_decorator.py
[2026-03-28T22:38:45.142+0000] {logging_mixin.py:188} INFO - [2026-03-28T22:38:45.142+0000] {dag.py:3036} INFO - Sync 1 DAGs
[2026-03-28T22:38:45.161+0000] {logging_mixin.py:188} INFO - [2026-03-28T22:38:45.159+0000] {dag.py:3823} INFO - Setting next_dagrun for example_python_decorator to None, run_after=None
[2026-03-28T22:38:45.190+0000] {processor.py:183} INFO - Processing /home/airflow/.local/lib/python3.8/site-packages/airflow/example_dags/example_python_decorator.py took 0.108 seconds
[2026-03-28T22:39:15.239+0000] {processor.py:161} INFO - Started process (PID=254) to work on /home/airflow/.local/lib/python3.8/site-packages/airflow/example_dags/example_python_decorator.py
[2026-03-28T22:39:15.241+0000] {processor.py:830} INFO - Processing file /home/airflow/.local/lib/python3.8/site-packages/airflow/example_dags/example_python_decorator.py for tasks to queue
[2026-03-28T22:39:15.243+0000] {logging_mixin.py:188} INFO - [2026-03-28T22:39:15.243+0000] {dagbag.py:538} INFO - Filling up the DagBag from /home/airflow/.local/lib/python3.8/site-packages/airflow/example_dags/example_python_decorator.py
[2026-03-28T22:39:15.260+0000] {processor.py:840} INFO - DAG(s) 'example_python_decorator' retrieved from /home/airflow/.local/lib/python3.8/site-packages/airflow/example_dags/example_python_decorator.py
[2026-03-28T22:39:15.291+0000] {logging_mixin.py:188} INFO - [2026-03-28T22:39:15.290+0000] {dag.py:3036} INFO - Sync 1 DAGs
[2026-03-28T22:39:15.306+0000] {logging_mixin.py:188} INFO - [2026-03-28T22:39:15.306+0000] {dag.py:3823} INFO - Setting next_dagrun for example_python_decorator to None, run_after=None
[2026-03-28T22:39:15.341+0000] {processor.py:183} INFO - Processing /home/airflow/.local/lib/python3.8/site-packages/airflow/example_dags/example_python_decorator.py took 0.106 seconds
[2026-03-28T22:39:45.594+0000] {processor.py:161} INFO - Started process (PID=310) to work on /home/airflow/.local/lib/python3.8/site-packages/airflow/example_dags/example_python_decorator.py
[2026-03-28T22:39:45.596+0000] {processor.py:830} INFO - Processing file /home/airflow/.local/lib/python3.8/site-packages/airflow/example_dags/example_python_decorator.py for tasks to queue
[2026-03-28T22:39:45.599+0000] {logging_mixin.py:188} INFO - [2026-03-28T22:39:45.598+0000] {dagbag.py:538} INFO - Filling up the DagBag from /home/airflow/.local/lib/python3.8/site-packages/airflow/example_dags/example_python_decorator.py
[2026-03-28T22:39:45.623+0000] {processor.py:840} INFO - DAG(s) 'example_python_decorator' retrieved from /home/airflow/.local/lib/python3.8/site-packages/airflow/example_dags/example_python_decorator.py
[2026-03-28T22:39:45.663+0000] {logging_mixin.py:188} INFO - [2026-03-28T22:39:45.662+0000] {dag.py:3036} INFO - Sync 1 DAGs
[2026-03-28T22:39:45.685+0000] {logging_mixin.py:188} INFO - [2026-03-28T22:39:45.685+0000] {dag.py:3823} INFO - Setting next_dagrun for example_python_decorator to None, run_after=None
[2026-03-28T22:39:45.717+0000] {processor.py:183} INFO - Processing /home/airflow/.local/lib/python3.8/site-packages/airflow/example_dags/example_python_decorator.py took 0.133 seconds
[2026-03-28T22:40:16.666+0000] {processor.py:161} INFO - Started process (PID=367) to work on /home/airflow/.local/lib/python3.8/site-packages/airflow/example_dags/example_python_decorator.py
[2026-03-28T22:40:16.668+0000] {processor.py:830} INFO - Processing file /home/airflow/.local/lib/python3.8/site-packages/airflow/example_dags/example_python_decorator.py for tasks to queue
[2026-03-28T22:40:16.672+0000] {logging_mixin.py:188} INFO - [2026-03-28T22:40:16.671+0000] {dagbag.py:538} INFO - Filling up the DagBag from /home/airflow/.local/lib/python3.8/site-packages/airflow/example_dags/example_python_decorator.py
[2026-03-28T22:40:16.693+0000] {processor.py:840} INFO - DAG(s) 'example_python_decorator' retrieved from /home/airflow/.local/lib/python3.8/site-packages/airflow/example_dags/example_python_decorator.py
[2026-03-28T22:40:16.727+0000] {logging_mixin.py:188} INFO - [2026-03-28T22:40:16.726+0000] {dag.py:3036} INFO - Sync 1 DAGs
[2026-03-28T22:40:16.742+0000] {logging_mixin.py:188} INFO - [2026-03-28T22:40:16.741+0000] {dag.py:3823} INFO - Setting next_dagrun for example_python_decorator to None, run_after=None
[2026-03-28T22:40:16.771+0000] {processor.py:183} INFO - Processing /home/airflow/.local/lib/python3.8/site-packages/airflow/example_dags/example_python_decorator.py took 0.110 seconds
[2026-03-28T22:40:47.218+0000] {processor.py:161} INFO - Started process (PID=423) to work on /home/airflow/.local/lib/python3.8/site-packages/airflow/example_dags/example_python_decorator.py
[2026-03-28T22:40:47.220+0000] {processor.py:830} INFO - Processing file /home/airflow/.local/lib/python3.8/site-packages/airflow/example_dags/example_python_decorator.py for tasks to queue
[2026-03-28T22:40:47.223+0000] {logging_mixin.py:188} INFO - [2026-03-28T22:40:47.223+0000] {dagbag.py:538} INFO - Filling up the DagBag from /home/airflow/.local/lib/python3.8/site-packages/airflow/example_dags/example_python_decorator.py
[2026-03-28T22:40:47.247+0000] {processor.py:840} INFO - DAG(s) 'example_python_decorator' retrieved from /home/airflow/.local/lib/python3.8/site-packages/airflow/example_dags/example_python_decorator.py
[2026-03-28T22:40:47.300+0000] {logging_mixin.py:188} INFO - [2026-03-28T22:40:47.299+0000] {dag.py:3036} INFO - Sync 1 DAGs
[2026-03-28T22:40:47.322+0000] {logging_mixin.py:188} INFO - [2026-03-28T22:40:47.322+0000] {dag.py:3823} INFO - Setting next_dagrun for example_python_decorator to None, run_after=None
[2026-03-28T22:40:47.373+0000] {processor.py:183} INFO - Processing /home/airflow/.local/lib/python3.8/site-packages/airflow/example_dags/example_python_decorator.py took 0.161 seconds
[2026-03-28T22:41:17.438+0000] {processor.py:161} INFO - Started process (PID=479) to work on /home/airflow/.local/lib/python3.8/site-packages/airflow/example_dags/example_python_decorator.py
[2026-03-28T22:41:17.439+0000] {processor.py:830} INFO - Processing file /home/airflow/.local/lib/python3.8/site-packages/airflow/example_dags/example_python_decorator.py for tasks to queue
[2026-03-28T22:41:17.442+0000] {logging_mixin.py:188} INFO - [2026-03-28T22:41:17.441+0000] {dagbag.py:538} INFO - Filling up the DagBag from /home/airflow/.local/lib/python3.8/site-packages/airflow/example_dags/example_python_decorator.py
[2026-03-28T22:41:17.454+0000] {processor.py:840} INFO - DAG(s) 'example_python_decorator' retrieved from /home/airflow/.local/lib/python3.8/site-packages/airflow/example_dags/example_python_decorator.py
[2026-03-28T22:41:17.469+0000] {logging_mixin.py:188} INFO - [2026-03-28T22:41:17.468+0000] {dag.py:3036} INFO - Sync 1 DAGs
[2026-03-28T22:41:17.482+0000] {logging_mixin.py:188} INFO - [2026-03-28T22:41:17.481+0000] {dag.py:3823} INFO - Setting next_dagrun for example_python_decorator to None, run_after=None
[2026-03-28T22:41:17.502+0000] {processor.py:183} INFO - Processing /home/airflow/.local/lib/python3.8/site-packages/airflow/example_dags/example_python_decorator.py took 0.068 seconds
[2026-03-28T22:41:48.383+0000] {processor.py:161} INFO - Started process (PID=535) to work on /home/airflow/.local/lib/python3.8/site-packages/airflow/example_dags/example_python_decorator.py
[2026-03-28T22:41:48.385+0000] {processor.py:830} INFO - Processing file /home/airflow/.local/lib/python3.8/site-packages/airflow/example_dags/example_python_decorator.py for tasks to queue
[2026-03-28T22:41:48.393+0000] {logging_mixin.py:188} INFO - [2026-03-28T22:41:48.392+0000] {dagbag.py:538} INFO - Filling up the DagBag from /home/airflow/.local/lib/python3.8/site-packages/airflow/example_dags/example_python_decorator.py
[2026-03-28T22:41:48.433+0000] {processor.py:840} INFO - DAG(s) 'example_python_decorator' retrieved from /home/airflow/.local/lib/python3.8/site-packages/airflow/example_dags/example_python_decorator.py
[2026-03-28T22:41:48.755+0000] {logging_mixin.py:188} INFO - [2026-03-28T22:41:48.754+0000] {dag.py:3036} INFO - Sync 1 DAGs
[2026-03-28T22:41:48.772+0000] {logging_mixin.py:188} INFO - [2026-03-28T22:41:48.772+0000] {dag.py:3823} INFO - Setting next_dagrun for example_python_decorator to None, run_after=None
[2026-03-28T22:41:48.815+0000] {processor.py:183} INFO - Processing /home/airflow/.local/lib/python3.8/site-packages/airflow/example_dags/example_python_decorator.py took 0.439 seconds
[2026-03-28T22:42:19.403+0000] {processor.py:161} INFO - Started process (PID=591) to work on /home/airflow/.local/lib/python3.8/site-packages/airflow/example_dags/example_python_decorator.py
[2026-03-28T22:42:19.404+0000] {processor.py:830} INFO - Processing file /home/airflow/.local/lib/python3.8/site-packages/airflow/example_dags/example_python_decorator.py for tasks to queue
[2026-03-28T22:42:19.406+0000] {logging_mixin.py:188} INFO - [2026-03-28T22:42:19.406+0000] {dagbag.py:538} INFO - Filling up the DagBag from /home/airflow/.local/lib/python3.8/site-packages/airflow/example_dags/example_python_decorator.py
[2026-03-28T22:42:19.419+0000] {processor.py:840} INFO - DAG(s) 'example_python_decorator' retrieved from /home/airflow/.local/lib/python3.8/site-packages/airflow/example_dags/example_python_decorator.py
[2026-03-28T22:42:19.447+0000] {logging_mixin.py:188} INFO - [2026-03-28T22:42:19.447+0000] {dag.py:3036} INFO - Sync 1 DAGs
[2026-03-28T22:42:19.460+0000] {logging_mixin.py:188} INFO - [2026-03-28T22:42:19.460+0000] {dag.py:3823} INFO - Setting next_dagrun for example_python_decorator to None, run_after=None
[2026-03-28T22:42:19.485+0000] {processor.py:183} INFO - Processing /home/airflow/.local/lib/python3.8/site-packages/airflow/example_dags/example_python_decorator.py took 0.085 seconds
[2026-03-28T22:42:50.306+0000] {processor.py:161} INFO - Started process (PID=647) to work on /home/airflow/.local/lib/python3.8/site-packages/airflow/example_dags/example_python_decorator.py
[2026-03-28T22:42:50.308+0000] {processor.py:830} INFO - Processing file /home/airflow/.local/lib/python3.8/site-packages/airflow/example_dags/example_python_decorator.py for tasks to queue
[2026-03-28T22:42:50.310+0000] {logging_mixin.py:188} INFO - [2026-03-28T22:42:50.310+0000] {dagbag.py:538} INFO - Filling up the DagBag from /home/airflow/.local/lib/python3.8/site-packages/airflow/example_dags/example_python_decorator.py
[2026-03-28T22:42:50.326+0000] {processor.py:840} INFO - DAG(s) 'example_python_decorator' retrieved from /home/airflow/.local/lib/python3.8/site-packages/airflow/example_dags/example_python_decorator.py
[2026-03-28T22:42:50.348+0000] {logging_mixin.py:188} INFO - [2026-03-28T22:42:50.348+0000] {dag.py:3036} INFO - Sync 1 DAGs
[2026-03-28T22:42:50.364+0000] {logging_mixin.py:188} INFO - [2026-03-28T22:42:50.364+0000] {dag.py:3823} INFO - Setting next_dagrun for example_python_decorator to None, run_after=None
[2026-03-28T22:42:50.387+0000] {processor.py:183} INFO - Processing /home/airflow/.local/lib/python3.8/site-packages/airflow/example_dags/example_python_decorator.py took 0.084 seconds
[2026-03-28T22:43:21.100+0000] {processor.py:161} INFO - Started process (PID=703) to work on /home/airflow/.local/lib/python3.8/site-packages/airflow/example_dags/example_python_decorator.py
[2026-03-28T22:43:21.102+0000] {processor.py:830} INFO - Processing file /home/airflow/.local/lib/python3.8/site-packages/airflow/example_dags/example_python_decorator.py for tasks to queue
[2026-03-28T22:43:21.104+0000] {logging_mixin.py:188} INFO - [2026-03-28T22:43:21.104+0000] {dagbag.py:538} INFO - Filling up the DagBag from /home/airflow/.local/lib/python3.8/site-packages/airflow/example_dags/example_python_decorator.py
[2026-03-28T22:43:21.117+0000] {processor.py:840} INFO - DAG(s) 'example_python_decorator' retrieved from /home/airflow/.local/lib/python3.8/site-packages/airflow/example_dags/example_python_decorator.py
[2026-03-28T22:43:21.141+0000] {logging_mixin.py:188} INFO - [2026-03-28T22:43:21.141+0000] {dag.py:3036} INFO - Sync 1 DAGs
[2026-03-28T22:43:21.153+0000] {logging_mixin.py:188} INFO - [2026-03-28T22:43:21.153+0000] {dag.py:3823} INFO - Setting next_dagrun for example_python_decorator to None, run_after=None
[2026-03-28T22:43:21.175+0000] {processor.py:183} INFO - Processing /home/airflow/.local/lib/python3.8/site-packages/airflow/example_dags/example_python_decorator.py took 0.078 seconds
[2026-03-28T22:43:51.462+0000] {processor.py:161} INFO - Started process (PID=759) to work on /home/airflow/.local/lib/python3.8/site-packages/airflow/example_dags/example_python_decorator.py
[2026-03-28T22:43:51.463+0000] {processor.py:830} INFO - Processing file /home/airflow/.local/lib/python3.8/site-packages/airflow/example_dags/example_python_decorator.py for tasks to queue
[2026-03-28T22:43:51.465+0000] {logging_mixin.py:188} INFO - [2026-03-28T22:43:51.464+0000] {dagbag.py:538} INFO - Filling up the DagBag from /home/airflow/.local/lib/python3.8/site-packages/airflow/example_dags/example_python_decorator.py
[2026-03-28T22:43:51.477+0000] {processor.py:840} INFO - DAG(s) 'example_python_decorator' retrieved from /home/airflow/.local/lib/python3.8/site-packages/airflow/example_dags/example_python_decorator.py
[2026-03-28T22:43:51.500+0000] {logging_mixin.py:188} INFO - [2026-03-28T22:43:51.499+0000] {dag.py:3036} INFO - Sync 1 DAGs
[2026-03-28T22:43:51.511+0000] {logging_mixin.py:188} INFO - [2026-03-28T22:43:51.511+0000] {dag.py:3823} INFO - Setting next_dagrun for example_python_decorator to None, run_after=None
[2026-03-28T22:43:51.534+0000] {processor.py:183} INFO - Processing /home/airflow/.local/lib/python3.8/site-packages/airflow/example_dags/example_python_decorator.py took 0.075 seconds
[2026-03-28T22:44:21.961+0000] {processor.py:161} INFO - Started process (PID=815) to work on /home/airflow/.local/lib/python3.8/site-packages/airflow/example_dags/example_python_decorator.py
[2026-03-28T22:44:21.962+0000] {processor.py:830} INFO - Processing file /home/airflow/.local/lib/python3.8/site-packages/airflow/example_dags/example_python_decorator.py for tasks to queue
[2026-03-28T22:44:21.964+0000] {logging_mixin.py:188} INFO - [2026-03-28T22:44:21.964+0000] {dagbag.py:538} INFO - Filling up the DagBag from /home/airflow/.local/lib/python3.8/site-packages/airflow/example_dags/example_python_decorator.py
[2026-03-28T22:44:21.976+0000] {processor.py:840} INFO - DAG(s) 'example_python_decorator' retrieved from /home/airflow/.local/lib/python3.8/site-packages/airflow/example_dags/example_python_decorator.py
[2026-03-28T22:44:21.997+0000] {logging_mixin.py:188} INFO - [2026-03-28T22:44:21.997+0000] {dag.py:3036} INFO - Sync 1 DAGs
[2026-03-28T22:44:22.007+0000] {logging_mixin.py:188} INFO - [2026-03-28T22:44:22.007+0000] {dag.py:3823} INFO - Setting next_dagrun for example_python_decorator to None, run_after=None
[2026-03-28T22:44:22.032+0000] {processor.py:183} INFO - Processing /home/airflow/.local/lib/python3.8/site-packages/airflow/example_dags/example_python_decorator.py took 0.074 seconds
[2026-03-28T22:44:52.139+0000] {processor.py:161} INFO - Started process (PID=871) to work on /home/airflow/.local/lib/python3.8/site-packages/airflow/example_dags/example_python_decorator.py
[2026-03-28T22:44:52.140+0000] {processor.py:830} INFO - Processing file /home/airflow/.local/lib/python3.8/site-packages/airflow/example_dags/example_python_decorator.py for tasks to queue
[2026-03-28T22:44:52.145+0000] {logging_mixin.py:188} INFO - [2026-03-28T22:44:52.145+0000] {dagbag.py:538} INFO - Filling up the DagBag from /home/airflow/.local/lib/python3.8/site-packages/airflow/example_dags/example_python_decorator.py
[2026-03-28T22:44:52.159+0000] {processor.py:840} INFO - DAG(s) 'example_python_decorator' retrieved from /home/airflow/.local/lib/python3.8/site-packages/airflow/example_dags/example_python_decorator.py
[2026-03-28T22:44:52.182+0000] {logging_mixin.py:188} INFO - [2026-03-28T22:44:52.182+0000] {dag.py:3036} INFO - Sync 1 DAGs
[2026-03-28T22:44:52.193+0000] {logging_mixin.py:188} INFO - [2026-03-28T22:44:52.193+0000] {dag.py:3823} INFO - Setting next_dagrun for example_python_decorator to None, run_after=None
[2026-03-28T22:44:52.217+0000] {processor.py:183} INFO - Processing /home/airflow/.local/lib/python3.8/site-packages/airflow/example_dags/example_python_decorator.py took 0.084 seconds
[2026-03-28T22:45:22.912+0000] {processor.py:161} INFO - Started process (PID=927) to work on /home/airflow/.local/lib/python3.8/site-packages/airflow/example_dags/example_python_decorator.py
[2026-03-28T22:45:22.913+0000] {processor.py:830} INFO - Processing file /home/airflow/.local/lib/python3.8/site-packages/airflow/example_dags/example_python_decorator.py for tasks to queue
[2026-03-28T22:45:22.916+0000] {logging_mixin.py:188} INFO - [2026-03-28T22:45:22.915+0000] {dagbag.py:538} INFO - Filling up the DagBag from /home/airflow/.local/lib/python3.8/site-packages/airflow/example_dags/example_python_decorator.py
[2026-03-28T22:45:22.929+0000] {processor.py:840} INFO - DAG(s) 'example_python_decorator' retrieved from /home/airflow/.local/lib/python3.8/site-packages/airflow/example_dags/example_python_decorator.py
[2026-03-28T22:45:22.954+0000] {logging_mixin.py:188} INFO - [2026-03-28T22:45:22.954+0000] {dag.py:3036} INFO - Sync 1 DAGs
[2026-03-28T22:45:22.969+0000] {logging_mixin.py:188} INFO - [2026-03-28T22:45:22.969+0000] {dag.py:3823} INFO - Setting next_dagrun for example_python_decorator to None, run_after=None
[2026-03-28T22:45:23.044+0000] {processor.py:183} INFO - Processing /home/airflow/.local/lib/python3.8/site-packages/airflow/example_dags/example_python_decorator.py took 0.137 seconds
[2026-03-28T22:45:53.447+0000] {processor.py:161} INFO - Started process (PID=983) to work on /home/airflow/.local/lib/python3.8/site-packages/airflow/example_dags/example_python_decorator.py
[2026-03-28T22:45:53.448+0000] {processor.py:830} INFO - Processing file /home/airflow/.local/lib/python3.8/site-packages/airflow/example_dags/example_python_decorator.py for tasks to queue
[2026-03-28T22:45:53.451+0000] {logging_mixin.py:188} INFO - [2026-03-28T22:45:53.451+0000] {dagbag.py:538} INFO - Filling up the DagBag from /home/airflow/.local/lib/python3.8/site-packages/airflow/example_dags/example_python_decorator.py
[2026-03-28T22:45:53.464+0000] {processor.py:840} INFO - DAG(s) 'example_python_decorator' retrieved from /home/airflow/.local/lib/python3.8/site-packages/airflow/example_dags/example_python_decorator.py
[2026-03-28T22:45:53.490+0000] {logging_mixin.py:188} INFO - [2026-03-28T22:45:53.489+0000] {dag.py:3036} INFO - Sync 1 DAGs
[2026-03-28T22:45:53.504+0000] {logging_mixin.py:188} INFO - [2026-03-28T22:45:53.504+0000] {dag.py:3823} INFO - Setting next_dagrun for example_python_decorator to None, run_after=None
[2026-03-28T22:45:53.529+0000] {processor.py:183} INFO - Processing /home/airflow/.local/lib/python3.8/site-packages/airflow/example_dags/example_python_decorator.py took 0.086 seconds
[2026-03-28T22:46:39.784+0000] {processor.py:161} INFO - Started process (PID=1033) to work on /home/airflow/.local/lib/python3.8/site-packages/airflow/example_dags/example_python_decorator.py
[2026-03-28T22:46:39.787+0000] {processor.py:830} INFO - Processing file /home/airflow/.local/lib/python3.8/site-packages/airflow/example_dags/example_python_decorator.py for tasks to queue
[2026-03-28T22:46:39.792+0000] {logging_mixin.py:188} INFO - [2026-03-28T22:46:39.791+0000] {dagbag.py:538} INFO - Filling up the DagBag from /home/airflow/.local/lib/python3.8/site-packages/airflow/example_dags/example_python_decorator.py
[2026-03-28T22:46:39.856+0000] {processor.py:840} INFO - DAG(s) 'example_python_decorator' retrieved from /home/airflow/.local/lib/python3.8/site-packages/airflow/example_dags/example_python_decorator.py
[2026-03-28T22:46:40.201+0000] {logging_mixin.py:188} INFO - [2026-03-28T22:46:40.200+0000] {dag.py:3036} INFO - Sync 1 DAGs
[2026-03-28T22:46:40.284+0000] {logging_mixin.py:188} INFO - [2026-03-28T22:46:40.273+0000] {dag.py:3823} INFO - Setting next_dagrun for example_python_decorator to None, run_after=None
[2026-03-28T22:46:40.393+0000] {processor.py:183} INFO - Processing /home/airflow/.local/lib/python3.8/site-packages/airflow/example_dags/example_python_decorator.py took 0.607 seconds
