[2026-03-28T22:09:42.062+0000] {processor.py:161} INFO - Started process (PID=85) to work on /home/airflow/.local/lib/python3.8/site-packages/airflow/example_dags/tutorial_objectstorage.py
[2026-03-28T22:09:42.064+0000] {processor.py:830} INFO - Processing file /home/airflow/.local/lib/python3.8/site-packages/airflow/example_dags/tutorial_objectstorage.py for tasks to queue
[2026-03-28T22:09:42.066+0000] {logging_mixin.py:188} INFO - [2026-03-28T22:09:42.066+0000] {dagbag.py:538} INFO - Filling up the DagBag from /home/airflow/.local/lib/python3.8/site-packages/airflow/example_dags/tutorial_objectstorage.py
[2026-03-28T22:09:42.082+0000] {processor.py:840} INFO - DAG(s) 'tutorial_objectstorage' retrieved from /home/airflow/.local/lib/python3.8/site-packages/airflow/example_dags/tutorial_objectstorage.py
[2026-03-28T22:09:42.214+0000] {logging_mixin.py:188} INFO - [2026-03-28T22:09:42.213+0000] {override.py:1769} INFO - Created Permission View: can edit on DAG:tutorial_objectstorage
[2026-03-28T22:09:42.227+0000] {logging_mixin.py:188} INFO - [2026-03-28T22:09:42.227+0000] {override.py:1769} INFO - Created Permission View: can delete on DAG:tutorial_objectstorage
[2026-03-28T22:09:42.240+0000] {logging_mixin.py:188} INFO - [2026-03-28T22:09:42.240+0000] {override.py:1769} INFO - Created Permission View: can read on DAG:tutorial_objectstorage
[2026-03-28T22:09:42.241+0000] {logging_mixin.py:188} INFO - [2026-03-28T22:09:42.241+0000] {dag.py:3036} INFO - Sync 1 DAGs
[2026-03-28T22:09:42.255+0000] {logging_mixin.py:188} INFO - [2026-03-28T22:09:42.254+0000] {dag.py:3058} INFO - Creating ORM DAG for tutorial_objectstorage
[2026-03-28T22:09:42.256+0000] {logging_mixin.py:188} INFO - [2026-03-28T22:09:42.256+0000] {dag.py:3823} INFO - Setting next_dagrun for tutorial_objectstorage to None, run_after=None
[2026-03-28T22:09:42.285+0000] {processor.py:183} INFO - Processing /home/airflow/.local/lib/python3.8/site-packages/airflow/example_dags/tutorial_objectstorage.py took 0.227 seconds
[2026-03-28T22:10:12.408+0000] {processor.py:161} INFO - Started process (PID=141) to work on /home/airflow/.local/lib/python3.8/site-packages/airflow/example_dags/tutorial_objectstorage.py
[2026-03-28T22:10:12.409+0000] {processor.py:830} INFO - Processing file /home/airflow/.local/lib/python3.8/site-packages/airflow/example_dags/tutorial_objectstorage.py for tasks to queue
[2026-03-28T22:10:12.412+0000] {logging_mixin.py:188} INFO - [2026-03-28T22:10:12.411+0000] {dagbag.py:538} INFO - Filling up the DagBag from /home/airflow/.local/lib/python3.8/site-packages/airflow/example_dags/tutorial_objectstorage.py
[2026-03-28T22:10:12.420+0000] {processor.py:840} INFO - DAG(s) 'tutorial_objectstorage' retrieved from /home/airflow/.local/lib/python3.8/site-packages/airflow/example_dags/tutorial_objectstorage.py
[2026-03-28T22:10:12.444+0000] {logging_mixin.py:188} INFO - [2026-03-28T22:10:12.443+0000] {dag.py:3036} INFO - Sync 1 DAGs
[2026-03-28T22:10:12.458+0000] {logging_mixin.py:188} INFO - [2026-03-28T22:10:12.458+0000] {dag.py:3823} INFO - Setting next_dagrun for tutorial_objectstorage to None, run_after=None
[2026-03-28T22:10:12.479+0000] {processor.py:183} INFO - Processing /home/airflow/.local/lib/python3.8/site-packages/airflow/example_dags/tutorial_objectstorage.py took 0.075 seconds
[2026-03-28T22:10:42.954+0000] {processor.py:161} INFO - Started process (PID=197) to work on /home/airflow/.local/lib/python3.8/site-packages/airflow/example_dags/tutorial_objectstorage.py
[2026-03-28T22:10:42.956+0000] {processor.py:830} INFO - Processing file /home/airflow/.local/lib/python3.8/site-packages/airflow/example_dags/tutorial_objectstorage.py for tasks to queue
[2026-03-28T22:10:42.958+0000] {logging_mixin.py:188} INFO - [2026-03-28T22:10:42.958+0000] {dagbag.py:538} INFO - Filling up the DagBag from /home/airflow/.local/lib/python3.8/site-packages/airflow/example_dags/tutorial_objectstorage.py
[2026-03-28T22:10:42.967+0000] {processor.py:840} INFO - DAG(s) 'tutorial_objectstorage' retrieved from /home/airflow/.local/lib/python3.8/site-packages/airflow/example_dags/tutorial_objectstorage.py
[2026-03-28T22:10:42.990+0000] {logging_mixin.py:188} INFO - [2026-03-28T22:10:42.990+0000] {dag.py:3036} INFO - Sync 1 DAGs
[2026-03-28T22:10:43.003+0000] {logging_mixin.py:188} INFO - [2026-03-28T22:10:43.003+0000] {dag.py:3823} INFO - Setting next_dagrun for tutorial_objectstorage to None, run_after=None
[2026-03-28T22:10:43.027+0000] {processor.py:183} INFO - Processing /home/airflow/.local/lib/python3.8/site-packages/airflow/example_dags/tutorial_objectstorage.py took 0.076 seconds
[2026-03-28T22:11:13.455+0000] {processor.py:161} INFO - Started process (PID=253) to work on /home/airflow/.local/lib/python3.8/site-packages/airflow/example_dags/tutorial_objectstorage.py
[2026-03-28T22:11:13.456+0000] {processor.py:830} INFO - Processing file /home/airflow/.local/lib/python3.8/site-packages/airflow/example_dags/tutorial_objectstorage.py for tasks to queue
[2026-03-28T22:11:13.459+0000] {logging_mixin.py:188} INFO - [2026-03-28T22:11:13.458+0000] {dagbag.py:538} INFO - Filling up the DagBag from /home/airflow/.local/lib/python3.8/site-packages/airflow/example_dags/tutorial_objectstorage.py
[2026-03-28T22:11:13.467+0000] {processor.py:840} INFO - DAG(s) 'tutorial_objectstorage' retrieved from /home/airflow/.local/lib/python3.8/site-packages/airflow/example_dags/tutorial_objectstorage.py
[2026-03-28T22:11:13.494+0000] {logging_mixin.py:188} INFO - [2026-03-28T22:11:13.494+0000] {dag.py:3036} INFO - Sync 1 DAGs
[2026-03-28T22:11:13.508+0000] {logging_mixin.py:188} INFO - [2026-03-28T22:11:13.507+0000] {dag.py:3823} INFO - Setting next_dagrun for tutorial_objectstorage to None, run_after=None
[2026-03-28T22:11:13.527+0000] {processor.py:183} INFO - Processing /home/airflow/.local/lib/python3.8/site-packages/airflow/example_dags/tutorial_objectstorage.py took 0.076 seconds
[2026-03-28T22:11:43.575+0000] {processor.py:161} INFO - Started process (PID=309) to work on /home/airflow/.local/lib/python3.8/site-packages/airflow/example_dags/tutorial_objectstorage.py
[2026-03-28T22:11:43.577+0000] {processor.py:830} INFO - Processing file /home/airflow/.local/lib/python3.8/site-packages/airflow/example_dags/tutorial_objectstorage.py for tasks to queue
[2026-03-28T22:11:43.579+0000] {logging_mixin.py:188} INFO - [2026-03-28T22:11:43.579+0000] {dagbag.py:538} INFO - Filling up the DagBag from /home/airflow/.local/lib/python3.8/site-packages/airflow/example_dags/tutorial_objectstorage.py
[2026-03-28T22:11:43.586+0000] {processor.py:840} INFO - DAG(s) 'tutorial_objectstorage' retrieved from /home/airflow/.local/lib/python3.8/site-packages/airflow/example_dags/tutorial_objectstorage.py
[2026-03-28T22:11:43.609+0000] {logging_mixin.py:188} INFO - [2026-03-28T22:11:43.609+0000] {dag.py:3036} INFO - Sync 1 DAGs
[2026-03-28T22:11:43.622+0000] {logging_mixin.py:188} INFO - [2026-03-28T22:11:43.622+0000] {dag.py:3823} INFO - Setting next_dagrun for tutorial_objectstorage to None, run_after=None
[2026-03-28T22:11:43.645+0000] {processor.py:183} INFO - Processing /home/airflow/.local/lib/python3.8/site-packages/airflow/example_dags/tutorial_objectstorage.py took 0.074 seconds
[2026-03-28T22:12:13.871+0000] {processor.py:161} INFO - Started process (PID=365) to work on /home/airflow/.local/lib/python3.8/site-packages/airflow/example_dags/tutorial_objectstorage.py
[2026-03-28T22:12:13.872+0000] {processor.py:830} INFO - Processing file /home/airflow/.local/lib/python3.8/site-packages/airflow/example_dags/tutorial_objectstorage.py for tasks to queue
[2026-03-28T22:12:13.875+0000] {logging_mixin.py:188} INFO - [2026-03-28T22:12:13.874+0000] {dagbag.py:538} INFO - Filling up the DagBag from /home/airflow/.local/lib/python3.8/site-packages/airflow/example_dags/tutorial_objectstorage.py
[2026-03-28T22:12:13.883+0000] {processor.py:840} INFO - DAG(s) 'tutorial_objectstorage' retrieved from /home/airflow/.local/lib/python3.8/site-packages/airflow/example_dags/tutorial_objectstorage.py
[2026-03-28T22:12:13.906+0000] {logging_mixin.py:188} INFO - [2026-03-28T22:12:13.905+0000] {dag.py:3036} INFO - Sync 1 DAGs
[2026-03-28T22:12:13.918+0000] {logging_mixin.py:188} INFO - [2026-03-28T22:12:13.917+0000] {dag.py:3823} INFO - Setting next_dagrun for tutorial_objectstorage to None, run_after=None
[2026-03-28T22:12:13.938+0000] {processor.py:183} INFO - Processing /home/airflow/.local/lib/python3.8/site-packages/airflow/example_dags/tutorial_objectstorage.py took 0.071 seconds
[2026-03-28T22:12:44.146+0000] {processor.py:161} INFO - Started process (PID=421) to work on /home/airflow/.local/lib/python3.8/site-packages/airflow/example_dags/tutorial_objectstorage.py
[2026-03-28T22:12:44.147+0000] {processor.py:830} INFO - Processing file /home/airflow/.local/lib/python3.8/site-packages/airflow/example_dags/tutorial_objectstorage.py for tasks to queue
[2026-03-28T22:12:44.149+0000] {logging_mixin.py:188} INFO - [2026-03-28T22:12:44.149+0000] {dagbag.py:538} INFO - Filling up the DagBag from /home/airflow/.local/lib/python3.8/site-packages/airflow/example_dags/tutorial_objectstorage.py
[2026-03-28T22:12:44.157+0000] {processor.py:840} INFO - DAG(s) 'tutorial_objectstorage' retrieved from /home/airflow/.local/lib/python3.8/site-packages/airflow/example_dags/tutorial_objectstorage.py
[2026-03-28T22:12:44.179+0000] {logging_mixin.py:188} INFO - [2026-03-28T22:12:44.179+0000] {dag.py:3036} INFO - Sync 1 DAGs
[2026-03-28T22:12:44.191+0000] {logging_mixin.py:188} INFO - [2026-03-28T22:12:44.191+0000] {dag.py:3823} INFO - Setting next_dagrun for tutorial_objectstorage to None, run_after=None
[2026-03-28T22:12:44.212+0000] {processor.py:183} INFO - Processing /home/airflow/.local/lib/python3.8/site-packages/airflow/example_dags/tutorial_objectstorage.py took 0.069 seconds
[2026-03-28T22:13:14.484+0000] {processor.py:161} INFO - Started process (PID=477) to work on /home/airflow/.local/lib/python3.8/site-packages/airflow/example_dags/tutorial_objectstorage.py
[2026-03-28T22:13:14.486+0000] {processor.py:830} INFO - Processing file /home/airflow/.local/lib/python3.8/site-packages/airflow/example_dags/tutorial_objectstorage.py for tasks to queue
[2026-03-28T22:13:14.488+0000] {logging_mixin.py:188} INFO - [2026-03-28T22:13:14.488+0000] {dagbag.py:538} INFO - Filling up the DagBag from /home/airflow/.local/lib/python3.8/site-packages/airflow/example_dags/tutorial_objectstorage.py
[2026-03-28T22:13:14.496+0000] {processor.py:840} INFO - DAG(s) 'tutorial_objectstorage' retrieved from /home/airflow/.local/lib/python3.8/site-packages/airflow/example_dags/tutorial_objectstorage.py
[2026-03-28T22:13:14.519+0000] {logging_mixin.py:188} INFO - [2026-03-28T22:13:14.518+0000] {dag.py:3036} INFO - Sync 1 DAGs
[2026-03-28T22:13:14.532+0000] {logging_mixin.py:188} INFO - [2026-03-28T22:13:14.532+0000] {dag.py:3823} INFO - Setting next_dagrun for tutorial_objectstorage to None, run_after=None
[2026-03-28T22:13:14.553+0000] {processor.py:183} INFO - Processing /home/airflow/.local/lib/python3.8/site-packages/airflow/example_dags/tutorial_objectstorage.py took 0.072 seconds
[2026-03-28T22:14:07.330+0000] {processor.py:161} INFO - Started process (PID=83) to work on /home/airflow/.local/lib/python3.8/site-packages/airflow/example_dags/tutorial_objectstorage.py
[2026-03-28T22:14:07.332+0000] {processor.py:830} INFO - Processing file /home/airflow/.local/lib/python3.8/site-packages/airflow/example_dags/tutorial_objectstorage.py for tasks to queue
[2026-03-28T22:14:07.337+0000] {logging_mixin.py:188} INFO - [2026-03-28T22:14:07.336+0000] {dagbag.py:538} INFO - Filling up the DagBag from /home/airflow/.local/lib/python3.8/site-packages/airflow/example_dags/tutorial_objectstorage.py
[2026-03-28T22:14:07.356+0000] {processor.py:840} INFO - DAG(s) 'tutorial_objectstorage' retrieved from /home/airflow/.local/lib/python3.8/site-packages/airflow/example_dags/tutorial_objectstorage.py
[2026-03-28T22:14:07.379+0000] {logging_mixin.py:188} INFO - [2026-03-28T22:14:07.378+0000] {dag.py:3036} INFO - Sync 1 DAGs
[2026-03-28T22:14:07.398+0000] {logging_mixin.py:188} INFO - [2026-03-28T22:14:07.397+0000] {dag.py:3823} INFO - Setting next_dagrun for tutorial_objectstorage to None, run_after=None
[2026-03-28T22:14:07.424+0000] {processor.py:183} INFO - Processing /home/airflow/.local/lib/python3.8/site-packages/airflow/example_dags/tutorial_objectstorage.py took 0.102 seconds
[2026-03-28T22:14:37.670+0000] {processor.py:161} INFO - Started process (PID=139) to work on /home/airflow/.local/lib/python3.8/site-packages/airflow/example_dags/tutorial_objectstorage.py
[2026-03-28T22:14:37.671+0000] {processor.py:830} INFO - Processing file /home/airflow/.local/lib/python3.8/site-packages/airflow/example_dags/tutorial_objectstorage.py for tasks to queue
[2026-03-28T22:14:37.673+0000] {logging_mixin.py:188} INFO - [2026-03-28T22:14:37.673+0000] {dagbag.py:538} INFO - Filling up the DagBag from /home/airflow/.local/lib/python3.8/site-packages/airflow/example_dags/tutorial_objectstorage.py
[2026-03-28T22:14:37.680+0000] {processor.py:840} INFO - DAG(s) 'tutorial_objectstorage' retrieved from /home/airflow/.local/lib/python3.8/site-packages/airflow/example_dags/tutorial_objectstorage.py
[2026-03-28T22:14:37.764+0000] {logging_mixin.py:188} INFO - [2026-03-28T22:14:37.764+0000] {dag.py:3036} INFO - Sync 1 DAGs
[2026-03-28T22:14:37.774+0000] {logging_mixin.py:188} INFO - [2026-03-28T22:14:37.774+0000] {dag.py:3823} INFO - Setting next_dagrun for tutorial_objectstorage to None, run_after=None
[2026-03-28T22:14:37.797+0000] {processor.py:183} INFO - Processing /home/airflow/.local/lib/python3.8/site-packages/airflow/example_dags/tutorial_objectstorage.py took 0.129 seconds
[2026-03-28T22:15:08.011+0000] {processor.py:161} INFO - Started process (PID=195) to work on /home/airflow/.local/lib/python3.8/site-packages/airflow/example_dags/tutorial_objectstorage.py
[2026-03-28T22:15:08.012+0000] {processor.py:830} INFO - Processing file /home/airflow/.local/lib/python3.8/site-packages/airflow/example_dags/tutorial_objectstorage.py for tasks to queue
[2026-03-28T22:15:08.014+0000] {logging_mixin.py:188} INFO - [2026-03-28T22:15:08.014+0000] {dagbag.py:538} INFO - Filling up the DagBag from /home/airflow/.local/lib/python3.8/site-packages/airflow/example_dags/tutorial_objectstorage.py
[2026-03-28T22:15:08.021+0000] {processor.py:840} INFO - DAG(s) 'tutorial_objectstorage' retrieved from /home/airflow/.local/lib/python3.8/site-packages/airflow/example_dags/tutorial_objectstorage.py
[2026-03-28T22:15:08.040+0000] {logging_mixin.py:188} INFO - [2026-03-28T22:15:08.040+0000] {dag.py:3036} INFO - Sync 1 DAGs
[2026-03-28T22:15:08.051+0000] {logging_mixin.py:188} INFO - [2026-03-28T22:15:08.050+0000] {dag.py:3823} INFO - Setting next_dagrun for tutorial_objectstorage to None, run_after=None
[2026-03-28T22:15:08.094+0000] {processor.py:183} INFO - Processing /home/airflow/.local/lib/python3.8/site-packages/airflow/example_dags/tutorial_objectstorage.py took 0.087 seconds
[2026-03-28T22:15:38.784+0000] {processor.py:161} INFO - Started process (PID=251) to work on /home/airflow/.local/lib/python3.8/site-packages/airflow/example_dags/tutorial_objectstorage.py
[2026-03-28T22:15:38.786+0000] {processor.py:830} INFO - Processing file /home/airflow/.local/lib/python3.8/site-packages/airflow/example_dags/tutorial_objectstorage.py for tasks to queue
[2026-03-28T22:15:38.789+0000] {logging_mixin.py:188} INFO - [2026-03-28T22:15:38.788+0000] {dagbag.py:538} INFO - Filling up the DagBag from /home/airflow/.local/lib/python3.8/site-packages/airflow/example_dags/tutorial_objectstorage.py
[2026-03-28T22:15:38.796+0000] {processor.py:840} INFO - DAG(s) 'tutorial_objectstorage' retrieved from /home/airflow/.local/lib/python3.8/site-packages/airflow/example_dags/tutorial_objectstorage.py
[2026-03-28T22:15:38.816+0000] {logging_mixin.py:188} INFO - [2026-03-28T22:15:38.815+0000] {dag.py:3036} INFO - Sync 1 DAGs
[2026-03-28T22:15:38.827+0000] {logging_mixin.py:188} INFO - [2026-03-28T22:15:38.827+0000] {dag.py:3823} INFO - Setting next_dagrun for tutorial_objectstorage to None, run_after=None
[2026-03-28T22:15:38.849+0000] {processor.py:183} INFO - Processing /home/airflow/.local/lib/python3.8/site-packages/airflow/example_dags/tutorial_objectstorage.py took 0.069 seconds
[2026-03-28T22:16:09.055+0000] {processor.py:161} INFO - Started process (PID=307) to work on /home/airflow/.local/lib/python3.8/site-packages/airflow/example_dags/tutorial_objectstorage.py
[2026-03-28T22:16:09.056+0000] {processor.py:830} INFO - Processing file /home/airflow/.local/lib/python3.8/site-packages/airflow/example_dags/tutorial_objectstorage.py for tasks to queue
[2026-03-28T22:16:09.058+0000] {logging_mixin.py:188} INFO - [2026-03-28T22:16:09.058+0000] {dagbag.py:538} INFO - Filling up the DagBag from /home/airflow/.local/lib/python3.8/site-packages/airflow/example_dags/tutorial_objectstorage.py
[2026-03-28T22:16:09.064+0000] {processor.py:840} INFO - DAG(s) 'tutorial_objectstorage' retrieved from /home/airflow/.local/lib/python3.8/site-packages/airflow/example_dags/tutorial_objectstorage.py
[2026-03-28T22:16:09.086+0000] {logging_mixin.py:188} INFO - [2026-03-28T22:16:09.085+0000] {dag.py:3036} INFO - Sync 1 DAGs
[2026-03-28T22:16:09.097+0000] {logging_mixin.py:188} INFO - [2026-03-28T22:16:09.097+0000] {dag.py:3823} INFO - Setting next_dagrun for tutorial_objectstorage to None, run_after=None
[2026-03-28T22:16:09.119+0000] {processor.py:183} INFO - Processing /home/airflow/.local/lib/python3.8/site-packages/airflow/example_dags/tutorial_objectstorage.py took 0.067 seconds
[2026-03-28T22:16:39.438+0000] {processor.py:161} INFO - Started process (PID=363) to work on /home/airflow/.local/lib/python3.8/site-packages/airflow/example_dags/tutorial_objectstorage.py
[2026-03-28T22:16:39.443+0000] {processor.py:830} INFO - Processing file /home/airflow/.local/lib/python3.8/site-packages/airflow/example_dags/tutorial_objectstorage.py for tasks to queue
[2026-03-28T22:16:39.450+0000] {logging_mixin.py:188} INFO - [2026-03-28T22:16:39.450+0000] {dagbag.py:538} INFO - Filling up the DagBag from /home/airflow/.local/lib/python3.8/site-packages/airflow/example_dags/tutorial_objectstorage.py
[2026-03-28T22:16:39.460+0000] {processor.py:840} INFO - DAG(s) 'tutorial_objectstorage' retrieved from /home/airflow/.local/lib/python3.8/site-packages/airflow/example_dags/tutorial_objectstorage.py
[2026-03-28T22:16:39.482+0000] {logging_mixin.py:188} INFO - [2026-03-28T22:16:39.482+0000] {dag.py:3036} INFO - Sync 1 DAGs
[2026-03-28T22:16:39.497+0000] {logging_mixin.py:188} INFO - [2026-03-28T22:16:39.497+0000] {dag.py:3823} INFO - Setting next_dagrun for tutorial_objectstorage to None, run_after=None
[2026-03-28T22:16:39.519+0000] {processor.py:183} INFO - Processing /home/airflow/.local/lib/python3.8/site-packages/airflow/example_dags/tutorial_objectstorage.py took 0.084 seconds
[2026-03-28T22:17:09.889+0000] {processor.py:161} INFO - Started process (PID=419) to work on /home/airflow/.local/lib/python3.8/site-packages/airflow/example_dags/tutorial_objectstorage.py
[2026-03-28T22:17:09.890+0000] {processor.py:830} INFO - Processing file /home/airflow/.local/lib/python3.8/site-packages/airflow/example_dags/tutorial_objectstorage.py for tasks to queue
[2026-03-28T22:17:09.892+0000] {logging_mixin.py:188} INFO - [2026-03-28T22:17:09.892+0000] {dagbag.py:538} INFO - Filling up the DagBag from /home/airflow/.local/lib/python3.8/site-packages/airflow/example_dags/tutorial_objectstorage.py
[2026-03-28T22:17:09.899+0000] {processor.py:840} INFO - DAG(s) 'tutorial_objectstorage' retrieved from /home/airflow/.local/lib/python3.8/site-packages/airflow/example_dags/tutorial_objectstorage.py
[2026-03-28T22:17:09.919+0000] {logging_mixin.py:188} INFO - [2026-03-28T22:17:09.919+0000] {dag.py:3036} INFO - Sync 1 DAGs
[2026-03-28T22:17:09.931+0000] {logging_mixin.py:188} INFO - [2026-03-28T22:17:09.930+0000] {dag.py:3823} INFO - Setting next_dagrun for tutorial_objectstorage to None, run_after=None
[2026-03-28T22:17:09.967+0000] {processor.py:183} INFO - Processing /home/airflow/.local/lib/python3.8/site-packages/airflow/example_dags/tutorial_objectstorage.py took 0.082 seconds
[2026-03-28T22:17:40.254+0000] {processor.py:161} INFO - Started process (PID=475) to work on /home/airflow/.local/lib/python3.8/site-packages/airflow/example_dags/tutorial_objectstorage.py
[2026-03-28T22:17:40.255+0000] {processor.py:830} INFO - Processing file /home/airflow/.local/lib/python3.8/site-packages/airflow/example_dags/tutorial_objectstorage.py for tasks to queue
[2026-03-28T22:17:40.257+0000] {logging_mixin.py:188} INFO - [2026-03-28T22:17:40.257+0000] {dagbag.py:538} INFO - Filling up the DagBag from /home/airflow/.local/lib/python3.8/site-packages/airflow/example_dags/tutorial_objectstorage.py
[2026-03-28T22:17:40.264+0000] {processor.py:840} INFO - DAG(s) 'tutorial_objectstorage' retrieved from /home/airflow/.local/lib/python3.8/site-packages/airflow/example_dags/tutorial_objectstorage.py
[2026-03-28T22:17:40.288+0000] {logging_mixin.py:188} INFO - [2026-03-28T22:17:40.288+0000] {dag.py:3036} INFO - Sync 1 DAGs
[2026-03-28T22:17:40.301+0000] {logging_mixin.py:188} INFO - [2026-03-28T22:17:40.301+0000] {dag.py:3823} INFO - Setting next_dagrun for tutorial_objectstorage to None, run_after=None
[2026-03-28T22:17:40.334+0000] {processor.py:183} INFO - Processing /home/airflow/.local/lib/python3.8/site-packages/airflow/example_dags/tutorial_objectstorage.py took 0.084 seconds
[2026-03-28T22:18:10.428+0000] {processor.py:161} INFO - Started process (PID=531) to work on /home/airflow/.local/lib/python3.8/site-packages/airflow/example_dags/tutorial_objectstorage.py
[2026-03-28T22:18:10.429+0000] {processor.py:830} INFO - Processing file /home/airflow/.local/lib/python3.8/site-packages/airflow/example_dags/tutorial_objectstorage.py for tasks to queue
[2026-03-28T22:18:10.431+0000] {logging_mixin.py:188} INFO - [2026-03-28T22:18:10.431+0000] {dagbag.py:538} INFO - Filling up the DagBag from /home/airflow/.local/lib/python3.8/site-packages/airflow/example_dags/tutorial_objectstorage.py
[2026-03-28T22:18:10.439+0000] {processor.py:840} INFO - DAG(s) 'tutorial_objectstorage' retrieved from /home/airflow/.local/lib/python3.8/site-packages/airflow/example_dags/tutorial_objectstorage.py
[2026-03-28T22:18:10.459+0000] {logging_mixin.py:188} INFO - [2026-03-28T22:18:10.459+0000] {dag.py:3036} INFO - Sync 1 DAGs
[2026-03-28T22:18:10.472+0000] {logging_mixin.py:188} INFO - [2026-03-28T22:18:10.472+0000] {dag.py:3823} INFO - Setting next_dagrun for tutorial_objectstorage to None, run_after=None
[2026-03-28T22:18:10.493+0000] {processor.py:183} INFO - Processing /home/airflow/.local/lib/python3.8/site-packages/airflow/example_dags/tutorial_objectstorage.py took 0.068 seconds
[2026-03-28T22:18:40.761+0000] {processor.py:161} INFO - Started process (PID=587) to work on /home/airflow/.local/lib/python3.8/site-packages/airflow/example_dags/tutorial_objectstorage.py
[2026-03-28T22:18:40.763+0000] {processor.py:830} INFO - Processing file /home/airflow/.local/lib/python3.8/site-packages/airflow/example_dags/tutorial_objectstorage.py for tasks to queue
[2026-03-28T22:18:40.764+0000] {logging_mixin.py:188} INFO - [2026-03-28T22:18:40.764+0000] {dagbag.py:538} INFO - Filling up the DagBag from /home/airflow/.local/lib/python3.8/site-packages/airflow/example_dags/tutorial_objectstorage.py
[2026-03-28T22:18:40.771+0000] {processor.py:840} INFO - DAG(s) 'tutorial_objectstorage' retrieved from /home/airflow/.local/lib/python3.8/site-packages/airflow/example_dags/tutorial_objectstorage.py
[2026-03-28T22:18:40.791+0000] {logging_mixin.py:188} INFO - [2026-03-28T22:18:40.791+0000] {dag.py:3036} INFO - Sync 1 DAGs
[2026-03-28T22:18:40.803+0000] {logging_mixin.py:188} INFO - [2026-03-28T22:18:40.803+0000] {dag.py:3823} INFO - Setting next_dagrun for tutorial_objectstorage to None, run_after=None
[2026-03-28T22:18:40.825+0000] {processor.py:183} INFO - Processing /home/airflow/.local/lib/python3.8/site-packages/airflow/example_dags/tutorial_objectstorage.py took 0.067 seconds
[2026-03-28T22:19:11.267+0000] {processor.py:161} INFO - Started process (PID=643) to work on /home/airflow/.local/lib/python3.8/site-packages/airflow/example_dags/tutorial_objectstorage.py
[2026-03-28T22:19:11.268+0000] {processor.py:830} INFO - Processing file /home/airflow/.local/lib/python3.8/site-packages/airflow/example_dags/tutorial_objectstorage.py for tasks to queue
[2026-03-28T22:19:11.270+0000] {logging_mixin.py:188} INFO - [2026-03-28T22:19:11.270+0000] {dagbag.py:538} INFO - Filling up the DagBag from /home/airflow/.local/lib/python3.8/site-packages/airflow/example_dags/tutorial_objectstorage.py
[2026-03-28T22:19:11.277+0000] {processor.py:840} INFO - DAG(s) 'tutorial_objectstorage' retrieved from /home/airflow/.local/lib/python3.8/site-packages/airflow/example_dags/tutorial_objectstorage.py
[2026-03-28T22:19:11.299+0000] {logging_mixin.py:188} INFO - [2026-03-28T22:19:11.299+0000] {dag.py:3036} INFO - Sync 1 DAGs
[2026-03-28T22:19:11.310+0000] {logging_mixin.py:188} INFO - [2026-03-28T22:19:11.310+0000] {dag.py:3823} INFO - Setting next_dagrun for tutorial_objectstorage to None, run_after=None
[2026-03-28T22:19:11.333+0000] {processor.py:183} INFO - Processing /home/airflow/.local/lib/python3.8/site-packages/airflow/example_dags/tutorial_objectstorage.py took 0.069 seconds
[2026-03-28T22:19:41.390+0000] {processor.py:161} INFO - Started process (PID=699) to work on /home/airflow/.local/lib/python3.8/site-packages/airflow/example_dags/tutorial_objectstorage.py
[2026-03-28T22:19:41.391+0000] {processor.py:830} INFO - Processing file /home/airflow/.local/lib/python3.8/site-packages/airflow/example_dags/tutorial_objectstorage.py for tasks to queue
[2026-03-28T22:19:41.394+0000] {logging_mixin.py:188} INFO - [2026-03-28T22:19:41.394+0000] {dagbag.py:538} INFO - Filling up the DagBag from /home/airflow/.local/lib/python3.8/site-packages/airflow/example_dags/tutorial_objectstorage.py
[2026-03-28T22:19:41.402+0000] {processor.py:840} INFO - DAG(s) 'tutorial_objectstorage' retrieved from /home/airflow/.local/lib/python3.8/site-packages/airflow/example_dags/tutorial_objectstorage.py
[2026-03-28T22:19:41.426+0000] {logging_mixin.py:188} INFO - [2026-03-28T22:19:41.426+0000] {dag.py:3036} INFO - Sync 1 DAGs
[2026-03-28T22:19:41.441+0000] {logging_mixin.py:188} INFO - [2026-03-28T22:19:41.441+0000] {dag.py:3823} INFO - Setting next_dagrun for tutorial_objectstorage to None, run_after=None
[2026-03-28T22:19:41.465+0000] {processor.py:183} INFO - Processing /home/airflow/.local/lib/python3.8/site-packages/airflow/example_dags/tutorial_objectstorage.py took 0.079 seconds
[2026-03-28T22:20:11.881+0000] {processor.py:161} INFO - Started process (PID=755) to work on /home/airflow/.local/lib/python3.8/site-packages/airflow/example_dags/tutorial_objectstorage.py
[2026-03-28T22:20:11.883+0000] {processor.py:830} INFO - Processing file /home/airflow/.local/lib/python3.8/site-packages/airflow/example_dags/tutorial_objectstorage.py for tasks to queue
[2026-03-28T22:20:11.886+0000] {logging_mixin.py:188} INFO - [2026-03-28T22:20:11.886+0000] {dagbag.py:538} INFO - Filling up the DagBag from /home/airflow/.local/lib/python3.8/site-packages/airflow/example_dags/tutorial_objectstorage.py
[2026-03-28T22:20:11.897+0000] {processor.py:840} INFO - DAG(s) 'tutorial_objectstorage' retrieved from /home/airflow/.local/lib/python3.8/site-packages/airflow/example_dags/tutorial_objectstorage.py
[2026-03-28T22:20:11.924+0000] {logging_mixin.py:188} INFO - [2026-03-28T22:20:11.924+0000] {dag.py:3036} INFO - Sync 1 DAGs
[2026-03-28T22:20:11.940+0000] {logging_mixin.py:188} INFO - [2026-03-28T22:20:11.940+0000] {dag.py:3823} INFO - Setting next_dagrun for tutorial_objectstorage to None, run_after=None
[2026-03-28T22:20:11.973+0000] {processor.py:183} INFO - Processing /home/airflow/.local/lib/python3.8/site-packages/airflow/example_dags/tutorial_objectstorage.py took 0.097 seconds
[2026-03-28T22:20:42.150+0000] {processor.py:161} INFO - Started process (PID=811) to work on /home/airflow/.local/lib/python3.8/site-packages/airflow/example_dags/tutorial_objectstorage.py
[2026-03-28T22:20:42.151+0000] {processor.py:830} INFO - Processing file /home/airflow/.local/lib/python3.8/site-packages/airflow/example_dags/tutorial_objectstorage.py for tasks to queue
[2026-03-28T22:20:42.153+0000] {logging_mixin.py:188} INFO - [2026-03-28T22:20:42.153+0000] {dagbag.py:538} INFO - Filling up the DagBag from /home/airflow/.local/lib/python3.8/site-packages/airflow/example_dags/tutorial_objectstorage.py
[2026-03-28T22:20:42.160+0000] {processor.py:840} INFO - DAG(s) 'tutorial_objectstorage' retrieved from /home/airflow/.local/lib/python3.8/site-packages/airflow/example_dags/tutorial_objectstorage.py
[2026-03-28T22:20:42.179+0000] {logging_mixin.py:188} INFO - [2026-03-28T22:20:42.179+0000] {dag.py:3036} INFO - Sync 1 DAGs
[2026-03-28T22:20:42.191+0000] {logging_mixin.py:188} INFO - [2026-03-28T22:20:42.190+0000] {dag.py:3823} INFO - Setting next_dagrun for tutorial_objectstorage to None, run_after=None
[2026-03-28T22:20:42.217+0000] {processor.py:183} INFO - Processing /home/airflow/.local/lib/python3.8/site-packages/airflow/example_dags/tutorial_objectstorage.py took 0.070 seconds
[2026-03-28T22:21:12.866+0000] {processor.py:161} INFO - Started process (PID=867) to work on /home/airflow/.local/lib/python3.8/site-packages/airflow/example_dags/tutorial_objectstorage.py
[2026-03-28T22:21:12.867+0000] {processor.py:830} INFO - Processing file /home/airflow/.local/lib/python3.8/site-packages/airflow/example_dags/tutorial_objectstorage.py for tasks to queue
[2026-03-28T22:21:12.869+0000] {logging_mixin.py:188} INFO - [2026-03-28T22:21:12.869+0000] {dagbag.py:538} INFO - Filling up the DagBag from /home/airflow/.local/lib/python3.8/site-packages/airflow/example_dags/tutorial_objectstorage.py
[2026-03-28T22:21:12.876+0000] {processor.py:840} INFO - DAG(s) 'tutorial_objectstorage' retrieved from /home/airflow/.local/lib/python3.8/site-packages/airflow/example_dags/tutorial_objectstorage.py
[2026-03-28T22:21:12.899+0000] {logging_mixin.py:188} INFO - [2026-03-28T22:21:12.899+0000] {dag.py:3036} INFO - Sync 1 DAGs
[2026-03-28T22:21:12.911+0000] {logging_mixin.py:188} INFO - [2026-03-28T22:21:12.911+0000] {dag.py:3823} INFO - Setting next_dagrun for tutorial_objectstorage to None, run_after=None
[2026-03-28T22:21:12.937+0000] {processor.py:183} INFO - Processing /home/airflow/.local/lib/python3.8/site-packages/airflow/example_dags/tutorial_objectstorage.py took 0.074 seconds
[2026-03-28T22:21:43.115+0000] {processor.py:161} INFO - Started process (PID=923) to work on /home/airflow/.local/lib/python3.8/site-packages/airflow/example_dags/tutorial_objectstorage.py
[2026-03-28T22:21:43.117+0000] {processor.py:830} INFO - Processing file /home/airflow/.local/lib/python3.8/site-packages/airflow/example_dags/tutorial_objectstorage.py for tasks to queue
[2026-03-28T22:21:43.119+0000] {logging_mixin.py:188} INFO - [2026-03-28T22:21:43.119+0000] {dagbag.py:538} INFO - Filling up the DagBag from /home/airflow/.local/lib/python3.8/site-packages/airflow/example_dags/tutorial_objectstorage.py
[2026-03-28T22:21:43.127+0000] {processor.py:840} INFO - DAG(s) 'tutorial_objectstorage' retrieved from /home/airflow/.local/lib/python3.8/site-packages/airflow/example_dags/tutorial_objectstorage.py
[2026-03-28T22:21:43.154+0000] {logging_mixin.py:188} INFO - [2026-03-28T22:21:43.154+0000] {dag.py:3036} INFO - Sync 1 DAGs
[2026-03-28T22:21:43.169+0000] {logging_mixin.py:188} INFO - [2026-03-28T22:21:43.169+0000] {dag.py:3823} INFO - Setting next_dagrun for tutorial_objectstorage to None, run_after=None
[2026-03-28T22:21:43.190+0000] {processor.py:183} INFO - Processing /home/airflow/.local/lib/python3.8/site-packages/airflow/example_dags/tutorial_objectstorage.py took 0.079 seconds
[2026-03-28T22:22:13.357+0000] {processor.py:161} INFO - Started process (PID=979) to work on /home/airflow/.local/lib/python3.8/site-packages/airflow/example_dags/tutorial_objectstorage.py
[2026-03-28T22:22:13.358+0000] {processor.py:830} INFO - Processing file /home/airflow/.local/lib/python3.8/site-packages/airflow/example_dags/tutorial_objectstorage.py for tasks to queue
[2026-03-28T22:22:13.360+0000] {logging_mixin.py:188} INFO - [2026-03-28T22:22:13.360+0000] {dagbag.py:538} INFO - Filling up the DagBag from /home/airflow/.local/lib/python3.8/site-packages/airflow/example_dags/tutorial_objectstorage.py
[2026-03-28T22:22:13.370+0000] {processor.py:840} INFO - DAG(s) 'tutorial_objectstorage' retrieved from /home/airflow/.local/lib/python3.8/site-packages/airflow/example_dags/tutorial_objectstorage.py
[2026-03-28T22:22:13.392+0000] {logging_mixin.py:188} INFO - [2026-03-28T22:22:13.392+0000] {dag.py:3036} INFO - Sync 1 DAGs
[2026-03-28T22:22:13.407+0000] {logging_mixin.py:188} INFO - [2026-03-28T22:22:13.406+0000] {dag.py:3823} INFO - Setting next_dagrun for tutorial_objectstorage to None, run_after=None
[2026-03-28T22:22:13.428+0000] {processor.py:183} INFO - Processing /home/airflow/.local/lib/python3.8/site-packages/airflow/example_dags/tutorial_objectstorage.py took 0.076 seconds
[2026-03-28T22:22:43.703+0000] {processor.py:161} INFO - Started process (PID=1035) to work on /home/airflow/.local/lib/python3.8/site-packages/airflow/example_dags/tutorial_objectstorage.py
[2026-03-28T22:22:43.705+0000] {processor.py:830} INFO - Processing file /home/airflow/.local/lib/python3.8/site-packages/airflow/example_dags/tutorial_objectstorage.py for tasks to queue
[2026-03-28T22:22:43.707+0000] {logging_mixin.py:188} INFO - [2026-03-28T22:22:43.706+0000] {dagbag.py:538} INFO - Filling up the DagBag from /home/airflow/.local/lib/python3.8/site-packages/airflow/example_dags/tutorial_objectstorage.py
[2026-03-28T22:22:43.715+0000] {processor.py:840} INFO - DAG(s) 'tutorial_objectstorage' retrieved from /home/airflow/.local/lib/python3.8/site-packages/airflow/example_dags/tutorial_objectstorage.py
[2026-03-28T22:22:43.738+0000] {logging_mixin.py:188} INFO - [2026-03-28T22:22:43.738+0000] {dag.py:3036} INFO - Sync 1 DAGs
[2026-03-28T22:22:43.755+0000] {logging_mixin.py:188} INFO - [2026-03-28T22:22:43.754+0000] {dag.py:3823} INFO - Setting next_dagrun for tutorial_objectstorage to None, run_after=None
[2026-03-28T22:22:43.781+0000] {processor.py:183} INFO - Processing /home/airflow/.local/lib/python3.8/site-packages/airflow/example_dags/tutorial_objectstorage.py took 0.083 seconds
[2026-03-28T22:23:13.986+0000] {processor.py:161} INFO - Started process (PID=1091) to work on /home/airflow/.local/lib/python3.8/site-packages/airflow/example_dags/tutorial_objectstorage.py
[2026-03-28T22:23:13.987+0000] {processor.py:830} INFO - Processing file /home/airflow/.local/lib/python3.8/site-packages/airflow/example_dags/tutorial_objectstorage.py for tasks to queue
[2026-03-28T22:23:13.990+0000] {logging_mixin.py:188} INFO - [2026-03-28T22:23:13.989+0000] {dagbag.py:538} INFO - Filling up the DagBag from /home/airflow/.local/lib/python3.8/site-packages/airflow/example_dags/tutorial_objectstorage.py
[2026-03-28T22:23:13.997+0000] {processor.py:840} INFO - DAG(s) 'tutorial_objectstorage' retrieved from /home/airflow/.local/lib/python3.8/site-packages/airflow/example_dags/tutorial_objectstorage.py
[2026-03-28T22:23:14.019+0000] {logging_mixin.py:188} INFO - [2026-03-28T22:23:14.018+0000] {dag.py:3036} INFO - Sync 1 DAGs
[2026-03-28T22:23:14.036+0000] {logging_mixin.py:188} INFO - [2026-03-28T22:23:14.035+0000] {dag.py:3823} INFO - Setting next_dagrun for tutorial_objectstorage to None, run_after=None
[2026-03-28T22:23:14.061+0000] {processor.py:183} INFO - Processing /home/airflow/.local/lib/python3.8/site-packages/airflow/example_dags/tutorial_objectstorage.py took 0.078 seconds
[2026-03-28T22:23:44.360+0000] {processor.py:161} INFO - Started process (PID=1147) to work on /home/airflow/.local/lib/python3.8/site-packages/airflow/example_dags/tutorial_objectstorage.py
[2026-03-28T22:23:44.361+0000] {processor.py:830} INFO - Processing file /home/airflow/.local/lib/python3.8/site-packages/airflow/example_dags/tutorial_objectstorage.py for tasks to queue
[2026-03-28T22:23:44.364+0000] {logging_mixin.py:188} INFO - [2026-03-28T22:23:44.363+0000] {dagbag.py:538} INFO - Filling up the DagBag from /home/airflow/.local/lib/python3.8/site-packages/airflow/example_dags/tutorial_objectstorage.py
[2026-03-28T22:23:44.371+0000] {processor.py:840} INFO - DAG(s) 'tutorial_objectstorage' retrieved from /home/airflow/.local/lib/python3.8/site-packages/airflow/example_dags/tutorial_objectstorage.py
[2026-03-28T22:23:44.392+0000] {logging_mixin.py:188} INFO - [2026-03-28T22:23:44.392+0000] {dag.py:3036} INFO - Sync 1 DAGs
[2026-03-28T22:23:44.403+0000] {logging_mixin.py:188} INFO - [2026-03-28T22:23:44.403+0000] {dag.py:3823} INFO - Setting next_dagrun for tutorial_objectstorage to None, run_after=None
[2026-03-28T22:23:44.424+0000] {processor.py:183} INFO - Processing /home/airflow/.local/lib/python3.8/site-packages/airflow/example_dags/tutorial_objectstorage.py took 0.069 seconds
[2026-03-28T22:24:14.587+0000] {processor.py:161} INFO - Started process (PID=1203) to work on /home/airflow/.local/lib/python3.8/site-packages/airflow/example_dags/tutorial_objectstorage.py
[2026-03-28T22:24:14.588+0000] {processor.py:830} INFO - Processing file /home/airflow/.local/lib/python3.8/site-packages/airflow/example_dags/tutorial_objectstorage.py for tasks to queue
[2026-03-28T22:24:14.590+0000] {logging_mixin.py:188} INFO - [2026-03-28T22:24:14.590+0000] {dagbag.py:538} INFO - Filling up the DagBag from /home/airflow/.local/lib/python3.8/site-packages/airflow/example_dags/tutorial_objectstorage.py
[2026-03-28T22:24:14.598+0000] {processor.py:840} INFO - DAG(s) 'tutorial_objectstorage' retrieved from /home/airflow/.local/lib/python3.8/site-packages/airflow/example_dags/tutorial_objectstorage.py
[2026-03-28T22:24:14.622+0000] {logging_mixin.py:188} INFO - [2026-03-28T22:24:14.622+0000] {dag.py:3036} INFO - Sync 1 DAGs
[2026-03-28T22:24:14.636+0000] {logging_mixin.py:188} INFO - [2026-03-28T22:24:14.635+0000] {dag.py:3823} INFO - Setting next_dagrun for tutorial_objectstorage to None, run_after=None
[2026-03-28T22:24:14.661+0000] {processor.py:183} INFO - Processing /home/airflow/.local/lib/python3.8/site-packages/airflow/example_dags/tutorial_objectstorage.py took 0.078 seconds
[2026-03-28T22:24:45.142+0000] {processor.py:161} INFO - Started process (PID=1259) to work on /home/airflow/.local/lib/python3.8/site-packages/airflow/example_dags/tutorial_objectstorage.py
[2026-03-28T22:24:45.143+0000] {processor.py:830} INFO - Processing file /home/airflow/.local/lib/python3.8/site-packages/airflow/example_dags/tutorial_objectstorage.py for tasks to queue
[2026-03-28T22:24:45.145+0000] {logging_mixin.py:188} INFO - [2026-03-28T22:24:45.145+0000] {dagbag.py:538} INFO - Filling up the DagBag from /home/airflow/.local/lib/python3.8/site-packages/airflow/example_dags/tutorial_objectstorage.py
[2026-03-28T22:24:45.152+0000] {processor.py:840} INFO - DAG(s) 'tutorial_objectstorage' retrieved from /home/airflow/.local/lib/python3.8/site-packages/airflow/example_dags/tutorial_objectstorage.py
[2026-03-28T22:24:45.173+0000] {logging_mixin.py:188} INFO - [2026-03-28T22:24:45.173+0000] {dag.py:3036} INFO - Sync 1 DAGs
[2026-03-28T22:24:45.188+0000] {logging_mixin.py:188} INFO - [2026-03-28T22:24:45.187+0000] {dag.py:3823} INFO - Setting next_dagrun for tutorial_objectstorage to None, run_after=None
[2026-03-28T22:24:45.219+0000] {processor.py:183} INFO - Processing /home/airflow/.local/lib/python3.8/site-packages/airflow/example_dags/tutorial_objectstorage.py took 0.081 seconds
[2026-03-28T22:25:16.117+0000] {processor.py:161} INFO - Started process (PID=1315) to work on /home/airflow/.local/lib/python3.8/site-packages/airflow/example_dags/tutorial_objectstorage.py
[2026-03-28T22:25:16.118+0000] {processor.py:830} INFO - Processing file /home/airflow/.local/lib/python3.8/site-packages/airflow/example_dags/tutorial_objectstorage.py for tasks to queue
[2026-03-28T22:25:16.120+0000] {logging_mixin.py:188} INFO - [2026-03-28T22:25:16.120+0000] {dagbag.py:538} INFO - Filling up the DagBag from /home/airflow/.local/lib/python3.8/site-packages/airflow/example_dags/tutorial_objectstorage.py
[2026-03-28T22:25:16.128+0000] {processor.py:840} INFO - DAG(s) 'tutorial_objectstorage' retrieved from /home/airflow/.local/lib/python3.8/site-packages/airflow/example_dags/tutorial_objectstorage.py
[2026-03-28T22:25:16.150+0000] {logging_mixin.py:188} INFO - [2026-03-28T22:25:16.150+0000] {dag.py:3036} INFO - Sync 1 DAGs
[2026-03-28T22:25:16.161+0000] {logging_mixin.py:188} INFO - [2026-03-28T22:25:16.161+0000] {dag.py:3823} INFO - Setting next_dagrun for tutorial_objectstorage to None, run_after=None
[2026-03-28T22:25:16.185+0000] {processor.py:183} INFO - Processing /home/airflow/.local/lib/python3.8/site-packages/airflow/example_dags/tutorial_objectstorage.py took 0.072 seconds
[2026-03-28T22:25:46.496+0000] {processor.py:161} INFO - Started process (PID=1371) to work on /home/airflow/.local/lib/python3.8/site-packages/airflow/example_dags/tutorial_objectstorage.py
[2026-03-28T22:25:46.497+0000] {processor.py:830} INFO - Processing file /home/airflow/.local/lib/python3.8/site-packages/airflow/example_dags/tutorial_objectstorage.py for tasks to queue
[2026-03-28T22:25:46.499+0000] {logging_mixin.py:188} INFO - [2026-03-28T22:25:46.499+0000] {dagbag.py:538} INFO - Filling up the DagBag from /home/airflow/.local/lib/python3.8/site-packages/airflow/example_dags/tutorial_objectstorage.py
[2026-03-28T22:25:46.507+0000] {processor.py:840} INFO - DAG(s) 'tutorial_objectstorage' retrieved from /home/airflow/.local/lib/python3.8/site-packages/airflow/example_dags/tutorial_objectstorage.py
[2026-03-28T22:25:46.530+0000] {logging_mixin.py:188} INFO - [2026-03-28T22:25:46.529+0000] {dag.py:3036} INFO - Sync 1 DAGs
[2026-03-28T22:25:46.541+0000] {logging_mixin.py:188} INFO - [2026-03-28T22:25:46.541+0000] {dag.py:3823} INFO - Setting next_dagrun for tutorial_objectstorage to None, run_after=None
[2026-03-28T22:25:46.562+0000] {processor.py:183} INFO - Processing /home/airflow/.local/lib/python3.8/site-packages/airflow/example_dags/tutorial_objectstorage.py took 0.070 seconds
[2026-03-28T22:26:16.801+0000] {processor.py:161} INFO - Started process (PID=1428) to work on /home/airflow/.local/lib/python3.8/site-packages/airflow/example_dags/tutorial_objectstorage.py
[2026-03-28T22:26:16.803+0000] {processor.py:830} INFO - Processing file /home/airflow/.local/lib/python3.8/site-packages/airflow/example_dags/tutorial_objectstorage.py for tasks to queue
[2026-03-28T22:26:16.805+0000] {logging_mixin.py:188} INFO - [2026-03-28T22:26:16.805+0000] {dagbag.py:538} INFO - Filling up the DagBag from /home/airflow/.local/lib/python3.8/site-packages/airflow/example_dags/tutorial_objectstorage.py
[2026-03-28T22:26:16.812+0000] {processor.py:840} INFO - DAG(s) 'tutorial_objectstorage' retrieved from /home/airflow/.local/lib/python3.8/site-packages/airflow/example_dags/tutorial_objectstorage.py
[2026-03-28T22:26:16.832+0000] {logging_mixin.py:188} INFO - [2026-03-28T22:26:16.832+0000] {dag.py:3036} INFO - Sync 1 DAGs
[2026-03-28T22:26:16.842+0000] {logging_mixin.py:188} INFO - [2026-03-28T22:26:16.842+0000] {dag.py:3823} INFO - Setting next_dagrun for tutorial_objectstorage to None, run_after=None
[2026-03-28T22:26:16.863+0000] {processor.py:183} INFO - Processing /home/airflow/.local/lib/python3.8/site-packages/airflow/example_dags/tutorial_objectstorage.py took 0.065 seconds
[2026-03-28T22:26:47.762+0000] {processor.py:161} INFO - Started process (PID=1484) to work on /home/airflow/.local/lib/python3.8/site-packages/airflow/example_dags/tutorial_objectstorage.py
[2026-03-28T22:26:47.763+0000] {processor.py:830} INFO - Processing file /home/airflow/.local/lib/python3.8/site-packages/airflow/example_dags/tutorial_objectstorage.py for tasks to queue
[2026-03-28T22:26:47.765+0000] {logging_mixin.py:188} INFO - [2026-03-28T22:26:47.765+0000] {dagbag.py:538} INFO - Filling up the DagBag from /home/airflow/.local/lib/python3.8/site-packages/airflow/example_dags/tutorial_objectstorage.py
[2026-03-28T22:26:47.776+0000] {processor.py:840} INFO - DAG(s) 'tutorial_objectstorage' retrieved from /home/airflow/.local/lib/python3.8/site-packages/airflow/example_dags/tutorial_objectstorage.py
[2026-03-28T22:26:47.810+0000] {logging_mixin.py:188} INFO - [2026-03-28T22:26:47.810+0000] {dag.py:3036} INFO - Sync 1 DAGs
[2026-03-28T22:26:47.835+0000] {logging_mixin.py:188} INFO - [2026-03-28T22:26:47.834+0000] {dag.py:3823} INFO - Setting next_dagrun for tutorial_objectstorage to None, run_after=None
[2026-03-28T22:26:47.896+0000] {processor.py:183} INFO - Processing /home/airflow/.local/lib/python3.8/site-packages/airflow/example_dags/tutorial_objectstorage.py took 0.138 seconds
[2026-03-28T22:27:18.825+0000] {processor.py:161} INFO - Started process (PID=1540) to work on /home/airflow/.local/lib/python3.8/site-packages/airflow/example_dags/tutorial_objectstorage.py
[2026-03-28T22:27:18.827+0000] {processor.py:830} INFO - Processing file /home/airflow/.local/lib/python3.8/site-packages/airflow/example_dags/tutorial_objectstorage.py for tasks to queue
[2026-03-28T22:27:18.829+0000] {logging_mixin.py:188} INFO - [2026-03-28T22:27:18.829+0000] {dagbag.py:538} INFO - Filling up the DagBag from /home/airflow/.local/lib/python3.8/site-packages/airflow/example_dags/tutorial_objectstorage.py
[2026-03-28T22:27:18.838+0000] {processor.py:840} INFO - DAG(s) 'tutorial_objectstorage' retrieved from /home/airflow/.local/lib/python3.8/site-packages/airflow/example_dags/tutorial_objectstorage.py
[2026-03-28T22:27:18.862+0000] {logging_mixin.py:188} INFO - [2026-03-28T22:27:18.862+0000] {dag.py:3036} INFO - Sync 1 DAGs
[2026-03-28T22:27:18.873+0000] {logging_mixin.py:188} INFO - [2026-03-28T22:27:18.872+0000] {dag.py:3823} INFO - Setting next_dagrun for tutorial_objectstorage to None, run_after=None
[2026-03-28T22:27:18.893+0000] {processor.py:183} INFO - Processing /home/airflow/.local/lib/python3.8/site-packages/airflow/example_dags/tutorial_objectstorage.py took 0.071 seconds
[2026-03-28T22:27:49.216+0000] {processor.py:161} INFO - Started process (PID=1596) to work on /home/airflow/.local/lib/python3.8/site-packages/airflow/example_dags/tutorial_objectstorage.py
[2026-03-28T22:27:49.217+0000] {processor.py:830} INFO - Processing file /home/airflow/.local/lib/python3.8/site-packages/airflow/example_dags/tutorial_objectstorage.py for tasks to queue
[2026-03-28T22:27:49.220+0000] {logging_mixin.py:188} INFO - [2026-03-28T22:27:49.220+0000] {dagbag.py:538} INFO - Filling up the DagBag from /home/airflow/.local/lib/python3.8/site-packages/airflow/example_dags/tutorial_objectstorage.py
[2026-03-28T22:27:49.227+0000] {processor.py:840} INFO - DAG(s) 'tutorial_objectstorage' retrieved from /home/airflow/.local/lib/python3.8/site-packages/airflow/example_dags/tutorial_objectstorage.py
[2026-03-28T22:27:49.249+0000] {logging_mixin.py:188} INFO - [2026-03-28T22:27:49.249+0000] {dag.py:3036} INFO - Sync 1 DAGs
[2026-03-28T22:27:49.266+0000] {logging_mixin.py:188} INFO - [2026-03-28T22:27:49.266+0000] {dag.py:3823} INFO - Setting next_dagrun for tutorial_objectstorage to None, run_after=None
[2026-03-28T22:27:49.289+0000] {processor.py:183} INFO - Processing /home/airflow/.local/lib/python3.8/site-packages/airflow/example_dags/tutorial_objectstorage.py took 0.078 seconds
[2026-03-28T22:28:19.572+0000] {processor.py:161} INFO - Started process (PID=1652) to work on /home/airflow/.local/lib/python3.8/site-packages/airflow/example_dags/tutorial_objectstorage.py
[2026-03-28T22:28:19.573+0000] {processor.py:830} INFO - Processing file /home/airflow/.local/lib/python3.8/site-packages/airflow/example_dags/tutorial_objectstorage.py for tasks to queue
[2026-03-28T22:28:19.576+0000] {logging_mixin.py:188} INFO - [2026-03-28T22:28:19.575+0000] {dagbag.py:538} INFO - Filling up the DagBag from /home/airflow/.local/lib/python3.8/site-packages/airflow/example_dags/tutorial_objectstorage.py
[2026-03-28T22:28:19.583+0000] {processor.py:840} INFO - DAG(s) 'tutorial_objectstorage' retrieved from /home/airflow/.local/lib/python3.8/site-packages/airflow/example_dags/tutorial_objectstorage.py
[2026-03-28T22:28:19.605+0000] {logging_mixin.py:188} INFO - [2026-03-28T22:28:19.605+0000] {dag.py:3036} INFO - Sync 1 DAGs
[2026-03-28T22:28:19.620+0000] {logging_mixin.py:188} INFO - [2026-03-28T22:28:19.619+0000] {dag.py:3823} INFO - Setting next_dagrun for tutorial_objectstorage to None, run_after=None
[2026-03-28T22:28:19.649+0000] {processor.py:183} INFO - Processing /home/airflow/.local/lib/python3.8/site-packages/airflow/example_dags/tutorial_objectstorage.py took 0.081 seconds
[2026-03-28T22:28:50.536+0000] {processor.py:161} INFO - Started process (PID=1708) to work on /home/airflow/.local/lib/python3.8/site-packages/airflow/example_dags/tutorial_objectstorage.py
[2026-03-28T22:28:50.537+0000] {processor.py:830} INFO - Processing file /home/airflow/.local/lib/python3.8/site-packages/airflow/example_dags/tutorial_objectstorage.py for tasks to queue
[2026-03-28T22:28:50.539+0000] {logging_mixin.py:188} INFO - [2026-03-28T22:28:50.539+0000] {dagbag.py:538} INFO - Filling up the DagBag from /home/airflow/.local/lib/python3.8/site-packages/airflow/example_dags/tutorial_objectstorage.py
[2026-03-28T22:28:50.549+0000] {processor.py:840} INFO - DAG(s) 'tutorial_objectstorage' retrieved from /home/airflow/.local/lib/python3.8/site-packages/airflow/example_dags/tutorial_objectstorage.py
[2026-03-28T22:28:50.571+0000] {logging_mixin.py:188} INFO - [2026-03-28T22:28:50.571+0000] {dag.py:3036} INFO - Sync 1 DAGs
[2026-03-28T22:28:50.583+0000] {logging_mixin.py:188} INFO - [2026-03-28T22:28:50.582+0000] {dag.py:3823} INFO - Setting next_dagrun for tutorial_objectstorage to None, run_after=None
[2026-03-28T22:28:50.614+0000] {processor.py:183} INFO - Processing /home/airflow/.local/lib/python3.8/site-packages/airflow/example_dags/tutorial_objectstorage.py took 0.082 seconds
[2026-03-28T22:29:21.228+0000] {processor.py:161} INFO - Started process (PID=1764) to work on /home/airflow/.local/lib/python3.8/site-packages/airflow/example_dags/tutorial_objectstorage.py
[2026-03-28T22:29:21.229+0000] {processor.py:830} INFO - Processing file /home/airflow/.local/lib/python3.8/site-packages/airflow/example_dags/tutorial_objectstorage.py for tasks to queue
[2026-03-28T22:29:21.232+0000] {logging_mixin.py:188} INFO - [2026-03-28T22:29:21.232+0000] {dagbag.py:538} INFO - Filling up the DagBag from /home/airflow/.local/lib/python3.8/site-packages/airflow/example_dags/tutorial_objectstorage.py
[2026-03-28T22:29:21.242+0000] {processor.py:840} INFO - DAG(s) 'tutorial_objectstorage' retrieved from /home/airflow/.local/lib/python3.8/site-packages/airflow/example_dags/tutorial_objectstorage.py
[2026-03-28T22:29:21.268+0000] {logging_mixin.py:188} INFO - [2026-03-28T22:29:21.268+0000] {dag.py:3036} INFO - Sync 1 DAGs
[2026-03-28T22:29:21.287+0000] {logging_mixin.py:188} INFO - [2026-03-28T22:29:21.286+0000] {dag.py:3823} INFO - Setting next_dagrun for tutorial_objectstorage to None, run_after=None
[2026-03-28T22:29:21.311+0000] {processor.py:183} INFO - Processing /home/airflow/.local/lib/python3.8/site-packages/airflow/example_dags/tutorial_objectstorage.py took 0.087 seconds
[2026-03-28T22:29:51.517+0000] {processor.py:161} INFO - Started process (PID=1820) to work on /home/airflow/.local/lib/python3.8/site-packages/airflow/example_dags/tutorial_objectstorage.py
[2026-03-28T22:29:51.518+0000] {processor.py:830} INFO - Processing file /home/airflow/.local/lib/python3.8/site-packages/airflow/example_dags/tutorial_objectstorage.py for tasks to queue
[2026-03-28T22:29:51.520+0000] {logging_mixin.py:188} INFO - [2026-03-28T22:29:51.520+0000] {dagbag.py:538} INFO - Filling up the DagBag from /home/airflow/.local/lib/python3.8/site-packages/airflow/example_dags/tutorial_objectstorage.py
[2026-03-28T22:29:51.526+0000] {processor.py:840} INFO - DAG(s) 'tutorial_objectstorage' retrieved from /home/airflow/.local/lib/python3.8/site-packages/airflow/example_dags/tutorial_objectstorage.py
[2026-03-28T22:29:51.546+0000] {logging_mixin.py:188} INFO - [2026-03-28T22:29:51.546+0000] {dag.py:3036} INFO - Sync 1 DAGs
[2026-03-28T22:29:51.557+0000] {logging_mixin.py:188} INFO - [2026-03-28T22:29:51.556+0000] {dag.py:3823} INFO - Setting next_dagrun for tutorial_objectstorage to None, run_after=None
[2026-03-28T22:29:51.580+0000] {processor.py:183} INFO - Processing /home/airflow/.local/lib/python3.8/site-packages/airflow/example_dags/tutorial_objectstorage.py took 0.066 seconds
[2026-03-28T22:30:22.119+0000] {processor.py:161} INFO - Started process (PID=1875) to work on /home/airflow/.local/lib/python3.8/site-packages/airflow/example_dags/tutorial_objectstorage.py
[2026-03-28T22:30:22.121+0000] {processor.py:830} INFO - Processing file /home/airflow/.local/lib/python3.8/site-packages/airflow/example_dags/tutorial_objectstorage.py for tasks to queue
[2026-03-28T22:30:22.124+0000] {logging_mixin.py:188} INFO - [2026-03-28T22:30:22.123+0000] {dagbag.py:538} INFO - Filling up the DagBag from /home/airflow/.local/lib/python3.8/site-packages/airflow/example_dags/tutorial_objectstorage.py
[2026-03-28T22:30:22.132+0000] {processor.py:840} INFO - DAG(s) 'tutorial_objectstorage' retrieved from /home/airflow/.local/lib/python3.8/site-packages/airflow/example_dags/tutorial_objectstorage.py
[2026-03-28T22:30:22.161+0000] {logging_mixin.py:188} INFO - [2026-03-28T22:30:22.161+0000] {dag.py:3036} INFO - Sync 1 DAGs
[2026-03-28T22:30:22.177+0000] {logging_mixin.py:188} INFO - [2026-03-28T22:30:22.177+0000] {dag.py:3823} INFO - Setting next_dagrun for tutorial_objectstorage to None, run_after=None
[2026-03-28T22:30:22.215+0000] {processor.py:183} INFO - Processing /home/airflow/.local/lib/python3.8/site-packages/airflow/example_dags/tutorial_objectstorage.py took 0.101 seconds
[2026-03-28T22:30:52.395+0000] {processor.py:161} INFO - Started process (PID=1932) to work on /home/airflow/.local/lib/python3.8/site-packages/airflow/example_dags/tutorial_objectstorage.py
[2026-03-28T22:30:52.396+0000] {processor.py:830} INFO - Processing file /home/airflow/.local/lib/python3.8/site-packages/airflow/example_dags/tutorial_objectstorage.py for tasks to queue
[2026-03-28T22:30:52.398+0000] {logging_mixin.py:188} INFO - [2026-03-28T22:30:52.397+0000] {dagbag.py:538} INFO - Filling up the DagBag from /home/airflow/.local/lib/python3.8/site-packages/airflow/example_dags/tutorial_objectstorage.py
[2026-03-28T22:30:52.404+0000] {processor.py:840} INFO - DAG(s) 'tutorial_objectstorage' retrieved from /home/airflow/.local/lib/python3.8/site-packages/airflow/example_dags/tutorial_objectstorage.py
[2026-03-28T22:30:52.424+0000] {logging_mixin.py:188} INFO - [2026-03-28T22:30:52.424+0000] {dag.py:3036} INFO - Sync 1 DAGs
[2026-03-28T22:30:52.435+0000] {logging_mixin.py:188} INFO - [2026-03-28T22:30:52.435+0000] {dag.py:3823} INFO - Setting next_dagrun for tutorial_objectstorage to None, run_after=None
[2026-03-28T22:30:52.456+0000] {processor.py:183} INFO - Processing /home/airflow/.local/lib/python3.8/site-packages/airflow/example_dags/tutorial_objectstorage.py took 0.065 seconds
[2026-03-28T22:31:38.251+0000] {processor.py:161} INFO - Started process (PID=84) to work on /home/airflow/.local/lib/python3.8/site-packages/airflow/example_dags/tutorial_objectstorage.py
[2026-03-28T22:31:38.254+0000] {processor.py:830} INFO - Processing file /home/airflow/.local/lib/python3.8/site-packages/airflow/example_dags/tutorial_objectstorage.py for tasks to queue
[2026-03-28T22:31:38.259+0000] {logging_mixin.py:188} INFO - [2026-03-28T22:31:38.259+0000] {dagbag.py:538} INFO - Filling up the DagBag from /home/airflow/.local/lib/python3.8/site-packages/airflow/example_dags/tutorial_objectstorage.py
[2026-03-28T22:31:38.273+0000] {processor.py:840} INFO - DAG(s) 'tutorial_objectstorage' retrieved from /home/airflow/.local/lib/python3.8/site-packages/airflow/example_dags/tutorial_objectstorage.py
[2026-03-28T22:31:38.293+0000] {logging_mixin.py:188} INFO - [2026-03-28T22:31:38.292+0000] {dag.py:3036} INFO - Sync 1 DAGs
[2026-03-28T22:31:38.315+0000] {logging_mixin.py:188} INFO - [2026-03-28T22:31:38.314+0000] {dag.py:3823} INFO - Setting next_dagrun for tutorial_objectstorage to None, run_after=None
[2026-03-28T22:31:38.349+0000] {processor.py:183} INFO - Processing /home/airflow/.local/lib/python3.8/site-packages/airflow/example_dags/tutorial_objectstorage.py took 0.105 seconds
[2026-03-28T22:32:13.771+0000] {processor.py:161} INFO - Started process (PID=85) to work on /home/airflow/.local/lib/python3.8/site-packages/airflow/example_dags/tutorial_objectstorage.py
[2026-03-28T22:32:13.772+0000] {processor.py:830} INFO - Processing file /home/airflow/.local/lib/python3.8/site-packages/airflow/example_dags/tutorial_objectstorage.py for tasks to queue
[2026-03-28T22:32:13.775+0000] {logging_mixin.py:188} INFO - [2026-03-28T22:32:13.774+0000] {dagbag.py:538} INFO - Filling up the DagBag from /home/airflow/.local/lib/python3.8/site-packages/airflow/example_dags/tutorial_objectstorage.py
[2026-03-28T22:32:13.786+0000] {processor.py:840} INFO - DAG(s) 'tutorial_objectstorage' retrieved from /home/airflow/.local/lib/python3.8/site-packages/airflow/example_dags/tutorial_objectstorage.py
[2026-03-28T22:32:13.804+0000] {logging_mixin.py:188} INFO - [2026-03-28T22:32:13.803+0000] {dag.py:3036} INFO - Sync 1 DAGs
[2026-03-28T22:32:13.826+0000] {logging_mixin.py:188} INFO - [2026-03-28T22:32:13.825+0000] {dag.py:3823} INFO - Setting next_dagrun for tutorial_objectstorage to None, run_after=None
[2026-03-28T22:32:13.853+0000] {processor.py:183} INFO - Processing /home/airflow/.local/lib/python3.8/site-packages/airflow/example_dags/tutorial_objectstorage.py took 0.086 seconds
[2026-03-28T22:32:45.475+0000] {processor.py:161} INFO - Started process (PID=141) to work on /home/airflow/.local/lib/python3.8/site-packages/airflow/example_dags/tutorial_objectstorage.py
[2026-03-28T22:32:45.477+0000] {processor.py:830} INFO - Processing file /home/airflow/.local/lib/python3.8/site-packages/airflow/example_dags/tutorial_objectstorage.py for tasks to queue
[2026-03-28T22:32:45.479+0000] {logging_mixin.py:188} INFO - [2026-03-28T22:32:45.479+0000] {dagbag.py:538} INFO - Filling up the DagBag from /home/airflow/.local/lib/python3.8/site-packages/airflow/example_dags/tutorial_objectstorage.py
[2026-03-28T22:32:45.488+0000] {processor.py:840} INFO - DAG(s) 'tutorial_objectstorage' retrieved from /home/airflow/.local/lib/python3.8/site-packages/airflow/example_dags/tutorial_objectstorage.py
[2026-03-28T22:32:45.599+0000] {logging_mixin.py:188} INFO - [2026-03-28T22:32:45.599+0000] {dag.py:3036} INFO - Sync 1 DAGs
[2026-03-28T22:32:45.609+0000] {logging_mixin.py:188} INFO - [2026-03-28T22:32:45.609+0000] {dag.py:3823} INFO - Setting next_dagrun for tutorial_objectstorage to None, run_after=None
[2026-03-28T22:32:45.673+0000] {processor.py:183} INFO - Processing /home/airflow/.local/lib/python3.8/site-packages/airflow/example_dags/tutorial_objectstorage.py took 0.202 seconds
[2026-03-28T22:34:03.807+0000] {processor.py:161} INFO - Started process (PID=96) to work on /home/airflow/.local/lib/python3.8/site-packages/airflow/example_dags/tutorial_objectstorage.py
[2026-03-28T22:34:03.809+0000] {processor.py:830} INFO - Processing file /home/airflow/.local/lib/python3.8/site-packages/airflow/example_dags/tutorial_objectstorage.py for tasks to queue
[2026-03-28T22:34:03.813+0000] {logging_mixin.py:188} INFO - [2026-03-28T22:34:03.812+0000] {dagbag.py:538} INFO - Filling up the DagBag from /home/airflow/.local/lib/python3.8/site-packages/airflow/example_dags/tutorial_objectstorage.py
[2026-03-28T22:34:03.826+0000] {processor.py:840} INFO - DAG(s) 'tutorial_objectstorage' retrieved from /home/airflow/.local/lib/python3.8/site-packages/airflow/example_dags/tutorial_objectstorage.py
[2026-03-28T22:34:03.993+0000] {logging_mixin.py:188} INFO - [2026-03-28T22:34:03.992+0000] {dag.py:3036} INFO - Sync 1 DAGs
[2026-03-28T22:34:04.013+0000] {logging_mixin.py:188} INFO - [2026-03-28T22:34:04.013+0000] {dag.py:3823} INFO - Setting next_dagrun for tutorial_objectstorage to None, run_after=None
[2026-03-28T22:34:04.042+0000] {processor.py:183} INFO - Processing /home/airflow/.local/lib/python3.8/site-packages/airflow/example_dags/tutorial_objectstorage.py took 0.241 seconds
[2026-03-28T22:34:34.779+0000] {processor.py:161} INFO - Started process (PID=152) to work on /home/airflow/.local/lib/python3.8/site-packages/airflow/example_dags/tutorial_objectstorage.py
[2026-03-28T22:34:34.780+0000] {processor.py:830} INFO - Processing file /home/airflow/.local/lib/python3.8/site-packages/airflow/example_dags/tutorial_objectstorage.py for tasks to queue
[2026-03-28T22:34:34.782+0000] {logging_mixin.py:188} INFO - [2026-03-28T22:34:34.782+0000] {dagbag.py:538} INFO - Filling up the DagBag from /home/airflow/.local/lib/python3.8/site-packages/airflow/example_dags/tutorial_objectstorage.py
[2026-03-28T22:34:34.789+0000] {processor.py:840} INFO - DAG(s) 'tutorial_objectstorage' retrieved from /home/airflow/.local/lib/python3.8/site-packages/airflow/example_dags/tutorial_objectstorage.py
[2026-03-28T22:34:34.811+0000] {logging_mixin.py:188} INFO - [2026-03-28T22:34:34.810+0000] {dag.py:3036} INFO - Sync 1 DAGs
[2026-03-28T22:34:34.822+0000] {logging_mixin.py:188} INFO - [2026-03-28T22:34:34.822+0000] {dag.py:3823} INFO - Setting next_dagrun for tutorial_objectstorage to None, run_after=None
[2026-03-28T22:34:34.848+0000] {processor.py:183} INFO - Processing /home/airflow/.local/lib/python3.8/site-packages/airflow/example_dags/tutorial_objectstorage.py took 0.073 seconds
[2026-03-28T22:35:05.507+0000] {processor.py:161} INFO - Started process (PID=208) to work on /home/airflow/.local/lib/python3.8/site-packages/airflow/example_dags/tutorial_objectstorage.py
[2026-03-28T22:35:05.511+0000] {processor.py:830} INFO - Processing file /home/airflow/.local/lib/python3.8/site-packages/airflow/example_dags/tutorial_objectstorage.py for tasks to queue
[2026-03-28T22:35:05.514+0000] {logging_mixin.py:188} INFO - [2026-03-28T22:35:05.514+0000] {dagbag.py:538} INFO - Filling up the DagBag from /home/airflow/.local/lib/python3.8/site-packages/airflow/example_dags/tutorial_objectstorage.py
[2026-03-28T22:35:05.522+0000] {processor.py:840} INFO - DAG(s) 'tutorial_objectstorage' retrieved from /home/airflow/.local/lib/python3.8/site-packages/airflow/example_dags/tutorial_objectstorage.py
[2026-03-28T22:35:05.547+0000] {logging_mixin.py:188} INFO - [2026-03-28T22:35:05.546+0000] {dag.py:3036} INFO - Sync 1 DAGs
[2026-03-28T22:35:05.558+0000] {logging_mixin.py:188} INFO - [2026-03-28T22:35:05.557+0000] {dag.py:3823} INFO - Setting next_dagrun for tutorial_objectstorage to None, run_after=None
[2026-03-28T22:35:05.586+0000] {processor.py:183} INFO - Processing /home/airflow/.local/lib/python3.8/site-packages/airflow/example_dags/tutorial_objectstorage.py took 0.082 seconds
[2026-03-28T22:35:35.699+0000] {processor.py:161} INFO - Started process (PID=264) to work on /home/airflow/.local/lib/python3.8/site-packages/airflow/example_dags/tutorial_objectstorage.py
[2026-03-28T22:35:35.700+0000] {processor.py:830} INFO - Processing file /home/airflow/.local/lib/python3.8/site-packages/airflow/example_dags/tutorial_objectstorage.py for tasks to queue
[2026-03-28T22:35:35.703+0000] {logging_mixin.py:188} INFO - [2026-03-28T22:35:35.702+0000] {dagbag.py:538} INFO - Filling up the DagBag from /home/airflow/.local/lib/python3.8/site-packages/airflow/example_dags/tutorial_objectstorage.py
[2026-03-28T22:35:35.711+0000] {processor.py:840} INFO - DAG(s) 'tutorial_objectstorage' retrieved from /home/airflow/.local/lib/python3.8/site-packages/airflow/example_dags/tutorial_objectstorage.py
[2026-03-28T22:35:35.734+0000] {logging_mixin.py:188} INFO - [2026-03-28T22:35:35.734+0000] {dag.py:3036} INFO - Sync 1 DAGs
[2026-03-28T22:35:35.748+0000] {logging_mixin.py:188} INFO - [2026-03-28T22:35:35.747+0000] {dag.py:3823} INFO - Setting next_dagrun for tutorial_objectstorage to None, run_after=None
[2026-03-28T22:35:35.772+0000] {processor.py:183} INFO - Processing /home/airflow/.local/lib/python3.8/site-packages/airflow/example_dags/tutorial_objectstorage.py took 0.076 seconds
[2026-03-28T22:36:05.856+0000] {processor.py:161} INFO - Started process (PID=320) to work on /home/airflow/.local/lib/python3.8/site-packages/airflow/example_dags/tutorial_objectstorage.py
[2026-03-28T22:36:05.857+0000] {processor.py:830} INFO - Processing file /home/airflow/.local/lib/python3.8/site-packages/airflow/example_dags/tutorial_objectstorage.py for tasks to queue
[2026-03-28T22:36:05.860+0000] {logging_mixin.py:188} INFO - [2026-03-28T22:36:05.860+0000] {dagbag.py:538} INFO - Filling up the DagBag from /home/airflow/.local/lib/python3.8/site-packages/airflow/example_dags/tutorial_objectstorage.py
[2026-03-28T22:36:05.867+0000] {processor.py:840} INFO - DAG(s) 'tutorial_objectstorage' retrieved from /home/airflow/.local/lib/python3.8/site-packages/airflow/example_dags/tutorial_objectstorage.py
[2026-03-28T22:36:05.888+0000] {logging_mixin.py:188} INFO - [2026-03-28T22:36:05.888+0000] {dag.py:3036} INFO - Sync 1 DAGs
[2026-03-28T22:36:05.901+0000] {logging_mixin.py:188} INFO - [2026-03-28T22:36:05.901+0000] {dag.py:3823} INFO - Setting next_dagrun for tutorial_objectstorage to None, run_after=None
[2026-03-28T22:36:05.924+0000] {processor.py:183} INFO - Processing /home/airflow/.local/lib/python3.8/site-packages/airflow/example_dags/tutorial_objectstorage.py took 0.072 seconds
[2026-03-28T22:36:36.663+0000] {processor.py:161} INFO - Started process (PID=376) to work on /home/airflow/.local/lib/python3.8/site-packages/airflow/example_dags/tutorial_objectstorage.py
[2026-03-28T22:36:36.665+0000] {processor.py:830} INFO - Processing file /home/airflow/.local/lib/python3.8/site-packages/airflow/example_dags/tutorial_objectstorage.py for tasks to queue
[2026-03-28T22:36:36.667+0000] {logging_mixin.py:188} INFO - [2026-03-28T22:36:36.667+0000] {dagbag.py:538} INFO - Filling up the DagBag from /home/airflow/.local/lib/python3.8/site-packages/airflow/example_dags/tutorial_objectstorage.py
[2026-03-28T22:36:36.675+0000] {processor.py:840} INFO - DAG(s) 'tutorial_objectstorage' retrieved from /home/airflow/.local/lib/python3.8/site-packages/airflow/example_dags/tutorial_objectstorage.py
[2026-03-28T22:36:36.699+0000] {logging_mixin.py:188} INFO - [2026-03-28T22:36:36.698+0000] {dag.py:3036} INFO - Sync 1 DAGs
[2026-03-28T22:36:36.713+0000] {logging_mixin.py:188} INFO - [2026-03-28T22:36:36.712+0000] {dag.py:3823} INFO - Setting next_dagrun for tutorial_objectstorage to None, run_after=None
[2026-03-28T22:36:36.737+0000] {processor.py:183} INFO - Processing /home/airflow/.local/lib/python3.8/site-packages/airflow/example_dags/tutorial_objectstorage.py took 0.079 seconds
[2026-03-28T22:37:42.330+0000] {processor.py:161} INFO - Started process (PID=78) to work on /home/airflow/.local/lib/python3.8/site-packages/airflow/example_dags/tutorial_objectstorage.py
[2026-03-28T22:37:42.332+0000] {processor.py:830} INFO - Processing file /home/airflow/.local/lib/python3.8/site-packages/airflow/example_dags/tutorial_objectstorage.py for tasks to queue
[2026-03-28T22:37:42.336+0000] {logging_mixin.py:188} INFO - [2026-03-28T22:37:42.335+0000] {dagbag.py:538} INFO - Filling up the DagBag from /home/airflow/.local/lib/python3.8/site-packages/airflow/example_dags/tutorial_objectstorage.py
[2026-03-28T22:37:42.361+0000] {processor.py:840} INFO - DAG(s) 'tutorial_objectstorage' retrieved from /home/airflow/.local/lib/python3.8/site-packages/airflow/example_dags/tutorial_objectstorage.py
[2026-03-28T22:37:42.386+0000] {logging_mixin.py:188} INFO - [2026-03-28T22:37:42.386+0000] {dag.py:3036} INFO - Sync 1 DAGs
[2026-03-28T22:37:42.403+0000] {logging_mixin.py:188} INFO - [2026-03-28T22:37:42.403+0000] {dag.py:3823} INFO - Setting next_dagrun for tutorial_objectstorage to None, run_after=None
[2026-03-28T22:37:42.434+0000] {processor.py:183} INFO - Processing /home/airflow/.local/lib/python3.8/site-packages/airflow/example_dags/tutorial_objectstorage.py took 0.109 seconds
[2026-03-28T22:38:13.692+0000] {processor.py:161} INFO - Started process (PID=134) to work on /home/airflow/.local/lib/python3.8/site-packages/airflow/example_dags/tutorial_objectstorage.py
[2026-03-28T22:38:13.694+0000] {processor.py:830} INFO - Processing file /home/airflow/.local/lib/python3.8/site-packages/airflow/example_dags/tutorial_objectstorage.py for tasks to queue
[2026-03-28T22:38:13.698+0000] {logging_mixin.py:188} INFO - [2026-03-28T22:38:13.698+0000] {dagbag.py:538} INFO - Filling up the DagBag from /home/airflow/.local/lib/python3.8/site-packages/airflow/example_dags/tutorial_objectstorage.py
[2026-03-28T22:38:13.709+0000] {processor.py:840} INFO - DAG(s) 'tutorial_objectstorage' retrieved from /home/airflow/.local/lib/python3.8/site-packages/airflow/example_dags/tutorial_objectstorage.py
[2026-03-28T22:38:13.866+0000] {logging_mixin.py:188} INFO - [2026-03-28T22:38:13.866+0000] {dag.py:3036} INFO - Sync 1 DAGs
[2026-03-28T22:38:13.883+0000] {logging_mixin.py:188} INFO - [2026-03-28T22:38:13.882+0000] {dag.py:3823} INFO - Setting next_dagrun for tutorial_objectstorage to None, run_after=None
[2026-03-28T22:38:13.914+0000] {processor.py:183} INFO - Processing /home/airflow/.local/lib/python3.8/site-packages/airflow/example_dags/tutorial_objectstorage.py took 0.228 seconds
[2026-03-28T22:38:43.983+0000] {processor.py:161} INFO - Started process (PID=190) to work on /home/airflow/.local/lib/python3.8/site-packages/airflow/example_dags/tutorial_objectstorage.py
[2026-03-28T22:38:43.985+0000] {processor.py:830} INFO - Processing file /home/airflow/.local/lib/python3.8/site-packages/airflow/example_dags/tutorial_objectstorage.py for tasks to queue
[2026-03-28T22:38:43.988+0000] {logging_mixin.py:188} INFO - [2026-03-28T22:38:43.987+0000] {dagbag.py:538} INFO - Filling up the DagBag from /home/airflow/.local/lib/python3.8/site-packages/airflow/example_dags/tutorial_objectstorage.py
[2026-03-28T22:38:43.998+0000] {processor.py:840} INFO - DAG(s) 'tutorial_objectstorage' retrieved from /home/airflow/.local/lib/python3.8/site-packages/airflow/example_dags/tutorial_objectstorage.py
[2026-03-28T22:38:44.024+0000] {logging_mixin.py:188} INFO - [2026-03-28T22:38:44.023+0000] {dag.py:3036} INFO - Sync 1 DAGs
[2026-03-28T22:38:44.037+0000] {logging_mixin.py:188} INFO - [2026-03-28T22:38:44.037+0000] {dag.py:3823} INFO - Setting next_dagrun for tutorial_objectstorage to None, run_after=None
[2026-03-28T22:38:44.059+0000] {processor.py:183} INFO - Processing /home/airflow/.local/lib/python3.8/site-packages/airflow/example_dags/tutorial_objectstorage.py took 0.081 seconds
[2026-03-28T22:39:14.330+0000] {processor.py:161} INFO - Started process (PID=246) to work on /home/airflow/.local/lib/python3.8/site-packages/airflow/example_dags/tutorial_objectstorage.py
[2026-03-28T22:39:14.331+0000] {processor.py:830} INFO - Processing file /home/airflow/.local/lib/python3.8/site-packages/airflow/example_dags/tutorial_objectstorage.py for tasks to queue
[2026-03-28T22:39:14.334+0000] {logging_mixin.py:188} INFO - [2026-03-28T22:39:14.334+0000] {dagbag.py:538} INFO - Filling up the DagBag from /home/airflow/.local/lib/python3.8/site-packages/airflow/example_dags/tutorial_objectstorage.py
[2026-03-28T22:39:14.346+0000] {processor.py:840} INFO - DAG(s) 'tutorial_objectstorage' retrieved from /home/airflow/.local/lib/python3.8/site-packages/airflow/example_dags/tutorial_objectstorage.py
[2026-03-28T22:39:14.382+0000] {logging_mixin.py:188} INFO - [2026-03-28T22:39:14.381+0000] {dag.py:3036} INFO - Sync 1 DAGs
[2026-03-28T22:39:14.401+0000] {logging_mixin.py:188} INFO - [2026-03-28T22:39:14.401+0000] {dag.py:3823} INFO - Setting next_dagrun for tutorial_objectstorage to None, run_after=None
[2026-03-28T22:39:14.432+0000] {processor.py:183} INFO - Processing /home/airflow/.local/lib/python3.8/site-packages/airflow/example_dags/tutorial_objectstorage.py took 0.109 seconds
[2026-03-28T22:39:44.717+0000] {processor.py:161} INFO - Started process (PID=302) to work on /home/airflow/.local/lib/python3.8/site-packages/airflow/example_dags/tutorial_objectstorage.py
[2026-03-28T22:39:44.718+0000] {processor.py:830} INFO - Processing file /home/airflow/.local/lib/python3.8/site-packages/airflow/example_dags/tutorial_objectstorage.py for tasks to queue
[2026-03-28T22:39:44.723+0000] {logging_mixin.py:188} INFO - [2026-03-28T22:39:44.721+0000] {dagbag.py:538} INFO - Filling up the DagBag from /home/airflow/.local/lib/python3.8/site-packages/airflow/example_dags/tutorial_objectstorage.py
[2026-03-28T22:39:44.743+0000] {processor.py:840} INFO - DAG(s) 'tutorial_objectstorage' retrieved from /home/airflow/.local/lib/python3.8/site-packages/airflow/example_dags/tutorial_objectstorage.py
[2026-03-28T22:39:44.786+0000] {logging_mixin.py:188} INFO - [2026-03-28T22:39:44.785+0000] {dag.py:3036} INFO - Sync 1 DAGs
[2026-03-28T22:39:44.810+0000] {logging_mixin.py:188} INFO - [2026-03-28T22:39:44.809+0000] {dag.py:3823} INFO - Setting next_dagrun for tutorial_objectstorage to None, run_after=None
[2026-03-28T22:39:44.851+0000] {processor.py:183} INFO - Processing /home/airflow/.local/lib/python3.8/site-packages/airflow/example_dags/tutorial_objectstorage.py took 0.140 seconds
[2026-03-28T22:40:14.948+0000] {processor.py:161} INFO - Started process (PID=358) to work on /home/airflow/.local/lib/python3.8/site-packages/airflow/example_dags/tutorial_objectstorage.py
[2026-03-28T22:40:14.949+0000] {processor.py:830} INFO - Processing file /home/airflow/.local/lib/python3.8/site-packages/airflow/example_dags/tutorial_objectstorage.py for tasks to queue
[2026-03-28T22:40:14.952+0000] {logging_mixin.py:188} INFO - [2026-03-28T22:40:14.951+0000] {dagbag.py:538} INFO - Filling up the DagBag from /home/airflow/.local/lib/python3.8/site-packages/airflow/example_dags/tutorial_objectstorage.py
[2026-03-28T22:40:14.961+0000] {processor.py:840} INFO - DAG(s) 'tutorial_objectstorage' retrieved from /home/airflow/.local/lib/python3.8/site-packages/airflow/example_dags/tutorial_objectstorage.py
[2026-03-28T22:40:14.991+0000] {logging_mixin.py:188} INFO - [2026-03-28T22:40:14.991+0000] {dag.py:3036} INFO - Sync 1 DAGs
[2026-03-28T22:40:15.005+0000] {logging_mixin.py:188} INFO - [2026-03-28T22:40:15.004+0000] {dag.py:3823} INFO - Setting next_dagrun for tutorial_objectstorage to None, run_after=None
[2026-03-28T22:40:15.034+0000] {processor.py:183} INFO - Processing /home/airflow/.local/lib/python3.8/site-packages/airflow/example_dags/tutorial_objectstorage.py took 0.090 seconds
[2026-03-28T22:40:45.356+0000] {processor.py:161} INFO - Started process (PID=414) to work on /home/airflow/.local/lib/python3.8/site-packages/airflow/example_dags/tutorial_objectstorage.py
[2026-03-28T22:40:45.359+0000] {processor.py:830} INFO - Processing file /home/airflow/.local/lib/python3.8/site-packages/airflow/example_dags/tutorial_objectstorage.py for tasks to queue
[2026-03-28T22:40:45.363+0000] {logging_mixin.py:188} INFO - [2026-03-28T22:40:45.362+0000] {dagbag.py:538} INFO - Filling up the DagBag from /home/airflow/.local/lib/python3.8/site-packages/airflow/example_dags/tutorial_objectstorage.py
[2026-03-28T22:40:45.378+0000] {processor.py:840} INFO - DAG(s) 'tutorial_objectstorage' retrieved from /home/airflow/.local/lib/python3.8/site-packages/airflow/example_dags/tutorial_objectstorage.py
[2026-03-28T22:40:45.419+0000] {logging_mixin.py:188} INFO - [2026-03-28T22:40:45.419+0000] {dag.py:3036} INFO - Sync 1 DAGs
[2026-03-28T22:40:45.449+0000] {logging_mixin.py:188} INFO - [2026-03-28T22:40:45.449+0000] {dag.py:3823} INFO - Setting next_dagrun for tutorial_objectstorage to None, run_after=None
[2026-03-28T22:40:45.494+0000] {processor.py:183} INFO - Processing /home/airflow/.local/lib/python3.8/site-packages/airflow/example_dags/tutorial_objectstorage.py took 0.143 seconds
[2026-03-28T22:41:15.936+0000] {processor.py:161} INFO - Started process (PID=470) to work on /home/airflow/.local/lib/python3.8/site-packages/airflow/example_dags/tutorial_objectstorage.py
[2026-03-28T22:41:15.939+0000] {processor.py:830} INFO - Processing file /home/airflow/.local/lib/python3.8/site-packages/airflow/example_dags/tutorial_objectstorage.py for tasks to queue
[2026-03-28T22:41:15.941+0000] {logging_mixin.py:188} INFO - [2026-03-28T22:41:15.941+0000] {dagbag.py:538} INFO - Filling up the DagBag from /home/airflow/.local/lib/python3.8/site-packages/airflow/example_dags/tutorial_objectstorage.py
[2026-03-28T22:41:15.948+0000] {processor.py:840} INFO - DAG(s) 'tutorial_objectstorage' retrieved from /home/airflow/.local/lib/python3.8/site-packages/airflow/example_dags/tutorial_objectstorage.py
[2026-03-28T22:41:15.966+0000] {logging_mixin.py:188} INFO - [2026-03-28T22:41:15.965+0000] {dag.py:3036} INFO - Sync 1 DAGs
[2026-03-28T22:41:15.982+0000] {logging_mixin.py:188} INFO - [2026-03-28T22:41:15.982+0000] {dag.py:3823} INFO - Setting next_dagrun for tutorial_objectstorage to None, run_after=None
[2026-03-28T22:41:16.007+0000] {processor.py:183} INFO - Processing /home/airflow/.local/lib/python3.8/site-packages/airflow/example_dags/tutorial_objectstorage.py took 0.074 seconds
[2026-03-28T22:41:47.211+0000] {processor.py:161} INFO - Started process (PID=526) to work on /home/airflow/.local/lib/python3.8/site-packages/airflow/example_dags/tutorial_objectstorage.py
[2026-03-28T22:41:47.212+0000] {processor.py:830} INFO - Processing file /home/airflow/.local/lib/python3.8/site-packages/airflow/example_dags/tutorial_objectstorage.py for tasks to queue
[2026-03-28T22:41:47.215+0000] {logging_mixin.py:188} INFO - [2026-03-28T22:41:47.215+0000] {dagbag.py:538} INFO - Filling up the DagBag from /home/airflow/.local/lib/python3.8/site-packages/airflow/example_dags/tutorial_objectstorage.py
[2026-03-28T22:41:47.224+0000] {processor.py:840} INFO - DAG(s) 'tutorial_objectstorage' retrieved from /home/airflow/.local/lib/python3.8/site-packages/airflow/example_dags/tutorial_objectstorage.py
[2026-03-28T22:41:47.365+0000] {logging_mixin.py:188} INFO - [2026-03-28T22:41:47.365+0000] {dag.py:3036} INFO - Sync 1 DAGs
[2026-03-28T22:41:47.378+0000] {logging_mixin.py:188} INFO - [2026-03-28T22:41:47.378+0000] {dag.py:3823} INFO - Setting next_dagrun for tutorial_objectstorage to None, run_after=None
[2026-03-28T22:41:47.409+0000] {processor.py:183} INFO - Processing /home/airflow/.local/lib/python3.8/site-packages/airflow/example_dags/tutorial_objectstorage.py took 0.202 seconds
[2026-03-28T22:42:17.543+0000] {processor.py:161} INFO - Started process (PID=582) to work on /home/airflow/.local/lib/python3.8/site-packages/airflow/example_dags/tutorial_objectstorage.py
[2026-03-28T22:42:17.544+0000] {processor.py:830} INFO - Processing file /home/airflow/.local/lib/python3.8/site-packages/airflow/example_dags/tutorial_objectstorage.py for tasks to queue
[2026-03-28T22:42:17.547+0000] {logging_mixin.py:188} INFO - [2026-03-28T22:42:17.546+0000] {dagbag.py:538} INFO - Filling up the DagBag from /home/airflow/.local/lib/python3.8/site-packages/airflow/example_dags/tutorial_objectstorage.py
[2026-03-28T22:42:17.557+0000] {processor.py:840} INFO - DAG(s) 'tutorial_objectstorage' retrieved from /home/airflow/.local/lib/python3.8/site-packages/airflow/example_dags/tutorial_objectstorage.py
[2026-03-28T22:42:17.584+0000] {logging_mixin.py:188} INFO - [2026-03-28T22:42:17.583+0000] {dag.py:3036} INFO - Sync 1 DAGs
[2026-03-28T22:42:17.604+0000] {logging_mixin.py:188} INFO - [2026-03-28T22:42:17.604+0000] {dag.py:3823} INFO - Setting next_dagrun for tutorial_objectstorage to None, run_after=None
[2026-03-28T22:42:17.632+0000] {processor.py:183} INFO - Processing /home/airflow/.local/lib/python3.8/site-packages/airflow/example_dags/tutorial_objectstorage.py took 0.092 seconds
[2026-03-28T22:42:48.554+0000] {processor.py:161} INFO - Started process (PID=638) to work on /home/airflow/.local/lib/python3.8/site-packages/airflow/example_dags/tutorial_objectstorage.py
[2026-03-28T22:42:48.555+0000] {processor.py:830} INFO - Processing file /home/airflow/.local/lib/python3.8/site-packages/airflow/example_dags/tutorial_objectstorage.py for tasks to queue
[2026-03-28T22:42:48.557+0000] {logging_mixin.py:188} INFO - [2026-03-28T22:42:48.557+0000] {dagbag.py:538} INFO - Filling up the DagBag from /home/airflow/.local/lib/python3.8/site-packages/airflow/example_dags/tutorial_objectstorage.py
[2026-03-28T22:42:48.564+0000] {processor.py:840} INFO - DAG(s) 'tutorial_objectstorage' retrieved from /home/airflow/.local/lib/python3.8/site-packages/airflow/example_dags/tutorial_objectstorage.py
[2026-03-28T22:42:48.585+0000] {logging_mixin.py:188} INFO - [2026-03-28T22:42:48.585+0000] {dag.py:3036} INFO - Sync 1 DAGs
[2026-03-28T22:42:48.597+0000] {logging_mixin.py:188} INFO - [2026-03-28T22:42:48.597+0000] {dag.py:3823} INFO - Setting next_dagrun for tutorial_objectstorage to None, run_after=None
[2026-03-28T22:42:48.619+0000] {processor.py:183} INFO - Processing /home/airflow/.local/lib/python3.8/site-packages/airflow/example_dags/tutorial_objectstorage.py took 0.068 seconds
[2026-03-28T22:43:19.042+0000] {processor.py:161} INFO - Started process (PID=694) to work on /home/airflow/.local/lib/python3.8/site-packages/airflow/example_dags/tutorial_objectstorage.py
[2026-03-28T22:43:19.044+0000] {processor.py:830} INFO - Processing file /home/airflow/.local/lib/python3.8/site-packages/airflow/example_dags/tutorial_objectstorage.py for tasks to queue
[2026-03-28T22:43:19.049+0000] {logging_mixin.py:188} INFO - [2026-03-28T22:43:19.048+0000] {dagbag.py:538} INFO - Filling up the DagBag from /home/airflow/.local/lib/python3.8/site-packages/airflow/example_dags/tutorial_objectstorage.py
[2026-03-28T22:43:19.069+0000] {processor.py:840} INFO - DAG(s) 'tutorial_objectstorage' retrieved from /home/airflow/.local/lib/python3.8/site-packages/airflow/example_dags/tutorial_objectstorage.py
[2026-03-28T22:43:19.129+0000] {logging_mixin.py:188} INFO - [2026-03-28T22:43:19.129+0000] {dag.py:3036} INFO - Sync 1 DAGs
[2026-03-28T22:43:19.166+0000] {logging_mixin.py:188} INFO - [2026-03-28T22:43:19.163+0000] {dag.py:3823} INFO - Setting next_dagrun for tutorial_objectstorage to None, run_after=None
[2026-03-28T22:43:19.369+0000] {processor.py:183} INFO - Processing /home/airflow/.local/lib/python3.8/site-packages/airflow/example_dags/tutorial_objectstorage.py took 0.342 seconds
[2026-03-28T22:43:49.981+0000] {processor.py:161} INFO - Started process (PID=750) to work on /home/airflow/.local/lib/python3.8/site-packages/airflow/example_dags/tutorial_objectstorage.py
[2026-03-28T22:43:49.983+0000] {processor.py:830} INFO - Processing file /home/airflow/.local/lib/python3.8/site-packages/airflow/example_dags/tutorial_objectstorage.py for tasks to queue
[2026-03-28T22:43:49.986+0000] {logging_mixin.py:188} INFO - [2026-03-28T22:43:49.986+0000] {dagbag.py:538} INFO - Filling up the DagBag from /home/airflow/.local/lib/python3.8/site-packages/airflow/example_dags/tutorial_objectstorage.py
[2026-03-28T22:43:49.993+0000] {processor.py:840} INFO - DAG(s) 'tutorial_objectstorage' retrieved from /home/airflow/.local/lib/python3.8/site-packages/airflow/example_dags/tutorial_objectstorage.py
[2026-03-28T22:43:50.011+0000] {logging_mixin.py:188} INFO - [2026-03-28T22:43:50.011+0000] {dag.py:3036} INFO - Sync 1 DAGs
[2026-03-28T22:43:50.023+0000] {logging_mixin.py:188} INFO - [2026-03-28T22:43:50.023+0000] {dag.py:3823} INFO - Setting next_dagrun for tutorial_objectstorage to None, run_after=None
[2026-03-28T22:43:50.045+0000] {processor.py:183} INFO - Processing /home/airflow/.local/lib/python3.8/site-packages/airflow/example_dags/tutorial_objectstorage.py took 0.067 seconds
[2026-03-28T22:44:20.467+0000] {processor.py:161} INFO - Started process (PID=806) to work on /home/airflow/.local/lib/python3.8/site-packages/airflow/example_dags/tutorial_objectstorage.py
[2026-03-28T22:44:20.471+0000] {processor.py:830} INFO - Processing file /home/airflow/.local/lib/python3.8/site-packages/airflow/example_dags/tutorial_objectstorage.py for tasks to queue
[2026-03-28T22:44:20.474+0000] {logging_mixin.py:188} INFO - [2026-03-28T22:44:20.473+0000] {dagbag.py:538} INFO - Filling up the DagBag from /home/airflow/.local/lib/python3.8/site-packages/airflow/example_dags/tutorial_objectstorage.py
[2026-03-28T22:44:20.481+0000] {processor.py:840} INFO - DAG(s) 'tutorial_objectstorage' retrieved from /home/airflow/.local/lib/python3.8/site-packages/airflow/example_dags/tutorial_objectstorage.py
[2026-03-28T22:44:20.501+0000] {logging_mixin.py:188} INFO - [2026-03-28T22:44:20.501+0000] {dag.py:3036} INFO - Sync 1 DAGs
[2026-03-28T22:44:20.512+0000] {logging_mixin.py:188} INFO - [2026-03-28T22:44:20.512+0000] {dag.py:3823} INFO - Setting next_dagrun for tutorial_objectstorage to None, run_after=None
[2026-03-28T22:44:20.534+0000] {processor.py:183} INFO - Processing /home/airflow/.local/lib/python3.8/site-packages/airflow/example_dags/tutorial_objectstorage.py took 0.070 seconds
[2026-03-28T22:44:50.654+0000] {processor.py:161} INFO - Started process (PID=862) to work on /home/airflow/.local/lib/python3.8/site-packages/airflow/example_dags/tutorial_objectstorage.py
[2026-03-28T22:44:50.656+0000] {processor.py:830} INFO - Processing file /home/airflow/.local/lib/python3.8/site-packages/airflow/example_dags/tutorial_objectstorage.py for tasks to queue
[2026-03-28T22:44:50.658+0000] {logging_mixin.py:188} INFO - [2026-03-28T22:44:50.657+0000] {dagbag.py:538} INFO - Filling up the DagBag from /home/airflow/.local/lib/python3.8/site-packages/airflow/example_dags/tutorial_objectstorage.py
[2026-03-28T22:44:50.665+0000] {processor.py:840} INFO - DAG(s) 'tutorial_objectstorage' retrieved from /home/airflow/.local/lib/python3.8/site-packages/airflow/example_dags/tutorial_objectstorage.py
[2026-03-28T22:44:50.686+0000] {logging_mixin.py:188} INFO - [2026-03-28T22:44:50.686+0000] {dag.py:3036} INFO - Sync 1 DAGs
[2026-03-28T22:44:50.698+0000] {logging_mixin.py:188} INFO - [2026-03-28T22:44:50.698+0000] {dag.py:3823} INFO - Setting next_dagrun for tutorial_objectstorage to None, run_after=None
[2026-03-28T22:44:50.720+0000] {processor.py:183} INFO - Processing /home/airflow/.local/lib/python3.8/site-packages/airflow/example_dags/tutorial_objectstorage.py took 0.069 seconds
[2026-03-28T22:45:21.419+0000] {processor.py:161} INFO - Started process (PID=918) to work on /home/airflow/.local/lib/python3.8/site-packages/airflow/example_dags/tutorial_objectstorage.py
[2026-03-28T22:45:21.421+0000] {processor.py:830} INFO - Processing file /home/airflow/.local/lib/python3.8/site-packages/airflow/example_dags/tutorial_objectstorage.py for tasks to queue
[2026-03-28T22:45:21.423+0000] {logging_mixin.py:188} INFO - [2026-03-28T22:45:21.423+0000] {dagbag.py:538} INFO - Filling up the DagBag from /home/airflow/.local/lib/python3.8/site-packages/airflow/example_dags/tutorial_objectstorage.py
[2026-03-28T22:45:21.430+0000] {processor.py:840} INFO - DAG(s) 'tutorial_objectstorage' retrieved from /home/airflow/.local/lib/python3.8/site-packages/airflow/example_dags/tutorial_objectstorage.py
[2026-03-28T22:45:21.452+0000] {logging_mixin.py:188} INFO - [2026-03-28T22:45:21.452+0000] {dag.py:3036} INFO - Sync 1 DAGs
[2026-03-28T22:45:21.465+0000] {logging_mixin.py:188} INFO - [2026-03-28T22:45:21.464+0000] {dag.py:3823} INFO - Setting next_dagrun for tutorial_objectstorage to None, run_after=None
[2026-03-28T22:45:21.487+0000] {processor.py:183} INFO - Processing /home/airflow/.local/lib/python3.8/site-packages/airflow/example_dags/tutorial_objectstorage.py took 0.072 seconds
[2026-03-28T22:45:51.936+0000] {processor.py:161} INFO - Started process (PID=974) to work on /home/airflow/.local/lib/python3.8/site-packages/airflow/example_dags/tutorial_objectstorage.py
[2026-03-28T22:45:51.938+0000] {processor.py:830} INFO - Processing file /home/airflow/.local/lib/python3.8/site-packages/airflow/example_dags/tutorial_objectstorage.py for tasks to queue
[2026-03-28T22:45:51.940+0000] {logging_mixin.py:188} INFO - [2026-03-28T22:45:51.940+0000] {dagbag.py:538} INFO - Filling up the DagBag from /home/airflow/.local/lib/python3.8/site-packages/airflow/example_dags/tutorial_objectstorage.py
[2026-03-28T22:45:51.948+0000] {processor.py:840} INFO - DAG(s) 'tutorial_objectstorage' retrieved from /home/airflow/.local/lib/python3.8/site-packages/airflow/example_dags/tutorial_objectstorage.py
[2026-03-28T22:45:51.970+0000] {logging_mixin.py:188} INFO - [2026-03-28T22:45:51.969+0000] {dag.py:3036} INFO - Sync 1 DAGs
[2026-03-28T22:45:51.984+0000] {logging_mixin.py:188} INFO - [2026-03-28T22:45:51.983+0000] {dag.py:3823} INFO - Setting next_dagrun for tutorial_objectstorage to None, run_after=None
[2026-03-28T22:45:52.007+0000] {processor.py:183} INFO - Processing /home/airflow/.local/lib/python3.8/site-packages/airflow/example_dags/tutorial_objectstorage.py took 0.073 seconds
[2026-03-28T22:46:38.733+0000] {processor.py:161} INFO - Started process (PID=1024) to work on /home/airflow/.local/lib/python3.8/site-packages/airflow/example_dags/tutorial_objectstorage.py
[2026-03-28T22:46:38.735+0000] {processor.py:830} INFO - Processing file /home/airflow/.local/lib/python3.8/site-packages/airflow/example_dags/tutorial_objectstorage.py for tasks to queue
[2026-03-28T22:46:38.743+0000] {logging_mixin.py:188} INFO - [2026-03-28T22:46:38.742+0000] {dagbag.py:538} INFO - Filling up the DagBag from /home/airflow/.local/lib/python3.8/site-packages/airflow/example_dags/tutorial_objectstorage.py
[2026-03-28T22:46:38.758+0000] {processor.py:840} INFO - DAG(s) 'tutorial_objectstorage' retrieved from /home/airflow/.local/lib/python3.8/site-packages/airflow/example_dags/tutorial_objectstorage.py
[2026-03-28T22:46:38.793+0000] {logging_mixin.py:188} INFO - [2026-03-28T22:46:38.792+0000] {dag.py:3036} INFO - Sync 1 DAGs
[2026-03-28T22:46:38.818+0000] {logging_mixin.py:188} INFO - [2026-03-28T22:46:38.817+0000] {dag.py:3823} INFO - Setting next_dagrun for tutorial_objectstorage to None, run_after=None
[2026-03-28T22:46:38.860+0000] {processor.py:183} INFO - Processing /home/airflow/.local/lib/python3.8/site-packages/airflow/example_dags/tutorial_objectstorage.py took 0.133 seconds
