[2026-03-28T22:09:39.275+0000] {processor.py:161} INFO - Started process (PID=61) to work on /home/airflow/.local/lib/python3.8/site-packages/airflow/example_dags/tutorial_taskflow_api.py
[2026-03-28T22:09:39.276+0000] {processor.py:830} INFO - Processing file /home/airflow/.local/lib/python3.8/site-packages/airflow/example_dags/tutorial_taskflow_api.py for tasks to queue
[2026-03-28T22:09:39.278+0000] {logging_mixin.py:188} INFO - [2026-03-28T22:09:39.278+0000] {dagbag.py:538} INFO - Filling up the DagBag from /home/airflow/.local/lib/python3.8/site-packages/airflow/example_dags/tutorial_taskflow_api.py
[2026-03-28T22:09:39.289+0000] {processor.py:840} INFO - DAG(s) 'tutorial_taskflow_api' retrieved from /home/airflow/.local/lib/python3.8/site-packages/airflow/example_dags/tutorial_taskflow_api.py
[2026-03-28T22:09:39.405+0000] {logging_mixin.py:188} INFO - [2026-03-28T22:09:39.405+0000] {override.py:1769} INFO - Created Permission View: can edit on DAG:tutorial_taskflow_api
[2026-03-28T22:09:39.419+0000] {logging_mixin.py:188} INFO - [2026-03-28T22:09:39.419+0000] {override.py:1769} INFO - Created Permission View: can delete on DAG:tutorial_taskflow_api
[2026-03-28T22:09:39.429+0000] {logging_mixin.py:188} INFO - [2026-03-28T22:09:39.429+0000] {override.py:1769} INFO - Created Permission View: can read on DAG:tutorial_taskflow_api
[2026-03-28T22:09:39.430+0000] {logging_mixin.py:188} INFO - [2026-03-28T22:09:39.430+0000] {dag.py:3036} INFO - Sync 1 DAGs
[2026-03-28T22:09:39.441+0000] {logging_mixin.py:188} INFO - [2026-03-28T22:09:39.441+0000] {dag.py:3058} INFO - Creating ORM DAG for tutorial_taskflow_api
[2026-03-28T22:09:39.443+0000] {logging_mixin.py:188} INFO - [2026-03-28T22:09:39.442+0000] {dag.py:3823} INFO - Setting next_dagrun for tutorial_taskflow_api to None, run_after=None
[2026-03-28T22:09:39.466+0000] {processor.py:183} INFO - Processing /home/airflow/.local/lib/python3.8/site-packages/airflow/example_dags/tutorial_taskflow_api.py took 0.195 seconds
[2026-03-28T22:10:10.323+0000] {processor.py:161} INFO - Started process (PID=117) to work on /home/airflow/.local/lib/python3.8/site-packages/airflow/example_dags/tutorial_taskflow_api.py
[2026-03-28T22:10:10.324+0000] {processor.py:830} INFO - Processing file /home/airflow/.local/lib/python3.8/site-packages/airflow/example_dags/tutorial_taskflow_api.py for tasks to queue
[2026-03-28T22:10:10.327+0000] {logging_mixin.py:188} INFO - [2026-03-28T22:10:10.327+0000] {dagbag.py:538} INFO - Filling up the DagBag from /home/airflow/.local/lib/python3.8/site-packages/airflow/example_dags/tutorial_taskflow_api.py
[2026-03-28T22:10:10.334+0000] {processor.py:840} INFO - DAG(s) 'tutorial_taskflow_api' retrieved from /home/airflow/.local/lib/python3.8/site-packages/airflow/example_dags/tutorial_taskflow_api.py
[2026-03-28T22:10:10.358+0000] {logging_mixin.py:188} INFO - [2026-03-28T22:10:10.358+0000] {dag.py:3036} INFO - Sync 1 DAGs
[2026-03-28T22:10:10.374+0000] {logging_mixin.py:188} INFO - [2026-03-28T22:10:10.374+0000] {dag.py:3823} INFO - Setting next_dagrun for tutorial_taskflow_api to None, run_after=None
[2026-03-28T22:10:10.396+0000] {processor.py:183} INFO - Processing /home/airflow/.local/lib/python3.8/site-packages/airflow/example_dags/tutorial_taskflow_api.py took 0.077 seconds
[2026-03-28T22:10:40.820+0000] {processor.py:161} INFO - Started process (PID=179) to work on /home/airflow/.local/lib/python3.8/site-packages/airflow/example_dags/tutorial_taskflow_api.py
[2026-03-28T22:10:40.822+0000] {processor.py:830} INFO - Processing file /home/airflow/.local/lib/python3.8/site-packages/airflow/example_dags/tutorial_taskflow_api.py for tasks to queue
[2026-03-28T22:10:40.825+0000] {logging_mixin.py:188} INFO - [2026-03-28T22:10:40.825+0000] {dagbag.py:538} INFO - Filling up the DagBag from /home/airflow/.local/lib/python3.8/site-packages/airflow/example_dags/tutorial_taskflow_api.py
[2026-03-28T22:10:40.835+0000] {processor.py:840} INFO - DAG(s) 'tutorial_taskflow_api' retrieved from /home/airflow/.local/lib/python3.8/site-packages/airflow/example_dags/tutorial_taskflow_api.py
[2026-03-28T22:10:40.864+0000] {logging_mixin.py:188} INFO - [2026-03-28T22:10:40.864+0000] {dag.py:3036} INFO - Sync 1 DAGs
[2026-03-28T22:10:40.877+0000] {logging_mixin.py:188} INFO - [2026-03-28T22:10:40.877+0000] {dag.py:3823} INFO - Setting next_dagrun for tutorial_taskflow_api to None, run_after=None
[2026-03-28T22:10:40.905+0000] {processor.py:183} INFO - Processing /home/airflow/.local/lib/python3.8/site-packages/airflow/example_dags/tutorial_taskflow_api.py took 0.090 seconds
[2026-03-28T22:11:11.185+0000] {processor.py:161} INFO - Started process (PID=235) to work on /home/airflow/.local/lib/python3.8/site-packages/airflow/example_dags/tutorial_taskflow_api.py
[2026-03-28T22:11:11.187+0000] {processor.py:830} INFO - Processing file /home/airflow/.local/lib/python3.8/site-packages/airflow/example_dags/tutorial_taskflow_api.py for tasks to queue
[2026-03-28T22:11:11.189+0000] {logging_mixin.py:188} INFO - [2026-03-28T22:11:11.189+0000] {dagbag.py:538} INFO - Filling up the DagBag from /home/airflow/.local/lib/python3.8/site-packages/airflow/example_dags/tutorial_taskflow_api.py
[2026-03-28T22:11:11.197+0000] {processor.py:840} INFO - DAG(s) 'tutorial_taskflow_api' retrieved from /home/airflow/.local/lib/python3.8/site-packages/airflow/example_dags/tutorial_taskflow_api.py
[2026-03-28T22:11:11.219+0000] {logging_mixin.py:188} INFO - [2026-03-28T22:11:11.219+0000] {dag.py:3036} INFO - Sync 1 DAGs
[2026-03-28T22:11:11.231+0000] {logging_mixin.py:188} INFO - [2026-03-28T22:11:11.231+0000] {dag.py:3823} INFO - Setting next_dagrun for tutorial_taskflow_api to None, run_after=None
[2026-03-28T22:11:11.254+0000] {processor.py:183} INFO - Processing /home/airflow/.local/lib/python3.8/site-packages/airflow/example_dags/tutorial_taskflow_api.py took 0.074 seconds
[2026-03-28T22:11:41.455+0000] {processor.py:161} INFO - Started process (PID=291) to work on /home/airflow/.local/lib/python3.8/site-packages/airflow/example_dags/tutorial_taskflow_api.py
[2026-03-28T22:11:41.457+0000] {processor.py:830} INFO - Processing file /home/airflow/.local/lib/python3.8/site-packages/airflow/example_dags/tutorial_taskflow_api.py for tasks to queue
[2026-03-28T22:11:41.459+0000] {logging_mixin.py:188} INFO - [2026-03-28T22:11:41.459+0000] {dagbag.py:538} INFO - Filling up the DagBag from /home/airflow/.local/lib/python3.8/site-packages/airflow/example_dags/tutorial_taskflow_api.py
[2026-03-28T22:11:41.465+0000] {processor.py:840} INFO - DAG(s) 'tutorial_taskflow_api' retrieved from /home/airflow/.local/lib/python3.8/site-packages/airflow/example_dags/tutorial_taskflow_api.py
[2026-03-28T22:11:41.488+0000] {logging_mixin.py:188} INFO - [2026-03-28T22:11:41.488+0000] {dag.py:3036} INFO - Sync 1 DAGs
[2026-03-28T22:11:41.501+0000] {logging_mixin.py:188} INFO - [2026-03-28T22:11:41.500+0000] {dag.py:3823} INFO - Setting next_dagrun for tutorial_taskflow_api to None, run_after=None
[2026-03-28T22:11:41.529+0000] {processor.py:183} INFO - Processing /home/airflow/.local/lib/python3.8/site-packages/airflow/example_dags/tutorial_taskflow_api.py took 0.077 seconds
[2026-03-28T22:12:11.784+0000] {processor.py:161} INFO - Started process (PID=347) to work on /home/airflow/.local/lib/python3.8/site-packages/airflow/example_dags/tutorial_taskflow_api.py
[2026-03-28T22:12:11.785+0000] {processor.py:830} INFO - Processing file /home/airflow/.local/lib/python3.8/site-packages/airflow/example_dags/tutorial_taskflow_api.py for tasks to queue
[2026-03-28T22:12:11.787+0000] {logging_mixin.py:188} INFO - [2026-03-28T22:12:11.787+0000] {dagbag.py:538} INFO - Filling up the DagBag from /home/airflow/.local/lib/python3.8/site-packages/airflow/example_dags/tutorial_taskflow_api.py
[2026-03-28T22:12:11.794+0000] {processor.py:840} INFO - DAG(s) 'tutorial_taskflow_api' retrieved from /home/airflow/.local/lib/python3.8/site-packages/airflow/example_dags/tutorial_taskflow_api.py
[2026-03-28T22:12:11.817+0000] {logging_mixin.py:188} INFO - [2026-03-28T22:12:11.816+0000] {dag.py:3036} INFO - Sync 1 DAGs
[2026-03-28T22:12:11.831+0000] {logging_mixin.py:188} INFO - [2026-03-28T22:12:11.830+0000] {dag.py:3823} INFO - Setting next_dagrun for tutorial_taskflow_api to None, run_after=None
[2026-03-28T22:12:11.860+0000] {processor.py:183} INFO - Processing /home/airflow/.local/lib/python3.8/site-packages/airflow/example_dags/tutorial_taskflow_api.py took 0.079 seconds
[2026-03-28T22:12:41.919+0000] {processor.py:161} INFO - Started process (PID=403) to work on /home/airflow/.local/lib/python3.8/site-packages/airflow/example_dags/tutorial_taskflow_api.py
[2026-03-28T22:12:41.920+0000] {processor.py:830} INFO - Processing file /home/airflow/.local/lib/python3.8/site-packages/airflow/example_dags/tutorial_taskflow_api.py for tasks to queue
[2026-03-28T22:12:41.923+0000] {logging_mixin.py:188} INFO - [2026-03-28T22:12:41.922+0000] {dagbag.py:538} INFO - Filling up the DagBag from /home/airflow/.local/lib/python3.8/site-packages/airflow/example_dags/tutorial_taskflow_api.py
[2026-03-28T22:12:41.930+0000] {processor.py:840} INFO - DAG(s) 'tutorial_taskflow_api' retrieved from /home/airflow/.local/lib/python3.8/site-packages/airflow/example_dags/tutorial_taskflow_api.py
[2026-03-28T22:12:41.953+0000] {logging_mixin.py:188} INFO - [2026-03-28T22:12:41.952+0000] {dag.py:3036} INFO - Sync 1 DAGs
[2026-03-28T22:12:41.966+0000] {logging_mixin.py:188} INFO - [2026-03-28T22:12:41.966+0000] {dag.py:3823} INFO - Setting next_dagrun for tutorial_taskflow_api to None, run_after=None
[2026-03-28T22:12:41.988+0000] {processor.py:183} INFO - Processing /home/airflow/.local/lib/python3.8/site-packages/airflow/example_dags/tutorial_taskflow_api.py took 0.072 seconds
[2026-03-28T22:13:12.118+0000] {processor.py:161} INFO - Started process (PID=459) to work on /home/airflow/.local/lib/python3.8/site-packages/airflow/example_dags/tutorial_taskflow_api.py
[2026-03-28T22:13:12.119+0000] {processor.py:830} INFO - Processing file /home/airflow/.local/lib/python3.8/site-packages/airflow/example_dags/tutorial_taskflow_api.py for tasks to queue
[2026-03-28T22:13:12.121+0000] {logging_mixin.py:188} INFO - [2026-03-28T22:13:12.121+0000] {dagbag.py:538} INFO - Filling up the DagBag from /home/airflow/.local/lib/python3.8/site-packages/airflow/example_dags/tutorial_taskflow_api.py
[2026-03-28T22:13:12.127+0000] {processor.py:840} INFO - DAG(s) 'tutorial_taskflow_api' retrieved from /home/airflow/.local/lib/python3.8/site-packages/airflow/example_dags/tutorial_taskflow_api.py
[2026-03-28T22:13:12.148+0000] {logging_mixin.py:188} INFO - [2026-03-28T22:13:12.148+0000] {dag.py:3036} INFO - Sync 1 DAGs
[2026-03-28T22:13:12.159+0000] {logging_mixin.py:188} INFO - [2026-03-28T22:13:12.159+0000] {dag.py:3823} INFO - Setting next_dagrun for tutorial_taskflow_api to None, run_after=None
[2026-03-28T22:13:12.181+0000] {processor.py:183} INFO - Processing /home/airflow/.local/lib/python3.8/site-packages/airflow/example_dags/tutorial_taskflow_api.py took 0.066 seconds
[2026-03-28T22:14:05.330+0000] {processor.py:161} INFO - Started process (PID=60) to work on /home/airflow/.local/lib/python3.8/site-packages/airflow/example_dags/tutorial_taskflow_api.py
[2026-03-28T22:14:05.332+0000] {processor.py:830} INFO - Processing file /home/airflow/.local/lib/python3.8/site-packages/airflow/example_dags/tutorial_taskflow_api.py for tasks to queue
[2026-03-28T22:14:05.335+0000] {logging_mixin.py:188} INFO - [2026-03-28T22:14:05.335+0000] {dagbag.py:538} INFO - Filling up the DagBag from /home/airflow/.local/lib/python3.8/site-packages/airflow/example_dags/tutorial_taskflow_api.py
[2026-03-28T22:14:05.351+0000] {processor.py:840} INFO - DAG(s) 'tutorial_taskflow_api' retrieved from /home/airflow/.local/lib/python3.8/site-packages/airflow/example_dags/tutorial_taskflow_api.py
[2026-03-28T22:14:05.371+0000] {logging_mixin.py:188} INFO - [2026-03-28T22:14:05.371+0000] {dag.py:3036} INFO - Sync 1 DAGs
[2026-03-28T22:14:05.393+0000] {logging_mixin.py:188} INFO - [2026-03-28T22:14:05.393+0000] {dag.py:3823} INFO - Setting next_dagrun for tutorial_taskflow_api to None, run_after=None
[2026-03-28T22:14:05.428+0000] {processor.py:183} INFO - Processing /home/airflow/.local/lib/python3.8/site-packages/airflow/example_dags/tutorial_taskflow_api.py took 0.104 seconds
[2026-03-28T22:14:35.927+0000] {processor.py:161} INFO - Started process (PID=121) to work on /home/airflow/.local/lib/python3.8/site-packages/airflow/example_dags/tutorial_taskflow_api.py
[2026-03-28T22:14:35.929+0000] {processor.py:830} INFO - Processing file /home/airflow/.local/lib/python3.8/site-packages/airflow/example_dags/tutorial_taskflow_api.py for tasks to queue
[2026-03-28T22:14:35.931+0000] {logging_mixin.py:188} INFO - [2026-03-28T22:14:35.931+0000] {dagbag.py:538} INFO - Filling up the DagBag from /home/airflow/.local/lib/python3.8/site-packages/airflow/example_dags/tutorial_taskflow_api.py
[2026-03-28T22:14:35.939+0000] {processor.py:840} INFO - DAG(s) 'tutorial_taskflow_api' retrieved from /home/airflow/.local/lib/python3.8/site-packages/airflow/example_dags/tutorial_taskflow_api.py
[2026-03-28T22:14:36.026+0000] {logging_mixin.py:188} INFO - [2026-03-28T22:14:36.025+0000] {dag.py:3036} INFO - Sync 1 DAGs
[2026-03-28T22:14:36.037+0000] {logging_mixin.py:188} INFO - [2026-03-28T22:14:36.036+0000] {dag.py:3823} INFO - Setting next_dagrun for tutorial_taskflow_api to None, run_after=None
[2026-03-28T22:14:36.058+0000] {processor.py:183} INFO - Processing /home/airflow/.local/lib/python3.8/site-packages/airflow/example_dags/tutorial_taskflow_api.py took 0.134 seconds
[2026-03-28T22:15:06.333+0000] {processor.py:161} INFO - Started process (PID=177) to work on /home/airflow/.local/lib/python3.8/site-packages/airflow/example_dags/tutorial_taskflow_api.py
[2026-03-28T22:15:06.334+0000] {processor.py:830} INFO - Processing file /home/airflow/.local/lib/python3.8/site-packages/airflow/example_dags/tutorial_taskflow_api.py for tasks to queue
[2026-03-28T22:15:06.337+0000] {logging_mixin.py:188} INFO - [2026-03-28T22:15:06.337+0000] {dagbag.py:538} INFO - Filling up the DagBag from /home/airflow/.local/lib/python3.8/site-packages/airflow/example_dags/tutorial_taskflow_api.py
[2026-03-28T22:15:06.344+0000] {processor.py:840} INFO - DAG(s) 'tutorial_taskflow_api' retrieved from /home/airflow/.local/lib/python3.8/site-packages/airflow/example_dags/tutorial_taskflow_api.py
[2026-03-28T22:15:06.367+0000] {logging_mixin.py:188} INFO - [2026-03-28T22:15:06.366+0000] {dag.py:3036} INFO - Sync 1 DAGs
[2026-03-28T22:15:06.379+0000] {logging_mixin.py:188} INFO - [2026-03-28T22:15:06.379+0000] {dag.py:3823} INFO - Setting next_dagrun for tutorial_taskflow_api to None, run_after=None
[2026-03-28T22:15:06.404+0000] {processor.py:183} INFO - Processing /home/airflow/.local/lib/python3.8/site-packages/airflow/example_dags/tutorial_taskflow_api.py took 0.076 seconds
[2026-03-28T22:15:36.667+0000] {processor.py:161} INFO - Started process (PID=233) to work on /home/airflow/.local/lib/python3.8/site-packages/airflow/example_dags/tutorial_taskflow_api.py
[2026-03-28T22:15:36.669+0000] {processor.py:830} INFO - Processing file /home/airflow/.local/lib/python3.8/site-packages/airflow/example_dags/tutorial_taskflow_api.py for tasks to queue
[2026-03-28T22:15:36.670+0000] {logging_mixin.py:188} INFO - [2026-03-28T22:15:36.670+0000] {dagbag.py:538} INFO - Filling up the DagBag from /home/airflow/.local/lib/python3.8/site-packages/airflow/example_dags/tutorial_taskflow_api.py
[2026-03-28T22:15:36.678+0000] {processor.py:840} INFO - DAG(s) 'tutorial_taskflow_api' retrieved from /home/airflow/.local/lib/python3.8/site-packages/airflow/example_dags/tutorial_taskflow_api.py
[2026-03-28T22:15:36.701+0000] {logging_mixin.py:188} INFO - [2026-03-28T22:15:36.700+0000] {dag.py:3036} INFO - Sync 1 DAGs
[2026-03-28T22:15:36.717+0000] {logging_mixin.py:188} INFO - [2026-03-28T22:15:36.716+0000] {dag.py:3823} INFO - Setting next_dagrun for tutorial_taskflow_api to None, run_after=None
[2026-03-28T22:15:36.737+0000] {processor.py:183} INFO - Processing /home/airflow/.local/lib/python3.8/site-packages/airflow/example_dags/tutorial_taskflow_api.py took 0.074 seconds
[2026-03-28T22:16:06.966+0000] {processor.py:161} INFO - Started process (PID=289) to work on /home/airflow/.local/lib/python3.8/site-packages/airflow/example_dags/tutorial_taskflow_api.py
[2026-03-28T22:16:06.968+0000] {processor.py:830} INFO - Processing file /home/airflow/.local/lib/python3.8/site-packages/airflow/example_dags/tutorial_taskflow_api.py for tasks to queue
[2026-03-28T22:16:06.970+0000] {logging_mixin.py:188} INFO - [2026-03-28T22:16:06.969+0000] {dagbag.py:538} INFO - Filling up the DagBag from /home/airflow/.local/lib/python3.8/site-packages/airflow/example_dags/tutorial_taskflow_api.py
[2026-03-28T22:16:06.977+0000] {processor.py:840} INFO - DAG(s) 'tutorial_taskflow_api' retrieved from /home/airflow/.local/lib/python3.8/site-packages/airflow/example_dags/tutorial_taskflow_api.py
[2026-03-28T22:16:06.996+0000] {logging_mixin.py:188} INFO - [2026-03-28T22:16:06.996+0000] {dag.py:3036} INFO - Sync 1 DAGs
[2026-03-28T22:16:07.008+0000] {logging_mixin.py:188} INFO - [2026-03-28T22:16:07.007+0000] {dag.py:3823} INFO - Setting next_dagrun for tutorial_taskflow_api to None, run_after=None
[2026-03-28T22:16:07.027+0000] {processor.py:183} INFO - Processing /home/airflow/.local/lib/python3.8/site-packages/airflow/example_dags/tutorial_taskflow_api.py took 0.065 seconds
[2026-03-28T22:16:37.176+0000] {processor.py:161} INFO - Started process (PID=345) to work on /home/airflow/.local/lib/python3.8/site-packages/airflow/example_dags/tutorial_taskflow_api.py
[2026-03-28T22:16:37.178+0000] {processor.py:830} INFO - Processing file /home/airflow/.local/lib/python3.8/site-packages/airflow/example_dags/tutorial_taskflow_api.py for tasks to queue
[2026-03-28T22:16:37.180+0000] {logging_mixin.py:188} INFO - [2026-03-28T22:16:37.180+0000] {dagbag.py:538} INFO - Filling up the DagBag from /home/airflow/.local/lib/python3.8/site-packages/airflow/example_dags/tutorial_taskflow_api.py
[2026-03-28T22:16:37.188+0000] {processor.py:840} INFO - DAG(s) 'tutorial_taskflow_api' retrieved from /home/airflow/.local/lib/python3.8/site-packages/airflow/example_dags/tutorial_taskflow_api.py
[2026-03-28T22:16:37.211+0000] {logging_mixin.py:188} INFO - [2026-03-28T22:16:37.211+0000] {dag.py:3036} INFO - Sync 1 DAGs
[2026-03-28T22:16:37.222+0000] {logging_mixin.py:188} INFO - [2026-03-28T22:16:37.222+0000] {dag.py:3823} INFO - Setting next_dagrun for tutorial_taskflow_api to None, run_after=None
[2026-03-28T22:16:37.246+0000] {processor.py:183} INFO - Processing /home/airflow/.local/lib/python3.8/site-packages/airflow/example_dags/tutorial_taskflow_api.py took 0.074 seconds
[2026-03-28T22:17:07.407+0000] {processor.py:161} INFO - Started process (PID=401) to work on /home/airflow/.local/lib/python3.8/site-packages/airflow/example_dags/tutorial_taskflow_api.py
[2026-03-28T22:17:07.409+0000] {processor.py:830} INFO - Processing file /home/airflow/.local/lib/python3.8/site-packages/airflow/example_dags/tutorial_taskflow_api.py for tasks to queue
[2026-03-28T22:17:07.411+0000] {logging_mixin.py:188} INFO - [2026-03-28T22:17:07.410+0000] {dagbag.py:538} INFO - Filling up the DagBag from /home/airflow/.local/lib/python3.8/site-packages/airflow/example_dags/tutorial_taskflow_api.py
[2026-03-28T22:17:07.417+0000] {processor.py:840} INFO - DAG(s) 'tutorial_taskflow_api' retrieved from /home/airflow/.local/lib/python3.8/site-packages/airflow/example_dags/tutorial_taskflow_api.py
[2026-03-28T22:17:07.436+0000] {logging_mixin.py:188} INFO - [2026-03-28T22:17:07.436+0000] {dag.py:3036} INFO - Sync 1 DAGs
[2026-03-28T22:17:07.448+0000] {logging_mixin.py:188} INFO - [2026-03-28T22:17:07.447+0000] {dag.py:3823} INFO - Setting next_dagrun for tutorial_taskflow_api to None, run_after=None
[2026-03-28T22:17:07.487+0000] {processor.py:183} INFO - Processing /home/airflow/.local/lib/python3.8/site-packages/airflow/example_dags/tutorial_taskflow_api.py took 0.083 seconds
[2026-03-28T22:17:37.627+0000] {processor.py:161} INFO - Started process (PID=457) to work on /home/airflow/.local/lib/python3.8/site-packages/airflow/example_dags/tutorial_taskflow_api.py
[2026-03-28T22:17:37.628+0000] {processor.py:830} INFO - Processing file /home/airflow/.local/lib/python3.8/site-packages/airflow/example_dags/tutorial_taskflow_api.py for tasks to queue
[2026-03-28T22:17:37.630+0000] {logging_mixin.py:188} INFO - [2026-03-28T22:17:37.630+0000] {dagbag.py:538} INFO - Filling up the DagBag from /home/airflow/.local/lib/python3.8/site-packages/airflow/example_dags/tutorial_taskflow_api.py
[2026-03-28T22:17:37.636+0000] {processor.py:840} INFO - DAG(s) 'tutorial_taskflow_api' retrieved from /home/airflow/.local/lib/python3.8/site-packages/airflow/example_dags/tutorial_taskflow_api.py
[2026-03-28T22:17:37.655+0000] {logging_mixin.py:188} INFO - [2026-03-28T22:17:37.654+0000] {dag.py:3036} INFO - Sync 1 DAGs
[2026-03-28T22:17:37.667+0000] {logging_mixin.py:188} INFO - [2026-03-28T22:17:37.667+0000] {dag.py:3823} INFO - Setting next_dagrun for tutorial_taskflow_api to None, run_after=None
[2026-03-28T22:17:37.709+0000] {processor.py:183} INFO - Processing /home/airflow/.local/lib/python3.8/site-packages/airflow/example_dags/tutorial_taskflow_api.py took 0.085 seconds
[2026-03-28T22:18:08.259+0000] {processor.py:161} INFO - Started process (PID=513) to work on /home/airflow/.local/lib/python3.8/site-packages/airflow/example_dags/tutorial_taskflow_api.py
[2026-03-28T22:18:08.260+0000] {processor.py:830} INFO - Processing file /home/airflow/.local/lib/python3.8/site-packages/airflow/example_dags/tutorial_taskflow_api.py for tasks to queue
[2026-03-28T22:18:08.262+0000] {logging_mixin.py:188} INFO - [2026-03-28T22:18:08.262+0000] {dagbag.py:538} INFO - Filling up the DagBag from /home/airflow/.local/lib/python3.8/site-packages/airflow/example_dags/tutorial_taskflow_api.py
[2026-03-28T22:18:08.269+0000] {processor.py:840} INFO - DAG(s) 'tutorial_taskflow_api' retrieved from /home/airflow/.local/lib/python3.8/site-packages/airflow/example_dags/tutorial_taskflow_api.py
[2026-03-28T22:18:08.293+0000] {logging_mixin.py:188} INFO - [2026-03-28T22:18:08.293+0000] {dag.py:3036} INFO - Sync 1 DAGs
[2026-03-28T22:18:08.305+0000] {logging_mixin.py:188} INFO - [2026-03-28T22:18:08.304+0000] {dag.py:3823} INFO - Setting next_dagrun for tutorial_taskflow_api to None, run_after=None
[2026-03-28T22:18:08.327+0000] {processor.py:183} INFO - Processing /home/airflow/.local/lib/python3.8/site-packages/airflow/example_dags/tutorial_taskflow_api.py took 0.071 seconds
[2026-03-28T22:18:38.673+0000] {processor.py:161} INFO - Started process (PID=569) to work on /home/airflow/.local/lib/python3.8/site-packages/airflow/example_dags/tutorial_taskflow_api.py
[2026-03-28T22:18:38.674+0000] {processor.py:830} INFO - Processing file /home/airflow/.local/lib/python3.8/site-packages/airflow/example_dags/tutorial_taskflow_api.py for tasks to queue
[2026-03-28T22:18:38.676+0000] {logging_mixin.py:188} INFO - [2026-03-28T22:18:38.676+0000] {dagbag.py:538} INFO - Filling up the DagBag from /home/airflow/.local/lib/python3.8/site-packages/airflow/example_dags/tutorial_taskflow_api.py
[2026-03-28T22:18:38.682+0000] {processor.py:840} INFO - DAG(s) 'tutorial_taskflow_api' retrieved from /home/airflow/.local/lib/python3.8/site-packages/airflow/example_dags/tutorial_taskflow_api.py
[2026-03-28T22:18:38.705+0000] {logging_mixin.py:188} INFO - [2026-03-28T22:18:38.705+0000] {dag.py:3036} INFO - Sync 1 DAGs
[2026-03-28T22:18:38.724+0000] {logging_mixin.py:188} INFO - [2026-03-28T22:18:38.724+0000] {dag.py:3823} INFO - Setting next_dagrun for tutorial_taskflow_api to None, run_after=None
[2026-03-28T22:18:38.747+0000] {processor.py:183} INFO - Processing /home/airflow/.local/lib/python3.8/site-packages/airflow/example_dags/tutorial_taskflow_api.py took 0.077 seconds
[2026-03-28T22:19:08.795+0000] {processor.py:161} INFO - Started process (PID=625) to work on /home/airflow/.local/lib/python3.8/site-packages/airflow/example_dags/tutorial_taskflow_api.py
[2026-03-28T22:19:08.796+0000] {processor.py:830} INFO - Processing file /home/airflow/.local/lib/python3.8/site-packages/airflow/example_dags/tutorial_taskflow_api.py for tasks to queue
[2026-03-28T22:19:08.799+0000] {logging_mixin.py:188} INFO - [2026-03-28T22:19:08.798+0000] {dagbag.py:538} INFO - Filling up the DagBag from /home/airflow/.local/lib/python3.8/site-packages/airflow/example_dags/tutorial_taskflow_api.py
[2026-03-28T22:19:08.806+0000] {processor.py:840} INFO - DAG(s) 'tutorial_taskflow_api' retrieved from /home/airflow/.local/lib/python3.8/site-packages/airflow/example_dags/tutorial_taskflow_api.py
[2026-03-28T22:19:08.827+0000] {logging_mixin.py:188} INFO - [2026-03-28T22:19:08.827+0000] {dag.py:3036} INFO - Sync 1 DAGs
[2026-03-28T22:19:08.838+0000] {logging_mixin.py:188} INFO - [2026-03-28T22:19:08.838+0000] {dag.py:3823} INFO - Setting next_dagrun for tutorial_taskflow_api to None, run_after=None
[2026-03-28T22:19:08.860+0000] {processor.py:183} INFO - Processing /home/airflow/.local/lib/python3.8/site-packages/airflow/example_dags/tutorial_taskflow_api.py took 0.068 seconds
[2026-03-28T22:19:39.797+0000] {processor.py:161} INFO - Started process (PID=681) to work on /home/airflow/.local/lib/python3.8/site-packages/airflow/example_dags/tutorial_taskflow_api.py
[2026-03-28T22:19:39.799+0000] {processor.py:830} INFO - Processing file /home/airflow/.local/lib/python3.8/site-packages/airflow/example_dags/tutorial_taskflow_api.py for tasks to queue
[2026-03-28T22:19:39.802+0000] {logging_mixin.py:188} INFO - [2026-03-28T22:19:39.801+0000] {dagbag.py:538} INFO - Filling up the DagBag from /home/airflow/.local/lib/python3.8/site-packages/airflow/example_dags/tutorial_taskflow_api.py
[2026-03-28T22:19:39.810+0000] {processor.py:840} INFO - DAG(s) 'tutorial_taskflow_api' retrieved from /home/airflow/.local/lib/python3.8/site-packages/airflow/example_dags/tutorial_taskflow_api.py
[2026-03-28T22:19:39.838+0000] {logging_mixin.py:188} INFO - [2026-03-28T22:19:39.838+0000] {dag.py:3036} INFO - Sync 1 DAGs
[2026-03-28T22:19:39.853+0000] {logging_mixin.py:188} INFO - [2026-03-28T22:19:39.852+0000] {dag.py:3823} INFO - Setting next_dagrun for tutorial_taskflow_api to None, run_after=None
[2026-03-28T22:19:39.879+0000] {processor.py:183} INFO - Processing /home/airflow/.local/lib/python3.8/site-packages/airflow/example_dags/tutorial_taskflow_api.py took 0.088 seconds
[2026-03-28T22:20:10.374+0000] {processor.py:161} INFO - Started process (PID=737) to work on /home/airflow/.local/lib/python3.8/site-packages/airflow/example_dags/tutorial_taskflow_api.py
[2026-03-28T22:20:10.376+0000] {processor.py:830} INFO - Processing file /home/airflow/.local/lib/python3.8/site-packages/airflow/example_dags/tutorial_taskflow_api.py for tasks to queue
[2026-03-28T22:20:10.378+0000] {logging_mixin.py:188} INFO - [2026-03-28T22:20:10.378+0000] {dagbag.py:538} INFO - Filling up the DagBag from /home/airflow/.local/lib/python3.8/site-packages/airflow/example_dags/tutorial_taskflow_api.py
[2026-03-28T22:20:10.387+0000] {processor.py:840} INFO - DAG(s) 'tutorial_taskflow_api' retrieved from /home/airflow/.local/lib/python3.8/site-packages/airflow/example_dags/tutorial_taskflow_api.py
[2026-03-28T22:20:10.412+0000] {logging_mixin.py:188} INFO - [2026-03-28T22:20:10.412+0000] {dag.py:3036} INFO - Sync 1 DAGs
[2026-03-28T22:20:10.428+0000] {logging_mixin.py:188} INFO - [2026-03-28T22:20:10.428+0000] {dag.py:3823} INFO - Setting next_dagrun for tutorial_taskflow_api to None, run_after=None
[2026-03-28T22:20:10.452+0000] {processor.py:183} INFO - Processing /home/airflow/.local/lib/python3.8/site-packages/airflow/example_dags/tutorial_taskflow_api.py took 0.083 seconds
[2026-03-28T22:20:40.589+0000] {processor.py:161} INFO - Started process (PID=793) to work on /home/airflow/.local/lib/python3.8/site-packages/airflow/example_dags/tutorial_taskflow_api.py
[2026-03-28T22:20:40.590+0000] {processor.py:830} INFO - Processing file /home/airflow/.local/lib/python3.8/site-packages/airflow/example_dags/tutorial_taskflow_api.py for tasks to queue
[2026-03-28T22:20:40.593+0000] {logging_mixin.py:188} INFO - [2026-03-28T22:20:40.592+0000] {dagbag.py:538} INFO - Filling up the DagBag from /home/airflow/.local/lib/python3.8/site-packages/airflow/example_dags/tutorial_taskflow_api.py
[2026-03-28T22:20:40.601+0000] {processor.py:840} INFO - DAG(s) 'tutorial_taskflow_api' retrieved from /home/airflow/.local/lib/python3.8/site-packages/airflow/example_dags/tutorial_taskflow_api.py
[2026-03-28T22:20:40.627+0000] {logging_mixin.py:188} INFO - [2026-03-28T22:20:40.627+0000] {dag.py:3036} INFO - Sync 1 DAGs
[2026-03-28T22:20:40.641+0000] {logging_mixin.py:188} INFO - [2026-03-28T22:20:40.641+0000] {dag.py:3823} INFO - Setting next_dagrun for tutorial_taskflow_api to None, run_after=None
[2026-03-28T22:20:40.667+0000] {processor.py:183} INFO - Processing /home/airflow/.local/lib/python3.8/site-packages/airflow/example_dags/tutorial_taskflow_api.py took 0.082 seconds
[2026-03-28T22:21:11.622+0000] {processor.py:161} INFO - Started process (PID=849) to work on /home/airflow/.local/lib/python3.8/site-packages/airflow/example_dags/tutorial_taskflow_api.py
[2026-03-28T22:21:11.625+0000] {processor.py:830} INFO - Processing file /home/airflow/.local/lib/python3.8/site-packages/airflow/example_dags/tutorial_taskflow_api.py for tasks to queue
[2026-03-28T22:21:11.627+0000] {logging_mixin.py:188} INFO - [2026-03-28T22:21:11.627+0000] {dagbag.py:538} INFO - Filling up the DagBag from /home/airflow/.local/lib/python3.8/site-packages/airflow/example_dags/tutorial_taskflow_api.py
[2026-03-28T22:21:11.637+0000] {processor.py:840} INFO - DAG(s) 'tutorial_taskflow_api' retrieved from /home/airflow/.local/lib/python3.8/site-packages/airflow/example_dags/tutorial_taskflow_api.py
[2026-03-28T22:21:11.661+0000] {logging_mixin.py:188} INFO - [2026-03-28T22:21:11.661+0000] {dag.py:3036} INFO - Sync 1 DAGs
[2026-03-28T22:21:11.673+0000] {logging_mixin.py:188} INFO - [2026-03-28T22:21:11.673+0000] {dag.py:3823} INFO - Setting next_dagrun for tutorial_taskflow_api to None, run_after=None
[2026-03-28T22:21:11.699+0000] {processor.py:183} INFO - Processing /home/airflow/.local/lib/python3.8/site-packages/airflow/example_dags/tutorial_taskflow_api.py took 0.081 seconds
[2026-03-28T22:21:41.866+0000] {processor.py:161} INFO - Started process (PID=905) to work on /home/airflow/.local/lib/python3.8/site-packages/airflow/example_dags/tutorial_taskflow_api.py
[2026-03-28T22:21:41.867+0000] {processor.py:830} INFO - Processing file /home/airflow/.local/lib/python3.8/site-packages/airflow/example_dags/tutorial_taskflow_api.py for tasks to queue
[2026-03-28T22:21:41.870+0000] {logging_mixin.py:188} INFO - [2026-03-28T22:21:41.869+0000] {dagbag.py:538} INFO - Filling up the DagBag from /home/airflow/.local/lib/python3.8/site-packages/airflow/example_dags/tutorial_taskflow_api.py
[2026-03-28T22:21:41.876+0000] {processor.py:840} INFO - DAG(s) 'tutorial_taskflow_api' retrieved from /home/airflow/.local/lib/python3.8/site-packages/airflow/example_dags/tutorial_taskflow_api.py
[2026-03-28T22:21:41.898+0000] {logging_mixin.py:188} INFO - [2026-03-28T22:21:41.898+0000] {dag.py:3036} INFO - Sync 1 DAGs
[2026-03-28T22:21:41.909+0000] {logging_mixin.py:188} INFO - [2026-03-28T22:21:41.909+0000] {dag.py:3823} INFO - Setting next_dagrun for tutorial_taskflow_api to None, run_after=None
[2026-03-28T22:21:41.931+0000] {processor.py:183} INFO - Processing /home/airflow/.local/lib/python3.8/site-packages/airflow/example_dags/tutorial_taskflow_api.py took 0.068 seconds
[2026-03-28T22:22:12.117+0000] {processor.py:161} INFO - Started process (PID=961) to work on /home/airflow/.local/lib/python3.8/site-packages/airflow/example_dags/tutorial_taskflow_api.py
[2026-03-28T22:22:12.118+0000] {processor.py:830} INFO - Processing file /home/airflow/.local/lib/python3.8/site-packages/airflow/example_dags/tutorial_taskflow_api.py for tasks to queue
[2026-03-28T22:22:12.120+0000] {logging_mixin.py:188} INFO - [2026-03-28T22:22:12.120+0000] {dagbag.py:538} INFO - Filling up the DagBag from /home/airflow/.local/lib/python3.8/site-packages/airflow/example_dags/tutorial_taskflow_api.py
[2026-03-28T22:22:12.126+0000] {processor.py:840} INFO - DAG(s) 'tutorial_taskflow_api' retrieved from /home/airflow/.local/lib/python3.8/site-packages/airflow/example_dags/tutorial_taskflow_api.py
[2026-03-28T22:22:12.150+0000] {logging_mixin.py:188} INFO - [2026-03-28T22:22:12.149+0000] {dag.py:3036} INFO - Sync 1 DAGs
[2026-03-28T22:22:12.163+0000] {logging_mixin.py:188} INFO - [2026-03-28T22:22:12.162+0000] {dag.py:3823} INFO - Setting next_dagrun for tutorial_taskflow_api to None, run_after=None
[2026-03-28T22:22:12.185+0000] {processor.py:183} INFO - Processing /home/airflow/.local/lib/python3.8/site-packages/airflow/example_dags/tutorial_taskflow_api.py took 0.072 seconds
[2026-03-28T22:22:42.285+0000] {processor.py:161} INFO - Started process (PID=1017) to work on /home/airflow/.local/lib/python3.8/site-packages/airflow/example_dags/tutorial_taskflow_api.py
[2026-03-28T22:22:42.286+0000] {processor.py:830} INFO - Processing file /home/airflow/.local/lib/python3.8/site-packages/airflow/example_dags/tutorial_taskflow_api.py for tasks to queue
[2026-03-28T22:22:42.288+0000] {logging_mixin.py:188} INFO - [2026-03-28T22:22:42.288+0000] {dagbag.py:538} INFO - Filling up the DagBag from /home/airflow/.local/lib/python3.8/site-packages/airflow/example_dags/tutorial_taskflow_api.py
[2026-03-28T22:22:42.296+0000] {processor.py:840} INFO - DAG(s) 'tutorial_taskflow_api' retrieved from /home/airflow/.local/lib/python3.8/site-packages/airflow/example_dags/tutorial_taskflow_api.py
[2026-03-28T22:22:42.319+0000] {logging_mixin.py:188} INFO - [2026-03-28T22:22:42.318+0000] {dag.py:3036} INFO - Sync 1 DAGs
[2026-03-28T22:22:42.331+0000] {logging_mixin.py:188} INFO - [2026-03-28T22:22:42.331+0000] {dag.py:3823} INFO - Setting next_dagrun for tutorial_taskflow_api to None, run_after=None
[2026-03-28T22:22:42.351+0000] {processor.py:183} INFO - Processing /home/airflow/.local/lib/python3.8/site-packages/airflow/example_dags/tutorial_taskflow_api.py took 0.070 seconds
[2026-03-28T22:23:12.704+0000] {processor.py:161} INFO - Started process (PID=1073) to work on /home/airflow/.local/lib/python3.8/site-packages/airflow/example_dags/tutorial_taskflow_api.py
[2026-03-28T22:23:12.705+0000] {processor.py:830} INFO - Processing file /home/airflow/.local/lib/python3.8/site-packages/airflow/example_dags/tutorial_taskflow_api.py for tasks to queue
[2026-03-28T22:23:12.707+0000] {logging_mixin.py:188} INFO - [2026-03-28T22:23:12.707+0000] {dagbag.py:538} INFO - Filling up the DagBag from /home/airflow/.local/lib/python3.8/site-packages/airflow/example_dags/tutorial_taskflow_api.py
[2026-03-28T22:23:12.713+0000] {processor.py:840} INFO - DAG(s) 'tutorial_taskflow_api' retrieved from /home/airflow/.local/lib/python3.8/site-packages/airflow/example_dags/tutorial_taskflow_api.py
[2026-03-28T22:23:12.735+0000] {logging_mixin.py:188} INFO - [2026-03-28T22:23:12.735+0000] {dag.py:3036} INFO - Sync 1 DAGs
[2026-03-28T22:23:12.747+0000] {logging_mixin.py:188} INFO - [2026-03-28T22:23:12.747+0000] {dag.py:3823} INFO - Setting next_dagrun for tutorial_taskflow_api to None, run_after=None
[2026-03-28T22:23:12.768+0000] {processor.py:183} INFO - Processing /home/airflow/.local/lib/python3.8/site-packages/airflow/example_dags/tutorial_taskflow_api.py took 0.068 seconds
[2026-03-28T22:23:42.897+0000] {processor.py:161} INFO - Started process (PID=1129) to work on /home/airflow/.local/lib/python3.8/site-packages/airflow/example_dags/tutorial_taskflow_api.py
[2026-03-28T22:23:42.899+0000] {processor.py:830} INFO - Processing file /home/airflow/.local/lib/python3.8/site-packages/airflow/example_dags/tutorial_taskflow_api.py for tasks to queue
[2026-03-28T22:23:42.901+0000] {logging_mixin.py:188} INFO - [2026-03-28T22:23:42.901+0000] {dagbag.py:538} INFO - Filling up the DagBag from /home/airflow/.local/lib/python3.8/site-packages/airflow/example_dags/tutorial_taskflow_api.py
[2026-03-28T22:23:42.910+0000] {processor.py:840} INFO - DAG(s) 'tutorial_taskflow_api' retrieved from /home/airflow/.local/lib/python3.8/site-packages/airflow/example_dags/tutorial_taskflow_api.py
[2026-03-28T22:23:42.932+0000] {logging_mixin.py:188} INFO - [2026-03-28T22:23:42.932+0000] {dag.py:3036} INFO - Sync 1 DAGs
[2026-03-28T22:23:42.944+0000] {logging_mixin.py:188} INFO - [2026-03-28T22:23:42.943+0000] {dag.py:3823} INFO - Setting next_dagrun for tutorial_taskflow_api to None, run_after=None
[2026-03-28T22:23:42.970+0000] {processor.py:183} INFO - Processing /home/airflow/.local/lib/python3.8/site-packages/airflow/example_dags/tutorial_taskflow_api.py took 0.076 seconds
[2026-03-28T22:24:13.312+0000] {processor.py:161} INFO - Started process (PID=1185) to work on /home/airflow/.local/lib/python3.8/site-packages/airflow/example_dags/tutorial_taskflow_api.py
[2026-03-28T22:24:13.314+0000] {processor.py:830} INFO - Processing file /home/airflow/.local/lib/python3.8/site-packages/airflow/example_dags/tutorial_taskflow_api.py for tasks to queue
[2026-03-28T22:24:13.316+0000] {logging_mixin.py:188} INFO - [2026-03-28T22:24:13.316+0000] {dagbag.py:538} INFO - Filling up the DagBag from /home/airflow/.local/lib/python3.8/site-packages/airflow/example_dags/tutorial_taskflow_api.py
[2026-03-28T22:24:13.325+0000] {processor.py:840} INFO - DAG(s) 'tutorial_taskflow_api' retrieved from /home/airflow/.local/lib/python3.8/site-packages/airflow/example_dags/tutorial_taskflow_api.py
[2026-03-28T22:24:13.346+0000] {logging_mixin.py:188} INFO - [2026-03-28T22:24:13.346+0000] {dag.py:3036} INFO - Sync 1 DAGs
[2026-03-28T22:24:13.359+0000] {logging_mixin.py:188} INFO - [2026-03-28T22:24:13.359+0000] {dag.py:3823} INFO - Setting next_dagrun for tutorial_taskflow_api to None, run_after=None
[2026-03-28T22:24:13.384+0000] {processor.py:183} INFO - Processing /home/airflow/.local/lib/python3.8/site-packages/airflow/example_dags/tutorial_taskflow_api.py took 0.075 seconds
[2026-03-28T22:24:43.682+0000] {processor.py:161} INFO - Started process (PID=1241) to work on /home/airflow/.local/lib/python3.8/site-packages/airflow/example_dags/tutorial_taskflow_api.py
[2026-03-28T22:24:43.683+0000] {processor.py:830} INFO - Processing file /home/airflow/.local/lib/python3.8/site-packages/airflow/example_dags/tutorial_taskflow_api.py for tasks to queue
[2026-03-28T22:24:43.685+0000] {logging_mixin.py:188} INFO - [2026-03-28T22:24:43.685+0000] {dagbag.py:538} INFO - Filling up the DagBag from /home/airflow/.local/lib/python3.8/site-packages/airflow/example_dags/tutorial_taskflow_api.py
[2026-03-28T22:24:43.692+0000] {processor.py:840} INFO - DAG(s) 'tutorial_taskflow_api' retrieved from /home/airflow/.local/lib/python3.8/site-packages/airflow/example_dags/tutorial_taskflow_api.py
[2026-03-28T22:24:43.714+0000] {logging_mixin.py:188} INFO - [2026-03-28T22:24:43.714+0000] {dag.py:3036} INFO - Sync 1 DAGs
[2026-03-28T22:24:43.727+0000] {logging_mixin.py:188} INFO - [2026-03-28T22:24:43.727+0000] {dag.py:3823} INFO - Setting next_dagrun for tutorial_taskflow_api to None, run_after=None
[2026-03-28T22:24:43.800+0000] {processor.py:183} INFO - Processing /home/airflow/.local/lib/python3.8/site-packages/airflow/example_dags/tutorial_taskflow_api.py took 0.122 seconds
[2026-03-28T22:25:13.896+0000] {processor.py:161} INFO - Started process (PID=1297) to work on /home/airflow/.local/lib/python3.8/site-packages/airflow/example_dags/tutorial_taskflow_api.py
[2026-03-28T22:25:13.898+0000] {processor.py:830} INFO - Processing file /home/airflow/.local/lib/python3.8/site-packages/airflow/example_dags/tutorial_taskflow_api.py for tasks to queue
[2026-03-28T22:25:13.899+0000] {logging_mixin.py:188} INFO - [2026-03-28T22:25:13.899+0000] {dagbag.py:538} INFO - Filling up the DagBag from /home/airflow/.local/lib/python3.8/site-packages/airflow/example_dags/tutorial_taskflow_api.py
[2026-03-28T22:25:13.906+0000] {processor.py:840} INFO - DAG(s) 'tutorial_taskflow_api' retrieved from /home/airflow/.local/lib/python3.8/site-packages/airflow/example_dags/tutorial_taskflow_api.py
[2026-03-28T22:25:13.927+0000] {logging_mixin.py:188} INFO - [2026-03-28T22:25:13.927+0000] {dag.py:3036} INFO - Sync 1 DAGs
[2026-03-28T22:25:13.938+0000] {logging_mixin.py:188} INFO - [2026-03-28T22:25:13.938+0000] {dag.py:3823} INFO - Setting next_dagrun for tutorial_taskflow_api to None, run_after=None
[2026-03-28T22:25:13.968+0000] {processor.py:183} INFO - Processing /home/airflow/.local/lib/python3.8/site-packages/airflow/example_dags/tutorial_taskflow_api.py took 0.075 seconds
[2026-03-28T22:25:44.192+0000] {processor.py:161} INFO - Started process (PID=1353) to work on /home/airflow/.local/lib/python3.8/site-packages/airflow/example_dags/tutorial_taskflow_api.py
[2026-03-28T22:25:44.193+0000] {processor.py:830} INFO - Processing file /home/airflow/.local/lib/python3.8/site-packages/airflow/example_dags/tutorial_taskflow_api.py for tasks to queue
[2026-03-28T22:25:44.195+0000] {logging_mixin.py:188} INFO - [2026-03-28T22:25:44.194+0000] {dagbag.py:538} INFO - Filling up the DagBag from /home/airflow/.local/lib/python3.8/site-packages/airflow/example_dags/tutorial_taskflow_api.py
[2026-03-28T22:25:44.201+0000] {processor.py:840} INFO - DAG(s) 'tutorial_taskflow_api' retrieved from /home/airflow/.local/lib/python3.8/site-packages/airflow/example_dags/tutorial_taskflow_api.py
[2026-03-28T22:25:44.222+0000] {logging_mixin.py:188} INFO - [2026-03-28T22:25:44.222+0000] {dag.py:3036} INFO - Sync 1 DAGs
[2026-03-28T22:25:44.232+0000] {logging_mixin.py:188} INFO - [2026-03-28T22:25:44.232+0000] {dag.py:3823} INFO - Setting next_dagrun for tutorial_taskflow_api to None, run_after=None
[2026-03-28T22:25:44.252+0000] {processor.py:183} INFO - Processing /home/airflow/.local/lib/python3.8/site-packages/airflow/example_dags/tutorial_taskflow_api.py took 0.064 seconds
[2026-03-28T22:26:14.458+0000] {processor.py:161} INFO - Started process (PID=1410) to work on /home/airflow/.local/lib/python3.8/site-packages/airflow/example_dags/tutorial_taskflow_api.py
[2026-03-28T22:26:14.460+0000] {processor.py:830} INFO - Processing file /home/airflow/.local/lib/python3.8/site-packages/airflow/example_dags/tutorial_taskflow_api.py for tasks to queue
[2026-03-28T22:26:14.462+0000] {logging_mixin.py:188} INFO - [2026-03-28T22:26:14.462+0000] {dagbag.py:538} INFO - Filling up the DagBag from /home/airflow/.local/lib/python3.8/site-packages/airflow/example_dags/tutorial_taskflow_api.py
[2026-03-28T22:26:14.469+0000] {processor.py:840} INFO - DAG(s) 'tutorial_taskflow_api' retrieved from /home/airflow/.local/lib/python3.8/site-packages/airflow/example_dags/tutorial_taskflow_api.py
[2026-03-28T22:26:14.491+0000] {logging_mixin.py:188} INFO - [2026-03-28T22:26:14.490+0000] {dag.py:3036} INFO - Sync 1 DAGs
[2026-03-28T22:26:14.502+0000] {logging_mixin.py:188} INFO - [2026-03-28T22:26:14.502+0000] {dag.py:3823} INFO - Setting next_dagrun for tutorial_taskflow_api to None, run_after=None
[2026-03-28T22:26:14.524+0000] {processor.py:183} INFO - Processing /home/airflow/.local/lib/python3.8/site-packages/airflow/example_dags/tutorial_taskflow_api.py took 0.069 seconds
[2026-03-28T22:26:44.845+0000] {processor.py:161} INFO - Started process (PID=1466) to work on /home/airflow/.local/lib/python3.8/site-packages/airflow/example_dags/tutorial_taskflow_api.py
[2026-03-28T22:26:44.846+0000] {processor.py:830} INFO - Processing file /home/airflow/.local/lib/python3.8/site-packages/airflow/example_dags/tutorial_taskflow_api.py for tasks to queue
[2026-03-28T22:26:44.848+0000] {logging_mixin.py:188} INFO - [2026-03-28T22:26:44.848+0000] {dagbag.py:538} INFO - Filling up the DagBag from /home/airflow/.local/lib/python3.8/site-packages/airflow/example_dags/tutorial_taskflow_api.py
[2026-03-28T22:26:44.855+0000] {processor.py:840} INFO - DAG(s) 'tutorial_taskflow_api' retrieved from /home/airflow/.local/lib/python3.8/site-packages/airflow/example_dags/tutorial_taskflow_api.py
[2026-03-28T22:26:44.877+0000] {logging_mixin.py:188} INFO - [2026-03-28T22:26:44.877+0000] {dag.py:3036} INFO - Sync 1 DAGs
[2026-03-28T22:26:44.890+0000] {logging_mixin.py:188} INFO - [2026-03-28T22:26:44.890+0000] {dag.py:3823} INFO - Setting next_dagrun for tutorial_taskflow_api to None, run_after=None
[2026-03-28T22:26:44.922+0000] {processor.py:183} INFO - Processing /home/airflow/.local/lib/python3.8/site-packages/airflow/example_dags/tutorial_taskflow_api.py took 0.081 seconds
[2026-03-28T22:27:15.418+0000] {processor.py:161} INFO - Started process (PID=1522) to work on /home/airflow/.local/lib/python3.8/site-packages/airflow/example_dags/tutorial_taskflow_api.py
[2026-03-28T22:27:15.419+0000] {processor.py:830} INFO - Processing file /home/airflow/.local/lib/python3.8/site-packages/airflow/example_dags/tutorial_taskflow_api.py for tasks to queue
[2026-03-28T22:27:15.423+0000] {logging_mixin.py:188} INFO - [2026-03-28T22:27:15.423+0000] {dagbag.py:538} INFO - Filling up the DagBag from /home/airflow/.local/lib/python3.8/site-packages/airflow/example_dags/tutorial_taskflow_api.py
[2026-03-28T22:27:15.430+0000] {processor.py:840} INFO - DAG(s) 'tutorial_taskflow_api' retrieved from /home/airflow/.local/lib/python3.8/site-packages/airflow/example_dags/tutorial_taskflow_api.py
[2026-03-28T22:27:15.452+0000] {logging_mixin.py:188} INFO - [2026-03-28T22:27:15.451+0000] {dag.py:3036} INFO - Sync 1 DAGs
[2026-03-28T22:27:15.466+0000] {logging_mixin.py:188} INFO - [2026-03-28T22:27:15.465+0000] {dag.py:3823} INFO - Setting next_dagrun for tutorial_taskflow_api to None, run_after=None
[2026-03-28T22:27:15.490+0000] {processor.py:183} INFO - Processing /home/airflow/.local/lib/python3.8/site-packages/airflow/example_dags/tutorial_taskflow_api.py took 0.076 seconds
[2026-03-28T22:27:46.037+0000] {processor.py:161} INFO - Started process (PID=1578) to work on /home/airflow/.local/lib/python3.8/site-packages/airflow/example_dags/tutorial_taskflow_api.py
[2026-03-28T22:27:46.038+0000] {processor.py:830} INFO - Processing file /home/airflow/.local/lib/python3.8/site-packages/airflow/example_dags/tutorial_taskflow_api.py for tasks to queue
[2026-03-28T22:27:46.041+0000] {logging_mixin.py:188} INFO - [2026-03-28T22:27:46.041+0000] {dagbag.py:538} INFO - Filling up the DagBag from /home/airflow/.local/lib/python3.8/site-packages/airflow/example_dags/tutorial_taskflow_api.py
[2026-03-28T22:27:46.052+0000] {processor.py:840} INFO - DAG(s) 'tutorial_taskflow_api' retrieved from /home/airflow/.local/lib/python3.8/site-packages/airflow/example_dags/tutorial_taskflow_api.py
[2026-03-28T22:27:46.087+0000] {logging_mixin.py:188} INFO - [2026-03-28T22:27:46.087+0000] {dag.py:3036} INFO - Sync 1 DAGs
[2026-03-28T22:27:46.108+0000] {logging_mixin.py:188} INFO - [2026-03-28T22:27:46.108+0000] {dag.py:3823} INFO - Setting next_dagrun for tutorial_taskflow_api to None, run_after=None
[2026-03-28T22:27:46.136+0000] {processor.py:183} INFO - Processing /home/airflow/.local/lib/python3.8/site-packages/airflow/example_dags/tutorial_taskflow_api.py took 0.106 seconds
[2026-03-28T22:28:16.329+0000] {processor.py:161} INFO - Started process (PID=1634) to work on /home/airflow/.local/lib/python3.8/site-packages/airflow/example_dags/tutorial_taskflow_api.py
[2026-03-28T22:28:16.331+0000] {processor.py:830} INFO - Processing file /home/airflow/.local/lib/python3.8/site-packages/airflow/example_dags/tutorial_taskflow_api.py for tasks to queue
[2026-03-28T22:28:16.333+0000] {logging_mixin.py:188} INFO - [2026-03-28T22:28:16.333+0000] {dagbag.py:538} INFO - Filling up the DagBag from /home/airflow/.local/lib/python3.8/site-packages/airflow/example_dags/tutorial_taskflow_api.py
[2026-03-28T22:28:16.342+0000] {processor.py:840} INFO - DAG(s) 'tutorial_taskflow_api' retrieved from /home/airflow/.local/lib/python3.8/site-packages/airflow/example_dags/tutorial_taskflow_api.py
[2026-03-28T22:28:16.369+0000] {logging_mixin.py:188} INFO - [2026-03-28T22:28:16.369+0000] {dag.py:3036} INFO - Sync 1 DAGs
[2026-03-28T22:28:16.390+0000] {logging_mixin.py:188} INFO - [2026-03-28T22:28:16.389+0000] {dag.py:3823} INFO - Setting next_dagrun for tutorial_taskflow_api to None, run_after=None
[2026-03-28T22:28:16.415+0000] {processor.py:183} INFO - Processing /home/airflow/.local/lib/python3.8/site-packages/airflow/example_dags/tutorial_taskflow_api.py took 0.091 seconds
[2026-03-28T22:28:46.829+0000] {processor.py:161} INFO - Started process (PID=1690) to work on /home/airflow/.local/lib/python3.8/site-packages/airflow/example_dags/tutorial_taskflow_api.py
[2026-03-28T22:28:46.830+0000] {processor.py:830} INFO - Processing file /home/airflow/.local/lib/python3.8/site-packages/airflow/example_dags/tutorial_taskflow_api.py for tasks to queue
[2026-03-28T22:28:46.834+0000] {logging_mixin.py:188} INFO - [2026-03-28T22:28:46.833+0000] {dagbag.py:538} INFO - Filling up the DagBag from /home/airflow/.local/lib/python3.8/site-packages/airflow/example_dags/tutorial_taskflow_api.py
[2026-03-28T22:28:46.843+0000] {processor.py:840} INFO - DAG(s) 'tutorial_taskflow_api' retrieved from /home/airflow/.local/lib/python3.8/site-packages/airflow/example_dags/tutorial_taskflow_api.py
[2026-03-28T22:28:46.866+0000] {logging_mixin.py:188} INFO - [2026-03-28T22:28:46.866+0000] {dag.py:3036} INFO - Sync 1 DAGs
[2026-03-28T22:28:46.879+0000] {logging_mixin.py:188} INFO - [2026-03-28T22:28:46.879+0000] {dag.py:3823} INFO - Setting next_dagrun for tutorial_taskflow_api to None, run_after=None
[2026-03-28T22:28:46.950+0000] {processor.py:183} INFO - Processing /home/airflow/.local/lib/python3.8/site-packages/airflow/example_dags/tutorial_taskflow_api.py took 0.126 seconds
[2026-03-28T22:29:17.053+0000] {processor.py:161} INFO - Started process (PID=1746) to work on /home/airflow/.local/lib/python3.8/site-packages/airflow/example_dags/tutorial_taskflow_api.py
[2026-03-28T22:29:17.054+0000] {processor.py:830} INFO - Processing file /home/airflow/.local/lib/python3.8/site-packages/airflow/example_dags/tutorial_taskflow_api.py for tasks to queue
[2026-03-28T22:29:17.057+0000] {logging_mixin.py:188} INFO - [2026-03-28T22:29:17.056+0000] {dagbag.py:538} INFO - Filling up the DagBag from /home/airflow/.local/lib/python3.8/site-packages/airflow/example_dags/tutorial_taskflow_api.py
[2026-03-28T22:29:17.064+0000] {processor.py:840} INFO - DAG(s) 'tutorial_taskflow_api' retrieved from /home/airflow/.local/lib/python3.8/site-packages/airflow/example_dags/tutorial_taskflow_api.py
[2026-03-28T22:29:17.087+0000] {logging_mixin.py:188} INFO - [2026-03-28T22:29:17.087+0000] {dag.py:3036} INFO - Sync 1 DAGs
[2026-03-28T22:29:17.098+0000] {logging_mixin.py:188} INFO - [2026-03-28T22:29:17.098+0000] {dag.py:3823} INFO - Setting next_dagrun for tutorial_taskflow_api to None, run_after=None
[2026-03-28T22:29:17.120+0000] {processor.py:183} INFO - Processing /home/airflow/.local/lib/python3.8/site-packages/airflow/example_dags/tutorial_taskflow_api.py took 0.072 seconds
[2026-03-28T22:29:47.563+0000] {processor.py:161} INFO - Started process (PID=1802) to work on /home/airflow/.local/lib/python3.8/site-packages/airflow/example_dags/tutorial_taskflow_api.py
[2026-03-28T22:29:47.564+0000] {processor.py:830} INFO - Processing file /home/airflow/.local/lib/python3.8/site-packages/airflow/example_dags/tutorial_taskflow_api.py for tasks to queue
[2026-03-28T22:29:47.566+0000] {logging_mixin.py:188} INFO - [2026-03-28T22:29:47.565+0000] {dagbag.py:538} INFO - Filling up the DagBag from /home/airflow/.local/lib/python3.8/site-packages/airflow/example_dags/tutorial_taskflow_api.py
[2026-03-28T22:29:47.572+0000] {processor.py:840} INFO - DAG(s) 'tutorial_taskflow_api' retrieved from /home/airflow/.local/lib/python3.8/site-packages/airflow/example_dags/tutorial_taskflow_api.py
[2026-03-28T22:29:47.592+0000] {logging_mixin.py:188} INFO - [2026-03-28T22:29:47.592+0000] {dag.py:3036} INFO - Sync 1 DAGs
[2026-03-28T22:29:47.605+0000] {logging_mixin.py:188} INFO - [2026-03-28T22:29:47.605+0000] {dag.py:3823} INFO - Setting next_dagrun for tutorial_taskflow_api to None, run_after=None
[2026-03-28T22:29:47.625+0000] {processor.py:183} INFO - Processing /home/airflow/.local/lib/python3.8/site-packages/airflow/example_dags/tutorial_taskflow_api.py took 0.065 seconds
[2026-03-28T22:30:17.822+0000] {processor.py:161} INFO - Started process (PID=1858) to work on /home/airflow/.local/lib/python3.8/site-packages/airflow/example_dags/tutorial_taskflow_api.py
[2026-03-28T22:30:17.824+0000] {processor.py:830} INFO - Processing file /home/airflow/.local/lib/python3.8/site-packages/airflow/example_dags/tutorial_taskflow_api.py for tasks to queue
[2026-03-28T22:30:17.827+0000] {logging_mixin.py:188} INFO - [2026-03-28T22:30:17.826+0000] {dagbag.py:538} INFO - Filling up the DagBag from /home/airflow/.local/lib/python3.8/site-packages/airflow/example_dags/tutorial_taskflow_api.py
[2026-03-28T22:30:17.834+0000] {processor.py:840} INFO - DAG(s) 'tutorial_taskflow_api' retrieved from /home/airflow/.local/lib/python3.8/site-packages/airflow/example_dags/tutorial_taskflow_api.py
[2026-03-28T22:30:17.854+0000] {logging_mixin.py:188} INFO - [2026-03-28T22:30:17.854+0000] {dag.py:3036} INFO - Sync 1 DAGs
[2026-03-28T22:30:17.866+0000] {logging_mixin.py:188} INFO - [2026-03-28T22:30:17.865+0000] {dag.py:3823} INFO - Setting next_dagrun for tutorial_taskflow_api to None, run_after=None
[2026-03-28T22:30:17.887+0000] {processor.py:183} INFO - Processing /home/airflow/.local/lib/python3.8/site-packages/airflow/example_dags/tutorial_taskflow_api.py took 0.069 seconds
[2026-03-28T22:30:48.244+0000] {processor.py:161} INFO - Started process (PID=1915) to work on /home/airflow/.local/lib/python3.8/site-packages/airflow/example_dags/tutorial_taskflow_api.py
[2026-03-28T22:30:48.245+0000] {processor.py:830} INFO - Processing file /home/airflow/.local/lib/python3.8/site-packages/airflow/example_dags/tutorial_taskflow_api.py for tasks to queue
[2026-03-28T22:30:48.248+0000] {logging_mixin.py:188} INFO - [2026-03-28T22:30:48.247+0000] {dagbag.py:538} INFO - Filling up the DagBag from /home/airflow/.local/lib/python3.8/site-packages/airflow/example_dags/tutorial_taskflow_api.py
[2026-03-28T22:30:48.256+0000] {processor.py:840} INFO - DAG(s) 'tutorial_taskflow_api' retrieved from /home/airflow/.local/lib/python3.8/site-packages/airflow/example_dags/tutorial_taskflow_api.py
[2026-03-28T22:30:48.282+0000] {logging_mixin.py:188} INFO - [2026-03-28T22:30:48.281+0000] {dag.py:3036} INFO - Sync 1 DAGs
[2026-03-28T22:30:48.298+0000] {logging_mixin.py:188} INFO - [2026-03-28T22:30:48.298+0000] {dag.py:3823} INFO - Setting next_dagrun for tutorial_taskflow_api to None, run_after=None
[2026-03-28T22:30:48.321+0000] {processor.py:183} INFO - Processing /home/airflow/.local/lib/python3.8/site-packages/airflow/example_dags/tutorial_taskflow_api.py took 0.082 seconds
[2026-03-28T22:31:36.137+0000] {processor.py:161} INFO - Started process (PID=60) to work on /home/airflow/.local/lib/python3.8/site-packages/airflow/example_dags/tutorial_taskflow_api.py
[2026-03-28T22:31:36.139+0000] {processor.py:830} INFO - Processing file /home/airflow/.local/lib/python3.8/site-packages/airflow/example_dags/tutorial_taskflow_api.py for tasks to queue
[2026-03-28T22:31:36.142+0000] {logging_mixin.py:188} INFO - [2026-03-28T22:31:36.141+0000] {dagbag.py:538} INFO - Filling up the DagBag from /home/airflow/.local/lib/python3.8/site-packages/airflow/example_dags/tutorial_taskflow_api.py
[2026-03-28T22:31:36.156+0000] {processor.py:840} INFO - DAG(s) 'tutorial_taskflow_api' retrieved from /home/airflow/.local/lib/python3.8/site-packages/airflow/example_dags/tutorial_taskflow_api.py
[2026-03-28T22:31:36.177+0000] {logging_mixin.py:188} INFO - [2026-03-28T22:31:36.177+0000] {dag.py:3036} INFO - Sync 1 DAGs
[2026-03-28T22:31:36.202+0000] {logging_mixin.py:188} INFO - [2026-03-28T22:31:36.202+0000] {dag.py:3823} INFO - Setting next_dagrun for tutorial_taskflow_api to None, run_after=None
[2026-03-28T22:31:36.238+0000] {processor.py:183} INFO - Processing /home/airflow/.local/lib/python3.8/site-packages/airflow/example_dags/tutorial_taskflow_api.py took 0.106 seconds
[2026-03-28T22:32:12.227+0000] {processor.py:161} INFO - Started process (PID=61) to work on /home/airflow/.local/lib/python3.8/site-packages/airflow/example_dags/tutorial_taskflow_api.py
[2026-03-28T22:32:12.229+0000] {processor.py:830} INFO - Processing file /home/airflow/.local/lib/python3.8/site-packages/airflow/example_dags/tutorial_taskflow_api.py for tasks to queue
[2026-03-28T22:32:12.231+0000] {logging_mixin.py:188} INFO - [2026-03-28T22:32:12.231+0000] {dagbag.py:538} INFO - Filling up the DagBag from /home/airflow/.local/lib/python3.8/site-packages/airflow/example_dags/tutorial_taskflow_api.py
[2026-03-28T22:32:12.241+0000] {processor.py:840} INFO - DAG(s) 'tutorial_taskflow_api' retrieved from /home/airflow/.local/lib/python3.8/site-packages/airflow/example_dags/tutorial_taskflow_api.py
[2026-03-28T22:32:12.257+0000] {logging_mixin.py:188} INFO - [2026-03-28T22:32:12.257+0000] {dag.py:3036} INFO - Sync 1 DAGs
[2026-03-28T22:32:12.271+0000] {logging_mixin.py:188} INFO - [2026-03-28T22:32:12.271+0000] {dag.py:3823} INFO - Setting next_dagrun for tutorial_taskflow_api to None, run_after=None
[2026-03-28T22:32:12.300+0000] {processor.py:183} INFO - Processing /home/airflow/.local/lib/python3.8/site-packages/airflow/example_dags/tutorial_taskflow_api.py took 0.076 seconds
[2026-03-28T22:32:42.722+0000] {processor.py:161} INFO - Started process (PID=117) to work on /home/airflow/.local/lib/python3.8/site-packages/airflow/example_dags/tutorial_taskflow_api.py
[2026-03-28T22:32:42.723+0000] {processor.py:830} INFO - Processing file /home/airflow/.local/lib/python3.8/site-packages/airflow/example_dags/tutorial_taskflow_api.py for tasks to queue
[2026-03-28T22:32:42.725+0000] {logging_mixin.py:188} INFO - [2026-03-28T22:32:42.725+0000] {dagbag.py:538} INFO - Filling up the DagBag from /home/airflow/.local/lib/python3.8/site-packages/airflow/example_dags/tutorial_taskflow_api.py
[2026-03-28T22:32:42.734+0000] {processor.py:840} INFO - DAG(s) 'tutorial_taskflow_api' retrieved from /home/airflow/.local/lib/python3.8/site-packages/airflow/example_dags/tutorial_taskflow_api.py
[2026-03-28T22:32:42.836+0000] {logging_mixin.py:188} INFO - [2026-03-28T22:32:42.835+0000] {dag.py:3036} INFO - Sync 1 DAGs
[2026-03-28T22:32:42.853+0000] {logging_mixin.py:188} INFO - [2026-03-28T22:32:42.853+0000] {dag.py:3823} INFO - Setting next_dagrun for tutorial_taskflow_api to None, run_after=None
[2026-03-28T22:32:42.918+0000] {processor.py:183} INFO - Processing /home/airflow/.local/lib/python3.8/site-packages/airflow/example_dags/tutorial_taskflow_api.py took 0.200 seconds
[2026-03-28T22:33:59.529+0000] {processor.py:161} INFO - Started process (PID=78) to work on /home/airflow/.local/lib/python3.8/site-packages/airflow/example_dags/tutorial_taskflow_api.py
[2026-03-28T22:33:59.531+0000] {processor.py:830} INFO - Processing file /home/airflow/.local/lib/python3.8/site-packages/airflow/example_dags/tutorial_taskflow_api.py for tasks to queue
[2026-03-28T22:33:59.534+0000] {logging_mixin.py:188} INFO - [2026-03-28T22:33:59.534+0000] {dagbag.py:538} INFO - Filling up the DagBag from /home/airflow/.local/lib/python3.8/site-packages/airflow/example_dags/tutorial_taskflow_api.py
[2026-03-28T22:33:59.548+0000] {processor.py:840} INFO - DAG(s) 'tutorial_taskflow_api' retrieved from /home/airflow/.local/lib/python3.8/site-packages/airflow/example_dags/tutorial_taskflow_api.py
[2026-03-28T22:33:59.722+0000] {logging_mixin.py:188} INFO - [2026-03-28T22:33:59.721+0000] {dag.py:3036} INFO - Sync 1 DAGs
[2026-03-28T22:33:59.737+0000] {logging_mixin.py:188} INFO - [2026-03-28T22:33:59.736+0000] {dag.py:3823} INFO - Setting next_dagrun for tutorial_taskflow_api to None, run_after=None
[2026-03-28T22:34:00.905+0000] {processor.py:183} INFO - Processing /home/airflow/.local/lib/python3.8/site-packages/airflow/example_dags/tutorial_taskflow_api.py took 1.381 seconds
[2026-03-28T22:34:31.060+0000] {processor.py:161} INFO - Started process (PID=134) to work on /home/airflow/.local/lib/python3.8/site-packages/airflow/example_dags/tutorial_taskflow_api.py
[2026-03-28T22:34:31.062+0000] {processor.py:830} INFO - Processing file /home/airflow/.local/lib/python3.8/site-packages/airflow/example_dags/tutorial_taskflow_api.py for tasks to queue
[2026-03-28T22:34:31.066+0000] {logging_mixin.py:188} INFO - [2026-03-28T22:34:31.066+0000] {dagbag.py:538} INFO - Filling up the DagBag from /home/airflow/.local/lib/python3.8/site-packages/airflow/example_dags/tutorial_taskflow_api.py
[2026-03-28T22:34:31.077+0000] {processor.py:840} INFO - DAG(s) 'tutorial_taskflow_api' retrieved from /home/airflow/.local/lib/python3.8/site-packages/airflow/example_dags/tutorial_taskflow_api.py
[2026-03-28T22:34:31.112+0000] {logging_mixin.py:188} INFO - [2026-03-28T22:34:31.112+0000] {dag.py:3036} INFO - Sync 1 DAGs
[2026-03-28T22:34:31.134+0000] {logging_mixin.py:188} INFO - [2026-03-28T22:34:31.134+0000] {dag.py:3823} INFO - Setting next_dagrun for tutorial_taskflow_api to None, run_after=None
[2026-03-28T22:34:31.181+0000] {processor.py:183} INFO - Processing /home/airflow/.local/lib/python3.8/site-packages/airflow/example_dags/tutorial_taskflow_api.py took 0.126 seconds
[2026-03-28T22:35:01.319+0000] {processor.py:161} INFO - Started process (PID=190) to work on /home/airflow/.local/lib/python3.8/site-packages/airflow/example_dags/tutorial_taskflow_api.py
[2026-03-28T22:35:01.321+0000] {processor.py:830} INFO - Processing file /home/airflow/.local/lib/python3.8/site-packages/airflow/example_dags/tutorial_taskflow_api.py for tasks to queue
[2026-03-28T22:35:01.323+0000] {logging_mixin.py:188} INFO - [2026-03-28T22:35:01.323+0000] {dagbag.py:538} INFO - Filling up the DagBag from /home/airflow/.local/lib/python3.8/site-packages/airflow/example_dags/tutorial_taskflow_api.py
[2026-03-28T22:35:01.332+0000] {processor.py:840} INFO - DAG(s) 'tutorial_taskflow_api' retrieved from /home/airflow/.local/lib/python3.8/site-packages/airflow/example_dags/tutorial_taskflow_api.py
[2026-03-28T22:35:01.356+0000] {logging_mixin.py:188} INFO - [2026-03-28T22:35:01.355+0000] {dag.py:3036} INFO - Sync 1 DAGs
[2026-03-28T22:35:01.372+0000] {logging_mixin.py:188} INFO - [2026-03-28T22:35:01.372+0000] {dag.py:3823} INFO - Setting next_dagrun for tutorial_taskflow_api to None, run_after=None
[2026-03-28T22:35:01.396+0000] {processor.py:183} INFO - Processing /home/airflow/.local/lib/python3.8/site-packages/airflow/example_dags/tutorial_taskflow_api.py took 0.081 seconds
[2026-03-28T22:35:31.514+0000] {processor.py:161} INFO - Started process (PID=246) to work on /home/airflow/.local/lib/python3.8/site-packages/airflow/example_dags/tutorial_taskflow_api.py
[2026-03-28T22:35:31.515+0000] {processor.py:830} INFO - Processing file /home/airflow/.local/lib/python3.8/site-packages/airflow/example_dags/tutorial_taskflow_api.py for tasks to queue
[2026-03-28T22:35:31.517+0000] {logging_mixin.py:188} INFO - [2026-03-28T22:35:31.517+0000] {dagbag.py:538} INFO - Filling up the DagBag from /home/airflow/.local/lib/python3.8/site-packages/airflow/example_dags/tutorial_taskflow_api.py
[2026-03-28T22:35:31.525+0000] {processor.py:840} INFO - DAG(s) 'tutorial_taskflow_api' retrieved from /home/airflow/.local/lib/python3.8/site-packages/airflow/example_dags/tutorial_taskflow_api.py
[2026-03-28T22:35:31.546+0000] {logging_mixin.py:188} INFO - [2026-03-28T22:35:31.546+0000] {dag.py:3036} INFO - Sync 1 DAGs
[2026-03-28T22:35:31.557+0000] {logging_mixin.py:188} INFO - [2026-03-28T22:35:31.557+0000] {dag.py:3823} INFO - Setting next_dagrun for tutorial_taskflow_api to None, run_after=None
[2026-03-28T22:35:31.581+0000] {processor.py:183} INFO - Processing /home/airflow/.local/lib/python3.8/site-packages/airflow/example_dags/tutorial_taskflow_api.py took 0.070 seconds
[2026-03-28T22:36:01.798+0000] {processor.py:161} INFO - Started process (PID=302) to work on /home/airflow/.local/lib/python3.8/site-packages/airflow/example_dags/tutorial_taskflow_api.py
[2026-03-28T22:36:01.799+0000] {processor.py:830} INFO - Processing file /home/airflow/.local/lib/python3.8/site-packages/airflow/example_dags/tutorial_taskflow_api.py for tasks to queue
[2026-03-28T22:36:01.801+0000] {logging_mixin.py:188} INFO - [2026-03-28T22:36:01.800+0000] {dagbag.py:538} INFO - Filling up the DagBag from /home/airflow/.local/lib/python3.8/site-packages/airflow/example_dags/tutorial_taskflow_api.py
[2026-03-28T22:36:01.807+0000] {processor.py:840} INFO - DAG(s) 'tutorial_taskflow_api' retrieved from /home/airflow/.local/lib/python3.8/site-packages/airflow/example_dags/tutorial_taskflow_api.py
[2026-03-28T22:36:01.827+0000] {logging_mixin.py:188} INFO - [2026-03-28T22:36:01.827+0000] {dag.py:3036} INFO - Sync 1 DAGs
[2026-03-28T22:36:01.838+0000] {logging_mixin.py:188} INFO - [2026-03-28T22:36:01.838+0000] {dag.py:3823} INFO - Setting next_dagrun for tutorial_taskflow_api to None, run_after=None
[2026-03-28T22:36:01.864+0000] {processor.py:183} INFO - Processing /home/airflow/.local/lib/python3.8/site-packages/airflow/example_dags/tutorial_taskflow_api.py took 0.069 seconds
[2026-03-28T22:36:32.265+0000] {processor.py:161} INFO - Started process (PID=358) to work on /home/airflow/.local/lib/python3.8/site-packages/airflow/example_dags/tutorial_taskflow_api.py
[2026-03-28T22:36:32.266+0000] {processor.py:830} INFO - Processing file /home/airflow/.local/lib/python3.8/site-packages/airflow/example_dags/tutorial_taskflow_api.py for tasks to queue
[2026-03-28T22:36:32.268+0000] {logging_mixin.py:188} INFO - [2026-03-28T22:36:32.268+0000] {dagbag.py:538} INFO - Filling up the DagBag from /home/airflow/.local/lib/python3.8/site-packages/airflow/example_dags/tutorial_taskflow_api.py
[2026-03-28T22:36:32.276+0000] {processor.py:840} INFO - DAG(s) 'tutorial_taskflow_api' retrieved from /home/airflow/.local/lib/python3.8/site-packages/airflow/example_dags/tutorial_taskflow_api.py
[2026-03-28T22:36:32.298+0000] {logging_mixin.py:188} INFO - [2026-03-28T22:36:32.298+0000] {dag.py:3036} INFO - Sync 1 DAGs
[2026-03-28T22:36:32.310+0000] {logging_mixin.py:188} INFO - [2026-03-28T22:36:32.310+0000] {dag.py:3823} INFO - Setting next_dagrun for tutorial_taskflow_api to None, run_after=None
[2026-03-28T22:36:32.331+0000] {processor.py:183} INFO - Processing /home/airflow/.local/lib/python3.8/site-packages/airflow/example_dags/tutorial_taskflow_api.py took 0.069 seconds
[2026-03-28T22:37:02.510+0000] {processor.py:161} INFO - Started process (PID=414) to work on /home/airflow/.local/lib/python3.8/site-packages/airflow/example_dags/tutorial_taskflow_api.py
[2026-03-28T22:37:02.512+0000] {processor.py:830} INFO - Processing file /home/airflow/.local/lib/python3.8/site-packages/airflow/example_dags/tutorial_taskflow_api.py for tasks to queue
[2026-03-28T22:37:02.514+0000] {logging_mixin.py:188} INFO - [2026-03-28T22:37:02.514+0000] {dagbag.py:538} INFO - Filling up the DagBag from /home/airflow/.local/lib/python3.8/site-packages/airflow/example_dags/tutorial_taskflow_api.py
[2026-03-28T22:37:02.522+0000] {processor.py:840} INFO - DAG(s) 'tutorial_taskflow_api' retrieved from /home/airflow/.local/lib/python3.8/site-packages/airflow/example_dags/tutorial_taskflow_api.py
[2026-03-28T22:37:02.551+0000] {logging_mixin.py:188} INFO - [2026-03-28T22:37:02.550+0000] {dag.py:3036} INFO - Sync 1 DAGs
[2026-03-28T22:37:02.566+0000] {logging_mixin.py:188} INFO - [2026-03-28T22:37:02.566+0000] {dag.py:3823} INFO - Setting next_dagrun for tutorial_taskflow_api to None, run_after=None
[2026-03-28T22:37:02.591+0000] {processor.py:183} INFO - Processing /home/airflow/.local/lib/python3.8/site-packages/airflow/example_dags/tutorial_taskflow_api.py took 0.084 seconds
[2026-03-28T22:37:40.834+0000] {processor.py:161} INFO - Started process (PID=60) to work on /home/airflow/.local/lib/python3.8/site-packages/airflow/example_dags/tutorial_taskflow_api.py
[2026-03-28T22:37:40.835+0000] {processor.py:830} INFO - Processing file /home/airflow/.local/lib/python3.8/site-packages/airflow/example_dags/tutorial_taskflow_api.py for tasks to queue
[2026-03-28T22:37:40.838+0000] {logging_mixin.py:188} INFO - [2026-03-28T22:37:40.837+0000] {dagbag.py:538} INFO - Filling up the DagBag from /home/airflow/.local/lib/python3.8/site-packages/airflow/example_dags/tutorial_taskflow_api.py
[2026-03-28T22:37:40.850+0000] {processor.py:840} INFO - DAG(s) 'tutorial_taskflow_api' retrieved from /home/airflow/.local/lib/python3.8/site-packages/airflow/example_dags/tutorial_taskflow_api.py
[2026-03-28T22:37:40.867+0000] {logging_mixin.py:188} INFO - [2026-03-28T22:37:40.866+0000] {dag.py:3036} INFO - Sync 1 DAGs
[2026-03-28T22:37:40.885+0000] {logging_mixin.py:188} INFO - [2026-03-28T22:37:40.885+0000] {dag.py:3823} INFO - Setting next_dagrun for tutorial_taskflow_api to None, run_after=None
[2026-03-28T22:37:40.911+0000] {processor.py:183} INFO - Processing /home/airflow/.local/lib/python3.8/site-packages/airflow/example_dags/tutorial_taskflow_api.py took 0.081 seconds
[2026-03-28T22:38:11.285+0000] {processor.py:161} INFO - Started process (PID=116) to work on /home/airflow/.local/lib/python3.8/site-packages/airflow/example_dags/tutorial_taskflow_api.py
[2026-03-28T22:38:11.287+0000] {processor.py:830} INFO - Processing file /home/airflow/.local/lib/python3.8/site-packages/airflow/example_dags/tutorial_taskflow_api.py for tasks to queue
[2026-03-28T22:38:11.290+0000] {logging_mixin.py:188} INFO - [2026-03-28T22:38:11.289+0000] {dagbag.py:538} INFO - Filling up the DagBag from /home/airflow/.local/lib/python3.8/site-packages/airflow/example_dags/tutorial_taskflow_api.py
[2026-03-28T22:38:11.298+0000] {processor.py:840} INFO - DAG(s) 'tutorial_taskflow_api' retrieved from /home/airflow/.local/lib/python3.8/site-packages/airflow/example_dags/tutorial_taskflow_api.py
[2026-03-28T22:38:11.424+0000] {logging_mixin.py:188} INFO - [2026-03-28T22:38:11.423+0000] {dag.py:3036} INFO - Sync 1 DAGs
[2026-03-28T22:38:11.438+0000] {logging_mixin.py:188} INFO - [2026-03-28T22:38:11.437+0000] {dag.py:3823} INFO - Setting next_dagrun for tutorial_taskflow_api to None, run_after=None
[2026-03-28T22:38:11.470+0000] {processor.py:183} INFO - Processing /home/airflow/.local/lib/python3.8/site-packages/airflow/example_dags/tutorial_taskflow_api.py took 0.191 seconds
[2026-03-28T22:38:42.332+0000] {processor.py:161} INFO - Started process (PID=172) to work on /home/airflow/.local/lib/python3.8/site-packages/airflow/example_dags/tutorial_taskflow_api.py
[2026-03-28T22:38:42.334+0000] {processor.py:830} INFO - Processing file /home/airflow/.local/lib/python3.8/site-packages/airflow/example_dags/tutorial_taskflow_api.py for tasks to queue
[2026-03-28T22:38:42.337+0000] {logging_mixin.py:188} INFO - [2026-03-28T22:38:42.337+0000] {dagbag.py:538} INFO - Filling up the DagBag from /home/airflow/.local/lib/python3.8/site-packages/airflow/example_dags/tutorial_taskflow_api.py
[2026-03-28T22:38:42.349+0000] {processor.py:840} INFO - DAG(s) 'tutorial_taskflow_api' retrieved from /home/airflow/.local/lib/python3.8/site-packages/airflow/example_dags/tutorial_taskflow_api.py
[2026-03-28T22:38:42.387+0000] {logging_mixin.py:188} INFO - [2026-03-28T22:38:42.387+0000] {dag.py:3036} INFO - Sync 1 DAGs
[2026-03-28T22:38:42.407+0000] {logging_mixin.py:188} INFO - [2026-03-28T22:38:42.406+0000] {dag.py:3823} INFO - Setting next_dagrun for tutorial_taskflow_api to None, run_after=None
[2026-03-28T22:38:42.452+0000] {processor.py:183} INFO - Processing /home/airflow/.local/lib/python3.8/site-packages/airflow/example_dags/tutorial_taskflow_api.py took 0.126 seconds
[2026-03-28T22:39:12.759+0000] {processor.py:161} INFO - Started process (PID=228) to work on /home/airflow/.local/lib/python3.8/site-packages/airflow/example_dags/tutorial_taskflow_api.py
[2026-03-28T22:39:12.760+0000] {processor.py:830} INFO - Processing file /home/airflow/.local/lib/python3.8/site-packages/airflow/example_dags/tutorial_taskflow_api.py for tasks to queue
[2026-03-28T22:39:12.763+0000] {logging_mixin.py:188} INFO - [2026-03-28T22:39:12.762+0000] {dagbag.py:538} INFO - Filling up the DagBag from /home/airflow/.local/lib/python3.8/site-packages/airflow/example_dags/tutorial_taskflow_api.py
[2026-03-28T22:39:12.772+0000] {processor.py:840} INFO - DAG(s) 'tutorial_taskflow_api' retrieved from /home/airflow/.local/lib/python3.8/site-packages/airflow/example_dags/tutorial_taskflow_api.py
[2026-03-28T22:39:12.800+0000] {logging_mixin.py:188} INFO - [2026-03-28T22:39:12.799+0000] {dag.py:3036} INFO - Sync 1 DAGs
[2026-03-28T22:39:12.813+0000] {logging_mixin.py:188} INFO - [2026-03-28T22:39:12.813+0000] {dag.py:3823} INFO - Setting next_dagrun for tutorial_taskflow_api to None, run_after=None
[2026-03-28T22:39:12.836+0000] {processor.py:183} INFO - Processing /home/airflow/.local/lib/python3.8/site-packages/airflow/example_dags/tutorial_taskflow_api.py took 0.081 seconds
[2026-03-28T22:39:42.967+0000] {processor.py:161} INFO - Started process (PID=284) to work on /home/airflow/.local/lib/python3.8/site-packages/airflow/example_dags/tutorial_taskflow_api.py
[2026-03-28T22:39:42.969+0000] {processor.py:830} INFO - Processing file /home/airflow/.local/lib/python3.8/site-packages/airflow/example_dags/tutorial_taskflow_api.py for tasks to queue
[2026-03-28T22:39:42.973+0000] {logging_mixin.py:188} INFO - [2026-03-28T22:39:42.972+0000] {dagbag.py:538} INFO - Filling up the DagBag from /home/airflow/.local/lib/python3.8/site-packages/airflow/example_dags/tutorial_taskflow_api.py
[2026-03-28T22:39:42.986+0000] {processor.py:840} INFO - DAG(s) 'tutorial_taskflow_api' retrieved from /home/airflow/.local/lib/python3.8/site-packages/airflow/example_dags/tutorial_taskflow_api.py
[2026-03-28T22:39:43.018+0000] {logging_mixin.py:188} INFO - [2026-03-28T22:39:43.017+0000] {dag.py:3036} INFO - Sync 1 DAGs
[2026-03-28T22:39:43.040+0000] {logging_mixin.py:188} INFO - [2026-03-28T22:39:43.039+0000] {dag.py:3823} INFO - Setting next_dagrun for tutorial_taskflow_api to None, run_after=None
[2026-03-28T22:39:43.068+0000] {processor.py:183} INFO - Processing /home/airflow/.local/lib/python3.8/site-packages/airflow/example_dags/tutorial_taskflow_api.py took 0.107 seconds
[2026-03-28T22:40:13.278+0000] {processor.py:161} INFO - Started process (PID=340) to work on /home/airflow/.local/lib/python3.8/site-packages/airflow/example_dags/tutorial_taskflow_api.py
[2026-03-28T22:40:13.279+0000] {processor.py:830} INFO - Processing file /home/airflow/.local/lib/python3.8/site-packages/airflow/example_dags/tutorial_taskflow_api.py for tasks to queue
[2026-03-28T22:40:13.281+0000] {logging_mixin.py:188} INFO - [2026-03-28T22:40:13.281+0000] {dagbag.py:538} INFO - Filling up the DagBag from /home/airflow/.local/lib/python3.8/site-packages/airflow/example_dags/tutorial_taskflow_api.py
[2026-03-28T22:40:13.290+0000] {processor.py:840} INFO - DAG(s) 'tutorial_taskflow_api' retrieved from /home/airflow/.local/lib/python3.8/site-packages/airflow/example_dags/tutorial_taskflow_api.py
[2026-03-28T22:40:13.316+0000] {logging_mixin.py:188} INFO - [2026-03-28T22:40:13.316+0000] {dag.py:3036} INFO - Sync 1 DAGs
[2026-03-28T22:40:13.332+0000] {logging_mixin.py:188} INFO - [2026-03-28T22:40:13.331+0000] {dag.py:3823} INFO - Setting next_dagrun for tutorial_taskflow_api to None, run_after=None
[2026-03-28T22:40:13.356+0000] {processor.py:183} INFO - Processing /home/airflow/.local/lib/python3.8/site-packages/airflow/example_dags/tutorial_taskflow_api.py took 0.082 seconds
[2026-03-28T22:40:43.559+0000] {processor.py:161} INFO - Started process (PID=396) to work on /home/airflow/.local/lib/python3.8/site-packages/airflow/example_dags/tutorial_taskflow_api.py
[2026-03-28T22:40:43.561+0000] {processor.py:830} INFO - Processing file /home/airflow/.local/lib/python3.8/site-packages/airflow/example_dags/tutorial_taskflow_api.py for tasks to queue
[2026-03-28T22:40:43.565+0000] {logging_mixin.py:188} INFO - [2026-03-28T22:40:43.564+0000] {dagbag.py:538} INFO - Filling up the DagBag from /home/airflow/.local/lib/python3.8/site-packages/airflow/example_dags/tutorial_taskflow_api.py
[2026-03-28T22:40:43.576+0000] {processor.py:840} INFO - DAG(s) 'tutorial_taskflow_api' retrieved from /home/airflow/.local/lib/python3.8/site-packages/airflow/example_dags/tutorial_taskflow_api.py
[2026-03-28T22:40:43.607+0000] {logging_mixin.py:188} INFO - [2026-03-28T22:40:43.606+0000] {dag.py:3036} INFO - Sync 1 DAGs
[2026-03-28T22:40:43.623+0000] {logging_mixin.py:188} INFO - [2026-03-28T22:40:43.623+0000] {dag.py:3823} INFO - Setting next_dagrun for tutorial_taskflow_api to None, run_after=None
[2026-03-28T22:40:43.651+0000] {processor.py:183} INFO - Processing /home/airflow/.local/lib/python3.8/site-packages/airflow/example_dags/tutorial_taskflow_api.py took 0.096 seconds
[2026-03-28T22:41:13.876+0000] {processor.py:161} INFO - Started process (PID=452) to work on /home/airflow/.local/lib/python3.8/site-packages/airflow/example_dags/tutorial_taskflow_api.py
[2026-03-28T22:41:13.878+0000] {processor.py:830} INFO - Processing file /home/airflow/.local/lib/python3.8/site-packages/airflow/example_dags/tutorial_taskflow_api.py for tasks to queue
[2026-03-28T22:41:13.880+0000] {logging_mixin.py:188} INFO - [2026-03-28T22:41:13.880+0000] {dagbag.py:538} INFO - Filling up the DagBag from /home/airflow/.local/lib/python3.8/site-packages/airflow/example_dags/tutorial_taskflow_api.py
[2026-03-28T22:41:13.888+0000] {processor.py:840} INFO - DAG(s) 'tutorial_taskflow_api' retrieved from /home/airflow/.local/lib/python3.8/site-packages/airflow/example_dags/tutorial_taskflow_api.py
[2026-03-28T22:41:13.901+0000] {logging_mixin.py:188} INFO - [2026-03-28T22:41:13.901+0000] {dag.py:3036} INFO - Sync 1 DAGs
[2026-03-28T22:41:13.917+0000] {logging_mixin.py:188} INFO - [2026-03-28T22:41:13.917+0000] {dag.py:3823} INFO - Setting next_dagrun for tutorial_taskflow_api to None, run_after=None
[2026-03-28T22:41:13.940+0000] {processor.py:183} INFO - Processing /home/airflow/.local/lib/python3.8/site-packages/airflow/example_dags/tutorial_taskflow_api.py took 0.068 seconds
[2026-03-28T22:41:44.745+0000] {processor.py:161} INFO - Started process (PID=508) to work on /home/airflow/.local/lib/python3.8/site-packages/airflow/example_dags/tutorial_taskflow_api.py
[2026-03-28T22:41:44.746+0000] {processor.py:830} INFO - Processing file /home/airflow/.local/lib/python3.8/site-packages/airflow/example_dags/tutorial_taskflow_api.py for tasks to queue
[2026-03-28T22:41:44.749+0000] {logging_mixin.py:188} INFO - [2026-03-28T22:41:44.748+0000] {dagbag.py:538} INFO - Filling up the DagBag from /home/airflow/.local/lib/python3.8/site-packages/airflow/example_dags/tutorial_taskflow_api.py
[2026-03-28T22:41:44.758+0000] {processor.py:840} INFO - DAG(s) 'tutorial_taskflow_api' retrieved from /home/airflow/.local/lib/python3.8/site-packages/airflow/example_dags/tutorial_taskflow_api.py
[2026-03-28T22:41:44.879+0000] {logging_mixin.py:188} INFO - [2026-03-28T22:41:44.878+0000] {dag.py:3036} INFO - Sync 1 DAGs
[2026-03-28T22:41:44.890+0000] {logging_mixin.py:188} INFO - [2026-03-28T22:41:44.890+0000] {dag.py:3823} INFO - Setting next_dagrun for tutorial_taskflow_api to None, run_after=None
[2026-03-28T22:41:44.915+0000] {processor.py:183} INFO - Processing /home/airflow/.local/lib/python3.8/site-packages/airflow/example_dags/tutorial_taskflow_api.py took 0.174 seconds
[2026-03-28T22:42:15.016+0000] {processor.py:161} INFO - Started process (PID=564) to work on /home/airflow/.local/lib/python3.8/site-packages/airflow/example_dags/tutorial_taskflow_api.py
[2026-03-28T22:42:15.017+0000] {processor.py:830} INFO - Processing file /home/airflow/.local/lib/python3.8/site-packages/airflow/example_dags/tutorial_taskflow_api.py for tasks to queue
[2026-03-28T22:42:15.020+0000] {logging_mixin.py:188} INFO - [2026-03-28T22:42:15.020+0000] {dagbag.py:538} INFO - Filling up the DagBag from /home/airflow/.local/lib/python3.8/site-packages/airflow/example_dags/tutorial_taskflow_api.py
[2026-03-28T22:42:15.027+0000] {processor.py:840} INFO - DAG(s) 'tutorial_taskflow_api' retrieved from /home/airflow/.local/lib/python3.8/site-packages/airflow/example_dags/tutorial_taskflow_api.py
[2026-03-28T22:42:15.048+0000] {logging_mixin.py:188} INFO - [2026-03-28T22:42:15.047+0000] {dag.py:3036} INFO - Sync 1 DAGs
[2026-03-28T22:42:15.058+0000] {logging_mixin.py:188} INFO - [2026-03-28T22:42:15.058+0000] {dag.py:3823} INFO - Setting next_dagrun for tutorial_taskflow_api to None, run_after=None
[2026-03-28T22:42:15.078+0000] {processor.py:183} INFO - Processing /home/airflow/.local/lib/python3.8/site-packages/airflow/example_dags/tutorial_taskflow_api.py took 0.066 seconds
[2026-03-28T22:42:45.392+0000] {processor.py:161} INFO - Started process (PID=620) to work on /home/airflow/.local/lib/python3.8/site-packages/airflow/example_dags/tutorial_taskflow_api.py
[2026-03-28T22:42:45.393+0000] {processor.py:830} INFO - Processing file /home/airflow/.local/lib/python3.8/site-packages/airflow/example_dags/tutorial_taskflow_api.py for tasks to queue
[2026-03-28T22:42:45.396+0000] {logging_mixin.py:188} INFO - [2026-03-28T22:42:45.395+0000] {dagbag.py:538} INFO - Filling up the DagBag from /home/airflow/.local/lib/python3.8/site-packages/airflow/example_dags/tutorial_taskflow_api.py
[2026-03-28T22:42:45.402+0000] {processor.py:840} INFO - DAG(s) 'tutorial_taskflow_api' retrieved from /home/airflow/.local/lib/python3.8/site-packages/airflow/example_dags/tutorial_taskflow_api.py
[2026-03-28T22:42:45.424+0000] {logging_mixin.py:188} INFO - [2026-03-28T22:42:45.424+0000] {dag.py:3036} INFO - Sync 1 DAGs
[2026-03-28T22:42:45.442+0000] {logging_mixin.py:188} INFO - [2026-03-28T22:42:45.441+0000] {dag.py:3823} INFO - Setting next_dagrun for tutorial_taskflow_api to None, run_after=None
[2026-03-28T22:42:45.474+0000] {processor.py:183} INFO - Processing /home/airflow/.local/lib/python3.8/site-packages/airflow/example_dags/tutorial_taskflow_api.py took 0.085 seconds
[2026-03-28T22:43:16.256+0000] {processor.py:161} INFO - Started process (PID=676) to work on /home/airflow/.local/lib/python3.8/site-packages/airflow/example_dags/tutorial_taskflow_api.py
[2026-03-28T22:43:16.258+0000] {processor.py:830} INFO - Processing file /home/airflow/.local/lib/python3.8/site-packages/airflow/example_dags/tutorial_taskflow_api.py for tasks to queue
[2026-03-28T22:43:16.260+0000] {logging_mixin.py:188} INFO - [2026-03-28T22:43:16.260+0000] {dagbag.py:538} INFO - Filling up the DagBag from /home/airflow/.local/lib/python3.8/site-packages/airflow/example_dags/tutorial_taskflow_api.py
[2026-03-28T22:43:16.269+0000] {processor.py:840} INFO - DAG(s) 'tutorial_taskflow_api' retrieved from /home/airflow/.local/lib/python3.8/site-packages/airflow/example_dags/tutorial_taskflow_api.py
[2026-03-28T22:43:16.294+0000] {logging_mixin.py:188} INFO - [2026-03-28T22:43:16.294+0000] {dag.py:3036} INFO - Sync 1 DAGs
[2026-03-28T22:43:16.310+0000] {logging_mixin.py:188} INFO - [2026-03-28T22:43:16.310+0000] {dag.py:3823} INFO - Setting next_dagrun for tutorial_taskflow_api to None, run_after=None
[2026-03-28T22:43:16.333+0000] {processor.py:183} INFO - Processing /home/airflow/.local/lib/python3.8/site-packages/airflow/example_dags/tutorial_taskflow_api.py took 0.083 seconds
[2026-03-28T22:43:46.718+0000] {processor.py:161} INFO - Started process (PID=732) to work on /home/airflow/.local/lib/python3.8/site-packages/airflow/example_dags/tutorial_taskflow_api.py
[2026-03-28T22:43:46.719+0000] {processor.py:830} INFO - Processing file /home/airflow/.local/lib/python3.8/site-packages/airflow/example_dags/tutorial_taskflow_api.py for tasks to queue
[2026-03-28T22:43:46.721+0000] {logging_mixin.py:188} INFO - [2026-03-28T22:43:46.721+0000] {dagbag.py:538} INFO - Filling up the DagBag from /home/airflow/.local/lib/python3.8/site-packages/airflow/example_dags/tutorial_taskflow_api.py
[2026-03-28T22:43:46.728+0000] {processor.py:840} INFO - DAG(s) 'tutorial_taskflow_api' retrieved from /home/airflow/.local/lib/python3.8/site-packages/airflow/example_dags/tutorial_taskflow_api.py
[2026-03-28T22:43:46.750+0000] {logging_mixin.py:188} INFO - [2026-03-28T22:43:46.750+0000] {dag.py:3036} INFO - Sync 1 DAGs
[2026-03-28T22:43:46.761+0000] {logging_mixin.py:188} INFO - [2026-03-28T22:43:46.761+0000] {dag.py:3823} INFO - Setting next_dagrun for tutorial_taskflow_api to None, run_after=None
[2026-03-28T22:43:46.784+0000] {processor.py:183} INFO - Processing /home/airflow/.local/lib/python3.8/site-packages/airflow/example_dags/tutorial_taskflow_api.py took 0.069 seconds
[2026-03-28T22:44:17.111+0000] {processor.py:161} INFO - Started process (PID=788) to work on /home/airflow/.local/lib/python3.8/site-packages/airflow/example_dags/tutorial_taskflow_api.py
[2026-03-28T22:44:17.112+0000] {processor.py:830} INFO - Processing file /home/airflow/.local/lib/python3.8/site-packages/airflow/example_dags/tutorial_taskflow_api.py for tasks to queue
[2026-03-28T22:44:17.114+0000] {logging_mixin.py:188} INFO - [2026-03-28T22:44:17.114+0000] {dagbag.py:538} INFO - Filling up the DagBag from /home/airflow/.local/lib/python3.8/site-packages/airflow/example_dags/tutorial_taskflow_api.py
[2026-03-28T22:44:17.121+0000] {processor.py:840} INFO - DAG(s) 'tutorial_taskflow_api' retrieved from /home/airflow/.local/lib/python3.8/site-packages/airflow/example_dags/tutorial_taskflow_api.py
[2026-03-28T22:44:17.145+0000] {logging_mixin.py:188} INFO - [2026-03-28T22:44:17.144+0000] {dag.py:3036} INFO - Sync 1 DAGs
[2026-03-28T22:44:17.161+0000] {logging_mixin.py:188} INFO - [2026-03-28T22:44:17.160+0000] {dag.py:3823} INFO - Setting next_dagrun for tutorial_taskflow_api to None, run_after=None
[2026-03-28T22:44:17.188+0000] {processor.py:183} INFO - Processing /home/airflow/.local/lib/python3.8/site-packages/airflow/example_dags/tutorial_taskflow_api.py took 0.080 seconds
[2026-03-28T22:44:47.501+0000] {processor.py:161} INFO - Started process (PID=844) to work on /home/airflow/.local/lib/python3.8/site-packages/airflow/example_dags/tutorial_taskflow_api.py
[2026-03-28T22:44:47.503+0000] {processor.py:830} INFO - Processing file /home/airflow/.local/lib/python3.8/site-packages/airflow/example_dags/tutorial_taskflow_api.py for tasks to queue
[2026-03-28T22:44:47.505+0000] {logging_mixin.py:188} INFO - [2026-03-28T22:44:47.505+0000] {dagbag.py:538} INFO - Filling up the DagBag from /home/airflow/.local/lib/python3.8/site-packages/airflow/example_dags/tutorial_taskflow_api.py
[2026-03-28T22:44:47.516+0000] {processor.py:840} INFO - DAG(s) 'tutorial_taskflow_api' retrieved from /home/airflow/.local/lib/python3.8/site-packages/airflow/example_dags/tutorial_taskflow_api.py
[2026-03-28T22:44:47.542+0000] {logging_mixin.py:188} INFO - [2026-03-28T22:44:47.542+0000] {dag.py:3036} INFO - Sync 1 DAGs
[2026-03-28T22:44:47.556+0000] {logging_mixin.py:188} INFO - [2026-03-28T22:44:47.556+0000] {dag.py:3823} INFO - Setting next_dagrun for tutorial_taskflow_api to None, run_after=None
[2026-03-28T22:44:47.581+0000] {processor.py:183} INFO - Processing /home/airflow/.local/lib/python3.8/site-packages/airflow/example_dags/tutorial_taskflow_api.py took 0.084 seconds
[2026-03-28T22:45:18.174+0000] {processor.py:161} INFO - Started process (PID=900) to work on /home/airflow/.local/lib/python3.8/site-packages/airflow/example_dags/tutorial_taskflow_api.py
[2026-03-28T22:45:18.175+0000] {processor.py:830} INFO - Processing file /home/airflow/.local/lib/python3.8/site-packages/airflow/example_dags/tutorial_taskflow_api.py for tasks to queue
[2026-03-28T22:45:18.177+0000] {logging_mixin.py:188} INFO - [2026-03-28T22:45:18.177+0000] {dagbag.py:538} INFO - Filling up the DagBag from /home/airflow/.local/lib/python3.8/site-packages/airflow/example_dags/tutorial_taskflow_api.py
[2026-03-28T22:45:18.185+0000] {processor.py:840} INFO - DAG(s) 'tutorial_taskflow_api' retrieved from /home/airflow/.local/lib/python3.8/site-packages/airflow/example_dags/tutorial_taskflow_api.py
[2026-03-28T22:45:18.207+0000] {logging_mixin.py:188} INFO - [2026-03-28T22:45:18.207+0000] {dag.py:3036} INFO - Sync 1 DAGs
[2026-03-28T22:45:18.219+0000] {logging_mixin.py:188} INFO - [2026-03-28T22:45:18.219+0000] {dag.py:3823} INFO - Setting next_dagrun for tutorial_taskflow_api to None, run_after=None
[2026-03-28T22:45:18.242+0000] {processor.py:183} INFO - Processing /home/airflow/.local/lib/python3.8/site-packages/airflow/example_dags/tutorial_taskflow_api.py took 0.072 seconds
[2026-03-28T22:45:48.592+0000] {processor.py:161} INFO - Started process (PID=956) to work on /home/airflow/.local/lib/python3.8/site-packages/airflow/example_dags/tutorial_taskflow_api.py
[2026-03-28T22:45:48.593+0000] {processor.py:830} INFO - Processing file /home/airflow/.local/lib/python3.8/site-packages/airflow/example_dags/tutorial_taskflow_api.py for tasks to queue
[2026-03-28T22:45:48.596+0000] {logging_mixin.py:188} INFO - [2026-03-28T22:45:48.596+0000] {dagbag.py:538} INFO - Filling up the DagBag from /home/airflow/.local/lib/python3.8/site-packages/airflow/example_dags/tutorial_taskflow_api.py
[2026-03-28T22:45:48.602+0000] {processor.py:840} INFO - DAG(s) 'tutorial_taskflow_api' retrieved from /home/airflow/.local/lib/python3.8/site-packages/airflow/example_dags/tutorial_taskflow_api.py
[2026-03-28T22:45:48.624+0000] {logging_mixin.py:188} INFO - [2026-03-28T22:45:48.623+0000] {dag.py:3036} INFO - Sync 1 DAGs
[2026-03-28T22:45:48.635+0000] {logging_mixin.py:188} INFO - [2026-03-28T22:45:48.635+0000] {dag.py:3823} INFO - Setting next_dagrun for tutorial_taskflow_api to None, run_after=None
[2026-03-28T22:45:48.657+0000] {processor.py:183} INFO - Processing /home/airflow/.local/lib/python3.8/site-packages/airflow/example_dags/tutorial_taskflow_api.py took 0.068 seconds
[2026-03-28T22:46:36.474+0000] {processor.py:161} INFO - Started process (PID=1006) to work on /home/airflow/.local/lib/python3.8/site-packages/airflow/example_dags/tutorial_taskflow_api.py
[2026-03-28T22:46:36.477+0000] {processor.py:830} INFO - Processing file /home/airflow/.local/lib/python3.8/site-packages/airflow/example_dags/tutorial_taskflow_api.py for tasks to queue
[2026-03-28T22:46:36.483+0000] {logging_mixin.py:188} INFO - [2026-03-28T22:46:36.483+0000] {dagbag.py:538} INFO - Filling up the DagBag from /home/airflow/.local/lib/python3.8/site-packages/airflow/example_dags/tutorial_taskflow_api.py
[2026-03-28T22:46:36.500+0000] {processor.py:840} INFO - DAG(s) 'tutorial_taskflow_api' retrieved from /home/airflow/.local/lib/python3.8/site-packages/airflow/example_dags/tutorial_taskflow_api.py
[2026-03-28T22:46:36.544+0000] {logging_mixin.py:188} INFO - [2026-03-28T22:46:36.544+0000] {dag.py:3036} INFO - Sync 1 DAGs
[2026-03-28T22:46:36.563+0000] {logging_mixin.py:188} INFO - [2026-03-28T22:46:36.563+0000] {dag.py:3823} INFO - Setting next_dagrun for tutorial_taskflow_api to None, run_after=None
[2026-03-28T22:46:36.597+0000] {processor.py:183} INFO - Processing /home/airflow/.local/lib/python3.8/site-packages/airflow/example_dags/tutorial_taskflow_api.py took 0.134 seconds
