[2026-04-14T19:46:27.390+0000] {taskinstance.py:1956} INFO - Dependencies all met for dep_context=non-requeueable deps ti=<TaskInstance: talend_dwh_pipeline.success_email scheduled__2026-04-13T00:00:00+00:00 [queued]>
[2026-04-14T19:46:27.404+0000] {taskinstance.py:1956} INFO - Dependencies all met for dep_context=requeueable deps ti=<TaskInstance: talend_dwh_pipeline.success_email scheduled__2026-04-13T00:00:00+00:00 [queued]>
[2026-04-14T19:46:27.405+0000] {taskinstance.py:2170} INFO - Starting attempt 1 of 2
[2026-04-14T19:46:27.428+0000] {taskinstance.py:2191} INFO - Executing <Task(EmailOperator): success_email> on 2026-04-13 00:00:00+00:00
[2026-04-14T19:46:27.437+0000] {standard_task_runner.py:60} INFO - Started process 252 to run task
[2026-04-14T19:46:27.443+0000] {standard_task_runner.py:87} INFO - Running: ['***', 'tasks', 'run', 'talend_dwh_pipeline', 'success_email', 'scheduled__2026-04-13T00:00:00+00:00', '--job-id', '237', '--raw', '--subdir', 'DAGS_FOLDER/talend_dwh_pipeline.py', '--cfg-path', '/tmp/tmpc_y26i73']
[2026-04-14T19:46:27.447+0000] {standard_task_runner.py:88} INFO - Job 237: Subtask success_email
[2026-04-14T19:46:27.525+0000] {task_command.py:423} INFO - Running <TaskInstance: talend_dwh_pipeline.success_email scheduled__2026-04-13T00:00:00+00:00 [running]> on host b5bb32d10d04
[2026-04-14T19:46:27.630+0000] {taskinstance.py:2480} INFO - Exporting env vars: AIRFLOW_CTX_DAG_EMAIL='chouchenemariem505@gmail.com' AIRFLOW_CTX_DAG_OWNER='***' AIRFLOW_CTX_DAG_ID='talend_dwh_pipeline' AIRFLOW_CTX_TASK_ID='success_email' AIRFLOW_CTX_EXECUTION_DATE='2026-04-13T00:00:00+00:00' AIRFLOW_CTX_TRY_NUMBER='1' AIRFLOW_CTX_DAG_RUN_ID='scheduled__2026-04-13T00:00:00+00:00'
[2026-04-14T19:46:27.649+0000] {warnings.py:109} WARNING - /home/***/.local/lib/python3.8/site-packages/***/utils/email.py:154: RemovedInAirflow3Warning: Fetching SMTP credentials from configuration variables will be deprecated in a future release. Please set credentials using a connection instead.
  send_mime_email(e_from=mail_from, e_to=recipients, mime_msg=msg, conn_id=conn_id, dryrun=dryrun)

[2026-04-14T19:46:27.652+0000] {email.py:270} INFO - Email alerting: attempt 1
[2026-04-14T19:46:30.382+0000] {taskinstance.py:2698} ERROR - Task failed with exception
Traceback (most recent call last):
  File "/home/airflow/.local/lib/python3.8/site-packages/airflow/models/taskinstance.py", line 433, in _execute_task
    result = execute_callable(context=context, **execute_callable_kwargs)
  File "/home/airflow/.local/lib/python3.8/site-packages/airflow/operators/email.py", line 79, in execute
    send_email(
  File "/home/airflow/.local/lib/python3.8/site-packages/airflow/utils/email.py", line 80, in send_email
    return backend(
  File "/home/airflow/.local/lib/python3.8/site-packages/airflow/utils/email.py", line 154, in send_email_smtp
    send_mime_email(e_from=mail_from, e_to=recipients, mime_msg=msg, conn_id=conn_id, dryrun=dryrun)
  File "/home/airflow/.local/lib/python3.8/site-packages/airflow/utils/email.py", line 280, in send_mime_email
    smtp_conn.login(smtp_user, smtp_password)
  File "/usr/local/lib/python3.8/smtplib.py", line 748, in login
    raise last_exception
  File "/usr/local/lib/python3.8/smtplib.py", line 737, in login
    (code, resp) = self.auth(
  File "/usr/local/lib/python3.8/smtplib.py", line 660, in auth
    raise SMTPAuthenticationError(code, resp)
smtplib.SMTPAuthenticationError: (535, b'5.7.8 Username and Password not accepted. For more information, go to\n5.7.8  https://support.google.com/mail/?p=BadCredentials 4fb4d7f45d1cf-670703f11f7sm3517955a12.8 - gsmtp')
[2026-04-14T19:46:30.393+0000] {taskinstance.py:1138} INFO - Marking task as UP_FOR_RETRY. dag_id=talend_dwh_pipeline, task_id=success_email, execution_date=20260413T000000, start_date=20260414T194627, end_date=20260414T194630
[2026-04-14T19:46:30.410+0000] {standard_task_runner.py:107} ERROR - Failed to execute job 237 for task success_email ((535, b'5.7.8 Username and Password not accepted. For more information, go to\n5.7.8  https://support.google.com/mail/?p=BadCredentials 4fb4d7f45d1cf-670703f11f7sm3517955a12.8 - gsmtp'); 252)
[2026-04-14T19:46:30.465+0000] {local_task_job_runner.py:234} INFO - Task exited with return code 1
[2026-04-14T19:46:30.486+0000] {taskinstance.py:3280} INFO - 0 downstream tasks scheduled from follow-on schedule check
