[2026-03-29T20:13:35.780+0000] {taskinstance.py:1956} INFO - Dependencies all met for dep_context=non-requeueable deps ti=<TaskInstance: talend_dwh_pipeline.run_master_dwh manual__2026-03-29T20:13:30.138487+00:00 [queued]>
[2026-03-29T20:13:35.800+0000] {taskinstance.py:1956} INFO - Dependencies all met for dep_context=requeueable deps ti=<TaskInstance: talend_dwh_pipeline.run_master_dwh manual__2026-03-29T20:13:30.138487+00:00 [queued]>
[2026-03-29T20:13:35.801+0000] {taskinstance.py:2170} INFO - Starting attempt 1 of 1
[2026-03-29T20:13:35.826+0000] {taskinstance.py:2191} INFO - Executing <Task(BashOperator): run_master_dwh> on 2026-03-29 20:13:30.138487+00:00
[2026-03-29T20:13:35.839+0000] {standard_task_runner.py:60} INFO - Started process 131 to run task
[2026-03-29T20:13:35.848+0000] {standard_task_runner.py:87} INFO - Running: ['***', 'tasks', 'run', 'talend_dwh_pipeline', 'run_master_dwh', 'manual__2026-03-29T20:13:30.138487+00:00', '--job-id', '97', '--raw', '--subdir', 'DAGS_FOLDER/talend_dwh_pipeline.py', '--cfg-path', '/tmp/tmpx1496p8x']
[2026-03-29T20:13:35.855+0000] {standard_task_runner.py:88} INFO - Job 97: Subtask run_master_dwh
[2026-03-29T20:13:36.002+0000] {task_command.py:423} INFO - Running <TaskInstance: talend_dwh_pipeline.run_master_dwh manual__2026-03-29T20:13:30.138487+00:00 [running]> on host 2d24ba4c9d65
[2026-03-29T20:13:36.099+0000] {abstractoperator.py:707} ERROR - Exception rendering Jinja template for task 'run_master_dwh', field 'bash_command'. Template: 'chmod +x /opt/***/talend_jobs/MASTER_DWH/MASTER_DWH_run.sh && bash /opt/***/talend_jobs/MASTER_DWH/MASTER_DWH_run.sh'
Traceback (most recent call last):
  File "/home/airflow/.local/lib/python3.8/site-packages/airflow/models/abstractoperator.py", line 699, in _do_render_template_fields
    rendered_content = self.render_template(
  File "/home/airflow/.local/lib/python3.8/site-packages/airflow/template/templater.py", line 171, in render_template
    template = jinja_env.get_template(value)
  File "/home/airflow/.local/lib/python3.8/site-packages/jinja2/environment.py", line 1010, in get_template
    return self._load_template(name, globals)
  File "/home/airflow/.local/lib/python3.8/site-packages/jinja2/environment.py", line 969, in _load_template
    template = self.loader.load(self, name, self.make_globals(globals))
  File "/home/airflow/.local/lib/python3.8/site-packages/jinja2/loaders.py", line 125, in load
    source, filename, uptodate = self.get_source(environment, name)
  File "/home/airflow/.local/lib/python3.8/site-packages/jinja2/loaders.py", line 204, in get_source
    raise TemplateNotFound(template)
jinja2.exceptions.TemplateNotFound: chmod +x /opt/airflow/talend_jobs/MASTER_DWH/MASTER_DWH_run.sh && bash /opt/airflow/talend_jobs/MASTER_DWH/MASTER_DWH_run.sh
[2026-03-29T20:13:36.102+0000] {taskinstance.py:2698} ERROR - Task failed with exception
Traceback (most recent call last):
  File "/home/airflow/.local/lib/python3.8/site-packages/airflow/models/taskinstance.py", line 2334, in _run_raw_task
    self._execute_task_with_callbacks(context, test_mode, session=session)
  File "/home/airflow/.local/lib/python3.8/site-packages/airflow/models/taskinstance.py", line 2465, in _execute_task_with_callbacks
    task_orig = self.render_templates(context=context)
  File "/home/airflow/.local/lib/python3.8/site-packages/airflow/models/taskinstance.py", line 2877, in render_templates
    original_task.render_template_fields(context)
  File "/home/airflow/.local/lib/python3.8/site-packages/airflow/models/baseoperator.py", line 1241, in render_template_fields
    self._do_render_template_fields(self, self.template_fields, context, jinja_env, set())
  File "/home/airflow/.local/lib/python3.8/site-packages/airflow/utils/session.py", line 79, in wrapper
    return func(*args, session=session, **kwargs)
  File "/home/airflow/.local/lib/python3.8/site-packages/airflow/models/abstractoperator.py", line 699, in _do_render_template_fields
    rendered_content = self.render_template(
  File "/home/airflow/.local/lib/python3.8/site-packages/airflow/template/templater.py", line 171, in render_template
    template = jinja_env.get_template(value)
  File "/home/airflow/.local/lib/python3.8/site-packages/jinja2/environment.py", line 1010, in get_template
    return self._load_template(name, globals)
  File "/home/airflow/.local/lib/python3.8/site-packages/jinja2/environment.py", line 969, in _load_template
    template = self.loader.load(self, name, self.make_globals(globals))
  File "/home/airflow/.local/lib/python3.8/site-packages/jinja2/loaders.py", line 125, in load
    source, filename, uptodate = self.get_source(environment, name)
  File "/home/airflow/.local/lib/python3.8/site-packages/jinja2/loaders.py", line 204, in get_source
    raise TemplateNotFound(template)
jinja2.exceptions.TemplateNotFound: chmod +x /opt/airflow/talend_jobs/MASTER_DWH/MASTER_DWH_run.sh && bash /opt/airflow/talend_jobs/MASTER_DWH/MASTER_DWH_run.sh
[2026-03-29T20:13:36.118+0000] {taskinstance.py:1138} INFO - Marking task as FAILED. dag_id=talend_dwh_pipeline, task_id=run_master_dwh, execution_date=20260329T201330, start_date=20260329T201335, end_date=20260329T201336
[2026-03-29T20:13:36.140+0000] {standard_task_runner.py:107} ERROR - Failed to execute job 97 for task run_master_dwh (chmod +x /opt/airflow/talend_jobs/MASTER_DWH/MASTER_DWH_run.sh && bash /opt/airflow/talend_jobs/MASTER_DWH/MASTER_DWH_run.sh; 131)
[2026-03-29T20:13:36.179+0000] {local_task_job_runner.py:234} INFO - Task exited with return code 1
[2026-03-29T20:13:36.222+0000] {taskinstance.py:3280} INFO - 0 downstream tasks scheduled from follow-on schedule check
