[2026-04-15T00:00:30.481+0000] {taskinstance.py:1956} INFO - Dependencies all met for dep_context=non-requeueable deps ti=<TaskInstance: talend_dwh_pipeline.run_master_dwh scheduled__2026-04-14T00:00:00+00:00 [queued]>
[2026-04-15T00:00:30.493+0000] {taskinstance.py:1956} INFO - Dependencies all met for dep_context=requeueable deps ti=<TaskInstance: talend_dwh_pipeline.run_master_dwh scheduled__2026-04-14T00:00:00+00:00 [queued]>
[2026-04-15T00:00:30.494+0000] {taskinstance.py:2170} INFO - Starting attempt 1 of 2
[2026-04-15T00:00:30.509+0000] {taskinstance.py:2191} INFO - Executing <Task(BashOperator): run_master_dwh> on 2026-04-14 00:00:00+00:00
[2026-04-15T00:00:30.516+0000] {standard_task_runner.py:60} INFO - Started process 3470 to run task
[2026-04-15T00:00:30.521+0000] {standard_task_runner.py:87} INFO - Running: ['***', 'tasks', 'run', 'talend_dwh_pipeline', 'run_master_dwh', 'scheduled__2026-04-14T00:00:00+00:00', '--job-id', '250', '--raw', '--subdir', 'DAGS_FOLDER/talend_dwh_pipeline.py', '--cfg-path', '/tmp/tmp9ey9y9f6']
[2026-04-15T00:00:30.526+0000] {standard_task_runner.py:88} INFO - Job 250: Subtask run_master_dwh
[2026-04-15T00:00:30.607+0000] {task_command.py:423} INFO - Running <TaskInstance: talend_dwh_pipeline.run_master_dwh scheduled__2026-04-14T00:00:00+00:00 [running]> on host b5bb32d10d04
[2026-04-15T00:00:30.716+0000] {taskinstance.py:2480} INFO - Exporting env vars: AIRFLOW_CTX_DAG_EMAIL='chouchenemariem505@gmail.com' AIRFLOW_CTX_DAG_OWNER='***' AIRFLOW_CTX_DAG_ID='talend_dwh_pipeline' AIRFLOW_CTX_TASK_ID='run_master_dwh' AIRFLOW_CTX_EXECUTION_DATE='2026-04-14T00:00:00+00:00' AIRFLOW_CTX_TRY_NUMBER='1' AIRFLOW_CTX_DAG_RUN_ID='scheduled__2026-04-14T00:00:00+00:00'
[2026-04-15T00:00:30.719+0000] {subprocess.py:63} INFO - Tmp dir root location: /tmp
[2026-04-15T00:00:30.721+0000] {subprocess.py:75} INFO - Running command: ['/usr/bin/bash', '-c', 'bash /opt/***/talend_jobs/MASTER_DWH/MASTER_DWH_run.sh --context_param dbHost=host.docker.internal --context_param dbPort=1433 --context_param dbName=event_DWH --context_param dbUser=bi --context_param dbPassword=bi --context_param dbSchema=dbo ']
[2026-04-15T00:00:30.737+0000] {subprocess.py:86} INFO - Output:
[2026-04-15T00:00:36.307+0000] {subprocess.py:93} INFO - Exception in component tDBOutput_1 (date_dwh)
[2026-04-15T00:00:36.308+0000] {subprocess.py:93} INFO - com.microsoft.sqlserver.jdbc.SQLServerException: The TCP/IP connection to the host localhost, port 1433 has failed. Error: "Connection refused. Verify the connection properties. Make sure that an instance of SQL Server is running on the host and accepting TCP/IP connections at the port. Make sure that TCP connections to the port are not blocked by a firewall.".
[2026-04-15T00:00:36.310+0000] {subprocess.py:93} INFO - 	at com.microsoft.sqlserver.jdbc.SQLServerException.makeFromDriverError(SQLServerException.java:250)
[2026-04-15T00:00:36.310+0000] {subprocess.py:93} INFO - 	at com.microsoft.sqlserver.jdbc.SQLServerException.convertConnectExceptionToSQLServerException(SQLServerException.java:316)
[2026-04-15T00:00:36.311+0000] {subprocess.py:93} INFO - 	at com.microsoft.sqlserver.jdbc.SocketFinder.findSocket(IOBuffer.java:2611)
[2026-04-15T00:00:36.312+0000] {subprocess.py:93} INFO - 	at com.microsoft.sqlserver.jdbc.TDSChannel.open(IOBuffer.java:736)
[2026-04-15T00:00:36.313+0000] {subprocess.py:93} INFO - 	at com.microsoft.sqlserver.jdbc.SQLServerConnection.connectHelper(SQLServerConnection.java:4201)
[2026-04-15T00:00:36.314+0000] {subprocess.py:93} INFO - 	at com.microsoft.sqlserver.jdbc.SQLServerConnection.login(SQLServerConnection.java:3817)
[2026-04-15T00:00:36.314+0000] {subprocess.py:93} INFO - 	at com.microsoft.sqlserver.jdbc.SQLServerConnection.connectInternal(SQLServerConnection.java:3591)
[2026-04-15T00:00:36.315+0000] {subprocess.py:93} INFO - 	at com.microsoft.sqlserver.jdbc.SQLServerConnection.connect(SQLServerConnection.java:2286)
[2026-04-15T00:00:36.315+0000] {subprocess.py:93} INFO - 	at com.microsoft.sqlserver.jdbc.SQLServerDriver.connect(SQLServerDriver.java:1371)
[2026-04-15T00:00:36.316+0000] {subprocess.py:93} INFO - 	at java.sql/java.sql.DriverManager.getConnection(DriverManager.java:681)
[2026-04-15T00:00:36.316+0000] {subprocess.py:93} INFO - 	at java.sql/java.sql.DriverManager.getConnection(DriverManager.java:229)
[2026-04-15T00:00:36.317+0000] {subprocess.py:93} INFO - 	at test.date_dwh_0_1.date_dwh.tRowGenerator_1Process(date_dwh.java:1202)
[2026-04-15T00:00:36.317+0000] {subprocess.py:93} INFO - 	at test.date_dwh_0_1.date_dwh.runJobInTOS(date_dwh.java:2386)
[2026-04-15T00:00:36.317+0000] {subprocess.py:93} INFO - 	at test.date_dwh_0_1.date_dwh.runJob(date_dwh.java:2225)
[2026-04-15T00:00:36.318+0000] {subprocess.py:93} INFO - 	at test.master_dwh_0_1.MASTER_DWH.tRunJob_1Process(MASTER_DWH.java:651)
[2026-04-15T00:00:36.318+0000] {subprocess.py:93} INFO - 	at test.master_dwh_0_1.MASTER_DWH.runJobInTOS(MASTER_DWH.java:5280)
[2026-04-15T00:00:36.319+0000] {subprocess.py:93} INFO - 	at test.master_dwh_0_1.MASTER_DWH.main(MASTER_DWH.java:5111)
[2026-04-15T00:00:36.319+0000] {subprocess.py:93} INFO - Exception in component tRunJob_1 (MASTER_DWH)
[2026-04-15T00:00:36.320+0000] {subprocess.py:93} INFO - java.lang.RuntimeException: Child job running failed.
[2026-04-15T00:00:36.320+0000] {subprocess.py:93} INFO - com.microsoft.sqlserver.jdbc.SQLServerException: The TCP/IP connection to the host localhost, port 1433 has failed. Error: "Connection refused. Verify the connection properties. Make sure that an instance of SQL Server is running on the host and accepting TCP/IP connections at the port. Make sure that TCP connections to the port are not blocked by a firewall.".
[2026-04-15T00:00:36.321+0000] {subprocess.py:93} INFO - 	at test.master_dwh_0_1.MASTER_DWH.tRunJob_1Process(MASTER_DWH.java:664)
[2026-04-15T00:00:36.321+0000] {subprocess.py:93} INFO - 	at test.master_dwh_0_1.MASTER_DWH.runJobInTOS(MASTER_DWH.java:5280)
[2026-04-15T00:00:36.322+0000] {subprocess.py:93} INFO - 	at test.master_dwh_0_1.MASTER_DWH.main(MASTER_DWH.java:5111)
[2026-04-15T00:00:36.341+0000] {subprocess.py:97} INFO - Command exited with return code 1
[2026-04-15T00:00:36.352+0000] {taskinstance.py:2698} ERROR - Task failed with exception
Traceback (most recent call last):
  File "/home/airflow/.local/lib/python3.8/site-packages/airflow/models/taskinstance.py", line 433, in _execute_task
    result = execute_callable(context=context, **execute_callable_kwargs)
  File "/home/airflow/.local/lib/python3.8/site-packages/airflow/operators/bash.py", line 212, in execute
    raise AirflowException(
airflow.exceptions.AirflowException: Bash command failed. The command returned a non-zero exit code 1.
[2026-04-15T00:00:36.358+0000] {taskinstance.py:1138} INFO - Marking task as UP_FOR_RETRY. dag_id=talend_dwh_pipeline, task_id=run_master_dwh, execution_date=20260414T000000, start_date=20260415T000030, end_date=20260415T000036
[2026-04-15T00:00:36.372+0000] {standard_task_runner.py:107} ERROR - Failed to execute job 250 for task run_master_dwh (Bash command failed. The command returned a non-zero exit code 1.; 3470)
[2026-04-15T00:00:36.384+0000] {local_task_job_runner.py:234} INFO - Task exited with return code 1
[2026-04-15T00:00:36.409+0000] {taskinstance.py:3280} INFO - 0 downstream tasks scheduled from follow-on schedule check
