[2026-03-30T08:24:32.165+0000] {taskinstance.py:1956} INFO - Dependencies all met for dep_context=non-requeueable deps ti=<TaskInstance: talend_dwh_pipeline.run_master_dwh scheduled__2026-03-29T00:00:00+00:00 [queued]>
[2026-03-30T08:24:32.179+0000] {taskinstance.py:1956} INFO - Dependencies all met for dep_context=requeueable deps ti=<TaskInstance: talend_dwh_pipeline.run_master_dwh scheduled__2026-03-29T00:00:00+00:00 [queued]>
[2026-03-30T08:24:32.180+0000] {taskinstance.py:2170} INFO - Starting attempt 2 of 2
[2026-03-30T08:24:32.199+0000] {taskinstance.py:2191} INFO - Executing <Task(BashOperator): run_master_dwh> on 2026-03-29 00:00:00+00:00
[2026-03-30T08:24:32.208+0000] {standard_task_runner.py:60} INFO - Started process 209 to run task
[2026-03-30T08:24:32.212+0000] {standard_task_runner.py:87} INFO - Running: ['***', 'tasks', 'run', 'talend_dwh_pipeline', 'run_master_dwh', 'scheduled__2026-03-29T00:00:00+00:00', '--job-id', '160', '--raw', '--subdir', 'DAGS_FOLDER/talend_dwh_pipeline.py', '--cfg-path', '/tmp/tmp86xkrtfl']
[2026-03-30T08:24:32.215+0000] {standard_task_runner.py:88} INFO - Job 160: Subtask run_master_dwh
[2026-03-30T08:24:32.362+0000] {task_command.py:423} INFO - Running <TaskInstance: talend_dwh_pipeline.run_master_dwh scheduled__2026-03-29T00:00:00+00:00 [running]> on host 142b9c7316ab
[2026-03-30T08:24:32.485+0000] {taskinstance.py:2480} INFO - Exporting env vars: AIRFLOW_CTX_DAG_EMAIL='chouchenemariem505@gmail.com' AIRFLOW_CTX_DAG_OWNER='***' AIRFLOW_CTX_DAG_ID='talend_dwh_pipeline' AIRFLOW_CTX_TASK_ID='run_master_dwh' AIRFLOW_CTX_EXECUTION_DATE='2026-03-29T00:00:00+00:00' AIRFLOW_CTX_TRY_NUMBER='2' AIRFLOW_CTX_DAG_RUN_ID='scheduled__2026-03-29T00:00:00+00:00'
[2026-03-30T08:24:32.492+0000] {subprocess.py:63} INFO - Tmp dir root location: /tmp
[2026-03-30T08:24:32.495+0000] {subprocess.py:75} INFO - Running command: ['/usr/bin/bash', '-c', 'bash /opt/***/talend_jobs/MASTER_DWH/MASTER_DWH_run.sh --context_param dbHost=host.docker.internal --context_param dbPort=1433 --context_param dbName=event_DWH --context_param dbUser=bi --context_param dbPassword=bi --context_param dbSchema=dbo ']
[2026-03-30T08:24:32.522+0000] {subprocess.py:86} INFO - Output:
[2026-03-30T08:24:41.676+0000] {subprocess.py:93} INFO - Exception in component tDBOutput_1 (date_dwh)
[2026-03-30T08:24:41.678+0000] {subprocess.py:93} INFO - com.microsoft.sqlserver.jdbc.SQLServerException: The TCP/IP connection to the host localhost, port 1433 has failed. Error: "Connection refused. Verify the connection properties. Make sure that an instance of SQL Server is running on the host and accepting TCP/IP connections at the port. Make sure that TCP connections to the port are not blocked by a firewall.".
[2026-03-30T08:24:41.679+0000] {subprocess.py:93} INFO - 	at com.microsoft.sqlserver.jdbc.SQLServerException.makeFromDriverError(SQLServerException.java:250)
[2026-03-30T08:24:41.681+0000] {subprocess.py:93} INFO - 	at com.microsoft.sqlserver.jdbc.SQLServerException.convertConnectExceptionToSQLServerException(SQLServerException.java:316)
[2026-03-30T08:24:41.683+0000] {subprocess.py:93} INFO - 	at com.microsoft.sqlserver.jdbc.SocketFinder.findSocket(IOBuffer.java:2611)
[2026-03-30T08:24:41.684+0000] {subprocess.py:93} INFO - 	at com.microsoft.sqlserver.jdbc.TDSChannel.open(IOBuffer.java:736)
[2026-03-30T08:24:41.686+0000] {subprocess.py:93} INFO - 	at com.microsoft.sqlserver.jdbc.SQLServerConnection.connectHelper(SQLServerConnection.java:4201)
[2026-03-30T08:24:41.687+0000] {subprocess.py:93} INFO - 	at com.microsoft.sqlserver.jdbc.SQLServerConnection.login(SQLServerConnection.java:3817)
[2026-03-30T08:24:41.689+0000] {subprocess.py:93} INFO - 	at com.microsoft.sqlserver.jdbc.SQLServerConnection.connectInternal(SQLServerConnection.java:3591)
[2026-03-30T08:24:41.690+0000] {subprocess.py:93} INFO - 	at com.microsoft.sqlserver.jdbc.SQLServerConnection.connect(SQLServerConnection.java:2286)
[2026-03-30T08:24:41.692+0000] {subprocess.py:93} INFO - 	at com.microsoft.sqlserver.jdbc.SQLServerDriver.connect(SQLServerDriver.java:1371)
[2026-03-30T08:24:41.693+0000] {subprocess.py:93} INFO - 	at java.sql/java.sql.DriverManager.getConnection(DriverManager.java:681)
[2026-03-30T08:24:41.694+0000] {subprocess.py:93} INFO - 	at java.sql/java.sql.DriverManager.getConnection(DriverManager.java:229)
[2026-03-30T08:24:41.696+0000] {subprocess.py:93} INFO - 	at test.date_dwh_0_1.date_dwh.tRowGenerator_1Process(date_dwh.java:1202)
[2026-03-30T08:24:41.700+0000] {subprocess.py:93} INFO - 	at test.date_dwh_0_1.date_dwh.runJobInTOS(date_dwh.java:2386)
[2026-03-30T08:24:41.702+0000] {subprocess.py:93} INFO - 	at test.date_dwh_0_1.date_dwh.runJob(date_dwh.java:2225)
[2026-03-30T08:24:41.703+0000] {subprocess.py:93} INFO - 	at test.master_dwh_0_1.MASTER_DWH.tRunJob_1Process(MASTER_DWH.java:651)
[2026-03-30T08:24:41.704+0000] {subprocess.py:93} INFO - 	at test.master_dwh_0_1.MASTER_DWH.runJobInTOS(MASTER_DWH.java:5280)
[2026-03-30T08:24:41.706+0000] {subprocess.py:93} INFO - 	at test.master_dwh_0_1.MASTER_DWH.main(MASTER_DWH.java:5111)
[2026-03-30T08:24:41.707+0000] {subprocess.py:93} INFO - Exception in component tRunJob_1 (MASTER_DWH)
[2026-03-30T08:24:41.708+0000] {subprocess.py:93} INFO - java.lang.RuntimeException: Child job running failed.
[2026-03-30T08:24:41.710+0000] {subprocess.py:93} INFO - com.microsoft.sqlserver.jdbc.SQLServerException: The TCP/IP connection to the host localhost, port 1433 has failed. Error: "Connection refused. Verify the connection properties. Make sure that an instance of SQL Server is running on the host and accepting TCP/IP connections at the port. Make sure that TCP connections to the port are not blocked by a firewall.".
[2026-03-30T08:24:41.711+0000] {subprocess.py:93} INFO - 	at test.master_dwh_0_1.MASTER_DWH.tRunJob_1Process(MASTER_DWH.java:664)
[2026-03-30T08:24:41.712+0000] {subprocess.py:93} INFO - 	at test.master_dwh_0_1.MASTER_DWH.runJobInTOS(MASTER_DWH.java:5280)
[2026-03-30T08:24:41.714+0000] {subprocess.py:93} INFO - 	at test.master_dwh_0_1.MASTER_DWH.main(MASTER_DWH.java:5111)
[2026-03-30T08:24:41.748+0000] {subprocess.py:97} INFO - Command exited with return code 1
[2026-03-30T08:24:41.781+0000] {taskinstance.py:2698} ERROR - Task failed with exception
Traceback (most recent call last):
  File "/home/airflow/.local/lib/python3.8/site-packages/airflow/models/taskinstance.py", line 433, in _execute_task
    result = execute_callable(context=context, **execute_callable_kwargs)
  File "/home/airflow/.local/lib/python3.8/site-packages/airflow/operators/bash.py", line 212, in execute
    raise AirflowException(
airflow.exceptions.AirflowException: Bash command failed. The command returned a non-zero exit code 1.
[2026-03-30T08:24:41.791+0000] {taskinstance.py:1138} INFO - Marking task as FAILED. dag_id=talend_dwh_pipeline, task_id=run_master_dwh, execution_date=20260329T000000, start_date=20260330T082432, end_date=20260330T082441
[2026-03-30T08:24:41.833+0000] {warnings.py:109} WARNING - /home/***/.local/lib/python3.8/site-packages/***/utils/email.py:154: RemovedInAirflow3Warning: Fetching SMTP credentials from configuration variables will be deprecated in a future release. Please set credentials using a connection instead.
  send_mime_email(e_from=mail_from, e_to=recipients, mime_msg=msg, conn_id=conn_id, dryrun=dryrun)

[2026-03-30T08:24:41.835+0000] {email.py:270} INFO - Email alerting: attempt 1
[2026-03-30T08:24:42.435+0000] {email.py:281} INFO - Sent an alert email to ['chouchenemariem505@gmail.com']
[2026-03-30T08:24:43.686+0000] {standard_task_runner.py:107} ERROR - Failed to execute job 160 for task run_master_dwh (Bash command failed. The command returned a non-zero exit code 1.; 209)
[2026-03-30T08:24:43.732+0000] {local_task_job_runner.py:234} INFO - Task exited with return code 1
[2026-03-30T08:24:43.773+0000] {taskinstance.py:3280} INFO - 0 downstream tasks scheduled from follow-on schedule check
